
RUNNING VARS → 
        CITY=Almeria, 

        OPERATION=0,
            CREATE_SESSION=0,
            CLOSE_SESSION=0,
            SESSION=None,
            IMAGES=0,
            GET_SCRAPERS=

        SCRAPER=AlmeriaCiudad
        DAG_RUN_URL=/dags/FisgonTaskSelenium/log?remoteNode=local&step=tarea_1&dagRunId=019cf10b-df80-77fa-8e78-84d135716a42

Running for Almeria: AlmeriaCiudad
AlmeriaCiudad
RUNNING SESSION =  2026_03_15_10_27_Domingo
Starting WebDriver...
http://localhost:4444/wd/hub
sleeping 5
Getting content
page = 0 -----------https://almeriaciudad.es/cultura/agenda?page=0--------------- len 12
sleeping 5
Getting content
page = 1 -----------https://almeriaciudad.es/cultura/agenda?page=1--------------- len 12
sleeping 5
Getting content
page = 2 -----------https://almeriaciudad.es/cultura/agenda?page=2--------------- len 12
sleeping 5
Getting content
page = 3 -----------https://almeriaciudad.es/cultura/agenda?page=3--------------- len 1
*** SCRAPED 37 URLS WITH EVENTS **
New url events = 5
0 / 5
Getting https://almeriaciudad.es//cultura/evento/katiuska-memoria-viva-entrevistamos-bibiana-montoya
Sleep 4
--------------------
{'id': 'e40efe05', 'show': 1, 'in_city': 1, 'one_day': 1, 'wrong_date_time': 0, 'event': 'Katiuska - Memoria Viva - Entrevistamos a Bibiana Montoya', 'slug': 'katiuska-memoria-viva-entrevistamos-a-bibiana-montoya', 'category': '__NOT_DEFINIED__', 'id_venue': None, 'venue': 'CALLE GENERAL LUQUE, 70', 'std_venue': None, 'start_date': '2026-03-20', 'start_time': '18:00:00', 'end_date': '2026-03-20', 'end_time': '19:30:00', 'description': '', 'others': {'organizer': 'KATIUSKA', 'price': 'ENTRADA LIBRE HASTA COMPLETAR AFORO', 'category': 'Espacios Museísticos|Exposición', 'audience_age': 'Todas las edades'}, 'source': 'AlmeriaCiudad', 'exec_time': '20260315T103019', 'session': '2026_03_15_10_27_Domingo', 'image': 'https://almeriaciudad.es/uploads/styles/large/public/media/image/20-de-marzo-entrevista-bibiana-montoya.jpg?itok=BtWFHHh-', 'url': 'https://almeriaciudad.es//cultura/evento/katiuska-memoria-viva-entrevistamos-bibiana-montoya'}
1 / 5
Getting https://almeriaciudad.es//cultura/evento/mister-sinmarc-dias-contados
Sleep 4
--------------------
{'id': '2d2b9e58', 'show': 1, 'in_city': 1, 'one_day': 1, 'wrong_date_time': 0, 'event': 'Mister Sinmarc "Días Contados"', 'slug': 'mister-sinmarc-dias-contados', 'category': '__NOT_DEFINIED__', 'id_venue': 'tQfq78jF', 'venue': 'Teatro Apolo', 'std_venue': 'Teatro Apolo', 'start_date': '2026-04-12', 'start_time': '18:00:00', 'end_date': '2026-04-12', 'end_time': '19:30:00', 'description': 'El escenario del Teatro Apolo acoge la presentación de Días contados, el nuevo trabajo de la banda almeriense Mister Sinmarc, una de las propuestas de hard rock más enérgicas y auténticas del panorama local. Con un directo arrollador, visceral y sin concesiones, el grupo convierte cada concierto en una descarga de guitarras afiladas, ritmo contundente y actitud rock de la vieja escuela. Canciones como Vértigo o Querido amigo forman parte de un repertorio cargado de fuerza y personalidad que cobra toda su dimensión sobre el escenario. Un concierto intenso, eléctrico y lleno de carácter que promete hacer vibrar al público y reafirma a Mister Sinmarc como una banda imprescindible para los amantes del rock en directo.', 'others': {'organizer': 'Teatro Apolo', 'price': 'ENTRADA CON INVITACIÓN', 'category': 'Concierto', 'audience_age': '__NOT_FOUND__'}, 'source': 'AlmeriaCiudad', 'exec_time': '20260315T103019', 'session': '2026_03_15_10_27_Domingo', 'image': 'https://almeriaciudad.es/uploads/styles/large/public/media/image/cartel-apolo-patrocinadores.png?itok=RtQ_GtkM', 'url': 'https://almeriaciudad.es//cultura/evento/mister-sinmarc-dias-contados'}
2 / 5
Getting https://almeriaciudad.es//cultura/evento/katiuska-conecta-encuentro-asociaciones-culturales-del-barrio-de-la-chanca-y
Sleep 4
--------------------
{'id': '2d8f096e', 'show': 1, 'in_city': 1, 'one_day': 1, 'wrong_date_time': 0, 'event': 'Katiuska - Conecta - Encuentro Asociaciones Culturales Del Barrio De La Chanca Y Alrededores', 'slug': 'katiuska-conecta-encuentro-asociaciones-culturales-del-barrio-de-la-chanca-y-alr', 'category': '__NOT_DEFINIED__', 'id_venue': None, 'venue': 'CALLE GENERAL LUQUE, 70', 'std_venue': None, 'start_date': '2026-03-26', 'start_time': '18:00:00', 'end_date': '2026-03-26', 'end_time': '19:30:00', 'description': '', 'others': {'organizer': 'KATIUSKA', 'price': 'ENTRADA LIBRE HASTA COMPLETAR AFORO', 'category': 'Espacios Museísticos|Exposición', 'audience_age': 'Todas las edades'}, 'source': 'AlmeriaCiudad', 'exec_time': '20260315T103019', 'session': '2026_03_15_10_27_Domingo', 'image': 'https://almeriaciudad.es/uploads/styles/large/public/media/image/cartel-katiuska-web-26-de-marzo-encuentro-asociaciones-culturales-del-barrio-de-la-chanca-y-alrededores.jpg?itok=YoAVY-Dr', 'url': 'https://almeriaciudad.es//cultura/evento/katiuska-conecta-encuentro-asociaciones-culturales-del-barrio-de-la-chanca-y'}
3 / 5
Getting https://almeriaciudad.es//cultura/evento/katiuska-memoria-viva-entrevistamos-remedios-marin
Sleep 4
--------------------
{'id': '35f9c890', 'show': 1, 'in_city': 1, 'one_day': 1, 'wrong_date_time': 0, 'event': 'Katiuska - Memoria Viva - Entrevistamos a Remedios Marín', 'slug': 'katiuska-memoria-viva-entrevistamos-a-remedios-marin', 'category': '__NOT_DEFINIED__', 'id_venue': None, 'venue': 'CALLE GENERAL LUQUE, 70', 'std_venue': None, 'start_date': '2026-04-10', 'start_time': '18:00:00', 'end_date': '2026-04-10', 'end_time': '19:30:00', 'description': '', 'others': {'organizer': 'KATIUSKA', 'price': 'ENTRADA LIBRE HASTA COMPLETAR AFORO', 'category': 'Espacios Museísticos|Exposición', 'audience_age': 'Todas las edades'}, 'source': 'AlmeriaCiudad', 'exec_time': '20260315T103019', 'session': '2026_03_15_10_27_Domingo', 'image': 'https://almeriaciudad.es/uploads/styles/large/public/media/image/cartel-katiuska-web-10-de-abril-entrevista-remedios-marin.jpg?itok=AVkIg-dB', 'url': 'https://almeriaciudad.es//cultura/evento/katiuska-memoria-viva-entrevistamos-remedios-marin'}
4 / 5
Getting https://almeriaciudad.es//cultura/evento/cuando-las-canciones-dejen-de-hablar-de-nosotros
Sleep 4
--------------------
{'id': 'cff40074', 'show': 1, 'in_city': 1, 'one_day': 1, 'wrong_date_time': 1, 'event': 'Cuando Las Canciones Dejen De Hablar De Nosotros', 'slug': 'cuando-las-canciones-dejen-de-hablar-de-nosotros', 'category': '__NOT_DEFINIED__', 'id_venue': '27qNP7DH', 'venue': 'Auditorio Municipal Maestro Padilla', 'std_venue': 'Auditorio Municipal Maestro Padilla', 'start_date': '__NOT_FOUND__', 'start_time': '__NOT_FOUND__', 'end_date': '__NOT_FOUND__', 'end_time': '__NOT_FOUND__', 'description': '11 y 12 DE ABRIL DE 2026 A LAS 20:30 HORAS. Cuando nos enamoramos, parece que vivimos dentro de un videoclip, como si todas las canciones de amor hablaran de nosotros. Según la neurociencia, el enamoramiento desactiva la parte del cerebro encargada de la toma de decisiones y nos impide ver quién es realmente la otra persona, proyectando en ella todo lo que deseamos encontrar, hasta que un día el enamoramiento acaba y empezamos a vernos tal y como somos. Dicen que lo más difícil en una separación es despedirse de las cosas que sí funcionaban. Otros, en cambio, piensan que lo más complicado es perdonarse el daño que hacemos a la otra persona. Cuando las canciones dejen de nosotros. cuenta la historia de una chica que, en pleno confinamiento, atraviesa a pie una ciudad completamente vacía para encontrarse con un chico. Lleva una bolsa del supermercado para fingir que acaba de comprar por si le detiene la policía. Se abrazan por primera vez después de dos meses sin tocar a nadie y comienzan una relación, movidos por la necesidad de amar y sentirse amados, que les hará pasar por el deseo, la convivencia, el desengaño y finalmente el perdón. Una experiencia inmersiva. La puesta en escena del montaje permite que el espectador disfrute de una experiencia inmersiva. Con el público sentado sobre el mismo escenario y distribuido a cuatro bandas entorno a la casa dibujada en el suelo, se buscará la máxima proximidad con los intérpretes, haciendo por tanto a cada espectador partícipe y cómplice de la trama. ¡Atención: spoiler alert! En un momento de la obra, uno de los personajes preparará una fiesta sorpresa de cumpleaños al otro personaje, pidiendo previamente a los espectadores que se escondan en la casa para cantarle el cumpleaños feliz. El público será a continuación invitado a la fiesta y podrán interactuar con los personajes.', 'others': {'organizer': 'Auditorio Municipal Maestro Padilla', 'price': 'GENERAL: 16 EUROS', 'category': 'Teatro', 'audience_age': 'Todas las edades'}, 'source': 'AlmeriaCiudad', 'exec_time': '20260315T103019', 'session': '2026_03_15_10_27_Domingo', 'image': 'https://almeriaciudad.es/uploads/styles/large/public/media/image/diseno-sin-titulo--29-.png?itok=SBQ265W-', 'url': 'https://almeriaciudad.es//cultura/evento/cuando-las-canciones-dejen-de-hablar-de-nosotros'}
****************************
Saving 5 new events
Saving in  /home/ubuntu/data_storage/Almeria/2026_03_15_10_27_Domingo/0_raw/20260315_1030_AlmeriaCiudad.json
Saving 5 master url
Appending to  /home/ubuntu/data_storage/Almeria/00_master/master_url.json
