Failed - 2026-02-02T15:38:45Z

dag: FisgonMultiTask (1.0s)
│
├─tarea_1 (1.0s) [failed]
│ ├─docker run --rm --network host -v /home/ubuntu/work/fisgon:/app -v
│ │   /home/ubuntu/data_storage:/home/ubuntu/data_storage -w /app -e
│ │   OPERATION=0 -e DOCKER_CONFIG=/tmp/.docker -e HOME=/tmp -e TARGET_CITY
│ │   -e TARGET_SCRAPER -e
│ │   DAG_RUN_URL="${DAGU_BASE_URL}/dags/${DAG_NAME}?dagRunId=${DAG_RUN_ID}"
│ │   fisgon_scraper:1.0
│ │
│ ├─stdout:
│ │   RUNNING VARS →
│ │   CITY=Almeria,
│ │   OPERATION=0,
│ │   CREATE_SESSION=0,
│ │   SESSION=None,
│ │   IMAGES=0,
│ │   SCRAPER=uno,dos,
│ ├─stderr:
│ │   WARNING: Error loading config file: open /root/.docker/config.json:
│ │   permission denied
│ │   Traceback (most recent call last):
│ │   File "/app/run.py", line 109, in <module>
│ │   raise ValueError(
│ │   ValueError: Scraper 'uno,dos' not found. Available: ['AlmeriaCiudad',
│ │   'AlmeriaTurismo', 'JuntaAndaluciaAgenda', 'KuverProducciones',
│ │   'LaVozAgenda', 'SalaBerlin', 'LaGuajira', 'ClassicJazz',
│ │   'ConciertosClub', 'FlowteCineClub', 'FlowteTaquillaCultural',
│ │   'LaPlaza', 'Entradium', 'TodasLasEntradas', 'RedBibliotecas',
│ │   'SalaEmma', 'JacksonLive', 'Giglon']
│ │
│ └─error: failed to execute step "tarea_1": exit status 1
│ 
└─tarea_2 [aborted]

Result: Failed

