
RUNNING VARS → 
        CITY=Almeria, 

        OPERATION=0,
            CREATE_SESSION=0,
            CLOSE_SESSION=0,
            SESSION=None,
            IMAGES=0,
            GET_SCRAPERS=

        SCRAPER=JuntaAndaluciaAgenda
        DAG_RUN_URL=/dags/FisgonTaskSelenium/log?remoteNode=local&step=tarea_1&dagRunId=019c243e-a7cb-7b84-b6ba-fb14374cca4c

Running for Almeria: JuntaAndaluciaAgenda
JuntaAndaluciaAgenda
RUNNING SESSION =  2026_02_03_15_59_Martes
Starting WebDriver...
http://localhost:4444/wd/hub
******
css selector
.view-display-id-page_search_activities > ul:nth-child(3) > li:nth-child(1) > a:nth-child(1)
clicking
sleeping 3
Scrolling...
sleeping 1
sleeping 7
******
css selector
.view-display-id-page_search_activities > ul:nth-child(3) > li:nth-child(1) > a:nth-child(1)
clicking
sleeping 3
Scrolling...
sleeping 1
sleeping 7
******
css selector
.view-display-id-page_search_activities > ul:nth-child(3) > li:nth-child(1) > a:nth-child(1)
clicking
sleeping 3
Scrolling...
sleeping 1
sleeping 7
******
css selector
.view-display-id-page_search_activities > ul:nth-child(3) > li:nth-child(1) > a:nth-child(1)
clicking
sleeping 3
Scrolling...
sleeping 1
sleeping 7
******
css selector
.view-display-id-page_search_activities > ul:nth-child(3) > li:nth-child(1) > a:nth-child(1)
.view-display-id-page_search_activities > ul:nth-child(3) > li:nth-child(1) > a:nth-child(1) Not found
Getting content
*** SCRAPED 64 URLS WITH EVENTS **
New url events = 30
0 / 30
Getting https://www.juntadeandalucia.es/cultura/agendaculturaldeandalucia/evento/correspondencias
Sleep 4
--------------------
{'id': 'c022ea65', 'show': 1, 'in_city': 1, 'one_day': 0, 'wrong_date_time': 1, 'event': 'Correspondencias', 'id_venue': 'DDDLJ7pm', 'venue': 'Centro Andaluz de la Fotografía', 'std_venue': 'Centro Andaluz de la Fotografía', 'start_date': '2025-12-04', 'start_time': '__NOT_FOUND__', 'end_date': '2026-02-08', 'end_time': '__NOT_DEFINIED__', 'description': 'El proyecto expositivo Correspondencias une al Centro Andaluz de la Fotografía y al Museo de Almería en torno a la muestra Roma , de David Jiménez. Una iniciativa que promueve un diálogo innovador entre el patrimonio arqueológico y la creación fotográfica contemporánea con el objetivo de generar nuevas lecturas y vínculos entre las colecciones de ambas instituciones.', 'others': {'location_url': '/cultura/agendaculturaldeandalucia/espacios/centro-andaluz-de-la-fotografia', 'location2': 'Centro Andaluz de la Fotografía', 'duration': '__NOT_FOUND__', 'datetime_details': '04 de Diciembre del 2025 - 08 de Febrero del 2026, Horario general (1 de octubre - 31 de mayo): de martes a domingo, de 10:00 a 14:00 y de 17:30 a 20:30.\xa0Horario especial de verano (1 de junio - 30 de septiembre): de martes a domingo, de 10:00 a 14:00 y de 18:30 a 21:30.', 'town': '__NOT_FOUND__', 'location': 'Calle Pintor Díaz Molina 9, Almería. Almería', 'duration_days': '__NOT_FOUND__'}, 'source': 'JuntaAndaluciaAgenda', 'exec_time': '20260203T160332', 'session': '2026_02_03_15_59_Martes', 'image': '/cultura/agendaculturaldeandalucia/sites/default/files/styles/header_activity_ext_2xl/public/2026-01/IMG_6360.JPG.webp?itok=kEYCUT6m', 'url': 'https://www.juntadeandalucia.es/cultura/agendaculturaldeandalucia/evento/correspondencias'}
1 / 30
Getting https://www.juntadeandalucia.es/cultura/agendaculturaldeandalucia/evento/morricone-rock-experience-en-vera
Sleep 4
--------------------
{'id': 'af814cd8', 'show': 1, 'in_city': 0, 'one_day': 1, 'wrong_date_time': 0, 'event': 'Morricone Rock Experience en Vera', 'id_venue': None, 'venue': 'Auditorio Ciudad de Vera', 'std_venue': None, 'start_date': '2026-03-28', 'start_time': '20:30:00', 'end_date': '2026-03-28', 'end_time': '__NOT_DEFINIED__', 'description': 'De producción española, este espectáculo nacido en Italia rinde tributo al legendario Ennio Morricone, cuya música marcó para siempre la historia del cine. Morricone Rock Experience reúne a músicos y voces que, a través de instrumentos eléctricos y nuevas tecnologías, proponen una experiencia innovadora: un recorrido por el universo cinematográfico del maestro italiano y por algunas de sus bandas sonoras más emblemáticas. El espectáculo se estrena en la provincia de Almería, un enclave clave en la inspiración de Morricone para muchas de las películas que llevaron su inconfundible sello musical.', 'others': {'location_url': '/cultura/agendaculturaldeandalucia/espacios/auditorio-ciudad-de-vera', 'location2': 'Auditorio Ciudad de Vera', 'duration': '__NOT_FOUND__', 'datetime_details': '28 de Marzo del 2026, 20:30 Horas', 'town': '__NOT_FOUND__', 'location': 'Carretera de Cuevas 1, Vera. Almería', 'duration_days': '__NOT_FOUND__'}, 'source': 'JuntaAndaluciaAgenda', 'exec_time': '20260203T160332', 'session': '2026_02_03_15_59_Martes', 'image': '/cultura/agendaculturaldeandalucia/sites/default/files/styles/header_activity_ext_2xl/public/2026-01/morricone_almeria.jpg.webp?itok=BllEpHpm', 'url': 'https://www.juntadeandalucia.es/cultura/agendaculturaldeandalucia/evento/morricone-rock-experience-en-vera'}
2 / 30
Getting https://www.juntadeandalucia.es/cultura/agendaculturaldeandalucia/evento/almeria-lectura-de-poemas-de-raul-quinto
Sleep 4
--------------------
{'id': 'e69d899c', 'show': 1, 'in_city': 1, 'one_day': 1, 'wrong_date_time': 0, 'event': 'Almería. Lectura de poemas de Raúl Quinto', 'id_venue': 'TjmFnJdD', 'venue': 'Biblioteca Pública del Estado-Biblioteca Provincial de Almería Francisco Villaespesa', 'std_venue': 'Biblioteca Pública Francisco Villaespesa', 'start_date': '2026-02-17', 'start_time': '19:00:00', 'end_date': '2026-02-17', 'end_time': '__NOT_DEFINIED__', 'description': 'El Centro Andaluz de las Letras les invita en Almería a una nueva sesión del ciclo Poesía en el Centro , en la que habrá una lectura de poemas del libro de Raúl Quinto , titulado Un idioma siempre al borde de la extinción. Poesía 2002-2026 (Ed. La Bella Varsovia). Un idioma siempre al borde de la extinción recoge toda la producción poética publicada hasta la fecha por Raúl Quinto desde que en 2002 apareciera su primer poemario, Grietas . Esta edición, que abarca más de dos décadas, contiene los seis libros que le siguieron, así como también una antología de poemas dispersos y un librito inédito, escrito durante los días del confinamiento, titulado Cuaderno de la peste de 1348 y que aparece aquí por primera vez. La actividad será el martes 17 de febrero a las 19:00 horas en la Biblioteca Pública Provincial Francisco Villaespesa (c/ Hermanos Machado, s/n). Entrada libre hasta completar aforo.', 'others': {'location_url': '/cultura/agendaculturaldeandalucia/espacios/biblioteca-publica-del-estado-biblioteca-provincial-de-almeria-francisco-villaespesa', 'location2': 'Biblioteca Pública del Estado-Biblioteca Provincial de Almería Francisco Villaespesa', 'duration': '__NOT_FOUND__', 'datetime_details': '17 de Febrero del 2026, 19:00 horas\n', 'town': '__NOT_FOUND__', 'location': 'Calle Hermanos Machado, s/n, Almería. Almería', 'duration_days': '__NOT_FOUND__'}, 'source': 'JuntaAndaluciaAgenda', 'exec_time': '20260203T160332', 'session': '2026_02_03_15_59_Martes', 'image': '/cultura/agendaculturaldeandalucia/sites/default/files/styles/header_activity_ext_2xl/public/external_images/raul_quinto_0.jpg.webp?itok=iInWAyHn', 'url': 'https://www.juntadeandalucia.es/cultura/agendaculturaldeandalucia/evento/almeria-lectura-de-poemas-de-raul-quinto'}
3 / 30
Getting https://www.juntadeandalucia.es/cultura/agendaculturaldeandalucia/evento/campeones-2-en-el-teatro
Sleep 4
--------------------
{'id': '32eb157d', 'show': 1, 'in_city': 1, 'one_day': 1, 'wrong_date_time': 0, 'event': 'Campeones 2 en el teatro', 'id_venue': '27qNP7DH', 'venue': 'Auditorio Municipal Maestro Padilla', 'std_venue': 'Auditorio Municipal Maestro Padilla', 'start_date': '2026-04-25', 'start_time': '20:00:00', 'end_date': '2026-04-25', 'end_time': '__NOT_DEFINIED__', 'description': 'Claudia es una actriz de éxito, pero siente que aún no ha llegado el papel que la consagre definitivamente. La oportunidad aparece cuando un legendario director la elige como protagonista de su última película, escrita especialmente para ella. Hay una condición: el personaje tiene una discapacidad y el director quiere verla antes de tomar la decisión final. Con solo tres semanas para prepararse, Claudia decide retomar la relación con Gloria, su prima con síndrome de Down, a la que abandonó años atrás al marcharse a cumplir su sueño. El reencuentro la lleva a un grupo de teatro inclusivo que ensaya una peculiar versión de La casa de Bernarda Alba, dirigido por Juan, un antiguo talento marcado por la fama y la renuncia. Mientras Claudia se integra en el grupo y finge tener una discapacidad para actuar con ellos, se verá obligada a enfrentarse a sus miedos, a su ambición y a una pregunta esencial: ¿qué es realmente el éxito?', 'others': {'location_url': '/cultura/agendaculturaldeandalucia/espacios/auditorio-municipal-maestro-padilla', 'location2': 'Auditorio Municipal Maestro Padilla', 'duration': '__NOT_FOUND__', 'datetime_details': '25 de Abril del 2026, 20:00 horas', 'town': '__NOT_FOUND__', 'location': 'Plaza de Alfredo Kraus, s/n, Almería. Almería', 'duration_days': '__NOT_FOUND__'}, 'source': 'JuntaAndaluciaAgenda', 'exec_time': '20260203T160332', 'session': '2026_02_03_15_59_Martes', 'image': '/cultura/agendaculturaldeandalucia/sites/default/files/styles/header_activity_ext_2xl/public/2026-01/campeones.jpg.webp?itok=bC_QwoIQ', 'url': 'https://www.juntadeandalucia.es/cultura/agendaculturaldeandalucia/evento/campeones-2-en-el-teatro'}
4 / 30
Getting https://www.juntadeandalucia.es/cultura/agendaculturaldeandalucia/evento/far-west-6
Sleep 4
--------------------
{'id': 'cb5a6882', 'show': 1, 'in_city': 0, 'one_day': 1, 'wrong_date_time': 0, 'event': 'FAR WEST', 'id_venue': None, 'venue': 'Teatro Auditorio Ciudad de Vícar', 'std_venue': None, 'start_date': '2026-04-25', 'start_time': '20:30:00', 'end_date': '2026-04-25', 'end_time': '__NOT_DEFINIED__', 'description': 'COMPAÑÍA: Producciones Yllana. DURACIÓN: 80 min Un pacífico y sencillo granjero recibe, en una polvorienta estación de tren en el lejano oeste, a su prometida. Pero antes de que puedan darse el primer beso, es secuestrada por dos malísimos forajidos en busca y captura. Nuestro improbable héroe intentará por todos los medios a su alcance rescatar a su amor, mientras que ésta, durante su secuestro, encontrará dentro de ella valores que ella misma desconocía, que la transformarán en una auténtica heroína. Bienvenidos a Far West, la primera incursión de Yllana en el género del western. A través de la epopeya de nuestros antihéroes, nos adentraremos en un mundo salvaje y sin ley; visitaremos tribus indias, cantinas de mala muerte, desiertos llenos de peligros, duelos al sol, grandes persecuciones y, como en todo buen western, acción, mucha acción. Yllana homenajea con este nuevo espectáculo el mundo de las películas del oeste, que tanto estimularon nuestra imaginación e hicieron jugar; a sus héroes, sus villanos, sus fronteras y a los hombres que se atrevieron a desafiarlas.', 'others': {'location_url': '/cultura/agendaculturaldeandalucia/espacios/teatro-auditorio-ciudad-de-vicar-0', 'location2': 'Teatro Auditorio Ciudad de Vícar', 'duration': '80', 'datetime_details': '25 de Abril del 2026, 20:30\n', 'town': '__NOT_FOUND__', 'location': 'CalleHoracio, nº s/n, Vícar. Almería', 'duration_days': '__NOT_FOUND__'}, 'source': 'JuntaAndaluciaAgenda', 'exec_time': '20260203T160332', 'session': '2026_02_03_15_59_Martes', 'image': '/cultura/agendaculturaldeandalucia/sites/default/files/styles/header_activity_ext_2xl/public/external_images/FarWestImagen.jpg.webp?itok=0w8ZhKEL', 'url': 'https://www.juntadeandalucia.es/cultura/agendaculturaldeandalucia/evento/far-west-6'}
5 / 30
Getting https://www.juntadeandalucia.es/cultura/agendaculturaldeandalucia/evento/visitas-alcazaba-de-almeria
Sleep 4
--------------------
{'id': '1c51754f', 'show': 1, 'in_city': 0, 'one_day': 1, 'wrong_date_time': 1, 'event': 'Conjunto Monumental de la Alcazaba de Almería', 'id_venue': None, 'venue': '__NOT_FOUND__', 'std_venue': None, 'start_date': '__NOT_FOUND__', 'start_time': '__NOT_FOUND__', 'end_date': '__NOT_FOUND__', 'end_time': '__NOT_DEFINIED__', 'description': 'Del 21 de marzo al 20 de junio: Martes a sábado de 09:00 a 21:00. Del 21 de junio al 20 de septiembre: Martes a sábado de 09:00 a 15:00 y de 20:00 a 22:00. Del 21 de septiembre al 20 de marzo: Martes a sábado de 09:00 a 18:00. TODO EL AÑO: Domingos, festivos y lunes víspera de festivos, de 9:00 a 15:00 horas.', 'others': {'location_url': '__NOT_FOUND__', 'location2': 'Calle Almanzor, s/n 950 801 008 / 600 142 982 alcazabaalmeria.ccul@juntadeandalucia.es Visitar la pagina web', 'duration': '__NOT_FOUND__', 'datetime_details': '__NOT_FOUND__', 'town': '__NOT_FOUND__', 'location': 'Calle Almanzor, s/n, Almería, Almería', 'duration_days': '__NOT_FOUND__'}, 'source': 'JuntaAndaluciaAgenda', 'exec_time': '20260203T160332', 'session': '2026_02_03_15_59_Martes', 'image': '/cultura/agendaculturaldeandalucia/sites/default/files/styles/header_activity_ext_2xl/public/image/2023/11/almeria_-_alcazaba.jpg.webp?itok=gC4euQ7q', 'url': 'https://www.juntadeandalucia.es/cultura/agendaculturaldeandalucia/evento/visitas-alcazaba-de-almeria'}
6 / 30
Getting https://www.juntadeandalucia.es/cultura/agendaculturaldeandalucia/evento/alma-3
Sleep 4
--------------------
{'id': '5c53eb75', 'show': 1, 'in_city': 0, 'one_day': 1, 'wrong_date_time': 0, 'event': 'Alma', 'id_venue': None, 'venue': 'Teatro Municipal de Tabernas', 'std_venue': None, 'start_date': '2026-06-10', 'start_time': '12:00:00', 'end_date': '2026-06-10', 'end_time': '__NOT_DEFINIED__', 'description': 'COMPAÑÍA: Cia LaMonto DURACIÓN: 50min En Alma imaginamos un futuro distópico, donde las personas son utilizadas para realizar experimentos, como si fueran ratones de laboratorio. Nuestros personajes han sido seleccionados y esperan en su jaula, obedientes y entregadas a la causa. Pero ¿hasta dónde serán capaces de resistir, rodeadas y alimentadas por un mundo plástico, sintético? En este espectáculo reivindicamos las gotas de lluvia en el cristal, las huellas sobre la tierra mojada, la bocanada de aire, el olor del mar y el roce de la piel como forma de resistencia.', 'others': {'location_url': '/cultura/agendaculturaldeandalucia/espacios/teatro-municipal-de-tabernas', 'location2': 'Teatro Municipal de Tabernas', 'duration': '50min', 'datetime_details': '10 de Junio del 2026, 12:00', 'town': '__NOT_FOUND__', 'location': ' C. Rodriguez Carmona, 2-22, Tabernas. Almería', 'duration_days': '__NOT_FOUND__'}, 'source': 'JuntaAndaluciaAgenda', 'exec_time': '20260203T160332', 'session': '2026_02_03_15_59_Martes', 'image': '/cultura/agendaculturaldeandalucia/sites/default/files/styles/header_activity_ext_2xl/public/external_images/alma13.jpg.webp?itok=tI6gIRvv', 'url': 'https://www.juntadeandalucia.es/cultura/agendaculturaldeandalucia/evento/alma-3'}
7 / 30
Getting https://www.juntadeandalucia.es/cultura/agendaculturaldeandalucia/evento/tributo-sabina-500-noches
Sleep 4
--------------------
{'id': '63aede0b', 'show': 1, 'in_city': 1, 'one_day': 1, 'wrong_date_time': 1, 'event': "Tributo a Sabina '500 noches'", 'id_venue': '27qNP7DH', 'venue': 'Auditorio Municipal Maestro Padilla', 'std_venue': 'Auditorio Municipal Maestro Padilla', 'start_date': '2026-03-20', 'start_time': '__NOT_FOUND__', 'end_date': '2026-03-20', 'end_time': '__NOT_DEFINIED__', 'description': '500 NOCHES les permite ofrecer un espectáculo de primer nivel a la altura de un homenaje al gran Joaquín Sabina y que les ha valido el reconocimiento de crítica y público.', 'others': {'location_url': '/cultura/agendaculturaldeandalucia/espacios/auditorio-municipal-maestro-padilla', 'location2': 'Auditorio Municipal Maestro Padilla', 'duration': '__NOT_FOUND__', 'datetime_details': '20 de Marzo del 2026, 20:30h', 'town': '__NOT_FOUND__', 'location': 'Plaza de Alfredo Kraus, s/n, Almería. Almería', 'duration_days': '__NOT_FOUND__'}, 'source': 'JuntaAndaluciaAgenda', 'exec_time': '20260203T160332', 'session': '2026_02_03_15_59_Martes', 'image': '/cultura/agendaculturaldeandalucia/sites/default/files/styles/header_activity_ext_2xl/public/2026-01/500-NOCHES-6.jpg.webp?itok=Cm-O2uhK', 'url': 'https://www.juntadeandalucia.es/cultura/agendaculturaldeandalucia/evento/tributo-sabina-500-noches'}
8 / 30
Getting https://www.juntadeandalucia.es/cultura/agendaculturaldeandalucia/evento/ciclo-cinematogramas-pelicula-madrid-ext-de-juan-cavestany
Sleep 4
--------------------
{'id': 'bb59e9e0', 'show': 1, 'in_city': 1, 'one_day': 1, 'wrong_date_time': 0, 'event': 'Ciclo Cinematogramas. Película Madrid, Ext, de Juan Cavestany', 'id_venue': 'DDDLJ7pm', 'venue': 'Centro Andaluz de la Fotografía', 'std_venue': 'Centro Andaluz de la Fotografía', 'start_date': '2026-02-03', 'start_time': '19:00:00', 'end_date': '2026-02-03', 'end_time': '__NOT_DEFINIED__', 'description': 'Desde el mes de febrero y hasta el próximo mes de mayo de 2026, se proyectarán en la sala AFAL del Centro Andaluz de la Fotografía cinco películas que por su naturaleza híbrida de documentales creativos, usan la fotografía -es decir, la filmación de imágenes fijas- como un elemento sustancial de su arquitectura cinematográfica.', 'others': {'location_url': '/cultura/agendaculturaldeandalucia/espacios/centro-andaluz-de-la-fotografia', 'location2': 'Centro Andaluz de la Fotografía', 'duration': '__NOT_FOUND__', 'datetime_details': '03 de Febrero del 2026, 19:00 h.', 'town': '__NOT_FOUND__', 'location': 'Calle Pintor Díaz Molina 9, Almería. Almería', 'duration_days': '__NOT_FOUND__'}, 'source': 'JuntaAndaluciaAgenda', 'exec_time': '20260203T160332', 'session': '2026_02_03_15_59_Martes', 'image': '/cultura/agendaculturaldeandalucia/sites/default/files/styles/header_activity_ext_2xl/public/2026-01/07%20Agenda%20Cultural%20Andaluc%C3%ADa.jpg.webp?itok=kVka4vJP', 'url': 'https://www.juntadeandalucia.es/cultura/agendaculturaldeandalucia/evento/ciclo-cinematogramas-pelicula-madrid-ext-de-juan-cavestany'}
9 / 30
Getting https://www.juntadeandalucia.es/cultura/agendaculturaldeandalucia/evento/viii-recreacion-historica-canteros-y-caciques-en-la-lucha-por-el-marmol-0
Sleep 4
--------------------
{'id': '8e577237', 'show': 1, 'in_city': 0, 'one_day': 0, 'wrong_date_time': 1, 'event': 'VIII Recreación Histórica "Canteros y Caciques en la lucha por el Mármol"', 'id_venue': None, 'venue': 'Recinto de la Recreación Histórico de Macael ', 'std_venue': None, 'start_date': '2026-05-08', 'start_time': '__NOT_FOUND__', 'end_date': '2026-05-10', 'end_time': '__NOT_DEFINIED__', 'description': 'Los días 8, 9 y 10 de Mayo de 2026 , Macael se viste de época, volviendo al periodo comprendido entre 1919 y 1947. En una recreación histórica se pretende de una manera creativa, amena, lúdica y participativa, dar a conocer que significa ser Cantero en Macael', 'others': {'location_url': '/cultura/agendaculturaldeandalucia/espacios/recinto-de-la-recreacion-historico-de-macael', 'location2': 'Recinto de la Recreación Histórico de Macael ', 'duration': '__NOT_FOUND__', 'datetime_details': '08 de Mayo del 2026 - 10 de Mayo del 2026', 'town': '__NOT_FOUND__', 'location': ', Macael. Almería', 'duration_days': '__NOT_FOUND__'}, 'source': 'JuntaAndaluciaAgenda', 'exec_time': '20260203T160332', 'session': '2026_02_03_15_59_Martes', 'image': '/cultura/agendaculturaldeandalucia/sites/default/files/styles/header_activity_ext_2xl/public/2026-01/WhatsApp%20Image%202026-01-08%20at%2011.53.15_0.jpeg.webp?itok=kxaOmTNz', 'url': 'https://www.juntadeandalucia.es/cultura/agendaculturaldeandalucia/evento/viii-recreacion-historica-canteros-y-caciques-en-la-lucha-por-el-marmol-0'}
10 / 30
Getting https://www.juntadeandalucia.es/cultura/agendaculturaldeandalucia/evento/trasladanza-ciclo-de-danza-internacional
Sleep 4
--------------------
{'id': 'd5601812', 'show': 1, 'in_city': 1, 'one_day': 0, 'wrong_date_time': 1, 'event': 'Trasladanza, Ciclo de Danza Internacional', 'id_venue': 'tQfq78jF', 'venue': 'Teatro Apolo', 'std_venue': 'Teatro Apolo', 'start_date': '2026-02-13', 'start_time': '__NOT_FOUND__', 'end_date': '2026-06-12', 'end_time': '__NOT_DEFINIED__', 'description': 'El ciclo Trasladanza regresa a Almería tras el éxito de su primera edición con el objetivo de consolidar la danza como una disciplina esencial dentro de la programación cultural de la ciudad. El proyecto nace como un espacio de creación, exhibición y encuentro, abierto tanto a artistas almerienses como a compañías nacionales e internacionales. 13 de febrero, Laura Fúnez y su espectáculo La Danzaora . 13 de marzo, Jesús Carmona, que presentará Baile de bestias 17 de abril, La Monto, que pondrá en escena Next To My Skin , una pieza de danza contemporánea. 22 de mayo, Marta Bonilla con Pleita 12 de junio, Mariana Collado, junto a Lucio Baglivo y Alfonso Acosta, con Un patético amor desconocido .', 'others': {'location_url': '/cultura/agendaculturaldeandalucia/evento/teatro-apolo-almeria', 'location2': 'Teatro Apolo', 'duration': '__NOT_FOUND__', 'datetime_details': '13 de Febrero del 2026 - 12 de Junio del 2026', 'town': '__NOT_FOUND__', 'location': 'C. Rbla. Obispo Orberá, 25, Almería. Almería', 'duration_days': '__NOT_FOUND__'}, 'source': 'JuntaAndaluciaAgenda', 'exec_time': '20260203T160332', 'session': '2026_02_03_15_59_Martes', 'image': '/cultura/agendaculturaldeandalucia/sites/default/files/styles/header_activity_ext_2xl/public/2026-02/CICLO-TRASLADANZA-2026.jpg.webp?itok=qdA9pTp7', 'url': 'https://www.juntadeandalucia.es/cultura/agendaculturaldeandalucia/evento/trasladanza-ciclo-de-danza-internacional'}
11 / 30
Getting https://www.juntadeandalucia.es/cultura/agendaculturaldeandalucia/evento/visitas-guiadas-la-exposicion-reflejos-picasso-x-barcelo-en-el-museo-de-almeria
Sleep 4
--------------------
{'id': '70f8e280', 'show': 1, 'in_city': 1, 'one_day': 0, 'wrong_date_time': 1, 'event': 'Visitas guiadas a la exposición Reflejos. Picasso x Barceló en el Museo de Almería', 'id_venue': '4J64FLmD', 'venue': 'Museo de Almería', 'std_venue': 'Museo de Almería', 'start_date': '2026-02-06', 'start_time': '__NOT_FOUND__', 'end_date': '2026-03-13', 'end_time': '__NOT_DEFINIED__', 'description': 'Reflejos. Picasso × Barceló Todos los viernes hasta el 13 de marzo de 2026 (excepto el 27 de febrero), hay visitas comentadas para descubrir cada detalle de esta exposición. La actividad es gratuita, pero necesita inscripción previa en la web. 📅 Fechas disponibles (19 h.): ▫️ 6 de febrero ▫️ 13 y 20 de febrero ▫️ 6 y 13 de marzo Para más información: 950 01 62 56 museoalmeria.ccul@juntadeandalucia.es museosdeandalucia.es/cultura/museos/MAL', 'others': {'location_url': '/cultura/agendaculturaldeandalucia/evento/museo-de-almeria', 'location2': 'Consulta el canal de Facebook oficial del Museo Consulta el canal de Twitter oficial del Museo Consulta el canal de Instagram oficial del Museo Museo de Almería', 'duration': '__NOT_FOUND__', 'datetime_details': '06 de Febrero del 2026 - 13 de Marzo del 2026, Horario: 19:00 horas', 'town': '__NOT_FOUND__', 'location': 'Carretera de Ronda, 91, Almería. Almería', 'duration_days': '__NOT_FOUND__'}, 'source': 'JuntaAndaluciaAgenda', 'exec_time': '20260203T160332', 'session': '2026_02_03_15_59_Martes', 'image': '/cultura/agendaculturaldeandalucia/sites/default/files/styles/header_activity_ext_2xl/public/2026-01/expo%20picasso%20barcelo.jpg.webp?itok=TkA2kfJI', 'url': 'https://www.juntadeandalucia.es/cultura/agendaculturaldeandalucia/evento/visitas-guiadas-la-exposicion-reflejos-picasso-x-barcelo-en-el-museo-de-almeria'}
12 / 30
Getting https://www.juntadeandalucia.es/cultura/agendaculturaldeandalucia/evento/we-love-queen-0
Sleep 4
--------------------
{'id': 'ff3fc04d', 'show': 1, 'in_city': 0, 'one_day': 1, 'wrong_date_time': 0, 'event': 'We Love Queen', 'id_venue': None, 'venue': 'Teatro Villa de Huércal-Overa', 'std_venue': None, 'start_date': '2026-03-14', 'start_time': '20:00:00', 'end_date': '2026-03-14', 'end_time': '__NOT_DEFINIED__', 'description': 'We Love Queen es un homenaje a la música de Queen teatralizándola y llevándola a escena, pero sin perder ni un ápice de la esencia de las canciones, ya que casi todas ellas han pasado a formar parte del imaginario colectivo con una entidad propia tan potente que sería un sacrilegio tocarlas. Un espectáculo diferente y personal, una nueva manera de escuchar, sentir y disfrutar las canciones de una de las bandas de rock más espectaculares del siglo XX.', 'others': {'location_url': '/cultura/agendaculturaldeandalucia/espacios/teatro-villa-de-huercal-overa', 'location2': 'Teatro Villa de Huércal-Overa', 'duration': '__NOT_FOUND__', 'datetime_details': '14 de Marzo del 2026, 20:00 horas', 'town': '__NOT_FOUND__', 'location': 'Avda. Guillermo Reyna, 9, Huércal-Overa. Almería', 'duration_days': '__NOT_FOUND__'}, 'source': 'JuntaAndaluciaAgenda', 'exec_time': '20260203T160332', 'session': '2026_02_03_15_59_Martes', 'image': '/cultura/agendaculturaldeandalucia/sites/default/files/styles/header_activity_ext_2xl/public/2026-01/we_love_queen.jpeg.webp?itok=cKfhEH_P', 'url': 'https://www.juntadeandalucia.es/cultura/agendaculturaldeandalucia/evento/we-love-queen-0'}
13 / 30
Getting https://www.juntadeandalucia.es/cultura/agendaculturaldeandalucia/evento/flaming-shakers-beatles-tribute-en-vera
Sleep 4
--------------------
{'id': 'a3e947a4', 'show': 1, 'in_city': 0, 'one_day': 1, 'wrong_date_time': 0, 'event': 'The Flaming Shakers, The Beatles tribute en Vera', 'id_venue': None, 'venue': 'Auditorio Ciudad de Vera', 'std_venue': None, 'start_date': '2026-05-02', 'start_time': '00:00:00', 'end_date': '2026-05-02', 'end_time': '__NOT_DEFINIED__', 'description': 'El gran concierto tributo a The Beatles "The Flaming Shakers" tendrá lugar en el Auditorio de Vera, a las 20.00hs, el sábado 2 de mayo de 2026.', 'others': {'location_url': '/cultura/agendaculturaldeandalucia/espacios/auditorio-ciudad-de-vera', 'location2': 'Auditorio Ciudad de Vera', 'duration': '__NOT_FOUND__', 'datetime_details': '02 de Mayo del 2026, 20.00 hs.', 'town': '__NOT_FOUND__', 'location': 'Carretera de Cuevas 1, Vera. Almería', 'duration_days': '__NOT_FOUND__'}, 'source': 'JuntaAndaluciaAgenda', 'exec_time': '20260203T160332', 'session': '2026_02_03_15_59_Martes', 'image': '/cultura/agendaculturaldeandalucia/sites/default/files/styles/header_activity_ext_2xl/public/2026-01/reibuto_beatles.jpg.webp?itok=ZH4nm7gS', 'url': 'https://www.juntadeandalucia.es/cultura/agendaculturaldeandalucia/evento/flaming-shakers-beatles-tribute-en-vera'}
14 / 30
Getting https://www.juntadeandalucia.es/cultura/agendaculturaldeandalucia/evento/concierto-de-laura-gallego-en-almeria
Sleep 4
--------------------
{'id': '32624c4d', 'show': 1, 'in_city': 1, 'one_day': 1, 'wrong_date_time': 0, 'event': 'Concierto de Laura Gallego en Almería', 'id_venue': '27qNP7DH', 'venue': 'Auditorio Municipal Maestro Padilla', 'std_venue': 'Auditorio Municipal Maestro Padilla', 'start_date': '2026-04-18', 'start_time': '21:00:00', 'end_date': '2026-04-18', 'end_time': '__NOT_DEFINIED__', 'description': '“La Última Folclórica” es un viaje por la historia de la copla y su evolución, desde sus raíces más puras hasta su adaptación a los nuevos tiempos. Con este montaje, Laura Gallego rinde homenaje al legado de las grandes figuras del género como Rocío Jurado, Marifé de Triana o Concha Piquer, pero también abre un camino para las nuevas generaciones, animando a que alguien recoja el testigo y continúe la tradición. “La Última Folclórica” es, ante todo, una reivindicación: de un arte, de una forma de sentir y de una identidad artística absolutamente propia.', 'others': {'location_url': '/cultura/agendaculturaldeandalucia/espacios/auditorio-municipal-maestro-padilla', 'location2': 'Auditorio Municipal Maestro Padilla', 'duration': '__NOT_FOUND__', 'datetime_details': '18 de Abril del 2026, 21:00 horas', 'town': '__NOT_FOUND__', 'location': 'Plaza de Alfredo Kraus, s/n, Almería. Almería', 'duration_days': '__NOT_FOUND__'}, 'source': 'JuntaAndaluciaAgenda', 'exec_time': '20260203T160332', 'session': '2026_02_03_15_59_Martes', 'image': '/cultura/agendaculturaldeandalucia/sites/default/files/styles/header_activity_ext_2xl/public/2026-01/laura%20gallego%20almeria.png.webp?itok=C7ok5S3y', 'url': 'https://www.juntadeandalucia.es/cultura/agendaculturaldeandalucia/evento/concierto-de-laura-gallego-en-almeria'}
15 / 30
Getting https://www.juntadeandalucia.es/cultura/agendaculturaldeandalucia/evento/exposicion-senderos-intimos-de-fran-jimenez-ali-qasim
Sleep 4
--------------------
{'id': '4ffad6f5', 'show': 1, 'in_city': 1, 'one_day': 0, 'wrong_date_time': 1, 'event': 'Exposición "Senderos íntimos", de Fran Jiménez (Âli Qasim)', 'id_venue': 'TjmFnJdD', 'venue': 'Biblioteca Pública del Estado-Biblioteca Provincial de Almería Francisco Villaespesa', 'std_venue': 'Biblioteca Pública Francisco Villaespesa', 'start_date': '2026-01-22', 'start_time': '__NOT_FOUND__', 'end_date': '2026-02-20', 'end_time': '__NOT_DEFINIED__', 'description': 'Exposición "Senderos íntimos", de Fran Jiménez (Âli Qasim). Esta exposición pretende ofrecer una particular concepción de una corriente mística conocida como sufismo y su cosmovisión. Traer al ahora, por medio conceptos y lenguajes que la modernidad brinda en cuanto al arte pictórico en este caso, y en forma de escenarios paisajísticos, figuras o elucubraciones alegóricas. Una sugerencia interpretativa de los espacios sutiles del Ser y ofrecidos por esta senda espiritual. Es querer actuar como conducto-artífice, cuyo fin sea llevar al observante a enclaves interiores; incluso hacia hierofanías con las que el propio artista se encuentra... Del 22 de enero al 20 de febrero De lunes a viernes de 9:00 a 21:00 h. y sábados de 9:00 a 14:00 h. Sala de exposiciones Entrada libre.', 'others': {'location_url': '/cultura/agendaculturaldeandalucia/espacios/biblioteca-publica-del-estado-biblioteca-provincial-de-almeria-francisco-villaespesa', 'location2': 'Biblioteca Pública del Estado-Biblioteca Provincial de Almería Francisco Villaespesa', 'duration': '__NOT_FOUND__', 'datetime_details': '22 de Enero del 2026 - 20 de Febrero del 2026, De lunes a viernes de 9:00 a 21:00 h. y sábados de 9:00 a 14:00 h.', 'town': '__NOT_FOUND__', 'location': 'Calle Hermanos Machado, s/n, Almería. Almería', 'duration_days': '__NOT_FOUND__'}, 'source': 'JuntaAndaluciaAgenda', 'exec_time': '20260203T160332', 'session': '2026_02_03_15_59_Martes', 'image': '/cultura/agendaculturaldeandalucia/sites/default/files/styles/header_activity_ext_2xl/public/2026-01/CARTEL_5.png.webp?itok=yw-dR5Id', 'url': 'https://www.juntadeandalucia.es/cultura/agendaculturaldeandalucia/evento/exposicion-senderos-intimos-de-fran-jimenez-ali-qasim'}
16 / 30
Getting https://www.juntadeandalucia.es/cultura/agendaculturaldeandalucia/evento/cooltural-fest-0
Sleep 4
--------------------
{'id': '8edaf45b', 'show': 1, 'in_city': 1, 'one_day': 0, 'wrong_date_time': 1, 'event': 'Cooltural Fest', 'id_venue': 'Dmb6Gmtr', 'venue': 'Recinto ferial de Almería', 'std_venue': 'Recinto Ferial de Almería', 'start_date': '2026-08-20', 'start_time': '__NOT_FOUND__', 'end_date': '2026-08-23', 'end_time': '__NOT_DEFINIED__', 'description': 'Cooltural Fest es un festival de música que se celebra en la ciudad de Almería durante los días 21, 22, 23 y 24 de agosto de 2026 en el que participan 60 artistas: La Pegatina, Sidecars, Rigoberta Bandini, La Plazuela, Ana Torroja, Hombres G, Rusowsky, Gara Durán, La Milagrosa, La M.O.D.A. (La Maravillosa Orquesta del Alcohol), Rata, Samuraï, Sexy Zebras y Ultraligera. También puedes disfrutar de conciertos gratuitos: Jueves, 20 de agosto, en el Parque de las Almadrabillas. Sábado 22 y domingo 23 de agosto, en la puerta del Auditorio Maestro Padilla desde las 12:00 de la mañana.', 'others': {'location_url': '__NOT_FOUND__', 'location2': 'Recinto ferial de Almería Almería. Parque de las Almadrabillas Auditorio Municipal Maestro Padilla', 'duration': '__NOT_FOUND__', 'datetime_details': '20 de Agosto del 2026 - 23 de Agosto del 2026', 'town': '__NOT_FOUND__', 'location': 'Múltiples espacios', 'duration_days': '__NOT_FOUND__'}, 'source': 'JuntaAndaluciaAgenda', 'exec_time': '20260203T160332', 'session': '2026_02_03_15_59_Martes', 'image': '/cultura/agendaculturaldeandalucia/sites/default/files/styles/header_activity_ext_2xl/public/2026-02/623805898_18337411885211508_5828526369947788313_n.jpg.webp?itok=kPJbxV8j', 'url': 'https://www.juntadeandalucia.es/cultura/agendaculturaldeandalucia/evento/cooltural-fest-0'}
17 / 30
Getting https://www.juntadeandalucia.es/cultura/agendaculturaldeandalucia/evento/lorca-y-falla-concierto-recital-con-mar-bernal-al-piano-y-ascension-rodriguez-en-la
Sleep 4
--------------------
{'id': '7cd34a69', 'show': 1, 'in_city': 1, 'one_day': 1, 'wrong_date_time': 0, 'event': '"Lorca y Falla, concierto recital" con Mar Bernal al piano y Ascensión Rodríguez en la interpretación.', 'id_venue': 'TjmFnJdD', 'venue': 'Biblioteca Pública del Estado-Biblioteca Provincial de Almería Francisco Villaespesa', 'std_venue': 'Biblioteca Pública Francisco Villaespesa', 'start_date': '2026-02-04', 'start_time': '19:00:00', 'end_date': '2026-02-04', 'end_time': '__NOT_DEFINIED__', 'description': '"Lorca y Falla, concierto recital" con Mar Bernal al piano y Ascensión Rodríguez en la interpretación. Música en directo del compositor Falla y poemas de Lorca a partir de la conferencia "Como canta una ciudad de noviembre a noviembre" con canciones populares y poemas de "El cante jondo", "Romancero gitano", "el diván del Tamarit" y "Poeta en Nueva York". Piano: Mar Bernal. Interpretación: Ascensión Rodríguez. Miércoles 4 de febrero 19:00h. Salón de actos. Entrada libre.', 'others': {'location_url': '/cultura/agendaculturaldeandalucia/espacios/biblioteca-publica-del-estado-biblioteca-provincial-de-almeria-francisco-villaespesa', 'location2': 'Biblioteca Pública del Estado-Biblioteca Provincial de Almería Francisco Villaespesa', 'duration': '__NOT_FOUND__', 'datetime_details': '04 de Febrero del 2026, 19:00 h.', 'town': '__NOT_FOUND__', 'location': 'Calle Hermanos Machado, s/n, Almería. Almería', 'duration_days': '__NOT_FOUND__'}, 'source': 'JuntaAndaluciaAgenda', 'exec_time': '20260203T160332', 'session': '2026_02_03_15_59_Martes', 'image': '/cultura/agendaculturaldeandalucia/sites/default/files/styles/header_activity_ext_2xl/public/2026-01/CARTEL_7.png.webp?itok=-pSBddfA', 'url': 'https://www.juntadeandalucia.es/cultura/agendaculturaldeandalucia/evento/lorca-y-falla-concierto-recital-con-mar-bernal-al-piano-y-ascension-rodriguez-en-la'}
18 / 30
Getting https://www.juntadeandalucia.es/cultura/agendaculturaldeandalucia/evento/las-guerreras-k-pop-en-huercal-overa
Sleep 4
--------------------
{'id': '742e0ee4', 'show': 1, 'in_city': 0, 'one_day': 1, 'wrong_date_time': 1, 'event': 'Las guerreras K-pop en Huércal-Overa', 'id_venue': None, 'venue': 'Teatro Villa de Huércal-Overa', 'std_venue': None, 'start_date': '2026-04-25', 'start_time': '__NOT_FOUND__', 'end_date': '2026-04-25', 'end_time': '__NOT_DEFINIED__', 'description': 'LAS GUERRERAS K-POP EN CONCIERTO - HUÉRCAL-OVERA', 'others': {'location_url': '/cultura/agendaculturaldeandalucia/espacios/teatro-villa-de-huercal-overa', 'location2': 'Teatro Villa de Huércal-Overa', 'duration': '__NOT_FOUND__', 'datetime_details': '25 de Abril del 2026, A las 17:00 horas', 'town': '__NOT_FOUND__', 'location': 'Avda. Guillermo Reyna, 9, Huércal-Overa. Almería', 'duration_days': '__NOT_FOUND__'}, 'source': 'JuntaAndaluciaAgenda', 'exec_time': '20260203T160332', 'session': '2026_02_03_15_59_Martes', 'image': '/cultura/agendaculturaldeandalucia/sites/default/files/styles/header_activity_ext_2xl/public/2026-01/3-83132x1-dk2qj.jpg.webp?itok=4V2bPGBv', 'url': 'https://www.juntadeandalucia.es/cultura/agendaculturaldeandalucia/evento/las-guerreras-k-pop-en-huercal-overa'}
19 / 30
Getting https://www.juntadeandalucia.es/cultura/agendaculturaldeandalucia/evento/un-dios-salvaje-de-yasmina-reza-0
Sleep 4
--------------------
{'id': '4c0b6845', 'show': 1, 'in_city': 1, 'one_day': 1, 'wrong_date_time': 1, 'event': '"Un dios salvaje", de Yasmina Reza', 'id_venue': 'TjmFnJdD', 'venue': 'Biblioteca Pública del Estado-Biblioteca Provincial de Almería Francisco Villaespesa', 'std_venue': 'Biblioteca Pública Francisco Villaespesa', 'start_date': '2026-02-25', 'start_time': '__NOT_FOUND__', 'end_date': '2026-02-25', 'end_time': '__NOT_DEFINIED__', 'description': '#clublecturatextosdramaticos en colaboración con la Biblioteca Pública Provincial Francisco Villaespesa . Coordinado por la reconocida profesional Gloria Zapata . Este mes se analiza Un dios salvaje , de Yasmina Reza , pieza que llevó a la gran pantalla el famoso director Roman Polanski con gran maestría. La obra nos narra en tiempo real el encuentro de dos matrimonios para dialogar sobre el daño que ha infringido el hijo de un matrimonio al otro con un bate de béisbol. Ese es el principio de un argumento que descubre, con gran talento, la barbarie que existe bajo la máscara de la civilización. La trama está focalizada en los dos matrimonios y en su encuentro para solucionar un conflicto infantil. Coordinado por Guy Bourbon y Sven Heed. Actividad #leeteatro en el marco de la programación cultural mensual del CIRAE #elcentroAescena.', 'others': {'location_url': '/cultura/agendaculturaldeandalucia/espacios/biblioteca-publica-del-estado-biblioteca-provincial-de-almeria-francisco-villaespesa', 'location2': 'Biblioteca Pública del Estado-Biblioteca Provincial de Almería Francisco Villaespesa', 'duration': '__NOT_FOUND__', 'datetime_details': '25 de Febrero del 2026, De 18:00 a 19:30h\n', 'town': '__NOT_FOUND__', 'location': 'Calle Hermanos Machado, s/n, Almería. Almería', 'duration_days': '__NOT_FOUND__'}, 'source': 'JuntaAndaluciaAgenda', 'exec_time': '20260203T160332', 'session': '2026_02_03_15_59_Martes', 'image': '/cultura/agendaculturaldeandalucia/sites/default/files/styles/header_activity_ext_2xl/public/external_images/CL%2520Almer%25C3%25ADa.jpg.webp?itok=wGU0SUYK', 'url': 'https://www.juntadeandalucia.es/cultura/agendaculturaldeandalucia/evento/un-dios-salvaje-de-yasmina-reza-0'}
20 / 30
Getting https://www.juntadeandalucia.es/cultura/agendaculturaldeandalucia/evento/concierto-del-cuarteto-de-cuerda-ulysses
Sleep 4
--------------------
{'id': 'c986c092', 'show': 1, 'in_city': 0, 'one_day': 1, 'wrong_date_time': 0, 'event': 'Concierto del cuarteto de cuerda Ulysses', 'id_venue': None, 'venue': 'Auditorio Ciudad de Vera', 'std_venue': None, 'start_date': '2026-03-01', 'start_time': '19:00:00', 'end_date': '2026-03-01', 'end_time': '__NOT_DEFINIED__', 'description': 'El domingo 1 de marzo de 2026, a las 7 de la tarde en el Auditorio Ciudad de Vera, tendra lugar el concierto del Cuarteto de Cuerda Ulysses, dentro del Ciclo de Música Internacional de Cámara de Vera. Interpretarán temas de Beethoven, Dadvison y Ravel.', 'others': {'location_url': '/cultura/agendaculturaldeandalucia/espacios/auditorio-ciudad-de-vera', 'location2': 'Auditorio Ciudad de Vera', 'duration': '__NOT_FOUND__', 'datetime_details': '01 de Marzo del 2026, 19:00 horas', 'town': '__NOT_FOUND__', 'location': 'Carretera de Cuevas 1, Vera. Almería', 'duration_days': '__NOT_FOUND__'}, 'source': 'JuntaAndaluciaAgenda', 'exec_time': '20260203T160332', 'session': '2026_02_03_15_59_Martes', 'image': '/cultura/agendaculturaldeandalucia/sites/default/files/styles/header_activity_ext_2xl/public/2026-01/cuarteto_ulises.jpg.webp?itok=HAkcXWPF', 'url': 'https://www.juntadeandalucia.es/cultura/agendaculturaldeandalucia/evento/concierto-del-cuarteto-de-cuerda-ulysses'}
21 / 30
Getting https://www.juntadeandalucia.es/cultura/agendaculturaldeandalucia/evento/madre-mia-en-vera-0
Sleep 4
--------------------
{'id': '0b3cbd10', 'show': 1, 'in_city': 0, 'one_day': 1, 'wrong_date_time': 0, 'event': '¡Madre Mía! en Vera', 'id_venue': None, 'venue': 'Auditorio Ciudad de Vera', 'std_venue': None, 'start_date': '2026-02-07', 'start_time': '21:00:00', 'end_date': '2026-02-07', 'end_time': '__NOT_DEFINIED__', 'description': 'Recomendado +12 años', 'others': {'location_url': '/cultura/agendaculturaldeandalucia/espacios/auditorio-ciudad-de-vera', 'location2': '      Auditorio Ciudad de Vera', 'duration': '__NOT_FOUND__', 'datetime_details': '07 de Febrero del 2026, 21:00 horas', 'town': '__NOT_FOUND__', 'location': 'Carretera de Cuevas 1, Vera. Almería', 'duration_days': '__NOT_FOUND__'}, 'source': 'JuntaAndaluciaAgenda', 'exec_time': '20260203T160332', 'session': '2026_02_03_15_59_Martes', 'image': '/cultura/agendaculturaldeandalucia/sites/default/files/styles/header_activity_ext_2xl/public/2024-10/madre_mia_0.jpg.webp?itok=Ci1OM8PG', 'url': 'https://www.juntadeandalucia.es/cultura/agendaculturaldeandalucia/evento/madre-mia-en-vera-0'}
22 / 30
Getting https://www.juntadeandalucia.es/cultura/agendaculturaldeandalucia/evento/morricone-rock-experience
Sleep 4
--------------------
{'id': 'c1f27aef', 'show': 1, 'in_city': 1, 'one_day': 1, 'wrong_date_time': 0, 'event': 'Morricone Rock Experience', 'id_venue': '27qNP7DH', 'venue': 'Auditorio Municipal Maestro Padilla', 'std_venue': 'Auditorio Municipal Maestro Padilla', 'start_date': '2026-03-27', 'start_time': '20:30:00', 'end_date': '2026-03-27', 'end_time': '__NOT_DEFINIED__', 'description': 'De producción española, este espectáculo nacido en Italia rinde tributo al legendario Ennio Morricone, cuya música marcó para siempre la historia del cine. Morricone Rock Experience reúne a músicos y voces que, a través de instrumentos eléctricos y nuevas tecnologías, proponen una experiencia innovadora: un recorrido por el universo cinematográfico del maestro italiano y por algunas de sus bandas sonoras más emblemáticas. El espectáculo se estrena en la provincia de Almería, un enclave clave en la inspiración de Morricone para muchas de las películas que llevaron su inconfundible sello musical.', 'others': {'location_url': '/cultura/agendaculturaldeandalucia/espacios/auditorio-municipal-maestro-padilla', 'location2': 'Auditorio Municipal Maestro Padilla', 'duration': '__NOT_FOUND__', 'datetime_details': '27 de Marzo del 2026, 20:30 Horas', 'town': '__NOT_FOUND__', 'location': 'Plaza de Alfredo Kraus, s/n, Almería. Almería', 'duration_days': '__NOT_FOUND__'}, 'source': 'JuntaAndaluciaAgenda', 'exec_time': '20260203T160332', 'session': '2026_02_03_15_59_Martes', 'image': '/cultura/agendaculturaldeandalucia/sites/default/files/styles/header_activity_ext_2xl/public/2026-01/morricone_almeria.jpg.webp?itok=BllEpHpm', 'url': 'https://www.juntadeandalucia.es/cultura/agendaculturaldeandalucia/evento/morricone-rock-experience'}
23 / 30
Getting https://www.juntadeandalucia.es/cultura/agendaculturaldeandalucia/evento/solazo-fest-2026
Sleep 4
--------------------
{'id': 'b1f093fb', 'show': 1, 'in_city': 1, 'one_day': 0, 'wrong_date_time': 1, 'event': 'Solazo Fest 2026', 'id_venue': 'Dmb6Gmtr', 'venue': 'Recinto ferial de Almería', 'std_venue': 'Recinto Ferial de Almería', 'start_date': '2026-05-01', 'start_time': '__NOT_FOUND__', 'end_date': '2026-05-03', 'end_time': '__NOT_DEFINIED__', 'description': 'Solazo Fest 2026 – El festival de la primavera en Almería Solazo Fest vuelve los días 1, 2 y 3 de mayo de 2026 para convertir Almería en el epicentro de la música y la diversión durante el puente de mayo.', 'others': {'location_url': '/cultura/agendaculturaldeandalucia/espacios/recinto-ferial-de-almeria-0', 'location2': 'Recinto ferial de Almería', 'duration': '__NOT_FOUND__', 'datetime_details': '01 de Mayo del 2026 - 03 de Mayo del 2026, 12:00 h.', 'town': '__NOT_FOUND__', 'location': 'Avenida de los Juegos Mediterráneos, s/n, Almería. Almería', 'duration_days': '__NOT_FOUND__'}, 'source': 'JuntaAndaluciaAgenda', 'exec_time': '20260203T160332', 'session': '2026_02_03_15_59_Martes', 'image': '/cultura/agendaculturaldeandalucia/sites/default/files/styles/header_activity_ext_2xl/public/2026-01/solazo_2026.jpg.webp?itok=2YAqZZqN', 'url': 'https://www.juntadeandalucia.es/cultura/agendaculturaldeandalucia/evento/solazo-fest-2026'}
24 / 30
Getting https://www.juntadeandalucia.es/cultura/agendaculturaldeandalucia/evento/sumate-la-comunidad-caf
Sleep 4
--------------------
{'id': '6b8279ac', 'show': 1, 'in_city': 1, 'one_day': 0, 'wrong_date_time': 1, 'event': '¡Súmate a la Comunidad CAF!', 'id_venue': 'DDDLJ7pm', 'venue': 'Centro Andaluz de la Fotografía', 'std_venue': 'Centro Andaluz de la Fotografía', 'start_date': '2026-01-22', 'start_time': '__NOT_FOUND__', 'end_date': '2026-02-22', 'end_time': '__NOT_DEFINIED__', 'description': 'Participa, descubre las novedades y organiza tu agenda cultural. Cada semana recibirás un correo con el calendario de la programación, alertas para que no te pierdas las inauguraciones, los plazos de preinscripción a talleres y certámenes, así como recomendaciones, entre otros contenidos.', 'others': {'location_url': '/cultura/agendaculturaldeandalucia/espacios/centro-andaluz-de-la-fotografia', 'location2': 'Centro Andaluz de la Fotografía', 'duration': '__NOT_FOUND__', 'datetime_details': '22 de Enero del 2026 - 22 de Febrero del 2026', 'town': '__NOT_FOUND__', 'location': 'Calle Pintor Díaz Molina 9, Almería. Almería', 'duration_days': '__NOT_FOUND__'}, 'source': 'JuntaAndaluciaAgenda', 'exec_time': '20260203T160332', 'session': '2026_02_03_15_59_Martes', 'image': '/cultura/agendaculturaldeandalucia/sites/default/files/styles/header_activity_ext_2xl/public/2026-01/PROMOFORMULARIOONLINE.jpg.webp?itok=nwL5tiqC', 'url': 'https://www.juntadeandalucia.es/cultura/agendaculturaldeandalucia/evento/sumate-la-comunidad-caf'}
25 / 30
Getting https://www.juntadeandalucia.es/cultura/agendaculturaldeandalucia/evento/filmoteca-de-andalucia-programacion-febrero-en-almeria-0
Sleep 4
--------------------
{'id': '0368504e', 'show': 1, 'in_city': 1, 'one_day': 0, 'wrong_date_time': 1, 'event': 'Filmoteca de Andalucía. Programación febrero en Almería', 'id_venue': 'TjmFnJdD', 'venue': 'Biblioteca Pública del Estado-Biblioteca Provincial de Almería Francisco Villaespesa', 'std_venue': 'Biblioteca Pública Francisco Villaespesa', 'start_date': '2026-02-01', 'start_time': '__NOT_FOUND__', 'end_date': '2026-02-28', 'end_time': '__NOT_DEFINIED__', 'description': 'V Premios Carmen. Nominados. Granada acoge la entrega de los V Premios Carmen del Cine Andaluz, organizados por la Academia de Cine de Andalucía. La presencia de los Premios Carmen se extiende en la Filmoteca de Andalucía con la proyección de los largometrajes, documentales y cortometrajes nominados. Durante sus casi 70 años de trayectoria, Clint Eastwood , el "último gran clásico del cine norteamericano", ha obtenido un palmarés muy imponente y difícil de tan siquiera igualar: cuatro Oscar de Hollywood, dos como director y otros dos como productor, siete nominaciones más a los premios de la Academia, cinco Globos de Oro y numerosos galardones tanto dentro como fuera de Estados Unidos. La Filmoteca de Andalucía homenajea su trayectoria con sus títulos fundamentales. Una mirada 50 años después al cine español de 1976, el año en que estrenábamos libertades públicas y en el que el cine era fiel reflejo de ese aprendizaje en libertad. Directores y directoras que mostraban una España al fin en democracia. Paisajes andaluces de cine . A partir de la exposición Misión Andalucía, organizada por el Centro Andaluz de la Fotografía, la Filmoteca propone en la sala de Almería un cuatro películas donde el paisaje andaluz tiene una relevancia sustancial en sus respectivas narrativas fílmicas. 2 LUNES 19:00 h. V Premios Carmen LOS TIGRES Alberto Rodríguez. España. 2025. 109 min. Color. v.o.e. Colabora Academia de Cine de Andalucía 9 LUNES 19:00 h. Clint Eastwood IMPACTO SÚBITO Clint Eastwood. EEUU. 1983. 117 min. Color. v.o.s.e. 16 LUNES 19:00 h. 50 años CRÍA CUERVOS Carlos Saura . España. 1976. 110 min. Color. v.o.e. 23 LUNES 19:00 h. Paisajes andaluces de cine MANUELA Gonzalo García Pelayo. España. 1976. 105 min. Color. v.o.e.', 'others': {'location_url': '/cultura/agendaculturaldeandalucia/espacios/biblioteca-publica-del-estado-biblioteca-provincial-de-almeria-francisco-villaespesa', 'location2': 'Biblioteca Pública del Estado-Biblioteca Provincial de Almería Francisco Villaespesa', 'duration': '__NOT_FOUND__', 'datetime_details': '01 de Febrero del 2026 - 28 de Febrero del 2026, 19.00 horas', 'town': '__NOT_FOUND__', 'location': 'Calle Hermanos Machado, s/n, Almería. Almería', 'duration_days': '__NOT_FOUND__'}, 'source': 'JuntaAndaluciaAgenda', 'exec_time': '20260203T160332', 'session': '2026_02_03_15_59_Martes', 'image': '/cultura/agendaculturaldeandalucia/sites/default/files/styles/header_activity_ext_2xl/public/2026-01/cdba9f76240bace37d4737199b4b63b5145c468cd5bb5fa962d6f0e3cc18390e._SX1080_FMjpg_.jpg.webp?itok=yyp4WJBA', 'url': 'https://www.juntadeandalucia.es/cultura/agendaculturaldeandalucia/evento/filmoteca-de-andalucia-programacion-febrero-en-almeria-0'}
26 / 30
Getting https://www.juntadeandalucia.es/cultura/agendaculturaldeandalucia/evento/dinero-negro
Sleep 4
--------------------
{'id': 'b3902f02', 'show': 1, 'in_city': 1, 'one_day': 1, 'wrong_date_time': 0, 'event': 'Dinero negro', 'id_venue': 'tQfq78jF', 'venue': 'Teatro Apolo', 'std_venue': 'Teatro Apolo', 'start_date': '2026-03-11', 'start_time': '20:30:00', 'end_date': '2026-03-11', 'end_time': '__NOT_DEFINIED__', 'description': 'La trama gira en torno a Carlos, que inesperadamente se encuentra con un maletín lleno de 10 millones de euros pertenecientes a la mafia rusa.', 'others': {'location_url': '/cultura/agendaculturaldeandalucia/evento/teatro-apolo-almeria', 'location2': 'Teatro Apolo', 'duration': '__NOT_FOUND__', 'datetime_details': '11 de Marzo del 2026, 20:30 horas', 'town': '__NOT_FOUND__', 'location': 'C. Rbla. Obispo Orberá, 25, Almería. Almería', 'duration_days': '__NOT_FOUND__'}, 'source': 'JuntaAndaluciaAgenda', 'exec_time': '20260203T160332', 'session': '2026_02_03_15_59_Martes', 'image': '/cultura/agendaculturaldeandalucia/sites/default/files/styles/header_activity_ext_2xl/public/2026-01/dinero%20negro.png.webp?itok=BBHFI2GO', 'url': 'https://www.juntadeandalucia.es/cultura/agendaculturaldeandalucia/evento/dinero-negro'}
27 / 30
Getting https://www.juntadeandalucia.es/cultura/agendaculturaldeandalucia/evento/como-una-ola-homenaje-rocio-jurado
Sleep 4
--------------------
{'id': 'db1b544e', 'show': 1, 'in_city': 1, 'one_day': 1, 'wrong_date_time': 0, 'event': 'Como una ola, homenaje a Rocío Jurado', 'id_venue': 'DgpfFbPt', 'venue': 'Teatro Cervantes de Almería', 'std_venue': 'Teatro Cervantes', 'start_date': '2026-05-10', 'start_time': '20:30:00', 'end_date': '2026-05-10', 'end_time': '__NOT_DEFINIED__', 'description': 'Homenaje musical a Rocío Jurado interpretao por María Durán bajo la dirección de Ángel Valdegrama.', 'others': {'location_url': '/cultura/agendaculturaldeandalucia/espacios/teatro-cervantes-de-almeria', 'location2': 'Teatro Cervantes de Almería', 'duration': '__NOT_FOUND__', 'datetime_details': '10 de Mayo del 2026, 20:30 horas', 'town': '__NOT_FOUND__', 'location': 'c/ Poeta Villaespesa 1, Almería. Almería', 'duration_days': '__NOT_FOUND__'}, 'source': 'JuntaAndaluciaAgenda', 'exec_time': '20260203T160332', 'session': '2026_02_03_15_59_Martes', 'image': '/cultura/agendaculturaldeandalucia/sites/default/files/styles/header_activity_ext_2xl/public/2026-01/homenaje%20rocio%20juradojpg.jpg.webp?itok=XsAFSdv2', 'url': 'https://www.juntadeandalucia.es/cultura/agendaculturaldeandalucia/evento/como-una-ola-homenaje-rocio-jurado'}
28 / 30
Getting https://www.juntadeandalucia.es/cultura/agendaculturaldeandalucia/evento/concierto-de-cafe-quijano-en-almeria
Sleep 4
--------------------
{'id': '7807c1c9', 'show': 1, 'in_city': 1, 'one_day': 1, 'wrong_date_time': 0, 'event': 'Concierto de Café Quijano en Almería', 'id_venue': '27qNP7DH', 'venue': 'Auditorio Municipal Maestro Padilla', 'std_venue': 'Auditorio Municipal Maestro Padilla', 'start_date': '2026-04-10', 'start_time': '21:00:00', 'end_date': '2026-04-10', 'end_time': '__NOT_DEFINIED__', 'description': 'Café Quijano es un grupo musical español de pop/rock. llegan a Almería con su último trabajo, “Miami 1990”, una fresca continuación del sonido Quijano más auténtico no sin ciertos retazos sonoros noventeros.', 'others': {'location_url': '/cultura/agendaculturaldeandalucia/espacios/auditorio-municipal-maestro-padilla', 'location2': 'Auditorio Municipal Maestro Padilla Evento al que pertenece:\n              ', 'duration': '__NOT_FOUND__', 'datetime_details': '10 de Abril del 2026, 21:00 h.', 'town': '__NOT_FOUND__', 'location': 'Plaza de Alfredo Kraus, s/n, Almería. Almería', 'duration_days': '__NOT_FOUND__'}, 'source': 'JuntaAndaluciaAgenda', 'exec_time': '20260203T160332', 'session': '2026_02_03_15_59_Martes', 'image': '/cultura/agendaculturaldeandalucia/sites/default/files/styles/header_activity_ext_2xl/public/2023-11/Cafe-Quijano-1.jpg.webp?itok=MH3yHFxL', 'url': 'https://www.juntadeandalucia.es/cultura/agendaculturaldeandalucia/evento/concierto-de-cafe-quijano-en-almeria'}
29 / 30
Getting https://www.juntadeandalucia.es/cultura/agendaculturaldeandalucia/evento/vicente-amigo-en-almeria
Sleep 4
--------------------
{'id': '1840d082', 'show': 1, 'in_city': 1, 'one_day': 1, 'wrong_date_time': 0, 'event': 'Vicente Amigo en Almería', 'id_venue': '27qNP7DH', 'venue': 'Auditorio Municipal Maestro Padilla', 'std_venue': 'Auditorio Municipal Maestro Padilla', 'start_date': '2026-02-27', 'start_time': '20:30:00', 'end_date': '2026-02-27', 'end_time': '__NOT_DEFINIED__', 'description': "Vicente Amigo , figura esencial de la guitarra y de la música contemporánea, se reencuentra con su público almeriense con su gira 'Andenes del tiempo'.", 'others': {'location_url': '/cultura/agendaculturaldeandalucia/espacios/auditorio-municipal-maestro-padilla', 'location2': 'Compra de entradas Auditorio Municipal Maestro Padilla', 'duration': '__NOT_FOUND__', 'datetime_details': '27 de Febrero del 2026, 20:30 h.', 'town': '__NOT_FOUND__', 'location': 'Plaza de Alfredo Kraus, s/n, Almería. Almería', 'duration_days': '__NOT_FOUND__'}, 'source': 'JuntaAndaluciaAgenda', 'exec_time': '20260203T160332', 'session': '2026_02_03_15_59_Martes', 'image': '/cultura/agendaculturaldeandalucia/sites/default/files/styles/header_activity_ext_2xl/public/image/2022/05/vicente_amigo.jpg.webp?itok=71n-2aag', 'url': 'https://www.juntadeandalucia.es/cultura/agendaculturaldeandalucia/evento/vicente-amigo-en-almeria'}
****************************
Saving 30 new events
Saving in  /home/ubuntu/data_storage/Almeria/2026_02_03_15_59_Martes/0_raw/20260203_1603_JuntaAndaluciaAgenda.json
Saving 30 master url
Appending to  /home/ubuntu/data_storage/Almeria/00_master/master_url.json
***===*** SCRAPER DONE, RESTARTING SELENIUM ***===***
selenium
