
RUNNING VARS → 
        CITY=Almeria, 

        OPERATION=0,
            CREATE_SESSION=0,
            CLOSE_SESSION=0,
            SESSION=None,
            IMAGES=0,
            GET_SCRAPERS=

        SCRAPER=BibliotecaAgenda
        DAG_RUN_URL=/dags/FisgonTaskRequest/log?remoteNode=local&step=tarea_1&dagRunId=019c90ed-9a7b-7b58-850e-f7b197edc8b1

Running for Almeria: BibliotecaAgenda
BibliotecaAgenda
RUNNING SESSION =  2026_02_24_18_31_Martes
*** SCRAPED 28 URLS WITH EVENTS **
New url events = 28
0 / 28
Getting https://www.bibliotecasdeandalucia.es/web/biblioteca-del-estado-publica-provincial-de-almeria/actividades/agenda?p_p_id=eventosportlet_WAR_culturaportlet_INSTANCE_rPywOIojLvBh&p_p_lifecycle=0&p_p_state=normal&p_p_mode=view&p_p_col_id=column-1&p_p_col_pos=1&p_p_col_count=2&date=01/02/26&action=showDay
Sleep 1
1 / 28
Getting https://www.bibliotecasdeandalucia.es/web/biblioteca-del-estado-publica-provincial-de-almeria/actividades/agenda?p_p_id=eventosportlet_WAR_culturaportlet_INSTANCE_rPywOIojLvBh&p_p_lifecycle=0&p_p_state=normal&p_p_mode=view&p_p_col_id=column-1&p_p_col_pos=1&p_p_col_count=2&date=02/02/26&action=showDay
Sleep 1
--------------------
{'id': '2712b559', 'show': 1, 'in_city': 1, 'one_day': 1, 'wrong_date_time': 0, 'event': 'Celebración De Las Semifinales Del Juego "Los Pequeños Gigantes De La Lectura"', 'slug': 'celebracion-de-las-semifinales-del-juego-los-pequenos-gigantes-de-la-lectura', 'category': '__NOT_DEFINIED__', 'id_venue': 'TjmFnJdD', 'venue': 'Biblioteca Publica Provincial Francisco Villaespesa', 'std_venue': 'Biblioteca Pública Francisco Villaespesa', 'start_date': '2026-02-02', 'start_time': '11:00:00', 'end_date': '2026-02-02', 'end_time': '__NOT_DEFINIED__', 'description': 'Celebración de las semifinales del juego "Los pequeños gigantes de la lectura" Los ganadores de los concursos de lectura en voz alta de siete centros de la provincia de Almería se encontrarán en la Biblioteca Villaespesa para leer durante 3 minutos ante un jurado profesional del sector del libro y el mundo cultural. La espera a la decisión del jurado será amenizada por El mundo de bicho verde. Todos los participantes obtendrán como premio por su participación libros y material escolar obsequiados por la Biblioteca. Actividad concertada con centros educativos (4º curso de Educación primaria).Aforo máximo: 200 participantes.Duración: 1:30 horas. Lunes 2 de febrero11:00h. Salón de actos.', 'others': {'duration': '__NOT_DEFINIED__'}, 'source': 'BibliotecaAgenda', 'exec_time': '20260224T183337', 'session': '2026_02_24_18_31_Martes', 'image': 'https://www.bibliotecasdeandalucia.es/image/journal/article?img_id=493060247&t=1770033984573', 'url': 'https://www.bibliotecasdeandalucia.es/web/biblioteca-del-estado-publica-provincial-de-almeria/actividades/agenda?p_p_id=eventosportlet_WAR_culturaportlet_INSTANCE_rPywOIojLvBh&p_p_lifecycle=0&p_p_state=normal&p_p_mode=view&p_p_col_id=column-1&p_p_col_pos=1&p_p_col_count=2&date=02/02/26&action=showDay'}
--------------------
{'id': '25e78f81', 'show': 1, 'in_city': 1, 'one_day': 1, 'wrong_date_time': 0, 'event': 'Celebración Del Día De Los Humedales. Debate Sobre Los Humedales Provinciales, Federación De Ecologistas en Acción De Almería', 'slug': 'celebracion-del-dia-de-los-humedales-debate-sobre-los-humedales-provinciales-fed', 'category': '__NOT_DEFINIED__', 'id_venue': 'TjmFnJdD', 'venue': 'Biblioteca Publica Provincial Francisco Villaespesa', 'std_venue': 'Biblioteca Pública Francisco Villaespesa', 'start_date': '2026-02-02', 'start_time': '18:30:00', 'end_date': '2026-02-02', 'end_time': '__NOT_DEFINIED__', 'description': 'Celebración del Día de los Humedales. Debate sobre los humedales provinciales, Federación de ecologistas en acción de Almería. Con motivo del día internacional de los humedales el día 2 de febrero, se organiza por parte de la federación y conjuntamente con otros grupos ecologistas como el GEM, SERBAL, EL ARBOL DE LAS PIRULETAS y GREENPEACE una mesa redonda, debate, sobre el estado de los humedales provinciales y las oportunidades de restauración y mejora con la nueva directiva Europea de restauración de la Naturaleza, así como la proyección de algunos videos cortos sobre los mismos. Entrada libreAforo máximo: 60 participantes.Duración: 2:30 horas. Lunes 2 de febrero18:30h. Sala de exposiciones.', 'others': {'duration': '__NOT_DEFINIED__'}, 'source': 'BibliotecaAgenda', 'exec_time': '20260224T183337', 'session': '2026_02_24_18_31_Martes', 'image': 'https://www.bibliotecasdeandalucia.es/image/journal/article?img_id=493060306&t=1770033993651', 'url': 'https://www.bibliotecasdeandalucia.es/web/biblioteca-del-estado-publica-provincial-de-almeria/actividades/agenda?p_p_id=eventosportlet_WAR_culturaportlet_INSTANCE_rPywOIojLvBh&p_p_lifecycle=0&p_p_state=normal&p_p_mode=view&p_p_col_id=column-1&p_p_col_pos=1&p_p_col_count=2&date=02/02/26&action=showDay'}
--------------------
{'id': '7d6007b1', 'show': 1, 'in_city': 1, 'one_day': 1, 'wrong_date_time': 0, 'event': 'Película "Los Tigres". Filmoteca De Andalucía', 'slug': 'pelicula-los-tigres-filmoteca-de-andalucia', 'category': '__NOT_DEFINIED__', 'id_venue': 'TjmFnJdD', 'venue': 'Biblioteca Publica Provincial Francisco Villaespesa', 'std_venue': 'Biblioteca Pública Francisco Villaespesa', 'start_date': '2026-02-02', 'start_time': '19:00:00', 'end_date': '2026-02-02', 'end_time': '__NOT_DEFINIED__', 'description': 'Proyección de la película "Los tigres". Filmoteca de Andalucía.Antonio y Estrella son hermanos. Su padre era buzo, como ellos. Llevan toda la vida en el mar. Antonio es "el Tigre", un buzo imbatible, el compañero que todos quieren ahí abajo, cuando en unos segundos te juegas la vida y lo haces todos los días. Estrella asiste a su hermano en la barcaza en la que trabajan. Ella le mantiene unido a tierra, fuera del agua Antonio es un auténtico desastre. Ha vivido siempre el hoy, sin pensar nunca en el mañana, y su situación económica es delicada. Antonio tiene un accidente y le comunican que sus días de buceo van a acabar pronto. El futuro se les presenta oscuro y complicado. Una situación que puede cambiar cuando dan con un alijo de cocaína escondido en el casco de un petrolero. Antonio no ve otra posibilidad, su hermana Estrella no lo ve claro. Como siempre. Duración: 109 min.País: EspañaDirección: Alberto RodríguezGuion: Rafael Cobos, Alberto RodríguezLunes 2 de febrero19:00 h. Salón de actos.Entrada libre.', 'others': {'duration': '109'}, 'source': 'BibliotecaAgenda', 'exec_time': '20260224T183337', 'session': '2026_02_24_18_31_Martes', 'image': 'https://www.bibliotecasdeandalucia.es/image/journal/article?img_id=491898782&t=1769760794684', 'url': 'https://www.bibliotecasdeandalucia.es/web/biblioteca-del-estado-publica-provincial-de-almeria/actividades/agenda?p_p_id=eventosportlet_WAR_culturaportlet_INSTANCE_rPywOIojLvBh&p_p_lifecycle=0&p_p_state=normal&p_p_mode=view&p_p_col_id=column-1&p_p_col_pos=1&p_p_col_count=2&date=02/02/26&action=showDay'}
2 / 28
Getting https://www.bibliotecasdeandalucia.es/web/biblioteca-del-estado-publica-provincial-de-almeria/actividades/agenda?p_p_id=eventosportlet_WAR_culturaportlet_INSTANCE_rPywOIojLvBh&p_p_lifecycle=0&p_p_state=normal&p_p_mode=view&p_p_col_id=column-1&p_p_col_pos=1&p_p_col_count=2&date=12/02/26&action=showDay
Sleep 1
3 / 28
Getting https://www.bibliotecasdeandalucia.es/web/biblioteca-del-estado-publica-provincial-de-almeria/actividades/agenda?p_p_id=eventosportlet_WAR_culturaportlet_INSTANCE_rPywOIojLvBh&p_p_lifecycle=0&p_p_state=normal&p_p_mode=view&p_p_col_id=column-1&p_p_col_pos=1&p_p_col_count=2&date=28/02/26&action=showDay
Sleep 1
4 / 28
Getting https://www.bibliotecasdeandalucia.es/web/biblioteca-del-estado-publica-provincial-de-almeria/actividades/agenda?p_p_id=eventosportlet_WAR_culturaportlet_INSTANCE_rPywOIojLvBh&p_p_lifecycle=0&p_p_state=normal&p_p_mode=view&p_p_col_id=column-1&p_p_col_pos=1&p_p_col_count=2&date=19/02/26&action=showDay
Sleep 1
5 / 28
Getting https://www.bibliotecasdeandalucia.es/web/biblioteca-del-estado-publica-provincial-de-almeria/actividades/agenda?p_p_id=eventosportlet_WAR_culturaportlet_INSTANCE_rPywOIojLvBh&p_p_lifecycle=0&p_p_state=normal&p_p_mode=view&p_p_col_id=column-1&p_p_col_pos=1&p_p_col_count=2&date=08/02/26&action=showDay
Sleep 1
6 / 28
Getting https://www.bibliotecasdeandalucia.es/web/biblioteca-del-estado-publica-provincial-de-almeria/actividades/agenda?p_p_id=eventosportlet_WAR_culturaportlet_INSTANCE_rPywOIojLvBh&p_p_lifecycle=0&p_p_state=normal&p_p_mode=view&p_p_col_id=column-1&p_p_col_pos=1&p_p_col_count=2&date=20/02/26&action=showDay
Sleep 1
--------------------
{'id': 'a57b4959', 'show': 1, 'in_city': 1, 'one_day': 1, 'wrong_date_time': 0, 'event': 'Crece Con La Villaespesa. Taller "¡De Andalucía Al Espacio Con Los Cohetes AulaSputnik!", Con AulaSputnik', 'slug': 'crece-con-la-villaespesa-taller-de-andalucia-al-espacio-con-los-cohetes-aulasput', 'category': '__NOT_DEFINIED__', 'id_venue': 'TjmFnJdD', 'venue': 'Biblioteca Publica Provincial Francisco Villaespesa', 'std_venue': 'Biblioteca Pública Francisco Villaespesa', 'start_date': '2026-02-20', 'start_time': '09:30:00', 'end_date': '2026-02-20', 'end_time': '__NOT_DEFINIED__', 'description': 'Talleres de AulaSputnik. ¡De Andalucía al espacio con los cohetes de AulaSputnik! El objetivo principal de este taller es explicar qué son los cohetes, cómo funcionan y por qué son tan importantes para explorar el espacio y conocer mejor lo que nos rodea. Seguidamente, a través de un reto por grupos, se le planteará al alumnado unas hipótesis con el objetivo de diseñar y construir un cohete de papel y la base de lanzamiento. Deberán coordinarse y organizarse en roles y tareas. Después, se realizarán los lanzamientos de estos cohetes con el objetivo de responder a estas cuestiones y recoger los datos de distancia necesarios. A partir de ese ejercicio, cada equipo reflexionará las conclusiones de sus resultados y realizará una presentación de su proyecto. Viernes 20 de febrero9:30h. Salón de actos.Actividad concertada con centros educativos', 'others': {'duration': '__NOT_DEFINIED__'}, 'source': 'BibliotecaAgenda', 'exec_time': '20260224T183337', 'session': '2026_02_24_18_31_Martes', 'image': 'https://www.bibliotecasdeandalucia.es/image/journal/article?img_id=496979262&t=1770881906850', 'url': 'https://www.bibliotecasdeandalucia.es/web/biblioteca-del-estado-publica-provincial-de-almeria/actividades/agenda?p_p_id=eventosportlet_WAR_culturaportlet_INSTANCE_rPywOIojLvBh&p_p_lifecycle=0&p_p_state=normal&p_p_mode=view&p_p_col_id=column-1&p_p_col_pos=1&p_p_col_count=2&date=20/02/26&action=showDay'}
--------------------
{'id': 'c801ac6b', 'show': 1, 'in_city': 1, 'one_day': 1, 'wrong_date_time': 0, 'event': 'Encuentro Con La Escritora Raquel Peláez en Torno a Su Libro "Quiero Y No Puedo. Una Historia De Los Pijos De España", Centro Andaluz De Las Letras en Colaboración Con La Escuela De Arte', 'slug': 'encuentro-con-la-escritora-raquel-pelaez-en-torno-a-su-libro-quiero-y-no-puedo-u', 'category': '__NOT_DEFINIED__', 'id_venue': 'TjmFnJdD', 'venue': 'Biblioteca Publica Provincial Francisco Villaespesa', 'std_venue': 'Biblioteca Pública Francisco Villaespesa', 'start_date': '2026-02-20', 'start_time': '19:00:00', 'end_date': '2026-02-20', 'end_time': '__NOT_DEFINIED__', 'description': 'Encuentro con Raquel Peláez a propósito de su libro \' Quiero y no puedo: historia de los pijos de España\'. El Centro Andaluz de las Letras organiza en Almería un encuentro con la escritora y periodista Raquel Peláez con motivo de la publicación de su libro Quiero y no puedo: historia de los pijos de España (Ed. Blackie Books) en conversación con el profesor de la Escuela de Arte Emilio Jarrín. Raquel Peláez es escritora, periodista y subdirectora de la revista S Moda de El País. Su última obra presenta una radiografía de lo "pijo" en España, desde los señoritos del siglo XIX hasta la actualidad. Un ensayo revelador sobre un fenómeno que va más allá de un arquetipo, y que nos muestra el verdadero origen de la lucha de clases en la sociedad española. Esta actividad se realiza en colaboración con la Escuela de Arte y Superior de Diseño Carlos Pérez Siquier y forma parte de la XIII Semana del Diseño. Viernes 20 de febrero19:00h. Salón de actos. Entrada libre hasta completar aforo.', 'others': {'duration': '__NOT_DEFINIED__'}, 'source': 'BibliotecaAgenda', 'exec_time': '20260224T183337', 'session': '2026_02_24_18_31_Martes', 'image': 'https://www.bibliotecasdeandalucia.es/image/journal/article?img_id=498428791&t=1771228880701', 'url': 'https://www.bibliotecasdeandalucia.es/web/biblioteca-del-estado-publica-provincial-de-almeria/actividades/agenda?p_p_id=eventosportlet_WAR_culturaportlet_INSTANCE_rPywOIojLvBh&p_p_lifecycle=0&p_p_state=normal&p_p_mode=view&p_p_col_id=column-1&p_p_col_pos=1&p_p_col_count=2&date=20/02/26&action=showDay'}
7 / 28
Getting https://www.bibliotecasdeandalucia.es/web/biblioteca-del-estado-publica-provincial-de-almeria/actividades/agenda?p_p_id=eventosportlet_WAR_culturaportlet_INSTANCE_rPywOIojLvBh&p_p_lifecycle=0&p_p_state=normal&p_p_mode=view&p_p_col_id=column-1&p_p_col_pos=1&p_p_col_count=2&date=21/02/26&action=showDay
Sleep 1
8 / 28
Getting https://www.bibliotecasdeandalucia.es/web/biblioteca-del-estado-publica-provincial-de-almeria/actividades/agenda?p_p_id=eventosportlet_WAR_culturaportlet_INSTANCE_rPywOIojLvBh&p_p_lifecycle=0&p_p_state=normal&p_p_mode=view&p_p_col_id=column-1&p_p_col_pos=1&p_p_col_count=2&date=26/02/26&action=showDay
Sleep 1
--------------------
{'id': '34030340', 'show': 1, 'in_city': 1, 'one_day': 1, 'wrong_date_time': 0, 'event': 'Lecturas Del 27. "Todos Los 5 De Junio De Mi Vida" Con Juanma Gil', 'slug': 'lecturas-del-27-todos-los-5-de-junio-de-mi-vida-con-juanma-gil', 'category': '__NOT_DEFINIED__', 'id_venue': 'TjmFnJdD', 'venue': 'Biblioteca Publica Provincial Francisco Villaespesa', 'std_venue': 'Biblioteca Pública Francisco Villaespesa', 'start_date': '2026-02-26', 'start_time': '19:00:00', 'end_date': '2026-02-26', 'end_time': '__NOT_DEFINIED__', 'description': 'Lecturas del 27. "Todos los 5 de junio de mi vida" con Juanma Gil Con motivo de la Conmemoración del Centenario de la Generación del 27 y enmarcado en la Celebración del Día de Andalucía, Juanma Gil hará un recorrido personal y alucinado por algunos autores de la Generación del 27: infancia y adolescencia. A continuación, miembros de los clubes de lectura de la biblioteca leerán poemas de autores y autoras de la Generación del 27. Jueves 26 de febrero19:00h. Salón de actos.Entrada libre hasta completar aforo.', 'others': {'duration': '__NOT_DEFINIED__'}, 'source': 'BibliotecaAgenda', 'exec_time': '20260224T183337', 'session': '2026_02_24_18_31_Martes', 'image': 'https://www.bibliotecasdeandalucia.es/image/journal/article?img_id=501013333&t=1771842653241', 'url': 'https://www.bibliotecasdeandalucia.es/web/biblioteca-del-estado-publica-provincial-de-almeria/actividades/agenda?p_p_id=eventosportlet_WAR_culturaportlet_INSTANCE_rPywOIojLvBh&p_p_lifecycle=0&p_p_state=normal&p_p_mode=view&p_p_col_id=column-1&p_p_col_pos=1&p_p_col_count=2&date=26/02/26&action=showDay'}
9 / 28
Getting https://www.bibliotecasdeandalucia.es/web/biblioteca-del-estado-publica-provincial-de-almeria/actividades/agenda?p_p_id=eventosportlet_WAR_culturaportlet_INSTANCE_rPywOIojLvBh&p_p_lifecycle=0&p_p_state=normal&p_p_mode=view&p_p_col_id=column-1&p_p_col_pos=1&p_p_col_count=2&date=04/02/26&action=showDay
Sleep 1
--------------------
{'id': '3fab749b', 'show': 1, 'in_city': 1, 'one_day': 1, 'wrong_date_time': 0, 'event': '"Lorca Y Falla, Concierto Recital" Con Mar Bernal Al Piano Y Ascensión Rodríguez en La Interpretación', 'slug': 'lorca-y-falla-concierto-recital-con-mar-bernal-al-piano-y-ascension-rodriguez-en', 'category': '__NOT_DEFINIED__', 'id_venue': 'TjmFnJdD', 'venue': 'Biblioteca Publica Provincial Francisco Villaespesa', 'std_venue': 'Biblioteca Pública Francisco Villaespesa', 'start_date': '2026-02-04', 'start_time': '19:00:00', 'end_date': '2026-02-04', 'end_time': '__NOT_DEFINIED__', 'description': '"Lorca y Falla, concierto recital" con Mar Bernal al piano y Ascensión Rodríguez en la interpretación. Música en directo del compositor Falla y poemas de Lorca a partir de la conferencia "Como canta una ciudad de noviembre a noviembre" con canciones populares y poemas de "El cante jondo", "Romancero gitano", "el diván del Tamarit" y "Poeta en Nueva York". Piano: Mar Bernal.Interpretación: Ascensión Rodríguez. Miércoles 4 de febrero19:00h. Salón de actos.Entrada libre.', 'others': {'duration': '__NOT_DEFINIED__'}, 'source': 'BibliotecaAgenda', 'exec_time': '20260224T183337', 'session': '2026_02_24_18_31_Martes', 'image': 'https://www.bibliotecasdeandalucia.es/image/journal/article?img_id=491989411&t=1769781768020', 'url': 'https://www.bibliotecasdeandalucia.es/web/biblioteca-del-estado-publica-provincial-de-almeria/actividades/agenda?p_p_id=eventosportlet_WAR_culturaportlet_INSTANCE_rPywOIojLvBh&p_p_lifecycle=0&p_p_state=normal&p_p_mode=view&p_p_col_id=column-1&p_p_col_pos=1&p_p_col_count=2&date=04/02/26&action=showDay'}
10 / 28
Getting https://www.bibliotecasdeandalucia.es/web/biblioteca-del-estado-publica-provincial-de-almeria/actividades/agenda?p_p_id=eventosportlet_WAR_culturaportlet_INSTANCE_rPywOIojLvBh&p_p_lifecycle=0&p_p_state=normal&p_p_mode=view&p_p_col_id=column-1&p_p_col_pos=1&p_p_col_count=2&date=07/02/26&action=showDay
Sleep 1
11 / 28
Getting https://www.bibliotecasdeandalucia.es/web/biblioteca-del-estado-publica-provincial-de-almeria/actividades/agenda?p_p_id=eventosportlet_WAR_culturaportlet_INSTANCE_rPywOIojLvBh&p_p_lifecycle=0&p_p_state=normal&p_p_mode=view&p_p_col_id=column-1&p_p_col_pos=1&p_p_col_count=2&date=18/02/26&action=showDay
Sleep 1
--------------------
{'id': '73f5b492', 'show': 1, 'in_city': 1, 'one_day': 1, 'wrong_date_time': 0, 'event': 'Presentación Del Disco "Más Allá De La Memoria", De La Cantautora Almeriense Sensi Falán', 'slug': 'presentacion-del-disco-mas-alla-de-la-memoria-de-la-cantautora-almeriense-sensi', 'category': '__NOT_DEFINIED__', 'id_venue': 'TjmFnJdD', 'venue': 'Biblioteca Publica Provincial Francisco Villaespesa', 'std_venue': 'Biblioteca Pública Francisco Villaespesa', 'start_date': '2026-02-18', 'start_time': '19:00:00', 'end_date': '2026-02-18', 'end_time': '__NOT_DEFINIED__', 'description': 'Presentación del disco "Más allá de la Memoria", de la cantautora almeriense Sensi Falán. Acto de presentación del disco "Más allá de la Memoria", de la cantautora almeriense Sensi Falán, que ha puesto música a poetas del Exilio Republicano. El acto constará de un concierto de Sensi Falán, además de la presentación de una página web, diseñada para alojar el disco digital, así como los textos aportados por historiadores, escritoras y periodistas, con la finalidad de contextualizar los hechos acontecidos durante la Guerra de España y sus consecuencias. La cantautora ha adaptado y musicalizado los textos de Juan Ramón Jiménez, Antonio Machado, Zenobia Camprubí, Nuria Parés, María Teresa León, María Zambrano, Jorge Guillén, Pedro Salinas y Melitón Bustamante, con la finalidad de recuperar, a través del canto, nuestra memoria colectiva y traer de regreso los versos y el corazón de los que partieron al exilio. Miércoles 18 de febrero19:00h. Sala de exposiciones. Entrada libre hasta completar aforo.', 'others': {'duration': '__NOT_DEFINIED__'}, 'source': 'BibliotecaAgenda', 'exec_time': '20260224T183337', 'session': '2026_02_24_18_31_Martes', 'image': 'https://www.bibliotecasdeandalucia.es/image/journal/article?img_id=496668344&t=1770806493449', 'url': 'https://www.bibliotecasdeandalucia.es/web/biblioteca-del-estado-publica-provincial-de-almeria/actividades/agenda?p_p_id=eventosportlet_WAR_culturaportlet_INSTANCE_rPywOIojLvBh&p_p_lifecycle=0&p_p_state=normal&p_p_mode=view&p_p_col_id=column-1&p_p_col_pos=1&p_p_col_count=2&date=18/02/26&action=showDay'}
12 / 28
Getting https://www.bibliotecasdeandalucia.es/web/biblioteca-del-estado-publica-provincial-de-almeria/actividades/agenda?p_p_id=eventosportlet_WAR_culturaportlet_INSTANCE_rPywOIojLvBh&p_p_lifecycle=0&p_p_state=normal&p_p_mode=view&p_p_col_id=column-1&p_p_col_pos=1&p_p_col_count=2&date=06/02/26&action=showDay
Sleep 1
13 / 28
Getting https://www.bibliotecasdeandalucia.es/web/biblioteca-del-estado-publica-provincial-de-almeria/actividades/agenda?p_p_id=eventosportlet_WAR_culturaportlet_INSTANCE_rPywOIojLvBh&p_p_lifecycle=0&p_p_state=normal&p_p_mode=view&p_p_col_id=column-1&p_p_col_pos=1&p_p_col_count=2&date=05/02/26&action=showDay
Sleep 1
14 / 28
Getting https://www.bibliotecasdeandalucia.es/web/biblioteca-del-estado-publica-provincial-de-almeria/actividades/agenda?p_p_id=eventosportlet_WAR_culturaportlet_INSTANCE_rPywOIojLvBh&p_p_lifecycle=0&p_p_state=normal&p_p_mode=view&p_p_col_id=column-1&p_p_col_pos=1&p_p_col_count=2&date=03/02/26&action=showDay
Sleep 1
15 / 28
Getting https://www.bibliotecasdeandalucia.es/web/biblioteca-del-estado-publica-provincial-de-almeria/actividades/agenda?p_p_id=eventosportlet_WAR_culturaportlet_INSTANCE_rPywOIojLvBh&p_p_lifecycle=0&p_p_state=normal&p_p_mode=view&p_p_col_id=column-1&p_p_col_pos=1&p_p_col_count=2&date=25/02/26&action=showDay
Sleep 1
--------------------
{'id': '3bf95346', 'show': 1, 'in_city': 1, 'one_day': 1, 'wrong_date_time': 0, 'event': 'Nueva Lectura en El Club De Lectura De Textos Dramáticos: Un Dios Salvaje, De Yasmina Reza', 'slug': 'nueva-lectura-en-el-club-de-lectura-de-textos-dramaticos-un-dios-salvaje-de-yasm', 'category': '__NOT_DEFINIED__', 'id_venue': 'TjmFnJdD', 'venue': 'Biblioteca Publica Provincial Francisco Villaespesa', 'std_venue': 'Biblioteca Pública Francisco Villaespesa', 'start_date': '2026-02-25', 'start_time': '18:00:00', 'end_date': '2026-02-25', 'end_time': '__NOT_DEFINIED__', 'description': 'Nueva lectura en el Club de lectura de textos dramáticos: Un dios salvaje, de Yasmina Reza. En colaboración con el Centro de Investigación y Recursos de las Artes Escénicas de Andalucía (CIRAE).Miércoles 25 de febreroHorario: 18:00 h.Información en la dirección de correo electrónico: informacion.bp.al.ccul@juntadeandalucia.es', 'others': {'duration': '__NOT_DEFINIED__'}, 'source': 'BibliotecaAgenda', 'exec_time': '20260224T183337', 'session': '2026_02_24_18_31_Martes', 'image': 'https://www.bibliotecasdeandalucia.es/image/journal/article?img_id=499593099&t=1771509050702', 'url': 'https://www.bibliotecasdeandalucia.es/web/biblioteca-del-estado-publica-provincial-de-almeria/actividades/agenda?p_p_id=eventosportlet_WAR_culturaportlet_INSTANCE_rPywOIojLvBh&p_p_lifecycle=0&p_p_state=normal&p_p_mode=view&p_p_col_id=column-1&p_p_col_pos=1&p_p_col_count=2&date=25/02/26&action=showDay'}
16 / 28
Getting https://www.bibliotecasdeandalucia.es/web/biblioteca-del-estado-publica-provincial-de-almeria/actividades/agenda?p_p_id=eventosportlet_WAR_culturaportlet_INSTANCE_rPywOIojLvBh&p_p_lifecycle=0&p_p_state=normal&p_p_mode=view&p_p_col_id=column-1&p_p_col_pos=1&p_p_col_count=2&date=11/02/26&action=showDay
Sleep 1
17 / 28
Getting https://www.bibliotecasdeandalucia.es/web/biblioteca-del-estado-publica-provincial-de-almeria/actividades/agenda?p_p_id=eventosportlet_WAR_culturaportlet_INSTANCE_rPywOIojLvBh&p_p_lifecycle=0&p_p_state=normal&p_p_mode=view&p_p_col_id=column-1&p_p_col_pos=1&p_p_col_count=2&date=09/02/26&action=showDay
Sleep 1
--------------------
{'id': '2d3e2572', 'show': 1, 'in_city': 1, 'one_day': 1, 'wrong_date_time': 0, 'event': 'Película "Impacto Súbito". Filmoteca De Andalucía', 'slug': 'pelicula-impacto-subito-filmoteca-de-andalucia', 'category': '__NOT_DEFINIED__', 'id_venue': 'TjmFnJdD', 'venue': 'Biblioteca Publica Provincial Francisco Villaespesa', 'std_venue': 'Biblioteca Pública Francisco Villaespesa', 'start_date': '2026-02-09', 'start_time': '19:00:00', 'end_date': '2026-02-09', 'end_time': '__NOT_DEFINIED__', 'description': 'Proyección de la película "Impacto súbito". Filmoteca de Andalucía.Callahan es un experimentado detective de policía del departamento de homicidios de San Francisco, famoso por sus drásticos métodos, que provocan fuertes enfrentamientos con sus superiores. Tiene que desplazarse a San Paulo, pequeño pueblo situado al norte de California, donde sigue la pista del autor de la muerte de unos hombres, a los que han encontrado con unos disparos en la frente y en los genitales. Allí conoce a una solitaria artista llamada Jennifer Spencer.Título original: Sudden ImpactAño: 1983Duración: 117 min.País: Estados UnidosDirección: Clint EastwoodGuion: Harry Julian Fink, R.M. Fink, Joseph Stinson, Earl E. Smith, Charles B. Pierce, Dean ReisnerLunes 9 de febrero19:00 h. Salón de actos.Entrada libre.', 'others': {'duration': '117'}, 'source': 'BibliotecaAgenda', 'exec_time': '20260224T183337', 'session': '2026_02_24_18_31_Martes', 'image': 'https://www.bibliotecasdeandalucia.es/image/journal/article?img_id=491903229&t=1769761775154', 'url': 'https://www.bibliotecasdeandalucia.es/web/biblioteca-del-estado-publica-provincial-de-almeria/actividades/agenda?p_p_id=eventosportlet_WAR_culturaportlet_INSTANCE_rPywOIojLvBh&p_p_lifecycle=0&p_p_state=normal&p_p_mode=view&p_p_col_id=column-1&p_p_col_pos=1&p_p_col_count=2&date=09/02/26&action=showDay'}
18 / 28
Getting https://www.bibliotecasdeandalucia.es/web/biblioteca-del-estado-publica-provincial-de-almeria/actividades/agenda?p_p_id=eventosportlet_WAR_culturaportlet_INSTANCE_rPywOIojLvBh&p_p_lifecycle=0&p_p_state=normal&p_p_mode=view&p_p_col_id=column-1&p_p_col_pos=1&p_p_col_count=2&date=24/02/26&action=showDay
Sleep 1
19 / 28
Getting https://www.bibliotecasdeandalucia.es/web/biblioteca-del-estado-publica-provincial-de-almeria/actividades/agenda?p_p_id=eventosportlet_WAR_culturaportlet_INSTANCE_rPywOIojLvBh&p_p_lifecycle=0&p_p_state=normal&p_p_mode=view&p_p_col_id=column-1&p_p_col_pos=1&p_p_col_count=2&date=27/02/26&action=showDay
Sleep 1
20 / 28
Getting https://www.bibliotecasdeandalucia.es/web/biblioteca-del-estado-publica-provincial-de-almeria/actividades/agenda?p_p_id=eventosportlet_WAR_culturaportlet_INSTANCE_rPywOIojLvBh&p_p_lifecycle=0&p_p_state=normal&p_p_mode=view&p_p_col_id=column-1&p_p_col_pos=1&p_p_col_count=2&date=23/02/26&action=showDay
Sleep 1
--------------------
{'id': '978d0590', 'show': 1, 'in_city': 1, 'one_day': 1, 'wrong_date_time': 0, 'event': 'Película "Manuela". Filmoteca De Andalucía', 'slug': 'pelicula-manuela-filmoteca-de-andalucia', 'category': '__NOT_DEFINIED__', 'id_venue': 'TjmFnJdD', 'venue': 'Biblioteca Publica Provincial Francisco Villaespesa', 'std_venue': 'Biblioteca Pública Francisco Villaespesa', 'start_date': '2026-02-23', 'start_time': '19:00:00', 'end_date': '2026-02-23', 'end_time': '__NOT_DEFINIED__', 'description': 'Proyección de la película "Manuela". Filmoteca de AndalucíaManuela, hija de un cazador furtivo, se casa con el criado del rico Don Ramón, quien está enamorado de ella. Su belleza natural y su sensualidad a flor de piel encienden pasiones que desencadenan toda clase de conflictos.Año: 1976Duración: 105 min.País: EspañaDirección: Gonzalo García PelayoGuion: Pancho Bautista. Novela: Manuel HalcónLunes 23 de febrero19:00 h. Salón de actos.Entrada libre.', 'others': {'duration': '105'}, 'source': 'BibliotecaAgenda', 'exec_time': '20260224T183337', 'session': '2026_02_24_18_31_Martes', 'image': 'https://www.bibliotecasdeandalucia.es/image/journal/article?img_id=491910366&t=1769763360181', 'url': 'https://www.bibliotecasdeandalucia.es/web/biblioteca-del-estado-publica-provincial-de-almeria/actividades/agenda?p_p_id=eventosportlet_WAR_culturaportlet_INSTANCE_rPywOIojLvBh&p_p_lifecycle=0&p_p_state=normal&p_p_mode=view&p_p_col_id=column-1&p_p_col_pos=1&p_p_col_count=2&date=23/02/26&action=showDay'}
21 / 28
Getting https://www.bibliotecasdeandalucia.es/web/biblioteca-del-estado-publica-provincial-de-almeria/actividades/agenda?p_p_id=eventosportlet_WAR_culturaportlet_INSTANCE_rPywOIojLvBh&p_p_lifecycle=0&p_p_state=normal&p_p_mode=view&p_p_col_id=column-1&p_p_col_pos=1&p_p_col_count=2&date=15/02/26&action=showDay
Sleep 1
22 / 28
Getting https://www.bibliotecasdeandalucia.es/web/biblioteca-del-estado-publica-provincial-de-almeria/actividades/agenda?p_p_id=eventosportlet_WAR_culturaportlet_INSTANCE_rPywOIojLvBh&p_p_lifecycle=0&p_p_state=normal&p_p_mode=view&p_p_col_id=column-1&p_p_col_pos=1&p_p_col_count=2&date=10/02/26&action=showDay
Sleep 1
23 / 28
Getting https://www.bibliotecasdeandalucia.es/web/biblioteca-del-estado-publica-provincial-de-almeria/actividades/agenda?p_p_id=eventosportlet_WAR_culturaportlet_INSTANCE_rPywOIojLvBh&p_p_lifecycle=0&p_p_state=normal&p_p_mode=view&p_p_col_id=column-1&p_p_col_pos=1&p_p_col_count=2&date=17/02/26&action=showDay
Sleep 1
--------------------
{'id': '4302b038', 'show': 1, 'in_city': 1, 'one_day': 1, 'wrong_date_time': 0, 'event': 'Poesía en El Centro. Lectura De Poemas De Raúl Quinto, "Un Idioma Siempre Al Borde De La Extinción. Poesía 2002-2026", Centro Andaluz De Las Letras', 'slug': 'poesia-en-el-centro-lectura-de-poemas-de-raul-quinto-un-idioma-siempre-al-borde', 'category': '__NOT_DEFINIED__', 'id_venue': 'TjmFnJdD', 'venue': 'Biblioteca Publica Provincial Francisco Villaespesa', 'std_venue': 'Biblioteca Pública Francisco Villaespesa', 'start_date': '2026-02-17', 'start_time': '19:00:00', 'end_date': '2026-02-17', 'end_time': '__NOT_DEFINIED__', 'description': 'Poesía en el Centro. Lectura de poemas de Raúl Quinto, "Un idioma siempre al borde de la extinción. Poesía 2002-2026" , Centro Andaluz de las Letras. Rául Quinto presenta su último poemario, publicado por la Editorial Bella Varsovia tras su consagración como prosista con la novela histórica Martinete del rey sombra (Jekyll & Jill, 2023), que obtuvo el Premio Cálamo en la modalidad "Otra Mirada", el Premio de la Crítica de narrativa castellana y el Premio Nacional de Narrativa española. Y la publicación en 2025 en la misma editorial de La ballena azul, una incursión en la literatura de terror, vuelve con una nueva obra que presenta de manos del Centro Andaluz de las Letras. Un idioma siempre al borde de la extinción recoge toda la producción poética publicada hasta la fecha por Raúl Quinto desde que en 2002 apareciera su primer poemario, "Grietas". Esta edición, que abarca más de dos décadas, contiene los seis libros que le siguieron, así como también una antología de poemas dispersos y un librito inédito, escrito durante los días del confinamiento, titulado "Cuaderno de la peste de 1348" y que aparece aquí por primera vez. Martes 17 de febrero19:00h. Sala de exposiciones. Entrada libre hasta completar aforo.', 'others': {'duration': '__NOT_DEFINIED__'}, 'source': 'BibliotecaAgenda', 'exec_time': '20260224T183337', 'session': '2026_02_24_18_31_Martes', 'image': 'https://www.bibliotecasdeandalucia.es/image/journal/article?img_id=495998935&t=1770711013720', 'url': 'https://www.bibliotecasdeandalucia.es/web/biblioteca-del-estado-publica-provincial-de-almeria/actividades/agenda?p_p_id=eventosportlet_WAR_culturaportlet_INSTANCE_rPywOIojLvBh&p_p_lifecycle=0&p_p_state=normal&p_p_mode=view&p_p_col_id=column-1&p_p_col_pos=1&p_p_col_count=2&date=17/02/26&action=showDay'}
24 / 28
Getting https://www.bibliotecasdeandalucia.es/web/biblioteca-del-estado-publica-provincial-de-almeria/actividades/agenda?p_p_id=eventosportlet_WAR_culturaportlet_INSTANCE_rPywOIojLvBh&p_p_lifecycle=0&p_p_state=normal&p_p_mode=view&p_p_col_id=column-1&p_p_col_pos=1&p_p_col_count=2&date=16/02/26&action=showDay
Sleep 1
--------------------
{'id': '1323981e', 'show': 1, 'in_city': 1, 'one_day': 1, 'wrong_date_time': 0, 'event': 'Película "Cría Cuervos". Filmoteca De Andalucía', 'slug': 'pelicula-cria-cuervos-filmoteca-de-andalucia', 'category': '__NOT_DEFINIED__', 'id_venue': 'TjmFnJdD', 'venue': 'Biblioteca Publica Provincial Francisco Villaespesa', 'std_venue': 'Biblioteca Pública Francisco Villaespesa', 'start_date': '2026-02-16', 'start_time': '19:00:00', 'end_date': '2026-02-16', 'end_time': '__NOT_DEFINIED__', 'description': 'Proyección de la Película "Cría cuervos". Filmoteca de AndalucíaAna recuerda todo lo ocurrido desde la muerte de su padre, veinte años antes. Su hija, de nueve años, cree tener poder sobre la vida y la muerte de quienes viven con ella. Hay otro poder que Ana cree poseer: el de invocar la presencia de su madre. Con ella, muerta hace años, revive una relación llena de ternura y, a veces, de dominio.Año: 1976Duración: 110 min.País: EspañaDirección: Carlos SauraGuion: Carlos SauraLunes 16 de febrero19:00 h. Salón de actos.Entrada libre.', 'others': {'duration': '110'}, 'source': 'BibliotecaAgenda', 'exec_time': '20260224T183337', 'session': '2026_02_24_18_31_Martes', 'image': 'https://www.bibliotecasdeandalucia.es/image/journal/article?img_id=491910280&t=1769763340880', 'url': 'https://www.bibliotecasdeandalucia.es/web/biblioteca-del-estado-publica-provincial-de-almeria/actividades/agenda?p_p_id=eventosportlet_WAR_culturaportlet_INSTANCE_rPywOIojLvBh&p_p_lifecycle=0&p_p_state=normal&p_p_mode=view&p_p_col_id=column-1&p_p_col_pos=1&p_p_col_count=2&date=16/02/26&action=showDay'}
25 / 28
Getting https://www.bibliotecasdeandalucia.es/web/biblioteca-del-estado-publica-provincial-de-almeria/actividades/agenda?p_p_id=eventosportlet_WAR_culturaportlet_INSTANCE_rPywOIojLvBh&p_p_lifecycle=0&p_p_state=normal&p_p_mode=view&p_p_col_id=column-1&p_p_col_pos=1&p_p_col_count=2&date=13/02/26&action=showDay
Sleep 1
--------------------
{'id': 'f2cf3f36', 'show': 1, 'in_city': 1, 'one_day': 1, 'wrong_date_time': 0, 'event': 'Talleres De Aulasputnik. ¿Cómo Los Nanosatélites Ayudan a Nuestro Planeta?', 'slug': 'talleres-de-aulasputnik-como-los-nanosatelites-ayudan-a-nuestro-planeta', 'category': '__NOT_DEFINIED__', 'id_venue': 'TjmFnJdD', 'venue': 'Biblioteca Publica Provincial Francisco Villaespesa', 'std_venue': 'Biblioteca Pública Francisco Villaespesa', 'start_date': '2026-02-13', 'start_time': '09:30:00', 'end_date': '2026-02-13', 'end_time': '__NOT_DEFINIED__', 'description': 'Talleres de Aulasputnik. ¿Cómo los nanosatélites ayudan a nuestro planeta? El objetivo principal de este taller es explicar qué son los satélites (y específicamente los nanosatélites) y explicar los principios básicos de esta tecnología, para entender como nos pueden ayudar a mejorar nuestro planeta Tierra. Seguidamente, a través de un reto por grupos, el alumnado debe diseñar un satélite,construir una maqueta con un kit básico y realizar una presentación de su idea de proyecto. El propósito de este satélite tiene que ser ofrecer un servicio que ayude a nuestra sociedad a reducir el impacto del cambio climático. Por lo tanto, el alumnado deberá despertar su creatividad y capacidad de encontrar soluciones a diferentes retos sociales. Viernes 13 de febrero9:30h. Salón de actos.Actividad concertada con centros educativos', 'others': {'duration': '__NOT_DEFINIED__'}, 'source': 'BibliotecaAgenda', 'exec_time': '20260224T183337', 'session': '2026_02_24_18_31_Martes', 'image': 'https://www.bibliotecasdeandalucia.es/image/journal/article?img_id=494453240&t=1770370132370', 'url': 'https://www.bibliotecasdeandalucia.es/web/biblioteca-del-estado-publica-provincial-de-almeria/actividades/agenda?p_p_id=eventosportlet_WAR_culturaportlet_INSTANCE_rPywOIojLvBh&p_p_lifecycle=0&p_p_state=normal&p_p_mode=view&p_p_col_id=column-1&p_p_col_pos=1&p_p_col_count=2&date=13/02/26&action=showDay'}
26 / 28
Getting https://www.bibliotecasdeandalucia.es/web/biblioteca-del-estado-publica-provincial-de-almeria/actividades/agenda?p_p_id=eventosportlet_WAR_culturaportlet_INSTANCE_rPywOIojLvBh&p_p_lifecycle=0&p_p_state=normal&p_p_mode=view&p_p_col_id=column-1&p_p_col_pos=1&p_p_col_count=2&date=14/02/26&action=showDay
Sleep 1
27 / 28
Getting https://www.bibliotecasdeandalucia.es/web/biblioteca-del-estado-publica-provincial-de-almeria/actividades/agenda?p_p_id=eventosportlet_WAR_culturaportlet_INSTANCE_rPywOIojLvBh&p_p_lifecycle=0&p_p_state=normal&p_p_mode=view&p_p_col_id=column-1&p_p_col_pos=1&p_p_col_count=2&date=22/02/26&action=showDay
Sleep 1
****************************
Saving 14 new events
Saving in  /home/ubuntu/data_storage/Almeria/2026_02_24_18_31_Martes/0_raw/20260224_1833_BibliotecaAgenda.json
Saving 14 master url
Appending to  /home/ubuntu/data_storage/Almeria/00_master/master_url.json
