
RUNNING VARS → 
        CITY=Jaen, 

        OPERATION=0,
            CREATE_SESSION=0,
            CLOSE_SESSION=0,
            SESSION=None,
            IMAGES=0,
            GET_SCRAPERS=

        SCRAPER=SalaLaPaca
        DAG_RUN_URL=/dags/FisgonTaskSelenium/log?remoteNode=local&step=tarea_1&dagRunId=019c27ef-7830-73b2-96a3-f912da712734

Running for Jaen: SalaLaPaca
SalaLaPaca
RUNNING SESSION =  2026_02_04_09_04_Miercoles
Starting WebDriver...
http://localhost:4444/wd/hub
sleeping 2
Getting content
sleeping 2
******
xpath
/html/body/div[2]/div[3]/div/div/div[2]/div[11]/ul/li[3]/a
/html/body/div[2]/div[3]/div/div/div[2]/div[11]/ul/li[3]/a Not found
Checking unique event url.
***===*** SCRAPER DONE, RESTARTING SELENIUM ***===***
selenium
