
RUNNING VARS → 
        CITY=Almeria, 

        OPERATION=0,
            CREATE_SESSION=0,
            CLOSE_SESSION=0,
            SESSION=None,
            IMAGES=0,
            GET_SCRAPERS=

        SCRAPER=JuntaAndaluciaAgenda
        DAG_RUN_URL=/dags/FisgonTaskSelenium/log?remoteNode=local&step=tarea_1&dagRunId=019ca930-7992-79c0-8be3-86976d777f75

Running for Almeria: JuntaAndaluciaAgenda
JuntaAndaluciaAgenda
RUNNING SESSION =  2026_03_01_11_33_Domingo
Starting WebDriver...
http://localhost:4444/wd/hub
******
css selector
.view-display-id-page_search_activities > ul:nth-child(3) > li:nth-child(1) > a:nth-child(1)
clicking
sleeping 3
Scrolling...
sleeping 1
sleeping 7
******
css selector
.view-display-id-page_search_activities > ul:nth-child(3) > li:nth-child(1) > a:nth-child(1)
clicking
sleeping 3
Scrolling...
sleeping 1
sleeping 7
******
css selector
.view-display-id-page_search_activities > ul:nth-child(3) > li:nth-child(1) > a:nth-child(1)
clicking
sleeping 3
Scrolling...
sleeping 1
sleeping 7
******
css selector
.view-display-id-page_search_activities > ul:nth-child(3) > li:nth-child(1) > a:nth-child(1)
clicking
sleeping 3
Scrolling...
sleeping 1
sleeping 7
******
css selector
.view-display-id-page_search_activities > ul:nth-child(3) > li:nth-child(1) > a:nth-child(1)
clicking
sleeping 3
Scrolling...
sleeping 1
sleeping 7
******
css selector
.view-display-id-page_search_activities > ul:nth-child(3) > li:nth-child(1) > a:nth-child(1)
.view-display-id-page_search_activities > ul:nth-child(3) > li:nth-child(1) > a:nth-child(1) Not found
Getting content
*** SCRAPED 68 URLS WITH EVENTS **
New url events = 10
0 / 10
Getting https://www.juntadeandalucia.es/cultura/agendaculturaldeandalucia/evento/un-lugar-propio
Sleep 4
--------------------
{'id': 'e887cebc', 'show': 1, 'in_city': 1, 'one_day': 0, 'wrong_date_time': 1, 'event': 'Un Lugar Propio', 'slug': 'un-lugar-propio', 'category': '__NOT_DEFINIED__', 'id_venue': 'DDDLJ7pm', 'venue': 'Centro Andaluz de la Fotografía', 'std_venue': 'Centro Andaluz de la Fotografía', 'start_date': '2026-03-05', 'start_time': '__NOT_FOUND__', 'end_date': '2026-03-26', 'end_time': '__NOT_DEFINIED__', 'description': 'La Sala Jorge Rueda acoge Un lugar propio, una propuesta que invita al público a reflexionar sobre los espacios que habitamos y las estructuras que los condicionan, planteando la imagen fotográfica como un medio para pensar críticamente el presente y reivindicar el derecho fundamental a la autonomía personal y creativa, todo ello en el contexto del 8 de marzo, Día Internacional de la Mujer.', 'others': {'location_url': '/cultura/agendaculturaldeandalucia/espacios/centro-andaluz-de-la-fotografia', 'location2': 'Centro Andaluz de la Fotografía', 'duration': '__NOT_FOUND__', 'datetime_details': '05 de Marzo del 2026 - 26 de Marzo del 2026, De martes a domingo, de 10:00 a 14:00 h y de 17:30 a 20:30 h', 'town': '__NOT_FOUND__', 'location': 'Calle Pintor Díaz Molina 9, Almería. Almería', 'duration_days': '__NOT_FOUND__'}, 'source': 'JuntaAndaluciaAgenda', 'exec_time': '20260301T113737', 'session': '2026_03_01_11_33_Domingo', 'image': 'https://www.juntadeandalucia.es/cultura/agendaculturaldeandalucia/sites/default/files/styles/header_activity_ext_2xl/public/2026-02/08%20Agenda%20Cultural%20Andaluc%C3%ADa_2.jpg.webp?itok=ruZQfH8d', 'url': 'https://www.juntadeandalucia.es/cultura/agendaculturaldeandalucia/evento/un-lugar-propio'}
1 / 10
Getting https://www.juntadeandalucia.es/cultura/agendaculturaldeandalucia/evento/la-peticion-0
Sleep 4
--------------------
{'id': 'ddb2ad9a', 'show': 1, 'in_city': 1, 'one_day': 1, 'wrong_date_time': 0, 'event': 'La Petición', 'slug': 'la-peticion', 'category': '__NOT_DEFINIED__', 'id_venue': '70107abb', 'venue': 'Sala de la Filmoteca de Andalucía en Almería', 'std_venue': 'Sala de la Filmoteca de Andalucía en Almería', 'start_date': '2026-03-09', 'start_time': '19:00:00', 'end_date': '2026-03-09', 'end_time': '__NOT_DEFINIED__', 'description': '9 LUNES 19:00 h. 50 años LA PETICIÓN Pilar Miró. España. 1976. 92 min. Color. v.o.e. Año 1900. Teresa, hija única de una acomodada familia del norte de España, solo piensa en sí misma. Ya desde niña, lograba disimular sus pequeñas maldades y conseguía que otros pagasen por ellas. Cuando Miguel, su amante secreto, muere accidentalmente en sus brazos, Teresa recurre a Julián, su mudo y obediente vecino, enamorado de ella desde siempre. Este se compromete a sacar el cuerpo de la habitación bajo la promesa de su amor. Sin embargo, Mauricio, un joven aristócrata, pide la mano de la muchacha y Teresa matará para conservar su armonía social. Sus secretos y sus víctimas permanecerán hundidos en el fondo del lago.', 'others': {'location_url': '/cultura/agendaculturaldeandalucia/espacios/sala-de-la-filmoteca-de-andalucia-en-almeria', 'location2': 'Sala de la Filmoteca de Andalucía en Almería', 'duration': '__NOT_FOUND__', 'datetime_details': '09 de Marzo del 2026, 19:00', 'town': '__NOT_FOUND__', 'location': 'C/ Hermanos Machado, s/n, Almería. Almería', 'duration_days': '__NOT_FOUND__'}, 'source': 'JuntaAndaluciaAgenda', 'exec_time': '20260301T113737', 'session': '2026_03_01_11_33_Domingo', 'image': 'https://www.juntadeandalucia.es/cultura/agendaculturaldeandalucia/sites/default/files/styles/header_activity_ext_2xl/public/2026-02/0872d6_4ae335d75ba447be8dcaad4153a77db4~mv2_0.jpg.webp?itok=FAt6zEaT', 'url': 'https://www.juntadeandalucia.es/cultura/agendaculturaldeandalucia/evento/la-peticion-0'}
2 / 10
Getting https://www.juntadeandalucia.es/cultura/agendaculturaldeandalucia/evento/curso-sin-filtros-mujeres-y-creacion-contemporanea
Sleep 4
--------------------
{'id': '53ef1511', 'show': 1, 'in_city': 1, 'one_day': 0, 'wrong_date_time': 1, 'event': 'Curso Sin Filtros: Mujeres Y Creación Contemporánea', 'slug': 'curso-sin-filtros-mujeres-y-creacion-contemporanea', 'category': '__NOT_DEFINIED__', 'id_venue': 'DDDLJ7pm', 'venue': 'Centro Andaluz de la Fotografía', 'std_venue': 'Centro Andaluz de la Fotografía', 'start_date': '2026-03-05', 'start_time': '__NOT_FOUND__', 'end_date': '2026-03-26', 'end_time': '__NOT_DEFINIED__', 'description': 'El Centro Andaluz de la Fotografía presenta el curso Sin filtros: Mujeres y creación contemporánea , una propuesta formativa que invita a reflexionar sobre el papel de las mujeres en la fotografía actual, tanto como autoras de nuevos discursos visuales como protagonistas de relatos que cuestionan las representaciones tradicionales. Las sesiones se celebrarán los días 5, 12, 19 y 26 de marzo, en horario de 18:00 a 19:00 h , y contarán con la participación de cuatro referentes de la fotografía y el pensamiento visual contemporáneo: Judith Prat, Charo Guijarro, Carmen Dalmau y Marta Soul. Las personas interesadas pueden preinscribirse a través del formulario online hasta las 12:00 h del 3 de marzo de 2026. Acceso al formulario de preinscripción', 'others': {'location_url': '/cultura/agendaculturaldeandalucia/espacios/centro-andaluz-de-la-fotografia', 'location2': 'Centro Andaluz de la Fotografía', 'duration': '__NOT_FOUND__', 'datetime_details': '05 de Marzo del 2026 - 26 de Marzo del 2026, De 18:00 a 19:00 horas.', 'town': '__NOT_FOUND__', 'location': 'Calle Pintor Díaz Molina 9, Almería. Almería', 'duration_days': '__NOT_FOUND__'}, 'source': 'JuntaAndaluciaAgenda', 'exec_time': '20260301T113737', 'session': '2026_03_01_11_33_Domingo', 'image': 'https://www.juntadeandalucia.es/cultura/agendaculturaldeandalucia/sites/default/files/styles/header_activity_ext_2xl/public/2026-02/08%20Agenda%20Cultural%20Andaluc%C3%ADa_1.jpg.webp?itok=J88TFOih', 'url': 'https://www.juntadeandalucia.es/cultura/agendaculturaldeandalucia/evento/curso-sin-filtros-mujeres-y-creacion-contemporanea'}
3 / 10
Getting https://www.juntadeandalucia.es/cultura/agendaculturaldeandalucia/evento/concierto-de-loquillo-en-almeria
Sleep 4
--------------------
{'id': '38a1b4d7', 'show': 1, 'in_city': 1, 'one_day': 1, 'wrong_date_time': 0, 'event': 'Concierto De Loquillo en Almería', 'slug': 'concierto-de-loquillo-en-almeria', 'category': '__NOT_DEFINIED__', 'id_venue': 'T7JHd2rR', 'venue': 'Plaza de Toros de Almería', 'std_venue': 'Plaza de Toros', 'start_date': '2026-10-16', 'start_time': '22:00:00', 'end_date': '2026-10-16', 'end_time': '__NOT_DEFINIED__', 'description': 'CONCIERTO LOQUILLO - ALMERÍA - PLAZA DE TOROS - VIERNES 16 DE OCTUBRE 16 de Octubre de 2026 Apertura 20:00 Inicio 22:00 Plaza de Toros de Almería - Cv Pl. de Toros, 04008 Almería, España', 'others': {'location_url': '/cultura/agendaculturaldeandalucia/espacios/plaza-de-toros-de-almeria', 'location2': 'Plaza de Toros de Almería', 'duration': '__NOT_FOUND__', 'datetime_details': '16 de Octubre del 2026, 22:00 h.', 'town': '__NOT_FOUND__', 'location': 'Circunvalación Plaza de Toros, 29, Almería. Almería', 'duration_days': '__NOT_FOUND__'}, 'source': 'JuntaAndaluciaAgenda', 'exec_time': '20260301T113737', 'session': '2026_03_01_11_33_Domingo', 'image': 'https://www.juntadeandalucia.es/cultura/agendaculturaldeandalucia/sites/default/files/styles/header_activity_ext_2xl/public/2026-02/loquilllo.jpg.webp?itok=di1npHFg', 'url': 'https://www.juntadeandalucia.es/cultura/agendaculturaldeandalucia/evento/concierto-de-loquillo-en-almeria'}
4 / 10
Getting https://www.juntadeandalucia.es/cultura/agendaculturaldeandalucia/evento/almeria-exposicion-maria-lejarraga-y-manuel-de-falla-cita-en-granada-en-roquetas-de-mar
Sleep 4
--------------------
{'id': '9790139a', 'show': 1, 'in_city': 0, 'one_day': 0, 'wrong_date_time': 1, 'event': 'Almería. Exposición María Lejárraga Y Manuel De Falla: Cita en Granada, en Roquetas De Mar', 'slug': 'almeria-exposicion-maria-lejarraga-y-manuel-de-falla-cita-en-granada-en-roquetas', 'category': '__NOT_DEFINIED__', 'id_venue': None, 'venue': 'Castillo de Santa Ana', 'std_venue': None, 'start_date': '2026-03-06', 'start_time': '__NOT_FOUND__', 'end_date': '2026-05-03', 'end_time': '__NOT_DEFINIED__', 'description': 'El Centro Andaluz de las Letras les invita a visitar la exposición María Lejárraga y Manuel de Falla: Cita en Granada. En el 150 aniversario del nacimiento y el 50 de la muerte de María Lejárraga , comisariada por la catedrática Amelina Correa . Con esta exposición se quiere difundir el legado de esta maestra, dramaturga, ensayista, feminista y diputada en las Cortes de la Segunda República, muy conocida en la actualidad porque escribió la mayor parte de sus obras literarias bajo el nombre de su marido, Gregorio Martínez Sierra . La exposición muestra fundamentalmente la especial relación de María Lejárraga con su amigo y confidente Manuel de Falla . Se podrá visitar en el Castillo de Santa Ana de Roquetas de Mar (c/ Manuel Gómez s/n) desde el 6 de marzo al 3 de mayo, de martes a sábado de 10:00 a 13:00 horas y de 17:00 a 20:00 horas, y domingos de 11:00 a 13:00 horas.', 'others': {'location_url': '/cultura/agendaculturaldeandalucia/espacios/castillo-de-santa-ana', 'location2': 'Castillo de Santa Ana', 'duration': '__NOT_FOUND__', 'datetime_details': '06 de Marzo del 2026 - 03 de Mayo del 2026, De martes a sábado de 10:00 a 13:00 y de 17:00 a 20:00. Domingos de 11:00 a 13:00.\n', 'town': '__NOT_FOUND__', 'location': 'Avenida de Roquetas de Mar (Almería), Roquetas de Mar. Almería', 'duration_days': '__NOT_FOUND__'}, 'source': 'JuntaAndaluciaAgenda', 'exec_time': '20260301T113737', 'session': '2026_03_01_11_33_Domingo', 'image': 'https://www.juntadeandalucia.es/cultura/agendaculturaldeandalucia/sites/default/files/styles/header_activity_ext_2xl/public/external_images/maria-lejarraga-archivo-manuel-de-falla_1.jpg.webp?itok=XLD4B1Sx', 'url': 'https://www.juntadeandalucia.es/cultura/agendaculturaldeandalucia/evento/almeria-exposicion-maria-lejarraga-y-manuel-de-falla-cita-en-granada-en-roquetas-de-mar'}
5 / 10
Getting https://www.juntadeandalucia.es/cultura/agendaculturaldeandalucia/evento/don-gil-de-las-calzas-verdes-tirso-de-molina-0
Sleep 4
--------------------
{'id': '4dde9858', 'show': 1, 'in_city': 0, 'one_day': 1, 'wrong_date_time': 0, 'event': 'Don Gil De Las Calzas Verdes (Tirso De Molina)', 'slug': 'don-gil-de-las-calzas-verdes-tirso-de-molina', 'category': '__NOT_DEFINIED__', 'id_venue': None, 'venue': "Auditorio 'Grupo de teatro Muñoz Seca'", 'std_venue': None, 'start_date': '2026-03-15', 'start_time': '19:00:00', 'end_date': '2026-03-15', 'end_time': '__NOT_DEFINIED__', 'description': 'Producción Loyola Teatro (Universidad Loyola) Dirección: Carmen Rey Torreras Vestuario: Tamaral Atelier', 'others': {'location_url': '/cultura/agendaculturaldeandalucia/espacios/auditorio-grupo-de-teatro-munoz-seca-0', 'location2': "Auditorio 'Grupo de teatro Muñoz Seca'", 'duration': '__NOT_FOUND__', 'datetime_details': '15 de Marzo del 2026, 19:00 horas', 'town': '__NOT_FOUND__', 'location': 'Avenida América, nº 11, Albox. Almería', 'duration_days': '__NOT_FOUND__'}, 'source': 'JuntaAndaluciaAgenda', 'exec_time': '20260301T113737', 'session': '2026_03_01_11_33_Domingo', 'image': 'https://www.juntadeandalucia.es/cultura/agendaculturaldeandalucia/sites/default/files/styles/header_activity_ext_2xl/public/2026-02/Cartel%20GIL%20ALBOX.jpg.webp?itok=_0zYKGKv', 'url': 'https://www.juntadeandalucia.es/cultura/agendaculturaldeandalucia/evento/don-gil-de-las-calzas-verdes-tirso-de-molina-0'}
6 / 10
Getting https://www.juntadeandalucia.es/cultura/agendaculturaldeandalucia/evento/concierto-audiostoners
Sleep 4
--------------------
{'id': '5ec68e54', 'show': 1, 'in_city': 1, 'one_day': 1, 'wrong_date_time': 0, 'event': 'Concierto Audiostoners', 'slug': 'concierto-audiostoners', 'category': '__NOT_DEFINIED__', 'id_venue': 'NmPqTrh6', 'venue': 'Sala Berlín Social Club', 'std_venue': 'Berlin Social Club', 'start_date': '2026-08-01', 'start_time': '23:00:00', 'end_date': '2026-08-01', 'end_time': '__NOT_DEFINIED__', 'description': 'CONCIERTO AUDIOSTONERS (TRIBUTO A CHRIS CORNELL Y AUDIOSLAVE)-ALMERÍA-SALA BERLÍN-SÁBADO 1 DE AGOSTO 1 de Agosto de 2026 Apertura 22:00 Inicio 23:00 Berlín Social Club - Parque de Nicolás Salmerón, 9, 04002 Almería, España', 'others': {'location_url': '/cultura/agendaculturaldeandalucia/espacios/sala-berlin-social-club', 'location2': 'Sala Berlín Social Club', 'duration': '__NOT_FOUND__', 'datetime_details': '01 de Agosto del 2026, 23:00 horas', 'town': '__NOT_FOUND__', 'location': 'Parque de Nicolás Salmerón, 9, Almería. Almería', 'duration_days': '__NOT_FOUND__'}, 'source': 'JuntaAndaluciaAgenda', 'exec_time': '20260301T113737', 'session': '2026_03_01_11_33_Domingo', 'image': 'https://www.juntadeandalucia.es/cultura/agendaculturaldeandalucia/sites/default/files/styles/header_activity_ext_2xl/public/2026-02/audiostones.jpg.webp?itok=Plt-ChNx', 'url': 'https://www.juntadeandalucia.es/cultura/agendaculturaldeandalucia/evento/concierto-audiostoners'}
7 / 10
Getting https://www.juntadeandalucia.es/cultura/agendaculturaldeandalucia/evento/alejandro-astola-en-acustico
Sleep 4
--------------------
{'id': '66b490cc', 'show': 1, 'in_city': 1, 'one_day': 1, 'wrong_date_time': 0, 'event': 'Alejandro Astola en Acústico', 'slug': 'alejandro-astola-en-acustico', 'category': '__NOT_DEFINIED__', 'id_venue': 'NmPqTrh6', 'venue': 'Sala Berlín Social Club', 'std_venue': 'Berlin Social Club', 'start_date': '2026-10-17', 'start_time': '21:30:00', 'end_date': '2026-10-17', 'end_time': '__NOT_DEFINIED__', 'description': 'CONCIERTO ASTOLA - ALMERÍA - SALA BERLÍN SOCIAL CLUB - SÁBADO 17 DE OCTUBRE 17 de Octubre de 2026 Apertura 20:30 Inicio 21:30 SALA BERLÍN SOCIAL CLUB - Parque de Nicolás Salmerón, 9, 04001 Almería', 'others': {'location_url': '/cultura/agendaculturaldeandalucia/espacios/sala-berlin-social-club', 'location2': 'Sala Berlín Social Club', 'duration': '__NOT_FOUND__', 'datetime_details': '17 de Octubre del 2026, 21:30 h.', 'town': '__NOT_FOUND__', 'location': 'Parque de Nicolás Salmerón, 9, Almería. Almería', 'duration_days': '__NOT_FOUND__'}, 'source': 'JuntaAndaluciaAgenda', 'exec_time': '20260301T113737', 'session': '2026_03_01_11_33_Domingo', 'image': 'https://www.juntadeandalucia.es/cultura/agendaculturaldeandalucia/sites/default/files/styles/header_activity_ext_2xl/public/2026-02/alejandro_astola.jpg.webp?itok=_Mh3aJqR', 'url': 'https://www.juntadeandalucia.es/cultura/agendaculturaldeandalucia/evento/alejandro-astola-en-acustico'}
8 / 10
Getting https://www.juntadeandalucia.es/cultura/agendaculturaldeandalucia/evento/tributo-queen-en-almeria
Sleep 4
--------------------
{'id': '56ff7c6c', 'show': 1, 'in_city': 1, 'one_day': 1, 'wrong_date_time': 0, 'event': 'Tributo a Queen en Almería', 'slug': 'tributo-a-queen-en-almeria', 'category': '__NOT_DEFINIED__', 'id_venue': 'NmPqTrh6', 'venue': 'Sala Berlín Social Club', 'std_venue': 'Berlin Social Club', 'start_date': '2026-10-02', 'start_time': '21:00:00', 'end_date': '2026-10-02', 'end_time': '__NOT_DEFINIED__', 'description': 'CONCIERTO TRIBUTO QUEEN FOREVER- ALMERÍA - SALA BERLIN SOCIAL CLUB - VIERNES 2 DE OCTUBRE 2 de Octubre de 2026 Apertura 20:00 Inicio 21:00 Berlín Social Club - Parque de Nicolás Salmerón, 9, 04002 Almería, España', 'others': {'location_url': '/cultura/agendaculturaldeandalucia/espacios/sala-berlin-social-club', 'location2': 'Sala Berlín Social Club', 'duration': '__NOT_FOUND__', 'datetime_details': '02 de Octubre del 2026, 21:00 horas', 'town': '__NOT_FOUND__', 'location': 'Parque de Nicolás Salmerón, 9, Almería. Almería', 'duration_days': '__NOT_FOUND__'}, 'source': 'JuntaAndaluciaAgenda', 'exec_time': '20260301T113737', 'session': '2026_03_01_11_33_Domingo', 'image': 'https://www.juntadeandalucia.es/cultura/agendaculturaldeandalucia/sites/default/files/styles/header_activity_ext_2xl/public/2026-02/tributo_queen_almeria.jpg.webp?itok=npS3_Gmn', 'url': 'https://www.juntadeandalucia.es/cultura/agendaculturaldeandalucia/evento/tributo-queen-en-almeria'}
9 / 10
Getting https://www.juntadeandalucia.es/cultura/agendaculturaldeandalucia/evento/concierto-de-muerdo-en-almeria
Sleep 4
--------------------
{'id': '62554b70', 'show': 1, 'in_city': 1, 'one_day': 1, 'wrong_date_time': 0, 'event': 'Concierto De Muerdo en Almería', 'slug': 'concierto-de-muerdo-en-almeria', 'category': '__NOT_DEFINIED__', 'id_venue': 'NmPqTrh6', 'venue': 'Sala Berlín Social Club', 'std_venue': 'Berlin Social Club', 'start_date': '2026-11-14', 'start_time': '21:30:00', 'end_date': '2026-11-14', 'end_time': '__NOT_DEFINIED__', 'description': 'Después de años girando por distintos países y construyendo una conexión profunda con su público, Muerdo presenta una nueva propuesta escénica: “Volver a donde nacen las canciones”. Se trata de un formato acústico y cercano que recorre las canciones más representativas de su trayectoria desde una perspectiva renovada, poniendo el foco en la esencia compositiva y la fuerza del directo. En esta propuesta, Muerdo se mueve entre guitarras y teclados, acompañado por un músico multinstrumentista que suma matices con guitarra, percusión e instrumentos de viento, enriqueciendo cada arreglo con sutileza y profundidad. El repertorio atraviesa distintas etapas de su carrera, ofreciendo nuevas lecturas sonoras que resaltan la raíz, la palabra y el pulso compartido con el público. “Volver a donde nacen las canciones” es una invitación a redescubrir su obra en un formato honesto y despojado, donde la música se convierte en un espacio de encuentro y conexión directa.', 'others': {'location_url': '/cultura/agendaculturaldeandalucia/espacios/sala-berlin-social-club', 'location2': 'Compra de entradas Sala Berlín Social Club', 'duration': '__NOT_FOUND__', 'datetime_details': '14 de Noviembre del 2026, 21:30 h.', 'town': '__NOT_FOUND__', 'location': 'Parque de Nicolás Salmerón, 9, Almería. Almería', 'duration_days': '__NOT_FOUND__'}, 'source': 'JuntaAndaluciaAgenda', 'exec_time': '20260301T113737', 'session': '2026_03_01_11_33_Domingo', 'image': 'https://www.juntadeandalucia.es/cultura/agendaculturaldeandalucia/sites/default/files/styles/header_activity_ext_2xl/public/2026-02/muerdo.jpg.webp?itok=kdugdvPD', 'url': 'https://www.juntadeandalucia.es/cultura/agendaculturaldeandalucia/evento/concierto-de-muerdo-en-almeria'}
****************************
Saving 10 new events
Saving in  /home/ubuntu/data_storage/Almeria/2026_03_01_11_33_Domingo/0_raw/20260301_1137_JuntaAndaluciaAgenda.json
Saving 10 master url
Appending to  /home/ubuntu/data_storage/Almeria/00_master/master_url.json
