time=2026-03-20T10:39:18.919Z level=INFO msg="Executing root dag-run" dag=FisgonTaskSelenium run-id=019d0ad3-ff85-73c0-a881-30d4a5c96fb6 params=""
time=2026-03-20T10:39:18.933Z level=INFO msg="DAG run started" name=FisgonTaskSelenium run-id=019d0ad3-ff85-73c0-a881-30d4a5c96fb6 attempt-id="" dag=FisgonTaskSelenium run-id=019d0ad3-ff85-73c0-a881-30d4a5c96fb6 params="[TARGET_CITY=Almeria TARGET_SCRAPER=AlmeriaCiudad 3=DAGU_BASE_URL=]"
time=2026-03-20T10:39:18.936Z level=INFO msg="Step started" name=FisgonTaskSelenium run-id=019d0ad3-ff85-73c0-a881-30d4a5c96fb6 attempt-id="" dag=FisgonTaskSelenium run-id=019d0ad3-ff85-73c0-a881-30d4a5c96fb6 step=tarea_1
time=2026-03-20T10:40:00.771Z level=INFO msg="DAG run finished" name=FisgonTaskSelenium run-id=019d0ad3-ff85-73c0-a881-30d4a5c96fb6 attempt-id="" dag=FisgonTaskSelenium run-id=019d0ad3-ff85-73c0-a881-30d4a5c96fb6 status=succeeded started-at=2026-03-20T10:39:18Z finished-at=2026-03-20T10:40:00Z
time=2026-03-20T10:40:01.337Z level=INFO msg="Executing root dag-run" dag=FisgonTaskSelenium run-id=019d0ad4-a523-7d30-9285-0be54131f97c params=""
time=2026-03-20T10:40:01.389Z level=INFO msg="DAG run started" name=FisgonTaskSelenium run-id=019d0ad4-a523-7d30-9285-0be54131f97c attempt-id="" dag=FisgonTaskSelenium run-id=019d0ad4-a523-7d30-9285-0be54131f97c params="[TARGET_CITY=Almeria TARGET_SCRAPER=AlmeriaTurismo 3=DAGU_BASE_URL=]"
time=2026-03-20T10:40:01.399Z level=INFO msg="Step started" name=FisgonTaskSelenium run-id=019d0ad4-a523-7d30-9285-0be54131f97c attempt-id="" dag=FisgonTaskSelenium run-id=019d0ad4-a523-7d30-9285-0be54131f97c step=tarea_1
time=2026-03-20T10:40:45.517Z level=INFO msg="DAG run finished" name=FisgonTaskSelenium run-id=019d0ad4-a523-7d30-9285-0be54131f97c attempt-id="" dag=FisgonTaskSelenium run-id=019d0ad4-a523-7d30-9285-0be54131f97c status=succeeded started-at=2026-03-20T10:40:01Z finished-at=2026-03-20T10:40:45Z
time=2026-03-20T10:40:45.848Z level=INFO msg="Executing root dag-run" dag=FisgonTaskSelenium run-id=019d0ad5-5313-7633-9e89-e58400577560 params=""
time=2026-03-20T10:40:45.862Z level=INFO msg="DAG run started" name=FisgonTaskSelenium run-id=019d0ad5-5313-7633-9e89-e58400577560 attempt-id="" dag=FisgonTaskSelenium run-id=019d0ad5-5313-7633-9e89-e58400577560 params="[TARGET_CITY=Almeria TARGET_SCRAPER=JuntaAndaluciaAgenda 3=DAGU_BASE_URL=]"
time=2026-03-20T10:40:45.866Z level=INFO msg="Step started" name=FisgonTaskSelenium run-id=019d0ad5-5313-7633-9e89-e58400577560 attempt-id="" dag=FisgonTaskSelenium run-id=019d0ad5-5313-7633-9e89-e58400577560 step=tarea_1
time=2026-03-20T10:42:06.189Z level=INFO msg="DAG run finished" name=FisgonTaskSelenium run-id=019d0ad5-5313-7633-9e89-e58400577560 attempt-id="" dag=FisgonTaskSelenium run-id=019d0ad5-5313-7633-9e89-e58400577560 status=succeeded started-at=2026-03-20T10:40:45Z finished-at=2026-03-20T10:42:06Z
time=2026-03-20T10:42:06.389Z level=INFO msg="Executing root dag-run" dag=FisgonTaskSelenium run-id=019d0ad6-8dad-7ef6-a730-6a8cffa91b5d params=""
time=2026-03-20T10:42:06.412Z level=INFO msg="DAG run started" name=FisgonTaskSelenium run-id=019d0ad6-8dad-7ef6-a730-6a8cffa91b5d attempt-id="" dag=FisgonTaskSelenium run-id=019d0ad6-8dad-7ef6-a730-6a8cffa91b5d params="[TARGET_CITY=Almeria TARGET_SCRAPER=ClassicJazz 3=DAGU_BASE_URL=]"
time=2026-03-20T10:42:06.415Z level=INFO msg="Step started" name=FisgonTaskSelenium run-id=019d0ad6-8dad-7ef6-a730-6a8cffa91b5d attempt-id="" dag=FisgonTaskSelenium run-id=019d0ad6-8dad-7ef6-a730-6a8cffa91b5d step=tarea_1
time=2026-03-20T10:43:08.448Z level=INFO msg="DAG run finished" name=FisgonTaskSelenium run-id=019d0ad6-8dad-7ef6-a730-6a8cffa91b5d attempt-id="" dag=FisgonTaskSelenium run-id=019d0ad6-8dad-7ef6-a730-6a8cffa91b5d status=succeeded started-at=2026-03-20T10:42:06Z finished-at=2026-03-20T10:43:08Z
time=2026-03-20T10:43:08.494Z level=INFO msg="Executing root dag-run" dag=FisgonTaskSelenium run-id=019d0ad7-804c-7833-bd59-71ac209cd3ac params=""
time=2026-03-20T10:43:08.508Z level=INFO msg="DAG run started" name=FisgonTaskSelenium run-id=019d0ad7-804c-7833-bd59-71ac209cd3ac attempt-id="" dag=FisgonTaskSelenium run-id=019d0ad7-804c-7833-bd59-71ac209cd3ac params="[TARGET_CITY=Almeria TARGET_SCRAPER=Entradium 3=DAGU_BASE_URL=]"
time=2026-03-20T10:43:08.511Z level=INFO msg="Step started" name=FisgonTaskSelenium run-id=019d0ad7-804c-7833-bd59-71ac209cd3ac attempt-id="" dag=FisgonTaskSelenium run-id=019d0ad7-804c-7833-bd59-71ac209cd3ac step=tarea_1
time=2026-03-20T10:43:45.992Z level=INFO msg="DAG run finished" name=FisgonTaskSelenium run-id=019d0ad7-804c-7833-bd59-71ac209cd3ac attempt-id="" dag=FisgonTaskSelenium run-id=019d0ad7-804c-7833-bd59-71ac209cd3ac status=succeeded started-at=2026-03-20T10:43:08Z finished-at=2026-03-20T10:43:45Z
time=2026-03-20T10:43:46.056Z level=INFO msg="Executing root dag-run" dag=FisgonTaskSelenium run-id=019d0ad8-1306-7212-818c-8c960d6b69e1 params=""
time=2026-03-20T10:43:46.069Z level=INFO msg="DAG run started" name=FisgonTaskSelenium run-id=019d0ad8-1306-7212-818c-8c960d6b69e1 attempt-id="" dag=FisgonTaskSelenium run-id=019d0ad8-1306-7212-818c-8c960d6b69e1 params="[TARGET_CITY=Almeria TARGET_SCRAPER=TodasLasEntradas 3=DAGU_BASE_URL=]"
time=2026-03-20T10:43:46.073Z level=INFO msg="Step started" name=FisgonTaskSelenium run-id=019d0ad8-1306-7212-818c-8c960d6b69e1 attempt-id="" dag=FisgonTaskSelenium run-id=019d0ad8-1306-7212-818c-8c960d6b69e1 step=tarea_1
time=2026-03-20T10:43:56.691Z level=INFO msg="DAG run finished" name=FisgonTaskSelenium run-id=019d0ad8-1306-7212-818c-8c960d6b69e1 attempt-id="" dag=FisgonTaskSelenium run-id=019d0ad8-1306-7212-818c-8c960d6b69e1 status=succeeded started-at=2026-03-20T10:43:46Z finished-at=2026-03-20T10:43:56Z
time=2026-03-20T10:43:56.731Z level=INFO msg="Executing root dag-run" dag=FisgonTaskSelenium run-id=019d0ad8-3cb9-771e-8b37-85f008d81cd9 params=""
time=2026-03-20T10:43:56.744Z level=INFO msg="DAG run started" name=FisgonTaskSelenium run-id=019d0ad8-3cb9-771e-8b37-85f008d81cd9 attempt-id="" dag=FisgonTaskSelenium run-id=019d0ad8-3cb9-771e-8b37-85f008d81cd9 params="[TARGET_CITY=Almeria TARGET_SCRAPER=RedBibliotecas 3=DAGU_BASE_URL=]"
time=2026-03-20T10:43:56.748Z level=INFO msg="Step started" name=FisgonTaskSelenium run-id=019d0ad8-3cb9-771e-8b37-85f008d81cd9 attempt-id="" dag=FisgonTaskSelenium run-id=019d0ad8-3cb9-771e-8b37-85f008d81cd9 step=tarea_1
time=2026-03-20T10:44:08.672Z level=INFO msg="DAG run finished" name=FisgonTaskSelenium run-id=019d0ad8-3cb9-771e-8b37-85f008d81cd9 attempt-id="" dag=FisgonTaskSelenium run-id=019d0ad8-3cb9-771e-8b37-85f008d81cd9 status=succeeded started-at=2026-03-20T10:43:56Z finished-at=2026-03-20T10:44:08Z
time=2026-03-20T10:44:08.720Z level=INFO msg="Executing root dag-run" dag=FisgonTaskSelenium run-id=019d0ad8-6b8d-7dc3-934a-e2b94dd6b489 params=""
time=2026-03-20T10:44:08.733Z level=INFO msg="DAG run started" name=FisgonTaskSelenium run-id=019d0ad8-6b8d-7dc3-934a-e2b94dd6b489 attempt-id="" dag=FisgonTaskSelenium run-id=019d0ad8-6b8d-7dc3-934a-e2b94dd6b489 params="[TARGET_CITY=Almeria TARGET_SCRAPER=SalaEmma 3=DAGU_BASE_URL=]"
time=2026-03-20T10:44:08.737Z level=INFO msg="Step started" name=FisgonTaskSelenium run-id=019d0ad8-6b8d-7dc3-934a-e2b94dd6b489 attempt-id="" dag=FisgonTaskSelenium run-id=019d0ad8-6b8d-7dc3-934a-e2b94dd6b489 step=tarea_1
time=2026-03-20T10:44:28.878Z level=INFO msg="DAG run finished" name=FisgonTaskSelenium run-id=019d0ad8-6b8d-7dc3-934a-e2b94dd6b489 attempt-id="" dag=FisgonTaskSelenium run-id=019d0ad8-6b8d-7dc3-934a-e2b94dd6b489 status=succeeded started-at=2026-03-20T10:44:08Z finished-at=2026-03-20T10:44:28Z
