time=2026-03-20T10:37:03.907Z level=INFO msg="Executing root dag-run" dag=FisgonTaskRequest run-id=019d0ad1-f01c-7b8c-8a10-af86c978b59d params=""
time=2026-03-20T10:37:03.927Z level=INFO msg="DAG run started" name=FisgonTaskRequest run-id=019d0ad1-f01c-7b8c-8a10-af86c978b59d attempt-id="" dag=FisgonTaskRequest run-id=019d0ad1-f01c-7b8c-8a10-af86c978b59d params="[TARGET_CITY=Almeria TARGET_SCRAPER=KuverProducciones 3=DAGU_BASE_URL=]"
time=2026-03-20T10:37:03.933Z level=INFO msg="Step started" name=FisgonTaskRequest run-id=019d0ad1-f01c-7b8c-8a10-af86c978b59d attempt-id="" dag=FisgonTaskRequest run-id=019d0ad1-f01c-7b8c-8a10-af86c978b59d step=tarea_1
time=2026-03-20T10:37:09.916Z level=INFO msg="DAG run finished" name=FisgonTaskRequest run-id=019d0ad1-f01c-7b8c-8a10-af86c978b59d attempt-id="" dag=FisgonTaskRequest run-id=019d0ad1-f01c-7b8c-8a10-af86c978b59d status=succeeded started-at=2026-03-20T10:37:03Z finished-at=2026-03-20T10:37:09Z
time=2026-03-20T10:37:09.954Z level=INFO msg="Executing root dag-run" dag=FisgonTaskRequest run-id=019d0ad2-07c0-7b8c-9b05-f755e3c2b978 params=""
time=2026-03-20T10:37:09.968Z level=INFO msg="DAG run started" name=FisgonTaskRequest run-id=019d0ad2-07c0-7b8c-9b05-f755e3c2b978 attempt-id="" dag=FisgonTaskRequest run-id=019d0ad2-07c0-7b8c-9b05-f755e3c2b978 params="[TARGET_CITY=Almeria TARGET_SCRAPER=SalaBerlin 3=DAGU_BASE_URL=]"
time=2026-03-20T10:37:09.971Z level=INFO msg="Step started" name=FisgonTaskRequest run-id=019d0ad2-07c0-7b8c-9b05-f755e3c2b978 attempt-id="" dag=FisgonTaskRequest run-id=019d0ad2-07c0-7b8c-9b05-f755e3c2b978 step=tarea_1
time=2026-03-20T10:37:20.592Z level=INFO msg="DAG run finished" name=FisgonTaskRequest run-id=019d0ad2-07c0-7b8c-9b05-f755e3c2b978 attempt-id="" dag=FisgonTaskRequest run-id=019d0ad2-07c0-7b8c-9b05-f755e3c2b978 status=succeeded started-at=2026-03-20T10:37:09Z finished-at=2026-03-20T10:37:20Z
time=2026-03-20T10:37:20.636Z level=INFO msg="Executing root dag-run" dag=FisgonTaskRequest run-id=019d0ad2-317a-7798-a6b6-a5a1b3cd206f params=""
time=2026-03-20T10:37:20.650Z level=INFO msg="DAG run started" name=FisgonTaskRequest run-id=019d0ad2-317a-7798-a6b6-a5a1b3cd206f attempt-id="" dag=FisgonTaskRequest run-id=019d0ad2-317a-7798-a6b6-a5a1b3cd206f params="[TARGET_CITY=Almeria TARGET_SCRAPER=LaGuajira 3=DAGU_BASE_URL=]"
time=2026-03-20T10:37:20.653Z level=INFO msg="Step started" name=FisgonTaskRequest run-id=019d0ad2-317a-7798-a6b6-a5a1b3cd206f attempt-id="" dag=FisgonTaskRequest run-id=019d0ad2-317a-7798-a6b6-a5a1b3cd206f step=tarea_1
time=2026-03-20T10:38:23.902Z level=INFO msg="DAG run finished" name=FisgonTaskRequest run-id=019d0ad2-317a-7798-a6b6-a5a1b3cd206f attempt-id="" dag=FisgonTaskRequest run-id=019d0ad2-317a-7798-a6b6-a5a1b3cd206f status=succeeded started-at=2026-03-20T10:37:20Z finished-at=2026-03-20T10:38:23Z
time=2026-03-20T10:38:23.944Z level=INFO msg="Executing root dag-run" dag=FisgonTaskRequest run-id=019d0ad3-28c6-76bf-842e-0c74c9c79756 params=""
time=2026-03-20T10:38:23.958Z level=INFO msg="DAG run started" name=FisgonTaskRequest run-id=019d0ad3-28c6-76bf-842e-0c74c9c79756 attempt-id="" dag=FisgonTaskRequest run-id=019d0ad3-28c6-76bf-842e-0c74c9c79756 params="[TARGET_CITY=Almeria TARGET_SCRAPER=ConciertosClub 3=DAGU_BASE_URL=]"
time=2026-03-20T10:38:23.961Z level=INFO msg="Step started" name=FisgonTaskRequest run-id=019d0ad3-28c6-76bf-842e-0c74c9c79756 attempt-id="" dag=FisgonTaskRequest run-id=019d0ad3-28c6-76bf-842e-0c74c9c79756 step=tarea_1
time=2026-03-20T10:38:35.549Z level=INFO msg="DAG run finished" name=FisgonTaskRequest run-id=019d0ad3-28c6-76bf-842e-0c74c9c79756 attempt-id="" dag=FisgonTaskRequest run-id=019d0ad3-28c6-76bf-842e-0c74c9c79756 status=succeeded started-at=2026-03-20T10:38:23Z finished-at=2026-03-20T10:38:35Z
time=2026-03-20T10:38:35.589Z level=INFO msg="Executing root dag-run" dag=FisgonTaskRequest run-id=019d0ad3-5643-7ba8-b03f-16cb6d8c92b3 params=""
time=2026-03-20T10:38:35.602Z level=INFO msg="DAG run started" name=FisgonTaskRequest run-id=019d0ad3-5643-7ba8-b03f-16cb6d8c92b3 attempt-id="" dag=FisgonTaskRequest run-id=019d0ad3-5643-7ba8-b03f-16cb6d8c92b3 params="[TARGET_CITY=Almeria TARGET_SCRAPER=JacksonLive 3=DAGU_BASE_URL=]"
time=2026-03-20T10:38:35.606Z level=INFO msg="Step started" name=FisgonTaskRequest run-id=019d0ad3-5643-7ba8-b03f-16cb6d8c92b3 attempt-id="" dag=FisgonTaskRequest run-id=019d0ad3-5643-7ba8-b03f-16cb6d8c92b3 step=tarea_1
time=2026-03-20T10:38:38.041Z level=INFO msg="DAG run finished" name=FisgonTaskRequest run-id=019d0ad3-5643-7ba8-b03f-16cb6d8c92b3 attempt-id="" dag=FisgonTaskRequest run-id=019d0ad3-5643-7ba8-b03f-16cb6d8c92b3 status=succeeded started-at=2026-03-20T10:38:35Z finished-at=2026-03-20T10:38:38Z
time=2026-03-20T10:38:38.089Z level=INFO msg="Executing root dag-run" dag=FisgonTaskRequest run-id=019d0ad3-6007-7d19-81fc-6d97484f836a params=""
time=2026-03-20T10:38:38.103Z level=INFO msg="DAG run started" name=FisgonTaskRequest run-id=019d0ad3-6007-7d19-81fc-6d97484f836a attempt-id="" dag=FisgonTaskRequest run-id=019d0ad3-6007-7d19-81fc-6d97484f836a params="[TARGET_CITY=Almeria TARGET_SCRAPER=BibliotecaAgenda 3=DAGU_BASE_URL=]"
time=2026-03-20T10:38:38.106Z level=INFO msg="Step started" name=FisgonTaskRequest run-id=019d0ad3-6007-7d19-81fc-6d97484f836a attempt-id="" dag=FisgonTaskRequest run-id=019d0ad3-6007-7d19-81fc-6d97484f836a step=tarea_1
time=2026-03-20T10:39:18.856Z level=INFO msg="DAG run finished" name=FisgonTaskRequest run-id=019d0ad3-6007-7d19-81fc-6d97484f836a attempt-id="" dag=FisgonTaskRequest run-id=019d0ad3-6007-7d19-81fc-6d97484f836a status=succeeded started-at=2026-03-20T10:38:38Z finished-at=2026-03-20T10:39:18Z
