
> build:css
> tailwindcss -i ./src/tailwind.css -o ./static/css/tailwind.css --minify

Static prefix: /dist
HTML: rendering 401 pages
HTML: 1/401
HTML: 25/401
HTML: 50/401
HTML: 75/401
HTML: 100/401
HTML: 125/401
HTML: 150/401
HTML: 175/401
HTML: 200/401
HTML: 225/401
HTML: 250/401
HTML: 275/401
HTML: 300/401
HTML: 325/401
HTML: 350/401
HTML: 375/401
HTML: 400/401
HTML: 401/401
Built 2 month pages + 399 other pages into /app/dist/almeria
Wrote /app/dist/almeria/sitemap.xml
Wrote /app/dist/almeria/robots.txt
