Succeeded - 2026-03-04T12:56:12Z

dag: FisgonSession (0s)
│
└─session (0s) [succeeded]
  ├─bash -lc 'docker run --rm --network host -v
  │   /home/ubuntu/work/fisgon:/app -v
  │   /home/ubuntu/data_storage:/home/ubuntu/data_storage -w /app -e
  │   OPERATION=1 -e DOCKER_CONFIG=/tmp/.docker -e HOME=/tmp -e TARGET_CITY -e
  │   CREATE_SESSION -e CLOSE_SESSION -e
  │   DAG_RUN_URL="${DAGU_BASE_URL}/dags/${DAG_NAME}?dagRunId=${DAG_RUN_ID}"
  │   -e
  │   DAG_RUN_LOG_URL="${DAGU_BASE_URL}/dags/${DAG_NAME}/log?remoteNode=local&
  │   step=session&dagRunId=${DAG_RUN_ID}" fisgon_scraper:1.0; rc=$?; exit
  │   $rc'
  │
  └─stdout:
      RUNNING VARS →
      CITY=Almeria,
      OPERATION=1,
      CREATE_SESSION=0,
      CLOSE_SESSION=1,
      SESSION=None,
      IMAGES=0,
      GET_SCRAPERS=
      SCRAPER=
      DAG_RUN_URL=/dags/FisgonSession/log?remoteNode=local&step=session&dagRunId
      =019cb8eb-9278-7389-b121-a1d62515eef5
      Executing final task with session: 2026_03_04_12_48_Miercoles
      Reading
      /home/ubuntu/data_storage/Almeria/2026_03_04_12_48_Miercoles/0_raw/2026030
      4_1248_LaGuajira.json...
      Reading
      /home/ubuntu/data_storage/Almeria/2026_03_04_12_48_Miercoles/0_raw/2026030
      4_1254_Entradium.json...
      Reading
      /home/ubuntu/data_storage/Almeria/2026_03_04_12_48_Miercoles/0_raw/2026030
      4_1250_AlmeriaTurismo.json...
      Reading
      /home/ubuntu/data_storage/Almeria/2026_03_04_12_48_Miercoles/0_raw/2026030
      4_1249_ConciertosClub.json...
      Reading
      /home/ubuntu/data_storage/Almeria/2026_03_04_12_48_Miercoles/0_raw/2026030
      4_1251_JuntaAndaluciaAgenda.json...
      Reading
      /home/ubuntu/data_storage/Almeria/2026_03_04_12_48_Miercoles/0_raw/2026030
      4_1250_AlmeriaCiudad.json...
      Reading
      /home/ubuntu/data_storage/Almeria/2026_03_04_12_48_Miercoles/0_raw/2026030
      4_1255_SalaEmma.json...
      Reading
      /home/ubuntu/data_storage/Almeria/2026_03_04_12_48_Miercoles/0_raw/2026030
      4_1249_BibliotecaAgenda.json...
      Reading
      /home/ubuntu/data_storage/Almeria/2026_03_04_12_48_Miercoles/0_raw/2026030
      4_1253_ClassicJazz.json...
      Saving 32 new events
      Saving in
      /home/ubuntu/data_storage/Almeria/2026_03_04_12_48_Miercoles/0_raw/Merged.
      json

Result: Succeeded

