time=2026-03-04T12:49:56.183Z level=INFO msg="Executing root dag-run" dag=FisgonTaskSelenium run-id=019cb8e5-d5d5-756b-8adf-4944acf983d3 params=""
time=2026-03-04T12:49:56.196Z level=INFO msg="DAG run started" name=FisgonTaskSelenium run-id=019cb8e5-d5d5-756b-8adf-4944acf983d3 attempt-id="" dag=FisgonTaskSelenium run-id=019cb8e5-d5d5-756b-8adf-4944acf983d3 params="[TARGET_CITY=Almeria TARGET_SCRAPER=AlmeriaCiudad 3=DAGU_BASE_URL=]"
time=2026-03-04T12:49:56.200Z level=INFO msg="Step started" name=FisgonTaskSelenium run-id=019cb8e5-d5d5-756b-8adf-4944acf983d3 attempt-id="" dag=FisgonTaskSelenium run-id=019cb8e5-d5d5-756b-8adf-4944acf983d3 step=tarea_1
time=2026-03-04T12:50:46.268Z level=INFO msg="DAG run finished" name=FisgonTaskSelenium run-id=019cb8e5-d5d5-756b-8adf-4944acf983d3 attempt-id="" dag=FisgonTaskSelenium run-id=019cb8e5-d5d5-756b-8adf-4944acf983d3 status=succeeded started-at=2026-03-04T12:49:56Z finished-at=2026-03-04T12:50:46Z
time=2026-03-04T12:50:46.362Z level=INFO msg="Executing root dag-run" dag=FisgonTaskSelenium run-id=019cb8e6-99d2-796d-8750-9e474732bb2a params=""
time=2026-03-04T12:50:46.379Z level=INFO msg="DAG run started" name=FisgonTaskSelenium run-id=019cb8e6-99d2-796d-8750-9e474732bb2a attempt-id="" dag=FisgonTaskSelenium run-id=019cb8e6-99d2-796d-8750-9e474732bb2a params="[TARGET_CITY=Almeria TARGET_SCRAPER=AlmeriaTurismo 3=DAGU_BASE_URL=]"
time=2026-03-04T12:50:46.381Z level=INFO msg="Step started" name=FisgonTaskSelenium run-id=019cb8e6-99d2-796d-8750-9e474732bb2a attempt-id="" dag=FisgonTaskSelenium run-id=019cb8e6-99d2-796d-8750-9e474732bb2a step=tarea_1
time=2026-03-04T12:51:23.897Z level=INFO msg="DAG run finished" name=FisgonTaskSelenium run-id=019cb8e6-99d2-796d-8750-9e474732bb2a attempt-id="" dag=FisgonTaskSelenium run-id=019cb8e6-99d2-796d-8750-9e474732bb2a status=succeeded started-at=2026-03-04T12:50:46Z finished-at=2026-03-04T12:51:23Z
time=2026-03-04T12:51:23.943Z level=INFO msg="Executing root dag-run" dag=FisgonTaskSelenium run-id=019cb8e7-2ca5-7774-955f-5ee174363b72 params=""
time=2026-03-04T12:51:23.951Z level=INFO msg="DAG run started" name=FisgonTaskSelenium run-id=019cb8e7-2ca5-7774-955f-5ee174363b72 attempt-id="" dag=FisgonTaskSelenium run-id=019cb8e7-2ca5-7774-955f-5ee174363b72 params="[TARGET_CITY=Almeria TARGET_SCRAPER=JuntaAndaluciaAgenda 3=DAGU_BASE_URL=]"
time=2026-03-04T12:51:23.953Z level=INFO msg="Step started" name=FisgonTaskSelenium run-id=019cb8e7-2ca5-7774-955f-5ee174363b72 attempt-id="" dag=FisgonTaskSelenium run-id=019cb8e7-2ca5-7774-955f-5ee174363b72 step=tarea_1
time=2026-03-04T12:53:12.846Z level=INFO msg="DAG run finished" name=FisgonTaskSelenium run-id=019cb8e7-2ca5-7774-955f-5ee174363b72 attempt-id="" dag=FisgonTaskSelenium run-id=019cb8e7-2ca5-7774-955f-5ee174363b72 status=succeeded started-at=2026-03-04T12:51:23Z finished-at=2026-03-04T12:53:12Z
time=2026-03-04T12:53:12.895Z level=INFO msg="Executing root dag-run" dag=FisgonTaskSelenium run-id=019cb8e8-d63d-7ac1-9038-c7e2d76fe9f7 params=""
time=2026-03-04T12:53:12.910Z level=INFO msg="DAG run started" name=FisgonTaskSelenium run-id=019cb8e8-d63d-7ac1-9038-c7e2d76fe9f7 attempt-id="" dag=FisgonTaskSelenium run-id=019cb8e8-d63d-7ac1-9038-c7e2d76fe9f7 params="[TARGET_CITY=Almeria TARGET_SCRAPER=ClassicJazz 3=DAGU_BASE_URL=]"
time=2026-03-04T12:53:12.913Z level=INFO msg="Step started" name=FisgonTaskSelenium run-id=019cb8e8-d63d-7ac1-9038-c7e2d76fe9f7 attempt-id="" dag=FisgonTaskSelenium run-id=019cb8e8-d63d-7ac1-9038-c7e2d76fe9f7 step=tarea_1
time=2026-03-04T12:54:19.655Z level=INFO msg="DAG run finished" name=FisgonTaskSelenium run-id=019cb8e8-d63d-7ac1-9038-c7e2d76fe9f7 attempt-id="" dag=FisgonTaskSelenium run-id=019cb8e8-d63d-7ac1-9038-c7e2d76fe9f7 status=succeeded started-at=2026-03-04T12:53:12Z finished-at=2026-03-04T12:54:19Z
time=2026-03-04T12:54:19.716Z level=INFO msg="Executing root dag-run" dag=FisgonTaskSelenium run-id=019cb8e9-db42-793a-a460-1aaa5804e3ae params=""
time=2026-03-04T12:54:19.729Z level=INFO msg="DAG run started" name=FisgonTaskSelenium run-id=019cb8e9-db42-793a-a460-1aaa5804e3ae attempt-id="" dag=FisgonTaskSelenium run-id=019cb8e9-db42-793a-a460-1aaa5804e3ae params="[TARGET_CITY=Almeria TARGET_SCRAPER=Entradium 3=DAGU_BASE_URL=]"
time=2026-03-04T12:54:19.733Z level=INFO msg="Step started" name=FisgonTaskSelenium run-id=019cb8e9-db42-793a-a460-1aaa5804e3ae attempt-id="" dag=FisgonTaskSelenium run-id=019cb8e9-db42-793a-a460-1aaa5804e3ae step=tarea_1
time=2026-03-04T12:55:09.236Z level=INFO msg="DAG run finished" name=FisgonTaskSelenium run-id=019cb8e9-db42-793a-a460-1aaa5804e3ae attempt-id="" dag=FisgonTaskSelenium run-id=019cb8e9-db42-793a-a460-1aaa5804e3ae status=succeeded started-at=2026-03-04T12:54:19Z finished-at=2026-03-04T12:55:09Z
time=2026-03-04T12:55:09.274Z level=INFO msg="Executing root dag-run" dag=FisgonTaskSelenium run-id=019cb8ea-9cd8-7c9e-946f-58b83dd89c31 params=""
time=2026-03-04T12:55:09.282Z level=INFO msg="DAG run started" name=FisgonTaskSelenium run-id=019cb8ea-9cd8-7c9e-946f-58b83dd89c31 attempt-id="" dag=FisgonTaskSelenium run-id=019cb8ea-9cd8-7c9e-946f-58b83dd89c31 params="[TARGET_CITY=Almeria TARGET_SCRAPER=TodasLasEntradas 3=DAGU_BASE_URL=]"
time=2026-03-04T12:55:09.284Z level=INFO msg="Step started" name=FisgonTaskSelenium run-id=019cb8ea-9cd8-7c9e-946f-58b83dd89c31 attempt-id="" dag=FisgonTaskSelenium run-id=019cb8ea-9cd8-7c9e-946f-58b83dd89c31 step=tarea_1
time=2026-03-04T12:55:20.152Z level=INFO msg="DAG run finished" name=FisgonTaskSelenium run-id=019cb8ea-9cd8-7c9e-946f-58b83dd89c31 attempt-id="" dag=FisgonTaskSelenium run-id=019cb8ea-9cd8-7c9e-946f-58b83dd89c31 status=succeeded started-at=2026-03-04T12:55:09Z finished-at=2026-03-04T12:55:20Z
time=2026-03-04T12:55:20.192Z level=INFO msg="Executing root dag-run" dag=FisgonTaskSelenium run-id=019cb8ea-c77e-7ea9-bc46-ae33013fd09a params=""
time=2026-03-04T12:55:20.206Z level=INFO msg="DAG run started" name=FisgonTaskSelenium run-id=019cb8ea-c77e-7ea9-bc46-ae33013fd09a attempt-id="" dag=FisgonTaskSelenium run-id=019cb8ea-c77e-7ea9-bc46-ae33013fd09a params="[TARGET_CITY=Almeria TARGET_SCRAPER=RedBibliotecas 3=DAGU_BASE_URL=]"
time=2026-03-04T12:55:20.209Z level=INFO msg="Step started" name=FisgonTaskSelenium run-id=019cb8ea-c77e-7ea9-bc46-ae33013fd09a attempt-id="" dag=FisgonTaskSelenium run-id=019cb8ea-c77e-7ea9-bc46-ae33013fd09a step=tarea_1
time=2026-03-04T12:55:50.677Z level=INFO msg="DAG run finished" name=FisgonTaskSelenium run-id=019cb8ea-c77e-7ea9-bc46-ae33013fd09a attempt-id="" dag=FisgonTaskSelenium run-id=019cb8ea-c77e-7ea9-bc46-ae33013fd09a status=failed started-at=2026-03-04T12:55:20Z finished-at=2026-03-04T12:55:50Z
time=2026-03-04T12:55:50.703Z level=ERROR msg="Failed to execute dag-run" dag=FisgonTaskSelenium run-id=019cb8ea-c77e-7ea9-bc46-ae33013fd09a err="failed to execute step \"tarea_1\": exit status 1\nrecent stderr (tail):\n File \"/usr/local/lib/python3.11/site-packages/selenium/webdriver/remote/errorhandler.py\", line 232, in check_response\n    raise exception_class(message, screen, stacktrace)\nselenium.common.exceptions.TimeoutException: Message: timeout: Timed out receiving message from renderer: -0.006\n  (Session info: chrome=143.0.7499.169)\nStacktrace:\n#0 0x5ae1101ac61a <unknown>\n#1 0x5ae10fc2920b <unknown>\n#2 0x5ae10fc112aa <unknown>\n#3 0x5ae10fc10f8d <unknown>\n#4 0x5ae10fc0ee47 <unknown>\n#5 0x5ae10fc0f75f <unknown>\n#6 0x5ae10fc1df20 <unknown>\n#7 0x5ae10fc375e7 <unknown>\n#8 0x5ae10fc3dc9b <unknown>\n#9 0x5ae10fc0fe88 <unknown>\n#10 0x5ae10fc37356 <unknown>\n#11 0x5ae10fcc60de <unknown>\n#12 0x5ae10fc6d232 <unknown>\n#13 0x5ae10fc6dee1 <unknown>\n#14 0x5ae1101753f9 <unknown>\n#15 0x5ae11017834d <unknown>\n#16 0x5ae11015e122 <unknown>\n#17 0x5ae110178f2b <unknown>\n#18 0x5ae110144c30 <unknown>\n#19 0x5ae110199d78 <unknown>\n#20 0x5ae110199f4c <unknown>\n#21 0x5ae1101ab973 <unknown>\n#22 0x71a397f30aa4 <unknown>\n#23 0x71a397fbda64 __clone\n\n"
Error: failed to execute the dag-run FisgonTaskSelenium (dag-run ID: 019cb8ea-c77e-7ea9-bc46-ae33013fd09a): failed to execute step "tarea_1": exit status 1
recent stderr (tail):
 File "/usr/local/lib/python3.11/site-packages/selenium/webdriver/remote/errorhandler.py", line 232, in check_response
    raise exception_class(message, screen, stacktrace)
selenium.common.exceptions.TimeoutException: Message: timeout: Timed out receiving message from renderer: -0.006
  (Session info: chrome=143.0.7499.169)
Stacktrace:
#0 0x5ae1101ac61a <unknown>
#1 0x5ae10fc2920b <unknown>
#2 0x5ae10fc112aa <unknown>
#3 0x5ae10fc10f8d <unknown>
#4 0x5ae10fc0ee47 <unknown>
#5 0x5ae10fc0f75f <unknown>
#6 0x5ae10fc1df20 <unknown>
#7 0x5ae10fc375e7 <unknown>
#8 0x5ae10fc3dc9b <unknown>
#9 0x5ae10fc0fe88 <unknown>
#10 0x5ae10fc37356 <unknown>
#11 0x5ae10fcc60de <unknown>
#12 0x5ae10fc6d232 <unknown>
#13 0x5ae10fc6dee1 <unknown>
#14 0x5ae1101753f9 <unknown>
#15 0x5ae11017834d <unknown>
#16 0x5ae11015e122 <unknown>
#17 0x5ae110178f2b <unknown>
#18 0x5ae110144c30 <unknown>
#19 0x5ae110199d78 <unknown>
#20 0x5ae110199f4c <unknown>
#21 0x5ae1101ab973 <unknown>
#22 0x71a397f30aa4 <unknown>
#23 0x71a397fbda64 __clone


time=2026-03-04T12:55:50.732Z level=INFO msg="Executing root dag-run" dag=FisgonTaskSelenium run-id=019cb8eb-3ec9-71bf-8427-a451a72a04da params=""
time=2026-03-04T12:55:50.747Z level=INFO msg="DAG run started" name=FisgonTaskSelenium run-id=019cb8eb-3ec9-71bf-8427-a451a72a04da attempt-id="" dag=FisgonTaskSelenium run-id=019cb8eb-3ec9-71bf-8427-a451a72a04da params="[TARGET_CITY=Almeria TARGET_SCRAPER=SalaEmma 3=DAGU_BASE_URL=]"
time=2026-03-04T12:55:50.750Z level=INFO msg="Step started" name=FisgonTaskSelenium run-id=019cb8eb-3ec9-71bf-8427-a451a72a04da attempt-id="" dag=FisgonTaskSelenium run-id=019cb8eb-3ec9-71bf-8427-a451a72a04da step=tarea_1
time=2026-03-04T12:56:12.064Z level=INFO msg="DAG run finished" name=FisgonTaskSelenium run-id=019cb8eb-3ec9-71bf-8427-a451a72a04da attempt-id="" dag=FisgonTaskSelenium run-id=019cb8eb-3ec9-71bf-8427-a451a72a04da status=succeeded started-at=2026-03-04T12:55:50Z finished-at=2026-03-04T12:56:12Z
