time=2026-03-04T12:48:05.758Z level=INFO msg="Executing root dag-run" dag=FisgonTaskRequest run-id=019cb8e4-267d-736b-ab31-08c0f4dd2906 params=""
time=2026-03-04T12:48:05.773Z level=INFO msg="DAG run started" name=FisgonTaskRequest run-id=019cb8e4-267d-736b-ab31-08c0f4dd2906 attempt-id="" dag=FisgonTaskRequest run-id=019cb8e4-267d-736b-ab31-08c0f4dd2906 params="[TARGET_CITY=Almeria TARGET_SCRAPER=KuverProducciones 3=DAGU_BASE_URL=]"
time=2026-03-04T12:48:05.776Z level=INFO msg="Step started" name=FisgonTaskRequest run-id=019cb8e4-267d-736b-ab31-08c0f4dd2906 attempt-id="" dag=FisgonTaskRequest run-id=019cb8e4-267d-736b-ab31-08c0f4dd2906 step=tarea_1
time=2026-03-04T12:48:13.224Z level=INFO msg="DAG run finished" name=FisgonTaskRequest run-id=019cb8e4-267d-736b-ab31-08c0f4dd2906 attempt-id="" dag=FisgonTaskRequest run-id=019cb8e4-267d-736b-ab31-08c0f4dd2906 status=succeeded started-at=2026-03-04T12:48:05Z finished-at=2026-03-04T12:48:13Z
time=2026-03-04T12:48:13.263Z level=INFO msg="Executing root dag-run" dag=FisgonTaskRequest run-id=019cb8e4-43cd-7d21-927b-1e9cf305eb28 params=""
time=2026-03-04T12:48:13.276Z level=INFO msg="DAG run started" name=FisgonTaskRequest run-id=019cb8e4-43cd-7d21-927b-1e9cf305eb28 attempt-id="" dag=FisgonTaskRequest run-id=019cb8e4-43cd-7d21-927b-1e9cf305eb28 params="[TARGET_CITY=Almeria TARGET_SCRAPER=SalaBerlin 3=DAGU_BASE_URL=]"
time=2026-03-04T12:48:13.279Z level=INFO msg="Step started" name=FisgonTaskRequest run-id=019cb8e4-43cd-7d21-927b-1e9cf305eb28 attempt-id="" dag=FisgonTaskRequest run-id=019cb8e4-43cd-7d21-927b-1e9cf305eb28 step=tarea_1
time=2026-03-04T12:48:17.927Z level=INFO msg="DAG run finished" name=FisgonTaskRequest run-id=019cb8e4-43cd-7d21-927b-1e9cf305eb28 attempt-id="" dag=FisgonTaskRequest run-id=019cb8e4-43cd-7d21-927b-1e9cf305eb28 status=succeeded started-at=2026-03-04T12:48:13Z finished-at=2026-03-04T12:48:17Z
time=2026-03-04T12:48:17.964Z level=INFO msg="Executing root dag-run" dag=FisgonTaskRequest run-id=019cb8e4-562b-724b-be31-0181aa245679 params=""
time=2026-03-04T12:48:17.977Z level=INFO msg="DAG run started" name=FisgonTaskRequest run-id=019cb8e4-562b-724b-be31-0181aa245679 attempt-id="" dag=FisgonTaskRequest run-id=019cb8e4-562b-724b-be31-0181aa245679 params="[TARGET_CITY=Almeria TARGET_SCRAPER=LaGuajira 3=DAGU_BASE_URL=]"
time=2026-03-04T12:48:17.981Z level=INFO msg="Step started" name=FisgonTaskRequest run-id=019cb8e4-562b-724b-be31-0181aa245679 attempt-id="" dag=FisgonTaskRequest run-id=019cb8e4-562b-724b-be31-0181aa245679 step=tarea_1
time=2026-03-04T12:49:17.147Z level=INFO msg="DAG run finished" name=FisgonTaskRequest run-id=019cb8e4-562b-724b-be31-0181aa245679 attempt-id="" dag=FisgonTaskRequest run-id=019cb8e4-562b-724b-be31-0181aa245679 status=succeeded started-at=2026-03-04T12:48:17Z finished-at=2026-03-04T12:49:17Z
time=2026-03-04T12:49:17.189Z level=INFO msg="Executing root dag-run" dag=FisgonTaskRequest run-id=019cb8e5-3d84-75e2-82bb-34bbb6b68850 params=""
time=2026-03-04T12:49:17.202Z level=INFO msg="DAG run started" name=FisgonTaskRequest run-id=019cb8e5-3d84-75e2-82bb-34bbb6b68850 attempt-id="" dag=FisgonTaskRequest run-id=019cb8e5-3d84-75e2-82bb-34bbb6b68850 params="[TARGET_CITY=Almeria TARGET_SCRAPER=ConciertosClub 3=DAGU_BASE_URL=]"
time=2026-03-04T12:49:17.206Z level=INFO msg="Step started" name=FisgonTaskRequest run-id=019cb8e5-3d84-75e2-82bb-34bbb6b68850 attempt-id="" dag=FisgonTaskRequest run-id=019cb8e5-3d84-75e2-82bb-34bbb6b68850 step=tarea_1
time=2026-03-04T12:49:25.742Z level=INFO msg="DAG run finished" name=FisgonTaskRequest run-id=019cb8e5-3d84-75e2-82bb-34bbb6b68850 attempt-id="" dag=FisgonTaskRequest run-id=019cb8e5-3d84-75e2-82bb-34bbb6b68850 status=succeeded started-at=2026-03-04T12:49:17Z finished-at=2026-03-04T12:49:25Z
time=2026-03-04T12:49:25.780Z level=INFO msg="Executing root dag-run" dag=FisgonTaskRequest run-id=019cb8e5-5f12-7c56-a339-12df83e8d2cc params=""
time=2026-03-04T12:49:25.793Z level=INFO msg="DAG run started" name=FisgonTaskRequest run-id=019cb8e5-5f12-7c56-a339-12df83e8d2cc attempt-id="" dag=FisgonTaskRequest run-id=019cb8e5-5f12-7c56-a339-12df83e8d2cc params="[TARGET_CITY=Almeria TARGET_SCRAPER=JacksonLive 3=DAGU_BASE_URL=]"
time=2026-03-04T12:49:25.796Z level=INFO msg="Step started" name=FisgonTaskRequest run-id=019cb8e5-5f12-7c56-a339-12df83e8d2cc attempt-id="" dag=FisgonTaskRequest run-id=019cb8e5-5f12-7c56-a339-12df83e8d2cc step=tarea_1
time=2026-03-04T12:49:28.395Z level=INFO msg="DAG run finished" name=FisgonTaskRequest run-id=019cb8e5-5f12-7c56-a339-12df83e8d2cc attempt-id="" dag=FisgonTaskRequest run-id=019cb8e5-5f12-7c56-a339-12df83e8d2cc status=succeeded started-at=2026-03-04T12:49:25Z finished-at=2026-03-04T12:49:28Z
time=2026-03-04T12:49:28.439Z level=INFO msg="Executing root dag-run" dag=FisgonTaskRequest run-id=019cb8e5-6974-796e-8fa6-25e91cd60d4a params=""
time=2026-03-04T12:49:28.451Z level=INFO msg="DAG run started" name=FisgonTaskRequest run-id=019cb8e5-6974-796e-8fa6-25e91cd60d4a attempt-id="" dag=FisgonTaskRequest run-id=019cb8e5-6974-796e-8fa6-25e91cd60d4a params="[TARGET_CITY=Almeria TARGET_SCRAPER=BibliotecaAgenda 3=DAGU_BASE_URL=]"
time=2026-03-04T12:49:28.455Z level=INFO msg="Step started" name=FisgonTaskRequest run-id=019cb8e5-6974-796e-8fa6-25e91cd60d4a attempt-id="" dag=FisgonTaskRequest run-id=019cb8e5-6974-796e-8fa6-25e91cd60d4a step=tarea_1
time=2026-03-04T12:49:56.123Z level=INFO msg="DAG run finished" name=FisgonTaskRequest run-id=019cb8e5-6974-796e-8fa6-25e91cd60d4a attempt-id="" dag=FisgonTaskRequest run-id=019cb8e5-6974-796e-8fa6-25e91cd60d4a status=succeeded started-at=2026-03-04T12:49:28Z finished-at=2026-03-04T12:49:56Z
