
RUNNING VARS → 
        CITY=Almeria, 

        OPERATION=0,
            CREATE_SESSION=0,
            CLOSE_SESSION=0,
            SESSION=None,
            IMAGES=0,
            GET_SCRAPERS=

        SCRAPER=Entradium
        DAG_RUN_URL=/dags/FisgonTaskSelenium/log?remoteNode=local&step=tarea_1&dagRunId=019cd502-c0c0-70d3-baae-e53d914a2e5d

Running for Almeria: Entradium
Entradium
RUNNING SESSION =  2026_03_09_23_45_Lunes
Starting WebDriver...
http://localhost:4444/wd/hub
sleeping 5
clicking
sleeping 3
sleeping 1.5
sleeping 3
******
xpath
/html/body/header/div[2]/div[1]/div/div/form/div/div/button/span/i
clicking
sleeping 3
sleeping 8
Getting content
*** SCRAPED 28 URLS WITH EVENTS **
New url events = 1
0 / 1
Getting https://entradium.com/es/events/stand-up-comedy-artenvacio-manley-labordeta-almeria-sala-stand-up-artenvacio-almeria
Sleep 4
['28.03.2026', '19:00']
--------------------
{'id': '83eba821', 'show': 1, 'in_city': 1, 'one_day': 1, 'wrong_date_time': 0, 'event': 'Manley  & Labordeta', 'slug': 'manley-labordeta', 'category': '__NOT_DEFINIED__', 'id_venue': '9B7gDFP7', 'venue': 'Sala Stand Up Artenvacio', 'std_venue': 'Sala Artenvacio', 'start_date': '2026-03-28', 'start_time': '19:00:00', 'end_date': '__NOT_DEFINIED__', 'end_time': '__NOT_DEFINIED__', 'description': 'STAND UP COMEDY ARTENVACIO - MANLEY & LABORDETAMANLEY Y LABORDETA llevan años pisando los escenarios de la región y con una larga trayectoria en la comedia. Esta noche nos traen un espectáculo acido, lleno de gags y humor canalla. Una noche de comedia delirante! Un espectáculo que ofrece, sobre todo, un aluvión de risas. No te pierdas a estos dos cómicos en una noche increíble de risas y humor como siempre en la sala Artenvacio, que todos los sábados del año trae monólogos cómicos. PASE A LAS 19:00 H APERTURA DE PUERTAS A LAS 18:30 H ENTRADAS A 12€', 'others': {}, 'source': 'Entradium', 'exec_time': '20260309T235058', 'session': '2026_03_09_23_45_Lunes', 'image': 'https://d2il8hfach02z9.cloudfront.net/uploads/event/poster/93b4dd6b303ebc9def9a8ad9442d6b82f3f4b863/event_m_Captura_de_pantalla_2026-03-09_113057.png?v=1773052369', 'url': 'https://entradium.com/es/events/stand-up-comedy-artenvacio-manley-labordeta-almeria-sala-stand-up-artenvacio-almeria'}
****************************
Saving 1 new events
Saving in  /home/ubuntu/data_storage/Almeria/2026_03_09_23_45_Lunes/0_raw/20260309_2350_Entradium.json
Saving 1 master url
Appending to  /home/ubuntu/data_storage/Almeria/00_master/master_url.json
