
RUNNING VARS → 
        CITY=Almeria, 

        OPERATION=0,
            CREATE_SESSION=0,
            CLOSE_SESSION=0,
            SESSION=None,
            IMAGES=0,
            GET_SCRAPERS=

        SCRAPER=JuntaAndaluciaAgenda
        DAG_RUN_URL=/dags/FisgonTaskSelenium/log?remoteNode=local&step=tarea_1&dagRunId=019d6454-8fd7-7102-a0d8-f2d094ce619a

Running for Almeria: JuntaAndaluciaAgenda
JuntaAndaluciaAgenda
RUNNING SESSION =  2026_04_06_19_42_Lunes
Starting WebDriver...
http://localhost:4444/wd/hub
******
css selector
.view-display-id-page_search_activities > ul:nth-child(3) > li:nth-child(1) > a:nth-child(1)
clicking
sleeping 3
Scrolling...
sleeping 1
sleeping 7
******
css selector
.view-display-id-page_search_activities > ul:nth-child(3) > li:nth-child(1) > a:nth-child(1)
clicking
sleeping 3
Scrolling...
sleeping 1
sleeping 7
******
css selector
.view-display-id-page_search_activities > ul:nth-child(3) > li:nth-child(1) > a:nth-child(1)
clicking
sleeping 3
Scrolling...
sleeping 1
sleeping 7
******
css selector
.view-display-id-page_search_activities > ul:nth-child(3) > li:nth-child(1) > a:nth-child(1)
clicking
sleeping 3
Scrolling...
sleeping 1
sleeping 7
******
css selector
.view-display-id-page_search_activities > ul:nth-child(3) > li:nth-child(1) > a:nth-child(1)
.view-display-id-page_search_activities > ul:nth-child(3) > li:nth-child(1) > a:nth-child(1) Not found
Getting content
*** SCRAPED 62 URLS WITH EVENTS **
New url events = 1
0 / 1
Getting https://www.juntadeandalucia.es/cultura/agendaculturaldeandalucia/evento/sesion-de-cuentos-los-cuentos-conocen-la-ciudad-con-paula-mandarina
Sleep 4
--------------------
{'id': '42272f17', 'show': 1, 'in_city': 1, 'one_day': 1, 'wrong_date_time': 0, 'event': 'Sesión De Cuentos "Los Cuentos Conocen La Ciudad", Con Paula Mandarina', 'slug': 'sesion-de-cuentos-los-cuentos-conocen-la-ciudad-con-paula-mandarina', 'category': '__NOT_DEFINIED__', 'id_venue': 'TjmFnJdD', 'venue': 'Biblioteca Pública del Estado-Biblioteca Provincial de Almería Francisco Villaespesa', 'std_venue': 'Biblioteca Pública Francisco Villaespesa', 'start_date': '2026-04-11', 'start_time': '11:00:00', 'end_date': '2026-04-11', 'end_time': '__NOT_DEFINIED__', 'description': 'Sesión de cuentos "Los cuentos conocen la ciudad", con Paula Mandarina. Ha llegado el día que los libros esperan impacientes, un año más sacamos a los libros de la biblioteca para que conozcan la ciudad. Acompáñanos a contar cuentos en los rincones más chulos de Almería. Dirigido a público familiar. Aforo máximo: 50 personas. Duración: 1 hora. Sábado 11 de abril 11:00h. Inscripción previa.', 'others': {'location_url': '/cultura/agendaculturaldeandalucia/espacios/biblioteca-publica-del-estado-biblioteca-provincial-de-almeria-francisco-villaespesa', 'location2': 'Biblioteca Pública del Estado-Biblioteca Provincial de Almería Francisco Villaespesa', 'duration': '1', 'datetime_details': '11 de Abril del 2026, 11:00 h.', 'town': '__NOT_FOUND__', 'location': 'Calle Hermanos Machado, s/n, Almería. Almería', 'duration_days': '__NOT_FOUND__'}, 'source': 'JuntaAndaluciaAgenda', 'exec_time': '20260406T194603', 'session': '2026_04_06_19_42_Lunes', 'image': 'https://www.juntadeandalucia.es/cultura/agendaculturaldeandalucia/sites/default/files/styles/header_activity_ext_2xl/public/2026-04/CARTEL_2.png.webp?itok=JNx9ow2b', 'url': 'https://www.juntadeandalucia.es/cultura/agendaculturaldeandalucia/evento/sesion-de-cuentos-los-cuentos-conocen-la-ciudad-con-paula-mandarina'}
****************************
Saving 1 new events
Saving in  /home/ubuntu/data_storage/Almeria/2026_04_06_19_42_Lunes/0_raw/20260406_1946_JuntaAndaluciaAgenda.json
Saving 1 master url
Appending to  /home/ubuntu/data_storage/Almeria/00_master/master_url.json
