
RUNNING VARS → 
        CITY=Almeria, 

        OPERATION=0,
            CREATE_SESSION=0,
            CLOSE_SESSION=0,
            SESSION=None,
            IMAGES=0,
            GET_SCRAPERS=

        SCRAPER=KuverProducciones
        DAG_RUN_URL=/dags/FisgonTaskRequest/log?remoteNode=local&step=tarea_1&dagRunId=019c90eb-5640-7018-93ac-f1aee9901215

Running for Almeria: KuverProducciones
KuverProducciones
Creating rawfolder...
RUNNING SESSION =  2026_02_24_18_31_Martes
Getting https://kuverproducciones.com/proximos-eventos/
Sleep 1
*** SCRAPED 87 URLS WITH EVENTS **
New url events = 29
0 / 29
Getting https://kuverproducciones.com/evento/one-way-ticket-teatro-musical-almeria-teatro-cervantes/
Sleep 4
