
RUNNING VARS → 
        CITY=Almeria, 

        OPERATION=0,
            CREATE_SESSION=0,
            CLOSE_SESSION=0,
            SESSION=None,
            IMAGES=0,
            GET_SCRAPERS=

        SCRAPER=ConciertosClub
        DAG_RUN_URL=/dags/FisgonTaskRequest/log?remoteNode=local&step=tarea_1&dagRunId=019cf8aa-e725-7ae2-9b0b-f7ab70b89ca0

Running for Almeria: ConciertosClub
ConciertosClub
RUNNING SESSION =  2026_03_16_21_59_Lunes
Getting https://conciertos.club/almeria
Sleep 1
*** SCRAPED 129 URLS WITH EVENTS **
New url events = 0
#######################
No new urls/events extracted. No new events to save
#######################
