
RUNNING VARS → 
        CITY=Almeria, 

        OPERATION=1,
            CREATE_SESSION=0,
            CLOSE_SESSION=1,
            SESSION=None,
            IMAGES=0,
            GET_SCRAPERS=

        SCRAPER=
        DAG_RUN_URL=/dags/FisgonSession/log?remoteNode=local&step=session&dagRunId=019cb305-9f87-7712-b448-b8ae259ed984

Executing final task with session: 2026_03_03_09_15_Martes
Reading /home/ubuntu/data_storage/Almeria/2026_03_03_09_15_Martes/0_raw/20260303_0926_SalaEmma.json...
Reading /home/ubuntu/data_storage/Almeria/2026_03_03_09_15_Martes/0_raw/20260303_0918_AlmeriaTurismo.json...
Reading /home/ubuntu/data_storage/Almeria/2026_03_03_09_15_Martes/0_raw/20260303_0917_BibliotecaAgenda.json...
Reading /home/ubuntu/data_storage/Almeria/2026_03_03_09_15_Martes/0_raw/20260303_0919_JuntaAndaluciaAgenda.json...
Reading /home/ubuntu/data_storage/Almeria/2026_03_03_09_15_Martes/0_raw/20260303_0920_ClassicJazz.json...
Reading /home/ubuntu/data_storage/Almeria/2026_03_03_09_15_Martes/0_raw/20260303_0916_LaGuajira.json...
Reading /home/ubuntu/data_storage/Almeria/2026_03_03_09_15_Martes/0_raw/20260303_0921_FlowteTaquillaCultural.json...
Saving 79 new events
Saving in  /home/ubuntu/data_storage/Almeria/2026_03_03_09_15_Martes/0_raw/Merged.json
