
RUNNING VARS → 
        CITY=Almeria, 

        OPERATION=0,
            CREATE_SESSION=0,
            CLOSE_SESSION=0,
            SESSION=None,
            IMAGES=0,
            GET_SCRAPERS=

        SCRAPER=AlmeriaCiudad
        DAG_RUN_URL=/dags/FisgonTaskSelenium/log?remoteNode=local&step=tarea_1&dagRunId=019cb8e5-d5d5-756b-8adf-4944acf983d3

Running for Almeria: AlmeriaCiudad
AlmeriaCiudad
RUNNING SESSION =  2026_03_04_12_48_Miercoles
Starting WebDriver...
http://localhost:4444/wd/hub
sleeping 5
Getting content
page = 0 -----------https://almeriaciudad.es/cultura/agenda?page=0--------------- len 12
sleeping 5
Getting content
page = 1 -----------https://almeriaciudad.es/cultura/agenda?page=1--------------- len 12
sleeping 5
Getting content
page = 2 -----------https://almeriaciudad.es/cultura/agenda?page=2--------------- len 11
sleeping 5
Getting content
page = 3 -----------https://almeriaciudad.es/cultura/agenda?page=3--------------- len 0
*** SCRAPED 35 URLS WITH EVENTS **
New url events = 2
0 / 2
Getting https://almeriaciudad.es//cultura/evento/ocal-escuchar-crecer-la-hierba
Sleep 4
--------------------
{'id': '76a24868', 'show': 1, 'in_city': 1, 'one_day': 1, 'wrong_date_time': 0, 'event': 'Ocal - Escuchar Crecer La Hierba', 'slug': 'ocal-escuchar-crecer-la-hierba', 'category': '__NOT_DEFINIED__', 'id_venue': '27qNP7DH', 'venue': 'Auditorio Municipal Maestro Padilla', 'std_venue': 'Auditorio Municipal Maestro Padilla', 'start_date': '2026-04-26', 'start_time': '12:30:00', 'end_date': '2026-04-26', 'end_time': '14:00:00', 'description': '', 'others': {'organizer': 'Auditorio Municipal Maestro Padilla', 'price': 'NIVEL A: 12 EUROS | NIVEL B: 10 EUROS | DTO. CONSERVATORIO: 5 EUROS', 'category': 'Concierto|Música|Orquesta', 'audience_age': 'Todas las edades'}, 'source': 'AlmeriaCiudad', 'exec_time': '20260304T125003', 'session': '2026_03_04_12_48_Miercoles', 'image': 'https://almeriaciudad.es/uploads/styles/large/public/media/image/web__cartel_ocal_concierto-26abril_page-0001.jpg?itok=PtItY_IM', 'url': 'https://almeriaciudad.es//cultura/evento/ocal-escuchar-crecer-la-hierba'}
1 / 2
Getting https://almeriaciudad.es//cultura/evento/concierto-benefico-fundacion-nino-feliz
Sleep 4
--------------------
{'id': '55ef59a2', 'show': 1, 'in_city': 1, 'one_day': 1, 'wrong_date_time': 0, 'event': 'Concierto Benéfico Fundación "Niño Feliz"', 'slug': 'concierto-benefico-fundacion-nino-feliz', 'category': '__NOT_DEFINIED__', 'id_venue': None, 'venue': '__NOT_FOUND__', 'std_venue': None, 'start_date': '2026-03-08', 'start_time': '19:30:00', 'end_date': '2026-03-08', 'end_time': '20:30:00', 'description': 'Archivo de vídeo. El 8 de marzo a las 19:30 en el Teatro Apolo (Almería) tendrá lugar una velada creativa benéfica de Yevhenii Hulak: «Hablemos de lo más importante...». Será una noche llena de música, poesía y emociones sinceras dedicadas a los padres, a los hijos y al amor. Una noche para sentir, para compartir y para ayudar. 💙💛 Todo lo recaudado será destinado al apoyo de niños enfermos en Ucrania a través de la Fundación “Niño Feliz”. Cada entrada no es solo un asiento en el teatro. Es esperanza. Es solidaridad. Es una oportunidad de cambiar la vida de un niño. 🎟 Entrada: 8 €. Niños hasta 8 años — gratis. Les invitamos a venir con familia y amigos. Unidos podemos hacer más. Unidos podemos dar luz y esperanza.', 'others': {'organizer': '__NOT_FOUND__', 'price': 'GENERAL: 8 EUROS | MENORES DE 8 AÑOS GRATIS', 'category': 'Benéfico', 'audience_age': 'Todas las edades'}, 'source': 'AlmeriaCiudad', 'exec_time': '20260304T125003', 'session': '2026_03_04_12_48_Miercoles', 'image': 'https://almeriaciudad.es/uploads/styles/large/public/media/image/whatsapp-image-2026-03-03-at-11.31.27.jpeg?itok=pRzgk1Fc', 'url': 'https://almeriaciudad.es//cultura/evento/concierto-benefico-fundacion-nino-feliz'}
****************************
Saving 2 new events
Saving in  /home/ubuntu/data_storage/Almeria/2026_03_04_12_48_Miercoles/0_raw/20260304_1250_AlmeriaCiudad.json
Saving 2 master url
Appending to  /home/ubuntu/data_storage/Almeria/00_master/master_url.json
