
RUNNING VARS → 
        CITY=Almeria, 

        OPERATION=0,
            CREATE_SESSION=0,
            CLOSE_SESSION=0,
            SESSION=None,
            IMAGES=0,
            GET_SCRAPERS=

        SCRAPER=ClassicJazz
        DAG_RUN_URL=/dags/FisgonTaskSelenium/log?remoteNode=local&step=tarea_1&dagRunId=019cb2ff-fae3-7a8c-b180-24cfbbfa967d

Running for Almeria: ClassicJazz
ClassicJazz
RUNNING SESSION =  2026_03_03_09_15_Martes
Starting WebDriver...
http://localhost:4444/wd/hub
*********************times =1
sleeping 7
Scrolling...
sleeping 1
Getting content
clicking
sleeping 3
sleeping 7
*********************times =2
sleeping 7
Scrolling...
sleeping 1
Getting content
clicking
sleeping 3
sleeping 7
*** SCRAPED 115 URLS WITH EVENTS **
New url events = 3
0 / 3
Getting https://clasijazz.com/evento/concierto-en-los-museos-saxo-solo_carles-medina-clasijazz-rural/
Sleep 4
2026-03-05T12:00:00 2026-03-05T13:30:00
--------------------
{'id': '53f383b7', 'show': 1, 'in_city': 0, 'one_day': 1, 'wrong_date_time': 0, 'event': 'Concierto en Los Museos: Saxo Solo_Carles Medina – Clasijazz Rural', 'slug': 'concierto-en-los-museos-saxo-solo-carles-medina-clasijazz-rural', 'category': '__NOT_DEFINIED__', 'id_venue': None, 'venue': 'Museos de Terque', 'std_venue': None, 'start_date': '2026-03-05', 'start_time': '12:00:00', 'end_date': '2026-03-05', 'end_time': '13:30:00', 'description': 'Clasijazz Rural Museos de Terque 5 euros No Socias/os_Gratis Socias/os y residentes Terque Concierto Saxo Solo_Carles Medina Puesta en común-Muestra sonora de la residencia artística del saxofonista Carles Medina realizada en «El Molino» Clasijazz Rural.', 'others': {'price': '__NOT_DEFINIED__', 'category': 'Programación', 'location_url': 'https://clasijazz.com/local/museos-de-terque/', 'location': '__NOT_FOUND__'}, 'source': 'ClassicJazz', 'exec_time': '20260303T092050', 'session': '2026_03_03_09_15_Martes', 'image': 'https://clasijazz.com/wp-content/uploads/2026/03/RURAL-POST.png', 'url': 'https://clasijazz.com/evento/concierto-en-los-museos-saxo-solo_carles-medina-clasijazz-rural/'}
1 / 3
Getting https://clasijazz.com/evento/jam-funk-port-of-spain-5/2026-05-07/
Sleep 4
2026-05-07T22:00:00 2026-05-07T23:55:00
--------------------
{'id': '03e7fe26', 'show': 1, 'in_city': 1, 'one_day': 1, 'wrong_date_time': 0, 'event': 'Jam Funk', 'slug': 'jam-funk', 'category': '__NOT_DEFINIED__', 'id_venue': 'ddgm4gQP', 'venue': 'Port Of Spain', 'std_venue': 'Port Of Spain', 'start_date': '2026-05-07', 'start_time': '22:00:00', 'end_date': '2026-05-07', 'end_time': '23:55:00', 'description': 'Entrada Libre Port of Spain Una Jam Session increíble en ese entorno tan bonito del Port of Spain. Llena de Funk !', 'others': {'price': '__NOT_DEFINIED__', 'category': 'Programación', 'location_url': 'https://clasijazz.com/local/port-of-spain/', 'location': 'Parque Nicolás Salmeron 20, Almería'}, 'source': 'ClassicJazz', 'exec_time': '20260303T092050', 'session': '2026_03_03_09_15_Martes', 'image': 'https://clasijazz.com/wp-content/uploads/2025/08/jam_funky-2-3-3.jpg', 'url': 'https://clasijazz.com/evento/jam-funk-port-of-spain-5/2026-05-07/'}
2 / 3
Getting https://clasijazz.com/evento/mini-jam/2026-05-08/
Sleep 4
2026-05-08T18:00:00 2026-05-08T19:00:00
--------------------
{'id': 'f0a96ecc', 'show': 1, 'in_city': 1, 'one_day': 1, 'wrong_date_time': 0, 'event': 'Mini Jam', 'slug': 'mini-jam', 'category': '__NOT_DEFINIED__', 'id_venue': 'Q6b6LRjT', 'venue': 'Sede Clasijazz', 'std_venue': 'Clasijazz', 'start_date': '2026-05-08', 'start_time': '18:00:00', 'end_date': '2026-05-08', 'end_time': '19:00:00', 'description': 'Entrada Libre | Sala Industrial Que importantes son las Mini Jams en Clasijazz. Generaciones se han criado con música y cantando desde chicos . Aquí tenéis todas las de este curso . Son gratuitas pero si quieres hacerte socio nos ayudarás a seguir con la ilusión por predicar la música para todas las edades.', 'others': {'price': '__NOT_DEFINIED__', 'category': 'Programación', 'location_url': 'https://clasijazz.com/local/sede-clasijazz/', 'location': 'Maestro Serrano 9, Almería'}, 'source': 'ClassicJazz', 'exec_time': '20260303T092050', 'session': '2026_03_03_09_15_Martes', 'image': 'https://clasijazz.com/wp-content/uploads/2026/01/PANA3644-scaled.jpg', 'url': 'https://clasijazz.com/evento/mini-jam/2026-05-08/'}
****************************
Saving 3 new events
Saving in  /home/ubuntu/data_storage/Almeria/2026_03_03_09_15_Martes/0_raw/20260303_0920_ClassicJazz.json
Saving 3 master url
Appending to  /home/ubuntu/data_storage/Almeria/00_master/master_url.json
