Launching scraper: KuverProducciones
Succeeded - 2026-03-30T13:28:47Z

dag: FisgonTaskRequest (6.0s)
│
└─tarea_1 (6.0s) [succeeded]
  ├─bash -lc 'docker run --rm --network host -v
  │   /home/ubuntu/work/fisgon:/app -v
  │   /home/ubuntu/data_storage:/home/ubuntu/data_storage -v
  │   /home/ubuntu/work/event_flask_app/static/img:/home/ubuntu/work/event_fla
  │   sk_app/static/img -w /app -e OPERATION=0 -e DOCKER_CONFIG=/tmp/.docker
  │   -e HOME=/tmp -e TARGET_CITY -e TARGET_SCRAPER -e
  │   DAG_RUN_URL="${DAGU_BASE_URL}/dags/${DAG_NAME}?dagRunId=${DAG_RUN_ID}"
  │   -e
  │   DAG_RUN_LOG_URL="${DAGU_BASE_URL}/dags/${DAG_NAME}/log?remoteNode=local&
  │   step=tarea_1&dagRunId=${DAG_RUN_ID}" fisgon_scraper:1.0; rc=$?; exit
  │   $rc'
  │
  ├─stdout:
  │   RUNNING VARS →
  │   CITY=Almeria,
  │   OPERATION=0,
  │   CREATE_SESSION=0,
  │   CLOSE_SESSION=0,
  │   SESSION=None,
  │   IMAGES=0,
  │   GET_SCRAPERS=
  │   SCRAPER=KuverProducciones
  │   DAG_RUN_URL=/dags/FisgonTaskRequest/log?remoteNode=local&step=tarea_1&da
  │   gRunId=019d3eee-bf52-7784-b55c-5ffa9aed8461
  │   Running for Almeria: KuverProducciones
  │   KuverProducciones
  │   Creating rawfolder...
  │   RUNNING SESSION =  2026_03_30_13_28_Lunes
  │   Getting https://kuverproducciones.com/proximos-eventos/
  │   Sleep 1
  │   *** SCRAPED 54 URLS WITH EVENTS **
  │   New url events = 0
  │   #######################
  │   No new urls/events extracted. No new events to save
  │   #######################
  └─stderr:
      /usr/local/lib/python3.11/site-packages/urllib3/connectionpool.py:1097:
      InsecureRequestWarning: Unverified HTTPS request is being made to host
      'kuverproducciones.com'. Adding certificate verification is strongly
      advised. See:
      https://urllib3.readthedocs.io/en/latest/advanced-usage.html#tls-warnings
      warnings.warn(

Result: Succeeded

Launching scraper: SalaBerlin
Succeeded - 2026-03-30T13:28:53Z

dag: FisgonTaskRequest (11.0s)
│
└─tarea_1 (11.0s) [succeeded]
  ├─bash -lc 'docker run --rm --network host -v
  │   /home/ubuntu/work/fisgon:/app -v
  │   /home/ubuntu/data_storage:/home/ubuntu/data_storage -v
  │   /home/ubuntu/work/event_flask_app/static/img:/home/ubuntu/work/event_fla
  │   sk_app/static/img -w /app -e OPERATION=0 -e DOCKER_CONFIG=/tmp/.docker
  │   -e HOME=/tmp -e TARGET_CITY -e TARGET_SCRAPER -e
  │   DAG_RUN_URL="${DAGU_BASE_URL}/dags/${DAG_NAME}?dagRunId=${DAG_RUN_ID}"
  │   -e
  │   DAG_RUN_LOG_URL="${DAGU_BASE_URL}/dags/${DAG_NAME}/log?remoteNode=local&
  │   step=tarea_1&dagRunId=${DAG_RUN_ID}" fisgon_scraper:1.0; rc=$?; exit
  │   $rc'
  │
  ├─stdout:
  │   RUNNING VARS →
  │   CITY=Almeria,
  │   OPERATION=0,
  │   CREATE_SESSION=0,
  │   CLOSE_SESSION=0,
  │   SESSION=None,
  │   IMAGES=0,
  │   GET_SCRAPERS=
  │   SCRAPER=SalaBerlin
  │   DAG_RUN_URL=/dags/FisgonTaskRequest/log?remoteNode=local&step=tarea_1&da
  │   gRunId=019d3eee-d9b6-781f-bfe8-1f0dbab39c72
  │   Running for Almeria: SalaBerlin
  │   SalaBerlin
  │   RUNNING SESSION =  2026_03_30_13_28_Lunes
  │   Getting https://berlinalmeria.com/eventos/
  │   Sleep 1
  │   *** SCRAPED 12 URLS WITH EVENTS **
  │   New url events = 1
  │   0 / 1
  │   Getting https://berlinalmeria.com/producto/9-mayo-casa-pepe/
  │   Sleep 4
  │   --------------------
  │   {'id': 'effa99f9', 'show': 1, 'in_city': 1, 'one_day': 1,
  │   'wrong_date_time': 0, 'event': 'Casa Pepe', 'slug': 'casa-pepe',
  │   'category': '__NOT_DEFINIED__', 'id_venue': 'NmPqTrh6', 'venue': 'Sala
  │   Berlin', 'std_venue': 'Berlin Social Club', 'start_date': '2026-05-09',
  │   'start_time': '00:00:00', 'end_date': '__NOT_DEFINIED__', 'end_time':
  │   '__NOT_DEFINIED__', 'description': 'CASA PEPA', 'others': {'price':
  │   '10,00\xa0€', 'ticket':
  │   'https://entradium.com/events/casa-pepa-berlin-social-club-9-mayo'},
  │   'source': 'SalaBerlin', 'exec_time': '20260330T132854', 'session':
  │   '2026_03_30_13_28_Lunes', 'image':
  │   'https://berlinalmeria.com/wp-content/uploads/2026/03/PHOTO-2026-03-29-2
  │   1-53-39.jpg', 'url':
  │   'https://berlinalmeria.com/producto/9-mayo-casa-pepe/'}
  │   ****************************
  │   Saving 1 new events
  │   Saving in
  │   /home/ubuntu/data_storage/Almeria/2026_03_30_13_28_Lunes/0_raw/20260330_
  │   1328_SalaBerlin.json
  │   Saving 1 master url
  │   Appending to /home/ubuntu/data_storage/Almeria/00_master/master_url.json
  └─stderr:
      /usr/local/lib/python3.11/site-packages/urllib3/connectionpool.py:1097:
      InsecureRequestWarning: Unverified HTTPS request is being made to host
      'berlinalmeria.com'. Adding certificate verification is strongly advised.
      See:
      https://urllib3.readthedocs.io/en/latest/advanced-usage.html#tls-warnings
      warnings.warn(
      /usr/local/lib/python3.11/site-packages/urllib3/connectionpool.py:1097:
      InsecureRequestWarning: Unverified HTTPS request is being made to host
      'berlinalmeria.com'. Adding certificate verification is strongly advised.
      See:
      https://urllib3.readthedocs.io/en/latest/advanced-usage.html#tls-warnings
      warnings.warn(

Result: Succeeded

Launching scraper: LaGuajira
Succeeded - 2026-03-30T13:29:04Z

dag: FisgonTaskRequest (1m 0s)
│
└─tarea_1 (1m 0s) [succeeded]
  ├─bash -lc 'docker run --rm --network host -v
  │   /home/ubuntu/work/fisgon:/app -v
  │   /home/ubuntu/data_storage:/home/ubuntu/data_storage -v
  │   /home/ubuntu/work/event_flask_app/static/img:/home/ubuntu/work/event_fla
  │   sk_app/static/img -w /app -e OPERATION=0 -e DOCKER_CONFIG=/tmp/.docker
  │   -e HOME=/tmp -e TARGET_CITY -e TARGET_SCRAPER -e
  │   DAG_RUN_URL="${DAGU_BASE_URL}/dags/${DAG_NAME}?dagRunId=${DAG_RUN_ID}"
  │   -e
  │   DAG_RUN_LOG_URL="${DAGU_BASE_URL}/dags/${DAG_NAME}/log?remoteNode=local&
  │   step=tarea_1&dagRunId=${DAG_RUN_ID}" fisgon_scraper:1.0; rc=$?; exit
  │   $rc'
  │
  ├─stdout: ... (36 more lines)
  │   Sleep 16
  │   --------------------
  │   {'id': '334748a9', 'show': 1, 'in_city': 1, 'one_day': 1,
  │   'wrong_date_time': 0, 'event': 'Curso De Teatro Con Julio Béjar',
  │   'slug': 'curso-de-teatro-con-julio-bejar', 'category':
  │   '__NOT_DEFINIED__', 'id_venue': 'NhNQFPQh', 'venue': 'La Guajira',
  │   'std_venue': 'La Guajira', 'start_date': '2026-04-06', 'start_time':
  │   '19:30:00', 'end_date': '2026-04-06', 'end_time': '21:30:00',
  │   'description': 'De noviembre de 2025 a junio de 2026, el dramaturgo y
  │   director Julio Béjar impartirá en La Guajira un curso regular de
  │   creación escénica pensado para quienes quieran explorar los distintos
  │   oficios del teatro y desarrollar su propia pieza. Durante ocho meses, el
  │   grupo —de entre 10 y 20 participantes— recorrerá todos los aspectos
  │   del ...', 'others': {'ticket': '__NOT_FOUND__', 'price':
  │   '__NOT_FOUND__', 'location': 'La Guajira, C/ Cruces Bajas, 1, Almería,
  │   España'}, 'source': 'LaGuajira', 'exec_time': '20260330T132905',
  │   'session': '2026_03_30_13_28_Lunes', 'image':
  │   'https://laguajiradealmeria.com/wp-content/uploads/2025/10/Taller-de-cre
  │   acion-escenica-con-Julio-Bejar.png', 'url':
  │   'https://laguajiradealmeria.com/evento/taller-de-creacion-escenica-con-j
  │   ulio-bejar/2026-04-06/'}
  │   --------------------
  │   {'id': '5ec01901', 'show': 1, 'in_city': 1, 'one_day': 1,
  │   'wrong_date_time': 0, 'event': 'Coro Combo De La Guajira Con Julián
  │   Sánchez', 'slug': 'coro-combo-de-la-guajira-con-julian-sanchez',
  │   'category': '__NOT_DEFINIED__', 'id_venue': 'NhNQFPQh', 'venue': 'La
  │   Guajira', 'std_venue': 'La Guajira', 'start_date': '2026-04-07',
  │   'start_time': '20:00:00', 'end_date': '2026-04-07', 'end_time':
  │   '21:30:00', 'description': '¡Llega el Coro-Combo de La Guajira! Si te
  │   gusta cantar, tocar un instrumento o simplemente compartir la música
  │   como experiencia colectiva, este proyecto es para ti. El Coro-Combo de
  │   La Guajira nace con la idea de crear un espacio artístico estable,
  │   intercultural e intergeneracional, abierto a todas las personas que
  │   quieran sumarse. La propuesta es ...', 'others': {'ticket':
  │   '__NOT_FOUND__', 'price': '__NOT_FOUND__', 'location': 'La Guajira, C/
  │   Cruces Bajas, 1, Almería, España'}, 'source': 'LaGuajira',
  │   'exec_time': '20260330T132905', 'session': '2026_03_30_13_28_Lunes',
  │   'image':
  │   'https://laguajiradealmeria.com/wp-content/uploads/2025/10/CORO-COMBO.pn
  │   g', 'url':
  │   'https://laguajiradealmeria.com/evento/coro-combo-de-la-guajira-con-juli
  │   an-sanchez/2026-04-07/'}
  │   --------------------
  │   {'id': 'fbe1ce17', 'show': 1, 'in_city': 1, 'one_day': 1,
  │   'wrong_date_time': 0, 'event': 'La Gran Sabiduría Que Nos Ofrece La
  │   Muerte Por Ysa Marín', 'slug':
  │   'la-gran-sabiduria-que-nos-ofrece-la-muerte-por-ysa-marin', 'category':
  │   '__NOT_DEFINIED__', 'id_venue': 'NhNQFPQh', 'venue': 'La Guajira',
  │   'std_venue': 'La Guajira', 'start_date': '2026-04-10', 'start_time':
  │   '19:00:00', 'end_date': '2026-04-10', 'end_time': '20:30:00',
  │   'description': 'Por segunda vez, una invitación a contemplar la vida
  │   desde su final. Ysa Marín inicia esta ponencia expresando su profundo
  │   agradecimiento a quienes considera sus grandes maestros: las personas a
  │   las que acompaña en el proceso de morir. A través de su humanidad y
  │   autenticidad, ellos le enseñan que cuando nos atrevemos a mirar de
  │   ...', 'others': {'ticket': '__NOT_FOUND__', 'price': '__NOT_FOUND__',
  │   'location': 'La Guajira, C/ Cruces Bajas, 1, Almería, España'},
  │   'source': 'LaGuajira', 'exec_time': '20260330T132905', 'session':
  │   '2026_03_30_13_28_Lunes', 'image':
  │   'https://laguajiradealmeria.com/wp-content/uploads/2025/12/Ysa-Marin.png
  │   ', 'url':
  │   'https://laguajiradealmeria.com/evento/la-gran-sabiduria-que-nos-ofrece-
  │   la-muerte-por-ysa-marin-2/'}
  │   --------------------
  │   {'id': 'c9bd4216', 'show': 1, 'in_city': 1, 'one_day': 1,
  │   'wrong_date_time': 0, 'event': 'Taller De Baile Flamenco Con Lucía
  │   Ufarte', 'slug': 'taller-de-baile-flamenco-con-lucia-ufarte',
  │   'category': '__NOT_DEFINIED__', 'id_venue': 'NhNQFPQh', 'venue': 'La
  │   Guajira', 'std_venue': 'La Guajira', 'start_date': '2026-04-10',
  │   'start_time': '21:00:00', 'end_date': '2026-04-10', 'end_time':
  │   '22:00:00', 'description': 'Lucía Ufarte es una joven bailaora
  │   almeriense que, a pesar de su corta edad, ya destaca sobre el escenario
  │   por su fuerza, su desparpajo y su gran precisión rítmica. Su baile,
  │   lleno de energía y personalidad, combina la frescura de su juventud con
  │   una profunda conexión con las raíces del flamenco, reflejando una
  │   artista auténtica ...', 'others': {'ticket': '__NOT_FOUND__', 'price':
  │   '__NOT_FOUND__', 'location': 'La Guajira, C/ Cruces Bajas, 1, Almería,
  │   España'}, 'source': 'LaGuajira', 'exec_time': '20260330T132905',
  │   'session': '2026_03_30_13_28_Lunes', 'image':
  │   'https://laguajiradealmeria.com/wp-content/uploads/2026/03/Lucia-Ufarte.
  │   png', 'url':
  │   'https://laguajiradealmeria.com/evento/taller-de-baile-flamenco-con-luci
  │   a-ufarte/'}
  │   --------------------
  │   {'id': '9beb3f3d', 'show': 1, 'in_city': 1, 'one_day': 1,
  │   'wrong_date_time': 0, 'event': 'World Music Jam Con Carlos Cortés &
  │   Cía', 'slug': 'world-music-jam-con-carlos-cortes-cia', 'category':
  │   '__NOT_DEFINIED__', 'id_venue': 'NhNQFPQh', 'venue': 'La Guajira',
  │   'std_venue': 'La Guajira', 'start_date': '2026-04-10', 'start_time':
  │   '22:30:00', 'end_date': '2026-04-11', 'end_time': '01:30:00',
  │   'description': 'Jam Jazz World propone un viaje musical único donde
  │   Carlos Cortés Bustamante, junto a Fernando Brox, Pablo Guzmán y
  │   Fernando Maya, fusiona jazz e improvisación con sonidos de todo el
  │   mundo. Con flauta, guitarra, bajo y percusiones, esta jam abraza desde
  │   la música latina y brasileña hasta el flamenco, el jazz y las raíces
  │   afroamericanas, ...', 'others': {'ticket': '__NOT_FOUND__', 'price':
  │   '__NOT_FOUND__', 'location': 'La Guajira, C/ Cruces Bajas, 1, Almería,
  │   España'}, 'source': 'LaGuajira', 'exec_time': '20260330T132905',
  │   'session': '2026_03_30_13_28_Lunes', 'image':
  │   'https://laguajiradealmeria.com/wp-content/uploads/2026/03/Jam-con-Carli
  │   tos-Cortes-Quartet.png', 'url':
  │   'https://laguajiradealmeria.com/evento/world-music-jam-con-carlos-cortes
  │   -cia/'}
  │   --------------------
  │   {'id': 'f318394f', 'show': 1, 'in_city': 1, 'one_day': 1,
  │   'wrong_date_time': 0, 'event': 'Meetup – Intercambio De Idiomas',
  │   'slug': 'meetup-intercambio-de-idiomas', 'category': '__NOT_DEFINIED__',
  │   'id_venue': 'NhNQFPQh', 'venue': 'La Guajira', 'std_venue': 'La
  │   Guajira', 'start_date': '2026-04-10', 'start_time': '20:30:00',
  │   'end_date': '2026-04-10', 'end_time': '22:30:00', 'description':
  │   '🇪🇸Cada viernes a las 20:30h en la terraza de La Guajira para
  │   practicar idiomas en un ambiente relajado y abierto a todo el mundo. No
  │   hace falta venir acompañado ni tener un nivel perfecto: solo ganas de
  │   charlar, conocer gente nueva y pasar un buen rato. Busca un sitio libre,
  │   pide algo en la barra… ...', 'others': {'ticket': '__NOT_FOUND__',
  │   'price': '__NOT_FOUND__', 'location': 'La Guajira, C/ Cruces Bajas, 1,
  │   Almería, España'}, 'source': 'LaGuajira', 'exec_time':
  │   '20260330T132905', 'session': '2026_03_30_13_28_Lunes', 'image':
  │   'https://laguajiradealmeria.com/wp-content/uploads/2024/05/meetup-meet-u
  │   p-intercambio-de-idiomas-web.png', 'url':
  │   'https://laguajiradealmeria.com/evento/meetup-intercambio-de-idiomas-2/2
  │   026-04-10/'}
  │   --------------------
  │   {'id': '6ae8babf', 'show': 1, 'in_city': 1, 'one_day': 1,
  │   'wrong_date_time': 0, 'event': 'Atardece Que No Es Poco Con Mostacho
  │   Manouche', 'slug': 'atardece-que-no-es-poco-con-mostacho-manouche',
  │   'category': '__NOT_DEFINIED__', 'id_venue': 'NhNQFPQh', 'venue': 'La
  │   Guajira', 'std_venue': 'La Guajira', 'start_date': '2026-04-04',
  │   'start_time': '20:00:00', 'end_date': '2026-04-04', 'end_time':
  │   '22:00:00', 'description': '¿Pero qué sin dios es este? Vuelven los
  │   atardeceres con concierto de entrada libre de los sábados y lo
  │   inaguramos con Mostacho Manouche, un cuarteto de Jazz manouche, el
  │   único dentro de los generos del jazz creado en Europa, mas
  │   concretamente por el nómada y creativo pueblo gitano. Mezclarán temas
  │   clásicos del género con algunos ...', 'others': {'ticket':
  │   '__NOT_FOUND__', 'price': '__NOT_FOUND__', 'location': 'La Guajira, C/
  │   Cruces Bajas, 1, Almería, España'}, 'source': 'LaGuajira',
  │   'exec_time': '20260330T132905', 'session': '2026_03_30_13_28_Lunes',
  │   'image':
  │   'https://laguajiradealmeria.com/wp-content/uploads/2026/03/Atardece-con-
  │   MOSTACHO-MANOUCHE.png', 'url':
  │   'https://laguajiradealmeria.com/evento/atardece-que-no-es-poco-con-mosta
  │   cho-manouche/'}
  │   --------------------
  │   {'id': '10e61f2d', 'show': 1, 'in_city': 1, 'one_day': 1,
  │   'wrong_date_time': 0, 'event': 'La Causa Swing', 'slug':
  │   'la-causa-swing', 'category': '__NOT_DEFINIED__', 'id_venue':
  │   'NhNQFPQh', 'venue': 'La Guajira', 'std_venue': 'La Guajira',
  │   'start_date': '2026-04-09', 'start_time': '22:00:00', 'end_date':
  │   '2026-04-09', 'end_time': '23:30:00', 'description': 'La Causa Swing
  │   (formato reducido) ¿Os acordais de cuando la causa swing estaba hasta
  │   en la sopa? Que pesados... no paraban de tocar... Pues ahora les echamos
  │   de menos desde que tocaron en el festival de jazz de la ciudad. Han
  │   estado componiendo nuevos temas, seguro que alguno cae...', 'others':
  │   {'ticket':
  │   'https://laguajiradealmeria.com/evento/la-causa-swing/#tribe-tickets__ti
  │   ckets-form', 'price': '5,00€ – 10,00€', 'location': 'La Guajira,
  │   C/ Cruces Bajas, 1, Almería, España'}, 'source': 'LaGuajira',
  │   'exec_time': '20260330T132905', 'session': '2026_03_30_13_28_Lunes',
  │   'image':
  │   'https://laguajiradealmeria.com/wp-content/uploads/2026/03/La-casa-del-s
  │   wing.png', 'url':
  │   'https://laguajiradealmeria.com/evento/la-causa-swing/'}
  │   --------------------
  │   {'id': '22c4d245', 'show': 1, 'in_city': 1, 'one_day': 1,
  │   'wrong_date_time': 0, 'event': 'Manuel Daif & Alba Segura', 'slug':
  │   'manuel-daif-alba-segura', 'category': '__NOT_DEFINIED__', 'id_venue':
  │   'NhNQFPQh', 'venue': 'La Guajira', 'std_venue': 'La Guajira',
  │   'start_date': '2026-04-08', 'start_time': '22:00:00', 'end_date':
  │   '2026-04-08', 'end_time': '23:30:00', 'description': 'Bailaora
  │   almeriense de 16 años, Alba Segura crecida entre compases y bata de
  │   cola. Comenzó a bailar con solo 2 años en Liñánademia de su prima
  │   Ana Alonso y, a los 6, ya pisaba escenarios con el espectáculo familiar
  │   Entre Carrillos y Carretas. Desde los 8 años estudia en el
  │   Conservatorio Profesional de Danza "Kina ...', 'others': {'ticket':
  │   'https://laguajiradealmeria.com/evento/manuel-daif-alba-segura/#tribe-ti
  │   ckets__tickets-form', 'price': '6,00€ – 12,00€', 'location': 'La
  │   Guajira, C/ Cruces Bajas, 1, Almería, España'}, 'source': 'LaGuajira',
  │   'exec_time': '20260330T132905', 'session': '2026_03_30_13_28_Lunes',
  │   'image':
  │   'https://laguajiradealmeria.com/wp-content/uploads/2026/02/MANUEL-DAIF-A
  │   LBA-SEGURA.png', 'url':
  │   'https://laguajiradealmeria.com/evento/manuel-daif-alba-segura/'}
  │   --------------------
  │   {'id': 'e40b3a88', 'show': 1, 'in_city': 1, 'one_day': 1,
  │   'wrong_date_time': 0, 'event': 'La Hora Del Vermú Con Areí', 'slug':
  │   'la-hora-del-vermu-con-arei', 'category': '__NOT_DEFINIED__',
  │   'id_venue': 'NhNQFPQh', 'venue': 'La Guajira', 'std_venue': 'La
  │   Guajira', 'start_date': '2026-04-11', 'start_time': '13:00:00',
  │   'end_date': '2026-04-11', 'end_time': '16:00:00', 'description': 'John
  │   Lix Feliciano y Bárbara Gragera nos deleitarán con su habitual buen
  │   gusto y su bellas armonías vocales. Además....¡tenemos chisme extra!
  │   Para esta fecha dejarán de estar prometidos para estar casados 💒.
  │   Nos alegramos muchísimo porque son tan bonitos que dan ganas de alzar
  │   nuestros vasos de vermú y brindar por ellos.', 'others': {'ticket':
  │   '__NOT_FOUND__', 'price': '__NOT_FOUND__', 'location': 'La Guajira, C/
  │   Cruces Bajas, 1, Almería, España'}, 'source': 'LaGuajira',
  │   'exec_time': '20260330T132905', 'session': '2026_03_30_13_28_Lunes',
  │   'image':
  │   'https://laguajiradealmeria.com/wp-content/uploads/2026/02/Vermu-Arei.pn
  │   g', 'url':
  │   'https://laguajiradealmeria.com/evento/la-hora-del-vermu-con-arei/'}
  │   Getting https://laguajiradealmeria.com/programacion/lista/página/3/
  │   Sleep 16
  │   --------------------
  │   {'id': '89ac9c34', 'show': 1, 'in_city': 1, 'one_day': 1,
  │   'wrong_date_time': 0, 'event': 'La Hora Del Vermú Con Wendy Night Y
  │   Coki Blues', 'slug': 'la-hora-del-vermu-con-wendy-night-y-coki-blues',
  │   'category': '__NOT_DEFINIED__', 'id_venue': 'NhNQFPQh', 'venue': 'La
  │   Guajira', 'std_venue': 'La Guajira', 'start_date': '2026-04-18',
  │   'start_time': '13:00:00', 'end_date': '2026-04-18', 'end_time':
  │   '16:00:00', 'description': '¡Vuelve nuestro juglar favorito! Si hubiese
  │   nacido en el feudalismo seguro que habría estado en la corte de algún
  │   Rey hasta perder la cabeza por hacer alguna broma. Con su capacidad para
  │   reírse y tocar de todo, seguro que nos hará pasar una gran hora del
  │   vermú. ¡Y más teniendo en cuenta que es su ...', 'others': {'ticket':
  │   '__NOT_FOUND__', 'price': '__NOT_FOUND__', 'location': 'La Guajira, C/
  │   Cruces Bajas, 1, Almería, España'}, 'source': 'LaGuajira',
  │   'exec_time': '20260330T132905', 'session': '2026_03_30_13_28_Lunes',
  │   'image':
  │   'https://laguajiradealmeria.com/wp-content/uploads/2026/02/Vermu-Wendy-N
  │   ight-y-Coki-blues.png', 'url':
  │   'https://laguajiradealmeria.com/evento/la-hora-del-vermu-con-wendy-night
  │   -y-coki-blues/'}
  │   --------------------
  │   {'id': '417726bb', 'show': 1, 'in_city': 1, 'one_day': 1,
  │   'wrong_date_time': 0, 'event': 'Coro Combo De La Guajira Con Julián
  │   Sánchez', 'slug': 'coro-combo-de-la-guajira-con-julian-sanchez',
  │   'category': '__NOT_DEFINIED__', 'id_venue': 'NhNQFPQh', 'venue': 'La
  │   Guajira', 'std_venue': 'La Guajira', 'start_date': '2026-04-14',
  │   'start_time': '20:00:00', 'end_date': '2026-04-14', 'end_time':
  │   '21:30:00', 'description': '¡Llega el Coro-Combo de La Guajira! Si te
  │   gusta cantar, tocar un instrumento o simplemente compartir la música
  │   como experiencia colectiva, este proyecto es para ti. El Coro-Combo de
  │   La Guajira nace con la idea de crear un espacio artístico estable,
  │   intercultural e intergeneracional, abierto a todas las personas que
  │   quieran sumarse. La propuesta es ...', 'others': {'ticket':
  │   '__NOT_FOUND__', 'price': '__NOT_FOUND__', 'location': 'La Guajira, C/
  │   Cruces Bajas, 1, Almería, España'}, 'source': 'LaGuajira',
  │   'exec_time': '20260330T132905', 'session': '2026_03_30_13_28_Lunes',
  │   'image':
  │   'https://laguajiradealmeria.com/wp-content/uploads/2025/10/CORO-COMBO.pn
  │   g', 'url':
  │   'https://laguajiradealmeria.com/evento/coro-combo-de-la-guajira-con-juli
  │   an-sanchez/2026-04-14/'}
  │   --------------------
  │   {'id': '0338b60e', 'show': 1, 'in_city': 1, 'one_day': 1,
  │   'wrong_date_time': 0, 'event': 'Terraceo Con Amaya Annikki', 'slug':
  │   'terraceo-con-amaya-annikki', 'category': '__NOT_DEFINIED__',
  │   'id_venue': 'NhNQFPQh', 'venue': 'La Guajira', 'std_venue': 'La
  │   Guajira', 'start_date': '2026-04-11', 'start_time': '16:00:00',
  │   'end_date': '2026-04-11', 'end_time': '19:00:00', 'description': 'Ritmos
  │   rotos y rotundos, con un recorrido desde techno atmosférico pasando por
  │   estilos como Break UK, electro, y EBM con Amaya Annikki, ¡perfecto para
  │   pasar un tardeo galáctico!', 'others': {'ticket': '__NOT_FOUND__',
  │   'price': '__NOT_FOUND__', 'location': 'La Guajira, C/ Cruces Bajas, 1,
  │   Almería, España'}, 'source': 'LaGuajira', 'exec_time':
  │   '20260330T132905', 'session': '2026_03_30_13_28_Lunes', 'image':
  │   'https://laguajiradealmeria.com/wp-content/uploads/2026/03/Amaya-Annikki
  │   .png', 'url':
  │   'https://laguajiradealmeria.com/evento/terraceo-con-amaya-annikki/'}
  │   --------------------
  │   {'id': 'b7987c0d', 'show': 1, 'in_city': 1, 'one_day': 1,
  │   'wrong_date_time': 0, 'event': 'Sinergia Solidaria Con ACCEM', 'slug':
  │   'sinergia-solidaria-con-accem', 'category': '__NOT_DEFINIED__',
  │   'id_venue': 'NhNQFPQh', 'venue': 'La Guajira', 'std_venue': 'La
  │   Guajira', 'start_date': '2026-04-12', 'start_time': '12:00:00',
  │   'end_date': '2026-04-12', 'end_time': '18:00:00', 'description':
  │   'Celebramos la temporada de primavera con la Sinergia Solidaria
  │   impulsada por Accem, la organización para el desarrollo social que
  │   protege los derechos y dignidad de cada persona en situación de
  │   vulnerabilidad, acompañándolas en su camino, paso a paso. Te ofrecemos
  │   un espacio de encuentro intercultural el domingo 12 de abril de 12:00 a
  │   18:00 en ...', 'others': {'ticket': '__NOT_FOUND__', 'price':
  │   '__NOT_FOUND__', 'location': 'La Guajira, C/ Cruces Bajas, 1, Almería,
  │   España'}, 'source': 'LaGuajira', 'exec_time': '20260330T132905',
  │   'session': '2026_03_30_13_28_Lunes', 'image':
  │   'https://laguajiradealmeria.com/wp-content/uploads/2026/03/Sinergia-Soli
  │   daria-ACCEM-3.png', 'url':
  │   'https://laguajiradealmeria.com/evento/sinergia-solidaria-con-accem/'}
  │   --------------------
  │   {'id': '2503500b', 'show': 1, 'in_city': 1, 'one_day': 1,
  │   'wrong_date_time': 0, 'event': 'VI Memorial Ana Gaviera', 'slug':
  │   'vi-memorial-ana-gaviera', 'category': '__NOT_DEFINIED__', 'id_venue':
  │   'NhNQFPQh', 'venue': 'La Guajira', 'std_venue': 'La Guajira',
  │   'start_date': '2026-04-11', 'start_time': '22:00:00', 'end_date':
  │   '2026-04-12', 'end_time': '01:30:00', 'description': 'Las actividades
  │   del VI Memorial Ana Gaviera, homenaje a la figura de la editora Ana
  │   Santos, fallecida en 2014. Ana Santos Payán fue una figura
  │   transcendental en la escena artística almeriense de principios de este
  │   siglo. Creadora de la editorial El Gaviero, estamos ante una auténtica
  │   agitadora cultural que removió los cimientos de la ciudad, ...',
  │   'others': {'ticket': '__NOT_FOUND__', 'price': '__NOT_FOUND__',
  │   'location': 'La Guajira, C/ Cruces Bajas, 1, Almería, España'},
  │   'source': 'LaGuajira', 'exec_time': '20260330T132905', 'session':
  │   '2026_03_30_13_28_Lunes', 'image':
  │   'https://laguajiradealmeria.com/wp-content/uploads/2026/03/VI-Memorial-A
  │   na-Gaviera.png', 'url':
  │   'https://laguajiradealmeria.com/evento/vi-memorial-ana-gaviera/'}
  │   --------------------
  │   {'id': '384ad39d', 'show': 1, 'in_city': 1, 'one_day': 1,
  │   'wrong_date_time': 0, 'event': 'Curso De Teatro Con Julio Béjar',
  │   'slug': 'curso-de-teatro-con-julio-bejar', 'category':
  │   '__NOT_DEFINIED__', 'id_venue': 'NhNQFPQh', 'venue': 'La Guajira',
  │   'std_venue': 'La Guajira', 'start_date': '2026-04-13', 'start_time':
  │   '19:30:00', 'end_date': '2026-04-13', 'end_time': '21:30:00',
  │   'description': 'De noviembre de 2025 a junio de 2026, el dramaturgo y
  │   director Julio Béjar impartirá en La Guajira un curso regular de
  │   creación escénica pensado para quienes quieran explorar los distintos
  │   oficios del teatro y desarrollar su propia pieza. Durante ocho meses, el
  │   grupo —de entre 10 y 20 participantes— recorrerá todos los aspectos
  │   del ...', 'others': {'ticket': '__NOT_FOUND__', 'price':
  │   '__NOT_FOUND__', 'location': 'La Guajira, C/ Cruces Bajas, 1, Almería,
  │   España'}, 'source': 'LaGuajira', 'exec_time': '20260330T132905',
  │   'session': '2026_03_30_13_28_Lunes', 'image':
  │   'https://laguajiradealmeria.com/wp-content/uploads/2025/10/Taller-de-cre
  │   acion-escenica-con-Julio-Bejar.png', 'url':
  │   'https://laguajiradealmeria.com/evento/taller-de-creacion-escenica-con-j
  │   ulio-bejar/2026-04-13/'}
  │   --------------------
  │   {'id': '3bfec3f0', 'show': 1, 'in_city': 1, 'one_day': 1,
  │   'wrong_date_time': 0, 'event': 'Taller De Salsa Con Angy Ruiz', 'slug':
  │   'taller-de-salsa-con-angy-ruiz', 'category': '__NOT_DEFINIED__',
  │   'id_venue': 'NhNQFPQh', 'venue': 'La Guajira', 'std_venue': 'La
  │   Guajira', 'start_date': '2026-04-17', 'start_time': '21:00:00',
  │   'end_date': '2026-04-17', 'end_time': '22:00:00', 'description': 'Ven a
  │   disfrutar de nuestro taller de salsa con Angy Ruiz. No necesitas
  │   experiencia, ¡solo ganas de pasarlo bien, moverte y dejarte llevar por
  │   la música en un ambiente lleno de energía! ¿Te lo vas a perder?',
  │   'others': {'ticket': '__NOT_FOUND__', 'price': '__NOT_FOUND__',
  │   'location': 'La Guajira, C/ Cruces Bajas, 1, Almería, España'},
  │   'source': 'LaGuajira', 'exec_time': '20260330T132905', 'session':
  │   '2026_03_30_13_28_Lunes', 'image':
  │   'https://laguajiradealmeria.com/wp-content/uploads/2026/03/Angy-Ruiz.png
  │   ', 'url':
  │   'https://laguajiradealmeria.com/evento/taller-de-salsa-con-angy-ruiz/'}
  │   --------------------
  │   {'id': '25d4f62b', 'show': 1, 'in_city': 1, 'one_day': 1,
  │   'wrong_date_time': 0, 'event': '«Poetry Reading» Con La Escuela
  │   Oficial De Idiomas', 'slug':
  │   'poetry-reading-con-la-escuela-oficial-de-idiomas', 'category':
  │   '__NOT_DEFINIED__', 'id_venue': 'NhNQFPQh', 'venue': 'La Guajira',
  │   'std_venue': 'La Guajira', 'start_date': '2026-04-17', 'start_time':
  │   '18:30:00', 'end_date': '2026-04-17', 'end_time': '20:30:00',
  │   'description': 'Este año celebramos el vigésimo aniversario del
  │   Recital de Poesía que cada año organiza el Departamento de inglés de
  │   la Escuela Oficial de Idiomas de Almería. Se trata, sin duda alguna, de
  │   una cita importante para todos, una jornada de convivencia entre
  │   aquellos que compartimos el gusto por la lectura. En esta ocasión se
  │   recitarán ...', 'others': {'ticket': '__NOT_FOUND__', 'price':
  │   '__NOT_FOUND__', 'location': 'La Guajira, C/ Cruces Bajas, 1, Almería,
  │   España'}, 'source': 'LaGuajira', 'exec_time': '20260330T132905',
  │   'session': '2026_03_30_13_28_Lunes', 'image':
  │   'https://laguajiradealmeria.com/wp-content/uploads/2026/03/Poetry-Readin
  │   d-con-la-Escuela-Oficial-de-Idiomas.png', 'url':
  │   'https://laguajiradealmeria.com/evento/poetry-reading-con-la-escuela-ofi
  │   cial-de-idiomas/'}
  │   --------------------
  │   {'id': 'd7c96a90', 'show': 1, 'in_city': 1, 'one_day': 1,
  │   'wrong_date_time': 0, 'event': 'María Villena', 'slug':
  │   'maria-villena', 'category': '__NOT_DEFINIED__', 'id_venue': 'NhNQFPQh',
  │   'venue': 'La Guajira', 'std_venue': 'La Guajira', 'start_date':
  │   '2026-04-15', 'start_time': '22:00:00', 'end_date': '2026-04-15',
  │   'end_time': '23:30:00', 'description': 'María Villena, bailaora de
  │   Granada, comenzó a bailar con tan solo 4 años y hoy el flamenco es su
  │   trabajo diario. Además de actuar en varios tablaos de Granada, imparte
  │   clases de flamenco para todas las edades. También participa en
  │   espectáculos ecuestres, incluyendo actuaciones en SICAB, la feria
  │   internacional del caballo. Ganadora del concurso de ...', 'others':
  │   {'ticket':
  │   'https://laguajiradealmeria.com/evento/maria-villena/#tribe-tickets__tic
  │   kets-form', 'price': '6,00€ – 12,00€', 'location': 'La Guajira, C/
  │   Cruces Bajas, 1, Almería, España'}, 'source': 'LaGuajira',
  │   'exec_time': '20260330T132905', 'session': '2026_03_30_13_28_Lunes',
  │   'image':
  │   'https://laguajiradealmeria.com/wp-content/uploads/2026/03/Maria-Villena
  │   .png', 'url': 'https://laguajiradealmeria.com/evento/maria-villena/'}
  │   --------------------
  │   {'id': 'dbe92d7a', 'show': 1, 'in_city': 1, 'one_day': 1,
  │   'wrong_date_time': 0, 'event': 'Meetup – Intercambio De Idiomas',
  │   'slug': 'meetup-intercambio-de-idiomas', 'category': '__NOT_DEFINIED__',
  │   'id_venue': 'NhNQFPQh', 'venue': 'La Guajira', 'std_venue': 'La
  │   Guajira', 'start_date': '2026-04-17', 'start_time': '20:30:00',
  │   'end_date': '2026-04-17', 'end_time': '22:30:00', 'description':
  │   '🇪🇸Cada viernes a las 20:30h en la terraza de La Guajira para
  │   practicar idiomas en un ambiente relajado y abierto a todo el mundo. No
  │   hace falta venir acompañado ni tener un nivel perfecto: solo ganas de
  │   charlar, conocer gente nueva y pasar un buen rato. Busca un sitio libre,
  │   pide algo en la barra… ...', 'others': {'ticket': '__NOT_FOUND__',
  │   'price': '__NOT_FOUND__', 'location': 'La Guajira, C/ Cruces Bajas, 1,
  │   Almería, España'}, 'source': 'LaGuajira', 'exec_time':
  │   '20260330T132905', 'session': '2026_03_30_13_28_Lunes', 'image':
  │   'https://laguajiradealmeria.com/wp-content/uploads/2024/05/meetup-meet-u
  │   p-intercambio-de-idiomas-web.png', 'url':
  │   'https://laguajiradealmeria.com/evento/meetup-intercambio-de-idiomas-2/2
  │   026-04-17/'}
  │   Checking unique event url.
  │   New url events = 7
  │   ****************************
  │   Saving 7 new events
  │   Saving in
  │   /home/ubuntu/data_storage/Almeria/2026_03_30_13_28_Lunes/0_raw/20260330_
  │   1329_LaGuajira.json
  │   Saving 7 master url
  │   Appending to /home/ubuntu/data_storage/Almeria/00_master/master_url.json
  └─stderr:
      /usr/local/lib/python3.11/site-packages/urllib3/connectionpool.py:1097:
      InsecureRequestWarning: Unverified HTTPS request is being made to host
      'laguajiradealmeria.com'. Adding certificate verification is strongly
      advised. See:
      https://urllib3.readthedocs.io/en/latest/advanced-usage.html#tls-warnings
      warnings.warn(
      /usr/local/lib/python3.11/site-packages/urllib3/connectionpool.py:1097:
      InsecureRequestWarning: Unverified HTTPS request is being made to host
      'laguajiradealmeria.com'. Adding certificate verification is strongly
      advised. See:
      https://urllib3.readthedocs.io/en/latest/advanced-usage.html#tls-warnings
      warnings.warn(
      /usr/local/lib/python3.11/site-packages/urllib3/connectionpool.py:1097:
      InsecureRequestWarning: Unverified HTTPS request is being made to host
      'laguajiradealmeria.com'. Adding certificate verification is strongly
      advised. See:
      https://urllib3.readthedocs.io/en/latest/advanced-usage.html#tls-warnings
      warnings.warn(

Result: Succeeded

Launching scraper: ConciertosClub
Succeeded - 2026-03-30T13:30:04Z

dag: FisgonTaskRequest (3.0s)
│
└─tarea_1 (3.0s) [succeeded]
  ├─bash -lc 'docker run --rm --network host -v
  │   /home/ubuntu/work/fisgon:/app -v
  │   /home/ubuntu/data_storage:/home/ubuntu/data_storage -v
  │   /home/ubuntu/work/event_flask_app/static/img:/home/ubuntu/work/event_fla
  │   sk_app/static/img -w /app -e OPERATION=0 -e DOCKER_CONFIG=/tmp/.docker
  │   -e HOME=/tmp -e TARGET_CITY -e TARGET_SCRAPER -e
  │   DAG_RUN_URL="${DAGU_BASE_URL}/dags/${DAG_NAME}?dagRunId=${DAG_RUN_ID}"
  │   -e
  │   DAG_RUN_LOG_URL="${DAGU_BASE_URL}/dags/${DAG_NAME}/log?remoteNode=local&
  │   step=tarea_1&dagRunId=${DAG_RUN_ID}" fisgon_scraper:1.0; rc=$?; exit
  │   $rc'
  │
  ├─stdout:
  │   RUNNING VARS →
  │   CITY=Almeria,
  │   OPERATION=0,
  │   CREATE_SESSION=0,
  │   CLOSE_SESSION=0,
  │   SESSION=None,
  │   IMAGES=0,
  │   GET_SCRAPERS=
  │   SCRAPER=ConciertosClub
  │   DAG_RUN_URL=/dags/FisgonTaskRequest/log?remoteNode=local&step=tarea_1&da
  │   gRunId=019d3eef-eef3-78b1-8b2f-21510b7290d7
  │   Running for Almeria: ConciertosClub
  │   ConciertosClub
  │   RUNNING SESSION =  2026_03_30_13_28_Lunes
  │   Getting https://conciertos.club/almeria
  │   Sleep 1
  │   *** SCRAPED 93 URLS WITH EVENTS **
  │   New url events = 0
  │   #######################
  │   No new urls/events extracted. No new events to save
  │   #######################
  └─stderr:
      /usr/local/lib/python3.11/site-packages/urllib3/connectionpool.py:1097:
      InsecureRequestWarning: Unverified HTTPS request is being made to host
      'conciertos.club'. Adding certificate verification is strongly advised.
      See:
      https://urllib3.readthedocs.io/en/latest/advanced-usage.html#tls-warnings
      warnings.warn(

Result: Succeeded

Launching scraper: JacksonLive
Failed - 2026-03-30T13:30:07Z

dag: FisgonTaskRequest (3.0s)
│
└─tarea_1 (3.0s) [failed]
  ├─bash -lc 'docker run --rm --network host -v
  │   /home/ubuntu/work/fisgon:/app -v
  │   /home/ubuntu/data_storage:/home/ubuntu/data_storage -v
  │   /home/ubuntu/work/event_flask_app/static/img:/home/ubuntu/work/event_fla
  │   sk_app/static/img -w /app -e OPERATION=0 -e DOCKER_CONFIG=/tmp/.docker
  │   -e HOME=/tmp -e TARGET_CITY -e TARGET_SCRAPER -e
  │   DAG_RUN_URL="${DAGU_BASE_URL}/dags/${DAG_NAME}?dagRunId=${DAG_RUN_ID}"
  │   -e
  │   DAG_RUN_LOG_URL="${DAGU_BASE_URL}/dags/${DAG_NAME}/log?remoteNode=local&
  │   step=tarea_1&dagRunId=${DAG_RUN_ID}" fisgon_scraper:1.0; rc=$?; exit
  │   $rc'
  │
  ├─stdout:
  │   RUNNING VARS →
  │   CITY=Almeria,
  │   OPERATION=0,
  │   CREATE_SESSION=0,
  │   CLOSE_SESSION=0,
  │   SESSION=None,
  │   IMAGES=0,
  │   GET_SCRAPERS=
  │   SCRAPER=JacksonLive
  │   DAG_RUN_URL=/dags/FisgonTaskRequest/log?remoteNode=local&step=tarea_1&da
  │   gRunId=019d3eef-f851-73b0-880f-116fe4b39e23
  │   Running for Almeria: JacksonLive
  │   JacksonLive
  │   RUNNING SESSION =  2026_03_30_13_28_Lunes
  │   Getting https://www.jacksonlive.es/almeria
  │   Sleep 1
  ├─stderr:
  │   /usr/local/lib/python3.11/site-packages/urllib3/connectionpool.py:1097:
  │   InsecureRequestWarning: Unverified HTTPS request is being made to host
  │   'www.jacksonlive.es'. Adding certificate verification is strongly
  │   advised. See:
  │   https://urllib3.readthedocs.io/en/latest/advanced-usage.html#tls-warning
  │   s
  │   warnings.warn(
  │   Traceback (most recent call last):
  │   File "/app/run.py", line 137, in <module>
  │   run_one(events_extractors, TARGET_SCRAPER, session_manager, TARGET_CITY)
  │   File "/app/run.py", line 18, in run_one
  │   ev.run()
  │   File "/app/scraper/extractors/main_pages/abc_main_pages_extractor.py",
  │   line 17, in run
  │   result = self.iterate_pages_clean_events()
  │   ^^^^^^^^^^^^^^^^^^^^^^^^^^^^^^^^^
  │   File "/app/scraper/extractors/main_pages/jackson_live.py", line 19, in
  │   iterate_pages_clean_events
  │   events_cleaned = self.clean_main_page(main_page_soup)
  │   ^^^^^^^^^^^^^^^^^^^^^^^^^^^^^^^^^^^^
  │   File "/app/scraper/extractors/main_pages/abc_main_pages_extractor.py",
  │   line 60, in clean_main_page
  │   info_list = self.get_info_list(main_page_soup, tuple_url)
  │   ^^^^^^^^^^^^^^^^^^^^^^^^^^^^^^^^^^^^^^^^^^^^^
  │   File "/app/scraper/extractors/main_pages/jackson_live.py", line 24, in
  │   get_info_list
  │   data_page = main_page_soup.find('div', {'data-page': True})['data-page']
  │   ~~~~~~~~~~~~~~~~~~~~~~~~~~~~~~~~~~~~~~~~~~~~~~~^^^^^^^^^^^^^
  │   TypeError: 'NoneType' object is not subscriptable
  │
  └─error: failed to execute step "tarea_1": exit status 1

Result: Failed

Launching scraper: BibliotecaAgenda
Succeeded - 2026-03-30T13:30:10Z

dag: FisgonTaskRequest (25.0s)
│
└─tarea_1 (25.0s) [succeeded]
  ├─bash -lc 'docker run --rm --network host -v
  │   /home/ubuntu/work/fisgon:/app -v
  │   /home/ubuntu/data_storage:/home/ubuntu/data_storage -v
  │   /home/ubuntu/work/event_flask_app/static/img:/home/ubuntu/work/event_fla
  │   sk_app/static/img -w /app -e OPERATION=0 -e DOCKER_CONFIG=/tmp/.docker
  │   -e HOME=/tmp -e TARGET_CITY -e TARGET_SCRAPER -e
  │   DAG_RUN_URL="${DAGU_BASE_URL}/dags/${DAG_NAME}?dagRunId=${DAG_RUN_ID}"
  │   -e
  │   DAG_RUN_LOG_URL="${DAGU_BASE_URL}/dags/${DAG_NAME}/log?remoteNode=local&
  │   step=tarea_1&dagRunId=${DAG_RUN_ID}" fisgon_scraper:1.0; rc=$?; exit
  │   $rc'
  │
  ├─stdout: ... (12 more lines)
  │   RUNNING SESSION =  2026_03_30_13_28_Lunes
  │   *** SCRAPED 31 URLS WITH EVENTS **
  │   New url events = 15
  │   0 / 15
  │   Getting
  │   https://www.bibliotecasdeandalucia.es/web/biblioteca-del-estado-publica-
  │   provincial-de-almeria/actividades/agenda?p_p_id=eventosportlet_WAR_cultu
  │   raportlet_INSTANCE_rPywOIojLvBh&p_p_lifecycle=0&p_p_state=normal&p_p_mod
  │   e=view&p_p_col_id=column-1&p_p_col_pos=1&p_p_col_count=2&date=14/03/26&a
  │   ction=showDay
  │   Sleep 1
  │   1 / 15
  │   Getting
  │   https://www.bibliotecasdeandalucia.es/web/biblioteca-del-estado-publica-
  │   provincial-de-almeria/actividades/agenda?p_p_id=eventosportlet_WAR_cultu
  │   raportlet_INSTANCE_rPywOIojLvBh&p_p_lifecycle=0&p_p_state=normal&p_p_mod
  │   e=view&p_p_col_id=column-1&p_p_col_pos=1&p_p_col_count=2&date=12/03/26&a
  │   ction=showDay
  │   Sleep 1
  │   2 / 15
  │   Getting
  │   https://www.bibliotecasdeandalucia.es/web/biblioteca-del-estado-publica-
  │   provincial-de-almeria/actividades/agenda?p_p_id=eventosportlet_WAR_cultu
  │   raportlet_INSTANCE_rPywOIojLvBh&p_p_lifecycle=0&p_p_state=normal&p_p_mod
  │   e=view&p_p_col_id=column-1&p_p_col_pos=1&p_p_col_count=2&date=10/03/26&a
  │   ction=showDay
  │   Sleep 1
  │   3 / 15
  │   Getting
  │   https://www.bibliotecasdeandalucia.es/web/biblioteca-del-estado-publica-
  │   provincial-de-almeria/actividades/agenda?p_p_id=eventosportlet_WAR_cultu
  │   raportlet_INSTANCE_rPywOIojLvBh&p_p_lifecycle=0&p_p_state=normal&p_p_mod
  │   e=view&p_p_col_id=column-1&p_p_col_pos=1&p_p_col_count=2&date=31/03/26&a
  │   ction=showDay
  │   Sleep 1
  │   4 / 15
  │   Getting
  │   https://www.bibliotecasdeandalucia.es/web/biblioteca-del-estado-publica-
  │   provincial-de-almeria/actividades/agenda?p_p_id=eventosportlet_WAR_cultu
  │   raportlet_INSTANCE_rPywOIojLvBh&p_p_lifecycle=0&p_p_state=normal&p_p_mod
  │   e=view&p_p_col_id=column-1&p_p_col_pos=1&p_p_col_count=2&date=08/03/26&a
  │   ction=showDay
  │   Sleep 1
  │   5 / 15
  │   Getting
  │   https://www.bibliotecasdeandalucia.es/web/biblioteca-del-estado-publica-
  │   provincial-de-almeria/actividades/agenda?p_p_id=eventosportlet_WAR_cultu
  │   raportlet_INSTANCE_rPywOIojLvBh&p_p_lifecycle=0&p_p_state=normal&p_p_mod
  │   e=view&p_p_col_id=column-1&p_p_col_pos=1&p_p_col_count=2&date=07/03/26&a
  │   ction=showDay
  │   Sleep 1
  │   6 / 15
  │   Getting
  │   https://www.bibliotecasdeandalucia.es/web/biblioteca-del-estado-publica-
  │   provincial-de-almeria/actividades/agenda?p_p_id=eventosportlet_WAR_cultu
  │   raportlet_INSTANCE_rPywOIojLvBh&p_p_lifecycle=0&p_p_state=normal&p_p_mod
  │   e=view&p_p_col_id=column-1&p_p_col_pos=1&p_p_col_count=2&date=22/03/26&a
  │   ction=showDay
  │   Sleep 1
  │   7 / 15
  │   Getting
  │   https://www.bibliotecasdeandalucia.es/web/biblioteca-del-estado-publica-
  │   provincial-de-almeria/actividades/agenda?p_p_id=eventosportlet_WAR_cultu
  │   raportlet_INSTANCE_rPywOIojLvBh&p_p_lifecycle=0&p_p_state=normal&p_p_mod
  │   e=view&p_p_col_id=column-1&p_p_col_pos=1&p_p_col_count=2&date=11/03/26&a
  │   ction=showDay
  │   Sleep 1
  │   8 / 15
  │   Getting
  │   https://www.bibliotecasdeandalucia.es/web/biblioteca-del-estado-publica-
  │   provincial-de-almeria/actividades/agenda?p_p_id=eventosportlet_WAR_cultu
  │   raportlet_INSTANCE_rPywOIojLvBh&p_p_lifecycle=0&p_p_state=normal&p_p_mod
  │   e=view&p_p_col_id=column-1&p_p_col_pos=1&p_p_col_count=2&date=01/03/26&a
  │   ction=showDay
  │   Sleep 1
  │   9 / 15
  │   Getting
  │   https://www.bibliotecasdeandalucia.es/web/biblioteca-del-estado-publica-
  │   provincial-de-almeria/actividades/agenda?p_p_id=eventosportlet_WAR_cultu
  │   raportlet_INSTANCE_rPywOIojLvBh&p_p_lifecycle=0&p_p_state=normal&p_p_mod
  │   e=view&p_p_col_id=column-1&p_p_col_pos=1&p_p_col_count=2&date=29/03/26&a
  │   ction=showDay
  │   Sleep 1
  │   10 / 15
  │   Getting
  │   https://www.bibliotecasdeandalucia.es/web/biblioteca-del-estado-publica-
  │   provincial-de-almeria/actividades/agenda?p_p_id=eventosportlet_WAR_cultu
  │   raportlet_INSTANCE_rPywOIojLvBh&p_p_lifecycle=0&p_p_state=normal&p_p_mod
  │   e=view&p_p_col_id=column-1&p_p_col_pos=1&p_p_col_count=2&date=17/03/26&a
  │   ction=showDay
  │   Sleep 1
  │   11 / 15
  │   Getting
  │   https://www.bibliotecasdeandalucia.es/web/biblioteca-del-estado-publica-
  │   provincial-de-almeria/actividades/agenda?p_p_id=eventosportlet_WAR_cultu
  │   raportlet_INSTANCE_rPywOIojLvBh&p_p_lifecycle=0&p_p_state=normal&p_p_mod
  │   e=view&p_p_col_id=column-1&p_p_col_pos=1&p_p_col_count=2&date=15/03/26&a
  │   ction=showDay
  │   Sleep 1
  │   12 / 15
  │   Getting
  │   https://www.bibliotecasdeandalucia.es/web/biblioteca-del-estado-publica-
  │   provincial-de-almeria/actividades/agenda?p_p_id=eventosportlet_WAR_cultu
  │   raportlet_INSTANCE_rPywOIojLvBh&p_p_lifecycle=0&p_p_state=normal&p_p_mod
  │   e=view&p_p_col_id=column-1&p_p_col_pos=1&p_p_col_count=2&date=24/03/26&a
  │   ction=showDay
  │   Sleep 1
  │   13 / 15
  │   Getting
  │   https://www.bibliotecasdeandalucia.es/web/biblioteca-del-estado-publica-
  │   provincial-de-almeria/actividades/agenda?p_p_id=eventosportlet_WAR_cultu
  │   raportlet_INSTANCE_rPywOIojLvBh&p_p_lifecycle=0&p_p_state=normal&p_p_mod
  │   e=view&p_p_col_id=column-1&p_p_col_pos=1&p_p_col_count=2&date=30/03/26&a
  │   ction=showDay
  │   Sleep 1
  │   14 / 15
  │   Getting
  │   https://www.bibliotecasdeandalucia.es/web/biblioteca-del-estado-publica-
  │   provincial-de-almeria/actividades/agenda?p_p_id=eventosportlet_WAR_cultu
  │   raportlet_INSTANCE_rPywOIojLvBh&p_p_lifecycle=0&p_p_state=normal&p_p_mod
  │   e=view&p_p_col_id=column-1&p_p_col_pos=1&p_p_col_count=2&date=28/03/26&a
  │   ction=showDay
  │   Sleep 1
  │   No new events to save
  │   **************************
  └─stderr:
      /usr/local/lib/python3.11/site-packages/urllib3/connectionpool.py:1097:
      InsecureRequestWarning: Unverified HTTPS request is being made to host
      'www.bibliotecasdeandalucia.es'. Adding certificate verification is
      strongly advised. See:
      https://urllib3.readthedocs.io/en/latest/advanced-usage.html#tls-warnings
      warnings.warn(
      /usr/local/lib/python3.11/site-packages/urllib3/connectionpool.py:1097:
      InsecureRequestWarning: Unverified HTTPS request is being made to host
      'www.bibliotecasdeandalucia.es'. Adding certificate verification is
      strongly advised. See:
      https://urllib3.readthedocs.io/en/latest/advanced-usage.html#tls-warnings
      warnings.warn(
      /usr/local/lib/python3.11/site-packages/urllib3/connectionpool.py:1097:
      InsecureRequestWarning: Unverified HTTPS request is being made to host
      'www.bibliotecasdeandalucia.es'. Adding certificate verification is
      strongly advised. See:
      https://urllib3.readthedocs.io/en/latest/advanced-usage.html#tls-warnings
      warnings.warn(
      /usr/local/lib/python3.11/site-packages/urllib3/connectionpool.py:1097:
      InsecureRequestWarning: Unverified HTTPS request is being made to host
      'www.bibliotecasdeandalucia.es'. Adding certificate verification is
      strongly advised. See:
      https://urllib3.readthedocs.io/en/latest/advanced-usage.html#tls-warnings
      warnings.warn(
      /usr/local/lib/python3.11/site-packages/urllib3/connectionpool.py:1097:
      InsecureRequestWarning: Unverified HTTPS request is being made to host
      'www.bibliotecasdeandalucia.es'. Adding certificate verification is
      strongly advised. See:
      https://urllib3.readthedocs.io/en/latest/advanced-usage.html#tls-warnings
      warnings.warn(
      /usr/local/lib/python3.11/site-packages/urllib3/connectionpool.py:1097:
      InsecureRequestWarning: Unverified HTTPS request is being made to host
      'www.bibliotecasdeandalucia.es'. Adding certificate verification is
      strongly advised. See:
      https://urllib3.readthedocs.io/en/latest/advanced-usage.html#tls-warnings
      warnings.warn(
      /usr/local/lib/python3.11/site-packages/urllib3/connectionpool.py:1097:
      InsecureRequestWarning: Unverified HTTPS request is being made to host
      'www.bibliotecasdeandalucia.es'. Adding certificate verification is
      strongly advised. See:
      https://urllib3.readthedocs.io/en/latest/advanced-usage.html#tls-warnings
      warnings.warn(
      /usr/local/lib/python3.11/site-packages/urllib3/connectionpool.py:1097:
      InsecureRequestWarning: Unverified HTTPS request is being made to host
      'www.bibliotecasdeandalucia.es'. Adding certificate verification is
      strongly advised. See:
      https://urllib3.readthedocs.io/en/latest/advanced-usage.html#tls-warnings
      warnings.warn(
      /usr/local/lib/python3.11/site-packages/urllib3/connectionpool.py:1097:
      InsecureRequestWarning: Unverified HTTPS request is being made to host
      'www.bibliotecasdeandalucia.es'. Adding certificate verification is
      strongly advised. See:
      https://urllib3.readthedocs.io/en/latest/advanced-usage.html#tls-warnings
      warnings.warn(
      /usr/local/lib/python3.11/site-packages/urllib3/connectionpool.py:1097:
      InsecureRequestWarning: Unverified HTTPS request is being made to host
      'www.bibliotecasdeandalucia.es'. Adding certificate verification is
      strongly advised. See:
      https://urllib3.readthedocs.io/en/latest/advanced-usage.html#tls-warnings
      warnings.warn(
      /usr/local/lib/python3.11/site-packages/urllib3/connectionpool.py:1097:
      InsecureRequestWarning: Unverified HTTPS request is being made to host
      'www.bibliotecasdeandalucia.es'. Adding certificate verification is
      strongly advised. See:
      https://urllib3.readthedocs.io/en/latest/advanced-usage.html#tls-warnings
      warnings.warn(
      /usr/local/lib/python3.11/site-packages/urllib3/connectionpool.py:1097:
      InsecureRequestWarning: Unverified HTTPS request is being made to host
      'www.bibliotecasdeandalucia.es'. Adding certificate verification is
      strongly advised. See:
      https://urllib3.readthedocs.io/en/latest/advanced-usage.html#tls-warnings
      warnings.warn(
      /usr/local/lib/python3.11/site-packages/urllib3/connectionpool.py:1097:
      InsecureRequestWarning: Unverified HTTPS request is being made to host
      'www.bibliotecasdeandalucia.es'. Adding certificate verification is
      strongly advised. See:
      https://urllib3.readthedocs.io/en/latest/advanced-usage.html#tls-warnings
      warnings.warn(
      /usr/local/lib/python3.11/site-packages/urllib3/connectionpool.py:1097:
      InsecureRequestWarning: Unverified HTTPS request is being made to host
      'www.bibliotecasdeandalucia.es'. Adding certificate verification is
      strongly advised. See:
      https://urllib3.readthedocs.io/en/latest/advanced-usage.html#tls-warnings
      warnings.warn(
      /usr/local/lib/python3.11/site-packages/urllib3/connectionpool.py:1097:
      InsecureRequestWarning: Unverified HTTPS request is being made to host
      'www.bibliotecasdeandalucia.es'. Adding certificate verification is
      strongly advised. See:
      https://urllib3.readthedocs.io/en/latest/advanced-usage.html#tls-warnings
      warnings.warn(

Result: Succeeded

