time=2026-03-30T13:30:35.505Z level=INFO msg="Executing root dag-run" dag=FisgonTaskSelenium run-id=019d3ef0-666e-7790-9104-5669d371fc77 params=""
time=2026-03-30T13:30:35.519Z level=INFO msg="DAG run started" name=FisgonTaskSelenium run-id=019d3ef0-666e-7790-9104-5669d371fc77 attempt-id="" dag=FisgonTaskSelenium run-id=019d3ef0-666e-7790-9104-5669d371fc77 params="[TARGET_CITY=Almeria TARGET_SCRAPER=AlmeriaCiudad 3=DAGU_BASE_URL=]"
time=2026-03-30T13:30:35.523Z level=INFO msg="Step started" name=FisgonTaskSelenium run-id=019d3ef0-666e-7790-9104-5669d371fc77 attempt-id="" dag=FisgonTaskSelenium run-id=019d3ef0-666e-7790-9104-5669d371fc77 step=tarea_1
time=2026-03-30T13:31:13.034Z level=INFO msg="DAG run finished" name=FisgonTaskSelenium run-id=019d3ef0-666e-7790-9104-5669d371fc77 attempt-id="" dag=FisgonTaskSelenium run-id=019d3ef0-666e-7790-9104-5669d371fc77 status=succeeded started-at=2026-03-30T13:30:35Z finished-at=2026-03-30T13:31:13Z
time=2026-03-30T13:31:13.126Z level=INFO msg="Executing root dag-run" dag=FisgonTaskSelenium run-id=019d3ef0-f954-7ca2-a3a9-d5711d270992 params=""
time=2026-03-30T13:31:13.137Z level=INFO msg="DAG run started" name=FisgonTaskSelenium run-id=019d3ef0-f954-7ca2-a3a9-d5711d270992 attempt-id="" dag=FisgonTaskSelenium run-id=019d3ef0-f954-7ca2-a3a9-d5711d270992 params="[TARGET_CITY=Almeria TARGET_SCRAPER=AlmeriaTurismo 3=DAGU_BASE_URL=]"
time=2026-03-30T13:31:13.138Z level=INFO msg="Step started" name=FisgonTaskSelenium run-id=019d3ef0-f954-7ca2-a3a9-d5711d270992 attempt-id="" dag=FisgonTaskSelenium run-id=019d3ef0-f954-7ca2-a3a9-d5711d270992 step=tarea_1
time=2026-03-30T13:31:51.558Z level=INFO msg="DAG run finished" name=FisgonTaskSelenium run-id=019d3ef0-f954-7ca2-a3a9-d5711d270992 attempt-id="" dag=FisgonTaskSelenium run-id=019d3ef0-f954-7ca2-a3a9-d5711d270992 status=succeeded started-at=2026-03-30T13:31:13Z finished-at=2026-03-30T13:31:51Z
time=2026-03-30T13:31:51.636Z level=INFO msg="Executing root dag-run" dag=FisgonTaskSelenium run-id=019d3ef1-8fd2-7445-8172-c9c10ee737df params=""
time=2026-03-30T13:31:51.645Z level=INFO msg="DAG run started" name=FisgonTaskSelenium run-id=019d3ef1-8fd2-7445-8172-c9c10ee737df attempt-id="" dag=FisgonTaskSelenium run-id=019d3ef1-8fd2-7445-8172-c9c10ee737df params="[TARGET_CITY=Almeria TARGET_SCRAPER=JuntaAndaluciaAgenda 3=DAGU_BASE_URL=]"
time=2026-03-30T13:31:51.648Z level=INFO msg="Step started" name=FisgonTaskSelenium run-id=019d3ef1-8fd2-7445-8172-c9c10ee737df attempt-id="" dag=FisgonTaskSelenium run-id=019d3ef1-8fd2-7445-8172-c9c10ee737df step=tarea_1
time=2026-03-30T13:33:08.833Z level=INFO msg="DAG run finished" name=FisgonTaskSelenium run-id=019d3ef1-8fd2-7445-8172-c9c10ee737df attempt-id="" dag=FisgonTaskSelenium run-id=019d3ef1-8fd2-7445-8172-c9c10ee737df status=succeeded started-at=2026-03-30T13:31:51Z finished-at=2026-03-30T13:33:08Z
time=2026-03-30T13:33:08.869Z level=INFO msg="Executing root dag-run" dag=FisgonTaskSelenium run-id=019d3ef2-bd82-7b26-add7-32bcfb7f2739 params=""
time=2026-03-30T13:33:08.878Z level=INFO msg="DAG run started" name=FisgonTaskSelenium run-id=019d3ef2-bd82-7b26-add7-32bcfb7f2739 attempt-id="" dag=FisgonTaskSelenium run-id=019d3ef2-bd82-7b26-add7-32bcfb7f2739 params="[TARGET_CITY=Almeria TARGET_SCRAPER=ClassicJazz 3=DAGU_BASE_URL=]"
time=2026-03-30T13:33:08.880Z level=INFO msg="Step started" name=FisgonTaskSelenium run-id=019d3ef2-bd82-7b26-add7-32bcfb7f2739 attempt-id="" dag=FisgonTaskSelenium run-id=019d3ef2-bd82-7b26-add7-32bcfb7f2739 step=tarea_1
time=2026-03-30T13:34:03.942Z level=INFO msg="DAG run finished" name=FisgonTaskSelenium run-id=019d3ef2-bd82-7b26-add7-32bcfb7f2739 attempt-id="" dag=FisgonTaskSelenium run-id=019d3ef2-bd82-7b26-add7-32bcfb7f2739 status=succeeded started-at=2026-03-30T13:33:08Z finished-at=2026-03-30T13:34:03Z
time=2026-03-30T13:34:03.990Z level=INFO msg="Executing root dag-run" dag=FisgonTaskSelenium run-id=019d3ef3-94d3-7733-8971-131c0702a54c params=""
time=2026-03-30T13:34:04.008Z level=INFO msg="DAG run started" name=FisgonTaskSelenium run-id=019d3ef3-94d3-7733-8971-131c0702a54c attempt-id="" dag=FisgonTaskSelenium run-id=019d3ef3-94d3-7733-8971-131c0702a54c params="[TARGET_CITY=Almeria TARGET_SCRAPER=Entradium 3=DAGU_BASE_URL=]"
time=2026-03-30T13:34:04.011Z level=INFO msg="Step started" name=FisgonTaskSelenium run-id=019d3ef3-94d3-7733-8971-131c0702a54c attempt-id="" dag=FisgonTaskSelenium run-id=019d3ef3-94d3-7733-8971-131c0702a54c step=tarea_1
time=2026-03-30T13:34:45.096Z level=INFO msg="DAG run finished" name=FisgonTaskSelenium run-id=019d3ef3-94d3-7733-8971-131c0702a54c attempt-id="" dag=FisgonTaskSelenium run-id=019d3ef3-94d3-7733-8971-131c0702a54c status=succeeded started-at=2026-03-30T13:34:03Z finished-at=2026-03-30T13:34:45Z
time=2026-03-30T13:34:45.143Z level=INFO msg="Executing root dag-run" dag=FisgonTaskSelenium run-id=019d3ef4-3595-7050-869b-d54176e02ecb params=""
time=2026-03-30T13:34:45.158Z level=INFO msg="DAG run started" name=FisgonTaskSelenium run-id=019d3ef4-3595-7050-869b-d54176e02ecb attempt-id="" dag=FisgonTaskSelenium run-id=019d3ef4-3595-7050-869b-d54176e02ecb params="[TARGET_CITY=Almeria TARGET_SCRAPER=TodasLasEntradas 3=DAGU_BASE_URL=]"
time=2026-03-30T13:34:45.162Z level=INFO msg="Step started" name=FisgonTaskSelenium run-id=019d3ef4-3595-7050-869b-d54176e02ecb attempt-id="" dag=FisgonTaskSelenium run-id=019d3ef4-3595-7050-869b-d54176e02ecb step=tarea_1
time=2026-03-30T13:34:53.880Z level=INFO msg="DAG run finished" name=FisgonTaskSelenium run-id=019d3ef4-3595-7050-869b-d54176e02ecb attempt-id="" dag=FisgonTaskSelenium run-id=019d3ef4-3595-7050-869b-d54176e02ecb status=succeeded started-at=2026-03-30T13:34:45Z finished-at=2026-03-30T13:34:53Z
time=2026-03-30T13:34:53.926Z level=INFO msg="Executing root dag-run" dag=FisgonTaskSelenium run-id=019d3ef4-57e0-7c80-ba4e-b3e6f6683fd2 params=""
time=2026-03-30T13:34:53.940Z level=INFO msg="DAG run started" name=FisgonTaskSelenium run-id=019d3ef4-57e0-7c80-ba4e-b3e6f6683fd2 attempt-id="" dag=FisgonTaskSelenium run-id=019d3ef4-57e0-7c80-ba4e-b3e6f6683fd2 params="[TARGET_CITY=Almeria TARGET_SCRAPER=RedBibliotecas 3=DAGU_BASE_URL=]"
time=2026-03-30T13:34:53.944Z level=INFO msg="Step started" name=FisgonTaskSelenium run-id=019d3ef4-57e0-7c80-ba4e-b3e6f6683fd2 attempt-id="" dag=FisgonTaskSelenium run-id=019d3ef4-57e0-7c80-ba4e-b3e6f6683fd2 step=tarea_1
time=2026-03-30T13:35:10.240Z level=INFO msg="DAG run finished" name=FisgonTaskSelenium run-id=019d3ef4-57e0-7c80-ba4e-b3e6f6683fd2 attempt-id="" dag=FisgonTaskSelenium run-id=019d3ef4-57e0-7c80-ba4e-b3e6f6683fd2 status=succeeded started-at=2026-03-30T13:34:53Z finished-at=2026-03-30T13:35:10Z
time=2026-03-30T13:35:10.283Z level=INFO msg="Executing root dag-run" dag=FisgonTaskSelenium run-id=019d3ef4-97c8-7de5-bc94-e5a0ac3ac13b params=""
time=2026-03-30T13:35:10.293Z level=INFO msg="DAG run started" name=FisgonTaskSelenium run-id=019d3ef4-97c8-7de5-bc94-e5a0ac3ac13b attempt-id="" dag=FisgonTaskSelenium run-id=019d3ef4-97c8-7de5-bc94-e5a0ac3ac13b params="[TARGET_CITY=Almeria TARGET_SCRAPER=SalaEmma 3=DAGU_BASE_URL=]"
time=2026-03-30T13:35:10.294Z level=INFO msg="Step started" name=FisgonTaskSelenium run-id=019d3ef4-97c8-7de5-bc94-e5a0ac3ac13b attempt-id="" dag=FisgonTaskSelenium run-id=019d3ef4-97c8-7de5-bc94-e5a0ac3ac13b step=tarea_1
time=2026-03-30T13:35:29.886Z level=INFO msg="DAG run finished" name=FisgonTaskSelenium run-id=019d3ef4-97c8-7de5-bc94-e5a0ac3ac13b attempt-id="" dag=FisgonTaskSelenium run-id=019d3ef4-97c8-7de5-bc94-e5a0ac3ac13b status=succeeded started-at=2026-03-30T13:35:10Z finished-at=2026-03-30T13:35:29Z
