Launching scraper: AlmeriaCiudad
Succeeded - 2026-03-30T13:30:35Z

dag: FisgonTaskSelenium (38.0s)
│
└─tarea_1 (38.0s) [succeeded]
  ├─bash -lc 'set -eo pipefail; export DOCKER_CONFIG=/tmp/.docker HOME=/tmp;
  │   SELENIUM_NAME="selenium_${DAG_RUN_ID:-$$}_$(date +%s)"; cleanup() {
  │   docker rm -f "$SELENIUM_NAME" >/dev/null 2>&1 || true; }; trap cleanup
  │   EXIT; docker run -d --rm --name "$SELENIUM_NAME" --shm-size=2g -e
  │   SE_NODE_MAX_SESSIONS=1 -e SE_NODE_OVERRIDE_MAX_SESSIONS=true
  │   selenium/standalone-chrome:latest >/dev/null; docker exec
  │   "$SELENIUM_NAME" bash -c "for i in \$(seq 1 60); do (echo >
  │   /dev/tcp/127.0.0.1/4444) >/dev/null 2>&1 && exit 0; sleep 1; done; exit
  │   1"; docker run --rm --network container:"$SELENIUM_NAME" -v
  │   /home/ubuntu/work/fisgon:/app -v
  │   /home/ubuntu/data_storage:/home/ubuntu/data_storage -v
  │   /home/ubuntu/work/event_flask_app/static/img:/home/ubuntu/work/event_fla
  │   sk_app/static/img -w /app -e OPERATION=0 -e DOCKER_CONFIG=/tmp/.docker
  │   -e HOME=/tmp -e TARGET_CITY -e TARGET_SCRAPER -e
  │   DAG_RUN_URL="${DAGU_BASE_URL:-}/dags/${DAG_NAME}?dagRunId=${DAG_RUN_ID}"
  │   -e
  │   DAG_RUN_LOG_URL="${DAGU_BASE_URL:-}/dags/${DAG_NAME}/log?remoteNode=loca
  │   l&step=tarea_1&dagRunId=${DAG_RUN_ID}" fisgon_scraper:1.0'
  │
  └─stdout:
      RUNNING VARS →
      CITY=Almeria,
      OPERATION=0,
      CREATE_SESSION=0,
      CLOSE_SESSION=0,
      SESSION=None,
      IMAGES=0,
      GET_SCRAPERS=
      SCRAPER=AlmeriaCiudad
      DAG_RUN_URL=/dags/FisgonTaskSelenium/log?remoteNode=local&step=tarea_1&dag
      RunId=019d3ef0-666e-7790-9104-5669d371fc77
      Running for Almeria: AlmeriaCiudad
      AlmeriaCiudad
      RUNNING SESSION =  2026_03_30_13_28_Lunes
      Starting WebDriver...
      http://localhost:4444/wd/hub
      sleeping 5
      Getting content
      page = 0
      -----------https://almeriaciudad.es/cultura/agenda?page=0---------------
      len 12
      sleeping 5
      Getting content
      page = 1
      -----------https://almeriaciudad.es/cultura/agenda?page=1---------------
      len 12
      sleeping 5
      Getting content
      page = 2
      -----------https://almeriaciudad.es/cultura/agenda?page=2---------------
      len 5
      sleeping 5
      Getting content
      page = 3
      -----------https://almeriaciudad.es/cultura/agenda?page=3---------------
      len 0
      *** SCRAPED 29 URLS WITH EVENTS **
      New url events = 0
      #######################
      No new urls/events extracted. No new events to save
      #######################

Result: Succeeded

Launching scraper: AlmeriaTurismo
Succeeded - 2026-03-30T13:31:13Z

dag: FisgonTaskSelenium (38.0s)
│
└─tarea_1 (38.0s) [succeeded]
  ├─bash -lc 'set -eo pipefail; export DOCKER_CONFIG=/tmp/.docker HOME=/tmp;
  │   SELENIUM_NAME="selenium_${DAG_RUN_ID:-$$}_$(date +%s)"; cleanup() {
  │   docker rm -f "$SELENIUM_NAME" >/dev/null 2>&1 || true; }; trap cleanup
  │   EXIT; docker run -d --rm --name "$SELENIUM_NAME" --shm-size=2g -e
  │   SE_NODE_MAX_SESSIONS=1 -e SE_NODE_OVERRIDE_MAX_SESSIONS=true
  │   selenium/standalone-chrome:latest >/dev/null; docker exec
  │   "$SELENIUM_NAME" bash -c "for i in \$(seq 1 60); do (echo >
  │   /dev/tcp/127.0.0.1/4444) >/dev/null 2>&1 && exit 0; sleep 1; done; exit
  │   1"; docker run --rm --network container:"$SELENIUM_NAME" -v
  │   /home/ubuntu/work/fisgon:/app -v
  │   /home/ubuntu/data_storage:/home/ubuntu/data_storage -v
  │   /home/ubuntu/work/event_flask_app/static/img:/home/ubuntu/work/event_fla
  │   sk_app/static/img -w /app -e OPERATION=0 -e DOCKER_CONFIG=/tmp/.docker
  │   -e HOME=/tmp -e TARGET_CITY -e TARGET_SCRAPER -e
  │   DAG_RUN_URL="${DAGU_BASE_URL:-}/dags/${DAG_NAME}?dagRunId=${DAG_RUN_ID}"
  │   -e
  │   DAG_RUN_LOG_URL="${DAGU_BASE_URL:-}/dags/${DAG_NAME}/log?remoteNode=loca
  │   l&step=tarea_1&dagRunId=${DAG_RUN_ID}" fisgon_scraper:1.0'
  │
  └─stdout: ... (555 more lines)
      {'id': 'f84ff505', 'show': 1, 'in_city': 1, 'one_day': 1,
      'wrong_date_time': 0, 'event': 'Sentimental Value', 'slug':
      'sentimental-value', 'category': '__NOT_DEFINIED__', 'id_venue':
      'tQfq78jF', 'venue': 'Teatro Apolo', 'std_venue': 'Teatro Apolo',
      'start_date': '2026-04-22', 'start_time': '20:00:00', 'end_date':
      '2026-04-22', 'end_time': '22:00:00', 'description': 'Las hermanas Nora y
      Agnes se reencuentran con su distanciado padre, el carismático Gustav, un
      antiguo director de renombre que le ofrece a su hija Nora, actriz de
      teatro, un papel en su próxima película. Nora lo rechaza y pronto
      descubre que le ha dado su papel a una joven y entusiasta estrella de
      Hollywood. De repente, las dos hermanas deben sortear su complicada
      relación con su padre y lidiar con una estrella estadounidense que se
      encuentra en medio de su compleja dinámica familiar.. Duración:. 2 horas
      15 mins', 'others': {'category': 'Teatro Apolo Almería', 'hour':
      '__NOT_FOUND__', 'startDate': '2026-4-22T20:00+2:00', 'endDate':
      '2026-4-22T22:00+2:00', 'duration_days': 0, 'location': 'Rambla Obispo
      Orbera, 25,04001 Almería'}, 'source': 'AlmeriaTurismo', 'exec_time':
      '20260330T133118', 'session': '2026_03_30_13_28_Lunes', 'image':
      'https://www.turismodealmeria.org/wp-content/uploads/2026/02/Captura-de-pa
      ntalla-2026-02-24-134540.jpg', 'url':
      'https://www.turismodealmeria.org/evento/sentimental-value/'}
      --------------------
      {'id': 'f5125640', 'show': 1, 'in_city': 1, 'one_day': 1,
      'wrong_date_time': 1, 'event': 'Bookcrossing Científico', 'slug':
      'bookcrossing-cientifico', 'category': '__NOT_DEFINIED__', 'id_venue':
      '8g4nLPqF', 'venue': 'Universidad de Almería (UAL)', 'std_venue':
      'Paraninfo de la Universidad de Almería', 'start_date': '2026-04-23',
      'start_time': '__NOT_FOUND__', 'end_date': '2026-04-23', 'end_time':
      '__NOT_FOUND__', 'description': 'Únete al Bookcrossing científico en la
      Universidad de Almería para celebrar el Día del Libro.', 'others':
      {'category': '__NOT_FOUND__', 'hour': '__NOT_FOUND__', 'startDate':
      '2026-4-23', 'endDate': '2026-4-23', 'duration_days': 0, 'location':
      'Carr. Sacramento, s/n, 04120 La Cañada, Almería'}, 'source':
      'AlmeriaTurismo', 'exec_time': '20260330T133118', 'session':
      '2026_03_30_13_28_Lunes', 'image':
      'https://www.turismodealmeria.org/wp-content/uploads/2026/03/bookscrossing
      -cientifico.png', 'url':
      'https://www.turismodealmeria.org/evento/bookcrossing-cientifico/'}
      --------------------
      {'id': '7e1555d6', 'show': 1, 'in_city': 1, 'one_day': 1,
      'wrong_date_time': 0, 'event': 'Actualidad Astronómica Con Jorge
      Iglesias', 'slug': 'actualidad-astronomica-con-jorge-iglesias',
      'category': '__NOT_DEFINIED__', 'id_venue': '8g4nLPqF', 'venue':
      'Universidad de Almería (UAL)', 'std_venue': 'Paraninfo de la Universidad
      de Almería', 'start_date': '2026-04-23', 'start_time': '12:00:00',
      'end_date': '2026-04-23', 'end_time': '13:30:00', 'description': 'El ciclo
      de tertulias sobre astronomía vuelve este año con Jorge Iglesias, quien
      presentará y debatirá sobre las novedades más importantes en el ámbito
      astronómico. Las sesiones se llevarán a cabo en el Edificio de
      Psicología, Sala de Grados, a las 12:00h. Fechas: 19 de febrero, 19 de
      marzo, 23 de abril y 21 de mayo.', 'others': {'category': 'Edificio de
      Psicología, Sala de Grados, Universidad de Almería', 'hour':
      '__NOT_FOUND__', 'startDate': '2026-4-23T12:00+2:00', 'endDate':
      '2026-4-23T13:30+2:00', 'duration_days': 0, 'location': 'Carr. Sacramento,
      s/n, 04120 La Cañada, Almería'}, 'source': 'AlmeriaTurismo',
      'exec_time': '20260330T133118', 'session': '2026_03_30_13_28_Lunes',
      'image':
      'https://www.turismodealmeria.org/wp-content/uploads/2026/02/Actualidad-as
      tronomica-con-Jorge-Iglesias.jpg', 'url':
      'https://www.turismodealmeria.org/evento/actualidad-astronomica-con-jorge-
      iglesias/var/ri-2.l-L1'}
      --------------------
      {'id': '46f7b0ac', 'show': 1, 'in_city': 1, 'one_day': 1,
      'wrong_date_time': 0, 'event': 'Cuentacuentos: Un Amigo Como Tú', 'slug':
      'cuentacuentos-un-amigo-como-tu', 'category': '__NOT_DEFINIED__',
      'id_venue': 'J8tbTLH7', 'venue': 'Librería Picasso', 'std_venue':
      'Librería Picasso', 'start_date': '2026-04-23', 'start_time': '18:00:00',
      'end_date': '2026-04-23', 'end_time': '19:00:00', 'description':
      'Participa en el cuentacuentos para niños a partir de 3 años basado en
      el libro ‘Un Amigo Como Tú’ de Andrea Schomburg y Barbara Röttgen.
      Te esperamos en Librerías Picasso, Almería.', 'others': {'category': 'Un
      Amigo Como Tú', 'hour': '__NOT_FOUND__', 'startDate':
      '2026-4-23T18:00+2:00', 'endDate': '2026-4-23T19:00+2:00',
      'duration_days': 0, 'location': 'Calle Reyes Católicos, 18, 04001
      Almería'}, 'source': 'AlmeriaTurismo', 'exec_time': '20260330T133118',
      'session': '2026_03_30_13_28_Lunes', 'image':
      'https://www.turismodealmeria.org/wp-content/uploads/2026/02/Cuentacuentos
      -Un-Amigo-Como-Tu.jpg', 'url':
      'https://www.turismodealmeria.org/evento/cuentacuentos-un-amigo-como-tu/'}
      --------------------
      {'id': 'a1c26cbd', 'show': 1, 'in_city': 1, 'one_day': 1,
      'wrong_date_time': 0, 'event': 'Conversaciones Sobre La Música', 'slug':
      'conversaciones-sobre-la-musica', 'category': '__NOT_DEFINIED__',
      'id_venue': 'Q6b6LRjT', 'venue': 'Clasijazz', 'std_venue': 'Clasijazz',
      'start_date': '2026-04-23', 'start_time': '20:00:00', 'end_date':
      '2026-04-23', 'end_time': '21:00:00', 'description': 'Únete a un evento
      especial donde exploramos qué nos dice la música. Discute y descubre las
      profundidades musicales junto a otros entusiastas en un ambiente
      acogedor.', 'others': {'category': '__NOT_FOUND__', 'hour':
      '__NOT_FOUND__', 'startDate': '2026-4-23T20:00+2:00', 'endDate':
      '2026-4-23T21:00+2:00', 'duration_days': 0, 'location': 'C. Maestro
      Serrano, 9, 04004 Almería'}, 'source': 'AlmeriaTurismo', 'exec_time':
      '20260330T133118', 'session': '2026_03_30_13_28_Lunes', 'image':
      'https://www.turismodealmeria.org/wp-content/uploads/2026/03/conversacione
      s-sobre-la-musica-1.jpg', 'url':
      'https://www.turismodealmeria.org/evento/conversaciones-sobre-la-musica/'}
      --------------------
      {'id': '4b190177', 'show': 1, 'in_city': 1, 'one_day': 1,
      'wrong_date_time': 0, 'event': 'Visita Las Casas Consistoriales', 'slug':
      'visita-las-casas-consistoriales', 'category': '__NOT_DEFINIED__',
      'id_venue': '7RhD7QqG', 'venue': 'Plaza Vieja', 'std_venue': 'Plaza de la
      Constitución', 'start_date': '2026-04-24', 'start_time': '10:00:00',
      'end_date': '2026-04-24', 'end_time': '12:00:00', 'description': 'El
      Ayuntamiento de Almería organiza visitas guiadas a las Casas
      Consistoriales, con personal municipal experto en la Historia y Patrimonio
      de Almería, quienes explicarán la reciente restauración del edificio..
      Las visitas están dirigidas al público general y se realizan los viernes
      a las 10:00h y 12:00h, con un máximo de 30 personas por pase.. El punto
      de encuentro es la Plaza Vieja. La inscripción es gratuita a través de
      la web. https://reservas.turismodealmeria.org/visitas-casa-consistorial.
      .. Recorrido:. Inicio de la visita:. entrada por las Casas Consistoriales.
      Visita a la primitiva biblioteca. Subida por las escaleras de mármol con
      barandas de balaustradas. Hall de entrada al Salón Noble para contemplar
      los altorrelieves del Sagrado Corazón de Jesús, Virgen del Mar y San
      Indalecio. Salón Noble. Visita al muro primitivo del siglo XVII
      descubierto durante la restauración. Visita del lienzo de la Casa Pratas.
      Arcos apuntados y escalera con baranda de forja recuperados de la Casa
      Lledó. Salida de las Casas Consistoriales. y visita final a la Oficina
      Municipal de Turismo. Más información en la Oficina de Turismo ubicada
      en la calle Juez, 6 o a través del teléfono 950 210 035 y el correo
      oficinaturismo@aytoalmeria.es.', 'others': {'category': 'Visita guiada por
      el patrimonio histórico de las Casas Consistoriales', 'hour':
      '__NOT_FOUND__', 'startDate': '2026-4-24T10:00+2:00', 'endDate':
      '2026-4-24T12:00+2:00', 'duration_days': 0, 'location': 'Convento de Santa
      Clara, Plaza de la Constitución, 04071 Almería, España'}, 'source':
      'AlmeriaTurismo', 'exec_time': '20260330T133118', 'session':
      '2026_03_30_13_28_Lunes', 'image':
      'https://www.turismodealmeria.org/wp-content/uploads/2026/01/1200x1500-Vis
      itas-Consistorio-Almeria-Ciudad-01-2.jpg', 'url':
      'https://www.turismodealmeria.org/evento/visita-las-casas-consistoriales/v
      ar/ri-12.l-L1'}
      --------------------
      {'id': 'e7af0313', 'show': 1, 'in_city': 1, 'one_day': 1,
      'wrong_date_time': 0, 'event': 'El Mentalista Canalla', 'slug':
      'el-mentalista-canalla', 'category': '__NOT_DEFINIED__', 'id_venue':
      '7qHRF9LM', 'venue': 'Sala EMMA', 'std_venue': 'Sala Escuela Municipal de
      Música & Artes', 'start_date': '2026-04-24', 'start_time': '20:00:00',
      'end_date': '2026-04-24', 'end_time': '22:00:00', 'description': 'No te
      pierdas el impactante show de Abraham Gallego, ‘El Mentalista
      Canalla’, un espectáculo de magia y mentalismo para toda la familia.
      Vive una experiencia divertida y desafiante, donde la magia y la mente se
      unen para sorprenderte en cada momento. ¡Ven a disfrutarlo el 24 de abril
      en la Sala EMMA de Almería!', 'others': {'category': 'Abraham Gallego
      presenta un espectáculo de magia y mentalismo', 'hour': '__NOT_FOUND__',
      'startDate': '2026-4-24T20:00+2:00', 'endDate': '2026-4-24T22:00+2:00',
      'duration_days': 0, 'location': 'C. Rbla. Obispo Orberá, 23, 04001
      Almería'}, 'source': 'AlmeriaTurismo', 'exec_time': '20260330T133118',
      'session': '2026_03_30_13_28_Lunes', 'image':
      'https://www.turismodealmeria.org/wp-content/uploads/2026/02/elmentalista.
      jpg', 'url':
      'https://www.turismodealmeria.org/evento/el-mentalista-canalla/'}
      --------------------
      {'id': '3dc9b286', 'show': 1, 'in_city': 1, 'one_day': 1,
      'wrong_date_time': 0, 'event': '¿Nos Damos Un Viaje?', 'slug':
      'nos-damos-un-viaje', 'category': '__NOT_DEFINIED__', 'id_venue':
      'DgpfFbPt', 'venue': 'Teatro Cervantes', 'std_venue': 'Teatro Cervantes',
      'start_date': '2026-04-24', 'start_time': '20:30:00', 'end_date':
      '2026-04-24', 'end_time': '22:30:00', 'description': 'Santi Rodríguez
      presenta su nuevo espectáculo ‘¿Nos damos un viaje?’ en el Teatro
      Cervantes de Almería el viernes 24 de abril del 2026. ¡No te lo
      pierdas!', 'others': {'category': 'Santi Rodríguez presenta', 'hour':
      '__NOT_FOUND__', 'startDate': '2026-4-24T20:30+2:00', 'endDate':
      '2026-4-24T22:30+2:00', 'duration_days': 0, 'location': 'Calle Poeta
      Villaespesa, 1, 04001 Almería'}, 'source': 'AlmeriaTurismo', 'exec_time':
      '20260330T133118', 'session': '2026_03_30_13_28_Lunes', 'image':
      'https://www.turismodealmeria.org/wp-content/uploads/2026/03/nos-damos-un-
      viaje.jpg', 'url':
      'https://www.turismodealmeria.org/evento/nos-damos-un-viaje/'}
      --------------------
      {'id': 'c261d893', 'show': 1, 'in_city': 1, 'one_day': 1,
      'wrong_date_time': 0, 'event': 'Malas & Maldecias Tocata Y Fuga', 'slug':
      'malas-maldecias-tocata-y-fuga', 'category': '__NOT_DEFINIED__',
      'id_venue': '9B7gDFP7', 'venue': 'Escuela de Teatro y Cine ARTENVACÍO',
      'std_venue': 'Sala Artenvacio', 'start_date': '2026-04-24', 'start_time':
      '21:00:00', 'end_date': '2026-04-24', 'end_time': '23:00:00',
      'description': 'Disfruta de una divertida noche de comedia con ‘Malas &
      Maldecias Tocata y Fuga’ en el Teatro de Comedia, Artenvacio, ALMERÍA.
      Compra las entradas en. compra aquí las entradas', 'others': {'category':
      'Teatro de Comedia', 'hour': '(Viernes) 21:00 pm - 23:00 pm', 'startDate':
      '2026-4-24T21:00+2:00', 'endDate': '2026-4-24T23:00+2:00',
      'duration_days': 0, 'location': 'C. Tirso de Molina, N°30, 04005
      Almería'}, 'source': 'AlmeriaTurismo', 'exec_time': '20260330T133118',
      'session': '2026_03_30_13_28_Lunes', 'image':
      'https://www.turismodealmeria.org/wp-content/uploads/2026/03/malas-y-m.jpg
      ', 'url':
      'https://www.turismodealmeria.org/evento/malas-maldecias-tocata-y-fuga/'}
      --------------------
      {'id': '0498810e', 'show': 1, 'in_city': 1, 'one_day': 1,
      'wrong_date_time': 0, 'event': 'Profesor Poopsnuggle', 'slug':
      'profesor-poopsnuggle', 'category': '__NOT_DEFINIED__', 'id_venue':
      'NmPqTrh6', 'venue': 'Berlin Social Club', 'std_venue': 'Berlin Social
      Club', 'start_date': '2026-04-24', 'start_time': '21:30:00', 'end_date':
      '2026-04-24', 'end_time': '23:00:00', 'description': 'Profesor Popsnuggle
      llega a la Sala Berlin Social Club en Almería el 24 de abril de 2026 para
      ofrecer una noche de pop retrofuturista. Germán, José, Álvaro y
      Laureano forman este cuarteto que se inspira en el pop español de los
      años sesenta, la movida madrileña, los sintetizadores analógicos y la
      bossa nova. Desde su irrupción en 2004 con el álbum “El Turismo”, su
      música ha prestado una mirada divertida y crítica al pasado musical
      español. En 2008 reafirmaron su propuesta con el lanzamiento de “El Fin
      de las Colonias Africanas”. Una cita imperdible para los amantes del pop
      con sabor nostálgico y visionario.', 'others': {'category':
      '__NOT_FOUND__', 'hour': '__NOT_FOUND__', 'startDate':
      '2026-4-24T21:30+2:00', 'endDate': '2026-4-24T23:00+2:00',
      'duration_days': 0, 'location': 'Parque de Nicolás Salmerón, 9, Bajo 2,
      04001 Almería'}, 'source': 'AlmeriaTurismo', 'exec_time':
      '20260330T133118', 'session': '2026_03_30_13_28_Lunes', 'image':
      'https://www.turismodealmeria.org/wp-content/uploads/2026/02/profesorpopnu
      ggle.jpg', 'url':
      'https://www.turismodealmeria.org/evento/profesor-poopsnuggle/'}
      --------------------
      {'id': '9ac96ff8', 'show': 1, 'in_city': 1, 'one_day': 1,
      'wrong_date_time': 0, 'event': 'Cuentacuentos: Te Quiero Tanto - Saeko
      Inui', 'slug': 'cuentacuentos-te-quiero-tanto-saeko-inui', 'category':
      '__NOT_DEFINIED__', 'id_venue': 'J8tbTLH7', 'venue': 'Librería Picasso',
      'std_venue': 'Librería Picasso', 'start_date': '2026-04-25',
      'start_time': '11:00:00', 'end_date': '2026-04-25', 'end_time':
      '13:00:00', 'description': 'Evento de cuentacuentos para niños a partir
      de 3 años basado en el libro ‘Te quiero tanto’ de Saeko Inui. Se
      realizará en Librerías Picasso, Almería.', 'others': {'category':
      'Lectura para niños', 'hour': '(Sábado) 11:00 am - 13:00 pm',
      'startDate': '2026-4-25T11:00+2:00', 'endDate': '2026-4-25T13:00+2:00',
      'duration_days': 0, 'location': 'Calle Reyes Católicos, 18, 04001
      Almería'}, 'source': 'AlmeriaTurismo', 'exec_time': '20260330T133118',
      'session': '2026_03_30_13_28_Lunes', 'image':
      'https://www.turismodealmeria.org/wp-content/uploads/2026/02/Cuentacuentos
      -Te-quiero-tanto-Saeko-Inui.jpg', 'url':
      'https://www.turismodealmeria.org/evento/cuentacuentos-te-quiero-tanto-sae
      ko-inui/'}
      --------------------
      {'id': '52425f29', 'show': 1, 'in_city': 1, 'one_day': 1,
      'wrong_date_time': 0, 'event': 'XV METALMERIA FEST - 25 Abril', 'slug':
      'xv-metalmeria-fest-25-abril', 'category': '__NOT_DEFINIED__', 'id_venue':
      'NmPqTrh6', 'venue': 'Berlin Social Club', 'std_venue': 'Berlin Social
      Club', 'start_date': '2026-04-25', 'start_time': '16:00:00', 'end_date':
      '2026-04-25', 'end_time': '19:00:00', 'description': 'El 25 de abril de
      2026 se celebrará la decimoquinta edición del METALMERIA FEST en la Sala
      Berlin Social Club de Almería, con apertura de puertas a las 26:00h. El
      festival contará con una potente alineación internacional de bandas de
      metal como Kate’s Acid (Speed Metal – Bélgica), DeathStorm (Thrash
      Metal – Austria), Ecclesia (Heavy/Doom Metal – Francia), Speed Queen
      (Speed Metal – Bélgica) y Peace After Pain (Crossover/Thrash Metal –
      Barcelona). Las entradas anticipadas tienen un coste de 25 €, mientras
      que en taquilla costarán 30 €. Los socios pueden adquirir su entrada
      por 15 €, y los poseedores del carnet Interclub por 22 €. Las entradas
      compradas online serán canjeadas físicamente en taquilla.', 'others':
      {'category': '__NOT_FOUND__', 'hour': '__NOT_FOUND__', 'startDate':
      '2026-4-25T16:00+2:00', 'endDate': '2026-4-25T19:00+2:00',
      'duration_days': 0, 'location': 'Parque de Nicolás Salmerón, 9, Bajo 2,
      04001 Almería'}, 'source': 'AlmeriaTurismo', 'exec_time':
      '20260330T133118', 'session': '2026_03_30_13_28_Lunes', 'image':
      'https://www.turismodealmeria.org/wp-content/uploads/2026/02/xv-metalalmer
      ia.jpg', 'url':
      'https://www.turismodealmeria.org/evento/xv-metalmeria-fest-25-abril/'}
      --------------------
      {'id': '21b8f52a', 'show': 1, 'in_city': 1, 'one_day': 1,
      'wrong_date_time': 0, 'event': 'Campeones 2 en El Teatro', 'slug':
      'campeones-2-en-el-teatro', 'category': '__NOT_DEFINIED__', 'id_venue':
      None, 'venue': '__NOT_FOUND__', 'std_venue': None, 'start_date':
      '2026-04-25', 'start_time': '20:00:00', 'end_date': '2026-04-25',
      'end_time': '22:00:00', 'description': 'La exitosa y entrañable obra
      ‘Campeones 2 en el Teatro: Si Lorca levantara la cabeza’ llega a
      Almería. Con un elenco formado por Alberto Nieto, Emilio Gavira, Luis
      Mottola, Daniel Pico García, Claudia Fesser y Gloria Ramos, y dirigida
      por Juan Manuel Montilla El Langui, esta comedia teatral continúa la
      inspiración de la aclamada película. ¡Una experiencia divertida,
      emotiva y cargada de mensajes positivos sobre la superación y la
      inclusión! No te lo pierdas el sábado 25 de abril a las 20:00h en el
      Auditorio Maestro Padilla. Las entradas están disponibles desde 22€ en
      la taquilla del Teatro Apolo.', 'others': {'category': 'Auditorio Maestro
      Padilla', 'hour': '__NOT_FOUND__', 'startDate': '2026-4-25T20:00+2:00',
      'endDate': '2026-4-25T22:00+2:00', 'duration_days': 0, 'location':
      '__NOT_FOUND__'}, 'source': 'AlmeriaTurismo', 'exec_time':
      '20260330T133118', 'session': '2026_03_30_13_28_Lunes', 'image':
      'https://www.turismodealmeria.org/wp-content/uploads/2026/02/campeones2.jp
      g', 'url':
      'https://www.turismodealmeria.org/evento/campeones-2-en-el-teatro/'}
      --------------------
      {'id': 'd2d0865d', 'show': 1, 'in_city': 1, 'one_day': 1,
      'wrong_date_time': 0, 'event': 'Si Alguna Vez Hubo Un Nosotros', 'slug':
      'si-alguna-vez-hubo-un-nosotros', 'category': '__NOT_DEFINIED__',
      'id_venue': 'DgpfFbPt', 'venue': 'Teatro Cervantes', 'std_venue': 'Teatro
      Cervantes', 'start_date': '2026-04-25', 'start_time': '20:00:00',
      'end_date': '2026-04-25', 'end_time': '22:00:00', 'description':
      'Espectáculo teatral dirigido por Ignasi Vidal, con las interpretaciones
      de Félix Gómez y Noemí Ruiz. Única función el sábado 25 de abril de
      2026.', 'others': {'category': 'Presentación única de una obra teatral',
      'hour': '__NOT_FOUND__', 'startDate': '2026-4-25T20:00+2:00', 'endDate':
      '2026-4-25T22:00+2:00', 'duration_days': 0, 'location': 'Calle Poeta
      Villaespesa, 1, 04001 Almería'}, 'source': 'AlmeriaTurismo', 'exec_time':
      '20260330T133118', 'session': '2026_03_30_13_28_Lunes', 'image':
      'https://www.turismodealmeria.org/wp-content/uploads/2026/03/Si-alguna-vez
      -hubo-un-nosotros.jpg', 'url':
      'https://www.turismodealmeria.org/evento/si-alguna-vez-hubo-un-nosotros/'}
      --------------------
      {'id': '8215b878', 'show': 1, 'in_city': 1, 'one_day': 1,
      'wrong_date_time': 0, 'event': 'XIX Triatlón Ciudad De Almería. Jairo
      Ruiz', 'slug': 'xix-triatlon-ciudad-de-almeria-jairo-ruiz', 'category':
      '__NOT_DEFINIED__', 'id_venue': None, 'venue': 'Playa del Palmeral',
      'std_venue': None, 'start_date': '2026-04-26', 'start_time': '09:00:00',
      'end_date': '2026-04-26', 'end_time': '14:00:00', 'description': 'El XIX
      Triatlón Ciudad de Almería se llevará a cabo el 26 de abril de 2026 en
      la Playa de El Palmeral. Ven y participa en este emocionante evento
      deportivo.', 'others': {'category': 'Triatlón en Almería', 'hour':
      '__NOT_FOUND__', 'startDate': '2026-4-26T09:00+2:00', 'endDate':
      '2026-4-26T14:00+2:00', 'duration_days': 0, 'location': 'Playa Ciudad
      Luminosa, Almería, 04007'}, 'source': 'AlmeriaTurismo', 'exec_time':
      '20260330T133118', 'session': '2026_03_30_13_28_Lunes', 'image':
      'https://www.turismodealmeria.org/wp-content/uploads/2026/03/xix-triatlon.
      jpg', 'url':
      'https://www.turismodealmeria.org/evento/xix-triatlon-ciudad-de-almeria-ja
      iro-ruiz/'}
      --------------------
      {'id': '992be434', 'show': 1, 'in_city': 1, 'one_day': 1,
      'wrong_date_time': 0, 'event': 'Recolección Y Cocina Con Plantas
      Silvestres', 'slug': 'recoleccion-y-cocina-con-plantas-silvestres',
      'category': '__NOT_DEFINIED__', 'id_venue': 'Q6b6LRjT', 'venue': 'El
      molino - Clasijazz Rural', 'std_venue': 'Clasijazz', 'start_date':
      '2026-04-26', 'start_time': '10:30:00', 'end_date': '2026-04-26',
      'end_time': '16:00:00', 'description': 'Taller de recolección y cocina
      con plantas silvestres, dirigido por la Chef Yolanda García. Fecha: 26 de
      abril de 2026. Horario: De 10:30 a 16:00. Lugar: Molino de Terque. Compra
      las entradas en. compra aquí las entradas', 'others': {'category':
      '__NOT_FOUND__', 'hour': '__NOT_FOUND__', 'startDate':
      '2026-4-26T10:30+2:00', 'endDate': '2026-4-26T16:00+2:00',
      'duration_days': 0, 'location': 'X9MW+8V, 04569, Almería, España.'},
      'source': 'AlmeriaTurismo', 'exec_time': '20260330T133118', 'session':
      '2026_03_30_13_28_Lunes', 'image':
      'https://www.turismodealmeria.org/wp-content/uploads/2026/03/recoleccion-y
      -cocina-con-plantas-silvestres-1.png', 'url':
      'https://www.turismodealmeria.org/evento/recoleccion-y-cocina-con-plantas-
      silvestres/'}
      --------------------
      {'id': '40742aac', 'show': 1, 'in_city': 1, 'one_day': 1,
      'wrong_date_time': 0, 'event': 'Arte Y Botánica III: Herbario Poético',
      'slug': 'arte-y-botanica-iii-herbario-poetico', 'category':
      '__NOT_DEFINIED__', 'id_venue': None, 'venue': 'Pabellón de Historia
      Natural, PHN', 'std_venue': None, 'start_date': '2026-04-26',
      'start_time': '12:00:00', 'end_date': '2026-04-26', 'end_time':
      '14:00:00', 'description': 'Un evento donde se explora la relación entre
      arte y botánica en un taller dirigido por María Moreno.', 'others':
      {'category': 'Taller María Moreno', 'hour': '__NOT_FOUND__', 'startDate':
      '2026-4-26T12:00+2:00', 'endDate': '2026-4-26T14:00+2:00',
      'duration_days': 0, 'location': 'Universidad de Almería, 04120
      Almería'}, 'source': 'AlmeriaTurismo', 'exec_time': '20260330T133118',
      'session': '2026_03_30_13_28_Lunes', 'image':
      'https://www.turismodealmeria.org/wp-content/uploads/2026/03/Arte-y-botani
      ca-III-Herbario-poetico.png', 'url':
      'https://www.turismodealmeria.org/evento/arte-y-botanica-iii-herbario-poet
      ico/'}
      --------------------
      {'id': '5e2ccb96', 'show': 1, 'in_city': 1, 'one_day': 1,
      'wrong_date_time': 0, 'event': 'OCAL - Escuchar Crecer La Hierba', 'slug':
      'ocal-escuchar-crecer-la-hierba', 'category': '__NOT_DEFINIED__',
      'id_venue': None, 'venue': '__NOT_FOUND__', 'std_venue': None,
      'start_date': '2026-04-26', 'start_time': '12:30:00', 'end_date':
      '2026-04-26', 'end_time': '14:30:00', 'description': 'Concierto de la
      Orquesta Ciudad de Almería dirigido por Michael Thomas con la solista
      Susana Gómez Vázquez. El programa incluye la obra de M. Thomas
      ‘Concierto para piano y orquesta’ y la ‘Sinfonía n.2 en re mayor,
      Op.73’ de J. Brahms.', 'others': {'category': 'Orquesta Ciudad de
      Almería', 'hour': '__NOT_FOUND__', 'startDate': '2026-4-26T12:30+2:00',
      'endDate': '2026-4-26T14:30+2:00', 'duration_days': 0, 'location':
      '__NOT_FOUND__'}, 'source': 'AlmeriaTurismo', 'exec_time':
      '20260330T133118', 'session': '2026_03_30_13_28_Lunes', 'image':
      'https://www.turismodealmeria.org/wp-content/uploads/2026/03/Escuchar-Crec
      er-la-Hierba.jpg', 'url':
      'https://www.turismodealmeria.org/evento/ocal-escuchar-crecer-la-hierba/'}
      --------------------
      {'id': '18d34f24', 'show': 1, 'in_city': 1, 'one_day': 1,
      'wrong_date_time': 0, 'event': 'Taller De Escritura Creativa "Emoción en
      El Escritor, Emoción en El Lector"', 'slug':
      'taller-de-escritura-creativa-emocion-en-el-escritor-emocion-en-el-lector'
      , 'category': '__NOT_DEFINIED__', 'id_venue': '8g4nLPqF', 'venue':
      'Universidad de Almería (UAL)', 'std_venue': 'Paraninfo de la Universidad
      de Almería', 'start_date': '2026-04-28', 'start_time': '16:00:00',
      'end_date': '2026-04-28', 'end_time': '18:00:00', 'description': 'Descubre
      los secretos para atrapar a tus lectores y asombrar a los editores. Bruno
      Nievas nos guiará en este emocionante taller donde aprenderemos a crear
      ideas poderosas, superar el reto del primer borrador, desarrollar
      personajes conmovedores, idear situaciones impactantes, incorporar el
      viaje del héroe, editar sin piedad, publicar y autopublicar, y vender con
      éxito: ¿comprarías tu propio libro?', 'others': {'category':
      '__NOT_FOUND__', 'hour': '__NOT_FOUND__', 'startDate':
      '2026-4-28T16:00+2:00', 'endDate': '2026-4-28T18:00+2:00',
      'duration_days': 0, 'location': 'Carr. Sacramento, s/n, 04120 La Cañada,
      Almería'}, 'source': 'AlmeriaTurismo', 'exec_time': '20260330T133118',
      'session': '2026_03_30_13_28_Lunes', 'image':
      'https://www.turismodealmeria.org/wp-content/uploads/2026/03/taller-escrit
      ura.jpg', 'url':
      'https://www.turismodealmeria.org/evento/taller-de-escritura-creativa-emoc
      ion-en-el-escritor-emocion-en-el-lector/'}
      --------------------
      {'id': 'bb9c676c', 'show': 1, 'in_city': 1, 'one_day': 1,
      'wrong_date_time': 0, 'event': 'Charla: La Torre, Una Casa De Película.
      Francisco Verdegay Flores', 'slug':
      'charla-la-torre-una-casa-de-pelicula-francisco-verdegay-flores',
      'category': '__NOT_DEFINIED__', 'id_venue': 'df8rMnjt', 'venue': 'Casa del
      Cine de Almería', 'std_venue': 'Casa del Cine', 'start_date':
      '2026-04-30', 'start_time': '18:30:00', 'end_date': '2026-04-30',
      'end_time': '20:00:00', 'description': 'El historiador e investigador,
      responsable del estudio histórico de la Finca Santa Isabel —actual Casa
      del Cine—, ofrecerá una charla en la que recorrerá la historia y la
      trayectoria de la familia Romero, así como las distintas transformaciones
      que ha experimentado el edificio desde su construcción en 1866 hasta su
      configuración y uso en la actualidad, poniendo en valor su relevancia
      patrimonial y cultural a lo largo del tiempo.', 'others': {'category': 'La
      Casa del Cine, Almería', 'hour': '__NOT_FOUND__', 'startDate':
      '2026-4-30T18:30+2:00', 'endDate': '2026-4-30T20:00+2:00',
      'duration_days': 0, 'location': 'Camino Romero, 1, 04009 Almería'},
      'source': 'AlmeriaTurismo', 'exec_time': '20260330T133118', 'session':
      '2026_03_30_13_28_Lunes', 'image':
      'https://www.turismodealmeria.org/wp-content/uploads/2026/03/la-casa-del-c
      ine-almeria.jpg', 'url':
      'https://www.turismodealmeria.org/evento/charla-la-torre-una-casa-de-pelic
      ula-francisco-verdegay-flores/'}
      --------------------
      {'id': 'cc255ab0', 'show': 1, 'in_city': 1, 'one_day': 1,
      'wrong_date_time': 0, 'event': 'El Fantástico Viaje De Jonás El
      Espermatozoide', 'slug': 'el-fantastico-viaje-de-jonas-el-espermatozoide',
      'category': '__NOT_DEFINIED__', 'id_venue': 'tQfq78jF', 'venue': 'Teatro
      Apolo', 'std_venue': 'Teatro Apolo', 'start_date': '2026-04-30',
      'start_time': '20:30:00', 'end_date': '2026-04-30', 'end_time':
      '22:00:00', 'description': 'Un espectáculo familiar, para niños y niñas
      a partir de 6 años. Disfruta de las aventuras de Jonás en su fantástico
      viaje.', 'others': {'category': '__NOT_FOUND__', 'hour': '__NOT_FOUND__',
      'startDate': '2026-4-30T20:30+2:00', 'endDate': '2026-4-30T22:00+2:00',
      'duration_days': 0, 'location': 'Rambla Obispo Orbera, 25,04001
      Almería'}, 'source': 'AlmeriaTurismo', 'exec_time': '20260330T133118',
      'session': '2026_03_30_13_28_Lunes', 'image':
      'https://www.turismodealmeria.org/wp-content/uploads/2026/02/Captura-de-pa
      ntalla-2026-02-24-135009.jpg', 'url':
      'https://www.turismodealmeria.org/evento/el-fantastico-viaje-de-jonas-el-e
      spermatozoide/'}
      --------------------
      {'id': '020dffee', 'show': 1, 'in_city': 1, 'one_day': 1,
      'wrong_date_time': 0, 'event': 'Climas Emocionales', 'slug':
      'climas-emocionales', 'category': '__NOT_DEFINIED__', 'id_venue':
      'Q6b6LRjT', 'venue': 'Clasijazz', 'std_venue': 'Clasijazz', 'start_date':
      '2026-04-30', 'start_time': '21:00:00', 'end_date': '2026-04-30',
      'end_time': '22:00:00', 'description': 'Performance ‘Climas
      Emocionales’ con danza por Mayte Beltrán y Juanma Cidrón.
      Climatología y emociones por Lorena López.', 'others': {'category':
      'Performance de Danza y Espacio Sonoro', 'hour': '__NOT_FOUND__',
      'startDate': '2026-4-30T21:00+2:00', 'endDate': '2026-4-30T22:00+2:00',
      'duration_days': 0, 'location': 'C. Maestro Serrano, 9, 04004 Almería'},
      'source': 'AlmeriaTurismo', 'exec_time': '20260330T133118', 'session':
      '2026_03_30_13_28_Lunes', 'image':
      'https://www.turismodealmeria.org/wp-content/uploads/2026/03/Climas-Emocio
      nales.jpg', 'url':
      'https://www.turismodealmeria.org/evento/climas-emocionales/'}
      Checking unique event url.
      New url events = 23
      ****************************
      Saving 23 new events
      Saving in
      /home/ubuntu/data_storage/Almeria/2026_03_30_13_28_Lunes/0_raw/20260330_13
      31_AlmeriaTurismo.json
      Saving 23 master url
      Appending to  /home/ubuntu/data_storage/Almeria/00_master/master_url.json

Result: Succeeded

Launching scraper: JuntaAndaluciaAgenda
Succeeded - 2026-03-30T13:31:51Z

dag: FisgonTaskSelenium (1m 17s)
│
└─tarea_1 (1m 17s) [succeeded]
  ├─bash -lc 'set -eo pipefail; export DOCKER_CONFIG=/tmp/.docker HOME=/tmp;
  │   SELENIUM_NAME="selenium_${DAG_RUN_ID:-$$}_$(date +%s)"; cleanup() {
  │   docker rm -f "$SELENIUM_NAME" >/dev/null 2>&1 || true; }; trap cleanup
  │   EXIT; docker run -d --rm --name "$SELENIUM_NAME" --shm-size=2g -e
  │   SE_NODE_MAX_SESSIONS=1 -e SE_NODE_OVERRIDE_MAX_SESSIONS=true
  │   selenium/standalone-chrome:latest >/dev/null; docker exec
  │   "$SELENIUM_NAME" bash -c "for i in \$(seq 1 60); do (echo >
  │   /dev/tcp/127.0.0.1/4444) >/dev/null 2>&1 && exit 0; sleep 1; done; exit
  │   1"; docker run --rm --network container:"$SELENIUM_NAME" -v
  │   /home/ubuntu/work/fisgon:/app -v
  │   /home/ubuntu/data_storage:/home/ubuntu/data_storage -v
  │   /home/ubuntu/work/event_flask_app/static/img:/home/ubuntu/work/event_fla
  │   sk_app/static/img -w /app -e OPERATION=0 -e DOCKER_CONFIG=/tmp/.docker
  │   -e HOME=/tmp -e TARGET_CITY -e TARGET_SCRAPER -e
  │   DAG_RUN_URL="${DAGU_BASE_URL:-}/dags/${DAG_NAME}?dagRunId=${DAG_RUN_ID}"
  │   -e
  │   DAG_RUN_LOG_URL="${DAGU_BASE_URL:-}/dags/${DAG_NAME}/log?remoteNode=loca
  │   l&step=tarea_1&dagRunId=${DAG_RUN_ID}" fisgon_scraper:1.0'
  │
  ├─stdout: ... (22 more lines)
  │   sleeping 7
  │   ******
  │   css selector
  │   .view-display-id-page_search_activities > ul:nth-child(3) >
  │   li:nth-child(1) > a:nth-child(1)
  │   clicking
  │   sleeping 3
  │   Scrolling...
  │   sleeping 1
  │   sleeping 7
  │   ******
  │   css selector
  │   .view-display-id-page_search_activities > ul:nth-child(3) >
  │   li:nth-child(1) > a:nth-child(1)
  │   clicking
  │   sleeping 3
  │   Scrolling...
  │   sleeping 1
  │   sleeping 7
  │   ******
  │   css selector
  │   .view-display-id-page_search_activities > ul:nth-child(3) >
  │   li:nth-child(1) > a:nth-child(1)
  │   clicking
  │   sleeping 3
  │   Scrolling...
  │   sleeping 1
  │   sleeping 7
  │   ******
  │   css selector
  │   .view-display-id-page_search_activities > ul:nth-child(3) >
  │   li:nth-child(1) > a:nth-child(1)
  │   clicking
  │   sleeping 3
  │   Scrolling...
  │   sleeping 1
  │   sleeping 7
  │   ******
  │   css selector
  │   .view-display-id-page_search_activities > ul:nth-child(3) >
  │   li:nth-child(1) > a:nth-child(1)
  │   .view-display-id-page_search_activities > ul:nth-child(3) >
  │   li:nth-child(1) > a:nth-child(1) Not found
  │   Getting content
  │   *** SCRAPED 69 URLS WITH EVENTS **
  │   New url events = 1
  │   0 / 1
  │   Getting
  │   https://www.juntadeandalucia.es/cultura/agendaculturaldeandalucia/evento
  │   /crece-con-la-villaespesa-conoces-las-aves-de-tu-entorno-con-francisco-g
  │   arcia-romero
  │   Sleep 4
  │   --------------------
  │   {'id': 'c81b283c', 'show': 1, 'in_city': 1, 'one_day': 1,
  │   'wrong_date_time': 0, 'event': 'Crece Con La Villaespesa. "¿Conoces Las
  │   Aves De Tu Entorno?", Con Francisco García Romero', 'slug':
  │   'crece-con-la-villaespesa-conoces-las-aves-de-tu-entorno-con-francisco-g
  │   arcia-rom', 'category': '__NOT_DEFINIED__', 'id_venue': 'TjmFnJdD',
  │   'venue': 'Biblioteca Pública del Estado-Biblioteca Provincial de
  │   Almería Francisco Villaespesa', 'std_venue': 'Biblioteca Pública
  │   Francisco Villaespesa', 'start_date': '2026-04-08', 'start_time':
  │   '12:00:00', 'end_date': '2026-04-08', 'end_time': '__NOT_DEFINIED__',
  │   'description': 'Crece con la Villaespesa. "¿Conoces las aves de tu
  │   entorno?", con Francisco García Romero. A través de la presentación
  │   de diapositivas en las que se darán a conocer características y
  │   algunos de los aspectos más curiosos de las aves que conviven con
  │   nosotros/as, se iniciará un diálogo con el alumnado con el objetivo de
  │   que conozcan las aves que ven en su día a día, sensibilizar sobre la
  │   importancia de la conservación de las aves de nuestro entorno y
  │   despertar el interés en el alumnado sobre el mundo de las aves en
  │   libertad. Miércoles 8 de abril 12:00h. Salón de actos. Actividad
  │   concertada con centros educativos.', 'others': {'location_url':
  │   '/cultura/agendaculturaldeandalucia/espacios/biblioteca-publica-del-esta
  │   do-biblioteca-provincial-de-almeria-francisco-villaespesa', 'location2':
  │   'Biblioteca Pública del Estado-Biblioteca Provincial de Almería
  │   Francisco Villaespesa', 'duration': '__NOT_FOUND__', 'datetime_details':
  │   '08 de Abril del 2026, 12:00 h.', 'town': '__NOT_FOUND__', 'location':
  │   'Calle Hermanos Machado, s/n, Almería. Almería', 'duration_days':
  │   '__NOT_FOUND__'}, 'source': 'JuntaAndaluciaAgenda', 'exec_time':
  │   '20260330T133157', 'session': '2026_03_30_13_28_Lunes', 'image':
  │   'https://www.juntadeandalucia.es/cultura/agendaculturaldeandalucia/sites
  │   /default/files/styles/header_activity_ext_2xl/public/2026-03/CARTEL_6.pn
  │   g.webp?itok=eVl_6GtA', 'url':
  │   'https://www.juntadeandalucia.es/cultura/agendaculturaldeandalucia/event
  │   o/crece-con-la-villaespesa-conoces-las-aves-de-tu-entorno-con-francisco-
  │   garcia-romero'}
  │   ****************************
  │   Saving 1 new events
  │   Saving in
  │   /home/ubuntu/data_storage/Almeria/2026_03_30_13_28_Lunes/0_raw/20260330_
  │   1331_JuntaAndaluciaAgenda.json
  │   Saving 1 master url
  │   Appending to /home/ubuntu/data_storage/Almeria/00_master/master_url.json
  └─stderr:
      /usr/local/lib/python3.11/site-packages/urllib3/connectionpool.py:1097:
      InsecureRequestWarning: Unverified HTTPS request is being made to host
      'www.juntadeandalucia.es'. Adding certificate verification is strongly
      advised. See:
      https://urllib3.readthedocs.io/en/latest/advanced-usage.html#tls-warnings
      warnings.warn(

Result: Succeeded

Launching scraper: ClassicJazz
Succeeded - 2026-03-30T13:33:08Z

dag: FisgonTaskSelenium (55.0s)
│
└─tarea_1 (55.0s) [succeeded]
  ├─bash -lc 'set -eo pipefail; export DOCKER_CONFIG=/tmp/.docker HOME=/tmp;
  │   SELENIUM_NAME="selenium_${DAG_RUN_ID:-$$}_$(date +%s)"; cleanup() {
  │   docker rm -f "$SELENIUM_NAME" >/dev/null 2>&1 || true; }; trap cleanup
  │   EXIT; docker run -d --rm --name "$SELENIUM_NAME" --shm-size=2g -e
  │   SE_NODE_MAX_SESSIONS=1 -e SE_NODE_OVERRIDE_MAX_SESSIONS=true
  │   selenium/standalone-chrome:latest >/dev/null; docker exec
  │   "$SELENIUM_NAME" bash -c "for i in \$(seq 1 60); do (echo >
  │   /dev/tcp/127.0.0.1/4444) >/dev/null 2>&1 && exit 0; sleep 1; done; exit
  │   1"; docker run --rm --network container:"$SELENIUM_NAME" -v
  │   /home/ubuntu/work/fisgon:/app -v
  │   /home/ubuntu/data_storage:/home/ubuntu/data_storage -v
  │   /home/ubuntu/work/event_flask_app/static/img:/home/ubuntu/work/event_fla
  │   sk_app/static/img -w /app -e OPERATION=0 -e DOCKER_CONFIG=/tmp/.docker
  │   -e HOME=/tmp -e TARGET_CITY -e TARGET_SCRAPER -e
  │   DAG_RUN_URL="${DAGU_BASE_URL:-}/dags/${DAG_NAME}?dagRunId=${DAG_RUN_ID}"
  │   -e
  │   DAG_RUN_LOG_URL="${DAGU_BASE_URL:-}/dags/${DAG_NAME}/log?remoteNode=loca
  │   l&step=tarea_1&dagRunId=${DAG_RUN_ID}" fisgon_scraper:1.0'
  │
  ├─stdout:
  │   RUNNING VARS →
  │   CITY=Almeria,
  │   OPERATION=0,
  │   CREATE_SESSION=0,
  │   CLOSE_SESSION=0,
  │   SESSION=None,
  │   IMAGES=0,
  │   GET_SCRAPERS=
  │   SCRAPER=ClassicJazz
  │   DAG_RUN_URL=/dags/FisgonTaskSelenium/log?remoteNode=local&step=tarea_1&d
  │   agRunId=019d3ef2-bd82-7b26-add7-32bcfb7f2739
  │   Running for Almeria: ClassicJazz
  │   ClassicJazz
  │   RUNNING SESSION =  2026_03_30_13_28_Lunes
  │   Starting WebDriver...
  │   http://localhost:4444/wd/hub
  │   *********************times =1
  │   sleeping 7
  │   Scrolling...
  │   sleeping 1
  │   Getting content
  │   clicking
  │   sleeping 3
  │   sleeping 7
  │   *********************times =2
  │   sleeping 7
  │   Scrolling...
  │   sleeping 1
  │   Getting content
  │   clicking
  │   sleeping 3
  │   sleeping 7
  │   *** SCRAPED 185 URLS WITH EVENTS **
  │   New url events = 1
  │   0 / 1
  │   Getting
  │   https://clasijazz.com/evento/korooke-live-karaoke-battle-experience-port
  │   -of-spain/
  │   Sleep 4
  │   2026-04-24T18:00:00 2026-04-24T22:00:00
  │   --------------------
  │   {'id': 'fbdfbd35', 'show': 1, 'in_city': 1, 'one_day': 1,
  │   'wrong_date_time': 0, 'event': 'Korooke Live – Karaoke Battle
  │   Experience', 'slug': 'korooke-live-karaoke-battle-experience',
  │   'category': '__NOT_DEFINIED__', 'id_venue': 'ddgm4gQP', 'venue': 'Port
  │   Of Spain', 'std_venue': 'Port Of Spain', 'start_date': '2026-04-24',
  │   'start_time': '18:00:00', 'end_date': '2026-04-24', 'end_time':
  │   '22:00:00', 'description': 'Port of Spain | Entrada Libre KOROOKE LIVE
  │   – Karaoke Battle Experience ¿Listo para algo MUCHO más que un
  │   karaoke? Este viernes 24 de abril llega a Port of Spain una experiencia
  │   única donde el escenario es tuyo… Canta Improvisa Vibra con el DJ
  │   Súmate al LIVE con músicos en directo KOROOKE no es karaoke… es un
  │   SHOW en vivo Un formato explosivo entre concierto, jam session y
  │   espectáculo participativo donde tú eres el protagonista ⚡ Y esta
  │   vez… subimos el nivel: KARAOKE BATTLE / CHALLENGE Demuestra lo que
  │   tienes y enfréntate al público… o conquístalo Además: Casting en
  │   vivo – All Stars Talent Festival Buscamos talento REAL: cantantes,
  │   bailarines, músicos, performers, modelos… incluso magia Una noche
  │   donde TODO puede pasar Port of Spain – Almería Viernes 24 de abril
  │   Desde las 18:00 ️ ENTRADA LIBRE Más público, más energía, más
  │   show Ven con amigos… o ven a brillar Sube al escenario… o disfruta
  │   del espectáculo KOROOKE LIVE No es un evento más… es una experiencia
  │   que se vive.', 'others': {'price': '__NOT_DEFINIED__', 'category':
  │   'Programación', 'location_url':
  │   'https://clasijazz.com/local/port-of-spain/', 'location': 'Parque
  │   Nicolás Salmeron 20, Almería'}, 'source': 'ClassicJazz', 'exec_time':
  │   '20260330T133314', 'session': '2026_03_30_13_28_Lunes', 'image':
  │   'https://clasijazz.com/wp-content/uploads/2026/03/WhatsApp-Image-2026-03
  │   -29-at-22.01.22.jpeg', 'url':
  │   'https://clasijazz.com/evento/korooke-live-karaoke-battle-experience-por
  │   t-of-spain/'}
  │   ****************************
  │   Saving 1 new events
  │   Saving in
  │   /home/ubuntu/data_storage/Almeria/2026_03_30_13_28_Lunes/0_raw/20260330_
  │   1333_ClassicJazz.json
  │   Saving 1 master url
  │   Appending to /home/ubuntu/data_storage/Almeria/00_master/master_url.json
  └─stderr:
      /usr/local/lib/python3.11/site-packages/urllib3/connectionpool.py:1097:
      InsecureRequestWarning: Unverified HTTPS request is being made to host
      'clasijazz.com'. Adding certificate verification is strongly advised. See:
      https://urllib3.readthedocs.io/en/latest/advanced-usage.html#tls-warnings
      warnings.warn(

Result: Succeeded

Launching scraper: Entradium
Succeeded - 2026-03-30T13:34:03Z

dag: FisgonTaskSelenium (42.0s)
│
└─tarea_1 (41.0s) [succeeded]
  ├─bash -lc 'set -eo pipefail; export DOCKER_CONFIG=/tmp/.docker HOME=/tmp;
  │   SELENIUM_NAME="selenium_${DAG_RUN_ID:-$$}_$(date +%s)"; cleanup() {
  │   docker rm -f "$SELENIUM_NAME" >/dev/null 2>&1 || true; }; trap cleanup
  │   EXIT; docker run -d --rm --name "$SELENIUM_NAME" --shm-size=2g -e
  │   SE_NODE_MAX_SESSIONS=1 -e SE_NODE_OVERRIDE_MAX_SESSIONS=true
  │   selenium/standalone-chrome:latest >/dev/null; docker exec
  │   "$SELENIUM_NAME" bash -c "for i in \$(seq 1 60); do (echo >
  │   /dev/tcp/127.0.0.1/4444) >/dev/null 2>&1 && exit 0; sleep 1; done; exit
  │   1"; docker run --rm --network container:"$SELENIUM_NAME" -v
  │   /home/ubuntu/work/fisgon:/app -v
  │   /home/ubuntu/data_storage:/home/ubuntu/data_storage -v
  │   /home/ubuntu/work/event_flask_app/static/img:/home/ubuntu/work/event_fla
  │   sk_app/static/img -w /app -e OPERATION=0 -e DOCKER_CONFIG=/tmp/.docker
  │   -e HOME=/tmp -e TARGET_CITY -e TARGET_SCRAPER -e
  │   DAG_RUN_URL="${DAGU_BASE_URL:-}/dags/${DAG_NAME}?dagRunId=${DAG_RUN_ID}"
  │   -e
  │   DAG_RUN_LOG_URL="${DAGU_BASE_URL:-}/dags/${DAG_NAME}/log?remoteNode=loca
  │   l&step=tarea_1&dagRunId=${DAG_RUN_ID}" fisgon_scraper:1.0'
  │
  ├─stdout:
  │   RUNNING VARS →
  │   CITY=Almeria,
  │   OPERATION=0,
  │   CREATE_SESSION=0,
  │   CLOSE_SESSION=0,
  │   SESSION=None,
  │   IMAGES=0,
  │   GET_SCRAPERS=
  │   SCRAPER=Entradium
  │   DAG_RUN_URL=/dags/FisgonTaskSelenium/log?remoteNode=local&step=tarea_1&d
  │   agRunId=019d3ef3-94d3-7733-8971-131c0702a54c
  │   Running for Almeria: Entradium
  │   Entradium
  │   RUNNING SESSION =  2026_03_30_13_28_Lunes
  │   Starting WebDriver...
  │   http://localhost:4444/wd/hub
  │   sleeping 5
  │   clicking
  │   sleeping 3
  │   sleeping 1.5
  │   sleeping 3
  │   ******
  │   xpath
  │   /html/body/header/div[2]/div[1]/div/div/form/div/div/button/span/i
  │   clicking
  │   sleeping 3
  │   sleeping 8
  │   Getting content
  │   *** SCRAPED 22 URLS WITH EVENTS **
  │   New url events = 1
  │   0 / 1
  │   Getting https://entradium.com/es/events/piano-musica-para-los-sentidos
  │   Sleep 4
  │   ['18.04.2026', '21:30']
  │   --------------------
  │   {'id': '54663dc9', 'show': 1, 'in_city': 1, 'one_day': 1,
  │   'wrong_date_time': 0, 'event': 'Piano&Música Para Los Sentidos',
  │   'slug': 'piano-musica-para-los-sentidos', 'category':
  │   '__NOT_DEFINIED__', 'id_venue': 'trpmPB62', 'venue': 'Sala El Zaguán
  │   (Cervecería Internacional)', 'std_venue': 'Zaguán', 'start_date':
  │   '2026-04-18', 'start_time': '21:30:00', 'end_date': '__NOT_DEFINIED__',
  │   'end_time': '__NOT_DEFINIED__', 'description': 'Ani Espinosa, pianista
  │   almeriense, con raíces latinas, tocará para todos los públicos
  │   "música para los sentidos". Mezclando piano clásico, neoclásico,
  │   minimalista.....y cómo no, con alguna sorpresa. Qué mejor que
  │   experimentarlo en directo, con piano acústico y con la sencillez que la
  │   acompaña. Apto para todos los públicos y edades.', 'others': {},
  │   'source': 'Entradium', 'exec_time': '20260330T133409', 'session':
  │   '2026_03_30_13_28_Lunes', 'image':
  │   'https://d2il8hfach02z9.cloudfront.net/uploads/event/poster/6abcd0705d08
  │   e06ced1752b44d335f9901a3f177/event_m_1000189229.jpg?v=1774865934',
  │   'url': 'https://entradium.com/es/events/piano-musica-para-los-sentidos'}
  │   ****************************
  │   Saving 1 new events
  │   Saving in
  │   /home/ubuntu/data_storage/Almeria/2026_03_30_13_28_Lunes/0_raw/20260330_
  │   1334_Entradium.json
  │   Saving 1 master url
  │   Appending to /home/ubuntu/data_storage/Almeria/00_master/master_url.json
  └─stderr:
      /usr/local/lib/python3.11/site-packages/urllib3/connectionpool.py:1097:
      InsecureRequestWarning: Unverified HTTPS request is being made to host
      'entradium.com'. Adding certificate verification is strongly advised. See:
      https://urllib3.readthedocs.io/en/latest/advanced-usage.html#tls-warnings
      warnings.warn(

Result: Succeeded

Launching scraper: TodasLasEntradas
Succeeded - 2026-03-30T13:34:45Z

dag: FisgonTaskSelenium (8.0s)
│
└─tarea_1 (8.0s) [succeeded]
  ├─bash -lc 'set -eo pipefail; export DOCKER_CONFIG=/tmp/.docker HOME=/tmp;
  │   SELENIUM_NAME="selenium_${DAG_RUN_ID:-$$}_$(date +%s)"; cleanup() {
  │   docker rm -f "$SELENIUM_NAME" >/dev/null 2>&1 || true; }; trap cleanup
  │   EXIT; docker run -d --rm --name "$SELENIUM_NAME" --shm-size=2g -e
  │   SE_NODE_MAX_SESSIONS=1 -e SE_NODE_OVERRIDE_MAX_SESSIONS=true
  │   selenium/standalone-chrome:latest >/dev/null; docker exec
  │   "$SELENIUM_NAME" bash -c "for i in \$(seq 1 60); do (echo >
  │   /dev/tcp/127.0.0.1/4444) >/dev/null 2>&1 && exit 0; sleep 1; done; exit
  │   1"; docker run --rm --network container:"$SELENIUM_NAME" -v
  │   /home/ubuntu/work/fisgon:/app -v
  │   /home/ubuntu/data_storage:/home/ubuntu/data_storage -v
  │   /home/ubuntu/work/event_flask_app/static/img:/home/ubuntu/work/event_fla
  │   sk_app/static/img -w /app -e OPERATION=0 -e DOCKER_CONFIG=/tmp/.docker
  │   -e HOME=/tmp -e TARGET_CITY -e TARGET_SCRAPER -e
  │   DAG_RUN_URL="${DAGU_BASE_URL:-}/dags/${DAG_NAME}?dagRunId=${DAG_RUN_ID}"
  │   -e
  │   DAG_RUN_LOG_URL="${DAGU_BASE_URL:-}/dags/${DAG_NAME}/log?remoteNode=loca
  │   l&step=tarea_1&dagRunId=${DAG_RUN_ID}" fisgon_scraper:1.0'
  │
  └─stdout:
      RUNNING VARS →
      CITY=Almeria,
      OPERATION=0,
      CREATE_SESSION=0,
      CLOSE_SESSION=0,
      SESSION=None,
      IMAGES=0,
      GET_SCRAPERS=
      SCRAPER=TodasLasEntradas
      DAG_RUN_URL=/dags/FisgonTaskSelenium/log?remoteNode=local&step=tarea_1&dag
      RunId=019d3ef4-3595-7050-869b-d54176e02ecb
      Running for Almeria: TodasLasEntradas
      TodasLasEntradas
      RUNNING SESSION =  2026_03_30_13_28_Lunes
      Starting WebDriver...
      http://localhost:4444/wd/hub
      Getting content
      *** SCRAPED 11 URLS WITH EVENTS **
      New url events = 0
      #######################
      No new urls/events extracted. No new events to save
      #######################

Result: Succeeded

Launching scraper: RedBibliotecas
Succeeded - 2026-03-30T13:34:53Z

dag: FisgonTaskSelenium (17.0s)
│
└─tarea_1 (17.0s) [succeeded]
  ├─bash -lc 'set -eo pipefail; export DOCKER_CONFIG=/tmp/.docker HOME=/tmp;
  │   SELENIUM_NAME="selenium_${DAG_RUN_ID:-$$}_$(date +%s)"; cleanup() {
  │   docker rm -f "$SELENIUM_NAME" >/dev/null 2>&1 || true; }; trap cleanup
  │   EXIT; docker run -d --rm --name "$SELENIUM_NAME" --shm-size=2g -e
  │   SE_NODE_MAX_SESSIONS=1 -e SE_NODE_OVERRIDE_MAX_SESSIONS=true
  │   selenium/standalone-chrome:latest >/dev/null; docker exec
  │   "$SELENIUM_NAME" bash -c "for i in \$(seq 1 60); do (echo >
  │   /dev/tcp/127.0.0.1/4444) >/dev/null 2>&1 && exit 0; sleep 1; done; exit
  │   1"; docker run --rm --network container:"$SELENIUM_NAME" -v
  │   /home/ubuntu/work/fisgon:/app -v
  │   /home/ubuntu/data_storage:/home/ubuntu/data_storage -v
  │   /home/ubuntu/work/event_flask_app/static/img:/home/ubuntu/work/event_fla
  │   sk_app/static/img -w /app -e OPERATION=0 -e DOCKER_CONFIG=/tmp/.docker
  │   -e HOME=/tmp -e TARGET_CITY -e TARGET_SCRAPER -e
  │   DAG_RUN_URL="${DAGU_BASE_URL:-}/dags/${DAG_NAME}?dagRunId=${DAG_RUN_ID}"
  │   -e
  │   DAG_RUN_LOG_URL="${DAGU_BASE_URL:-}/dags/${DAG_NAME}/log?remoteNode=loca
  │   l&step=tarea_1&dagRunId=${DAG_RUN_ID}" fisgon_scraper:1.0'
  │
  └─stdout: ... (42 more lines)
      {'id': '4012ed2a', 'show': 1, 'in_city': 1, 'one_day': 1,
      'wrong_date_time': 0, 'event': 'Taller "Ratoncitos De Biblioteca"',
      'slug': 'taller-ratoncitos-de-biblioteca', 'category': '__NOT_DEFINIED__',
      'id_venue': '3mrLgtRB', 'venue': 'Biblioteca Central José María Artero',
      'std_venue': 'Biblioteca Central José María Artero', 'start_date':
      '2026-04-23', 'start_time': '18:00:00', 'end_date': '__NOT_DEFINIED__',
      'end_time': '19:30:00', 'description': 'Cada usuario creará bonitas
      figuras de ratoncitos de biblioteca que esperemos que les representen
      disfrutando de estos espacios que siempre les transmitimos que son de
      todos ATENCIÓN: La inscripción al taller se abrirá una semana antes de
      su inicio. Solo podrán asistir los usuarios con carné de biblioteca, que
      estén previamente inscritos y dentro del cupo que el aforo permita. SE
      RUEGA PUNTUALIDAD', 'others': '__NOT_DEFINIED__', 'source':
      'RedBibliotecas', 'exec_time': '20260330T133458', 'session':
      '2026_03_30_13_28_Lunes', 'image':
      'https://www.bibliotecaspublicas.es/.imaging/mte/site-bibliotecas-theme/24
      0/dam/almeria/ACTIVIDADES/ABRIL/3.png/jcr%3Acontent/3.png', 'url':
      'https://www.bibliotecaspublicas.es/almeria/actividades/Agenda/ti-142-rato
      ncitos.html'}
      4 / 15
      Getting content
      --------------------
      {'id': 'c58692c0', 'show': 1, 'in_city': 1, 'one_day': 1,
      'wrong_date_time': 0, 'event': 'Taller "Ratoncitos De Biblioteca"',
      'slug': 'taller-ratoncitos-de-biblioteca', 'category': '__NOT_DEFINIED__',
      'id_venue': '3mrLgtRB', 'venue': 'Biblioteca Central José María Artero',
      'std_venue': 'Biblioteca Central José María Artero', 'start_date':
      '2026-04-29', 'start_time': '18:00:00', 'end_date': '__NOT_DEFINIED__',
      'end_time': '19:30:00', 'description': 'Cada usuario creará bonitas
      figuras de ratoncitos de biblioteca que esperemos que les representen
      disfrutando de estos espacios que siempre les transmitimos que son de
      todos ATENCIÓN: La inscripción al taller se abrirá una semana antes de
      su inicio. Solo podrán asistir los usuarios con carné de biblioteca, que
      estén previamente inscritos y dentro del cupo que el aforo permita. SE
      RUEGA PUNTUALIDAD', 'others': '__NOT_DEFINIED__', 'source':
      'RedBibliotecas', 'exec_time': '20260330T133458', 'session':
      '2026_03_30_13_28_Lunes', 'image':
      'https://www.bibliotecaspublicas.es/.imaging/mte/site-bibliotecas-theme/24
      0/dam/almeria/ACTIVIDADES/ABRIL/3.png/jcr%3Acontent/3.png', 'url':
      'https://www.bibliotecaspublicas.es/almeria/actividades/Agenda/tf-172-rato
      ncitos.html'}
      5 / 15
      Getting content
      --------------------
      {'id': '2f72a56e', 'show': 1, 'in_city': 1, 'one_day': 1,
      'wrong_date_time': 0, 'event': 'Taller De Marcapáginas Cosidos', 'slug':
      'taller-de-marcapaginas-cosidos', 'category': '__NOT_DEFINIED__',
      'id_venue': '3mrLgtRB', 'venue': 'Biblioteca Central José María Artero',
      'std_venue': 'Biblioteca Central José María Artero', 'start_date':
      '2026-04-08', 'start_time': '11:30:00', 'end_date': '__NOT_DEFINIED__',
      'end_time': '13:00:00', 'description': 'Durante el mes de abril, mes del
      libro, no pueden faltar talleres para la confección de bonitos y
      originales marca páginas que nos acompañen en nuestras lecturas o para
      regalar. En esta ocasión proponemos una nueva técnica en la que sin
      necesidad de saber coser, aprenderán a crear patrones, coser y
      confeccionar dibujos sencillos para coser y decorar sus lecturas.
      ATENCIÓN: La inscripción al taller se abrirá una semana antes de su
      inicio. Solo podrán asistir los usuarios con carné de biblioteca, que
      estén previamente inscritos y dentro del cupo que el aforo permita. SE
      RUEGA PUNTUALIDAD', 'others': '__NOT_DEFINIED__', 'source':
      'RedBibliotecas', 'exec_time': '20260330T133458', 'session':
      '2026_03_30_13_28_Lunes', 'image':
      'https://www.bibliotecaspublicas.es/.imaging/mte/site-bibliotecas-theme/24
      0/dam/almeria/ACTIVIDADES/ABRIL/4.png/jcr%3Acontent/4.png', 'url':
      'https://www.bibliotecaspublicas.es/almeria/actividades/Agenda/ta-marcapag
      inas.html'}
      6 / 15
      Getting content
      --------------------
      {'id': 'd21b0ef5', 'show': 1, 'in_city': 1, 'one_day': 1,
      'wrong_date_time': 0, 'event': 'Presentación De Los Libros "Fiebre Vital"
      E "Itinerario De La Herida"', 'slug':
      'presentacion-de-los-libros-fiebre-vital-e-itinerario-de-la-herida',
      'category': '__NOT_DEFINIED__', 'id_venue': '3mrLgtRB', 'venue':
      'Biblioteca Central José María Artero', 'std_venue': 'Biblioteca Central
      José María Artero', 'start_date': '2026-04-08', 'start_time':
      '18:00:00', 'end_date': '__NOT_DEFINIED__', 'end_time': '19:00:00',
      'description': 'Se presentarán los poemarios "Fiebre Vital" e "Itinerario
      de la Herida" del autor Arístides Naranjo García, un artista
      polifacético de origen cubano que reside en Madrid desde 2011. \u200b El
      autor ha participado en numerosas ferias del libro en España y pertenece
      a las organizaciones CEDRO, SGAE y AIE. \u200b Además, cuenta con otras
      dos obras poéticas listas para imprenta, una de las cuales será
      publicada en noviembre de 2026. \u200b Arístides Naranjo ha sido
      finalista del XII Certamen Nacional de Poesía "Gritos en Verso",
      organizado por la Asociación Española de Amigos de la Poesía (ASEAPO).
      \u200b Las obras que se presentarán al público y a los lectores de la
      Biblioteca Central "José María Artero" son actualmente segundas
      ediciones. \u200b El evento será conducido por la escritora y pintora
      Carmen Jiménez Martín. \u200b ENTRADA LIBRE HASTA COMPLETAR AFORO SE
      RUEGA PUNTUALIDAD', 'others': '__NOT_DEFINIED__', 'source':
      'RedBibliotecas', 'exec_time': '20260330T133458', 'session':
      '2026_03_30_13_28_Lunes', 'image':
      'https://www.bibliotecaspublicas.es/.imaging/mte/site-bibliotecas-theme/24
      0/dam/almeria/ACTIVIDADES/ABRIL/7.png/jcr%3Acontent/7.png', 'url':
      'https://www.bibliotecaspublicas.es/almeria/actividades/Agenda/pl-172-aris
      tides.html'}
      7 / 15
      Getting content
      --------------------
      {'id': 'e43efde5', 'show': 1, 'in_city': 1, 'one_day': 1,
      'wrong_date_time': 0, 'event': 'Charla "Hablando en Plata" Por Miguel
      Sosa', 'slug': 'charla-hablando-en-plata-por-miguel-sosa', 'category':
      '__NOT_DEFINIED__', 'id_venue': '3mrLgtRB', 'venue': 'Biblioteca Central
      José María Artero', 'std_venue': 'Biblioteca Central José María
      Artero', 'start_date': '2026-04-18', 'start_time': '11:30:00', 'end_date':
      '__NOT_DEFINIED__', 'end_time': '12:30:00', 'description': 'Hablando en
      plata es el título de la charla creada por Miguel Sosa, diseñada para
      disfrutar de nuestro idioma y cuidarlo como oro en paño. Su objetivo es
      fomentar la curiosidad por nuestro idioma, ampliar el vocabulario de los
      asistentes y sobre todo pasarlo bien. O pipa. O pirata. O fetén. Una
      charla trufada de palabras, anécdotas y curiosidades a cual más
      sorprendente e hilarante. Por ejemplo ¿cuántas palabras aporta Almería
      a nuestro diccionario? Hablando en plata es una declaración de humor y de
      amor a la lengua española, un viaje a las maravillas de nuestra lengua
      que contagia el entusiasmo por las palabras. ENTRADA LIBRE HASTA COMPLETAR
      AFORO SE RUEGA PUNTUALIDAD', 'others': '__NOT_DEFINIED__', 'source':
      'RedBibliotecas', 'exec_time': '20260330T133458', 'session':
      '2026_03_30_13_28_Lunes', 'image':
      'https://www.bibliotecaspublicas.es/.imaging/mte/site-bibliotecas-theme/24
      0/dam/almeria/ACTIVIDADES/ABRIL/10.png/jcr%3Acontent/10.png', 'url':
      'https://www.bibliotecaspublicas.es/almeria/actividades/Agenda/charla-bc.h
      tml'}
      8 / 15
      Getting content
      --------------------
      {'id': 'c6c0999f', 'show': 1, 'in_city': 1, 'one_day': 1,
      'wrong_date_time': 0, 'event': 'Taller "Ratoncitos De Biblioteca"',
      'slug': 'taller-ratoncitos-de-biblioteca', 'category': '__NOT_DEFINIED__',
      'id_venue': 'GQnp3h69', 'venue': 'Biblioteca Municipal Los Ángeles',
      'std_venue': 'Biblioteca Pública Municipal Los Ángeles', 'start_date':
      '2026-04-28', 'start_time': '18:00:00', 'end_date': '__NOT_DEFINIED__',
      'end_time': '19:30:00', 'description': 'Cada usuario creará bonitas
      figuras de ratoncitos de biblioteca que esperemos que les representen
      disfrutando de estos espacios que siempre les transmitimos que son de
      todos ATENCIÓN: La inscripción al taller se abrirá una semana antes de
      su inicio. Solo podrán asistir los usuarios con carné de biblioteca, que
      estén previamente inscritos y dentro del cupo que el aforo permita. SE
      RUEGA PUNTUALIDAD', 'others': '__NOT_DEFINIED__', 'source':
      'RedBibliotecas', 'exec_time': '20260330T133458', 'session':
      '2026_03_30_13_28_Lunes', 'image':
      'https://www.bibliotecaspublicas.es/.imaging/mte/site-bibliotecas-theme/24
      0/dam/almeria/ACTIVIDADES/ABRIL/3.png/jcr%3Acontent/3.png', 'url':
      'https://www.bibliotecaspublicas.es/almeria/actividades/Agenda/ti-143-rato
      ncitos.html'}
      9 / 15
      Getting content
      --------------------
      {'id': 'c4fbb8c6', 'show': 1, 'in_city': 1, 'one_day': 1,
      'wrong_date_time': 0, 'event': 'Taller "Ratoncitos De Biblioteca"',
      'slug': 'taller-ratoncitos-de-biblioteca', 'category': '__NOT_DEFINIED__',
      'id_venue': '1b66427d', 'venue': 'Biblioteca Municipal Cabo de Gata',
      'std_venue': 'Biblioteca Municipal Cabo de Gata', 'start_date':
      '2026-04-15', 'start_time': '17:30:00', 'end_date': '__NOT_DEFINIED__',
      'end_time': '19:00:00', 'description': 'Cada usuario creará bonitas
      figuras de ratoncitos de biblioteca que esperemos que les representen
      disfrutando de estos espacios que siempre les transmitimos que son de
      todos ATENCIÓN: La inscripción al taller se abrirá una semana antes de
      su inicio. Solo podrán asistir los usuarios con carné de biblioteca, que
      estén previamente inscritos y dentro del cupo que el aforo permita. SE
      RUEGA PUNTUALIDAD', 'others': '__NOT_DEFINIED__', 'source':
      'RedBibliotecas', 'exec_time': '20260330T133458', 'session':
      '2026_03_30_13_28_Lunes', 'image':
      'https://www.bibliotecaspublicas.es/.imaging/mte/site-bibliotecas-theme/24
      0/dam/almeria/ACTIVIDADES/ABRIL/3.png/jcr%3Acontent/3.png', 'url':
      'https://www.bibliotecaspublicas.es/almeria/actividades/Agenda/ti-140-rato
      ncitos.html'}
      10 / 15
      Getting content
      --------------------
      {'id': '253cfb08', 'show': 1, 'in_city': 1, 'one_day': 1,
      'wrong_date_time': 0, 'event': '__NOT_FOUND__', 'slug':
      '__NOT_DEFINIED__', 'category': '__NOT_DEFINIED__', 'id_venue':
      '3mrLgtRB', 'venue': 'Biblioteca Central José María Artero',
      'std_venue': 'Biblioteca Central José María Artero', 'start_date':
      '2026-04-16', 'start_time': '18:00:00', 'end_date': '__NOT_DEFINIED__',
      'end_time': '19:00:00', 'description': 'Esta obra es el primer tomo de una
      cronología detallada de la historia del pueblo gitano en España, desde
      su llegada documentada en 1425 hasta nuestros días. Su objetivo no es
      únicamente narrar los hechos, sino analizarlos críticamente y poner en
      cuestión los fundamentos históricos del antigitanismo estructural que ha
      marcado la vida de esta comunidad durante siglos; por lo que permite
      seguir la evolución de las políticas, los discursos y las experiencias
      gitanas a lo largo de más de seis siglos, situando cada acontecimiento en
      su contexto y mostrando la continuidad —y también las rupturas— de la
      presencia gitana en la historia de España. ENTRADA LIBRE HASTA COMPLETAR
      AFORO', 'others': '__NOT_DEFINIED__', 'source': 'RedBibliotecas',
      'exec_time': '20260330T133458', 'session': '2026_03_30_13_28_Lunes',
      'image': '__NOT_FOUND__', 'url':
      'https://www.bibliotecaspublicas.es/almeria/actividades/Agenda/pl-172-gita
      nos.html'}
      11 / 15
      Getting content
      --------------------
      {'id': '3194efe9', 'show': 1, 'in_city': 1, 'one_day': 1,
      'wrong_date_time': 0, 'event': 'Cuentacuentos Infantil "La Feroz
      Enciclopedia De Los Lobos"', 'slug':
      'cuentacuentos-infantil-la-feroz-enciclopedia-de-los-lobos', 'category':
      '__NOT_DEFINIED__', 'id_venue': '1b66427d', 'venue': 'Biblioteca Municipal
      Cabo de Gata', 'std_venue': 'Biblioteca Municipal Cabo de Gata',
      'start_date': '2026-04-07', 'start_time': '17:30:00', 'end_date':
      '__NOT_DEFINIED__', 'end_time': '18:30:00', 'description': 'Este feroz
      catálogo presenta a veinticinco lobos a todo color. El lobo gamberro, el
      lobromista, el lobo feo, el hombre lobo y muchos más. ¿Cuál es tu
      preferido? MÉTETE EN LA BOCA DEL LOBO PARA DESCUBRIRLO. Estimados tres
      cerditos: Comprendemos su hartazgo en lo referido a la presencia del lobo
      a lo largo de su cuento, pero eliminar a un personaje tan crucial lo
      haría tan poco interesante como el tronco de un árbol. Sin embargo, a
      efectos de saciar sus deseos de novedades, adjuntamos un catálogo con
      nuestros mejores elementos. Así podrán sustituir a su gran lobo feroz.
      Firmado: Perrault y Cía. ENTRADA LIBRE HASTA COMPLETAR AFORO SE RUEGA
      PUNTUALIDAD', 'others': '__NOT_DEFINIED__', 'source': 'RedBibliotecas',
      'exec_time': '20260330T133458', 'session': '2026_03_30_13_28_Lunes',
      'image':
      'https://www.bibliotecaspublicas.es/.imaging/mte/site-bibliotecas-theme/24
      0/dam/almeria/ACTIVIDADES/ABRIL/2.png/jcr%3Acontent/2.png', 'url':
      'https://www.bibliotecaspublicas.es/almeria/actividades/Agenda/cci-140-lob
      os.html'}
      12 / 15
      Getting content
      --------------------
      {'id': '4af16d0c', 'show': 1, 'in_city': 1, 'one_day': 1,
      'wrong_date_time': 0, 'event': 'Cuentacuentos Infantil "La Feroz
      Enciclopedia De Los Lobos"', 'slug':
      'cuentacuentos-infantil-la-feroz-enciclopedia-de-los-lobos', 'category':
      '__NOT_DEFINIED__', 'id_venue': 'GMqmFgD4', 'venue': 'Biblioteca El
      Alquián', 'std_venue': 'Biblioteca Pública El Alquián', 'start_date':
      '2026-04-28', 'start_time': '18:00:00', 'end_date': '__NOT_DEFINIED__',
      'end_time': '19:00:00', 'description': 'Este feroz catálogo presenta a
      veinticinco lobos a todo color. El lobo gamberro, el lobromista, el lobo
      feo, el hombre lobo y muchos más. ¿Cuál es tu preferido? MÉTETE EN LA
      BOCA DEL LOBO PARA DESCUBRIRLO. Estimados tres cerditos: Comprendemos su
      hartazgo en lo referido a la presencia del lobo a lo largo de su cuento,
      pero eliminar a un personaje tan crucial lo haría tan poco interesante
      como el tronco de un árbol. Sin embargo, a efectos de saciar sus deseos
      de novedades, adjuntamos un catálogo con nuestros mejores elementos. Así
      podrán sustituir a su gran lobo feroz. Firmado: Perrault y Cía. ENTRADA
      LIBRE HASTA COMPLETAR AFORO SE RUEGA PUNTUALIDAD', 'others':
      '__NOT_DEFINIED__', 'source': 'RedBibliotecas', 'exec_time':
      '20260330T133458', 'session': '2026_03_30_13_28_Lunes', 'image':
      'https://www.bibliotecaspublicas.es/.imaging/mte/site-bibliotecas-theme/24
      0/dam/almeria/ACTIVIDADES/ABRIL/2.png/jcr%3Acontent/2.png', 'url':
      'https://www.bibliotecaspublicas.es/almeria/actividades/Agenda/cci-141-lob
      os.html'}
      13 / 15
      Getting content
      --------------------
      {'id': '67f40aa7', 'show': 1, 'in_city': 1, 'one_day': 1,
      'wrong_date_time': 0, 'event': 'Cuentacuentos Infantil "La Feroz
      Enciclopedia De Los Libros"', 'slug':
      'cuentacuentos-infantil-la-feroz-enciclopedia-de-los-libros', 'category':
      '__NOT_DEFINIED__', 'id_venue': None, 'venue': '__NOT_FOUND__',
      'std_venue': None, 'start_date': '2026-04-29', 'start_time': '18:00:00',
      'end_date': '__NOT_DEFINIED__', 'end_time': '19:00:00', 'description':
      'Este feroz catálogo presenta a veinticinco lobos a todo color. El lobo
      gamberro, el lobromista, el lobo feo, el hombre lobo y muchos más.
      ¿Cuál es tu preferido? MÉTETE EN LA BOCA DEL LOBO PARA DESCUBRIRLO.
      Estimados tres cerditos: Comprendemos su hartazgo en lo referido a la
      presencia del lobo a lo largo de su cuento, pero eliminar a un personaje
      tan crucial lo haría tan poco interesante como el tronco de un árbol.
      Sin embargo, a efectos de saciar sus deseos de novedades, adjuntamos un
      catálogo con nuestros mejores elementos. Así podrán sustituir a su gran
      lobo feroz. Firmado: Perrault y Cía. ENTRADA LIBRE HASTA COMPLETAR AFORO
      SE RUEGA PUNTUALIDAD', 'others': '__NOT_DEFINIED__', 'source':
      'RedBibliotecas', 'exec_time': '20260330T133458', 'session':
      '2026_03_30_13_28_Lunes', 'image':
      'https://www.bibliotecaspublicas.es/.imaging/mte/site-bibliotecas-theme/24
      0/dam/almeria/ACTIVIDADES/ABRIL/2.png/jcr%3Acontent/2.png', 'url':
      'https://www.bibliotecaspublicas.es/almeria/actividades/Agenda/cci-142.htm
      l'}
      14 / 15
      Getting content
      --------------------
      {'id': 'f101f261', 'show': 1, 'in_city': 1, 'one_day': 1,
      'wrong_date_time': 0, 'event': 'Bebecuentos "Clara Y Bella"', 'slug':
      'bebecuentos-clara-y-bella', 'category': '__NOT_DEFINIED__', 'id_venue':
      '3mrLgtRB', 'venue': 'Biblioteca Central José María Artero',
      'std_venue': 'Biblioteca Central José María Artero', 'start_date':
      '2026-04-14', 'start_time': '18:00:00', 'end_date': '__NOT_DEFINIED__',
      'end_time': '19:00:00', 'description': 'Clara y su amiga Bella, la vaca,
      buscan el prado, pero no encuentran pasto fresco. Y ¿qué hacen?. Nos
      meteremos en la marioneta de dedo y jugaremos con ellas para descubrirlo..
      ATENCIÓN: Es muy importante que tenga en cuenta las pautas para los
      bebecuentos. La inscripción al bebecuentos se abrirá una semana antes de
      su inicio. Solo podrán asistir los usuarios con carné de biblioteca, que
      estén previamente inscritos y dentro del cupo que el aforo permita. SE
      RUEGA PUNTUALIDAD', 'others': '__NOT_DEFINIED__', 'source':
      'RedBibliotecas', 'exec_time': '20260330T133458', 'session':
      '2026_03_30_13_28_Lunes', 'image':
      'https://www.bibliotecaspublicas.es/.imaging/mte/site-bibliotecas-theme/24
      0/dam/almeria/ACTIVIDADES/ABRIL/1.png/jcr%3Acontent/1.png', 'url':
      'https://www.bibliotecaspublicas.es/almeria/actividades/Agenda/bbc-bc-clar
      a.html'}
      ****************************
      Saving 15 new events
      Saving in
      /home/ubuntu/data_storage/Almeria/2026_03_30_13_28_Lunes/0_raw/20260330_13
      34_RedBibliotecas.json
      Saving 15 master url
      Appending to  /home/ubuntu/data_storage/Almeria/00_master/master_url.json

Result: Succeeded

Launching scraper: SalaEmma
Succeeded - 2026-03-30T13:35:10Z

dag: FisgonTaskSelenium (19.0s)
│
└─tarea_1 (19.0s) [succeeded]
  ├─bash -lc 'set -eo pipefail; export DOCKER_CONFIG=/tmp/.docker HOME=/tmp;
  │   SELENIUM_NAME="selenium_${DAG_RUN_ID:-$$}_$(date +%s)"; cleanup() {
  │   docker rm -f "$SELENIUM_NAME" >/dev/null 2>&1 || true; }; trap cleanup
  │   EXIT; docker run -d --rm --name "$SELENIUM_NAME" --shm-size=2g -e
  │   SE_NODE_MAX_SESSIONS=1 -e SE_NODE_OVERRIDE_MAX_SESSIONS=true
  │   selenium/standalone-chrome:latest >/dev/null; docker exec
  │   "$SELENIUM_NAME" bash -c "for i in \$(seq 1 60); do (echo >
  │   /dev/tcp/127.0.0.1/4444) >/dev/null 2>&1 && exit 0; sleep 1; done; exit
  │   1"; docker run --rm --network container:"$SELENIUM_NAME" -v
  │   /home/ubuntu/work/fisgon:/app -v
  │   /home/ubuntu/data_storage:/home/ubuntu/data_storage -v
  │   /home/ubuntu/work/event_flask_app/static/img:/home/ubuntu/work/event_fla
  │   sk_app/static/img -w /app -e OPERATION=0 -e DOCKER_CONFIG=/tmp/.docker
  │   -e HOME=/tmp -e TARGET_CITY -e TARGET_SCRAPER -e
  │   DAG_RUN_URL="${DAGU_BASE_URL:-}/dags/${DAG_NAME}?dagRunId=${DAG_RUN_ID}"
  │   -e
  │   DAG_RUN_LOG_URL="${DAGU_BASE_URL:-}/dags/${DAG_NAME}/log?remoteNode=loca
  │   l&step=tarea_1&dagRunId=${DAG_RUN_ID}" fisgon_scraper:1.0'
  │
  └─stdout: ... (9 more lines)
      DAG_RUN_URL=/dags/FisgonTaskSelenium/log?remoteNode=local&step=tarea_1&dag
      RunId=019d3ef4-97c8-7de5-bc94-e5a0ac3ac13b
      Running for Almeria: SalaEmma
      SalaEmma
      RUNNING SESSION =  2026_03_30_13_28_Lunes
      Starting WebDriver...
      http://localhost:4444/wd/hub
      sleeping 10
      Getting content
      --------------------
      {'id': '19fc5fda', 'show': 1, 'in_city': 1, 'one_day': 1,
      'wrong_date_time': 0, 'event': 'Menos Es Más (Alumnos Emma)', 'slug':
      'menos-es-mas-alumnos-emma', 'category': '__NOT_DEFINIED__', 'id_venue':
      '7qHRF9LM', 'venue': 'Sala EMMA', 'std_venue': 'Sala Escuela Municipal de
      Música & Artes', 'start_date': '2026-05-22', 'start_time': '20:00:00',
      'end_date': '__NOT_FOUND__', 'end_time': '__NOT_FOUND__', 'description':
      'Viernes, 22 de Mayo, 2026 8:00 PM 8.00 €', 'others': {}, 'source':
      'SalaEmma', 'exec_time': '20260330T133515', 'session':
      '2026_03_30_13_28_Lunes', 'image':
      '/home/ubuntu/work/event_flask_app/static/img/2211a3e6.jpg', 'url':
      'https://entradasemma.azurewebsites.net/'}
      --------------------
      {'id': '16787efc', 'show': 1, 'in_city': 1, 'one_day': 1,
      'wrong_date_time': 0, 'event': 'Manolo Lera', 'slug': 'manolo-lera',
      'category': '__NOT_DEFINIED__', 'id_venue': '7qHRF9LM', 'venue': 'Sala
      EMMA', 'std_venue': 'Sala Escuela Municipal de Música & Artes',
      'start_date': '2026-04-11', 'start_time': '20:00:00', 'end_date':
      '__NOT_FOUND__', 'end_time': '__NOT_FOUND__', 'description': 'Sábado, 11
      de Abril, 2026 8:00 PM 12.00 €', 'others': {}, 'source': 'SalaEmma',
      'exec_time': '20260330T133515', 'session': '2026_03_30_13_28_Lunes',
      'image': '/home/ubuntu/work/event_flask_app/static/img/4ef4be13.jpg',
      'url': 'https://entradasemma.azurewebsites.net/'}
      --------------------
      {'id': '3f4445d8', 'show': 1, 'in_city': 1, 'one_day': 1,
      'wrong_date_time': 0, 'event': 'Pepe El Caja', 'slug': 'pepe-el-caja',
      'category': '__NOT_DEFINIED__', 'id_venue': '7qHRF9LM', 'venue': 'Sala
      EMMA', 'std_venue': 'Sala Escuela Municipal de Música & Artes',
      'start_date': '2026-05-23', 'start_time': '20:00:00', 'end_date':
      '__NOT_FOUND__', 'end_time': '__NOT_FOUND__', 'description': 'Sábado, 23
      de Mayo, 2026 8:00 PM 15.00 €', 'others': {}, 'source': 'SalaEmma',
      'exec_time': '20260330T133515', 'session': '2026_03_30_13_28_Lunes',
      'image': '/home/ubuntu/work/event_flask_app/static/img/ad0924ce.jpg',
      'url': 'https://entradasemma.azurewebsites.net/'}
      --------------------
      {'id': '9da7689d', 'show': 1, 'in_city': 1, 'one_day': 1,
      'wrong_date_time': 0, 'event': 'Victor Castigao Descontrolao', 'slug':
      'victor-castigao-descontrolao', 'category': '__NOT_DEFINIED__',
      'id_venue': '7qHRF9LM', 'venue': 'Sala EMMA', 'std_venue': 'Sala Escuela
      Municipal de Música & Artes', 'start_date': '2026-04-18', 'start_time':
      '20:00:00', 'end_date': '__NOT_FOUND__', 'end_time': '__NOT_FOUND__',
      'description': 'Sábado, 18 de Abril, 2026 8:00 PM 12.00 €', 'others':
      {}, 'source': 'SalaEmma', 'exec_time': '20260330T133515', 'session':
      '2026_03_30_13_28_Lunes', 'image':
      '/home/ubuntu/work/event_flask_app/static/img/9cd06f0f.jpg', 'url':
      'https://entradasemma.azurewebsites.net/'}
      --------------------
      {'id': '0da72a3a', 'show': 1, 'in_city': 1, 'one_day': 1,
      'wrong_date_time': 0, 'event': 'Alvarito', 'slug': 'alvarito', 'category':
      '__NOT_DEFINIED__', 'id_venue': '7qHRF9LM', 'venue': 'Sala EMMA',
      'std_venue': 'Sala Escuela Municipal de Música & Artes', 'start_date':
      '2026-06-06', 'start_time': '20:00:00', 'end_date': '__NOT_FOUND__',
      'end_time': '__NOT_FOUND__', 'description': 'Sábado, 6 de Junio, 2026
      8:00 PM 12.00 €', 'others': {}, 'source': 'SalaEmma', 'exec_time':
      '20260330T133515', 'session': '2026_03_30_13_28_Lunes', 'image':
      '/home/ubuntu/work/event_flask_app/static/img/ce680455.jpg', 'url':
      'https://entradasemma.azurewebsites.net/'}
      --------------------
      {'id': '3cb0108d', 'show': 1, 'in_city': 1, 'one_day': 1,
      'wrong_date_time': 0, 'event': 'Kikín Fernández Y Fernando Labordeta',
      'slug': 'kikin-fernandez-y-fernando-labordeta', 'category':
      '__NOT_DEFINIED__', 'id_venue': '7qHRF9LM', 'venue': 'Sala EMMA',
      'std_venue': 'Sala Escuela Municipal de Música & Artes', 'start_date':
      '2026-05-16', 'start_time': '20:00:00', 'end_date': '__NOT_FOUND__',
      'end_time': '__NOT_FOUND__', 'description': 'Sábado, 16 de Mayo, 2026
      8:00 PM 12.00 €', 'others': {}, 'source': 'SalaEmma', 'exec_time':
      '20260330T133515', 'session': '2026_03_30_13_28_Lunes', 'image':
      '/home/ubuntu/work/event_flask_app/static/img/45be18af.jpg', 'url':
      'https://entradasemma.azurewebsites.net/'}
      --------------------
      {'id': 'd3e21367', 'show': 1, 'in_city': 1, 'one_day': 1,
      'wrong_date_time': 0, 'event': 'Melocotón en Almíbar', 'slug':
      'melocoton-en-almibar', 'category': '__NOT_DEFINIED__', 'id_venue':
      '7qHRF9LM', 'venue': 'Sala EMMA', 'std_venue': 'Sala Escuela Municipal de
      Música & Artes', 'start_date': '2026-05-09', 'start_time': '20:00:00',
      'end_date': '__NOT_FOUND__', 'end_time': '__NOT_FOUND__', 'description':
      'Sábado, 9 de Mayo, 2026 8:00 PM 12.00 €', 'others': {}, 'source':
      'SalaEmma', 'exec_time': '20260330T133515', 'session':
      '2026_03_30_13_28_Lunes', 'image':
      '/home/ubuntu/work/event_flask_app/static/img/3415ad4b.jpg', 'url':
      'https://entradasemma.azurewebsites.net/'}
      --------------------
      {'id': '0805ff3a', 'show': 1, 'in_city': 1, 'one_day': 1,
      'wrong_date_time': 0, 'event': 'Humor De Casados (Mariano Ypunto Y La
      Nena)', 'slug': 'humor-de-casados-mariano-ypunto-y-la-nena', 'category':
      '__NOT_DEFINIED__', 'id_venue': '7qHRF9LM', 'venue': 'Sala EMMA',
      'std_venue': 'Sala Escuela Municipal de Música & Artes', 'start_date':
      '2026-06-13', 'start_time': '20:00:00', 'end_date': '__NOT_FOUND__',
      'end_time': '__NOT_FOUND__', 'description': 'Sábado, 13 de Junio, 2026
      8:00 PM 15.00 €', 'others': {}, 'source': 'SalaEmma', 'exec_time':
      '20260330T133515', 'session': '2026_03_30_13_28_Lunes', 'image':
      '/home/ubuntu/work/event_flask_app/static/img/b236c824.jpg', 'url':
      'https://entradasemma.azurewebsites.net/'}
      --------------------
      {'id': 'f59aece7', 'show': 1, 'in_city': 1, 'one_day': 1,
      'wrong_date_time': 0, 'event': 'El Mentalista Canalla', 'slug':
      'el-mentalista-canalla', 'category': '__NOT_DEFINIED__', 'id_venue':
      '7qHRF9LM', 'venue': 'Sala EMMA', 'std_venue': 'Sala Escuela Municipal de
      Música & Artes', 'start_date': '2026-04-24', 'start_time': '20:00:00',
      'end_date': '__NOT_FOUND__', 'end_time': '__NOT_FOUND__', 'description':
      'Viernes, 24 de Abril, 2026 8:00 PM 12.00 €', 'others': {}, 'source':
      'SalaEmma', 'exec_time': '20260330T133515', 'session':
      '2026_03_30_13_28_Lunes', 'image':
      '/home/ubuntu/work/event_flask_app/static/img/2d415bac.jpg', 'url':
      'https://entradasemma.azurewebsites.net/'}
      --------------------
      {'id': '42c981f7', 'show': 1, 'in_city': 1, 'one_day': 1,
      'wrong_date_time': 0, 'event': '¡corten! Una Comedia De Cine', 'slug':
      'corten-una-comedia-de-cine', 'category': '__NOT_DEFINIED__', 'id_venue':
      '7qHRF9LM', 'venue': 'Sala EMMA', 'std_venue': 'Sala Escuela Municipal de
      Música & Artes', 'start_date': '2026-04-25', 'start_time': '20:00:00',
      'end_date': '__NOT_FOUND__', 'end_time': '__NOT_FOUND__', 'description':
      'Sábado, 25 de Abril, 2026 8:00 PM 12.00 €', 'others': {}, 'source':
      'SalaEmma', 'exec_time': '20260330T133515', 'session':
      '2026_03_30_13_28_Lunes', 'image':
      '/home/ubuntu/work/event_flask_app/static/img/25d43f06.jpg', 'url':
      'https://entradasemma.azurewebsites.net/'}
      --------------------
      {'id': '21477cfa', 'show': 1, 'in_city': 1, 'one_day': 1,
      'wrong_date_time': 0, 'event': 'Menos Es Más', 'slug': 'menos-es-mas',
      'category': '__NOT_DEFINIED__', 'id_venue': '7qHRF9LM', 'venue': 'Sala
      EMMA', 'std_venue': 'Sala Escuela Municipal de Música & Artes',
      'start_date': '2026-05-22', 'start_time': '20:00:00', 'end_date':
      '__NOT_FOUND__', 'end_time': '__NOT_FOUND__', 'description': 'Viernes, 22
      de Mayo, 2026 8:00 PM "Menos es Mas" es un formato diferente para amenizar
      tu evento. Este proyecto combina rock, jazz, pop...y su finalidad es
      transmitir emociones a través del instrumento. Juanmi Viñolo ha
      preparado una selección de temas de grandes clásicos de artistas como
      Frank Sinatra, Carlos\nSantana, Luis Salinas...\nSi te gusta la guitarra
      eléctrica, no te lo puedes perder 10.00 €', 'others': {}, 'source':
      'SalaEmma', 'exec_time': '20260330T133515', 'session':
      '2026_03_30_13_28_Lunes', 'image':
      '/home/ubuntu/work/event_flask_app/static/img/0b3bc390.jpg', 'url':
      'https://entradasemma.azurewebsites.net/'}
      Checking unique event dict.
      Reading /home/ubuntu/data_storage/Almeria/00_master/master_events.json...
      *******
      [('Rafa Tornado Punkústico', 'Sala EMMA', '2026-03-15', '17:00:00'),
      ('Una De Imrpo! Dela Mujer', 'Sala EMMA', '2026-03-26', '21:00:00'),
      ('¡corten! Una Comedia De Cine', 'Sala EMMA', '2026-04-25', '20:00:00'),
      ('Melocotón en Almíbar', 'Sala EMMA', '2026-05-09', '20:00:00'),
      ('Kikín Fernández Y Fernando Labordeta', 'Sala EMMA', '2026-05-16',
      '20:00:00'), ('Menos Es Más', 'Sala EMMA', '2026-05-22', '20:00:00'),
      ('Pepe El Caja', 'Sala EMMA', '2026-05-23', '20:00:00'), ('Alvarito',
      'Sala EMMA', '2026-06-06', '20:00:00'), ('Humor De Casados (Mariano Ypunto
      Y La Nena)', 'Sala EMMA', '2026-06-13', '20:00:00')]
      ('Menos Es Más (Alumnos Emma)', 'Sala EMMA', '2026-05-22', '20:00:00')
      ('Manolo Lera', 'Sala EMMA', '2026-04-11', '20:00:00')
      ('Pepe El Caja', 'Sala EMMA', '2026-05-23', '20:00:00')
      ('Victor Castigao Descontrolao', 'Sala EMMA', '2026-04-18', '20:00:00')
      ('Alvarito', 'Sala EMMA', '2026-06-06', '20:00:00')
      ('Kikín Fernández Y Fernando Labordeta', 'Sala EMMA', '2026-05-16',
      '20:00:00')
      ('Melocotón en Almíbar', 'Sala EMMA', '2026-05-09', '20:00:00')
      ('Humor De Casados (Mariano Ypunto Y La Nena)', 'Sala EMMA', '2026-06-13',
      '20:00:00')
      ('El Mentalista Canalla', 'Sala EMMA', '2026-04-24', '20:00:00')
      ('¡corten! Una Comedia De Cine', 'Sala EMMA', '2026-04-25', '20:00:00')
      ('Menos Es Más', 'Sala EMMA', '2026-05-22', '20:00:00')
      ****************************
      Saving 4 new events
      Saving in
      /home/ubuntu/data_storage/Almeria/2026_03_30_13_28_Lunes/0_raw/20260330_13
      35_SalaEmma.json
      Saving 4 master url
      Appending to  /home/ubuntu/data_storage/Almeria/00_master/master_url.json

Result: Succeeded

