
RUNNING VARS → 
        CITY=Almeria, 

        OPERATION=0,
            CREATE_SESSION=0,
            CLOSE_SESSION=0,
            SESSION=None,
            IMAGES=0,
            GET_SCRAPERS=

        SCRAPER=JuntaAndaluciaAgenda
        DAG_RUN_URL=/dags/FisgonTaskSelenium/log?remoteNode=local&step=tarea_1&dagRunId=019cf8ac-a1fe-765d-91a2-3c2572c81b5b

Running for Almeria: JuntaAndaluciaAgenda
JuntaAndaluciaAgenda
RUNNING SESSION =  2026_03_16_21_59_Lunes
Starting WebDriver...
http://localhost:4444/wd/hub
******
css selector
.view-display-id-page_search_activities > ul:nth-child(3) > li:nth-child(1) > a:nth-child(1)
clicking
sleeping 3
Scrolling...
sleeping 1
sleeping 7
******
css selector
.view-display-id-page_search_activities > ul:nth-child(3) > li:nth-child(1) > a:nth-child(1)
clicking
sleeping 3
Scrolling...
sleeping 1
sleeping 7
******
css selector
.view-display-id-page_search_activities > ul:nth-child(3) > li:nth-child(1) > a:nth-child(1)
clicking
sleeping 3
Scrolling...
sleeping 1
sleeping 7
******
css selector
.view-display-id-page_search_activities > ul:nth-child(3) > li:nth-child(1) > a:nth-child(1)
clicking
sleeping 3
Scrolling...
sleeping 1
sleeping 7
******
css selector
.view-display-id-page_search_activities > ul:nth-child(3) > li:nth-child(1) > a:nth-child(1)
clicking
sleeping 3
Scrolling...
sleeping 1
sleeping 7
******
css selector
.view-display-id-page_search_activities > ul:nth-child(3) > li:nth-child(1) > a:nth-child(1)
.view-display-id-page_search_activities > ul:nth-child(3) > li:nth-child(1) > a:nth-child(1) Not found
Getting content
*** SCRAPED 78 URLS WITH EVENTS **
New url events = 1
0 / 1
Getting https://www.juntadeandalucia.es/cultura/agendaculturaldeandalucia/evento/ciclo-de-conferencias-charlas-con-historia
Sleep 4
--------------------
{'id': 'f646e905', 'show': 1, 'in_city': 1, 'one_day': 0, 'wrong_date_time': 1, 'event': 'Ciclo De Conferencias "Charlas Con Historia"', 'slug': 'ciclo-de-conferencias-charlas-con-historia', 'category': '__NOT_DEFINIED__', 'id_venue': 'q9Mp2j7p', 'venue': 'Conjunto Monumental de la Alcazaba de Almería', 'std_venue': 'Alcazaba', 'start_date': '2026-02-21', 'start_time': '__NOT_FOUND__', 'end_date': '2026-12-19', 'end_time': '__NOT_DEFINIED__', 'description': 'En la Alcazaba de Almería estamos comprometidos con la Historia, la Arqueología y el Patrimonio. Es por ello que inauguramos, a partir de febrero de 2026, un ciclo de conferencias que tendrá lugar en la Ermita de San Juan del segundo recinto (sala de usos múltiples), destinado a dar a conocer las últimas investigaciones en torno a nuestro pasado, un pasado común que nos une como sociedad. Este ciclo de conferencias anual estará dedicado mensualmente a una temática concreta, por lo que contaremos con un/una ponente especialista en la materia que nos ofrecerá una conferencia especializada. Este mes de febrero está dedicada a las técnicas constructivas, por lo que, además, todo nuestro contenido generado en Redes Sociales girará en torno a dicha temática.', 'others': {'location_url': '/cultura/agendaculturaldeandalucia/evento/visitas-alcazaba-de-almeria', 'location2': 'Conjunto Monumental de la Alcazaba de Almería', 'duration': '__NOT_FOUND__', 'datetime_details': '21 de Febrero del 2026 - 19 de Diciembre del 2026', 'town': '__NOT_FOUND__', 'location': 'Calle Almanzor, s/n, Almería. Almería', 'duration_days': '__NOT_FOUND__'}, 'source': 'JuntaAndaluciaAgenda', 'exec_time': '20260316T220314', 'session': '2026_03_16_21_59_Lunes', 'image': 'https://www.juntadeandalucia.es/cultura/agendaculturaldeandalucia/sites/default/files/styles/header_activity_ext_2xl/public/image/2023/11/almeria_-_alcazaba.jpg.webp?itok=gC4euQ7q', 'url': 'https://www.juntadeandalucia.es/cultura/agendaculturaldeandalucia/evento/ciclo-de-conferencias-charlas-con-historia'}
****************************
Saving 1 new events
Saving in  /home/ubuntu/data_storage/Almeria/2026_03_16_21_59_Lunes/0_raw/20260316_2203_JuntaAndaluciaAgenda.json
Saving 1 master url
Appending to  /home/ubuntu/data_storage/Almeria/00_master/master_url.json
