
RUNNING VARS → 
        CITY=Almeria, 

        OPERATION=1,
            CREATE_SESSION=0,
            CLOSE_SESSION=1,
            SESSION=None,
            IMAGES=0,
            GET_SCRAPERS=

        SCRAPER=
        DAG_RUN_URL=/dags/FisgonSession/log?remoteNode=local&step=session&dagRunId=019d3ef4-e4b4-7dc4-b160-585e1c62a3e0

Executing final task with session: 2026_03_30_13_28_Lunes
Reading /home/ubuntu/data_storage/Almeria/2026_03_30_13_28_Lunes/0_raw/20260330_1334_RedBibliotecas.json...
Reading /home/ubuntu/data_storage/Almeria/2026_03_30_13_28_Lunes/0_raw/20260330_1333_ClassicJazz.json...
Reading /home/ubuntu/data_storage/Almeria/2026_03_30_13_28_Lunes/0_raw/20260330_1329_LaGuajira.json...
Reading /home/ubuntu/data_storage/Almeria/2026_03_30_13_28_Lunes/0_raw/20260330_1331_AlmeriaTurismo.json...
Reading /home/ubuntu/data_storage/Almeria/2026_03_30_13_28_Lunes/0_raw/20260330_1334_Entradium.json...
Reading /home/ubuntu/data_storage/Almeria/2026_03_30_13_28_Lunes/0_raw/20260330_1328_SalaBerlin.json...
Reading /home/ubuntu/data_storage/Almeria/2026_03_30_13_28_Lunes/0_raw/20260330_1335_SalaEmma.json...
Reading /home/ubuntu/data_storage/Almeria/2026_03_30_13_28_Lunes/0_raw/20260330_1331_JuntaAndaluciaAgenda.json...
Saving 53 new events
Saving in  /home/ubuntu/data_storage/Almeria/2026_03_30_13_28_Lunes/0_raw/Merged.json
