
RUNNING VARS → 
        CITY=Almeria, 

        OPERATION=0,
            CREATE_SESSION=0,
            CLOSE_SESSION=0,
            SESSION=None,
            IMAGES=0,
            GET_SCRAPERS=

        SCRAPER=RedBibliotecas
        DAG_RUN_URL=/dags/FisgonTaskSelenium/log?remoteNode=local&step=tarea_1&dagRunId=019d270b-c82f-75b2-a422-379abbcd0d8b

Running for Almeria: RedBibliotecas
RedBibliotecas
RUNNING SESSION =  2026_03_25_22_02_Miercoles
START
Starting WebDriver...
http://localhost:4444/wd/hub
page=1
Getting content
['https://www.bibliotecaspublicas.es/almeria/actividades/Agenda/ta-172-tejiendo.html', 'https://www.bibliotecaspublicas.es/almeria/actividades/Agenda/ti-143-garabatos.html', 'https://www.bibliotecaspublicas.es/almeria/actividades/Agenda/ti-140-garabatos.html', 'https://www.bibliotecaspublicas.es/almeria/actividades/Agenda/cl-cabo.html', 'https://www.bibliotecaspublicas.es/almeria/actividades/Agenda/pl-arias.html', 'https://www.bibliotecaspublicas.es/almeria/actividades/Agenda/cci-143-lobos.html', 'https://www.bibliotecaspublicas.es/almeria/actividades/Agenda/pl-143.html']
page=2
Getting content
['https://www.bibliotecaspublicas.es/almeria/actividades/Agenda/ta-172-tejiendo.html', 'https://www.bibliotecaspublicas.es/almeria/actividades/Agenda/ti-143-garabatos.html', 'https://www.bibliotecaspublicas.es/almeria/actividades/Agenda/ti-140-garabatos.html', 'https://www.bibliotecaspublicas.es/almeria/actividades/Agenda/cl-cabo.html', 'https://www.bibliotecaspublicas.es/almeria/actividades/Agenda/pl-arias.html', 'https://www.bibliotecaspublicas.es/almeria/actividades/Agenda/cci-143-lobos.html', 'https://www.bibliotecaspublicas.es/almeria/actividades/Agenda/pl-143.html', 'https://www.bibliotecaspublicas.es/almeria/actividades/Agenda/ta-172-tejiendo.html', 'https://www.bibliotecaspublicas.es/almeria/actividades/Agenda/ti-143-garabatos.html', 'https://www.bibliotecaspublicas.es/almeria/actividades/Agenda/ti-140-garabatos.html', 'https://www.bibliotecaspublicas.es/almeria/actividades/Agenda/cl-cabo.html', 'https://www.bibliotecaspublicas.es/almeria/actividades/Agenda/pl-arias.html', 'https://www.bibliotecaspublicas.es/almeria/actividades/Agenda/cci-143-lobos.html', 'https://www.bibliotecaspublicas.es/almeria/actividades/Agenda/pl-143.html']
page=3
Getting content
['https://www.bibliotecaspublicas.es/almeria/actividades/Agenda/ta-172-tejiendo.html', 'https://www.bibliotecaspublicas.es/almeria/actividades/Agenda/ti-143-garabatos.html', 'https://www.bibliotecaspublicas.es/almeria/actividades/Agenda/ti-140-garabatos.html', 'https://www.bibliotecaspublicas.es/almeria/actividades/Agenda/cl-cabo.html', 'https://www.bibliotecaspublicas.es/almeria/actividades/Agenda/pl-arias.html', 'https://www.bibliotecaspublicas.es/almeria/actividades/Agenda/cci-143-lobos.html', 'https://www.bibliotecaspublicas.es/almeria/actividades/Agenda/pl-143.html', 'https://www.bibliotecaspublicas.es/almeria/actividades/Agenda/ta-172-tejiendo.html', 'https://www.bibliotecaspublicas.es/almeria/actividades/Agenda/ti-143-garabatos.html', 'https://www.bibliotecaspublicas.es/almeria/actividades/Agenda/ti-140-garabatos.html', 'https://www.bibliotecaspublicas.es/almeria/actividades/Agenda/cl-cabo.html', 'https://www.bibliotecaspublicas.es/almeria/actividades/Agenda/pl-arias.html', 'https://www.bibliotecaspublicas.es/almeria/actividades/Agenda/cci-143-lobos.html', 'https://www.bibliotecaspublicas.es/almeria/actividades/Agenda/pl-143.html', 'https://www.bibliotecaspublicas.es/almeria/actividades/Agenda/ta-172-tejiendo.html', 'https://www.bibliotecaspublicas.es/almeria/actividades/Agenda/ti-143-garabatos.html', 'https://www.bibliotecaspublicas.es/almeria/actividades/Agenda/ti-140-garabatos.html', 'https://www.bibliotecaspublicas.es/almeria/actividades/Agenda/cl-cabo.html', 'https://www.bibliotecaspublicas.es/almeria/actividades/Agenda/pl-arias.html', 'https://www.bibliotecaspublicas.es/almeria/actividades/Agenda/cci-143-lobos.html', 'https://www.bibliotecaspublicas.es/almeria/actividades/Agenda/pl-143.html']
*** SCRAPED 21 URLS WITH EVENTS **
New url events = 2
0 / 2
Getting content
--------------------
{'id': '3f86f588', 'show': 1, 'in_city': 1, 'one_day': 1, 'wrong_date_time': 0, 'event': 'Cuentacuentos Infantil "La Feroz Enciclopedia De Los Lobos"', 'slug': 'cuentacuentos-infantil-la-feroz-enciclopedia-de-los-lobos', 'category': '__NOT_DEFINIED__', 'id_venue': 'GQnp3h69', 'venue': 'Biblioteca Municipal Los Ángeles', 'std_venue': 'Biblioteca Pública Municipal Los Ángeles', 'start_date': '2026-04-08', 'start_time': '18:00:00', 'end_date': '__NOT_DEFINIED__', 'end_time': '19:00:00', 'description': 'Este feroz catálogo presenta a veinticinco lobos a todo color. El lobo gamberro, el lobromista, el lobo feo, el hombre lobo y muchos más. ¿Cuál es tu preferido? MÉTETE EN LA BOCA DEL LOBO PARA DESCUBRIRLO. Estimados tres cerditos: Comprendemos su hartazgo en lo referido a la presencia del lobo a lo largo de su cuento, pero eliminar a un personaje tan crucial lo haría tan poco interesante como el tronco de un árbol. Sin embargo, a efectos de saciar sus deseos de novedades, adjuntamos un catálogo con nuestros mejores elementos. Así podrán sustituir a su gran lobo feroz. Firmado: Perrault y Cía. ENTRADA LIBRE HASTA COMPLETAR AFORO SE RUEGA PUNTUALIDAD', 'others': '__NOT_DEFINIED__', 'source': 'RedBibliotecas', 'exec_time': '20260325T220941', 'session': '2026_03_25_22_02_Miercoles', 'image': 'https://www.bibliotecaspublicas.es/.imaging/mte/site-bibliotecas-theme/240/dam/almeria/ACTIVIDADES/ABRIL/2.png/jcr%3Acontent/2.png', 'url': 'https://www.bibliotecaspublicas.es/almeria/actividades/Agenda/cci-143-lobos.html'}
1 / 2
Getting content
--------------------
{'id': 'e58fcdaf', 'show': 1, 'in_city': 1, 'one_day': 1, 'wrong_date_time': 0, 'event': 'Presentación Del Libro "Willy No Busca Trufas"', 'slug': 'presentacion-del-libro-willy-no-busca-trufas', 'category': '__NOT_DEFINIED__', 'id_venue': '3mrLgtRB', 'venue': 'Biblioteca Central José María Artero', 'std_venue': 'Biblioteca Central José María Artero', 'start_date': '2026-04-13', 'start_time': '18:00:00', 'end_date': '__NOT_DEFINIED__', 'end_time': '19:00:00', 'description': 'Willy no busca trufas es un cuento mágico sobre un cerdito muy especial: tiene cresta de fuego, una cola con poderes… ¡y ningún interés por buscar trufas! Mientras todos esperan que sea como los demás, Willy se lanza a una aventura para descubrir su verdadero don. En el camino, conoce amigos únicos y aprende que ser diferente no solo está bien…, sino que ¡es maravilloso! Willy no busca trufas transmite valores como la autoaceptación, la valentía de ser uno mismo, la importancia de la diversidad y el respeto a las diferencias. Fomenta la empatía, la inclusión y la libertad de elegir el propio camino, desafiando expectativas y estereotipos. Invita a los niños a descubrir sus talentos únicos y a valorar lo que les hace especiales. ENTRADA LIBRE HASTA COMPLETAR AFORO SE RUEGA PUNTUALIDAD', 'others': '__NOT_DEFINIED__', 'source': 'RedBibliotecas', 'exec_time': '20260325T220941', 'session': '2026_03_25_22_02_Miercoles', 'image': 'https://www.bibliotecaspublicas.es/.imaging/mte/site-bibliotecas-theme/240/dam/almeria/ACTIVIDADES/MARZO%2026%20BASICOS/1.png/jcr%3Acontent/1.png', 'url': 'https://www.bibliotecaspublicas.es/almeria/actividades/Agenda/pl-143.html'}
****************************
Saving 2 new events
Saving in  /home/ubuntu/data_storage/Almeria/2026_03_25_22_02_Miercoles/0_raw/20260325_2209_RedBibliotecas.json
Saving 2 master url
Appending to  /home/ubuntu/data_storage/Almeria/00_master/master_url.json
