
RUNNING VARS → 
        CITY=Almeria, 

        OPERATION=0,
            CREATE_SESSION=0,
            CLOSE_SESSION=0,
            SESSION=None,
            IMAGES=0,
            GET_SCRAPERS=

        SCRAPER=ClassicJazz
        DAG_RUN_URL=/dags/FisgonTaskSelenium/log?remoteNode=local&step=tarea_1&dagRunId=019d1be3-04f2-705b-9dac-486a2dd9eb87

Running for Almeria: ClassicJazz
ClassicJazz
RUNNING SESSION =  2026_03_23_18_03_Lunes
Starting WebDriver...
http://localhost:4444/wd/hub
*********************times =1
sleeping 7
Scrolling...
sleeping 1
Getting content
clicking
sleeping 3
sleeping 7
*********************times =2
sleeping 7
Scrolling...
sleeping 1
Getting content
clicking
sleeping 3
sleeping 7
*** SCRAPED 174 URLS WITH EVENTS **
New url events = 2
0 / 2
Getting https://clasijazz.com/evento/climas-emocionales-danza-mayte-beltran-espacio-sonoro-juanma-cidron-climatologia-y-emociones-lorena-lopez/
Sleep 4
