time=2026-03-24T11:37:22.333Z level=INFO msg="Executing root dag-run" dag=FisgonTaskRequest run-id=019d1fa2-9699-7e59-9829-6604ead87ca3 params=""
time=2026-03-24T11:37:22.349Z level=INFO msg="DAG run started" name=FisgonTaskRequest run-id=019d1fa2-9699-7e59-9829-6604ead87ca3 attempt-id="" dag=FisgonTaskRequest run-id=019d1fa2-9699-7e59-9829-6604ead87ca3 params="[TARGET_CITY=Almeria TARGET_SCRAPER=KuverProducciones 3=DAGU_BASE_URL=]"
time=2026-03-24T11:37:22.352Z level=INFO msg="Step started" name=FisgonTaskRequest run-id=019d1fa2-9699-7e59-9829-6604ead87ca3 attempt-id="" dag=FisgonTaskRequest run-id=019d1fa2-9699-7e59-9829-6604ead87ca3 step=tarea_1
time=2026-03-24T11:37:28.603Z level=INFO msg="DAG run finished" name=FisgonTaskRequest run-id=019d1fa2-9699-7e59-9829-6604ead87ca3 attempt-id="" dag=FisgonTaskRequest run-id=019d1fa2-9699-7e59-9829-6604ead87ca3 status=succeeded started-at=2026-03-24T11:37:22Z finished-at=2026-03-24T11:37:28Z
time=2026-03-24T11:37:28.667Z level=INFO msg="Executing root dag-run" dag=FisgonTaskRequest run-id=019d1fa2-af4c-758d-8335-018bd4b8bef7 params=""
time=2026-03-24T11:37:28.682Z level=INFO msg="DAG run started" name=FisgonTaskRequest run-id=019d1fa2-af4c-758d-8335-018bd4b8bef7 attempt-id="" dag=FisgonTaskRequest run-id=019d1fa2-af4c-758d-8335-018bd4b8bef7 params="[TARGET_CITY=Almeria TARGET_SCRAPER=SalaBerlin 3=DAGU_BASE_URL=]"
time=2026-03-24T11:37:28.685Z level=INFO msg="Step started" name=FisgonTaskRequest run-id=019d1fa2-af4c-758d-8335-018bd4b8bef7 attempt-id="" dag=FisgonTaskRequest run-id=019d1fa2-af4c-758d-8335-018bd4b8bef7 step=tarea_1
time=2026-03-24T11:37:37.343Z level=INFO msg="DAG run finished" name=FisgonTaskRequest run-id=019d1fa2-af4c-758d-8335-018bd4b8bef7 attempt-id="" dag=FisgonTaskRequest run-id=019d1fa2-af4c-758d-8335-018bd4b8bef7 status=succeeded started-at=2026-03-24T11:37:28Z finished-at=2026-03-24T11:37:37Z
time=2026-03-24T11:37:37.396Z level=INFO msg="Executing root dag-run" dag=FisgonTaskRequest run-id=019d1fa2-d171-78dc-811e-5157e9261ffb params=""
time=2026-03-24T11:37:37.411Z level=INFO msg="DAG run started" name=FisgonTaskRequest run-id=019d1fa2-d171-78dc-811e-5157e9261ffb attempt-id="" dag=FisgonTaskRequest run-id=019d1fa2-d171-78dc-811e-5157e9261ffb params="[TARGET_CITY=Almeria TARGET_SCRAPER=LaGuajira 3=DAGU_BASE_URL=]"
time=2026-03-24T11:37:37.414Z level=INFO msg="Step started" name=FisgonTaskRequest run-id=019d1fa2-d171-78dc-811e-5157e9261ffb attempt-id="" dag=FisgonTaskRequest run-id=019d1fa2-d171-78dc-811e-5157e9261ffb step=tarea_1
time=2026-03-24T11:38:36.383Z level=INFO msg="DAG run finished" name=FisgonTaskRequest run-id=019d1fa2-d171-78dc-811e-5157e9261ffb attempt-id="" dag=FisgonTaskRequest run-id=019d1fa2-d171-78dc-811e-5157e9261ffb status=succeeded started-at=2026-03-24T11:37:37Z finished-at=2026-03-24T11:38:36Z
time=2026-03-24T11:38:36.434Z level=INFO msg="Executing root dag-run" dag=FisgonTaskRequest run-id=019d1fa3-b810-766b-ba75-6db909170d97 params=""
time=2026-03-24T11:38:36.448Z level=INFO msg="DAG run started" name=FisgonTaskRequest run-id=019d1fa3-b810-766b-ba75-6db909170d97 attempt-id="" dag=FisgonTaskRequest run-id=019d1fa3-b810-766b-ba75-6db909170d97 params="[TARGET_CITY=Almeria TARGET_SCRAPER=ConciertosClub 3=DAGU_BASE_URL=]"
time=2026-03-24T11:38:36.452Z level=INFO msg="Step started" name=FisgonTaskRequest run-id=019d1fa3-b810-766b-ba75-6db909170d97 attempt-id="" dag=FisgonTaskRequest run-id=019d1fa3-b810-766b-ba75-6db909170d97 step=tarea_1
time=2026-03-24T11:38:39.173Z level=INFO msg="DAG run finished" name=FisgonTaskRequest run-id=019d1fa3-b810-766b-ba75-6db909170d97 attempt-id="" dag=FisgonTaskRequest run-id=019d1fa3-b810-766b-ba75-6db909170d97 status=succeeded started-at=2026-03-24T11:38:36Z finished-at=2026-03-24T11:38:39Z
time=2026-03-24T11:38:39.215Z level=INFO msg="Executing root dag-run" dag=FisgonTaskRequest run-id=019d1fa3-c2ed-7374-98ba-1a440466cad6 params=""
time=2026-03-24T11:38:39.229Z level=INFO msg="DAG run started" name=FisgonTaskRequest run-id=019d1fa3-c2ed-7374-98ba-1a440466cad6 attempt-id="" dag=FisgonTaskRequest run-id=019d1fa3-c2ed-7374-98ba-1a440466cad6 params="[TARGET_CITY=Almeria TARGET_SCRAPER=JacksonLive 3=DAGU_BASE_URL=]"
time=2026-03-24T11:38:39.233Z level=INFO msg="Step started" name=FisgonTaskRequest run-id=019d1fa3-c2ed-7374-98ba-1a440466cad6 attempt-id="" dag=FisgonTaskRequest run-id=019d1fa3-c2ed-7374-98ba-1a440466cad6 step=tarea_1
time=2026-03-24T11:38:41.726Z level=INFO msg="DAG run finished" name=FisgonTaskRequest run-id=019d1fa3-c2ed-7374-98ba-1a440466cad6 attempt-id="" dag=FisgonTaskRequest run-id=019d1fa3-c2ed-7374-98ba-1a440466cad6 status=succeeded started-at=2026-03-24T11:38:39Z finished-at=2026-03-24T11:38:41Z
time=2026-03-24T11:38:41.770Z level=INFO msg="Executing root dag-run" dag=FisgonTaskRequest run-id=019d1fa3-cce8-7a3a-8ea1-3bdbb4ebd4e2 params=""
time=2026-03-24T11:38:41.794Z level=INFO msg="DAG run started" name=FisgonTaskRequest run-id=019d1fa3-cce8-7a3a-8ea1-3bdbb4ebd4e2 attempt-id="" dag=FisgonTaskRequest run-id=019d1fa3-cce8-7a3a-8ea1-3bdbb4ebd4e2 params="[TARGET_CITY=Almeria TARGET_SCRAPER=BibliotecaAgenda 3=DAGU_BASE_URL=]"
time=2026-03-24T11:38:41.799Z level=INFO msg="Step started" name=FisgonTaskRequest run-id=019d1fa3-cce8-7a3a-8ea1-3bdbb4ebd4e2 attempt-id="" dag=FisgonTaskRequest run-id=019d1fa3-cce8-7a3a-8ea1-3bdbb4ebd4e2 step=tarea_1
time=2026-03-24T11:39:36.185Z level=INFO msg="DAG run finished" name=FisgonTaskRequest run-id=019d1fa3-cce8-7a3a-8ea1-3bdbb4ebd4e2 attempt-id="" dag=FisgonTaskRequest run-id=019d1fa3-cce8-7a3a-8ea1-3bdbb4ebd4e2 status=succeeded started-at=2026-03-24T11:38:41Z finished-at=2026-03-24T11:39:36Z
