time=2026-03-24T11:39:36.263Z level=INFO msg="Executing root dag-run" dag=FisgonTaskSelenium run-id=019d1fa4-a1bd-70a8-bf81-5c5d740663ff params=""
time=2026-03-24T11:39:36.279Z level=INFO msg="DAG run started" name=FisgonTaskSelenium run-id=019d1fa4-a1bd-70a8-bf81-5c5d740663ff attempt-id="" dag=FisgonTaskSelenium run-id=019d1fa4-a1bd-70a8-bf81-5c5d740663ff params="[TARGET_CITY=Almeria TARGET_SCRAPER=AlmeriaCiudad 3=DAGU_BASE_URL=]"
time=2026-03-24T11:39:36.283Z level=INFO msg="Step started" name=FisgonTaskSelenium run-id=019d1fa4-a1bd-70a8-bf81-5c5d740663ff attempt-id="" dag=FisgonTaskSelenium run-id=019d1fa4-a1bd-70a8-bf81-5c5d740663ff step=tarea_1
time=2026-03-24T11:40:17.097Z level=INFO msg="DAG run finished" name=FisgonTaskSelenium run-id=019d1fa4-a1bd-70a8-bf81-5c5d740663ff attempt-id="" dag=FisgonTaskSelenium run-id=019d1fa4-a1bd-70a8-bf81-5c5d740663ff status=succeeded started-at=2026-03-24T11:39:36Z finished-at=2026-03-24T11:40:17Z
time=2026-03-24T11:40:17.161Z level=INFO msg="Executing root dag-run" dag=FisgonTaskSelenium run-id=019d1fa5-4185-739e-9762-37d9bbf6e8e9 params=""
time=2026-03-24T11:40:17.177Z level=INFO msg="DAG run started" name=FisgonTaskSelenium run-id=019d1fa5-4185-739e-9762-37d9bbf6e8e9 attempt-id="" dag=FisgonTaskSelenium run-id=019d1fa5-4185-739e-9762-37d9bbf6e8e9 params="[TARGET_CITY=Almeria TARGET_SCRAPER=AlmeriaTurismo 3=DAGU_BASE_URL=]"
time=2026-03-24T11:40:17.181Z level=INFO msg="Step started" name=FisgonTaskSelenium run-id=019d1fa5-4185-739e-9762-37d9bbf6e8e9 attempt-id="" dag=FisgonTaskSelenium run-id=019d1fa5-4185-739e-9762-37d9bbf6e8e9 step=tarea_1
time=2026-03-24T11:40:56.625Z level=INFO msg="DAG run finished" name=FisgonTaskSelenium run-id=019d1fa5-4185-739e-9762-37d9bbf6e8e9 attempt-id="" dag=FisgonTaskSelenium run-id=019d1fa5-4185-739e-9762-37d9bbf6e8e9 status=succeeded started-at=2026-03-24T11:40:17Z finished-at=2026-03-24T11:40:56Z
time=2026-03-24T11:40:56.721Z level=INFO msg="Executing root dag-run" dag=FisgonTaskSelenium run-id=019d1fa5-dc0a-75e1-9fb6-bfb5b2147ed4 params=""
time=2026-03-24T11:40:56.743Z level=INFO msg="DAG run started" name=FisgonTaskSelenium run-id=019d1fa5-dc0a-75e1-9fb6-bfb5b2147ed4 attempt-id="" dag=FisgonTaskSelenium run-id=019d1fa5-dc0a-75e1-9fb6-bfb5b2147ed4 params="[TARGET_CITY=Almeria TARGET_SCRAPER=JuntaAndaluciaAgenda 3=DAGU_BASE_URL=]"
time=2026-03-24T11:40:56.746Z level=INFO msg="Step started" name=FisgonTaskSelenium run-id=019d1fa5-dc0a-75e1-9fb6-bfb5b2147ed4 attempt-id="" dag=FisgonTaskSelenium run-id=019d1fa5-dc0a-75e1-9fb6-bfb5b2147ed4 step=tarea_1
time=2026-03-24T11:42:07.282Z level=INFO msg="DAG run finished" name=FisgonTaskSelenium run-id=019d1fa5-dc0a-75e1-9fb6-bfb5b2147ed4 attempt-id="" dag=FisgonTaskSelenium run-id=019d1fa5-dc0a-75e1-9fb6-bfb5b2147ed4 status=succeeded started-at=2026-03-24T11:40:56Z finished-at=2026-03-24T11:42:07Z
time=2026-03-24T11:42:07.333Z level=INFO msg="Executing root dag-run" dag=FisgonTaskSelenium run-id=019d1fa6-efe2-7e56-8441-ed62223a899a params=""
time=2026-03-24T11:42:07.352Z level=INFO msg="DAG run started" name=FisgonTaskSelenium run-id=019d1fa6-efe2-7e56-8441-ed62223a899a attempt-id="" dag=FisgonTaskSelenium run-id=019d1fa6-efe2-7e56-8441-ed62223a899a params="[TARGET_CITY=Almeria TARGET_SCRAPER=ClassicJazz 3=DAGU_BASE_URL=]"
time=2026-03-24T11:42:07.356Z level=INFO msg="Step started" name=FisgonTaskSelenium run-id=019d1fa6-efe2-7e56-8441-ed62223a899a attempt-id="" dag=FisgonTaskSelenium run-id=019d1fa6-efe2-7e56-8441-ed62223a899a step=tarea_1
time=2026-03-24T11:42:54.069Z level=INFO msg="DAG run finished" name=FisgonTaskSelenium run-id=019d1fa6-efe2-7e56-8441-ed62223a899a attempt-id="" dag=FisgonTaskSelenium run-id=019d1fa6-efe2-7e56-8441-ed62223a899a status=succeeded started-at=2026-03-24T11:42:07Z finished-at=2026-03-24T11:42:54Z
time=2026-03-24T11:42:54.124Z level=INFO msg="Executing root dag-run" dag=FisgonTaskSelenium run-id=019d1fa7-a6aa-7266-b4a4-062cc45c417c params=""
time=2026-03-24T11:42:54.143Z level=INFO msg="DAG run started" name=FisgonTaskSelenium run-id=019d1fa7-a6aa-7266-b4a4-062cc45c417c attempt-id="" dag=FisgonTaskSelenium run-id=019d1fa7-a6aa-7266-b4a4-062cc45c417c params="[TARGET_CITY=Almeria TARGET_SCRAPER=Entradium 3=DAGU_BASE_URL=]"
time=2026-03-24T11:42:54.146Z level=INFO msg="Step started" name=FisgonTaskSelenium run-id=019d1fa7-a6aa-7266-b4a4-062cc45c417c attempt-id="" dag=FisgonTaskSelenium run-id=019d1fa7-a6aa-7266-b4a4-062cc45c417c step=tarea_1
time=2026-03-24T11:43:31.261Z level=INFO msg="DAG run finished" name=FisgonTaskSelenium run-id=019d1fa7-a6aa-7266-b4a4-062cc45c417c attempt-id="" dag=FisgonTaskSelenium run-id=019d1fa7-a6aa-7266-b4a4-062cc45c417c status=succeeded started-at=2026-03-24T11:42:54Z finished-at=2026-03-24T11:43:31Z
time=2026-03-24T11:43:31.346Z level=INFO msg="Executing root dag-run" dag=FisgonTaskSelenium run-id=019d1fa8-380d-7d27-a78b-63e94647d793 params=""
time=2026-03-24T11:43:31.356Z level=INFO msg="DAG run started" name=FisgonTaskSelenium run-id=019d1fa8-380d-7d27-a78b-63e94647d793 attempt-id="" dag=FisgonTaskSelenium run-id=019d1fa8-380d-7d27-a78b-63e94647d793 params="[TARGET_CITY=Almeria TARGET_SCRAPER=TodasLasEntradas 3=DAGU_BASE_URL=]"
time=2026-03-24T11:43:31.358Z level=INFO msg="Step started" name=FisgonTaskSelenium run-id=019d1fa8-380d-7d27-a78b-63e94647d793 attempt-id="" dag=FisgonTaskSelenium run-id=019d1fa8-380d-7d27-a78b-63e94647d793 step=tarea_1
time=2026-03-24T11:43:41.331Z level=INFO msg="DAG run finished" name=FisgonTaskSelenium run-id=019d1fa8-380d-7d27-a78b-63e94647d793 attempt-id="" dag=FisgonTaskSelenium run-id=019d1fa8-380d-7d27-a78b-63e94647d793 status=succeeded started-at=2026-03-24T11:43:31Z finished-at=2026-03-24T11:43:41Z
time=2026-03-24T11:43:41.374Z level=INFO msg="Executing root dag-run" dag=FisgonTaskSelenium run-id=019d1fa8-5f3a-7c1c-8b8c-175cac13e2ca params=""
time=2026-03-24T11:43:41.388Z level=INFO msg="DAG run started" name=FisgonTaskSelenium run-id=019d1fa8-5f3a-7c1c-8b8c-175cac13e2ca attempt-id="" dag=FisgonTaskSelenium run-id=019d1fa8-5f3a-7c1c-8b8c-175cac13e2ca params="[TARGET_CITY=Almeria TARGET_SCRAPER=RedBibliotecas 3=DAGU_BASE_URL=]"
time=2026-03-24T11:43:41.398Z level=INFO msg="Step started" name=FisgonTaskSelenium run-id=019d1fa8-5f3a-7c1c-8b8c-175cac13e2ca attempt-id="" dag=FisgonTaskSelenium run-id=019d1fa8-5f3a-7c1c-8b8c-175cac13e2ca step=tarea_1
time=2026-03-24T11:43:50.857Z level=INFO msg="DAG run finished" name=FisgonTaskSelenium run-id=019d1fa8-5f3a-7c1c-8b8c-175cac13e2ca attempt-id="" dag=FisgonTaskSelenium run-id=019d1fa8-5f3a-7c1c-8b8c-175cac13e2ca status=succeeded started-at=2026-03-24T11:43:41Z finished-at=2026-03-24T11:43:50Z
time=2026-03-24T11:43:50.902Z level=INFO msg="Executing root dag-run" dag=FisgonTaskSelenium run-id=019d1fa8-8473-7690-85c0-03be29a4152b params=""
time=2026-03-24T11:43:50.916Z level=INFO msg="DAG run started" name=FisgonTaskSelenium run-id=019d1fa8-8473-7690-85c0-03be29a4152b attempt-id="" dag=FisgonTaskSelenium run-id=019d1fa8-8473-7690-85c0-03be29a4152b params="[TARGET_CITY=Almeria TARGET_SCRAPER=SalaEmma 3=DAGU_BASE_URL=]"
time=2026-03-24T11:43:50.920Z level=INFO msg="Step started" name=FisgonTaskSelenium run-id=019d1fa8-8473-7690-85c0-03be29a4152b attempt-id="" dag=FisgonTaskSelenium run-id=019d1fa8-8473-7690-85c0-03be29a4152b step=tarea_1
time=2026-03-24T11:44:09.588Z level=INFO msg="DAG run finished" name=FisgonTaskSelenium run-id=019d1fa8-8473-7690-85c0-03be29a4152b attempt-id="" dag=FisgonTaskSelenium run-id=019d1fa8-8473-7690-85c0-03be29a4152b status=succeeded started-at=2026-03-24T11:43:50Z finished-at=2026-03-24T11:44:09Z
