
RUNNING VARS → 
        CITY=Almeria, 

        OPERATION=1,
            CREATE_SESSION=0,
            CLOSE_SESSION=1,
            SESSION=None,
            IMAGES=0,
            GET_SCRAPERS=

        SCRAPER=
        DAG_RUN_URL=/dags/FisgonSession/log?remoteNode=local&step=session&dagRunId=019c999b-cd03-7ea5-9344-3bd492be9238

Executing final task with session: 2026_02_24_18_31_Martes
Reading /home/ubuntu/data_storage/Almeria/2026_02_24_18_31_Martes/0_raw/20260224_1911_ConciertosClub.json...
Reading /home/ubuntu/data_storage/Almeria/2026_02_24_18_31_Martes/0_raw/20260224_1832_LaGuajira.json...
Reading /home/ubuntu/data_storage/Almeria/2026_02_24_18_31_Martes/0_raw/20260224_1833_JacksonLive.json...
Reading /home/ubuntu/data_storage/Almeria/2026_02_24_18_31_Martes/0_raw/20260224_1838_JuntaAndaluciaAgenda.json...
Reading /home/ubuntu/data_storage/Almeria/2026_02_24_18_31_Martes/0_raw/20260224_1859_Entradium.json...
Reading /home/ubuntu/data_storage/Almeria/2026_02_24_18_31_Martes/0_raw/20260224_1902_TodasLasEntradas.json...
Reading /home/ubuntu/data_storage/Almeria/2026_02_24_18_31_Martes/0_raw/20260224_1833_BibliotecaAgenda.json...
Reading /home/ubuntu/data_storage/Almeria/2026_02_24_18_31_Martes/0_raw/20260224_1831_SalaBerlin.json...
Reading /home/ubuntu/data_storage/Almeria/2026_02_24_18_31_Martes/0_raw/20260224_1907_KuverProducciones.json...
Reading /home/ubuntu/data_storage/Almeria/2026_02_24_18_31_Martes/0_raw/20260224_1855_FlowteTaquillaCultural.json...
Reading /home/ubuntu/data_storage/Almeria/2026_02_24_18_31_Martes/0_raw/20260224_1837_AlmeriaTurismo.json...
Reading /home/ubuntu/data_storage/Almeria/2026_02_24_18_31_Martes/0_raw/20260224_1834_AlmeriaCiudad.json...
Reading /home/ubuntu/data_storage/Almeria/2026_02_24_18_31_Martes/0_raw/20260224_1903_SalaEmma.json...
Reading /home/ubuntu/data_storage/Almeria/2026_02_24_18_31_Martes/0_raw/20260224_1846_ClassicJazz.json...
Saving 842 new events
Saving in  /home/ubuntu/data_storage/Almeria/2026_02_24_18_31_Martes/0_raw/Merged.json
