
RUNNING VARS → 
        CITY=Almeria, 

        OPERATION=0,
            CREATE_SESSION=0,
            CLOSE_SESSION=0,
            SESSION=None,
            IMAGES=0,
            GET_SCRAPERS=

        SCRAPER=SalaBerlin
        DAG_RUN_URL=/dags/FisgonTaskRequest/log?remoteNode=local&step=tarea_1&dagRunId=019d0ac3-af3e-7176-b607-2bd692bb461a

Running for Almeria: SalaBerlin
SalaBerlin
RUNNING SESSION =  2026_03_20_10_21_Viernes
Getting https://berlinalmeria.com/eventos/
Sleep 1
*** SCRAPED 12 URLS WITH EVENTS **
New url events = 1
0 / 1
Getting https://berlinalmeria.com/producto/15-mayo-estopati-tributo-a-estopa/
Sleep 4
--------------------
{'id': 'f1eadac9', 'show': 1, 'in_city': 1, 'one_day': 1, 'wrong_date_time': 1, 'event': 'Estopatí (Tributo a Estopa)', 'slug': 'estopati-tributo-a-estopa', 'category': '__NOT_DEFINIED__', 'id_venue': 'NmPqTrh6', 'venue': 'Sala Berlin', 'std_venue': 'Berlin Social Club', 'start_date': '__NOT_FOUND__', 'start_time': '__NOT_FOUND__', 'end_date': '__NOT_DEFINIED__', 'end_time': '__NOT_DEFINIED__', 'description': 'Precio del evento', 'others': {'price': '16,50\xa0€', 'ticket': 'https://entradas.crashmusic.es/event/concierto-estopati-tributo-a-estopa-almeria-sala-berlin-social-club-viernes-15-de-mayo'}, 'source': 'SalaBerlin', 'exec_time': '20260320T102130', 'session': '2026_03_20_10_21_Viernes', 'image': 'https://berlinalmeria.com/wp-content/uploads/2026/03/K2Uki1gAcPMW.jpg', 'url': 'https://berlinalmeria.com/producto/15-mayo-estopati-tributo-a-estopa/'}
****************************
Saving 1 new events
Saving in  /home/ubuntu/data_storage/Almeria/2026_03_20_10_21_Viernes/0_raw/20260320_1021_SalaBerlin.json
Saving 1 master url
Appending to  /home/ubuntu/data_storage/Almeria/00_master/master_url.json
