
RUNNING VARS → 
        CITY=Almeria, 

        OPERATION=0,
            CREATE_SESSION=0,
            CLOSE_SESSION=0,
            SESSION=None,
            IMAGES=0,
            GET_SCRAPERS=

        SCRAPER=ConciertosClub
        DAG_RUN_URL=/dags/FisgonTaskRequest/log?remoteNode=local&step=tarea_1&dagRunId=019d1fa3-b810-766b-ba75-6db909170d97

Running for Almeria: ConciertosClub
ConciertosClub
RUNNING SESSION =  2026_03_24_11_37_Martes
Getting https://conciertos.club/almeria
Sleep 1
*** SCRAPED 123 URLS WITH EVENTS **
New url events = 0
#######################
No new urls/events extracted. No new events to save
#######################
