
RUNNING VARS → 
        CITY=Almeria, 

        OPERATION=0,
            CREATE_SESSION=0,
            CLOSE_SESSION=0,
            SESSION=None,
            IMAGES=0,
            GET_SCRAPERS=

        SCRAPER=TodasLasEntradas
        DAG_RUN_URL=/dags/FisgonTaskSelenium/log?remoteNode=local&step=tarea_1&dagRunId=019cc023-b416-78db-a2f1-7cf714fd3a7a

Running for Almeria: TodasLasEntradas
TodasLasEntradas
RUNNING SESSION =  2026_03_05_22_27_Jueves
Starting WebDriver...
http://localhost:4444/wd/hub
Getting content
*** SCRAPED 18 URLS WITH EVENTS **
New url events = 0
#######################
No new urls/events extracted. No new events to save
#######################
