
RUNNING VARS → 
        CITY=Almeria, 

        OPERATION=0,
            CREATE_SESSION=0,
            CLOSE_SESSION=0,
            SESSION=None,
            IMAGES=0,
            GET_SCRAPERS=

        SCRAPER=Entradium
        DAG_RUN_URL=/dags/FisgonTaskSelenium/log?remoteNode=local&step=tarea_1&dagRunId=019cf111-e50f-7df0-b4ce-794bd3c09d24

Running for Almeria: Entradium
Entradium
RUNNING SESSION =  2026_03_15_10_27_Domingo
Starting WebDriver...
http://localhost:4444/wd/hub
sleeping 5
clicking
sleeping 3
sleeping 1.5
sleeping 3
******
xpath
/html/body/header/div[2]/div[1]/div/div/form/div/div/button/span/i
clicking
sleeping 3
sleeping 8
Getting content
*** SCRAPED 25 URLS WITH EVENTS **
New url events = 1
0 / 1
Getting https://entradium.com/es/events/puroindie-en-berlin-social-club-almeria
Sleep 4
['12.06.2026', '21:30']
--------------------
{'id': '90e8c89b', 'show': 1, 'in_city': 1, 'one_day': 1, 'wrong_date_time': 0, 'event': 'PuroIndie en Berlín Social Club Almería', 'slug': 'puroindie-en-berlin-social-club-almeria', 'category': '__NOT_DEFINIED__', 'id_venue': 'NmPqTrh6', 'venue': 'Berlín social Club', 'std_venue': 'Berlin Social Club', 'start_date': '2026-06-12', 'start_time': '21:30:00', 'end_date': '__NOT_DEFINIED__', 'end_time': '__NOT_DEFINIED__', 'description': 'De nuevo en Almería , PuroIndie el mejor tributo indie nacional repasando los mejores himnos de siempre y los éxitos recientes de bandas como Arde Bogotá, Viva Suecia, Los Planetas o Supersubmarina entre otros .', 'others': {}, 'source': 'Entradium', 'exec_time': '20260315T103653', 'session': '2026_03_15_10_27_Domingo', 'image': 'https://d2il8hfach02z9.cloudfront.net/uploads/event/poster/d021dd418a392e6fa64ffe2b9bd659f69e2ee4a0/event_m_1773058475806.jpg?v=1773225042', 'url': 'https://entradium.com/es/events/puroindie-en-berlin-social-club-almeria'}
****************************
Saving 1 new events
Saving in  /home/ubuntu/data_storage/Almeria/2026_03_15_10_27_Domingo/0_raw/20260315_1036_Entradium.json
Saving 1 master url
Appending to  /home/ubuntu/data_storage/Almeria/00_master/master_url.json
