
RUNNING VARS → 
        CITY=Almeria, 

        OPERATION=0,
            CREATE_SESSION=0,
            CLOSE_SESSION=0,
            SESSION=None,
            IMAGES=0,
            GET_SCRAPERS=

        SCRAPER=ConciertosClub
        DAG_RUN_URL=/dags/FisgonTaskRequest/log?remoteNode=local&step=tarea_1&dagRunId=019d6452-f07c-7c1d-953e-11b997e82039

Running for Almeria: ConciertosClub
ConciertosClub
RUNNING SESSION =  2026_04_06_19_42_Lunes
Getting https://conciertos.club/almeria
Sleep 1
*** SCRAPED 99 URLS WITH EVENTS **
New url events = 0
#######################
No new urls/events extracted. No new events to save
#######################
