
RUNNING VARS → 
        CITY=Almeria, 

        OPERATION=0,
            CREATE_SESSION=0,
            CLOSE_SESSION=0,
            SESSION=None,
            IMAGES=0,
            GET_SCRAPERS=

        SCRAPER=ClassicJazz
        DAG_RUN_URL=/dags/FisgonTaskSelenium/log?remoteNode=local&step=tarea_1&dagRunId=019d0299-27ca-731e-a71c-abedfa1dba9e

Running for Almeria: ClassicJazz
ClassicJazz
RUNNING SESSION =  2026_03_18_20_12_Miercoles
Starting WebDriver...
http://localhost:4444/wd/hub
*********************times =1
sleeping 7
Scrolling...
sleeping 1
Getting content
clicking
sleeping 3
sleeping 7
*********************times =2
sleeping 7
Scrolling...
sleeping 1
Getting content
clicking
sleeping 3
sleeping 7
*** SCRAPED 156 URLS WITH EVENTS **
New url events = 2
0 / 2
Getting https://clasijazz.com/evento/jam-funk-port-of-spain-5/2026-04-16/
Sleep 4
2026-04-16T22:00:00 2026-04-16T23:55:00
--------------------
{'id': '900f0f53', 'show': 1, 'in_city': 1, 'one_day': 1, 'wrong_date_time': 0, 'event': 'Jam Funk', 'slug': 'jam-funk', 'category': '__NOT_DEFINIED__', 'id_venue': 'ddgm4gQP', 'venue': 'Port Of Spain', 'std_venue': 'Port Of Spain', 'start_date': '2026-04-16', 'start_time': '22:00:00', 'end_date': '2026-04-16', 'end_time': '23:55:00', 'description': 'Entrada Libre Port of Spain Una Jam Session increíble en ese entorno tan bonito del Port of Spain. Llena de Funk !', 'others': {'price': '__NOT_DEFINIED__', 'category': 'Programación', 'location_url': 'https://clasijazz.com/local/port-of-spain/', 'location': 'Parque Nicolás Salmeron 20, Almería'}, 'source': 'ClassicJazz', 'exec_time': '20260318T201810', 'session': '2026_03_18_20_12_Miercoles', 'image': 'https://clasijazz.com/wp-content/uploads/2025/08/jam_funky-2-3-3.jpg', 'url': 'https://clasijazz.com/evento/jam-funk-port-of-spain-5/2026-04-16/'}
1 / 2
Getting https://clasijazz.com/evento/ecstatic-dance-dj-ed-ualias/
Sleep 4
2026-03-21T18:00:00 2026-03-21T20:00:00
--------------------
{'id': '0a86c7ea', 'show': 1, 'in_city': 1, 'one_day': 1, 'wrong_date_time': 0, 'event': 'Ecstatic Dance – DJ Ed Ualías', 'slug': 'ecstatic-dance-dj-ed-ualias', 'category': '__NOT_DEFINIED__', 'id_venue': 'Q6b6LRjT', 'venue': 'Sede Clasijazz', 'std_venue': 'Clasijazz', 'start_date': '2026-03-21', 'start_time': '18:00:00', 'end_date': '2026-03-21', 'end_time': '20:00:00', 'description': '18€ NS / 15€ S | Sala Industrial', 'others': {'price': '15,00€ – 18,00€', 'category': 'Programación', 'location_url': 'https://clasijazz.com/local/sede-clasijazz/', 'location': 'Maestro Serrano 9, Almería'}, 'source': 'ClassicJazz', 'exec_time': '20260318T201810', 'session': '2026_03_18_20_12_Miercoles', 'image': 'https://clasijazz.com/wp-content/uploads/2026/03/f5cadb32-940c-4712-9114-b80262fa790d.jpg', 'url': 'https://clasijazz.com/evento/ecstatic-dance-dj-ed-ualias/'}
****************************
Saving 2 new events
Saving in  /home/ubuntu/data_storage/Almeria/2026_03_18_20_12_Miercoles/0_raw/20260318_2018_ClassicJazz.json
Saving 2 master url
Appending to  /home/ubuntu/data_storage/Almeria/00_master/master_url.json
