
RUNNING VARS → 
        CITY=Almeria, 

        OPERATION=0,
            CREATE_SESSION=0,
            CLOSE_SESSION=0,
            SESSION=None,
            IMAGES=0,
            GET_SCRAPERS=

        SCRAPER=TodasLasEntradas
        DAG_RUN_URL=/dags/FisgonTaskSelenium/log?remoteNode=local&step=tarea_1&dagRunId=019cf8af-1ac6-76fc-91c6-2378172a037d

Running for Almeria: TodasLasEntradas
TodasLasEntradas
RUNNING SESSION =  2026_03_16_21_59_Lunes
Starting WebDriver...
http://localhost:4444/wd/hub
Getting content
*** SCRAPED 15 URLS WITH EVENTS **
New url events = 1
0 / 1
Getting content
{'id': 'db332c4b', 'show': 1, 'in_city': 1, 'one_day': 1, 'wrong_date_time': 0, 'event': 'Si Alguna Vez Hubo Un Nosotros', 'slug': 'si-alguna-vez-hubo-un-nosotros', 'category': '__NOT_DEFINIED__', 'id_venue': 'DgpfFbPt', 'venue': 'Teatro Cervantes Almería ', 'std_venue': 'Teatro Cervantes', 'start_date': '2026-04-25', 'start_time': '20:00:00', 'end_date': '2026-04-25', 'end_time': '__NOT_DEFINIED__', 'description': 'Un viaje emocional donde el amor y la memoria se enfrentan. Jaime y Marla fueron "nosotros". Ahora solo quedan dos voces que se buscan entre recuerdos, reproches, y silencios. En un escenario desnudo, sus monólogos se entrelazan para desvelar una historia universal: la de dos personas que se amaron profundamente, pero no supieron salvarse. La nueva obra de Ignasi Vidal -autor de éxitos como EL PLAN, DIGINIGNIDAD, o DRIBBLING, es un retrato íntimo de la fragilidad humana que nos confronta con una pregunta que todos, alguna vez, hemos temido: ¿Qué queda cuando el amor ya no basta? ESCRITO Y DIRIGIDO POR IGNASI VIDAL. INTERPRETADO POR NOEMÍ RUIZ Y FÉLIX GÓMEZ. PRODUCIDO POR PEDRO MACARRO.', 'others': {}, 'source': 'TodasLasEntradas', 'exec_time': '20260316T220556', 'session': '2026_03_16_21_59_Lunes', 'image': 'https://eolstage.blob.core.windows.net/eol/475152%2F579a74-WhatsApp%20Image%202026-03-16%20at%2012.06.38.jpeg', 'url': 'https://www.todaslasentradas.com/par-public/rest/evento/id/8185309'}
-------------
****************************
Saving 1 new events
Saving in  /home/ubuntu/data_storage/Almeria/2026_03_16_21_59_Lunes/0_raw/20260316_2205_TodasLasEntradas.json
Saving 1 master url
Appending to  /home/ubuntu/data_storage/Almeria/00_master/master_url.json
