
RUNNING VARS → 
        CITY=Almeria, 

        OPERATION=0,
            CREATE_SESSION=0,
            CLOSE_SESSION=0,
            SESSION=None,
            IMAGES=0,
            GET_SCRAPERS=

        SCRAPER=AlmeriaCiudad
        DAG_RUN_URL=/dags/FisgonTaskSelenium/log?remoteNode=local&step=tarea_1&dagRunId=019ccf77-6525-7d1d-b8f5-56f71b4b6431

Running for Almeria: AlmeriaCiudad
AlmeriaCiudad
RUNNING SESSION =  2026_03_08_21_58_Domingo
Starting WebDriver...
http://localhost:4444/wd/hub
sleeping 5
Getting content
page = 0 -----------https://almeriaciudad.es/cultura/agenda?page=0--------------- len 12
sleeping 5
Getting content
page = 1 -----------https://almeriaciudad.es/cultura/agenda?page=1--------------- len 12
sleeping 5
Getting content
page = 2 -----------https://almeriaciudad.es/cultura/agenda?page=2--------------- len 12
sleeping 5
Getting content
page = 3 -----------https://almeriaciudad.es/cultura/agenda?page=3--------------- len 0
*** SCRAPED 36 URLS WITH EVENTS **
New url events = 3
0 / 3
Getting https://almeriaciudad.es//cultura/evento/bma-una-mirada-la-musica-norteamericana-para-banda
Sleep 4
--------------------
{'id': '9badc002', 'show': 1, 'in_city': 1, 'one_day': 1, 'wrong_date_time': 0, 'event': 'Bma - Una Mirada a La Música Norteamericana Para Banda', 'slug': 'bma-una-mirada-a-la-musica-norteamericana-para-banda', 'category': '__NOT_DEFINIED__', 'id_venue': 'tQfq78jF', 'venue': 'Teatro Apolo', 'std_venue': 'Teatro Apolo', 'start_date': '2026-03-08', 'start_time': '12:00:00', 'end_date': '2026-03-08', 'end_time': '13:30:00', 'description': '', 'others': {'organizer': '__NOT_FOUND__', 'price': 'ENTRADA GRATUITA HASTA COMPLETAR AFORO', 'category': 'BMA|Concierto', 'audience_age': 'Todas las edades'}, 'source': 'AlmeriaCiudad', 'exec_time': '20260308T220039', 'session': '2026_03_08_21_58_Domingo', 'image': 'https://almeriaciudad.es/uploads/styles/large/public/media/image/bma-8-03-2026.jpg?itok=bjuIC9Kj', 'url': 'https://almeriaciudad.es//cultura/evento/bma-una-mirada-la-musica-norteamericana-para-banda'}
1 / 3
Getting https://almeriaciudad.es//cultura/evento/almeria-summit-2026
Sleep 4
--------------------
{'id': '071d7a60', 'show': 1, 'in_city': 1, 'one_day': 1, 'wrong_date_time': 0, 'event': 'Almeria Summit 2026', 'slug': 'almeria-summit-2026', 'category': '__NOT_DEFINIED__', 'id_venue': '27qNP7DH', 'venue': 'Auditorio Municipal Maestro Padilla', 'std_venue': 'Auditorio Municipal Maestro Padilla', 'start_date': '2026-03-25', 'start_time': '18:00:00', 'end_date': '2026-03-25', 'end_time': '20:00:00', 'description': 'Tras el éxito de su primera edición, AlmerIA Summit regresa a Almería. para seguir acercando al público y al tejido empresarial uno de los mayores cambios tecnológicos de nuestro tiempo: la Inteligencia Artificial. . En su primera edición, el Summit contó con la participación del divulgador tecnológico. Jon Hernández. , en un encuentro que despertó un gran interés por comprender cómo la IA está transformando empresas, profesiones y sectores económicos. En esta. segunda edición. , el evento amplía su alcance con una mirada más profunda y aplicada a los grandes sectores que definen el presente y el futuro de nuestra economía: tecnología, agroindustria, turismo y salud. . A lo largo de la jornada, expertos y líderes empresariales compartirán su visión sobre cómo la inteligencia artificial está cambiando la manera en que producimos, gestionamos y tomamos decisiones, mostrando. casos reales, tendencias emergentes y oportunidades para empresas y profesionales. . El. AlmerIA Summit. nace con una vocación clara: conectar la innovación tecnológica con la realidad económica de nuestro territorio. , posicionando a Almería como un espacio de reflexión y diálogo sobre el impacto de la inteligencia artificial en sectores estratégicos. Una cita dirigida a empresarios, profesionales, estudiantes y a todas aquellas personas que desean entender. cómo la inteligencia artificial está redefiniendo el mundo que viene. .', 'others': {'organizer': 'Auditorio Municipal Maestro Padilla', 'price': '__NOT_FOUND__', 'category': 'Exposición', 'audience_age': 'Todas las edades'}, 'source': 'AlmeriaCiudad', 'exec_time': '20260308T220039', 'session': '2026_03_08_21_58_Domingo', 'image': 'https://almeriaciudad.es/uploads/styles/large/public/media/image/f91089b7-bb7b-4693-b496-aa24e9b39d36.jpg?itok=ORmBvYvx', 'url': 'https://almeriaciudad.es//cultura/evento/almeria-summit-2026'}
2 / 3
Getting https://almeriaciudad.es//cultura/evento/vi-noche-de-la-musica-latina
Sleep 4
--------------------
{'id': '47847831', 'show': 1, 'in_city': 1, 'one_day': 1, 'wrong_date_time': 0, 'event': 'Vi Noche De La Música Latina', 'slug': 'vi-noche-de-la-musica-latina', 'category': '__NOT_DEFINIED__', 'id_venue': 'tQfq78jF', 'venue': 'Teatro Apolo', 'std_venue': 'Teatro Apolo', 'start_date': '2026-10-17', 'start_time': '20:30:00', 'end_date': '2026-10-17', 'end_time': '22:00:00', 'description': 'Por sexta vez el otoño cultural de la capital almeriense adquiere sabor latino con la celebración del festival “. La Noche de la Música Latina. ”, organizado por la Asociación Cultural Grupo Nuevos Aires. La cita con este género musical es ya una propuesta habitual e imprescindible del otoño almeriense. Para 2026, el grupo organizador (Nuevos Aires) contará como invitadas con el. Cuarteto Vocal Vidas. (Saltiago de Cuba), en gira por España y Europa; y continuará su apuesta por la solidaridad, cediendo parte de la recaudación a la Asociación Red Madre Almería. Cuarteto Vocal Vidas. (Santiago de Cuba). Sin duda, la mejor agrupación vocal femenina de Cuba. Interpretan distintos géneros de la música popular cubana y universal, a través de un formato peculiar (2 sopranos y 2 contraltos). Una de las contralto se desempeña como bajo de la agrupación, debido a su amplia tesitura. Asumen el reto de ejecutar piezas de diferentes estilos musicales (desde la música tradicional cubana a piezas de jazz y soul) únicamente con sus voces, y con el único acompañamiento instrumental de una clave y una maraca. Sus integrantes han participado en diferentes eventos nacionales e internacionales; Como agrupación, con más de 12 años de trayectoria, cuentan con tres discos editados: VOCAL VIDAS (2012); CANCIÓN Y VIDA (2016) bajo el sello EGREM; VIVIR PARA CANTARLA (2020). Asimismo, han sido merecedoras de diversos premios: Premio CUBADISCO, en la categoría de Agrupación Vocal Instrumental (2016); Premio de la Audiencia de EEUU, mejor banda sonora, Festival South by Southwest, marzo, con Soy Cubana documental (2021); XX edición Festival internacional de documentales Santiago Álvarez In Memoria: Mejor banda sonora, documental Soy Cubana (2023); Con el material audiovisual "Live Sessions". Vocal Vidas formó parte de las listas de los GRAMMY LATINOS 2025; Nominadas al CUBADISCO 2025, con audiovisual " Live Sessions": VÍDEO PROMOCIONAL - CUARTETO VOCAL VIDAS. Grupo Nuevos Aires (Almería). . Agrupación ya habitual en las distintas programaciones culturales de la Provincia de Almería, supone la confluencia de músicos profesionales y amateur unidos para interpretar un repertorio de versiones de música latina en su más amplia concepción: desde el bolero o el son cubano más clásico hasta éxitos muy actuales de autores como Rozalén, el Kanka, Juan Luis Guerra o Alejandro Sanz, incorporando temas de composición propia. El repertorio del grupo está seleccionado para que pueda interesar a público de diferentes edades y gustos musicales, precisamente por su variedad. Tras su participación en el evento Cubadisco 2025, celebrado en La Habana (Cuba) en mayo de 2025, el grupo se encuentra en el proceso de edición del que será su primer trabajo discográfico, grabado en directo en el teatro del Museo de Bellas Artes de La Habana. El espectáculo consistirá no solo en la actuación separada de ambas agrupaciones, sino la interacción entre ellas, en una fusión de estilos, ritmos y armonías.', 'others': {'organizer': 'Teatro Apolo', 'price': 'GENERAL: 15 EUROS', 'category': 'Concierto|Música', 'audience_age': 'Todas las edades'}, 'source': 'AlmeriaCiudad', 'exec_time': '20260308T220039', 'session': '2026_03_08_21_58_Domingo', 'image': 'https://almeriaciudad.es/uploads/styles/large/public/media/image/vi-noche-de-la-musica-latina.PNG?itok=ahCqHLWi', 'url': 'https://almeriaciudad.es//cultura/evento/vi-noche-de-la-musica-latina'}
****************************
Saving 3 new events
Saving in  /home/ubuntu/data_storage/Almeria/2026_03_08_21_58_Domingo/0_raw/20260308_2200_AlmeriaCiudad.json
Saving 3 master url
Appending to  /home/ubuntu/data_storage/Almeria/00_master/master_url.json
