
RUNNING VARS → 
        CITY=Almeria, 

        OPERATION=0,
            CREATE_SESSION=0,
            CLOSE_SESSION=0,
            SESSION=None,
            IMAGES=0,
            GET_SCRAPERS=

        SCRAPER=TodasLasEntradas
        DAG_RUN_URL=/dags/FisgonTaskSelenium/log?remoteNode=local&step=tarea_1&dagRunId=019c244a-406e-79de-af8e-a1ba971ad1aa

Running for Almeria: TodasLasEntradas
TodasLasEntradas
RUNNING SESSION =  2026_02_03_15_59_Martes
Starting WebDriver...
http://localhost:4444/wd/hub
Getting content
*** SCRAPED 26 URLS WITH EVENTS **
New url events = 11
0 / 11
Getting content
{'id': 'ba455af0', 'show': 1, 'in_city': 1, 'one_day': 1, 'wrong_date_time': 0, 'event': 'LA ODISEA - UN CANTO A LOS ABUELOS', 'id_venue': 'DgpfFbPt', 'venue': 'Teatro Cervantes Almería ', 'std_venue': 'Teatro Cervantes', 'start_date': '2026-02-16', 'start_time': '18:30:00', 'end_date': '2026-02-16', 'end_time': '__NOT_DEFINIED__', 'description': 'Una versión actualizada y profundamente emotiva de La Odisea, ambientada en la España de los años 60 y 70, que conecta el viaje clásico con nuestra memoria más cercana. A través del formato musical, los jóvenes intérpretes emprenden un viaje épico lleno de recuerdos, emociones y vivencias compartidas. La historia se desarrolla acompañada por una banda sonora de clásicos inolvidables, que refuerza cada escena y despierta la nostalgia del público. Música, palabras y movimiento se unen para construir un relato cercano y reconocible. Un espectáculo lleno de humor, música y ternura, que rinde homenaje a las generaciones que nos precedieron y dejaron huella en nuestro camino: nuestros abuelos.', 'others': {}, 'source': 'TodasLasEntradas', 'exec_time': '20260203T161612', 'session': '2026_02_03_15_59_Martes', 'image': 'https://eolstage.blob.core.windows.net/eol/475152%2F8c4ca0-WEB-2026-02-16---La-odisea-Un-canto-a-los-abuelos.jpg', 'url': 'https://www.todaslasentradas.com/par-public/rest/evento/id/7387979'}
-------------
1 / 11
Getting content
{'id': '2a1a1a6d', 'show': 1, 'in_city': 1, 'one_day': 1, 'wrong_date_time': 0, 'event': 'IM-PULSE PINK FLOYD TRIBUTE LIVE SHOW', 'id_venue': 'DgpfFbPt', 'venue': 'Teatro Cervantes Almería ', 'std_venue': 'Teatro Cervantes', 'start_date': '2026-04-17', 'start_time': '20:00:00', 'end_date': '2026-04-17', 'end_time': '__NOT_DEFINIED__', 'description': 'IM-PULSE es la mejor banda tributo a Pink Floyd del país. Con un excelente directo y una espectacular puesta en escena, han logrado convertirse en todo un referente, siendo considerados el mejor homenaje a la mítica banda británica, según la opinión de miles de personas que han asistido ya a sus conciertos. Con un impresionante espectáculo de imágenes, luz y sonido minuciosamente elaborado consiguen cautivar al público recreando la particular atmósfera de los conciertos de esta gran banda, una de las más representativas del rock progresivo de todos los tiempos. Durante más de dos horas y media interpretan, con toda fidelidad, un repertorio con los temas más emblemáticos de Pink Floyd basándose, sobre todo, en el icónico directo P-U-L-S-E, pero sin...Leer más', 'others': {}, 'source': 'TodasLasEntradas', 'exec_time': '20260203T161612', 'session': '2026_02_03_15_59_Martes', 'image': 'https://eolstage.blob.core.windows.net/eol/475152%2F751a9a-WhatsApp%20Image%202026-01-21%20at%2017.04.59.jpeg', 'url': 'https://www.todaslasentradas.com/par-public/rest/evento/id/7475175'}
-------------
2 / 11
Getting content
{'id': 'df271736', 'show': 1, 'in_city': 1, 'one_day': 1, 'wrong_date_time': 0, 'event': 'IMAGILUSIÓN', 'id_venue': 'DgpfFbPt', 'venue': 'Teatro Cervantes Almería ', 'std_venue': 'Teatro Cervantes', 'start_date': '2026-03-29', 'start_time': '18:00:00', 'end_date': '2026-03-29', 'end_time': '__NOT_DEFINIED__', 'description': 'Imagilusión es un espectáculo familiar lleno de color, fantasía y emoción, donde la magia de los grandes cuentos cobra vida sobre el escenario. A través de la música, el baile y una cuidada puesta en escena, personajes inspirados en historias tan queridas como Aladdín, Frozen, Toy Story, El Rey León, Mary Poppins o La Bella y la Bestia se unen para invitar al público a un viaje inolvidable al mundo de la imaginación. Un show dinámico y participativo en el que pequeños y mayores disfrutarán de coreografías espectaculares, momentos divertidos y mensajes positivos sobre la amistad, los sueños y la importancia de creer en la magia. Imagilusión es una experiencia pensada para disfrutar en familia, donde la ilusión, la música y la fantasía...Leer más', 'others': {}, 'source': 'TodasLasEntradas', 'exec_time': '20260203T161612', 'session': '2026_02_03_15_59_Martes', 'image': 'https://eolstage.blob.core.windows.net/eol/475152%2Fa050fd-WEB-2026-03-29---Imagilusion.jpg', 'url': 'https://www.todaslasentradas.com/par-public/rest/evento/id/7376958'}
-------------
3 / 11
Getting content
{'id': '54c625e5', 'show': 1, 'in_city': 1, 'one_day': 1, 'wrong_date_time': 0, 'event': 'A TODO VOLUMEN - ROCK SINFÓNICO', 'id_venue': 'DgpfFbPt', 'venue': 'Teatro Cervantes ', 'std_venue': 'Teatro Cervantes', 'start_date': '2026-02-07', 'start_time': '21:30:00', 'end_date': '2026-02-07', 'end_time': '__NOT_DEFINIED__', 'description': 'Rock Sinfónico: A Todo Volumen es una experiencia musical única donde dos universos se encuentran sobre el escenario. La fuerza arrolladora del rock se fusiona con la grandeza y la emoción de una banda sinfónica en un concierto que rompe fronteras y multiplica sensaciones. La Banda Sinfónica de Huércal de Almería presenta un espectáculo cargado de energía, potencia y emoción, con arreglos espectaculares, colaboraciones especiales y una puesta en escena envolvente. Una noche pensada para vibrar, emocionarse y vivir el rock como nunca antes: A TODO VOLUMEN.', 'others': {}, 'source': 'TodasLasEntradas', 'exec_time': '20260203T161612', 'session': '2026_02_03_15_59_Martes', 'image': 'https://eolstage.blob.core.windows.net/eol/475152%2Fb9c2ed-WhatsApp%20Image%202026-01-13%20at%2017.51.04.jpeg', 'url': 'https://www.todaslasentradas.com/par-public/rest/evento/id/7377041'}
-------------
4 / 11
Getting content
{'id': 'a24f1b40', 'show': 1, 'in_city': 1, 'one_day': 1, 'wrong_date_time': 0, 'event': 'DE CARA AL PÚBLICO" - UN SHOW DE DANNUSX', 'id_venue': 'DgpfFbPt', 'venue': 'Teatro Cervantes Almería ', 'std_venue': 'Teatro Cervantes', 'start_date': '2026-09-26', 'start_time': '21:00:00', 'end_date': '2026-09-26', 'end_time': '__NOT_DEFINIED__', 'description': 'Dannusx nos presenta un monólogo donde hablaremos de lo que se vive diariamente trabajando cara al público. Hablando de anécdotas con clientes, con mucho sentido del humor, ironía y sarcasmo. Dannusx es un creador de contenido de 35 años nacido en Madrid. Sus vídeos se caracterizan por el humor, sarcasmo y la ironía. Es su sello personal. En 2020, tras la pandemia, decidió entrar en el mundo de las redes sociales. Era hora de contar, con ese toque de humor e ironía, lo que se vive trabajando cara al público. Pensaba que, si en un minuto de vídeo conseguía que alguien sonriera un poco viendo las situaciones diarias que se vive en este sector, ya habría merecido la pena. Ya cuenta con casi...Leer más', 'others': {}, 'source': 'TodasLasEntradas', 'exec_time': '20260203T161612', 'session': '2026_02_03_15_59_Martes', 'image': 'https://eolstage.blob.core.windows.net/eol/475152%2F866017-web-2026-09-29---de-cara-al-publico_720.jpg', 'url': 'https://www.todaslasentradas.com/par-public/rest/evento/id/7491726'}
-------------
5 / 11
Getting content
{'id': '5ada8d24', 'show': 1, 'in_city': 1, 'one_day': 1, 'wrong_date_time': 0, 'event': 'HALLOWEEN FOREVER', 'id_venue': 'DgpfFbPt', 'venue': 'Teatro Cervantes Almería ', 'std_venue': 'Teatro Cervantes', 'start_date': '2026-03-05', 'start_time': '18:30:00', 'end_date': '2026-03-05', 'end_time': '__NOT_DEFINIED__', 'description': 'Los monstruos de Halloween han decidido que su noche favorita no puede terminar y que Halloween debe durar para siempre. Para conseguirlo, personajes tan conocidos como IT, La Monja, vampiras, Miércoles Addams y Harley Quinn unirán fuerzas en un plan tan oscuro como divertido. Sin embargo, un valiente grupo de niños humanos no está dispuesto a permitirlo. Con ingenio, valentía y una gran amistad, se enfrentarán a esta amenaza en una aventura llena de situaciones inesperadas. Una historia divertida y dinámica, repleta de sustos simpáticos, magia y acción, pensada para disfrutar en familia y demostrar que, incluso en la noche más terrorífica, la amistad y el coraje siempre triunfan.', 'others': {}, 'source': 'TodasLasEntradas', 'exec_time': '20260203T161612', 'session': '2026_02_03_15_59_Martes', 'image': 'https://eolstage.blob.core.windows.net/eol/475152%2F95b7ca-WEB-2026-03-05---Halloween-Forever.jpg', 'url': 'https://www.todaslasentradas.com/par-public/rest/evento/id/7387706'}
-------------
6 / 11
Getting content
{'id': '9ba1a1df', 'show': 1, 'in_city': 1, 'one_day': 1, 'wrong_date_time': 0, 'event': 'DANIEL FEZ - LA VIDA REGULINCHI', 'id_venue': 'DgpfFbPt', 'venue': 'Teatro Cervantes Almería ', 'std_venue': 'Teatro Cervantes', 'start_date': '2026-05-09', 'start_time': '21:00:00', 'end_date': '2026-05-09', 'end_time': '__NOT_DEFINIED__', 'description': 'Daniel Fez se considera un influencer regulinchi. En su espectáculo podréis escuchar de primera mano cómo es su vida de influencer. ¿Cómo le va en el amor a Daniel? ¿Le servirán los videotutoriales que se estudian? ¿Sacará la libreta azul? ¿Alguno de vosotros tiene algún consejo para él? En esta función podréis ver un monólogo fresco, con mucha interacción con el público y lleno de historias regulinchis. Empezó a crear su propio contenido en la plataforma «Vine». Ahora se pueden ver sus vídeos en TikTok, Instagram y Twitter. Él se describe como «Hacedor de vídeos y cosas de esas». Cuenta con más de 1.7 millones de seguidores en TikTok, supera los 390K de seguidores en Instagram y en Twitter cuenta con más de...Leer más', 'others': {}, 'source': 'TodasLasEntradas', 'exec_time': '20260203T161612', 'session': '2026_02_03_15_59_Martes', 'image': 'https://eolstage.blob.core.windows.net/eol/475152%2F0df34f-WEB-2026-05-09---Daniel-Fez.jpg', 'url': 'https://www.todaslasentradas.com/par-public/rest/evento/id/7376514'}
-------------
7 / 11
Getting content
{'id': '2051261e', 'show': 1, 'in_city': 1, 'one_day': 1, 'wrong_date_time': 0, 'event': 'EL RARO DE LOS 90s', 'id_venue': 'DgpfFbPt', 'venue': 'Teatro Cervantes Almería ', 'std_venue': 'Teatro Cervantes', 'start_date': '2026-05-31', 'start_time': '18:00:00', 'end_date': '2026-05-31', 'end_time': '__NOT_DEFINIED__', 'description': 'David Domínguez presenta El raro de los 90, un espectáculo de humor en el que, con ironía, simpatía y un punto gamberro, hace un viaje directo a una de las décadas más memorables: los años 90. A través de anécdotas personales, situaciones absurdas y personajes inolvidables, el cómico repasa cómo era crecer en aquella época: las tribus urbanas, las formas de ligar, los códigos sociales y esas pequeñas rarezas que hoy se miran con nostalgia y muchas risas. ¿Todavía no conoces a Vicent? ¿Te acuerdas de cómo se vivía sin redes sociales? Este espectáculo te lo recuerda todo… y mejor. Con su estilo cercano y su gran capacidad para conectar con el público, David saca a escena algunos de sus mejores textos,...Leer más', 'others': {}, 'source': 'TodasLasEntradas', 'exec_time': '20260203T161612', 'session': '2026_02_03_15_59_Martes', 'image': 'https://eolstage.blob.core.windows.net/eol/475152%2F8c2898-WEB-2026-05-31---EL-RARO-DE-LOS-90.jpg', 'url': 'https://www.todaslasentradas.com/par-public/rest/evento/id/7376873'}
-------------
8 / 11
Getting content
{'id': '5086cc17', 'show': 1, 'in_city': 1, 'one_day': 1, 'wrong_date_time': 0, 'event': 'DREAMING BUBBLES', 'id_venue': 'DgpfFbPt', 'venue': 'Teatro Cervantes Almería ', 'std_venue': 'Teatro Cervantes', 'start_date': '2026-03-15', 'start_time': '18:00:00', 'end_date': '2026-03-15', 'end_time': '__NOT_DEFINIED__', 'description': 'Dreaming Bubbles es un espectáculo visual y sensorial que invita a soñar en familia, sumergiendo al público en un universo mágico lleno de emociones, risas y asombro. Un viaje único al efímero y fascinante mundo de las burbujas, donde cada instante es tan bello como irrepetible. De la mano de Whitedream, el Mago de las Pompas de Jabón y Récord Guinness, la ilusión cobra vida en escena a través de impresionantes creaciones que despiertan la imaginación y el asombro de pequeños y mayores. Un espectáculo que nos recuerda que, incluso en la fragilidad de una burbuja, existe una fuerza capaz de mantener vivos los sueños. Dreaming Bubbles es una experiencia poética y emocionante que nos invita a creer en la magia, a...Leer más', 'others': {}, 'source': 'TodasLasEntradas', 'exec_time': '20260203T161612', 'session': '2026_02_03_15_59_Martes', 'image': 'https://eolstage.blob.core.windows.net/eol/475152%2F2c8443-WEB-2026-03-15---Dreaming-Bubbles.jpg', 'url': 'https://www.todaslasentradas.com/par-public/rest/evento/id/7388932'}
-------------
9 / 11
Getting content
{'id': 'eb8e105a', 'show': 1, 'in_city': 1, 'one_day': 1, 'wrong_date_time': 0, 'event': '20.000 LEGUAS DE VIAJE SUBMARINO', 'id_venue': 'DgpfFbPt', 'venue': 'Teatro Cervantes Almería ', 'std_venue': 'Teatro Cervantes', 'start_date': '2026-02-17', 'start_time': '18:30:00', 'end_date': '2026-02-17', 'end_time': '__NOT_DEFINIED__', 'description': 'Una aventura submarina llena de imaginación que invita a soñar y dejarse llevar por la fantasía. Un grupo de jóvenes exploradores se embarca a bordo del mítico Nautilus, guiados por el enigmático Capitán Nemo, para vivir un viaje extraordinario por las profundidades del océano. A lo largo de su travesía, descubrirán criaturas sorprendentes, paisajes marinos mágicos y misterios ocultos que se esconden bajo el mar, enfrentándose a situaciones tan emocionantes como divertidas. Cada escena transporta al público a un mundo fascinante donde la curiosidad y el espíritu de aventura son los verdaderos protagonistas. Una obra llena de humor, fantasía y emoción, pensada para disfrutar en familia y dejarse sorprender por una historia que despierta la imaginación de pequeños y mayores.', 'others': {}, 'source': 'TodasLasEntradas', 'exec_time': '20260203T161612', 'session': '2026_02_03_15_59_Martes', 'image': 'https://eolstage.blob.core.windows.net/eol/475152%2Ff89580-WEB-2026-02-17---20.000-Leguas-de-vieje-submarino.jpg', 'url': 'https://www.todaslasentradas.com/par-public/rest/evento/id/7387285'}
-------------
10 / 11
Getting content
{'id': 'aab8724f', 'show': 1, 'in_city': 1, 'one_day': 1, 'wrong_date_time': 0, 'event': 'PERDIDO EN LOS 80 - MENUDA MOVIDA', 'id_venue': 'DgpfFbPt', 'venue': 'Teatro Cervantes Almería ', 'std_venue': 'Teatro Cervantes', 'start_date': '2026-03-01', 'start_time': '18:00:00', 'end_date': '2026-03-01', 'end_time': '__NOT_DEFINIED__', 'description': 'Los 80 no fueron una década, fueron una forma de vida. Una época donde la música lo era todo, las noches se alargaban sin WhatsApp y la pandilla de amigos era sagrada. Perdido en los 80 es un viaje desternillante a aquellos años en los que sobrevivíamos sin Google, los bares eran nuestro Instagram y el mayor reto tecnológico era programar el vídeo VHS sin que se comiera la cinta. Diego del Notario nos sumerge en las historias más míticas de la época: las batallitas de la mili, los ligues en la pista de baile con coreografías improvisadas, los colegas con los que compartíamos todo, y los pesados que siempre tenían la última palabra. Porque si algo teníamos claro en los...Leer más', 'others': {}, 'source': 'TodasLasEntradas', 'exec_time': '20260203T161612', 'session': '2026_02_03_15_59_Martes', 'image': 'https://eolstage.blob.core.windows.net/eol/475152%2F65ae2b-WEB-2026-03-01---Perdido-en-los-80.jpg', 'url': 'https://www.todaslasentradas.com/par-public/rest/evento/id/7376673'}
-------------
****************************
Saving 11 new events
Saving in  /home/ubuntu/data_storage/Almeria/2026_02_03_15_59_Martes/0_raw/20260203_1616_TodasLasEntradas.json
Saving 11 master url
Appending to  /home/ubuntu/data_storage/Almeria/00_master/master_url.json
***===*** SCRAPER DONE, RESTARTING SELENIUM ***===***
selenium
