
RUNNING VARS → 
        CITY=Almeria, 

        OPERATION=0,
            CREATE_SESSION=0,
            CLOSE_SESSION=0,
            SESSION=None,
            IMAGES=0,
            GET_SCRAPERS=

        SCRAPER=TodasLasEntradas
        DAG_RUN_URL=/dags/FisgonTaskSelenium/log?remoteNode=local&step=tarea_1&dagRunId=019d1fa8-380d-7d27-a78b-63e94647d793

Running for Almeria: TodasLasEntradas
TodasLasEntradas
RUNNING SESSION =  2026_03_24_11_37_Martes
Starting WebDriver...
http://localhost:4444/wd/hub
Getting content
*** SCRAPED 11 URLS WITH EVENTS **
New url events = 0
#######################
No new urls/events extracted. No new events to save
#######################
