
RUNNING VARS → 
        CITY=Almeria, 

        OPERATION=0,
            CREATE_SESSION=0,
            CLOSE_SESSION=0,
            SESSION=None,
            IMAGES=0,
            GET_SCRAPERS=

        SCRAPER=ClassicJazz
        DAG_RUN_URL=/dags/FisgonTaskSelenium/log?remoteNode=local&step=tarea_1&dagRunId=019d4af1-87c8-7ea9-9086-aa9e357a2fda

Running for Almeria: ClassicJazz
ClassicJazz
RUNNING SESSION =  2026_04_01_21_21_Miercoles
Starting WebDriver...
http://localhost:4444/wd/hub
*********************times =1
sleeping 7
Scrolling...
sleeping 1
Getting content
clicking
sleeping 3
sleeping 7
*********************times =2
sleeping 7
Scrolling...
sleeping 1
Getting content
clicking
sleeping 3
sleeping 7
*** SCRAPED 103 URLS WITH EVENTS **
New url events = 3
0 / 3
Getting https://clasijazz.com/evento/al-swing-y-al-cabo/
Sleep 4
2026-04-11T21:00:00 2026-04-11T23:30:00
--------------------
{'id': '4a6baa34', 'show': 1, 'in_city': 1, 'one_day': 1, 'wrong_date_time': 0, 'event': 'Al Swing Y Al Cabo', 'slug': 'al-swing-y-al-cabo', 'category': '__NOT_DEFINIED__', 'id_venue': 'Q6b6LRjT', 'venue': 'Sede Clasijazz', 'std_venue': 'Clasijazz', 'start_date': '2026-04-11', 'start_time': '21:00:00', 'end_date': '2026-04-11', 'end_time': '23:30:00', 'description': '', 'others': {'price': '__NOT_DEFINIED__', 'category': 'Programación', 'location_url': 'https://clasijazz.com/local/sede-clasijazz/', 'location': 'Maestro Serrano 9, Almería'}, 'source': 'ClassicJazz', 'exec_time': '20260401T212721', 'session': '2026_04_01_21_21_Miercoles', 'image': 'https://clasijazz.com/wp-content/uploads/2026/03/WhatsApp-Image-2026-03-30-at-22.27.58.jpeg', 'url': 'https://clasijazz.com/evento/al-swing-y-al-cabo/'}
1 / 3
Getting https://clasijazz.com/evento/club-de-lecturas-del-mundo-port-of-spain-5/
Sleep 4
2026-04-30T19:00:00 2026-04-30T21:00:00
--------------------
{'id': '373bbf25', 'show': 1, 'in_city': 1, 'one_day': 1, 'wrong_date_time': 0, 'event': 'Club De Lecturas Del Mundo Port of Spain', 'slug': 'club-de-lecturas-del-mundo-port-of-spain', 'category': '__NOT_DEFINIED__', 'id_venue': 'ddgm4gQP', 'venue': 'Port Of Spain', 'std_venue': 'Port Of Spain', 'start_date': '2026-04-30', 'start_time': '19:00:00', 'end_date': '2026-04-30', 'end_time': '21:00:00', 'description': 'Port of Spain | Entrada Libre Coincidiendo con la víspera del día internacional de las personas trabajadoras, comentaremos ¨La Habitación del escritor sueco Jonas Karlsson que, con una mirada cargada de humor de tintes surrealistas, penetra en el entorno laboral contemporáneo hasta llegar al meollo: un mundo hipertecnificado, competitivo, despersonalizado… Un ambiente degradado que fomenta la obediencia, el gregarismo y la banalidad. Así, con una lucidez sin concesiones, Karlsson imprime en la imaginación del lector una imagen inquietante de la cultura moderna, del día a día que nos afecta a todos. Sin duda, un libro radicalmente original.', 'others': {'price': '__NOT_DEFINIED__', 'category': 'Programación', 'location_url': 'https://clasijazz.com/local/port-of-spain/', 'location': 'Parque Nicolás Salmeron 20, Almería'}, 'source': 'ClassicJazz', 'exec_time': '20260401T212721', 'session': '2026_04_01_21_21_Miercoles', 'image': 'https://clasijazz.com/wp-content/uploads/2026/03/WhatsApp-Image-2026-03-30-at-17.55.41.jpeg', 'url': 'https://clasijazz.com/evento/club-de-lecturas-del-mundo-port-of-spain-5/'}
2 / 3
Getting https://clasijazz.com/evento/intercambio-de-idiomas-especial-estonia/
Sleep 4
2026-04-09T21:00:00 2026-04-09T23:00:00
--------------------
{'id': 'eb1d93e7', 'show': 1, 'in_city': 1, 'one_day': 1, 'wrong_date_time': 0, 'event': 'Intercambio De Idiomas – Edición Estonia', 'slug': 'intercambio-de-idiomas-edicion-estonia', 'category': '__NOT_DEFINIED__', 'id_venue': 'Q6b6LRjT', 'venue': 'Sede Clasijazz', 'std_venue': 'Clasijazz', 'start_date': '2026-04-09', 'start_time': '21:00:00', 'end_date': '2026-04-09', 'end_time': '23:00:00', 'description': 'Sala Industrial Clasijazz Entrada Libre ¡Disfrutad de una noche diferente de intercambio de idiomas! Venid a conocer más sobre un pequeño país al otro lado de Europa de la mano de una de nuestras voluntarias. Además de esta introducción a Estonia, como siempre, podréis practicar cualquier idioma, sin importar vuestro nivel. ¡Nos vemos allí! Enjoy a different night of language exchange! Come to learn more about the small country on the other side of Europe from one of our volunteers. Aside from the introduction to Estonia, as usual, you are welcome to practice any language, no matter your level. We hope to see you!', 'others': {'price': '__NOT_DEFINIED__', 'category': 'Programación', 'location_url': 'https://clasijazz.com/local/sede-clasijazz/', 'location': 'Maestro Serrano 9, Almería'}, 'source': 'ClassicJazz', 'exec_time': '20260401T212721', 'session': '2026_04_01_21_21_Miercoles', 'image': 'https://clasijazz.com/wp-content/uploads/2026/04/Cartel-A4-Intercambio-de-Idiomas-Noche-Griega.jpg', 'url': 'https://clasijazz.com/evento/intercambio-de-idiomas-especial-estonia/'}
****************************
Saving 3 new events
Saving in  /home/ubuntu/data_storage/Almeria/2026_04_01_21_21_Miercoles/0_raw/20260401_2127_ClassicJazz.json
Saving 3 master url
Appending to  /home/ubuntu/data_storage/Almeria/00_master/master_url.json
