
RUNNING VARS → 
        CITY=Almeria, 

        OPERATION=0,
            CREATE_SESSION=0,
            SESSION=None,
            IMAGES=0,

        SCRAPER=ConciertosClub
        DAG_RUN_URL=/dags/FisgonTaskRequest?dagRunId=019c22d5-1f3b-7794-b3e2-d30b550acb0b

Running for Almeria: ConciertosClub
ConciertosClub
RUNNING SESSION =  2026_02_02_15_32_Lunes
Getting https://conciertos.club/almeria
Sleep 1
*** SCRAPED 198 URLS WITH EVENTS **
New url events = 1
0 / 1
Getting https://conciertos.club/almeria/conciertos/113478-gato-ventura-tributo-a-extremoduro-y-robe
Sleep 4
--------------------
{'id': '805a89cc', 'show': 1, 'in_city': 0, 'one_day': 1, 'wrong_date_time': 0, 'event': 'Gato Ventura + Tributo a Extremoduro y Robe', 'id_venue': None, 'venue': 'The Time Club', 'std_venue': None, 'start_date': '2026-03-21', 'start_time': '23:30:00', 'end_date': '2026-03-21', 'end_time': '__NOT_DEFINIED__', 'description': '\nGato Ventura + Extremo, Homenaje a Extremoduro en El Ejido (Almería) ', 'others': {'category': 'Mestizaje', 'price': '13', 'place_url': 'https://conciertos.club/almeria/locales/the-time-club', 'town': 'El Ejido (Almería)'}, 'source': 'ConciertosClub', 'exec_time': '20260203T092839', 'session': '2026_02_02_15_32_Lunes', 'image': 'https://conciertos.club/doc/a/2021/a_gatoventura.jpg', 'url': 'https://conciertos.club/almeria/conciertos/113478-gato-ventura-tributo-a-extremoduro-y-robe'}
****************************
Saving 1 new events
Saving in  /home/ubuntu/data_storage/Almeria/2026_02_02_15_32_Lunes/0_raw/20260203_0928_ConciertosClub.json
Saving 1 master url
Appending to  /home/ubuntu/data_storage/Almeria/00_master/master_url.json
