
RUNNING VARS → 
        CITY=Almeria, 

        OPERATION=0,
            CREATE_SESSION=0,
            SESSION=None,
            IMAGES=0,

        SCRAPER=SalaEmma
        DAG_RUN_URL=/dags/FisgonTask?dagRunId=019c22d1-c158-72aa-a37e-32848a6c3585

Running for Almeria: SalaEmma
SalaEmma
RUNNING SESSION =  2026_02_02_15_32_Lunes
Starting WebDriver...
http://localhost:4444/wd/hub
sleeping 10
Getting content
--------------------
{'id': '7cea406c', 'show': 1, 'in_city': 1, 'one_day': 1, 'wrong_date_time': 0, 'event': '¡CORTEN! UNA COMEDIA DE CINE', 'id_venue': '7qHRF9LM', 'venue': 'Sala EMMA', 'std_venue': 'Sala Escuela Municipal de Música & Artes', 'start_date': '2026-04-25', 'start_time': '20:00:00', 'end_date': '__NOT_FOUND__', 'end_time': '__NOT_FOUND__', 'description': 'Sábado, 25 de Abril, 2026 8:00 PM  12.00 €', 'others': {}, 'source': 'SalaEmma', 'exec_time': '20260203T092458', 'session': '2026_02_02_15_32_Lunes', 'image': '__NOT_FOUND__', 'url': 'https://entradasemma.azurewebsites.net/'}
--------------------
{'id': 'c2da83d0', 'show': 1, 'in_city': 1, 'one_day': 1, 'wrong_date_time': 0, 'event': 'MANOLO LERA', 'id_venue': '7qHRF9LM', 'venue': 'Sala EMMA', 'std_venue': 'Sala Escuela Municipal de Música & Artes', 'start_date': '2026-04-11', 'start_time': '20:00:00', 'end_date': '__NOT_FOUND__', 'end_time': '__NOT_FOUND__', 'description': 'Sábado, 11 de Abril, 2026 8:00 PM  12.00 €', 'others': {}, 'source': 'SalaEmma', 'exec_time': '20260203T092458', 'session': '2026_02_02_15_32_Lunes', 'image': '__NOT_FOUND__', 'url': 'https://entradasemma.azurewebsites.net/'}
--------------------
{'id': '93193154', 'show': 1, 'in_city': 1, 'one_day': 1, 'wrong_date_time': 0, 'event': 'MELOCOTÓN EN ALMÍBAR', 'id_venue': '7qHRF9LM', 'venue': 'Sala EMMA', 'std_venue': 'Sala Escuela Municipal de Música & Artes', 'start_date': '2026-05-09', 'start_time': '20:00:00', 'end_date': '__NOT_FOUND__', 'end_time': '__NOT_FOUND__', 'description': 'Sábado, 9 de Mayo, 2026 8:00 PM  12.00 €', 'others': {}, 'source': 'SalaEmma', 'exec_time': '20260203T092458', 'session': '2026_02_02_15_32_Lunes', 'image': '__NOT_FOUND__', 'url': 'https://entradasemma.azurewebsites.net/'}
--------------------
{'id': '0b175a60', 'show': 1, 'in_city': 1, 'one_day': 1, 'wrong_date_time': 0, 'event': 'VICTOR CASTIGAO DESCONTROLAO', 'id_venue': '7qHRF9LM', 'venue': 'Sala EMMA', 'std_venue': 'Sala Escuela Municipal de Música & Artes', 'start_date': '2026-04-18', 'start_time': '20:00:00', 'end_date': '__NOT_FOUND__', 'end_time': '__NOT_FOUND__', 'description': 'Sábado, 18 de Abril, 2026 8:00 PM  12.00 €', 'others': {}, 'source': 'SalaEmma', 'exec_time': '20260203T092458', 'session': '2026_02_02_15_32_Lunes', 'image': '__NOT_FOUND__', 'url': 'https://entradasemma.azurewebsites.net/'}
--------------------
{'id': 'c9921769', 'show': 1, 'in_city': 1, 'one_day': 1, 'wrong_date_time': 0, 'event': 'PEPE EL CAJA', 'id_venue': '7qHRF9LM', 'venue': 'Sala EMMA', 'std_venue': 'Sala Escuela Municipal de Música & Artes', 'start_date': '2026-05-23', 'start_time': '20:00:00', 'end_date': '__NOT_FOUND__', 'end_time': '__NOT_FOUND__', 'description': 'Sábado, 23 de Mayo, 2026 8:00 PM  15.00 €', 'others': {}, 'source': 'SalaEmma', 'exec_time': '20260203T092458', 'session': '2026_02_02_15_32_Lunes', 'image': '__NOT_FOUND__', 'url': 'https://entradasemma.azurewebsites.net/'}
--------------------
{'id': 'af6045c9', 'show': 1, 'in_city': 1, 'one_day': 1, 'wrong_date_time': 0, 'event': '¡¡COMEDIA!!  ‘MALAS Y MALDECÍAS’', 'id_venue': '7qHRF9LM', 'venue': 'Sala EMMA', 'std_venue': 'Sala Escuela Municipal de Música & Artes', 'start_date': '2026-02-14', 'start_time': '20:00:00', 'end_date': '__NOT_FOUND__', 'end_time': '__NOT_FOUND__', 'description': 'Sábado, 14 de Febrero, 2026 8:00 PM  12.00 €', 'others': {}, 'source': 'SalaEmma', 'exec_time': '20260203T092458', 'session': '2026_02_02_15_32_Lunes', 'image': '__NOT_FOUND__', 'url': 'https://entradasemma.azurewebsites.net/'}
--------------------
{'id': 'd14f3d40', 'show': 1, 'in_city': 1, 'one_day': 1, 'wrong_date_time': 0, 'event': 'UNA DE IMPRO', 'id_venue': '7qHRF9LM', 'venue': 'Sala EMMA', 'std_venue': 'Sala Escuela Municipal de Música & Artes', 'start_date': '2026-02-05', 'start_time': '21:00:00', 'end_date': '__NOT_FOUND__', 'end_time': '__NOT_FOUND__', 'description': 'Jueves, 5 de Febrero, 2026 9:00 PM  10.00 € Anticipada: 8.00 € hasta el Miércoles, 4 de Febrero, 2026', 'others': {}, 'source': 'SalaEmma', 'exec_time': '20260203T092458', 'session': '2026_02_02_15_32_Lunes', 'image': '__NOT_FOUND__', 'url': 'https://entradasemma.azurewebsites.net/'}
--------------------
{'id': 'dfefaa42', 'show': 1, 'in_city': 1, 'one_day': 1, 'wrong_date_time': 0, 'event': 'CHRISTIAN GARCIA (10 AÑOS DANDO GUERRA)', 'id_venue': '7qHRF9LM', 'venue': 'Sala EMMA', 'std_venue': 'Sala Escuela Municipal de Música & Artes', 'start_date': '2026-03-14', 'start_time': '20:00:00', 'end_date': '__NOT_FOUND__', 'end_time': '__NOT_FOUND__', 'description': 'Sábado, 14 de Marzo, 2026 8:00 PM  15.00 €', 'others': {}, 'source': 'SalaEmma', 'exec_time': '20260203T092458', 'session': '2026_02_02_15_32_Lunes', 'image': '__NOT_FOUND__', 'url': 'https://entradasemma.azurewebsites.net/'}
--------------------
{'id': '63d09d47', 'show': 1, 'in_city': 1, 'one_day': 1, 'wrong_date_time': 0, 'event': ' Kikín Fernández y Fernando Labordeta ', 'id_venue': '7qHRF9LM', 'venue': 'Sala EMMA', 'std_venue': 'Sala Escuela Municipal de Música & Artes', 'start_date': '2026-05-16', 'start_time': '20:00:00', 'end_date': '__NOT_FOUND__', 'end_time': '__NOT_FOUND__', 'description': 'Sábado, 16 de Mayo, 2026 8:00 PM  12.00 €', 'others': {}, 'source': 'SalaEmma', 'exec_time': '20260203T092458', 'session': '2026_02_02_15_32_Lunes', 'image': '__NOT_FOUND__', 'url': 'https://entradasemma.azurewebsites.net/'}
--------------------
{'id': '97de87b5', 'show': 1, 'in_city': 1, 'one_day': 1, 'wrong_date_time': 0, 'event': 'EDÉN SERRANO el show', 'id_venue': '7qHRF9LM', 'venue': 'Sala EMMA', 'std_venue': 'Sala Escuela Municipal de Música & Artes', 'start_date': '2026-03-06', 'start_time': '20:00:00', 'end_date': '__NOT_FOUND__', 'end_time': '__NOT_FOUND__', 'description': 'Viernes, 6 de Marzo, 2026 8:00 PM  12.00 €', 'others': {}, 'source': 'SalaEmma', 'exec_time': '20260203T092458', 'session': '2026_02_02_15_32_Lunes', 'image': '__NOT_FOUND__', 'url': 'https://entradasemma.azurewebsites.net/'}
--------------------
{'id': '79feb018', 'show': 1, 'in_city': 1, 'one_day': 1, 'wrong_date_time': 0, 'event': 'ALEX SALABERRI 100% RISAS', 'id_venue': '7qHRF9LM', 'venue': 'Sala EMMA', 'std_venue': 'Sala Escuela Municipal de Música & Artes', 'start_date': '2026-02-07', 'start_time': '20:00:00', 'end_date': '__NOT_FOUND__', 'end_time': '__NOT_FOUND__', 'description': 'Sábado, 7 de Febrero, 2026 8:00 PM  14.00 €', 'others': {}, 'source': 'SalaEmma', 'exec_time': '20260203T092458', 'session': '2026_02_02_15_32_Lunes', 'image': '__NOT_FOUND__', 'url': 'https://entradasemma.azurewebsites.net/'}
--------------------
{'id': '195e0421', 'show': 1, 'in_city': 1, 'one_day': 1, 'wrong_date_time': 0, 'event': 'HUMOR DE CASADOS (MARIANO YPUNTO Y LA NENA)', 'id_venue': '7qHRF9LM', 'venue': 'Sala EMMA', 'std_venue': 'Sala Escuela Municipal de Música & Artes', 'start_date': '2026-06-13', 'start_time': '20:00:00', 'end_date': '__NOT_FOUND__', 'end_time': '__NOT_FOUND__', 'description': 'Sábado, 13 de Junio, 2026 8:00 PM  15.00 €', 'others': {}, 'source': 'SalaEmma', 'exec_time': '20260203T092458', 'session': '2026_02_02_15_32_Lunes', 'image': '__NOT_FOUND__', 'url': 'https://entradasemma.azurewebsites.net/'}
--------------------
{'id': '1f0f82d9', 'show': 1, 'in_city': 1, 'one_day': 1, 'wrong_date_time': 0, 'event': '¡COMEDIA!  “MALAS  Y MALDECÍAS TOCATA Y FUGA”', 'id_venue': '7qHRF9LM', 'venue': 'Sala EMMA', 'std_venue': 'Sala Escuela Municipal de Música & Artes', 'start_date': '2026-03-07', 'start_time': '20:00:00', 'end_date': '__NOT_FOUND__', 'end_time': '__NOT_FOUND__', 'description': 'Sábado, 7 de Marzo, 2026 8:00 PM  12.00 €', 'others': {}, 'source': 'SalaEmma', 'exec_time': '20260203T092458', 'session': '2026_02_02_15_32_Lunes', 'image': '__NOT_FOUND__', 'url': 'https://entradasemma.azurewebsites.net/'}
Checking unique event dict.
Reading /home/ubuntu/data_storage/Almeria/00_master/master_events.json...
*******
[]
('¡CORTEN! UNA COMEDIA DE CINE', 'Sala EMMA', '2026-04-25', '20:00:00')
('MANOLO LERA', 'Sala EMMA', '2026-04-11', '20:00:00')
('MELOCOTÓN EN ALMÍBAR', 'Sala EMMA', '2026-05-09', '20:00:00')
('VICTOR CASTIGAO DESCONTROLAO', 'Sala EMMA', '2026-04-18', '20:00:00')
('PEPE EL CAJA', 'Sala EMMA', '2026-05-23', '20:00:00')
('¡¡COMEDIA!!  ‘MALAS Y MALDECÍAS’', 'Sala EMMA', '2026-02-14', '20:00:00')
('UNA DE IMPRO', 'Sala EMMA', '2026-02-05', '21:00:00')
('CHRISTIAN GARCIA (10 AÑOS DANDO GUERRA)', 'Sala EMMA', '2026-03-14', '20:00:00')
(' Kikín Fernández y Fernando Labordeta ', 'Sala EMMA', '2026-05-16', '20:00:00')
('EDÉN SERRANO el show', 'Sala EMMA', '2026-03-06', '20:00:00')
('ALEX SALABERRI 100% RISAS', 'Sala EMMA', '2026-02-07', '20:00:00')
('HUMOR DE CASADOS (MARIANO YPUNTO Y LA NENA)', 'Sala EMMA', '2026-06-13', '20:00:00')
('¡COMEDIA!  “MALAS  Y MALDECÍAS TOCATA Y FUGA”', 'Sala EMMA', '2026-03-07', '20:00:00')
****************************
Saving 13 new events
Saving in  /home/ubuntu/data_storage/Almeria/2026_02_02_15_32_Lunes/0_raw/20260203_0924_SalaEmma.json
Saving 13 master url
Appending to  /home/ubuntu/data_storage/Almeria/00_master/master_url.json
***===*** SCRAPER DONE, RESTARTING SELENIUM ***===***
selenium
