time=2026-03-22T10:51:12.227Z level=INFO msg="Executing root dag-run" dag=FisgonTaskRequest run-id=019d152b-99e1-776f-a37f-857349c43812 params=""
time=2026-03-22T10:51:12.240Z level=INFO msg="DAG run started" name=FisgonTaskRequest run-id=019d152b-99e1-776f-a37f-857349c43812 attempt-id="" dag=FisgonTaskRequest run-id=019d152b-99e1-776f-a37f-857349c43812 params="[TARGET_CITY=Almeria TARGET_SCRAPER=KuverProducciones 3=DAGU_BASE_URL=]"
time=2026-03-22T10:51:12.243Z level=INFO msg="Step started" name=FisgonTaskRequest run-id=019d152b-99e1-776f-a37f-857349c43812 attempt-id="" dag=FisgonTaskRequest run-id=019d152b-99e1-776f-a37f-857349c43812 step=tarea_1
time=2026-03-22T10:51:18.083Z level=INFO msg="DAG run finished" name=FisgonTaskRequest run-id=019d152b-99e1-776f-a37f-857349c43812 attempt-id="" dag=FisgonTaskRequest run-id=019d152b-99e1-776f-a37f-857349c43812 status=succeeded started-at=2026-03-22T10:51:12Z finished-at=2026-03-22T10:51:18Z
time=2026-03-22T10:51:18.119Z level=INFO msg="Executing root dag-run" dag=FisgonTaskRequest run-id=019d152b-b0e5-7c71-98e3-5dc33329eaa6 params=""
time=2026-03-22T10:51:18.132Z level=INFO msg="DAG run started" name=FisgonTaskRequest run-id=019d152b-b0e5-7c71-98e3-5dc33329eaa6 attempt-id="" dag=FisgonTaskRequest run-id=019d152b-b0e5-7c71-98e3-5dc33329eaa6 params="[TARGET_CITY=Almeria TARGET_SCRAPER=SalaBerlin 3=DAGU_BASE_URL=]"
time=2026-03-22T10:51:18.136Z level=INFO msg="Step started" name=FisgonTaskRequest run-id=019d152b-b0e5-7c71-98e3-5dc33329eaa6 attempt-id="" dag=FisgonTaskRequest run-id=019d152b-b0e5-7c71-98e3-5dc33329eaa6 step=tarea_1
time=2026-03-22T10:51:25.775Z level=INFO msg="DAG run finished" name=FisgonTaskRequest run-id=019d152b-b0e5-7c71-98e3-5dc33329eaa6 attempt-id="" dag=FisgonTaskRequest run-id=019d152b-b0e5-7c71-98e3-5dc33329eaa6 status=succeeded started-at=2026-03-22T10:51:18Z finished-at=2026-03-22T10:51:25Z
time=2026-03-22T10:51:25.813Z level=INFO msg="Executing root dag-run" dag=FisgonTaskRequest run-id=019d152b-cef3-7876-b212-abeb96b2496f params=""
time=2026-03-22T10:51:25.826Z level=INFO msg="DAG run started" name=FisgonTaskRequest run-id=019d152b-cef3-7876-b212-abeb96b2496f attempt-id="" dag=FisgonTaskRequest run-id=019d152b-cef3-7876-b212-abeb96b2496f params="[TARGET_CITY=Almeria TARGET_SCRAPER=LaGuajira 3=DAGU_BASE_URL=]"
time=2026-03-22T10:51:25.829Z level=INFO msg="Step started" name=FisgonTaskRequest run-id=019d152b-cef3-7876-b212-abeb96b2496f attempt-id="" dag=FisgonTaskRequest run-id=019d152b-cef3-7876-b212-abeb96b2496f step=tarea_1
time=2026-03-22T10:52:29.330Z level=INFO msg="DAG run finished" name=FisgonTaskRequest run-id=019d152b-cef3-7876-b212-abeb96b2496f attempt-id="" dag=FisgonTaskRequest run-id=019d152b-cef3-7876-b212-abeb96b2496f status=succeeded started-at=2026-03-22T10:51:25Z finished-at=2026-03-22T10:52:29Z
time=2026-03-22T10:52:29.369Z level=INFO msg="Executing root dag-run" dag=FisgonTaskRequest run-id=019d152c-c737-7ae1-8e94-a8e07afc0893 params=""
time=2026-03-22T10:52:29.382Z level=INFO msg="DAG run started" name=FisgonTaskRequest run-id=019d152c-c737-7ae1-8e94-a8e07afc0893 attempt-id="" dag=FisgonTaskRequest run-id=019d152c-c737-7ae1-8e94-a8e07afc0893 params="[TARGET_CITY=Almeria TARGET_SCRAPER=ConciertosClub 3=DAGU_BASE_URL=]"
time=2026-03-22T10:52:29.385Z level=INFO msg="Step started" name=FisgonTaskRequest run-id=019d152c-c737-7ae1-8e94-a8e07afc0893 attempt-id="" dag=FisgonTaskRequest run-id=019d152c-c737-7ae1-8e94-a8e07afc0893 step=tarea_1
time=2026-03-22T10:52:40.959Z level=INFO msg="DAG run finished" name=FisgonTaskRequest run-id=019d152c-c737-7ae1-8e94-a8e07afc0893 attempt-id="" dag=FisgonTaskRequest run-id=019d152c-c737-7ae1-8e94-a8e07afc0893 status=succeeded started-at=2026-03-22T10:52:29Z finished-at=2026-03-22T10:52:40Z
time=2026-03-22T10:52:40.998Z level=INFO msg="Executing root dag-run" dag=FisgonTaskRequest run-id=019d152c-f4a3-751e-ad1e-915414ea0622 params=""
time=2026-03-22T10:52:41.012Z level=INFO msg="DAG run started" name=FisgonTaskRequest run-id=019d152c-f4a3-751e-ad1e-915414ea0622 attempt-id="" dag=FisgonTaskRequest run-id=019d152c-f4a3-751e-ad1e-915414ea0622 params="[TARGET_CITY=Almeria TARGET_SCRAPER=JacksonLive 3=DAGU_BASE_URL=]"
time=2026-03-22T10:52:41.015Z level=INFO msg="Step started" name=FisgonTaskRequest run-id=019d152c-f4a3-751e-ad1e-915414ea0622 attempt-id="" dag=FisgonTaskRequest run-id=019d152c-f4a3-751e-ad1e-915414ea0622 step=tarea_1
time=2026-03-22T10:52:43.391Z level=INFO msg="DAG run finished" name=FisgonTaskRequest run-id=019d152c-f4a3-751e-ad1e-915414ea0622 attempt-id="" dag=FisgonTaskRequest run-id=019d152c-f4a3-751e-ad1e-915414ea0622 status=succeeded started-at=2026-03-22T10:52:41Z finished-at=2026-03-22T10:52:43Z
time=2026-03-22T10:52:43.435Z level=INFO msg="Executing root dag-run" dag=FisgonTaskRequest run-id=019d152c-fe29-7177-9e5e-276520df2257 params=""
time=2026-03-22T10:52:43.448Z level=INFO msg="DAG run started" name=FisgonTaskRequest run-id=019d152c-fe29-7177-9e5e-276520df2257 attempt-id="" dag=FisgonTaskRequest run-id=019d152c-fe29-7177-9e5e-276520df2257 params="[TARGET_CITY=Almeria TARGET_SCRAPER=BibliotecaAgenda 3=DAGU_BASE_URL=]"
time=2026-03-22T10:52:43.451Z level=INFO msg="Step started" name=FisgonTaskRequest run-id=019d152c-fe29-7177-9e5e-276520df2257 attempt-id="" dag=FisgonTaskRequest run-id=019d152c-fe29-7177-9e5e-276520df2257 step=tarea_1
time=2026-03-22T10:53:20.856Z level=INFO msg="DAG run finished" name=FisgonTaskRequest run-id=019d152c-fe29-7177-9e5e-276520df2257 attempt-id="" dag=FisgonTaskRequest run-id=019d152c-fe29-7177-9e5e-276520df2257 status=succeeded started-at=2026-03-22T10:52:43Z finished-at=2026-03-22T10:53:20Z
