Launching scraper: AlmeriaCiudad
Succeeded - 2026-03-22T10:53:20Z

dag: FisgonTaskSelenium (38.0s)
│
└─tarea_1 (38.0s) [succeeded]
  ├─bash -lc 'set -eo pipefail; export DOCKER_CONFIG=/tmp/.docker HOME=/tmp;
  │   SELENIUM_NAME="selenium_${DAG_RUN_ID:-$$}_$(date +%s)"; cleanup() {
  │   docker rm -f "$SELENIUM_NAME" >/dev/null 2>&1 || true; }; trap cleanup
  │   EXIT; docker run -d --rm --name "$SELENIUM_NAME" --shm-size=2g -e
  │   SE_NODE_MAX_SESSIONS=1 -e SE_NODE_OVERRIDE_MAX_SESSIONS=true
  │   selenium/standalone-chrome:latest >/dev/null; docker exec
  │   "$SELENIUM_NAME" bash -c "for i in \$(seq 1 60); do (echo >
  │   /dev/tcp/127.0.0.1/4444) >/dev/null 2>&1 && exit 0; sleep 1; done; exit
  │   1"; docker run --rm --network container:"$SELENIUM_NAME" -v
  │   /home/ubuntu/work/fisgon:/app -v
  │   /home/ubuntu/data_storage:/home/ubuntu/data_storage -v
  │   /home/ubuntu/work/event_flask_app/static/img:/home/ubuntu/work/event_fla
  │   sk_app/static/img -w /app -e OPERATION=0 -e DOCKER_CONFIG=/tmp/.docker
  │   -e HOME=/tmp -e TARGET_CITY -e TARGET_SCRAPER -e
  │   DAG_RUN_URL="${DAGU_BASE_URL:-}/dags/${DAG_NAME}?dagRunId=${DAG_RUN_ID}"
  │   -e
  │   DAG_RUN_LOG_URL="${DAGU_BASE_URL:-}/dags/${DAG_NAME}/log?remoteNode=loca
  │   l&step=tarea_1&dagRunId=${DAG_RUN_ID}" fisgon_scraper:1.0'
  │
  └─stdout:
      RUNNING VARS →
      CITY=Almeria,
      OPERATION=0,
      CREATE_SESSION=0,
      CLOSE_SESSION=0,
      SESSION=None,
      IMAGES=0,
      GET_SCRAPERS=
      SCRAPER=AlmeriaCiudad
      DAG_RUN_URL=/dags/FisgonTaskSelenium/log?remoteNode=local&step=tarea_1&dag
      RunId=019d152d-9090-77cf-92ed-61882fea8704
      Running for Almeria: AlmeriaCiudad
      AlmeriaCiudad
      RUNNING SESSION =  2026_03_22_10_51_Domingo
      Starting WebDriver...
      http://localhost:4444/wd/hub
      sleeping 5
      Getting content
      page = 0
      -----------https://almeriaciudad.es/cultura/agenda?page=0---------------
      len 12
      sleeping 5
      Getting content
      page = 1
      -----------https://almeriaciudad.es/cultura/agenda?page=1---------------
      len 12
      sleeping 5
      Getting content
      page = 2
      -----------https://almeriaciudad.es/cultura/agenda?page=2---------------
      len 6
      sleeping 5
      Getting content
      page = 3
      -----------https://almeriaciudad.es/cultura/agenda?page=3---------------
      len 0
      *** SCRAPED 30 URLS WITH EVENTS **
      New url events = 0
      #######################
      No new urls/events extracted. No new events to save
      #######################

Result: Succeeded

Launching scraper: AlmeriaTurismo
Succeeded - 2026-03-22T10:53:58Z

dag: FisgonTaskSelenium (39.0s)
│
└─tarea_1 (39.0s) [succeeded]
  ├─bash -lc 'set -eo pipefail; export DOCKER_CONFIG=/tmp/.docker HOME=/tmp;
  │   SELENIUM_NAME="selenium_${DAG_RUN_ID:-$$}_$(date +%s)"; cleanup() {
  │   docker rm -f "$SELENIUM_NAME" >/dev/null 2>&1 || true; }; trap cleanup
  │   EXIT; docker run -d --rm --name "$SELENIUM_NAME" --shm-size=2g -e
  │   SE_NODE_MAX_SESSIONS=1 -e SE_NODE_OVERRIDE_MAX_SESSIONS=true
  │   selenium/standalone-chrome:latest >/dev/null; docker exec
  │   "$SELENIUM_NAME" bash -c "for i in \$(seq 1 60); do (echo >
  │   /dev/tcp/127.0.0.1/4444) >/dev/null 2>&1 && exit 0; sleep 1; done; exit
  │   1"; docker run --rm --network container:"$SELENIUM_NAME" -v
  │   /home/ubuntu/work/fisgon:/app -v
  │   /home/ubuntu/data_storage:/home/ubuntu/data_storage -v
  │   /home/ubuntu/work/event_flask_app/static/img:/home/ubuntu/work/event_fla
  │   sk_app/static/img -w /app -e OPERATION=0 -e DOCKER_CONFIG=/tmp/.docker
  │   -e HOME=/tmp -e TARGET_CITY -e TARGET_SCRAPER -e
  │   DAG_RUN_URL="${DAGU_BASE_URL:-}/dags/${DAG_NAME}?dagRunId=${DAG_RUN_ID}"
  │   -e
  │   DAG_RUN_LOG_URL="${DAGU_BASE_URL:-}/dags/${DAG_NAME}/log?remoteNode=loca
  │   l&step=tarea_1&dagRunId=${DAG_RUN_ID}" fisgon_scraper:1.0'
  │
  └─stdout: ... (477 more lines)
      {'id': '1dfa2682', 'show': 1, 'in_city': 1, 'one_day': 1,
      'wrong_date_time': 0, 'event': 'Laura Gallego: La Última Folclórica',
      'slug': 'laura-gallego-la-ultima-folclorica', 'category':
      '__NOT_DEFINIED__', 'id_venue': None, 'venue': '__NOT_FOUND__',
      'std_venue': None, 'start_date': '2026-04-18', 'start_time': '20:30:00',
      'end_date': '2026-04-18', 'end_time': '21:30:00', 'description':
      'Concierto de Laura Gallego, la última folclórica, en el Auditorio
      Municipal Maestro Padilla de Almería.', 'others': {'category': 'Concierto
      en Almería', 'hour': '(Sábado) 20:30 pm - 21:30 pm', 'startDate':
      '2026-4-18T20:30+2:00', 'endDate': '2026-4-18T21:30+2:00',
      'duration_days': 0, 'location': '__NOT_FOUND__'}, 'source':
      'AlmeriaTurismo', 'exec_time': '20260322T105405', 'session':
      '2026_03_22_10_51_Domingo', 'image':
      'https://www.turismodealmeria.org/wp-content/uploads/2026/02/Laura-Gallego
      -La-ultima-folclorica.jpg', 'url':
      'https://www.turismodealmeria.org/evento/laura-gallego-la-ultima-folcloric
      a/'}
      --------------------
      {'id': '0ead555e', 'show': 1, 'in_city': 1, 'one_day': 1,
      'wrong_date_time': 0, 'event': 'BARRY B - Infancia Mal Calibrada', 'slug':
      'barry-b-infancia-mal-calibrada', 'category': '__NOT_DEFINIED__',
      'id_venue': 'NmPqTrh6', 'venue': 'Berlin Social Club', 'std_venue':
      'Berlin Social Club', 'start_date': '2026-04-18', 'start_time':
      '20:30:00', 'end_date': '2026-04-18', 'end_time': '22:30:00',
      'description': 'Barry B presenta su gira “Infancia Mal Calibrada”, con
      la que recorrerá más de 20 ciudades del país y pondrá rumbo por
      primera vez a México. El tour viene impulsado por su nuevo EP, disponible
      desde el 26 de septiembre, que abre una nueva etapa en la carrera del
      artista, después de haber conquistado los principales escenarios y haber
      crecido exponencialmente durante los últimos meses. Tras el éxito de su
      primer disco Chato, que lo consolidó como una de las voces
      imprescindibles del panorama, Barry B regresa con canciones cargadas de
      guitarras, estribillos demoledores y la crudeza que caracteriza sus letras
      y que ya son marca de la casa.', 'others': {'category': 'Berlin Social
      Club, Almería', 'hour': '__NOT_FOUND__', 'startDate':
      '2026-4-18T20:30+2:00', 'endDate': '2026-4-18T22:30+2:00',
      'duration_days': 0, 'location': 'Parque de Nicolás Salmerón, 9, Bajo 2,
      04001 Almería'}, 'source': 'AlmeriaTurismo', 'exec_time':
      '20260322T105405', 'session': '2026_03_22_10_51_Domingo', 'image':
      'https://www.turismodealmeria.org/wp-content/uploads/2026/02/bbb.jpg',
      'url':
      'https://www.turismodealmeria.org/evento/barry-b-infancia-mal-calibrada/'}
      --------------------
      {'id': '1d971c7c', 'show': 1, 'in_city': 1, 'one_day': 1,
      'wrong_date_time': 0, 'event': "El Selu Presenta 'Universo Cádi'",
      'slug': 'el-selu-presenta-universo-cadi', 'category': '__NOT_DEFINIED__',
      'id_venue': 'DgpfFbPt', 'venue': 'Teatro Cervantes', 'std_venue': 'Teatro
      Cervantes', 'start_date': '2026-04-18', 'start_time': '21:30:00',
      'end_date': '2026-04-18', 'end_time': '23:30:00', 'description': 'El Selu
      presenta ‘Universo Cádi’, un espectáculo de la reconocida chirigota
      de El Selu. Un viaje cómico y musical al particular universo gaditano,
      lleno de sátira, humor y talento carnavalesco. Una cita imprescindible
      para los amantes del carnaval y del buen humor, que tendrá lugar el 18 de
      abril a las 21:30h en el Teatro Cervantes de Almería.', 'others':
      {'category': 'Teatro Cervantes - 18 de abril a las 21:30h', 'hour':
      '__NOT_FOUND__', 'startDate': '2026-4-18T21:30+2:00', 'endDate':
      '2026-4-18T23:30+2:00', 'duration_days': 0, 'location': 'Calle Poeta
      Villaespesa, 1, 04001 Almería'}, 'source': 'AlmeriaTurismo', 'exec_time':
      '20260322T105405', 'session': '2026_03_22_10_51_Domingo', 'image':
      'https://www.turismodealmeria.org/wp-content/uploads/2026/02/Universo-Cadi
      z-Chirigota-de-El-Selu.jpg', 'url':
      'https://www.turismodealmeria.org/evento/el-selu-presenta-universo-cadi/'}
      --------------------
      {'id': '3ac61299', 'show': 1, 'in_city': 1, 'one_day': 1,
      'wrong_date_time': 1, 'event': 'UD Almería vs Málaga CF', 'slug':
      'ud-almeria-vs-malaga-cf', 'category': '__NOT_DEFINIED__', 'id_venue':
      '34nM8jpg', 'venue': 'UD Almería Stadium', 'std_venue': 'Estadio de los
      Juegos Mediterráneos', 'start_date': '2026-04-19', 'start_time':
      '__NOT_FOUND__', 'end_date': '2026-04-19', 'end_time': '__NOT_FOUND__',
      'description': 'Partido de fútbol entre UD Almería y Málaga CF.',
      'others': {'category': 'Domingo, 19 de abril', 'hour': '__NOT_FOUND__',
      'startDate': '2026-4-19', 'endDate': '2026-4-19', 'duration_days': 0,
      'location': 'C. Alcalde Santiago Martínez Cabrejas, 5, 04007 Almería'},
      'source': 'AlmeriaTurismo', 'exec_time': '20260322T105405', 'session':
      '2026_03_22_10_51_Domingo', 'image':
      'https://www.turismodealmeria.org/wp-content/uploads/2026/02/UD-Almeria-vs
      -Malaga-CF.jpg', 'url':
      'https://www.turismodealmeria.org/evento/ud-almeria-vs-malaga-cf/'}
      --------------------
      {'id': 'e70d770d', 'show': 1, 'in_city': 1, 'one_day': 1,
      'wrong_date_time': 0, 'event': 'Yo Sobreviví a La EGB - Jordi Merca',
      'slug': 'yo-sobrevivi-a-la-egb-jordi-merca', 'category':
      '__NOT_DEFINIED__', 'id_venue': 'DgpfFbPt', 'venue': 'Teatro Cervantes',
      'std_venue': 'Teatro Cervantes', 'start_date': '2026-04-19', 'start_time':
      '19:00:00', 'end_date': '2026-04-19', 'end_time': '21:00:00',
      'description': 'Disfruta del espectáculo de humor ‘Yo sobreviví a la
      EGB’ con Jordi Merca en el Teatro Cervantes. Un viaje nostálgico lleno
      de risas que revive la época escolar con música en directo. La cita es
      el domingo 19 de abril de 2026 a las 19:00 h. Las entradas están
      disponibles en la taquilla del teatro de lunes a viernes de 10:00 a 13:00
      h y de 17:00 a 19:00 h, y los sábados de 11:00 a 13:00 h, además de una
      hora antes del espectáculo. Precio: 15€.', 'others': {'category':
      'Teatro Cervantes, 19 de abril de 2026 - 19:00 h', 'hour':
      '__NOT_FOUND__', 'startDate': '2026-4-19T19:00+2:00', 'endDate':
      '2026-4-19T21:00+2:00', 'duration_days': 0, 'location': 'Calle Poeta
      Villaespesa, 1, 04001 Almería'}, 'source': 'AlmeriaTurismo', 'exec_time':
      '20260322T105405', 'session': '2026_03_22_10_51_Domingo', 'image':
      'https://www.turismodealmeria.org/wp-content/uploads/2026/02/sobreviviegb.
      jpg', 'url':
      'https://www.turismodealmeria.org/evento/yo-sobrevivi-a-la-egb-jordi-merca
      /'}
      --------------------
      {'id': '1d472b54', 'show': 1, 'in_city': 1, 'one_day': 1,
      'wrong_date_time': 0, 'event': 'Paisajes Musicales De América Latina',
      'slug': 'paisajes-musicales-de-america-latina', 'category':
      '__NOT_DEFINIED__', 'id_venue': None, 'venue': '__NOT_FOUND__',
      'std_venue': None, 'start_date': '2026-04-19', 'start_time': '19:00:00',
      'end_date': '2026-04-19', 'end_time': '21:00:00', 'description':
      'Concierto de UAL Music Youth dirigido por el invitado Juan Irianni en el
      Paraninfo de la Universidad de Almería.', 'others': {'category':
      'Concierto de UAL Music Youth', 'hour': '__NOT_FOUND__', 'startDate':
      '2026-4-19T19:00+2:00', 'endDate': '2026-4-19T21:00+2:00',
      'duration_days': 0, 'location': '__NOT_FOUND__'}, 'source':
      'AlmeriaTurismo', 'exec_time': '20260322T105405', 'session':
      '2026_03_22_10_51_Domingo', 'image':
      'https://www.turismodealmeria.org/wp-content/uploads/2026/02/Paisajes-musi
      cales-de-America-Latina.jpg', 'url':
      'https://www.turismodealmeria.org/evento/paisajes-musicales-de-america-lat
      ina/'}
      --------------------
      {'id': 'e5b387d8', 'show': 1, 'in_city': 1, 'one_day': 1,
      'wrong_date_time': 0, 'event': 'Presentación De El Último Paraíso',
      'slug': 'presentacion-de-el-ultimo-paraiso', 'category':
      '__NOT_DEFINIED__', 'id_venue': 'J8tbTLH7', 'venue': 'Librería Picasso',
      'std_venue': 'Librería Picasso', 'start_date': '2026-04-21',
      'start_time': '19:00:00', 'end_date': '2026-04-21', 'end_time':
      '20:00:00', 'description': 'Acompañado por José Luis Martínez Vidal,
      Catedrático de la Ual. Fecha: Martes 21 de abril, 19:00 h. Lugar:
      Librerías Picasso, c/Reyes Católicos, 18, Almería.', 'others':
      {'category': 'José Jaime Capel Molina', 'hour': '__NOT_FOUND__',
      'startDate': '2026-4-21T19:00+2:00', 'endDate': '2026-4-21T20:00+2:00',
      'duration_days': 0, 'location': 'Calle Reyes Católicos, 18, 04001
      Almería'}, 'source': 'AlmeriaTurismo', 'exec_time': '20260322T105405',
      'session': '2026_03_22_10_51_Domingo', 'image':
      'https://www.turismodealmeria.org/wp-content/uploads/2026/03/Presentacion-
      de-El-Ultimo-Paraiso.jpg', 'url':
      'https://www.turismodealmeria.org/evento/presentacion-de-el-ultimo-paraiso
      /'}
      --------------------
      {'id': 'bfa33e1c', 'show': 1, 'in_city': 1, 'one_day': 1,
      'wrong_date_time': 0, 'event': 'II Show Literario: Entre Libros Y Risas',
      'slug': 'ii-show-literario-entre-libros-y-risas', 'category':
      '__NOT_DEFINIED__', 'id_venue': 'Q6b6LRjT', 'venue': 'Clasijazz',
      'std_venue': 'Clasijazz', 'start_date': '2026-04-22', 'start_time':
      '20:00:00', 'end_date': '2026-04-22', 'end_time': '21:00:00',
      'description': 'Únete al II Show Literario ‘Entre Libros y Risas’
      donde se realizará la entrega de premios del segundo certamen literario.
      Nos acompañarán escritores almerienses de ayer y hoy. Habrá un stand de
      librería colaborador.', 'others': {'category': 'Entrega de premios y
      escritores almerienses', 'hour': '__NOT_FOUND__', 'startDate':
      '2026-4-22T20:00+2:00', 'endDate': '2026-4-22T21:00+2:00',
      'duration_days': 0, 'location': 'C. Maestro Serrano, 9, 04004 Almería'},
      'source': 'AlmeriaTurismo', 'exec_time': '20260322T105405', 'session':
      '2026_03_22_10_51_Domingo', 'image':
      'https://www.turismodealmeria.org/wp-content/uploads/2026/03/II-Show-Liter
      ario-Entre-Libros-y-Risas.jpg', 'url':
      'https://www.turismodealmeria.org/evento/ii-show-literario-entre-libros-y-
      risas/'}
      --------------------
      {'id': '8370060c', 'show': 1, 'in_city': 1, 'one_day': 1,
      'wrong_date_time': 0, 'event': 'Sentimental Value', 'slug':
      'sentimental-value', 'category': '__NOT_DEFINIED__', 'id_venue':
      'tQfq78jF', 'venue': 'Teatro Apolo', 'std_venue': 'Teatro Apolo',
      'start_date': '2026-04-22', 'start_time': '20:00:00', 'end_date':
      '2026-04-22', 'end_time': '22:00:00', 'description': 'Las hermanas Nora y
      Agnes se reencuentran con su distanciado padre, el carismático Gustav, un
      antiguo director de renombre que le ofrece a su hija Nora, actriz de
      teatro, un papel en su próxima película. Nora lo rechaza y pronto
      descubre que le ha dado su papel a una joven y entusiasta estrella de
      Hollywood. De repente, las dos hermanas deben sortear su complicada
      relación con su padre y lidiar con una estrella estadounidense que se
      encuentra en medio de su compleja dinámica familiar.. Duración:. 2 horas
      15 mins', 'others': {'category': 'Teatro Apolo Almería', 'hour':
      '__NOT_FOUND__', 'startDate': '2026-4-22T20:00+2:00', 'endDate':
      '2026-4-22T22:00+2:00', 'duration_days': 0, 'location': 'Rambla Obispo
      Orbera, 25,04001 Almería'}, 'source': 'AlmeriaTurismo', 'exec_time':
      '20260322T105405', 'session': '2026_03_22_10_51_Domingo', 'image':
      'https://www.turismodealmeria.org/wp-content/uploads/2026/02/Captura-de-pa
      ntalla-2026-02-24-134540.jpg', 'url':
      'https://www.turismodealmeria.org/evento/sentimental-value/'}
      --------------------
      {'id': '4917343c', 'show': 1, 'in_city': 1, 'one_day': 1,
      'wrong_date_time': 0, 'event': 'Actualidad Astronómica Con Jorge
      Iglesias', 'slug': 'actualidad-astronomica-con-jorge-iglesias',
      'category': '__NOT_DEFINIED__', 'id_venue': '8g4nLPqF', 'venue':
      'Universidad de Almería (UAL)', 'std_venue': 'Paraninfo de la Universidad
      de Almería', 'start_date': '2026-04-23', 'start_time': '12:00:00',
      'end_date': '2026-04-23', 'end_time': '13:30:00', 'description': 'El ciclo
      de tertulias sobre astronomía vuelve este año con Jorge Iglesias, quien
      presentará y debatirá sobre las novedades más importantes en el ámbito
      astronómico. Las sesiones se llevarán a cabo en el Edificio de
      Psicología, Sala de Grados, a las 12:00h. Fechas: 19 de febrero, 19 de
      marzo, 23 de abril y 21 de mayo.', 'others': {'category': 'Edificio de
      Psicología, Sala de Grados, Universidad de Almería', 'hour':
      '__NOT_FOUND__', 'startDate': '2026-4-23T12:00+2:00', 'endDate':
      '2026-4-23T13:30+2:00', 'duration_days': 0, 'location': 'Carr. Sacramento,
      s/n, 04120 La Cañada, Almería'}, 'source': 'AlmeriaTurismo',
      'exec_time': '20260322T105405', 'session': '2026_03_22_10_51_Domingo',
      'image':
      'https://www.turismodealmeria.org/wp-content/uploads/2026/02/Actualidad-as
      tronomica-con-Jorge-Iglesias.jpg', 'url':
      'https://www.turismodealmeria.org/evento/actualidad-astronomica-con-jorge-
      iglesias/var/ri-2.l-L1'}
      --------------------
      {'id': '14b3e291', 'show': 1, 'in_city': 1, 'one_day': 1,
      'wrong_date_time': 0, 'event': 'Cuentacuentos: Un Amigo Como Tú', 'slug':
      'cuentacuentos-un-amigo-como-tu', 'category': '__NOT_DEFINIED__',
      'id_venue': 'J8tbTLH7', 'venue': 'Librería Picasso', 'std_venue':
      'Librería Picasso', 'start_date': '2026-04-23', 'start_time': '18:00:00',
      'end_date': '2026-04-23', 'end_time': '19:00:00', 'description':
      'Participa en el cuentacuentos para niños a partir de 3 años basado en
      el libro ‘Un Amigo Como Tú’ de Andrea Schomburg y Barbara Röttgen.
      Te esperamos en Librerías Picasso, Almería.', 'others': {'category': 'Un
      Amigo Como Tú', 'hour': '__NOT_FOUND__', 'startDate':
      '2026-4-23T18:00+2:00', 'endDate': '2026-4-23T19:00+2:00',
      'duration_days': 0, 'location': 'Calle Reyes Católicos, 18, 04001
      Almería'}, 'source': 'AlmeriaTurismo', 'exec_time': '20260322T105405',
      'session': '2026_03_22_10_51_Domingo', 'image':
      'https://www.turismodealmeria.org/wp-content/uploads/2026/02/Cuentacuentos
      -Un-Amigo-Como-Tu.jpg', 'url':
      'https://www.turismodealmeria.org/evento/cuentacuentos-un-amigo-como-tu/'}
      --------------------
      {'id': '86af6061', 'show': 1, 'in_city': 1, 'one_day': 1,
      'wrong_date_time': 0, 'event': 'Visita Las Casas Consistoriales', 'slug':
      'visita-las-casas-consistoriales', 'category': '__NOT_DEFINIED__',
      'id_venue': '7RhD7QqG', 'venue': 'Plaza Vieja', 'std_venue': 'Plaza de la
      Constitución', 'start_date': '2026-04-24', 'start_time': '10:00:00',
      'end_date': '2026-04-24', 'end_time': '12:00:00', 'description': 'El
      Ayuntamiento de Almería organiza visitas guiadas a las Casas
      Consistoriales, con personal municipal experto en la Historia y Patrimonio
      de Almería, quienes explicarán la reciente restauración del edificio..
      Las visitas están dirigidas al público general y se realizan los viernes
      a las 10:00h y 12:00h, con un máximo de 30 personas por pase.. El punto
      de encuentro es la Plaza Vieja. La inscripción es gratuita a través de
      la web. https://reservas.turismodealmeria.org/visitas-casa-consistorial.
      .. Recorrido:. Inicio de la visita:. entrada por las Casas Consistoriales.
      Visita a la primitiva biblioteca. Subida por las escaleras de mármol con
      barandas de balaustradas. Hall de entrada al Salón Noble para contemplar
      los altorrelieves del Sagrado Corazón de Jesús, Virgen del Mar y San
      Indalecio. Salón Noble. Visita al muro primitivo del siglo XVII
      descubierto durante la restauración. Visita del lienzo de la Casa Pratas.
      Arcos apuntados y escalera con baranda de forja recuperados de la Casa
      Lledó. Salida de las Casas Consistoriales. y visita final a la Oficina
      Municipal de Turismo. Más información en la Oficina de Turismo ubicada
      en la calle Juez, 6 o a través del teléfono 950 210 035 y el correo
      oficinaturismo@aytoalmeria.es.', 'others': {'category': 'Visita guiada por
      el patrimonio histórico de las Casas Consistoriales', 'hour':
      '__NOT_FOUND__', 'startDate': '2026-4-24T10:00+2:00', 'endDate':
      '2026-4-24T12:00+2:00', 'duration_days': 0, 'location': 'Convento de Santa
      Clara, Plaza de la Constitución, 04071 Almería, España'}, 'source':
      'AlmeriaTurismo', 'exec_time': '20260322T105405', 'session':
      '2026_03_22_10_51_Domingo', 'image':
      'https://www.turismodealmeria.org/wp-content/uploads/2026/01/1200x1500-Vis
      itas-Consistorio-Almeria-Ciudad-01-2.jpg', 'url':
      'https://www.turismodealmeria.org/evento/visita-las-casas-consistoriales/v
      ar/ri-12.l-L1'}
      --------------------
      {'id': '7f322895', 'show': 1, 'in_city': 1, 'one_day': 1,
      'wrong_date_time': 0, 'event': 'El Mentalista Canalla', 'slug':
      'el-mentalista-canalla', 'category': '__NOT_DEFINIED__', 'id_venue':
      '7qHRF9LM', 'venue': 'Sala EMMA', 'std_venue': 'Sala Escuela Municipal de
      Música & Artes', 'start_date': '2026-04-24', 'start_time': '20:00:00',
      'end_date': '2026-04-24', 'end_time': '22:00:00', 'description': 'No te
      pierdas el impactante show de Abraham Gallego, ‘El Mentalista
      Canalla’, un espectáculo de magia y mentalismo para toda la familia.
      Vive una experiencia divertida y desafiante, donde la magia y la mente se
      unen para sorprenderte en cada momento. ¡Ven a disfrutarlo el 24 de abril
      en la Sala EMMA de Almería!', 'others': {'category': 'Abraham Gallego
      presenta un espectáculo de magia y mentalismo', 'hour': '__NOT_FOUND__',
      'startDate': '2026-4-24T20:00+2:00', 'endDate': '2026-4-24T22:00+2:00',
      'duration_days': 0, 'location': 'C. Rbla. Obispo Orberá, 23, 04001
      Almería'}, 'source': 'AlmeriaTurismo', 'exec_time': '20260322T105405',
      'session': '2026_03_22_10_51_Domingo', 'image':
      'https://www.turismodealmeria.org/wp-content/uploads/2026/02/elmentalista.
      jpg', 'url':
      'https://www.turismodealmeria.org/evento/el-mentalista-canalla/'}
      --------------------
      {'id': 'dc92d369', 'show': 1, 'in_city': 1, 'one_day': 1,
      'wrong_date_time': 0, 'event': '¿Nos Damos Un Viaje?', 'slug':
      'nos-damos-un-viaje', 'category': '__NOT_DEFINIED__', 'id_venue':
      'DgpfFbPt', 'venue': 'Teatro Cervantes', 'std_venue': 'Teatro Cervantes',
      'start_date': '2026-04-24', 'start_time': '20:30:00', 'end_date':
      '2026-04-24', 'end_time': '22:30:00', 'description': 'Santi Rodríguez
      presenta su nuevo espectáculo ‘¿Nos damos un viaje?’ en el Teatro
      Cervantes de Almería el viernes 24 de abril del 2026. ¡No te lo
      pierdas!', 'others': {'category': 'Santi Rodríguez presenta', 'hour':
      '__NOT_FOUND__', 'startDate': '2026-4-24T20:30+2:00', 'endDate':
      '2026-4-24T22:30+2:00', 'duration_days': 0, 'location': 'Calle Poeta
      Villaespesa, 1, 04001 Almería'}, 'source': 'AlmeriaTurismo', 'exec_time':
      '20260322T105405', 'session': '2026_03_22_10_51_Domingo', 'image':
      'https://www.turismodealmeria.org/wp-content/uploads/2026/03/nos-damos-un-
      viaje.jpg', 'url':
      'https://www.turismodealmeria.org/evento/nos-damos-un-viaje/'}
      --------------------
      {'id': '38b7338e', 'show': 1, 'in_city': 1, 'one_day': 1,
      'wrong_date_time': 0, 'event': 'Profesor Poopsnuggle', 'slug':
      'profesor-poopsnuggle', 'category': '__NOT_DEFINIED__', 'id_venue':
      'NmPqTrh6', 'venue': 'Berlin Social Club', 'std_venue': 'Berlin Social
      Club', 'start_date': '2026-04-24', 'start_time': '21:30:00', 'end_date':
      '2026-04-24', 'end_time': '23:00:00', 'description': 'Profesor Popsnuggle
      llega a la Sala Berlin Social Club en Almería el 24 de abril de 2026 para
      ofrecer una noche de pop retrofuturista. Germán, José, Álvaro y
      Laureano forman este cuarteto que se inspira en el pop español de los
      años sesenta, la movida madrileña, los sintetizadores analógicos y la
      bossa nova. Desde su irrupción en 2004 con el álbum “El Turismo”, su
      música ha prestado una mirada divertida y crítica al pasado musical
      español. En 2008 reafirmaron su propuesta con el lanzamiento de “El Fin
      de las Colonias Africanas”. Una cita imperdible para los amantes del pop
      con sabor nostálgico y visionario.', 'others': {'category':
      '__NOT_FOUND__', 'hour': '__NOT_FOUND__', 'startDate':
      '2026-4-24T21:30+2:00', 'endDate': '2026-4-24T23:00+2:00',
      'duration_days': 0, 'location': 'Parque de Nicolás Salmerón, 9, Bajo 2,
      04001 Almería'}, 'source': 'AlmeriaTurismo', 'exec_time':
      '20260322T105405', 'session': '2026_03_22_10_51_Domingo', 'image':
      'https://www.turismodealmeria.org/wp-content/uploads/2026/02/profesorpopnu
      ggle.jpg', 'url':
      'https://www.turismodealmeria.org/evento/profesor-poopsnuggle/'}
      --------------------
      {'id': '5506f42c', 'show': 1, 'in_city': 1, 'one_day': 1,
      'wrong_date_time': 0, 'event': 'Cuentacuentos: Te Quiero Tanto - Saeko
      Inui', 'slug': 'cuentacuentos-te-quiero-tanto-saeko-inui', 'category':
      '__NOT_DEFINIED__', 'id_venue': 'J8tbTLH7', 'venue': 'Librería Picasso',
      'std_venue': 'Librería Picasso', 'start_date': '2026-04-25',
      'start_time': '11:00:00', 'end_date': '2026-04-25', 'end_time':
      '13:00:00', 'description': 'Evento de cuentacuentos para niños a partir
      de 3 años basado en el libro ‘Te quiero tanto’ de Saeko Inui. Se
      realizará en Librerías Picasso, Almería.', 'others': {'category':
      'Lectura para niños', 'hour': '(Sábado) 11:00 am - 13:00 pm',
      'startDate': '2026-4-25T11:00+2:00', 'endDate': '2026-4-25T13:00+2:00',
      'duration_days': 0, 'location': 'Calle Reyes Católicos, 18, 04001
      Almería'}, 'source': 'AlmeriaTurismo', 'exec_time': '20260322T105405',
      'session': '2026_03_22_10_51_Domingo', 'image':
      'https://www.turismodealmeria.org/wp-content/uploads/2026/02/Cuentacuentos
      -Te-quiero-tanto-Saeko-Inui.jpg', 'url':
      'https://www.turismodealmeria.org/evento/cuentacuentos-te-quiero-tanto-sae
      ko-inui/'}
      --------------------
      {'id': '5ad0572a', 'show': 1, 'in_city': 1, 'one_day': 1,
      'wrong_date_time': 0, 'event': 'XV METALMERIA FEST - 25 Abril', 'slug':
      'xv-metalmeria-fest-25-abril', 'category': '__NOT_DEFINIED__', 'id_venue':
      'NmPqTrh6', 'venue': 'Berlin Social Club', 'std_venue': 'Berlin Social
      Club', 'start_date': '2026-04-25', 'start_time': '16:00:00', 'end_date':
      '2026-04-25', 'end_time': '19:00:00', 'description': 'El 25 de abril de
      2026 se celebrará la decimoquinta edición del METALMERIA FEST en la Sala
      Berlin Social Club de Almería, con apertura de puertas a las 26:00h. El
      festival contará con una potente alineación internacional de bandas de
      metal como Kate’s Acid (Speed Metal – Bélgica), DeathStorm (Thrash
      Metal – Austria), Ecclesia (Heavy/Doom Metal – Francia), Speed Queen
      (Speed Metal – Bélgica) y Peace After Pain (Crossover/Thrash Metal –
      Barcelona). Las entradas anticipadas tienen un coste de 25 €, mientras
      que en taquilla costarán 30 €. Los socios pueden adquirir su entrada
      por 15 €, y los poseedores del carnet Interclub por 22 €. Las entradas
      compradas online serán canjeadas físicamente en taquilla.', 'others':
      {'category': '__NOT_FOUND__', 'hour': '__NOT_FOUND__', 'startDate':
      '2026-4-25T16:00+2:00', 'endDate': '2026-4-25T19:00+2:00',
      'duration_days': 0, 'location': 'Parque de Nicolás Salmerón, 9, Bajo 2,
      04001 Almería'}, 'source': 'AlmeriaTurismo', 'exec_time':
      '20260322T105405', 'session': '2026_03_22_10_51_Domingo', 'image':
      'https://www.turismodealmeria.org/wp-content/uploads/2026/02/xv-metalalmer
      ia.jpg', 'url':
      'https://www.turismodealmeria.org/evento/xv-metalmeria-fest-25-abril/'}
      --------------------
      {'id': '5f3f7ede', 'show': 1, 'in_city': 1, 'one_day': 1,
      'wrong_date_time': 0, 'event': 'Campeones 2 en El Teatro', 'slug':
      'campeones-2-en-el-teatro', 'category': '__NOT_DEFINIED__', 'id_venue':
      None, 'venue': '__NOT_FOUND__', 'std_venue': None, 'start_date':
      '2026-04-25', 'start_time': '20:00:00', 'end_date': '2026-04-25',
      'end_time': '22:00:00', 'description': 'La exitosa y entrañable obra
      ‘Campeones 2 en el Teatro: Si Lorca levantara la cabeza’ llega a
      Almería. Con un elenco formado por Alberto Nieto, Emilio Gavira, Luis
      Mottola, Daniel Pico García, Claudia Fesser y Gloria Ramos, y dirigida
      por Juan Manuel Montilla El Langui, esta comedia teatral continúa la
      inspiración de la aclamada película. ¡Una experiencia divertida,
      emotiva y cargada de mensajes positivos sobre la superación y la
      inclusión! No te lo pierdas el sábado 25 de abril a las 20:00h en el
      Auditorio Maestro Padilla. Las entradas están disponibles desde 22€ en
      la taquilla del Teatro Apolo.', 'others': {'category': 'Auditorio Maestro
      Padilla', 'hour': '__NOT_FOUND__', 'startDate': '2026-4-25T20:00+2:00',
      'endDate': '2026-4-25T22:00+2:00', 'duration_days': 0, 'location':
      '__NOT_FOUND__'}, 'source': 'AlmeriaTurismo', 'exec_time':
      '20260322T105405', 'session': '2026_03_22_10_51_Domingo', 'image':
      'https://www.turismodealmeria.org/wp-content/uploads/2026/02/campeones2.jp
      g', 'url':
      'https://www.turismodealmeria.org/evento/campeones-2-en-el-teatro/'}
      --------------------
      {'id': 'c1c9665e', 'show': 1, 'in_city': 1, 'one_day': 1,
      'wrong_date_time': 0, 'event': 'XIX Triatlón Ciudad De Almería. Jairo
      Ruiz', 'slug': 'xix-triatlon-ciudad-de-almeria-jairo-ruiz', 'category':
      '__NOT_DEFINIED__', 'id_venue': None, 'venue': 'Playa del Palmeral',
      'std_venue': None, 'start_date': '2026-04-26', 'start_time': '09:00:00',
      'end_date': '2026-04-26', 'end_time': '14:00:00', 'description': 'El XIX
      Triatlón Ciudad de Almería se llevará a cabo el 26 de abril de 2026 en
      la Playa de El Palmeral. Ven y participa en este emocionante evento
      deportivo.', 'others': {'category': 'Triatlón en Almería', 'hour':
      '__NOT_FOUND__', 'startDate': '2026-4-26T09:00+2:00', 'endDate':
      '2026-4-26T14:00+2:00', 'duration_days': 0, 'location': 'Playa Ciudad
      Luminosa, Almería, 04007'}, 'source': 'AlmeriaTurismo', 'exec_time':
      '20260322T105405', 'session': '2026_03_22_10_51_Domingo', 'image':
      'https://www.turismodealmeria.org/wp-content/uploads/2026/03/xix-triatlon.
      jpg', 'url':
      'https://www.turismodealmeria.org/evento/xix-triatlon-ciudad-de-almeria-ja
      iro-ruiz/'}
      --------------------
      {'id': 'c5fe2389', 'show': 1, 'in_city': 1, 'one_day': 1,
      'wrong_date_time': 0, 'event': 'OCAL - Escuchar Crecer La Hierba', 'slug':
      'ocal-escuchar-crecer-la-hierba', 'category': '__NOT_DEFINIED__',
      'id_venue': None, 'venue': '__NOT_FOUND__', 'std_venue': None,
      'start_date': '2026-04-26', 'start_time': '12:30:00', 'end_date':
      '2026-04-26', 'end_time': '14:30:00', 'description': 'Concierto de la
      Orquesta Ciudad de Almería dirigido por Michael Thomas con la solista
      Susana Gómez Vázquez. El programa incluye la obra de M. Thomas
      ‘Concierto para piano y orquesta’ y la ‘Sinfonía n.2 en re mayor,
      Op.73’ de J. Brahms.', 'others': {'category': 'Orquesta Ciudad de
      Almería', 'hour': '__NOT_FOUND__', 'startDate': '2026-4-26T12:30+2:00',
      'endDate': '2026-4-26T14:30+2:00', 'duration_days': 0, 'location':
      '__NOT_FOUND__'}, 'source': 'AlmeriaTurismo', 'exec_time':
      '20260322T105405', 'session': '2026_03_22_10_51_Domingo', 'image':
      'https://www.turismodealmeria.org/wp-content/uploads/2026/03/Escuchar-Crec
      er-la-Hierba.jpg', 'url':
      'https://www.turismodealmeria.org/evento/ocal-escuchar-crecer-la-hierba/'}
      --------------------
      {'id': '5b9a13b3', 'show': 1, 'in_city': 1, 'one_day': 1,
      'wrong_date_time': 0, 'event': 'Taller De Escritura Creativa "Emoción en
      El Escritor, Emoción en El Lector"', 'slug':
      'taller-de-escritura-creativa-emocion-en-el-escritor-emocion-en-el-lector'
      , 'category': '__NOT_DEFINIED__', 'id_venue': '8g4nLPqF', 'venue':
      'Universidad de Almería (UAL)', 'std_venue': 'Paraninfo de la Universidad
      de Almería', 'start_date': '2026-04-28', 'start_time': '16:00:00',
      'end_date': '2026-04-28', 'end_time': '18:00:00', 'description': 'Descubre
      los secretos para atrapar a tus lectores y asombrar a los editores. Bruno
      Nievas nos guiará en este emocionante taller donde aprenderemos a crear
      ideas poderosas, superar el reto del primer borrador, desarrollar
      personajes conmovedores, idear situaciones impactantes, incorporar el
      viaje del héroe, editar sin piedad, publicar y autopublicar, y vender con
      éxito: ¿comprarías tu propio libro?', 'others': {'category':
      '__NOT_FOUND__', 'hour': '__NOT_FOUND__', 'startDate':
      '2026-4-28T16:00+2:00', 'endDate': '2026-4-28T18:00+2:00',
      'duration_days': 0, 'location': 'Carr. Sacramento, s/n, 04120 La Cañada,
      Almería'}, 'source': 'AlmeriaTurismo', 'exec_time': '20260322T105405',
      'session': '2026_03_22_10_51_Domingo', 'image':
      'https://www.turismodealmeria.org/wp-content/uploads/2026/03/taller-escrit
      ura.jpg', 'url':
      'https://www.turismodealmeria.org/evento/taller-de-escritura-creativa-emoc
      ion-en-el-escritor-emocion-en-el-lector/'}
      --------------------
      {'id': '629d19eb', 'show': 1, 'in_city': 1, 'one_day': 1,
      'wrong_date_time': 0, 'event': 'Charla: La Torre, Una Casa De Película.
      Francisco Verdegay Flores', 'slug':
      'charla-la-torre-una-casa-de-pelicula-francisco-verdegay-flores',
      'category': '__NOT_DEFINIED__', 'id_venue': 'df8rMnjt', 'venue': 'Casa del
      Cine de Almería', 'std_venue': 'Casa del Cine', 'start_date':
      '2026-04-30', 'start_time': '18:30:00', 'end_date': '2026-04-30',
      'end_time': '20:00:00', 'description': 'El historiador e investigador,
      responsable del estudio histórico de la Finca Santa Isabel —actual Casa
      del Cine—, ofrecerá una charla en la que recorrerá la historia y la
      trayectoria de la familia Romero, así como las distintas transformaciones
      que ha experimentado el edificio desde su construcción en 1866 hasta su
      configuración y uso en la actualidad, poniendo en valor su relevancia
      patrimonial y cultural a lo largo del tiempo.', 'others': {'category': 'La
      Casa del Cine, Almería', 'hour': '__NOT_FOUND__', 'startDate':
      '2026-4-30T18:30+2:00', 'endDate': '2026-4-30T20:00+2:00',
      'duration_days': 0, 'location': 'Camino Romero, 1, 04009 Almería'},
      'source': 'AlmeriaTurismo', 'exec_time': '20260322T105405', 'session':
      '2026_03_22_10_51_Domingo', 'image':
      'https://www.turismodealmeria.org/wp-content/uploads/2026/03/la-casa-del-c
      ine-almeria.jpg', 'url':
      'https://www.turismodealmeria.org/evento/charla-la-torre-una-casa-de-pelic
      ula-francisco-verdegay-flores/'}
      --------------------
      {'id': '544fd1a5', 'show': 1, 'in_city': 1, 'one_day': 1,
      'wrong_date_time': 0, 'event': 'El Fantástico Viaje De Jonás El
      Espermatozoide', 'slug': 'el-fantastico-viaje-de-jonas-el-espermatozoide',
      'category': '__NOT_DEFINIED__', 'id_venue': 'tQfq78jF', 'venue': 'Teatro
      Apolo', 'std_venue': 'Teatro Apolo', 'start_date': '2026-04-30',
      'start_time': '20:30:00', 'end_date': '2026-04-30', 'end_time':
      '22:00:00', 'description': 'Un espectáculo familiar, para niños y niñas
      a partir de 6 años. Disfruta de las aventuras de Jonás en su fantástico
      viaje.', 'others': {'category': '__NOT_FOUND__', 'hour': '__NOT_FOUND__',
      'startDate': '2026-4-30T20:30+2:00', 'endDate': '2026-4-30T22:00+2:00',
      'duration_days': 0, 'location': 'Rambla Obispo Orbera, 25,04001
      Almería'}, 'source': 'AlmeriaTurismo', 'exec_time': '20260322T105405',
      'session': '2026_03_22_10_51_Domingo', 'image':
      'https://www.turismodealmeria.org/wp-content/uploads/2026/02/Captura-de-pa
      ntalla-2026-02-24-135009.jpg', 'url':
      'https://www.turismodealmeria.org/evento/el-fantastico-viaje-de-jonas-el-e
      spermatozoide/'}
      Checking unique event url.
      New url events = 0
      #######################
      No new urls/events extracted. No new events to save
      #######################

Result: Succeeded

Launching scraper: JuntaAndaluciaAgenda
Succeeded - 2026-03-22T10:54:37Z

dag: FisgonTaskSelenium (1m 25s)
│
└─tarea_1 (1m 25s) [succeeded]
  ├─bash -lc 'set -eo pipefail; export DOCKER_CONFIG=/tmp/.docker HOME=/tmp;
  │   SELENIUM_NAME="selenium_${DAG_RUN_ID:-$$}_$(date +%s)"; cleanup() {
  │   docker rm -f "$SELENIUM_NAME" >/dev/null 2>&1 || true; }; trap cleanup
  │   EXIT; docker run -d --rm --name "$SELENIUM_NAME" --shm-size=2g -e
  │   SE_NODE_MAX_SESSIONS=1 -e SE_NODE_OVERRIDE_MAX_SESSIONS=true
  │   selenium/standalone-chrome:latest >/dev/null; docker exec
  │   "$SELENIUM_NAME" bash -c "for i in \$(seq 1 60); do (echo >
  │   /dev/tcp/127.0.0.1/4444) >/dev/null 2>&1 && exit 0; sleep 1; done; exit
  │   1"; docker run --rm --network container:"$SELENIUM_NAME" -v
  │   /home/ubuntu/work/fisgon:/app -v
  │   /home/ubuntu/data_storage:/home/ubuntu/data_storage -v
  │   /home/ubuntu/work/event_flask_app/static/img:/home/ubuntu/work/event_fla
  │   sk_app/static/img -w /app -e OPERATION=0 -e DOCKER_CONFIG=/tmp/.docker
  │   -e HOME=/tmp -e TARGET_CITY -e TARGET_SCRAPER -e
  │   DAG_RUN_URL="${DAGU_BASE_URL:-}/dags/${DAG_NAME}?dagRunId=${DAG_RUN_ID}"
  │   -e
  │   DAG_RUN_LOG_URL="${DAGU_BASE_URL:-}/dags/${DAG_NAME}/log?remoteNode=loca
  │   l&step=tarea_1&dagRunId=${DAG_RUN_ID}" fisgon_scraper:1.0'
  │
  ├─stdout: ... (27 more lines)
  │   sleeping 3
  │   Scrolling...
  │   sleeping 1
  │   sleeping 7
  │   ******
  │   css selector
  │   .view-display-id-page_search_activities > ul:nth-child(3) >
  │   li:nth-child(1) > a:nth-child(1)
  │   clicking
  │   sleeping 3
  │   Scrolling...
  │   sleeping 1
  │   sleeping 7
  │   ******
  │   css selector
  │   .view-display-id-page_search_activities > ul:nth-child(3) >
  │   li:nth-child(1) > a:nth-child(1)
  │   clicking
  │   sleeping 3
  │   Scrolling...
  │   sleeping 1
  │   sleeping 7
  │   ******
  │   css selector
  │   .view-display-id-page_search_activities > ul:nth-child(3) >
  │   li:nth-child(1) > a:nth-child(1)
  │   clicking
  │   sleeping 3
  │   Scrolling...
  │   sleeping 1
  │   sleeping 7
  │   ******
  │   css selector
  │   .view-display-id-page_search_activities > ul:nth-child(3) >
  │   li:nth-child(1) > a:nth-child(1)
  │   .view-display-id-page_search_activities > ul:nth-child(3) >
  │   li:nth-child(1) > a:nth-child(1) Not found
  │   Getting content
  │   *** SCRAPED 74 URLS WITH EVENTS **
  │   New url events = 2
  │   0 / 2
  │   Getting
  │   https://www.juntadeandalucia.es/cultura/agendaculturaldeandalucia/evento
  │   /celebracion-del-dia-mundial-del-teatro-crece-con-la-villaespesa-v-ciclo
  │   -de-lecturas
  │   Sleep 4
  │   --------------------
  │   {'id': '6118b434', 'show': 1, 'in_city': 1, 'one_day': 1,
  │   'wrong_date_time': 0, 'event': 'Celebración Del Día Mundial Del
  │   Teatro. Crece Con La Villaespesa. V Ciclo De Lecturas Dramatizadas
  │   Dramaturgas a Escena: “Cuéntalo”, De Beatriz Velilla', 'slug':
  │   'celebracion-del-dia-mundial-del-teatro-crece-con-la-villaespesa-v-ciclo
  │   -de-lectu', 'category': '__NOT_DEFINIED__', 'id_venue': 'TjmFnJdD',
  │   'venue': 'Biblioteca Pública del Estado-Biblioteca Provincial de
  │   Almería Francisco Villaespesa', 'std_venue': 'Biblioteca Pública
  │   Francisco Villaespesa', 'start_date': '2026-03-27', 'start_time':
  │   '12:00:00', 'end_date': '2026-03-27', 'end_time': '__NOT_DEFINIED__',
  │   'description': 'Celebración del Día Mundial del Teatro. Crece con la
  │   Villaespesa. V Ciclo de Lecturas Dramatizadas Dramaturgas a Escena :
  │   “Cuéntalo”, de Beatriz Velilla Lucía es acosada por el hermano de
  │   un compañero con el que salió: si no le da dinero, ellos difundirán
  │   un vídeo aparentemente comprometedor. La madre de un compañero de
  │   Lucía, que ha sufrido bullying, se dirige al centro escolar a exigir
  │   responsabilidades. Otros compañeros de su hijo han experimentado
  │   también el sufrimiento del acoso escolar, esta vez debido a su
  │   homosexualidad, a sus trastornos de alimentación, a su condición de
  │   emigrantes, a su personalidad o a su físico. Multitud de personajes nos
  │   muestran En las Aulas que del bullying se puede salir, y que todo
  │   empieza por contarlo. ¡Cuéntalo! En las Aulas o fuera de ellas.
  │   ¡Cuéntalo! Dirección Ascensión Rodríguez Actores: Ema Miceikaite,
  │   Ernesto Hernández Navarro, Ana Gonzálvez Carbonero, Francisco Javier
  │   Bordalas, Alejandra García Malea Martínez y Erik Amores Perez
  │   (alumnado del IES Sol de Portocarrero, Escuela de artes superior y
  │   diseño Carlos Pérez Siquier, IES Bahía de Almería y La salle Virgen
  │   del Mar). Coloquio al terminar la lectura con la intervención de
  │   Beatriz Velilla. Viernes 27 de marzo 12:00 h., Salón de actos Actividad
  │   concertada con centros educativos.', 'others': {'location_url':
  │   '/cultura/agendaculturaldeandalucia/espacios/biblioteca-publica-del-esta
  │   do-biblioteca-provincial-de-almeria-francisco-villaespesa', 'location2':
  │   'Biblioteca Pública del Estado-Biblioteca Provincial de Almería
  │   Francisco Villaespesa', 'duration': '__NOT_FOUND__', 'datetime_details':
  │   '27 de Marzo del 2026, 12:00 h.', 'town': '__NOT_FOUND__', 'location':
  │   'Calle Hermanos Machado, s/n, Almería. Almería', 'duration_days':
  │   '__NOT_FOUND__'}, 'source': 'JuntaAndaluciaAgenda', 'exec_time':
  │   '20260322T105443', 'session': '2026_03_22_10_51_Domingo', 'image':
  │   'https://www.juntadeandalucia.es/cultura/agendaculturaldeandalucia/sites
  │   /default/files/styles/header_activity_ext_2xl/public/2026-03/CARTEL_5.pn
  │   g.webp?itok=zCyjbVue', 'url':
  │   'https://www.juntadeandalucia.es/cultura/agendaculturaldeandalucia/event
  │   o/celebracion-del-dia-mundial-del-teatro-crece-con-la-villaespesa-v-cicl
  │   o-de-lecturas'}
  │   1 / 2
  │   Getting
  │   https://www.juntadeandalucia.es/cultura/agendaculturaldeandalucia/evento
  │   /bebecuentos-bichitos-con-paula-mandarina
  │   Sleep 4
  │   --------------------
  │   {'id': '9eb3882a', 'show': 1, 'in_city': 1, 'one_day': 1,
  │   'wrong_date_time': 0, 'event': 'Bebecuentos "Bichitos", Con Paula
  │   Mandarina', 'slug': 'bebecuentos-bichitos-con-paula-mandarina',
  │   'category': '__NOT_DEFINIED__', 'id_venue': 'TjmFnJdD', 'venue':
  │   'Biblioteca Pública del Estado-Biblioteca Provincial de Almería
  │   Francisco Villaespesa', 'std_venue': 'Biblioteca Pública Francisco
  │   Villaespesa', 'start_date': '2026-03-26', 'start_time': '17:00:00',
  │   'end_date': '2026-03-26', 'end_time': '__NOT_DEFINIED__', 'description':
  │   'Bebecuentos "Bichitos", con Paula Mandarina. Sesión especialmente
  │   dedicada a insectos, flores y primavera. Cuentos de bichitos, libros
  │   sorprendentes de los que escapan flores y mariposas y un montón de
  │   dinámicas sensoriales, donde la llegada de la primavera es la
  │   protagonista. Dirigido a bebés de entre 6 meses y 3 años acompañados
  │   de un adulto. Aforo máximo: 15 bebés con un solo acompañante.
  │   Duración: 40-45 min. Jueves 26 de marzo 17:00h. Bebeteca. Inscripción
  │   previa.', 'others': {'location_url':
  │   '/cultura/agendaculturaldeandalucia/espacios/biblioteca-publica-del-esta
  │   do-biblioteca-provincial-de-almeria-francisco-villaespesa', 'location2':
  │   'Biblioteca Pública del Estado-Biblioteca Provincial de Almería
  │   Francisco Villaespesa', 'duration': '40-45', 'datetime_details': '26 de
  │   Marzo del 2026, 17:00 h.', 'town': '__NOT_FOUND__', 'location': 'Calle
  │   Hermanos Machado, s/n, Almería. Almería', 'duration_days':
  │   '__NOT_FOUND__'}, 'source': 'JuntaAndaluciaAgenda', 'exec_time':
  │   '20260322T105443', 'session': '2026_03_22_10_51_Domingo', 'image':
  │   'https://www.juntadeandalucia.es/cultura/agendaculturaldeandalucia/sites
  │   /default/files/styles/header_activity_ext_2xl/public/2026-03/CARTEL_4.pn
  │   g.webp?itok=OdE1bCJg', 'url':
  │   'https://www.juntadeandalucia.es/cultura/agendaculturaldeandalucia/event
  │   o/bebecuentos-bichitos-con-paula-mandarina'}
  │   ****************************
  │   Saving 2 new events
  │   Saving in
  │   /home/ubuntu/data_storage/Almeria/2026_03_22_10_51_Domingo/0_raw/2026032
  │   2_1054_JuntaAndaluciaAgenda.json
  │   Saving 2 master url
  │   Appending to /home/ubuntu/data_storage/Almeria/00_master/master_url.json
  └─stderr:
      /usr/local/lib/python3.11/site-packages/urllib3/connectionpool.py:1097:
      InsecureRequestWarning: Unverified HTTPS request is being made to host
      'www.juntadeandalucia.es'. Adding certificate verification is strongly
      advised. See:
      https://urllib3.readthedocs.io/en/latest/advanced-usage.html#tls-warnings
      warnings.warn(
      /usr/local/lib/python3.11/site-packages/urllib3/connectionpool.py:1097:
      InsecureRequestWarning: Unverified HTTPS request is being made to host
      'www.juntadeandalucia.es'. Adding certificate verification is strongly
      advised. See:
      https://urllib3.readthedocs.io/en/latest/advanced-usage.html#tls-warnings
      warnings.warn(

Result: Succeeded

Launching scraper: ClassicJazz
Succeeded - 2026-03-22T10:56:02Z

dag: FisgonTaskSelenium (1m 17s)
│
└─tarea_1 (1m 17s) [succeeded]
  ├─bash -lc 'set -eo pipefail; export DOCKER_CONFIG=/tmp/.docker HOME=/tmp;
  │   SELENIUM_NAME="selenium_${DAG_RUN_ID:-$$}_$(date +%s)"; cleanup() {
  │   docker rm -f "$SELENIUM_NAME" >/dev/null 2>&1 || true; }; trap cleanup
  │   EXIT; docker run -d --rm --name "$SELENIUM_NAME" --shm-size=2g -e
  │   SE_NODE_MAX_SESSIONS=1 -e SE_NODE_OVERRIDE_MAX_SESSIONS=true
  │   selenium/standalone-chrome:latest >/dev/null; docker exec
  │   "$SELENIUM_NAME" bash -c "for i in \$(seq 1 60); do (echo >
  │   /dev/tcp/127.0.0.1/4444) >/dev/null 2>&1 && exit 0; sleep 1; done; exit
  │   1"; docker run --rm --network container:"$SELENIUM_NAME" -v
  │   /home/ubuntu/work/fisgon:/app -v
  │   /home/ubuntu/data_storage:/home/ubuntu/data_storage -v
  │   /home/ubuntu/work/event_flask_app/static/img:/home/ubuntu/work/event_fla
  │   sk_app/static/img -w /app -e OPERATION=0 -e DOCKER_CONFIG=/tmp/.docker
  │   -e HOME=/tmp -e TARGET_CITY -e TARGET_SCRAPER -e
  │   DAG_RUN_URL="${DAGU_BASE_URL:-}/dags/${DAG_NAME}?dagRunId=${DAG_RUN_ID}"
  │   -e
  │   DAG_RUN_LOG_URL="${DAGU_BASE_URL:-}/dags/${DAG_NAME}/log?remoteNode=loca
  │   l&step=tarea_1&dagRunId=${DAG_RUN_ID}" fisgon_scraper:1.0'
  │
  ├─stdout: ... (18 more lines)
  │   sleeping 1
  │   Getting content
  │   clicking
  │   sleeping 3
  │   sleeping 7
  │   *********************times =2
  │   sleeping 7
  │   Scrolling...
  │   sleeping 1
  │   Getting content
  │   clicking
  │   sleeping 3
  │   sleeping 7
  │   *** SCRAPED 171 URLS WITH EVENTS **
  │   New url events = 5
  │   0 / 5
  │   Getting
  │   https://clasijazz.com/evento/salsa-latin-jam-port-of-spain-4/2026-05-14/
  │   Sleep 4
  │   2026-05-14T22:00:00 2026-05-14T23:30:00
  │   --------------------
  │   {'id': 'd7e3115a', 'show': 1, 'in_city': 1, 'one_day': 1,
  │   'wrong_date_time': 0, 'event': 'Salsa & Latín Jam', 'slug':
  │   'salsa-latin-jam', 'category': '__NOT_DEFINIED__', 'id_venue':
  │   'ddgm4gQP', 'venue': 'Port Of Spain', 'std_venue': 'Port Of Spain',
  │   'start_date': '2026-05-14', 'start_time': '22:00:00', 'end_date':
  │   '2026-05-14', 'end_time': '23:30:00', 'description': 'Port of Spain
  │   Entrada Libre ¿Te gusta la salsa y la música caribeña? ¡JAM WITH US!
  │   Esta temporada Seguimos con las Salsa Jam y con el 29 Aniversario de la
  │   llegada de la Salsa Almeria. Si eres cantante o de los que cantan en la
  │   ducha, si eres músico profesional o de los que dan la nota, si sabes
  │   bailar o simplemente te apetece menear el esqueleto, ven a compartir con
  │   buena energía junto a los integrantes de Chévere Music Group. A partir
  │   de las 22:00. Te esperamos en Port of Spain. ¡Entrada Libre! ¡No nos
  │   faltes! Queremos ver lo mejor de ti MÁS INFO Y CONFIRMACIONES AL: 633
  │   120 150 @marcelarnalot @cheveremusicgroup www.cheveremusicgroup.com',
  │   'others': {'price': '__NOT_DEFINIED__', 'category': 'Programación',
  │   'location_url': 'https://clasijazz.com/local/port-of-spain/',
  │   'location': 'Parque Nicolás Salmeron 20, Almería'}, 'source':
  │   'ClassicJazz', 'exec_time': '20260322T105607', 'session':
  │   '2026_03_22_10_51_Domingo', 'image':
  │   'https://clasijazz.com/wp-content/uploads/2025/09/salsa_jam.jpg', 'url':
  │   'https://clasijazz.com/evento/salsa-latin-jam-port-of-spain-4/2026-05-14
  │   /'}
  │   1 / 5
  │   Getting https://clasijazz.com/evento/carsten-dahl-trio/
  │   Sleep 4
  │   2026-05-09T22:00:00 2026-05-09T23:30:00
  │   --------------------
  │   {'id': 'a2f5f1be', 'show': 1, 'in_city': 1, 'one_day': 1,
  │   'wrong_date_time': 0, 'event': 'Carsten Dahl Trio', 'slug':
  │   'carsten-dahl-trio', 'category': '__NOT_DEFINIED__', 'id_venue':
  │   'Q6b6LRjT', 'venue': 'Sede Clasijazz', 'std_venue': 'Clasijazz',
  │   'start_date': '2026-05-09', 'start_time': '22:00:00', 'end_date':
  │   '2026-05-09', 'end_time': '23:30:00', 'description': '30 € NS / 20 €
  │   S Sala Principal Por fin casi 20 años después viene a Almeria Carsten
  │   Dahl , uno de los más sorprendentes pianistas y creadores europeos. Uno
  │   de los grandes de la Historia del Jazz de Dinamarca. Vino hace casi 20
  │   años con las leyendas Mads Vinding y el recientemente fallecido hace un
  │   año Alex Riel. Fué un concierto histórico. Pues ahora lo tenemos con
  │   nuestro querido e increible batería Martin Andersen y el gran
  │   contrabajista Daniel Franck. Va a ser un concierto brutal para el
  │   recuerdo. Carsten Dahl Trio Carsten Dahl Trio featuring Daniel Franck /
  │   contrabajo Martin Andersen / batería v¡Es poético, conmovedor,
  │   swingueante, salvaje y polifónico! Carsten Dahl Trio interpreta jazz de
  │   clase mundial con un enfoque abierto y curioso hacia la interacción
  │   musical, pero con los pies firmemente plantados en la tradición. El
  │   trío busca constantemente un equilibrio colectivo y avanza impulsado
  │   por la falta de concesiones de cada uno de los tres músicos y por su
  │   comprensión mutua, con el objetivo natural y sin artificios de crear la
  │   música del instante. Carsten Dahl es uno de los pocos pianistas
  │   verdaderamente únicos capaces de expresarse libremente dentro de
  │   múltiples lenguajes musicales. ¡Es intrépido, explorador y
  │   profundamente sincero! El swing profundo y el acceso ilimitado a los
  │   estilos es el lugar donde más le gusta estar. En los conciertos, el
  │   trío interpreta composiciones propias y estándares bien conocidos.
  │   Todo está unido por una energía abierta y poderosa y por una capacidad
  │   virtuosa de crear composiciones vivas en interacción con el público
  │   presente. Este trío es el más reciente de muchos que Carsten Dahl ha
  │   formado a lo largo de los años. Desde su creación en la primavera de
  │   2025, ya ha ofrecido una larga serie de conciertos con entradas agotadas
  │   y excelentes críticas en Dinamarca, Suecia, Noruega, Liechtenstein,
  │   Portugal y España. En la primavera de 2026, el trío lanzará su
  │   primera publicación en el sello propio de Carsten Dahl, Musique
  │   Phénoménale, bajo el título The Composer’s Suite, y posteriormente
  │   realizará una extensa gira por toda Europa.', 'others': {'price':
  │   '20,00€ – 30,00€', 'category': 'Programación', 'location_url':
  │   'https://clasijazz.com/local/sede-clasijazz/', 'location': 'Maestro
  │   Serrano 9, Almería'}, 'source': 'ClassicJazz', 'exec_time':
  │   '20260322T105607', 'session': '2026_03_22_10_51_Domingo', 'image':
  │   'https://clasijazz.com/wp-content/uploads/2026/01/DAHL-MARETTI-FRANCK-4_
  │   lille.jpg.avif', 'url':
  │   'https://clasijazz.com/evento/carsten-dahl-trio/'}
  │   2 / 5
  │   Getting
  │   https://clasijazz.com/evento/intercambio-de-idiomas-5/2026-05-14/
  │   Sleep 4
  │   2026-05-14T21:00:00 2026-05-14T23:00:00
  │   --------------------
  │   {'id': '2c97b064', 'show': 1, 'in_city': 1, 'one_day': 1,
  │   'wrong_date_time': 0, 'event': 'Intercambio De Idiomas', 'slug':
  │   'intercambio-de-idiomas', 'category': '__NOT_DEFINIED__', 'id_venue':
  │   'Q6b6LRjT', 'venue': 'Clasijazz', 'std_venue': 'Clasijazz',
  │   'start_date': '2026-05-14', 'start_time': '21:00:00', 'end_date':
  │   '2026-05-14', 'end_time': '23:00:00', 'description': 'Sala Industrial
  │   Clasijazz Entrada Libre ¿Quieres conocer gente nueva y compartir ideas,
  │   experiencias y opiniones mientras practicas tus habilidades
  │   lingüísticas? ¡Hablaremos de todo: culturas, profesiones, arte y
  │   música! ¿Nivel avanzado? ¿Intermedio? ¿Principiante? ¡Hay espacio
  │   para todos! Únete a la comunidad del Intercambio de Idiomas y deja que
  │   la magia deja que la magia de los idiomas te atrape. Desde Octubre y
  │   todos los jueves 21:00-23:00', 'others': {'price': '__NOT_DEFINIED__',
  │   'category': 'Programación', 'location_url':
  │   'https://clasijazz.com/local/clasijazz/', 'location': 'C/Maestro Serrano
  │   nº9, Almería'}, 'source': 'ClassicJazz', 'exec_time':
  │   '20260322T105607', 'session': '2026_03_22_10_51_Domingo', 'image':
  │   'https://clasijazz.com/wp-content/uploads/2025/09/Intercambio-de-Idiomas
  │   .jpg', 'url':
  │   'https://clasijazz.com/evento/intercambio-de-idiomas-5/2026-05-14/'}
  │   3 / 5
  │   Getting https://clasijazz.com/evento/match-de-impro-2/2026-05-08/
  │   Sleep 4
  │   2026-05-08T20:00:00 2026-05-08T21:15:00
  │   --------------------
  │   {'id': '75cd456e', 'show': 1, 'in_city': 1, 'one_day': 1,
  │   'wrong_date_time': 0, 'event': 'Match De Impro', 'slug':
  │   'match-de-impro', 'category': '__NOT_DEFINIED__', 'id_venue':
  │   'Q6b6LRjT', 'venue': 'Sala Industrial Clasijazz', 'std_venue':
  │   'Clasijazz', 'start_date': '2026-05-08', 'start_time': '20:00:00',
  │   'end_date': '2026-05-08', 'end_time': '21:15:00', 'description': '3 €
  │   NS / GS Sala Industrial MATCH DE IMPRO Esta temporada, los alumnos de
  │   improvisación de la escuela Las Cruces Teatro / Clasijazz se
  │   enfrentarán una vez al mes en dos equipos por el favor del público
  │   creando historias delirantes improvisadas en el acto. No te las pierdas,
  │   la participación del público es clave en este show.', 'others':
  │   {'price': 'Free – €3', 'category': 'Programación', 'location_url':
  │   'https://clasijazz.com/local/sala-industrial-clasijazz/', 'location':
  │   'Maestro Serrano 9, Almería'}, 'source': 'ClassicJazz', 'exec_time':
  │   '20260322T105607', 'session': '2026_03_22_10_51_Domingo', 'image':
  │   'https://clasijazz.com/wp-content/uploads/2026/01/Match-Impro-generico.p
  │   ng', 'url': 'https://clasijazz.com/evento/match-de-impro-2/2026-05-08/'}
  │   4 / 5
  │   Getting https://clasijazz.com/evento/jam-session-4/2026-05-13/
  │   Sleep 4
  │   2026-05-13T22:00:00 2026-05-13T23:30:00
  │   --------------------
  │   {'id': '5ebdec4e', 'show': 1, 'in_city': 1, 'one_day': 1,
  │   'wrong_date_time': 0, 'event': 'Jam Session', 'slug': 'jam-session',
  │   'category': '__NOT_DEFINIED__', 'id_venue': 'Q6b6LRjT', 'venue': 'Sede
  │   Clasijazz', 'std_venue': 'Clasijazz', 'start_date': '2026-05-13',
  │   'start_time': '22:00:00', 'end_date': '2026-05-13', 'end_time':
  │   '23:30:00', 'description': '3 € No Soci@ / gratuito Soci@ Sala
  │   Principal Cada miércoles puedes disfrutar de una Jam Session. Uno de
  │   los eventos más seguidos en Almería y por el que han pasado
  │   muchísimos músicos y público. ¡Disfruta de esta maravilla de Jam
  │   Session!', 'others': {'price': '__NOT_DEFINIED__', 'category':
  │   'Programación', 'location_url':
  │   'https://clasijazz.com/local/sede-clasijazz/', 'location': 'Maestro
  │   Serrano 9, Almería'}, 'source': 'ClassicJazz', 'exec_time':
  │   '20260322T105607', 'session': '2026_03_22_10_51_Domingo', 'image':
  │   'https://clasijazz.com/wp-content/uploads/2025/09/PANA5800-scaled.jpg',
  │   'url': 'https://clasijazz.com/evento/jam-session-4/2026-05-13/'}
  │   ****************************
  │   Saving 5 new events
  │   Saving in
  │   /home/ubuntu/data_storage/Almeria/2026_03_22_10_51_Domingo/0_raw/2026032
  │   2_1056_ClassicJazz.json
  │   Saving 5 master url
  │   Appending to /home/ubuntu/data_storage/Almeria/00_master/master_url.json
  └─stderr:
      /usr/local/lib/python3.11/site-packages/urllib3/connectionpool.py:1097:
      InsecureRequestWarning: Unverified HTTPS request is being made to host
      'clasijazz.com'. Adding certificate verification is strongly advised. See:
      https://urllib3.readthedocs.io/en/latest/advanced-usage.html#tls-warnings
      warnings.warn(
      /usr/local/lib/python3.11/site-packages/urllib3/connectionpool.py:1097:
      InsecureRequestWarning: Unverified HTTPS request is being made to host
      'clasijazz.com'. Adding certificate verification is strongly advised. See:
      https://urllib3.readthedocs.io/en/latest/advanced-usage.html#tls-warnings
      warnings.warn(
      /usr/local/lib/python3.11/site-packages/urllib3/connectionpool.py:1097:
      InsecureRequestWarning: Unverified HTTPS request is being made to host
      'clasijazz.com'. Adding certificate verification is strongly advised. See:
      https://urllib3.readthedocs.io/en/latest/advanced-usage.html#tls-warnings
      warnings.warn(
      /usr/local/lib/python3.11/site-packages/urllib3/connectionpool.py:1097:
      InsecureRequestWarning: Unverified HTTPS request is being made to host
      'clasijazz.com'. Adding certificate verification is strongly advised. See:
      https://urllib3.readthedocs.io/en/latest/advanced-usage.html#tls-warnings
      warnings.warn(
      /usr/local/lib/python3.11/site-packages/urllib3/connectionpool.py:1097:
      InsecureRequestWarning: Unverified HTTPS request is being made to host
      'clasijazz.com'. Adding certificate verification is strongly advised. See:
      https://urllib3.readthedocs.io/en/latest/advanced-usage.html#tls-warnings
      warnings.warn(

Result: Succeeded

Launching scraper: Entradium
Succeeded - 2026-03-22T10:57:19Z

dag: FisgonTaskSelenium (41.0s)
│
└─tarea_1 (41.0s) [succeeded]
  ├─bash -lc 'set -eo pipefail; export DOCKER_CONFIG=/tmp/.docker HOME=/tmp;
  │   SELENIUM_NAME="selenium_${DAG_RUN_ID:-$$}_$(date +%s)"; cleanup() {
  │   docker rm -f "$SELENIUM_NAME" >/dev/null 2>&1 || true; }; trap cleanup
  │   EXIT; docker run -d --rm --name "$SELENIUM_NAME" --shm-size=2g -e
  │   SE_NODE_MAX_SESSIONS=1 -e SE_NODE_OVERRIDE_MAX_SESSIONS=true
  │   selenium/standalone-chrome:latest >/dev/null; docker exec
  │   "$SELENIUM_NAME" bash -c "for i in \$(seq 1 60); do (echo >
  │   /dev/tcp/127.0.0.1/4444) >/dev/null 2>&1 && exit 0; sleep 1; done; exit
  │   1"; docker run --rm --network container:"$SELENIUM_NAME" -v
  │   /home/ubuntu/work/fisgon:/app -v
  │   /home/ubuntu/data_storage:/home/ubuntu/data_storage -v
  │   /home/ubuntu/work/event_flask_app/static/img:/home/ubuntu/work/event_fla
  │   sk_app/static/img -w /app -e OPERATION=0 -e DOCKER_CONFIG=/tmp/.docker
  │   -e HOME=/tmp -e TARGET_CITY -e TARGET_SCRAPER -e
  │   DAG_RUN_URL="${DAGU_BASE_URL:-}/dags/${DAG_NAME}?dagRunId=${DAG_RUN_ID}"
  │   -e
  │   DAG_RUN_LOG_URL="${DAGU_BASE_URL:-}/dags/${DAG_NAME}/log?remoteNode=loca
  │   l&step=tarea_1&dagRunId=${DAG_RUN_ID}" fisgon_scraper:1.0'
  │
  ├─stdout:
  │   RUNNING VARS →
  │   CITY=Almeria,
  │   OPERATION=0,
  │   CREATE_SESSION=0,
  │   CLOSE_SESSION=0,
  │   SESSION=None,
  │   IMAGES=0,
  │   GET_SCRAPERS=
  │   SCRAPER=Entradium
  │   DAG_RUN_URL=/dags/FisgonTaskSelenium/log?remoteNode=local&step=tarea_1&d
  │   agRunId=019d1531-3359-73d8-b6c0-24836729a2a0
  │   Running for Almeria: Entradium
  │   Entradium
  │   RUNNING SESSION =  2026_03_22_10_51_Domingo
  │   Starting WebDriver...
  │   http://localhost:4444/wd/hub
  │   sleeping 5
  │   clicking
  │   sleeping 3
  │   sleeping 1.5
  │   sleeping 3
  │   ******
  │   xpath
  │   /html/body/header/div[2]/div[1]/div/div/form/div/div/button/span/i
  │   clicking
  │   sleeping 3
  │   sleeping 8
  │   Getting content
  │   *** SCRAPED 22 URLS WITH EVENTS **
  │   New url events = 1
  │   0 / 1
  │   Getting https://entradium.com/es/events/coreografia-del-caos-almeria
  │   Sleep 4
  │   ['11.04.2026', '20:30']
  │   --------------------
  │   {'id': 'b92118ea', 'show': 1, 'in_city': 1, 'one_day': 1,
  │   'wrong_date_time': 0, 'event': 'Coreografía Del Caos', 'slug':
  │   'coreografia-del-caos', 'category': '__NOT_DEFINIED__', 'id_venue':
  │   'BpNJrbgb', 'venue': 'Sala Abba', 'std_venue': 'Sala Abba',
  │   'start_date': '2026-04-11', 'start_time': '20:30:00', 'end_date':
  │   '__NOT_DEFINIED__', 'end_time': '__NOT_DEFINIED__', 'description':
  │   'COREOGRAFÍA DEL CAOS Un show de teatro improvisado que no se
  │   escribe.Se mueve.Cuerpos, miradas, música y emoción abren un espacio
  │   donde lo real y lo imaginario se entremezclan.Fragmentos poéticos,
  │   verdades compartidas y silencios que vosotras termináis de
  │   completar.Nada está decidido.Todo puede suceder.', 'others': {},
  │   'source': 'Entradium', 'exec_time': '20260322T105724', 'session':
  │   '2026_03_22_10_51_Domingo', 'image':
  │   'https://d2il8hfach02z9.cloudfront.net/uploads/event/poster/c4a7f8378bc5
  │   330091ecccc48a3fbc0656b80d90/event_m_1000153365.png?v=1774029576',
  │   'url': 'https://entradium.com/es/events/coreografia-del-caos-almeria'}
  │   ****************************
  │   Saving 1 new events
  │   Saving in
  │   /home/ubuntu/data_storage/Almeria/2026_03_22_10_51_Domingo/0_raw/2026032
  │   2_1057_Entradium.json
  │   Saving 1 master url
  │   Appending to /home/ubuntu/data_storage/Almeria/00_master/master_url.json
  └─stderr:
      /usr/local/lib/python3.11/site-packages/urllib3/connectionpool.py:1097:
      InsecureRequestWarning: Unverified HTTPS request is being made to host
      'entradium.com'. Adding certificate verification is strongly advised. See:
      https://urllib3.readthedocs.io/en/latest/advanced-usage.html#tls-warnings
      warnings.warn(

Result: Succeeded

Launching scraper: TodasLasEntradas
Succeeded - 2026-03-22T10:58:00Z

dag: FisgonTaskSelenium (9.0s)
│
└─tarea_1 (9.0s) [succeeded]
  ├─bash -lc 'set -eo pipefail; export DOCKER_CONFIG=/tmp/.docker HOME=/tmp;
  │   SELENIUM_NAME="selenium_${DAG_RUN_ID:-$$}_$(date +%s)"; cleanup() {
  │   docker rm -f "$SELENIUM_NAME" >/dev/null 2>&1 || true; }; trap cleanup
  │   EXIT; docker run -d --rm --name "$SELENIUM_NAME" --shm-size=2g -e
  │   SE_NODE_MAX_SESSIONS=1 -e SE_NODE_OVERRIDE_MAX_SESSIONS=true
  │   selenium/standalone-chrome:latest >/dev/null; docker exec
  │   "$SELENIUM_NAME" bash -c "for i in \$(seq 1 60); do (echo >
  │   /dev/tcp/127.0.0.1/4444) >/dev/null 2>&1 && exit 0; sleep 1; done; exit
  │   1"; docker run --rm --network container:"$SELENIUM_NAME" -v
  │   /home/ubuntu/work/fisgon:/app -v
  │   /home/ubuntu/data_storage:/home/ubuntu/data_storage -v
  │   /home/ubuntu/work/event_flask_app/static/img:/home/ubuntu/work/event_fla
  │   sk_app/static/img -w /app -e OPERATION=0 -e DOCKER_CONFIG=/tmp/.docker
  │   -e HOME=/tmp -e TARGET_CITY -e TARGET_SCRAPER -e
  │   DAG_RUN_URL="${DAGU_BASE_URL:-}/dags/${DAG_NAME}?dagRunId=${DAG_RUN_ID}"
  │   -e
  │   DAG_RUN_LOG_URL="${DAGU_BASE_URL:-}/dags/${DAG_NAME}/log?remoteNode=loca
  │   l&step=tarea_1&dagRunId=${DAG_RUN_ID}" fisgon_scraper:1.0'
  │
  └─stdout:
      RUNNING VARS →
      CITY=Almeria,
      OPERATION=0,
      CREATE_SESSION=0,
      CLOSE_SESSION=0,
      SESSION=None,
      IMAGES=0,
      GET_SCRAPERS=
      SCRAPER=TodasLasEntradas
      DAG_RUN_URL=/dags/FisgonTaskSelenium/log?remoteNode=local&step=tarea_1&dag
      RunId=019d1531-d621-733a-a90e-984f417ad3a3
      Running for Almeria: TodasLasEntradas
      TodasLasEntradas
      RUNNING SESSION =  2026_03_22_10_51_Domingo
      Starting WebDriver...
      http://localhost:4444/wd/hub
      Getting content
      *** SCRAPED 12 URLS WITH EVENTS **
      New url events = 0
      #######################
      No new urls/events extracted. No new events to save
      #######################

Result: Succeeded

Launching scraper: RedBibliotecas
Succeeded - 2026-03-22T10:58:09Z

dag: FisgonTaskSelenium (9.0s)
│
└─tarea_1 (9.0s) [succeeded]
  ├─bash -lc 'set -eo pipefail; export DOCKER_CONFIG=/tmp/.docker HOME=/tmp;
  │   SELENIUM_NAME="selenium_${DAG_RUN_ID:-$$}_$(date +%s)"; cleanup() {
  │   docker rm -f "$SELENIUM_NAME" >/dev/null 2>&1 || true; }; trap cleanup
  │   EXIT; docker run -d --rm --name "$SELENIUM_NAME" --shm-size=2g -e
  │   SE_NODE_MAX_SESSIONS=1 -e SE_NODE_OVERRIDE_MAX_SESSIONS=true
  │   selenium/standalone-chrome:latest >/dev/null; docker exec
  │   "$SELENIUM_NAME" bash -c "for i in \$(seq 1 60); do (echo >
  │   /dev/tcp/127.0.0.1/4444) >/dev/null 2>&1 && exit 0; sleep 1; done; exit
  │   1"; docker run --rm --network container:"$SELENIUM_NAME" -v
  │   /home/ubuntu/work/fisgon:/app -v
  │   /home/ubuntu/data_storage:/home/ubuntu/data_storage -v
  │   /home/ubuntu/work/event_flask_app/static/img:/home/ubuntu/work/event_fla
  │   sk_app/static/img -w /app -e OPERATION=0 -e DOCKER_CONFIG=/tmp/.docker
  │   -e HOME=/tmp -e TARGET_CITY -e TARGET_SCRAPER -e
  │   DAG_RUN_URL="${DAGU_BASE_URL:-}/dags/${DAG_NAME}?dagRunId=${DAG_RUN_ID}"
  │   -e
  │   DAG_RUN_LOG_URL="${DAGU_BASE_URL:-}/dags/${DAG_NAME}/log?remoteNode=loca
  │   l&step=tarea_1&dagRunId=${DAG_RUN_ID}" fisgon_scraper:1.0'
  │
  └─stdout:
      RUNNING VARS →
      CITY=Almeria,
      OPERATION=0,
      CREATE_SESSION=0,
      CLOSE_SESSION=0,
      SESSION=None,
      IMAGES=0,
      GET_SCRAPERS=
      SCRAPER=RedBibliotecas
      DAG_RUN_URL=/dags/FisgonTaskSelenium/log?remoteNode=local&step=tarea_1&dag
      RunId=019d1531-f87e-77c7-ba2f-d17f40372bc8
      Running for Almeria: RedBibliotecas
      RedBibliotecas
      RUNNING SESSION =  2026_03_22_10_51_Domingo
      START
      Starting WebDriver...
      http://localhost:4444/wd/hub
      page=1
      Getting content
      ['https://www.bibliotecaspublicas.es/almeria/actividades/Agenda/ta-172-tej
      iendo.html',
      'https://www.bibliotecaspublicas.es/almeria/actividades/Agenda/ti-172-gara
      batos.html',
      'https://www.bibliotecaspublicas.es/almeria/actividades/Agenda/ti-141-gara
      batos.html',
      'https://www.bibliotecaspublicas.es/almeria/actividades/Agenda/ti-143-gara
      batos.html',
      'https://www.bibliotecaspublicas.es/almeria/actividades/Agenda/ti-140-gara
      batos.html',
      'https://www.bibliotecaspublicas.es/almeria/actividades/Agenda/cl-cabo.htm
      l',
      'https://www.bibliotecaspublicas.es/almeria/actividades/Agenda/pl-arias.ht
      ml']
      page=2
      Getting content
      ['https://www.bibliotecaspublicas.es/almeria/actividades/Agenda/ta-172-tej
      iendo.html',
      'https://www.bibliotecaspublicas.es/almeria/actividades/Agenda/ti-172-gara
      batos.html',
      'https://www.bibliotecaspublicas.es/almeria/actividades/Agenda/ti-141-gara
      batos.html',
      'https://www.bibliotecaspublicas.es/almeria/actividades/Agenda/ti-143-gara
      batos.html',
      'https://www.bibliotecaspublicas.es/almeria/actividades/Agenda/ti-140-gara
      batos.html',
      'https://www.bibliotecaspublicas.es/almeria/actividades/Agenda/cl-cabo.htm
      l',
      'https://www.bibliotecaspublicas.es/almeria/actividades/Agenda/pl-arias.ht
      ml',
      'https://www.bibliotecaspublicas.es/almeria/actividades/Agenda/ta-172-teji
      endo.html',
      'https://www.bibliotecaspublicas.es/almeria/actividades/Agenda/ti-172-gara
      batos.html',
      'https://www.bibliotecaspublicas.es/almeria/actividades/Agenda/ti-141-gara
      batos.html',
      'https://www.bibliotecaspublicas.es/almeria/actividades/Agenda/ti-143-gara
      batos.html',
      'https://www.bibliotecaspublicas.es/almeria/actividades/Agenda/ti-140-gara
      batos.html',
      'https://www.bibliotecaspublicas.es/almeria/actividades/Agenda/cl-cabo.htm
      l',
      'https://www.bibliotecaspublicas.es/almeria/actividades/Agenda/pl-arias.ht
      ml']
      page=3
      Getting content
      ['https://www.bibliotecaspublicas.es/almeria/actividades/Agenda/ta-172-tej
      iendo.html',
      'https://www.bibliotecaspublicas.es/almeria/actividades/Agenda/ti-172-gara
      batos.html',
      'https://www.bibliotecaspublicas.es/almeria/actividades/Agenda/ti-141-gara
      batos.html',
      'https://www.bibliotecaspublicas.es/almeria/actividades/Agenda/ti-143-gara
      batos.html',
      'https://www.bibliotecaspublicas.es/almeria/actividades/Agenda/ti-140-gara
      batos.html',
      'https://www.bibliotecaspublicas.es/almeria/actividades/Agenda/cl-cabo.htm
      l',
      'https://www.bibliotecaspublicas.es/almeria/actividades/Agenda/pl-arias.ht
      ml',
      'https://www.bibliotecaspublicas.es/almeria/actividades/Agenda/ta-172-teji
      endo.html',
      'https://www.bibliotecaspublicas.es/almeria/actividades/Agenda/ti-172-gara
      batos.html',
      'https://www.bibliotecaspublicas.es/almeria/actividades/Agenda/ti-141-gara
      batos.html',
      'https://www.bibliotecaspublicas.es/almeria/actividades/Agenda/ti-143-gara
      batos.html',
      'https://www.bibliotecaspublicas.es/almeria/actividades/Agenda/ti-140-gara
      batos.html',
      'https://www.bibliotecaspublicas.es/almeria/actividades/Agenda/cl-cabo.htm
      l',
      'https://www.bibliotecaspublicas.es/almeria/actividades/Agenda/pl-arias.ht
      ml',
      'https://www.bibliotecaspublicas.es/almeria/actividades/Agenda/ta-172-teji
      endo.html',
      'https://www.bibliotecaspublicas.es/almeria/actividades/Agenda/ti-172-gara
      batos.html',
      'https://www.bibliotecaspublicas.es/almeria/actividades/Agenda/ti-141-gara
      batos.html',
      'https://www.bibliotecaspublicas.es/almeria/actividades/Agenda/ti-143-gara
      batos.html',
      'https://www.bibliotecaspublicas.es/almeria/actividades/Agenda/ti-140-gara
      batos.html',
      'https://www.bibliotecaspublicas.es/almeria/actividades/Agenda/cl-cabo.htm
      l',
      'https://www.bibliotecaspublicas.es/almeria/actividades/Agenda/pl-arias.ht
      ml']
      *** SCRAPED 21 URLS WITH EVENTS **
      New url events = 0
      #######################
      No new urls/events extracted. No new events to save
      #######################

Result: Succeeded

Launching scraper: SalaEmma
Succeeded - 2026-03-22T10:58:18Z

dag: FisgonTaskSelenium (18.0s)
│
└─tarea_1 (18.0s) [succeeded]
  ├─bash -lc 'set -eo pipefail; export DOCKER_CONFIG=/tmp/.docker HOME=/tmp;
  │   SELENIUM_NAME="selenium_${DAG_RUN_ID:-$$}_$(date +%s)"; cleanup() {
  │   docker rm -f "$SELENIUM_NAME" >/dev/null 2>&1 || true; }; trap cleanup
  │   EXIT; docker run -d --rm --name "$SELENIUM_NAME" --shm-size=2g -e
  │   SE_NODE_MAX_SESSIONS=1 -e SE_NODE_OVERRIDE_MAX_SESSIONS=true
  │   selenium/standalone-chrome:latest >/dev/null; docker exec
  │   "$SELENIUM_NAME" bash -c "for i in \$(seq 1 60); do (echo >
  │   /dev/tcp/127.0.0.1/4444) >/dev/null 2>&1 && exit 0; sleep 1; done; exit
  │   1"; docker run --rm --network container:"$SELENIUM_NAME" -v
  │   /home/ubuntu/work/fisgon:/app -v
  │   /home/ubuntu/data_storage:/home/ubuntu/data_storage -v
  │   /home/ubuntu/work/event_flask_app/static/img:/home/ubuntu/work/event_fla
  │   sk_app/static/img -w /app -e OPERATION=0 -e DOCKER_CONFIG=/tmp/.docker
  │   -e HOME=/tmp -e TARGET_CITY -e TARGET_SCRAPER -e
  │   DAG_RUN_URL="${DAGU_BASE_URL:-}/dags/${DAG_NAME}?dagRunId=${DAG_RUN_ID}"
  │   -e
  │   DAG_RUN_LOG_URL="${DAGU_BASE_URL:-}/dags/${DAG_NAME}/log?remoteNode=loca
  │   l&step=tarea_1&dagRunId=${DAG_RUN_ID}" fisgon_scraper:1.0'
  │
  └─stdout: ... (12 more lines)
      RUNNING SESSION =  2026_03_22_10_51_Domingo
      Starting WebDriver...
      http://localhost:4444/wd/hub
      sleeping 10
      Getting content
      --------------------
      {'id': 'b6d7de58', 'show': 1, 'in_city': 1, 'one_day': 1,
      'wrong_date_time': 0, 'event': 'Menos Es Más', 'slug': 'menos-es-mas',
      'category': '__NOT_DEFINIED__', 'id_venue': '7qHRF9LM', 'venue': 'Sala
      EMMA', 'std_venue': 'Sala Escuela Municipal de Música & Artes',
      'start_date': '2026-05-22', 'start_time': '20:00:00', 'end_date':
      '__NOT_FOUND__', 'end_time': '__NOT_FOUND__', 'description': 'Viernes, 22
      de Mayo, 2026 8:00 PM "Menos es Mas" es un formato diferente para amenizar
      tu evento. Este proyecto combina rock, jazz, pop...y su finalidad es
      transmitir emociones a través del instrumento. Juanmi Viñolo ha
      preparado una selección de temas de grandes clásicos de artistas como
      Frank Sinatra, Carlos\nSantana, Luis Salinas...\nSi te gusta la guitarra
      eléctrica, no te lo puedes perder 10.00 €', 'others': {}, 'source':
      'SalaEmma', 'exec_time': '20260322T105822', 'session':
      '2026_03_22_10_51_Domingo', 'image':
      '/home/ubuntu/work/event_flask_app/static/img/14880c6e.jpg', 'url':
      'https://entradasemma.azurewebsites.net/'}
      --------------------
      {'id': '2f6a6dda', 'show': 1, 'in_city': 1, 'one_day': 1,
      'wrong_date_time': 0, 'event': 'Una De Impro! Dela Mujer', 'slug':
      'una-de-impro-dela-mujer', 'category': '__NOT_DEFINIED__', 'id_venue':
      '7qHRF9LM', 'venue': 'Sala EMMA', 'std_venue': 'Sala Escuela Municipal de
      Música & Artes', 'start_date': '2026-03-26', 'start_time': '21:00:00',
      'end_date': '__NOT_FOUND__', 'end_time': '__NOT_FOUND__', 'description':
      'Jueves, 26 de Marzo, 2026 9:00 PM 10.00 € Anticipada: 8.00 € hasta el
      Miércoles, 25 de Marzo, 2026', 'others': {}, 'source': 'SalaEmma',
      'exec_time': '20260322T105822', 'session': '2026_03_22_10_51_Domingo',
      'image': '/home/ubuntu/work/event_flask_app/static/img/d0d7adb3.jpg',
      'url': 'https://entradasemma.azurewebsites.net/'}
      --------------------
      {'id': '69cec378', 'show': 1, 'in_city': 1, 'one_day': 1,
      'wrong_date_time': 0, 'event': 'Alvarito', 'slug': 'alvarito', 'category':
      '__NOT_DEFINIED__', 'id_venue': '7qHRF9LM', 'venue': 'Sala EMMA',
      'std_venue': 'Sala Escuela Municipal de Música & Artes', 'start_date':
      '2026-06-06', 'start_time': '20:00:00', 'end_date': '__NOT_FOUND__',
      'end_time': '__NOT_FOUND__', 'description': 'Sábado, 6 de Junio, 2026
      8:00 PM 12.00 €', 'others': {}, 'source': 'SalaEmma', 'exec_time':
      '20260322T105822', 'session': '2026_03_22_10_51_Domingo', 'image':
      '/home/ubuntu/work/event_flask_app/static/img/8ea88cbc.jpg', 'url':
      'https://entradasemma.azurewebsites.net/'}
      --------------------
      {'id': 'ebf8eab5', 'show': 1, 'in_city': 1, 'one_day': 1,
      'wrong_date_time': 0, 'event': 'El Mentalista Canalla', 'slug':
      'el-mentalista-canalla', 'category': '__NOT_DEFINIED__', 'id_venue':
      '7qHRF9LM', 'venue': 'Sala EMMA', 'std_venue': 'Sala Escuela Municipal de
      Música & Artes', 'start_date': '2026-04-24', 'start_time': '20:00:00',
      'end_date': '__NOT_FOUND__', 'end_time': '__NOT_FOUND__', 'description':
      'Viernes, 24 de Abril, 2026 8:00 PM 12.00 €', 'others': {}, 'source':
      'SalaEmma', 'exec_time': '20260322T105822', 'session':
      '2026_03_22_10_51_Domingo', 'image':
      '/home/ubuntu/work/event_flask_app/static/img/66ca50a5.jpg', 'url':
      'https://entradasemma.azurewebsites.net/'}
      --------------------
      {'id': '657f5959', 'show': 1, 'in_city': 1, 'one_day': 1,
      'wrong_date_time': 0, 'event': '¡corten! Una Comedia De Cine', 'slug':
      'corten-una-comedia-de-cine', 'category': '__NOT_DEFINIED__', 'id_venue':
      '7qHRF9LM', 'venue': 'Sala EMMA', 'std_venue': 'Sala Escuela Municipal de
      Música & Artes', 'start_date': '2026-04-25', 'start_time': '20:00:00',
      'end_date': '__NOT_FOUND__', 'end_time': '__NOT_FOUND__', 'description':
      'Sábado, 25 de Abril, 2026 8:00 PM 12.00 €', 'others': {}, 'source':
      'SalaEmma', 'exec_time': '20260322T105822', 'session':
      '2026_03_22_10_51_Domingo', 'image':
      '/home/ubuntu/work/event_flask_app/static/img/897467d6.jpg', 'url':
      'https://entradasemma.azurewebsites.net/'}
      --------------------
      {'id': '840ba835', 'show': 1, 'in_city': 1, 'one_day': 1,
      'wrong_date_time': 0, 'event': 'Kikín Fernández Y Fernando Labordeta',
      'slug': 'kikin-fernandez-y-fernando-labordeta', 'category':
      '__NOT_DEFINIED__', 'id_venue': '7qHRF9LM', 'venue': 'Sala EMMA',
      'std_venue': 'Sala Escuela Municipal de Música & Artes', 'start_date':
      '2026-05-16', 'start_time': '20:00:00', 'end_date': '__NOT_FOUND__',
      'end_time': '__NOT_FOUND__', 'description': 'Sábado, 16 de Mayo, 2026
      8:00 PM 12.00 €', 'others': {}, 'source': 'SalaEmma', 'exec_time':
      '20260322T105822', 'session': '2026_03_22_10_51_Domingo', 'image':
      '/home/ubuntu/work/event_flask_app/static/img/8375a88a.jpg', 'url':
      'https://entradasemma.azurewebsites.net/'}
      --------------------
      {'id': '411e9e58', 'show': 1, 'in_city': 1, 'one_day': 1,
      'wrong_date_time': 0, 'event': 'Menos Es Más (Alumnos Emma)', 'slug':
      'menos-es-mas-alumnos-emma', 'category': '__NOT_DEFINIED__', 'id_venue':
      '7qHRF9LM', 'venue': 'Sala EMMA', 'std_venue': 'Sala Escuela Municipal de
      Música & Artes', 'start_date': '2026-05-22', 'start_time': '20:00:00',
      'end_date': '__NOT_FOUND__', 'end_time': '__NOT_FOUND__', 'description':
      'Viernes, 22 de Mayo, 2026 8:00 PM 8.00 €', 'others': {}, 'source':
      'SalaEmma', 'exec_time': '20260322T105822', 'session':
      '2026_03_22_10_51_Domingo', 'image':
      '/home/ubuntu/work/event_flask_app/static/img/a1c15fa7.jpg', 'url':
      'https://entradasemma.azurewebsites.net/'}
      --------------------
      {'id': 'ed1a4eeb', 'show': 1, 'in_city': 1, 'one_day': 1,
      'wrong_date_time': 0, 'event': 'Melocotón en Almíbar', 'slug':
      'melocoton-en-almibar', 'category': '__NOT_DEFINIED__', 'id_venue':
      '7qHRF9LM', 'venue': 'Sala EMMA', 'std_venue': 'Sala Escuela Municipal de
      Música & Artes', 'start_date': '2026-05-09', 'start_time': '20:00:00',
      'end_date': '__NOT_FOUND__', 'end_time': '__NOT_FOUND__', 'description':
      'Sábado, 9 de Mayo, 2026 8:00 PM 12.00 €', 'others': {}, 'source':
      'SalaEmma', 'exec_time': '20260322T105822', 'session':
      '2026_03_22_10_51_Domingo', 'image':
      '/home/ubuntu/work/event_flask_app/static/img/45815cf2.jpg', 'url':
      'https://entradasemma.azurewebsites.net/'}
      --------------------
      {'id': 'ffdbf16d', 'show': 1, 'in_city': 1, 'one_day': 1,
      'wrong_date_time': 0, 'event': 'Manolo Lera', 'slug': 'manolo-lera',
      'category': '__NOT_DEFINIED__', 'id_venue': '7qHRF9LM', 'venue': 'Sala
      EMMA', 'std_venue': 'Sala Escuela Municipal de Música & Artes',
      'start_date': '2026-04-11', 'start_time': '20:00:00', 'end_date':
      '__NOT_FOUND__', 'end_time': '__NOT_FOUND__', 'description': 'Sábado, 11
      de Abril, 2026 8:00 PM 12.00 €', 'others': {}, 'source': 'SalaEmma',
      'exec_time': '20260322T105822', 'session': '2026_03_22_10_51_Domingo',
      'image': '/home/ubuntu/work/event_flask_app/static/img/e4b86a1c.jpg',
      'url': 'https://entradasemma.azurewebsites.net/'}
      --------------------
      {'id': '58f6dfbc', 'show': 1, 'in_city': 1, 'one_day': 1,
      'wrong_date_time': 0, 'event': 'Pepe El Caja', 'slug': 'pepe-el-caja',
      'category': '__NOT_DEFINIED__', 'id_venue': '7qHRF9LM', 'venue': 'Sala
      EMMA', 'std_venue': 'Sala Escuela Municipal de Música & Artes',
      'start_date': '2026-05-23', 'start_time': '20:00:00', 'end_date':
      '__NOT_FOUND__', 'end_time': '__NOT_FOUND__', 'description': 'Sábado, 23
      de Mayo, 2026 8:00 PM 15.00 €', 'others': {}, 'source': 'SalaEmma',
      'exec_time': '20260322T105822', 'session': '2026_03_22_10_51_Domingo',
      'image': '/home/ubuntu/work/event_flask_app/static/img/bcb52306.jpg',
      'url': 'https://entradasemma.azurewebsites.net/'}
      --------------------
      {'id': 'd65722a8', 'show': 1, 'in_city': 1, 'one_day': 1,
      'wrong_date_time': 0, 'event': 'Victor Castigao Descontrolao', 'slug':
      'victor-castigao-descontrolao', 'category': '__NOT_DEFINIED__',
      'id_venue': '7qHRF9LM', 'venue': 'Sala EMMA', 'std_venue': 'Sala Escuela
      Municipal de Música & Artes', 'start_date': '2026-04-18', 'start_time':
      '20:00:00', 'end_date': '__NOT_FOUND__', 'end_time': '__NOT_FOUND__',
      'description': 'Sábado, 18 de Abril, 2026 8:00 PM 12.00 €', 'others':
      {}, 'source': 'SalaEmma', 'exec_time': '20260322T105822', 'session':
      '2026_03_22_10_51_Domingo', 'image':
      '/home/ubuntu/work/event_flask_app/static/img/fa860cbb.jpg', 'url':
      'https://entradasemma.azurewebsites.net/'}
      --------------------
      {'id': '89f42882', 'show': 1, 'in_city': 1, 'one_day': 1,
      'wrong_date_time': 0, 'event': 'Humor De Casados (Mariano Ypunto Y La
      Nena)', 'slug': 'humor-de-casados-mariano-ypunto-y-la-nena', 'category':
      '__NOT_DEFINIED__', 'id_venue': '7qHRF9LM', 'venue': 'Sala EMMA',
      'std_venue': 'Sala Escuela Municipal de Música & Artes', 'start_date':
      '2026-06-13', 'start_time': '20:00:00', 'end_date': '__NOT_FOUND__',
      'end_time': '__NOT_FOUND__', 'description': 'Sábado, 13 de Junio, 2026
      8:00 PM 15.00 €', 'others': {}, 'source': 'SalaEmma', 'exec_time':
      '20260322T105822', 'session': '2026_03_22_10_51_Domingo', 'image':
      '/home/ubuntu/work/event_flask_app/static/img/8bad5600.jpg', 'url':
      'https://entradasemma.azurewebsites.net/'}
      Checking unique event dict.
      Reading /home/ubuntu/data_storage/Almeria/00_master/master_events.json...
      *******
      [('Rafa Tornado Punkústico', 'Sala EMMA', '2026-03-15', '17:00:00'),
      ('Una De Imrpo! Dela Mujer', 'Sala EMMA', '2026-03-26', '21:00:00'),
      ('¡corten! Una Comedia De Cine', 'Sala EMMA', '2026-04-25', '20:00:00'),
      ('Melocotón en Almíbar', 'Sala EMMA', '2026-05-09', '20:00:00'),
      ('Kikín Fernández Y Fernando Labordeta', 'Sala EMMA', '2026-05-16',
      '20:00:00'), ('Menos Es Más', 'Sala EMMA', '2026-05-22', '20:00:00'),
      ('Pepe El Caja', 'Sala EMMA', '2026-05-23', '20:00:00'), ('Alvarito',
      'Sala EMMA', '2026-06-06', '20:00:00'), ('Humor De Casados (Mariano Ypunto
      Y La Nena)', 'Sala EMMA', '2026-06-13', '20:00:00')]
      ('Menos Es Más', 'Sala EMMA', '2026-05-22', '20:00:00')
      ('Una De Impro! Dela Mujer', 'Sala EMMA', '2026-03-26', '21:00:00')
      ('Alvarito', 'Sala EMMA', '2026-06-06', '20:00:00')
      ('El Mentalista Canalla', 'Sala EMMA', '2026-04-24', '20:00:00')
      ('¡corten! Una Comedia De Cine', 'Sala EMMA', '2026-04-25', '20:00:00')
      ('Kikín Fernández Y Fernando Labordeta', 'Sala EMMA', '2026-05-16',
      '20:00:00')
      ('Menos Es Más (Alumnos Emma)', 'Sala EMMA', '2026-05-22', '20:00:00')
      ('Melocotón en Almíbar', 'Sala EMMA', '2026-05-09', '20:00:00')
      ('Manolo Lera', 'Sala EMMA', '2026-04-11', '20:00:00')
      ('Pepe El Caja', 'Sala EMMA', '2026-05-23', '20:00:00')
      ('Victor Castigao Descontrolao', 'Sala EMMA', '2026-04-18', '20:00:00')
      ('Humor De Casados (Mariano Ypunto Y La Nena)', 'Sala EMMA', '2026-06-13',
      '20:00:00')
      ****************************
      Saving 5 new events
      Saving in
      /home/ubuntu/data_storage/Almeria/2026_03_22_10_51_Domingo/0_raw/20260322_
      1058_SalaEmma.json
      Saving 5 master url
      Appending to  /home/ubuntu/data_storage/Almeria/00_master/master_url.json

Result: Succeeded

