time=2026-03-22T10:53:20.915Z level=INFO msg="Executing root dag-run" dag=FisgonTaskSelenium run-id=019d152d-9090-77cf-92ed-61882fea8704 params=""
time=2026-03-22T10:53:20.928Z level=INFO msg="DAG run started" name=FisgonTaskSelenium run-id=019d152d-9090-77cf-92ed-61882fea8704 attempt-id="" dag=FisgonTaskSelenium run-id=019d152d-9090-77cf-92ed-61882fea8704 params="[TARGET_CITY=Almeria TARGET_SCRAPER=AlmeriaCiudad 3=DAGU_BASE_URL=]"
time=2026-03-22T10:53:20.931Z level=INFO msg="Step started" name=FisgonTaskSelenium run-id=019d152d-9090-77cf-92ed-61882fea8704 attempt-id="" dag=FisgonTaskSelenium run-id=019d152d-9090-77cf-92ed-61882fea8704 step=tarea_1
time=2026-03-22T10:53:58.346Z level=INFO msg="DAG run finished" name=FisgonTaskSelenium run-id=019d152d-9090-77cf-92ed-61882fea8704 attempt-id="" dag=FisgonTaskSelenium run-id=019d152d-9090-77cf-92ed-61882fea8704 status=succeeded started-at=2026-03-22T10:53:20Z finished-at=2026-03-22T10:53:58Z
time=2026-03-22T10:53:58.426Z level=INFO msg="Executing root dag-run" dag=FisgonTaskSelenium run-id=019d152e-2301-7018-9de6-b410e0da8781 params=""
time=2026-03-22T10:53:58.442Z level=INFO msg="DAG run started" name=FisgonTaskSelenium run-id=019d152e-2301-7018-9de6-b410e0da8781 attempt-id="" dag=FisgonTaskSelenium run-id=019d152e-2301-7018-9de6-b410e0da8781 params="[TARGET_CITY=Almeria TARGET_SCRAPER=AlmeriaTurismo 3=DAGU_BASE_URL=]"
time=2026-03-22T10:53:58.445Z level=INFO msg="Step started" name=FisgonTaskSelenium run-id=019d152e-2301-7018-9de6-b410e0da8781 attempt-id="" dag=FisgonTaskSelenium run-id=019d152e-2301-7018-9de6-b410e0da8781 step=tarea_1
time=2026-03-22T10:54:37.552Z level=INFO msg="DAG run finished" name=FisgonTaskSelenium run-id=019d152e-2301-7018-9de6-b410e0da8781 attempt-id="" dag=FisgonTaskSelenium run-id=019d152e-2301-7018-9de6-b410e0da8781 status=succeeded started-at=2026-03-22T10:53:58Z finished-at=2026-03-22T10:54:37Z
time=2026-03-22T10:54:37.665Z level=INFO msg="Executing root dag-run" dag=FisgonTaskSelenium run-id=019d152e-bc5d-7c39-b2ac-77661240561f params=""
time=2026-03-22T10:54:37.728Z level=INFO msg="DAG run started" name=FisgonTaskSelenium run-id=019d152e-bc5d-7c39-b2ac-77661240561f attempt-id="" dag=FisgonTaskSelenium run-id=019d152e-bc5d-7c39-b2ac-77661240561f params="[TARGET_CITY=Almeria TARGET_SCRAPER=JuntaAndaluciaAgenda 3=DAGU_BASE_URL=]"
time=2026-03-22T10:54:37.747Z level=INFO msg="Step started" name=FisgonTaskSelenium run-id=019d152e-bc5d-7c39-b2ac-77661240561f attempt-id="" dag=FisgonTaskSelenium run-id=019d152e-bc5d-7c39-b2ac-77661240561f step=tarea_1
time=2026-03-22T10:56:02.416Z level=INFO msg="DAG run finished" name=FisgonTaskSelenium run-id=019d152e-bc5d-7c39-b2ac-77661240561f attempt-id="" dag=FisgonTaskSelenium run-id=019d152e-bc5d-7c39-b2ac-77661240561f status=succeeded started-at=2026-03-22T10:54:37Z finished-at=2026-03-22T10:56:02Z
time=2026-03-22T10:56:02.475Z level=INFO msg="Executing root dag-run" dag=FisgonTaskSelenium run-id=019d1530-07a6-7996-872a-2ad83affe0a3 params=""
time=2026-03-22T10:56:02.491Z level=INFO msg="DAG run started" name=FisgonTaskSelenium run-id=019d1530-07a6-7996-872a-2ad83affe0a3 attempt-id="" dag=FisgonTaskSelenium run-id=019d1530-07a6-7996-872a-2ad83affe0a3 params="[TARGET_CITY=Almeria TARGET_SCRAPER=ClassicJazz 3=DAGU_BASE_URL=]"
time=2026-03-22T10:56:02.494Z level=INFO msg="Step started" name=FisgonTaskSelenium run-id=019d1530-07a6-7996-872a-2ad83affe0a3 attempt-id="" dag=FisgonTaskSelenium run-id=019d1530-07a6-7996-872a-2ad83affe0a3 step=tarea_1
time=2026-03-22T10:57:19.148Z level=INFO msg="DAG run finished" name=FisgonTaskSelenium run-id=019d1530-07a6-7996-872a-2ad83affe0a3 attempt-id="" dag=FisgonTaskSelenium run-id=019d1530-07a6-7996-872a-2ad83affe0a3 status=succeeded started-at=2026-03-22T10:56:02Z finished-at=2026-03-22T10:57:19Z
time=2026-03-22T10:57:19.195Z level=INFO msg="Executing root dag-run" dag=FisgonTaskSelenium run-id=019d1531-3359-73d8-b6c0-24836729a2a0 params=""
time=2026-03-22T10:57:19.205Z level=INFO msg="DAG run started" name=FisgonTaskSelenium run-id=019d1531-3359-73d8-b6c0-24836729a2a0 attempt-id="" dag=FisgonTaskSelenium run-id=019d1531-3359-73d8-b6c0-24836729a2a0 params="[TARGET_CITY=Almeria TARGET_SCRAPER=Entradium 3=DAGU_BASE_URL=]"
time=2026-03-22T10:57:19.207Z level=INFO msg="Step started" name=FisgonTaskSelenium run-id=019d1531-3359-73d8-b6c0-24836729a2a0 attempt-id="" dag=FisgonTaskSelenium run-id=019d1531-3359-73d8-b6c0-24836729a2a0 step=tarea_1
time=2026-03-22T10:58:00.828Z level=INFO msg="DAG run finished" name=FisgonTaskSelenium run-id=019d1531-3359-73d8-b6c0-24836729a2a0 attempt-id="" dag=FisgonTaskSelenium run-id=019d1531-3359-73d8-b6c0-24836729a2a0 status=succeeded started-at=2026-03-22T10:57:19Z finished-at=2026-03-22T10:58:00Z
time=2026-03-22T10:58:00.867Z level=INFO msg="Executing root dag-run" dag=FisgonTaskSelenium run-id=019d1531-d621-733a-a90e-984f417ad3a3 params=""
time=2026-03-22T10:58:00.878Z level=INFO msg="DAG run started" name=FisgonTaskSelenium run-id=019d1531-d621-733a-a90e-984f417ad3a3 attempt-id="" dag=FisgonTaskSelenium run-id=019d1531-d621-733a-a90e-984f417ad3a3 params="[TARGET_CITY=Almeria TARGET_SCRAPER=TodasLasEntradas 3=DAGU_BASE_URL=]"
time=2026-03-22T10:58:00.881Z level=INFO msg="Step started" name=FisgonTaskSelenium run-id=019d1531-d621-733a-a90e-984f417ad3a3 attempt-id="" dag=FisgonTaskSelenium run-id=019d1531-d621-733a-a90e-984f417ad3a3 step=tarea_1
time=2026-03-22T10:58:09.624Z level=INFO msg="DAG run finished" name=FisgonTaskSelenium run-id=019d1531-d621-733a-a90e-984f417ad3a3 attempt-id="" dag=FisgonTaskSelenium run-id=019d1531-d621-733a-a90e-984f417ad3a3 status=succeeded started-at=2026-03-22T10:58:00Z finished-at=2026-03-22T10:58:09Z
time=2026-03-22T10:58:09.664Z level=INFO msg="Executing root dag-run" dag=FisgonTaskSelenium run-id=019d1531-f87e-77c7-ba2f-d17f40372bc8 params=""
time=2026-03-22T10:58:09.678Z level=INFO msg="DAG run started" name=FisgonTaskSelenium run-id=019d1531-f87e-77c7-ba2f-d17f40372bc8 attempt-id="" dag=FisgonTaskSelenium run-id=019d1531-f87e-77c7-ba2f-d17f40372bc8 params="[TARGET_CITY=Almeria TARGET_SCRAPER=RedBibliotecas 3=DAGU_BASE_URL=]"
time=2026-03-22T10:58:09.681Z level=INFO msg="Step started" name=FisgonTaskSelenium run-id=019d1531-f87e-77c7-ba2f-d17f40372bc8 attempt-id="" dag=FisgonTaskSelenium run-id=019d1531-f87e-77c7-ba2f-d17f40372bc8 step=tarea_1
time=2026-03-22T10:58:18.298Z level=INFO msg="DAG run finished" name=FisgonTaskSelenium run-id=019d1531-f87e-77c7-ba2f-d17f40372bc8 attempt-id="" dag=FisgonTaskSelenium run-id=019d1531-f87e-77c7-ba2f-d17f40372bc8 status=succeeded started-at=2026-03-22T10:58:09Z finished-at=2026-03-22T10:58:18Z
time=2026-03-22T10:58:18.340Z level=INFO msg="Executing root dag-run" dag=FisgonTaskSelenium run-id=019d1532-1a62-7c5a-9b4d-fe638e6686b4 params=""
time=2026-03-22T10:58:18.354Z level=INFO msg="DAG run started" name=FisgonTaskSelenium run-id=019d1532-1a62-7c5a-9b4d-fe638e6686b4 attempt-id="" dag=FisgonTaskSelenium run-id=019d1532-1a62-7c5a-9b4d-fe638e6686b4 params="[TARGET_CITY=Almeria TARGET_SCRAPER=SalaEmma 3=DAGU_BASE_URL=]"
time=2026-03-22T10:58:18.357Z level=INFO msg="Step started" name=FisgonTaskSelenium run-id=019d1532-1a62-7c5a-9b4d-fe638e6686b4 attempt-id="" dag=FisgonTaskSelenium run-id=019d1532-1a62-7c5a-9b4d-fe638e6686b4 step=tarea_1
time=2026-03-22T10:58:36.855Z level=INFO msg="DAG run finished" name=FisgonTaskSelenium run-id=019d1532-1a62-7c5a-9b4d-fe638e6686b4 attempt-id="" dag=FisgonTaskSelenium run-id=019d1532-1a62-7c5a-9b4d-fe638e6686b4 status=succeeded started-at=2026-03-22T10:58:18Z finished-at=2026-03-22T10:58:36Z
