
RUNNING VARS → 
        CITY=Almeria, 

        OPERATION=0,
            CREATE_SESSION=0,
            CLOSE_SESSION=0,
            SESSION=None,
            IMAGES=0,

        SCRAPER=ClassicJazz
        DAG_RUN_URL=/dags/FisgonTaskSelenium?dagRunId=019c2301-86cc-739f-95e8-d46481d91e7b

Running for Almeria: ClassicJazz
ClassicJazz
RUNNING SESSION =  2026_02_03_10_15_Martes
Starting WebDriver...
http://localhost:4444/wd/hub
*********************times =1
sleeping 7
Scrolling...
sleeping 1
Scrolling...
sleeping 1
Getting content
clicking
sleeping 3
sleeping 7
*********************times =2
sleeping 7
Scrolling...
sleeping 1
Getting content
clicking
sleeping 3
sleeping 7
*** SCRAPED 118 URLS WITH EVENTS **
New url events = 0
#######################
No new urls/events extracted. No new events to save
#######################
***===*** SCRAPER DONE, RESTARTING SELENIUM ***===***
selenium
