bash: /root/.bash_profile: Permission denied
Traceback (most recent call last):
  File "/app/run.py", line 137, in <module>
    run_one(events_extractors, TARGET_SCRAPER, session_manager, TARGET_CITY)
  File "/app/run.py", line 18, in run_one
    ev.run()
  File "/app/scraper/extractors/main_pages/abc_main_pages_extractor.py", line 17, in run
    result = self.iterate_pages_clean_events()
             ^^^^^^^^^^^^^^^^^^^^^^^^^^^^^^^^^
  File "/app/scraper/extractors/main_pages/sala_emma.py", line 34, in iterate_pages_clean_events
    return self.clean_main_page(main_page_soup)
           ^^^^^^^^^^^^^^^^^^^^^^^^^^^^^^^^^^^^
  File "/app/scraper/extractors/main_pages/abc_main_pages_extractor.py", line 63, in clean_main_page
    clean_event = self.extract_cleaned_event(info_object=info_object, casted_d=casted_d, url=tuple_url[0])
                  ^^^^^^^^^^^^^^^^^^^^^^^^^^^^^^^^^^^^^^^^^^^^^^^^^^^^^^^^^^^^^^^^^^^^^^^^^^^^^^^^^^^^^^^^
  File "/app/scraper/extractors/abc_event_model_extractor.py", line 60, in extract_cleaned_event
    d["image"] = self.try_get_image(d)
                 ^^^^^^^^^^^^^^^^^^^^^
  File "/app/scraper/extractors/abc_event_model_extractor.py", line 167, in try_get_image
    return self.get_image(d)
           ^^^^^^^^^^^^^^^^^
  File "/app/scraper/extractors/main_pages/sala_emma.py", line 74, in get_image
    with open(output_filename, "wb") as img_file:
         ^^^^^^^^^^^^^^^^^^^^^^^^^^^
FileNotFoundError: [Errno 2] No such file or directory: '/home/ubuntu/work/event_flask_app/static/img/c2cce057.jpg'
