
RUNNING VARS → 
        CITY=Almeria, 

        OPERATION=0,
            CREATE_SESSION=0,
            CLOSE_SESSION=0,
            SESSION=None,
            IMAGES=0,
            GET_SCRAPERS=

        SCRAPER=Entradium
        DAG_RUN_URL=/dags/FisgonTaskSelenium/log?remoteNode=local&step=tarea_1&dagRunId=019d4af2-765a-7846-af82-d1cdd2e6337d

Running for Almeria: Entradium
Entradium
RUNNING SESSION =  2026_04_01_21_21_Miercoles
Starting WebDriver...
http://localhost:4444/wd/hub
sleeping 5
clicking
sleeping 3
sleeping 1.5
sleeping 3
******
xpath
/html/body/header/div[2]/div[1]/div/div/form/div/div/button/span/i
clicking
sleeping 3
sleeping 8
Getting content
*** SCRAPED 24 URLS WITH EVENTS **
New url events = 3
0 / 3
Getting https://entradium.com/es/events/impro-comedia-artenvacio-ultima-llamada
Sleep 4
['10.04.2026', '20:30']
--------------------
{'id': '319b341d', 'show': 1, 'in_city': 1, 'one_day': 1, 'wrong_date_time': 0, 'event': 'Impro Comedia Artenvacio - Última Llamada', 'slug': 'impro-comedia-artenvacio-ultima-llamada', 'category': '__NOT_DEFINIED__', 'id_venue': '9B7gDFP7', 'venue': 'Sala Stand Up Artenvacio', 'std_venue': 'Sala Artenvacio', 'start_date': '2026-04-10', 'start_time': '20:30:00', 'end_date': '__NOT_DEFINIED__', 'end_time': '__NOT_DEFINIED__', 'description': 'IMPRO COMEDIA ARTENVACIO - ÚLTIMA LLAMADAUn espectáculo de teatro improvisado que explora las emociones, tensiones y sorpresas que surgen en los momentos previos o posteriores a una llamada. Este show lleva a las actrices y al público a un viaje en el que las conversaciones inesperadas, los encuentros con personas del pasado o futuro y las decisiones cruciales se hacen tan relevantes como intensas.Es una experiencia teatral fresca y emocionante que invita al espectador a reflexionar sobre el mundo que nos rodea, todo mientras se divierte y se enfrenta a situaciones absurdas, familiares o incluso dramáticas.Apertura de puertas a las: 20:00 hEspectáculo a las: 20:30 hEntradas en Entradium: 10€Entradas en puerta: 12€', 'others': {}, 'source': 'Entradium', 'exec_time': '20260401T212822', 'session': '2026_04_01_21_21_Miercoles', 'image': 'https://d2il8hfach02z9.cloudfront.net/uploads/event/poster/ae5d91a1ff9c5ad9e41903dd08914cafbf449b18/event_m_WhatsApp_Image_2026-03-25_at_21.00.01.jpeg?v=1774940078', 'url': 'https://entradium.com/es/events/impro-comedia-artenvacio-ultima-llamada'}
1 / 3
Getting https://entradium.com/es/events/sagrat-saturno-en-dragonfly-rock-cafe
Sleep 4
['2.05.2026', '21:30']
--------------------
{'id': 'a0ae1319', 'show': 1, 'in_city': 1, 'one_day': 1, 'wrong_date_time': 0, 'event': 'Sagrat + Saturno en Dragonfly Rock Café', 'slug': 'sagrat-saturno-en-dragonfly-rock-cafe', 'category': '__NOT_DEFINIED__', 'id_venue': '8HQR2Gfh', 'venue': 'DRAGONFLY  ROCK CAFÉ', 'std_venue': 'Dragon Fly Rock Café', 'start_date': '2026-05-02', 'start_time': '21:30:00', 'end_date': '__NOT_DEFINIED__', 'end_time': '__NOT_DEFINIED__', 'description': "Noche de heavy rock con la banda valenciana SAGRAT, presentando su nuevo trabajo ''PERDIDOS EN EL TIEMPO'', acompañados por la banda local SATURNO.", 'others': {}, 'source': 'Entradium', 'exec_time': '20260401T212822', 'session': '2026_04_01_21_21_Miercoles', 'image': 'https://d2il8hfach02z9.cloudfront.net/uploads/event/poster/fc6f01ae05740e91d166bd7603f3691596e5a4f9/event_m_CARTEL_ALMERIA2.png?v=1774996052', 'url': 'https://entradium.com/es/events/sagrat-saturno-en-dragonfly-rock-cafe'}
2 / 3
Getting https://entradium.com/es/events/la-casa-de-bernarda-alba-e589cdae-732d-4d8f-9a3b-6efdacf77251
Sleep 4
['29.05.2026', '20:30']
--------------------
{'id': 'ace6da09', 'show': 1, 'in_city': 1, 'one_day': 1, 'wrong_date_time': 0, 'event': 'La Casa De Bernarda Alba', 'slug': 'la-casa-de-bernarda-alba', 'category': '__NOT_DEFINIED__', 'id_venue': '7qHRF9LM', 'venue': 'Sala Emma', 'std_venue': 'Sala Escuela Municipal de Música & Artes', 'start_date': '2026-05-29', 'start_time': '20:30:00', 'end_date': '__NOT_DEFINIED__', 'end_time': '__NOT_DEFINIED__', 'description': 'Tras la muerte de su segundo marido, Bernarda Alba impone a sus cinco hijas un luto riguroso de ocho años. La tensión estalla con la aparición de Pepe el Romano, quien pretende casarse con una de las hermanas. Mientras tanto, las demás vivirán en una atmósfera de represión y contención en la que se desatará una tormenta de celos, rebeldía y una lucha entre la autoridad de una madre con firmes principios y el deseo de libertad de sus hijas que las llevará a un destino que ninguna podrá evitar.', 'others': {}, 'source': 'Entradium', 'exec_time': '20260401T212822', 'session': '2026_04_01_21_21_Miercoles', 'image': 'https://d2il8hfach02z9.cloudfront.net/uploads/event/poster/aa83a6ac8c5f6be2af44ac460aeeb485a752dfef/event_m_CARTEL_LA_CASA_DE_BERNARDA_ALBA.jpeg?v=1775041741', 'url': 'https://entradium.com/es/events/la-casa-de-bernarda-alba-e589cdae-732d-4d8f-9a3b-6efdacf77251'}
****************************
Saving 3 new events
Saving in  /home/ubuntu/data_storage/Almeria/2026_04_01_21_21_Miercoles/0_raw/20260401_2128_Entradium.json
Saving 3 master url
Appending to  /home/ubuntu/data_storage/Almeria/00_master/master_url.json
