
> build:css
> tailwindcss -i ./src/tailwind.css -o ./static/css/tailwind.css --minify

Images: need download 28 (skipped=344)
Images: 1/28 (downloaded=0 failed=0)
Images: 25/28 (downloaded=0 failed=24)
Images: 28/28 (downloaded=0 failed=27)
Images: {'events_total': 372, 'events_with_remote': 28, 'skipped_already_present': 344, 'to_download': 28, 'downloaded': 0, 'failed_download': 28, 'failed_decode': 0, 'written': 0} -> /app/dist/almeria/static/img/events
HTML: rendering 403 pages
HTML: 1/403
HTML: 25/403
HTML: 50/403
HTML: 75/403
HTML: 100/403
HTML: 125/403
HTML: 150/403
HTML: 175/403
HTML: 200/403
HTML: 225/403
HTML: 250/403
HTML: 275/403
HTML: 300/403
HTML: 325/403
HTML: 350/403
HTML: 375/403
HTML: 400/403
HTML: 403/403
Built 2 month pages + 401 other pages into /app/dist/almeria
Wrote /app/dist/almeria/sitemap.xml
Wrote /app/dist/almeria/robots.txt
