Failed - 2026-03-01T15:25:49Z

dag: FisgonSession (1.0s)
│
└─session (1.0s) [failed]
  ├─bash -lc 'docker run --rm --network host -v
  │   /home/ubuntu/work/fisgon:/app -v
  │   /home/ubuntu/data_storage:/home/ubuntu/data_storage -w /app -e
  │   OPERATION=1 -e DOCKER_CONFIG=/tmp/.docker -e HOME=/tmp -e TARGET_CITY -e
  │   CREATE_SESSION -e CLOSE_SESSION -e
  │   DAG_RUN_URL="${DAGU_BASE_URL}/dags/${DAG_NAME}?dagRunId=${DAG_RUN_ID}"
  │   -e
  │   DAG_RUN_LOG_URL="${DAGU_BASE_URL}/dags/${DAG_NAME}/log?remoteNode=local&
  │   step=session&dagRunId=${DAG_RUN_ID}" fisgon_scraper:1.0; rc=$?; exit
  │   $rc'
  │
  ├─stdout:
  │   RUNNING VARS →
  │   CITY=,
  │   OPERATION=1,
  │   CREATE_SESSION=1,
  │   CLOSE_SESSION=0,
  │   SESSION=None,
  │   IMAGES=0,
  │   GET_SCRAPERS=
  │   SCRAPER=
  │   DAG_RUN_URL=/dags/FisgonSession/log?remoteNode=local&step=session&dagRun
  │   Id=019caa01-78a4-7ad1-8933-a78ae738bd8f
  ├─stderr:
  │   Traceback (most recent call last):
  │   File "/app/run.py", line 82, in <module>
  │   raise ValueError(f"Unknown TARGET_CITY: {TARGET_CITY}")
  │   ValueError: Unknown TARGET_CITY:
  │
  └─error: failed to execute step "session": exit status 1

Result: Failed

