
RUNNING VARS → 
        CITY=Almeria, 

        OPERATION=1,
            CREATE_SESSION=0,
            CLOSE_SESSION=1,
            SESSION=None,
            IMAGES=0,
            GET_SCRAPERS=

        SCRAPER=
        DAG_RUN_URL=/dags/FisgonSession/log?remoteNode=local&step=session&dagRunId=019cc024-49c4-7ada-a6e4-9015f325ff5f

Executing final task with session: 2026_03_05_22_27_Jueves
Reading /home/ubuntu/data_storage/Almeria/2026_03_05_22_27_Jueves/0_raw/20260305_2229_AlmeriaCiudad.json...
Reading /home/ubuntu/data_storage/Almeria/2026_03_05_22_27_Jueves/0_raw/20260305_2228_ConciertosClub.json...
Reading /home/ubuntu/data_storage/Almeria/2026_03_05_22_27_Jueves/0_raw/20260305_2235_SalaEmma.json...
Reading /home/ubuntu/data_storage/Almeria/2026_03_05_22_27_Jueves/0_raw/20260305_2227_KuverProducciones.json...
Reading /home/ubuntu/data_storage/Almeria/2026_03_05_22_27_Jueves/0_raw/20260305_2232_ClassicJazz.json...
Reading /home/ubuntu/data_storage/Almeria/2026_03_05_22_27_Jueves/0_raw/20260305_2227_LaGuajira.json...
Reading /home/ubuntu/data_storage/Almeria/2026_03_05_22_27_Jueves/0_raw/20260305_2231_JuntaAndaluciaAgenda.json...
Reading /home/ubuntu/data_storage/Almeria/2026_03_05_22_27_Jueves/0_raw/20260305_2235_RedBibliotecas.json...
Reading /home/ubuntu/data_storage/Almeria/2026_03_05_22_27_Jueves/0_raw/20260305_2234_Entradium.json...
Saving 35 new events
Saving in  /home/ubuntu/data_storage/Almeria/2026_03_05_22_27_Jueves/0_raw/Merged.json
