
RUNNING VARS → 
        CITY=Almeria, 

        OPERATION=0,
            CREATE_SESSION=0,
            CLOSE_SESSION=0,
            SESSION=None,
            IMAGES=0,

        SCRAPER=KuverProducciones
        DAG_RUN_URL=/dags/FisgonTaskRequest?dagRunId=019c2300-76a1-71be-87f5-6165171638ee

Running for Almeria: KuverProducciones
KuverProducciones
Creating rawfolder...
RUNNING SESSION =  2026_02_03_10_15_Martes
Getting https://kuverproducciones.com/proximos-eventos/
Sleep 1
*** SCRAPED 87 URLS WITH EVENTS **
New url events = 0
#######################
No new urls/events extracted. No new events to save
#######################
