
RUNNING VARS → 
        CITY=Almeria, 

        OPERATION=0,
            CREATE_SESSION=0,
            CLOSE_SESSION=0,
            SESSION=None,
            IMAGES=0,
            GET_SCRAPERS=

        SCRAPER=RedBibliotecas
        DAG_RUN_URL=/dags/FisgonTaskSelenium/log?remoteNode=local&step=tarea_1&dagRunId=019cd503-854c-77f0-ba94-3783819380c1

Running for Almeria: RedBibliotecas
RedBibliotecas
RUNNING SESSION =  2026_03_09_23_45_Lunes
START
Starting WebDriver...
http://localhost:4444/wd/hub
page=1
Getting content
['https://www.bibliotecaspublicas.es/almeria/actividades/Agenda/ta-172-tejiendo.html', 'https://www.bibliotecaspublicas.es/almeria/actividades/Agenda/cca-todas.html', 'https://www.bibliotecaspublicas.es/almeria/actividades/Agenda/cci-143-tractor.html', 'https://www.bibliotecaspublicas.es/almeria/actividades/Agenda/cci-172-tractor.html', 'https://www.bibliotecaspublicas.es/almeria/actividades/Agenda/cl-172.html', 'https://www.bibliotecaspublicas.es/almeria/actividades/Agenda/cci-140-tractor.html', 'https://www.bibliotecaspublicas.es/almeria/actividades/Agenda/cci-141-tractor.html', 'https://www.bibliotecaspublicas.es/almeria/actividades/Agenda/cci-143-hoy0.html', 'https://www.bibliotecaspublicas.es/almeria/actividades/Agenda/pl-172a.html', 'https://www.bibliotecaspublicas.es/almeria/actividades/Agenda/cl-alquian1.html', 'https://www.bibliotecaspublicas.es/almeria/actividades/Agenda/pl-arias.html', 'https://www.bibliotecaspublicas.es/almeria/actividades/Agenda/ti-172-garabatos.html', 'https://www.bibliotecaspublicas.es/almeria/actividades/Agenda/ti-141-garabatos.html', 'https://www.bibliotecaspublicas.es/almeria/actividades/Agenda/ti-143-garabatos.html', 'https://www.bibliotecaspublicas.es/almeria/actividades/Agenda/ti-140-garabatos.html', 'https://www.bibliotecaspublicas.es/almeria/actividades/Agenda/cl-cabo.html']
page=2
Getting content
['https://www.bibliotecaspublicas.es/almeria/actividades/Agenda/ta-172-tejiendo.html', 'https://www.bibliotecaspublicas.es/almeria/actividades/Agenda/cca-todas.html', 'https://www.bibliotecaspublicas.es/almeria/actividades/Agenda/cci-143-tractor.html', 'https://www.bibliotecaspublicas.es/almeria/actividades/Agenda/cci-172-tractor.html', 'https://www.bibliotecaspublicas.es/almeria/actividades/Agenda/cl-172.html', 'https://www.bibliotecaspublicas.es/almeria/actividades/Agenda/cci-140-tractor.html', 'https://www.bibliotecaspublicas.es/almeria/actividades/Agenda/cci-141-tractor.html', 'https://www.bibliotecaspublicas.es/almeria/actividades/Agenda/cci-143-hoy0.html', 'https://www.bibliotecaspublicas.es/almeria/actividades/Agenda/pl-172a.html', 'https://www.bibliotecaspublicas.es/almeria/actividades/Agenda/cl-alquian1.html', 'https://www.bibliotecaspublicas.es/almeria/actividades/Agenda/pl-arias.html', 'https://www.bibliotecaspublicas.es/almeria/actividades/Agenda/ti-172-garabatos.html', 'https://www.bibliotecaspublicas.es/almeria/actividades/Agenda/ti-141-garabatos.html', 'https://www.bibliotecaspublicas.es/almeria/actividades/Agenda/ti-143-garabatos.html', 'https://www.bibliotecaspublicas.es/almeria/actividades/Agenda/ti-140-garabatos.html', 'https://www.bibliotecaspublicas.es/almeria/actividades/Agenda/cl-cabo.html', 'https://www.bibliotecaspublicas.es/almeria/actividades/Agenda/ta-172-tejiendo.html', 'https://www.bibliotecaspublicas.es/almeria/actividades/Agenda/cca-todas.html', 'https://www.bibliotecaspublicas.es/almeria/actividades/Agenda/cci-143-tractor.html', 'https://www.bibliotecaspublicas.es/almeria/actividades/Agenda/cci-172-tractor.html', 'https://www.bibliotecaspublicas.es/almeria/actividades/Agenda/cl-172.html', 'https://www.bibliotecaspublicas.es/almeria/actividades/Agenda/cci-140-tractor.html', 'https://www.bibliotecaspublicas.es/almeria/actividades/Agenda/cci-141-tractor.html', 'https://www.bibliotecaspublicas.es/almeria/actividades/Agenda/cci-143-hoy0.html', 'https://www.bibliotecaspublicas.es/almeria/actividades/Agenda/pl-172a.html', 'https://www.bibliotecaspublicas.es/almeria/actividades/Agenda/cl-alquian1.html', 'https://www.bibliotecaspublicas.es/almeria/actividades/Agenda/pl-arias.html', 'https://www.bibliotecaspublicas.es/almeria/actividades/Agenda/ti-172-garabatos.html', 'https://www.bibliotecaspublicas.es/almeria/actividades/Agenda/ti-141-garabatos.html', 'https://www.bibliotecaspublicas.es/almeria/actividades/Agenda/ti-143-garabatos.html', 'https://www.bibliotecaspublicas.es/almeria/actividades/Agenda/ti-140-garabatos.html', 'https://www.bibliotecaspublicas.es/almeria/actividades/Agenda/cl-cabo.html']
page=3
Getting content
['https://www.bibliotecaspublicas.es/almeria/actividades/Agenda/ta-172-tejiendo.html', 'https://www.bibliotecaspublicas.es/almeria/actividades/Agenda/cca-todas.html', 'https://www.bibliotecaspublicas.es/almeria/actividades/Agenda/cci-143-tractor.html', 'https://www.bibliotecaspublicas.es/almeria/actividades/Agenda/cci-172-tractor.html', 'https://www.bibliotecaspublicas.es/almeria/actividades/Agenda/cl-172.html', 'https://www.bibliotecaspublicas.es/almeria/actividades/Agenda/cci-140-tractor.html', 'https://www.bibliotecaspublicas.es/almeria/actividades/Agenda/cci-141-tractor.html', 'https://www.bibliotecaspublicas.es/almeria/actividades/Agenda/cci-143-hoy0.html', 'https://www.bibliotecaspublicas.es/almeria/actividades/Agenda/pl-172a.html', 'https://www.bibliotecaspublicas.es/almeria/actividades/Agenda/cl-alquian1.html', 'https://www.bibliotecaspublicas.es/almeria/actividades/Agenda/pl-arias.html', 'https://www.bibliotecaspublicas.es/almeria/actividades/Agenda/ti-172-garabatos.html', 'https://www.bibliotecaspublicas.es/almeria/actividades/Agenda/ti-141-garabatos.html', 'https://www.bibliotecaspublicas.es/almeria/actividades/Agenda/ti-143-garabatos.html', 'https://www.bibliotecaspublicas.es/almeria/actividades/Agenda/ti-140-garabatos.html', 'https://www.bibliotecaspublicas.es/almeria/actividades/Agenda/cl-cabo.html', 'https://www.bibliotecaspublicas.es/almeria/actividades/Agenda/ta-172-tejiendo.html', 'https://www.bibliotecaspublicas.es/almeria/actividades/Agenda/cca-todas.html', 'https://www.bibliotecaspublicas.es/almeria/actividades/Agenda/cci-143-tractor.html', 'https://www.bibliotecaspublicas.es/almeria/actividades/Agenda/cci-172-tractor.html', 'https://www.bibliotecaspublicas.es/almeria/actividades/Agenda/cl-172.html', 'https://www.bibliotecaspublicas.es/almeria/actividades/Agenda/cci-140-tractor.html', 'https://www.bibliotecaspublicas.es/almeria/actividades/Agenda/cci-141-tractor.html', 'https://www.bibliotecaspublicas.es/almeria/actividades/Agenda/cci-143-hoy0.html', 'https://www.bibliotecaspublicas.es/almeria/actividades/Agenda/pl-172a.html', 'https://www.bibliotecaspublicas.es/almeria/actividades/Agenda/cl-alquian1.html', 'https://www.bibliotecaspublicas.es/almeria/actividades/Agenda/pl-arias.html', 'https://www.bibliotecaspublicas.es/almeria/actividades/Agenda/ti-172-garabatos.html', 'https://www.bibliotecaspublicas.es/almeria/actividades/Agenda/ti-141-garabatos.html', 'https://www.bibliotecaspublicas.es/almeria/actividades/Agenda/ti-143-garabatos.html', 'https://www.bibliotecaspublicas.es/almeria/actividades/Agenda/ti-140-garabatos.html', 'https://www.bibliotecaspublicas.es/almeria/actividades/Agenda/cl-cabo.html', 'https://www.bibliotecaspublicas.es/almeria/actividades/Agenda/ta-172-tejiendo.html', 'https://www.bibliotecaspublicas.es/almeria/actividades/Agenda/cca-todas.html', 'https://www.bibliotecaspublicas.es/almeria/actividades/Agenda/cci-143-tractor.html', 'https://www.bibliotecaspublicas.es/almeria/actividades/Agenda/cci-172-tractor.html', 'https://www.bibliotecaspublicas.es/almeria/actividades/Agenda/cl-172.html', 'https://www.bibliotecaspublicas.es/almeria/actividades/Agenda/cci-140-tractor.html', 'https://www.bibliotecaspublicas.es/almeria/actividades/Agenda/cci-141-tractor.html', 'https://www.bibliotecaspublicas.es/almeria/actividades/Agenda/cci-143-hoy0.html', 'https://www.bibliotecaspublicas.es/almeria/actividades/Agenda/pl-172a.html', 'https://www.bibliotecaspublicas.es/almeria/actividades/Agenda/cl-alquian1.html', 'https://www.bibliotecaspublicas.es/almeria/actividades/Agenda/pl-arias.html', 'https://www.bibliotecaspublicas.es/almeria/actividades/Agenda/ti-172-garabatos.html', 'https://www.bibliotecaspublicas.es/almeria/actividades/Agenda/ti-141-garabatos.html', 'https://www.bibliotecaspublicas.es/almeria/actividades/Agenda/ti-143-garabatos.html', 'https://www.bibliotecaspublicas.es/almeria/actividades/Agenda/ti-140-garabatos.html', 'https://www.bibliotecaspublicas.es/almeria/actividades/Agenda/cl-cabo.html']
*** SCRAPED 48 URLS WITH EVENTS **
New url events = 0
#######################
No new urls/events extracted. No new events to save
#######################
