Succeeded - 2026-02-24T18:06:00Z

dag: FisgonSession (0s)
│
└─session (0s) [succeeded]
  ├─bash -lc 'docker run --rm --network host -v
  │   /home/ubuntu/work/fisgon:/app -v
  │   /home/ubuntu/data_storage:/home/ubuntu/data_storage -w /app -e
  │   OPERATION=1 -e DOCKER_CONFIG=/tmp/.docker -e HOME=/tmp -e TARGET_CITY -e
  │   CREATE_SESSION -e CLOSE_SESSION -e
  │   DAG_RUN_URL="${DAGU_BASE_URL}/dags/${DAG_NAME}?dagRunId=${DAG_RUN_ID}"
  │   -e
  │   DAG_RUN_LOG_URL="${DAGU_BASE_URL}/dags/${DAG_NAME}/log?remoteNode=local&
  │   step=session&dagRunId=${DAG_RUN_ID}" fisgon_scraper:1.0; rc=$?; exit
  │   $rc'
  │
  └─stdout:
      RUNNING VARS →
      CITY=Almeria,
      OPERATION=1,
      CREATE_SESSION=0,
      CLOSE_SESSION=1,
      SESSION=None,
      IMAGES=0,
      GET_SCRAPERS=
      SCRAPER=
      DAG_RUN_URL=/dags/FisgonSession/log?remoteNode=local&step=session&dagRunId
      =019c90d4-54d8-72ae-b2a8-cee85d2ba7e7
      Executing final task with session: 2026_02_24_18_05_Martes
      Creating rawfolder...
      Error: No such file or directory
      Saving 0 new events
      Saving in
      /home/ubuntu/data_storage/Almeria/2026_02_24_18_05_Martes/0_raw/Merged.jso
      n

Result: Succeeded

