Launching scraper: KuverProducciones
Failed - 2026-02-24T18:05:05Z

dag: FisgonTaskRequest (1.0s)
│
└─tarea_1 (1.0s) [failed]
  ├─bash -lc 'docker run --rm --network host -v
  │   /home/ubuntu/work/fisgon:/app -v
  │   /home/ubuntu/data_storage:/home/ubuntu/data_storage -v
  │   /home/ubuntu/work/event_flask_app/static/img:/home/ubuntu/work/event_fla
  │   sk_app/static/img -w /app -e OPERATION=0 -e DOCKER_CONFIG=/tmp/.docker
  │   -e HOME=/tmp -e TARGET_CITY -e TARGET_SCRAPER -e
  │   DAG_RUN_URL="${DAGU_BASE_URL}/dags/${DAG_NAME}?dagRunId=${DAG_RUN_ID}"
  │   -e
  │   DAG_RUN_LOG_URL="${DAGU_BASE_URL}/dags/${DAG_NAME}/log?remoteNode=local&
  │   step=tarea_1&dagRunId=${DAG_RUN_ID}" fisgon_scraper:1.0; rc=$?; exit
  │   $rc'
  │
  ├─stdout:
  │   RUNNING VARS →
  │   CITY=Almeria,
  │   OPERATION=0,
  │   CREATE_SESSION=0,
  │   CLOSE_SESSION=0,
  │   SESSION=None,
  │   IMAGES=0,
  │   GET_SCRAPERS=
  │   SCRAPER=KuverProducciones
  │   DAG_RUN_URL=/dags/FisgonTaskRequest/log?remoteNode=local&step=tarea_1&da
  │   gRunId=019c90d3-7de5-7633-84da-67e38c8fcc9a
  ├─stderr:
  │   Traceback (most recent call last):
  │   File "/app/run.py", line 118, in <module>
  │   from orchestration.almeria import events_extractors
  │   File "/app/orchestration/almeria.py", line 1, in <module>
  │   from scraper.extractors.url_iterator.fical import Fical
  │   File "/app/scraper/extractors/url_iterator/fical.py", line 6, in
  │   <module>
  │   from scraper.extractors.url_iterator.abc_url_iterator_extractor import
  │   UrlIteratorExtractor
  │   File
  │   "/app/scraper/extractors/url_iterator/abc_url_iterator_extractor.py",
  │   line 5, in <module>
  │   from scraper.extractors.abc_event_model_extractor import
  │   EventModelExtractor
  │   File "/app/scraper/extractors/abc_event_model_extractor.py", line 5, in
  │   <module>
  │   from titlecase import titlecase
  │   ModuleNotFoundError: No module named 'titlecase'
  │
  └─error: failed to execute step "tarea_1": exit status 1

Result: Failed

Launching scraper: SalaBerlin
Failed - 2026-02-24T18:05:06Z

dag: FisgonTaskRequest (0s)
│
└─tarea_1 (0s) [failed]
  ├─bash -lc 'docker run --rm --network host -v
  │   /home/ubuntu/work/fisgon:/app -v
  │   /home/ubuntu/data_storage:/home/ubuntu/data_storage -v
  │   /home/ubuntu/work/event_flask_app/static/img:/home/ubuntu/work/event_fla
  │   sk_app/static/img -w /app -e OPERATION=0 -e DOCKER_CONFIG=/tmp/.docker
  │   -e HOME=/tmp -e TARGET_CITY -e TARGET_SCRAPER -e
  │   DAG_RUN_URL="${DAGU_BASE_URL}/dags/${DAG_NAME}?dagRunId=${DAG_RUN_ID}"
  │   -e
  │   DAG_RUN_LOG_URL="${DAGU_BASE_URL}/dags/${DAG_NAME}/log?remoteNode=local&
  │   step=tarea_1&dagRunId=${DAG_RUN_ID}" fisgon_scraper:1.0; rc=$?; exit
  │   $rc'
  │
  ├─stdout:
  │   RUNNING VARS →
  │   CITY=Almeria,
  │   OPERATION=0,
  │   CREATE_SESSION=0,
  │   CLOSE_SESSION=0,
  │   SESSION=None,
  │   IMAGES=0,
  │   GET_SCRAPERS=
  │   SCRAPER=SalaBerlin
  │   DAG_RUN_URL=/dags/FisgonTaskRequest/log?remoteNode=local&step=tarea_1&da
  │   gRunId=019c90d3-8182-7177-a4f8-5221744303b1
  ├─stderr:
  │   Traceback (most recent call last):
  │   File "/app/run.py", line 118, in <module>
  │   from orchestration.almeria import events_extractors
  │   File "/app/orchestration/almeria.py", line 1, in <module>
  │   from scraper.extractors.url_iterator.fical import Fical
  │   File "/app/scraper/extractors/url_iterator/fical.py", line 6, in
  │   <module>
  │   from scraper.extractors.url_iterator.abc_url_iterator_extractor import
  │   UrlIteratorExtractor
  │   File
  │   "/app/scraper/extractors/url_iterator/abc_url_iterator_extractor.py",
  │   line 5, in <module>
  │   from scraper.extractors.abc_event_model_extractor import
  │   EventModelExtractor
  │   File "/app/scraper/extractors/abc_event_model_extractor.py", line 5, in
  │   <module>
  │   from titlecase import titlecase
  │   ModuleNotFoundError: No module named 'titlecase'
  │
  └─error: failed to execute step "tarea_1": exit status 1

Result: Failed

Launching scraper: LaGuajira
Failed - 2026-02-24T18:05:07Z

dag: FisgonTaskRequest (0s)
│
└─tarea_1 (0s) [failed]
  ├─bash -lc 'docker run --rm --network host -v
  │   /home/ubuntu/work/fisgon:/app -v
  │   /home/ubuntu/data_storage:/home/ubuntu/data_storage -v
  │   /home/ubuntu/work/event_flask_app/static/img:/home/ubuntu/work/event_fla
  │   sk_app/static/img -w /app -e OPERATION=0 -e DOCKER_CONFIG=/tmp/.docker
  │   -e HOME=/tmp -e TARGET_CITY -e TARGET_SCRAPER -e
  │   DAG_RUN_URL="${DAGU_BASE_URL}/dags/${DAG_NAME}?dagRunId=${DAG_RUN_ID}"
  │   -e
  │   DAG_RUN_LOG_URL="${DAGU_BASE_URL}/dags/${DAG_NAME}/log?remoteNode=local&
  │   step=tarea_1&dagRunId=${DAG_RUN_ID}" fisgon_scraper:1.0; rc=$?; exit
  │   $rc'
  │
  ├─stdout:
  │   RUNNING VARS →
  │   CITY=Almeria,
  │   OPERATION=0,
  │   CREATE_SESSION=0,
  │   CLOSE_SESSION=0,
  │   SESSION=None,
  │   IMAGES=0,
  │   GET_SCRAPERS=
  │   SCRAPER=LaGuajira
  │   DAG_RUN_URL=/dags/FisgonTaskRequest/log?remoteNode=local&step=tarea_1&da
  │   gRunId=019c90d3-8454-7e1e-b3ad-23c9cebfa4f8
  ├─stderr:
  │   Traceback (most recent call last):
  │   File "/app/run.py", line 118, in <module>
  │   from orchestration.almeria import events_extractors
  │   File "/app/orchestration/almeria.py", line 1, in <module>
  │   from scraper.extractors.url_iterator.fical import Fical
  │   File "/app/scraper/extractors/url_iterator/fical.py", line 6, in
  │   <module>
  │   from scraper.extractors.url_iterator.abc_url_iterator_extractor import
  │   UrlIteratorExtractor
  │   File
  │   "/app/scraper/extractors/url_iterator/abc_url_iterator_extractor.py",
  │   line 5, in <module>
  │   from scraper.extractors.abc_event_model_extractor import
  │   EventModelExtractor
  │   File "/app/scraper/extractors/abc_event_model_extractor.py", line 5, in
  │   <module>
  │   from titlecase import titlecase
  │   ModuleNotFoundError: No module named 'titlecase'
  │
  └─error: failed to execute step "tarea_1": exit status 1

Result: Failed

Launching scraper: ConciertosClub
Failed - 2026-02-24T18:05:07Z

dag: FisgonTaskRequest (1.0s)
│
└─tarea_1 (1.0s) [failed]
  ├─bash -lc 'docker run --rm --network host -v
  │   /home/ubuntu/work/fisgon:/app -v
  │   /home/ubuntu/data_storage:/home/ubuntu/data_storage -v
  │   /home/ubuntu/work/event_flask_app/static/img:/home/ubuntu/work/event_fla
  │   sk_app/static/img -w /app -e OPERATION=0 -e DOCKER_CONFIG=/tmp/.docker
  │   -e HOME=/tmp -e TARGET_CITY -e TARGET_SCRAPER -e
  │   DAG_RUN_URL="${DAGU_BASE_URL}/dags/${DAG_NAME}?dagRunId=${DAG_RUN_ID}"
  │   -e
  │   DAG_RUN_LOG_URL="${DAGU_BASE_URL}/dags/${DAG_NAME}/log?remoteNode=local&
  │   step=tarea_1&dagRunId=${DAG_RUN_ID}" fisgon_scraper:1.0; rc=$?; exit
  │   $rc'
  │
  ├─stdout:
  │   RUNNING VARS →
  │   CITY=Almeria,
  │   OPERATION=0,
  │   CREATE_SESSION=0,
  │   CLOSE_SESSION=0,
  │   SESSION=None,
  │   IMAGES=0,
  │   GET_SCRAPERS=
  │   SCRAPER=ConciertosClub
  │   DAG_RUN_URL=/dags/FisgonTaskRequest/log?remoteNode=local&step=tarea_1&da
  │   gRunId=019c90d3-8736-79bb-b583-b69290ef3cfb
  ├─stderr:
  │   Traceback (most recent call last):
  │   File "/app/run.py", line 118, in <module>
  │   from orchestration.almeria import events_extractors
  │   File "/app/orchestration/almeria.py", line 1, in <module>
  │   from scraper.extractors.url_iterator.fical import Fical
  │   File "/app/scraper/extractors/url_iterator/fical.py", line 6, in
  │   <module>
  │   from scraper.extractors.url_iterator.abc_url_iterator_extractor import
  │   UrlIteratorExtractor
  │   File
  │   "/app/scraper/extractors/url_iterator/abc_url_iterator_extractor.py",
  │   line 5, in <module>
  │   from scraper.extractors.abc_event_model_extractor import
  │   EventModelExtractor
  │   File "/app/scraper/extractors/abc_event_model_extractor.py", line 5, in
  │   <module>
  │   from titlecase import titlecase
  │   ModuleNotFoundError: No module named 'titlecase'
  │
  └─error: failed to execute step "tarea_1": exit status 1

Result: Failed

Launching scraper: LaPlaza
Failed - 2026-02-24T18:05:08Z

dag: FisgonTaskRequest (1.0s)
│
└─tarea_1 (1.0s) [failed]
  ├─bash -lc 'docker run --rm --network host -v
  │   /home/ubuntu/work/fisgon:/app -v
  │   /home/ubuntu/data_storage:/home/ubuntu/data_storage -v
  │   /home/ubuntu/work/event_flask_app/static/img:/home/ubuntu/work/event_fla
  │   sk_app/static/img -w /app -e OPERATION=0 -e DOCKER_CONFIG=/tmp/.docker
  │   -e HOME=/tmp -e TARGET_CITY -e TARGET_SCRAPER -e
  │   DAG_RUN_URL="${DAGU_BASE_URL}/dags/${DAG_NAME}?dagRunId=${DAG_RUN_ID}"
  │   -e
  │   DAG_RUN_LOG_URL="${DAGU_BASE_URL}/dags/${DAG_NAME}/log?remoteNode=local&
  │   step=tarea_1&dagRunId=${DAG_RUN_ID}" fisgon_scraper:1.0; rc=$?; exit
  │   $rc'
  │
  ├─stdout:
  │   RUNNING VARS →
  │   CITY=Almeria,
  │   OPERATION=0,
  │   CREATE_SESSION=0,
  │   CLOSE_SESSION=0,
  │   SESSION=None,
  │   IMAGES=0,
  │   GET_SCRAPERS=
  │   SCRAPER=LaPlaza
  │   DAG_RUN_URL=/dags/FisgonTaskRequest/log?remoteNode=local&step=tarea_1&da
  │   gRunId=019c90d3-8a12-790e-a976-3c1475b23f8d
  ├─stderr:
  │   Traceback (most recent call last):
  │   File "/app/run.py", line 118, in <module>
  │   from orchestration.almeria import events_extractors
  │   File "/app/orchestration/almeria.py", line 1, in <module>
  │   from scraper.extractors.url_iterator.fical import Fical
  │   File "/app/scraper/extractors/url_iterator/fical.py", line 6, in
  │   <module>
  │   from scraper.extractors.url_iterator.abc_url_iterator_extractor import
  │   UrlIteratorExtractor
  │   File
  │   "/app/scraper/extractors/url_iterator/abc_url_iterator_extractor.py",
  │   line 5, in <module>
  │   from scraper.extractors.abc_event_model_extractor import
  │   EventModelExtractor
  │   File "/app/scraper/extractors/abc_event_model_extractor.py", line 5, in
  │   <module>
  │   from titlecase import titlecase
  │   ModuleNotFoundError: No module named 'titlecase'
  │
  └─error: failed to execute step "tarea_1": exit status 1

Result: Failed

Launching scraper: JacksonLive
Failed - 2026-02-24T18:05:09Z

dag: FisgonTaskRequest (0s)
│
└─tarea_1 (0s) [failed]
  ├─bash -lc 'docker run --rm --network host -v
  │   /home/ubuntu/work/fisgon:/app -v
  │   /home/ubuntu/data_storage:/home/ubuntu/data_storage -v
  │   /home/ubuntu/work/event_flask_app/static/img:/home/ubuntu/work/event_fla
  │   sk_app/static/img -w /app -e OPERATION=0 -e DOCKER_CONFIG=/tmp/.docker
  │   -e HOME=/tmp -e TARGET_CITY -e TARGET_SCRAPER -e
  │   DAG_RUN_URL="${DAGU_BASE_URL}/dags/${DAG_NAME}?dagRunId=${DAG_RUN_ID}"
  │   -e
  │   DAG_RUN_LOG_URL="${DAGU_BASE_URL}/dags/${DAG_NAME}/log?remoteNode=local&
  │   step=tarea_1&dagRunId=${DAG_RUN_ID}" fisgon_scraper:1.0; rc=$?; exit
  │   $rc'
  │
  ├─stdout:
  │   RUNNING VARS →
  │   CITY=Almeria,
  │   OPERATION=0,
  │   CREATE_SESSION=0,
  │   CLOSE_SESSION=0,
  │   SESSION=None,
  │   IMAGES=0,
  │   GET_SCRAPERS=
  │   SCRAPER=JacksonLive
  │   DAG_RUN_URL=/dags/FisgonTaskRequest/log?remoteNode=local&step=tarea_1&da
  │   gRunId=019c90d3-8ce7-7890-8f30-caeee13f604f
  ├─stderr:
  │   Traceback (most recent call last):
  │   File "/app/run.py", line 118, in <module>
  │   from orchestration.almeria import events_extractors
  │   File "/app/orchestration/almeria.py", line 1, in <module>
  │   from scraper.extractors.url_iterator.fical import Fical
  │   File "/app/scraper/extractors/url_iterator/fical.py", line 6, in
  │   <module>
  │   from scraper.extractors.url_iterator.abc_url_iterator_extractor import
  │   UrlIteratorExtractor
  │   File
  │   "/app/scraper/extractors/url_iterator/abc_url_iterator_extractor.py",
  │   line 5, in <module>
  │   from scraper.extractors.abc_event_model_extractor import
  │   EventModelExtractor
  │   File "/app/scraper/extractors/abc_event_model_extractor.py", line 5, in
  │   <module>
  │   from titlecase import titlecase
  │   ModuleNotFoundError: No module named 'titlecase'
  │
  └─error: failed to execute step "tarea_1": exit status 1

Result: Failed

Launching scraper: BibliotecaAgenda
Failed - 2026-02-24T18:05:09Z

dag: FisgonTaskRequest (1.0s)
│
└─tarea_1 (1.0s) [failed]
  ├─bash -lc 'docker run --rm --network host -v
  │   /home/ubuntu/work/fisgon:/app -v
  │   /home/ubuntu/data_storage:/home/ubuntu/data_storage -v
  │   /home/ubuntu/work/event_flask_app/static/img:/home/ubuntu/work/event_fla
  │   sk_app/static/img -w /app -e OPERATION=0 -e DOCKER_CONFIG=/tmp/.docker
  │   -e HOME=/tmp -e TARGET_CITY -e TARGET_SCRAPER -e
  │   DAG_RUN_URL="${DAGU_BASE_URL}/dags/${DAG_NAME}?dagRunId=${DAG_RUN_ID}"
  │   -e
  │   DAG_RUN_LOG_URL="${DAGU_BASE_URL}/dags/${DAG_NAME}/log?remoteNode=local&
  │   step=tarea_1&dagRunId=${DAG_RUN_ID}" fisgon_scraper:1.0; rc=$?; exit
  │   $rc'
  │
  ├─stdout:
  │   RUNNING VARS →
  │   CITY=Almeria,
  │   OPERATION=0,
  │   CREATE_SESSION=0,
  │   CLOSE_SESSION=0,
  │   SESSION=None,
  │   IMAGES=0,
  │   GET_SCRAPERS=
  │   SCRAPER=BibliotecaAgenda
  │   DAG_RUN_URL=/dags/FisgonTaskRequest/log?remoteNode=local&step=tarea_1&da
  │   gRunId=019c90d3-8fba-742e-be43-d1cb2b88bb7f
  ├─stderr:
  │   Traceback (most recent call last):
  │   File "/app/run.py", line 118, in <module>
  │   from orchestration.almeria import events_extractors
  │   File "/app/orchestration/almeria.py", line 1, in <module>
  │   from scraper.extractors.url_iterator.fical import Fical
  │   File "/app/scraper/extractors/url_iterator/fical.py", line 6, in
  │   <module>
  │   from scraper.extractors.url_iterator.abc_url_iterator_extractor import
  │   UrlIteratorExtractor
  │   File
  │   "/app/scraper/extractors/url_iterator/abc_url_iterator_extractor.py",
  │   line 5, in <module>
  │   from scraper.extractors.abc_event_model_extractor import
  │   EventModelExtractor
  │   File "/app/scraper/extractors/abc_event_model_extractor.py", line 5, in
  │   <module>
  │   from titlecase import titlecase
  │   ModuleNotFoundError: No module named 'titlecase'
  │
  └─error: failed to execute step "tarea_1": exit status 1

Result: Failed

