Launching scraper: AlmeriaCiudad
Failed - 2026-02-24T18:05:10Z

dag: FisgonTaskSelenium (8.0s)
│
└─tarea_1 (8.0s) [failed]
  ├─bash -lc 'set -eo pipefail; export DOCKER_CONFIG=/tmp/.docker HOME=/tmp;
  │   SELENIUM_NAME="selenium_${DAG_RUN_ID:-$$}_$(date +%s)"; cleanup() {
  │   docker rm -f "$SELENIUM_NAME" >/dev/null 2>&1 || true; }; trap cleanup
  │   EXIT; docker run -d --rm --name "$SELENIUM_NAME" --shm-size=2g -e
  │   SE_NODE_MAX_SESSIONS=1 -e SE_NODE_OVERRIDE_MAX_SESSIONS=true
  │   selenium/standalone-chrome:latest >/dev/null; docker exec
  │   "$SELENIUM_NAME" bash -c "for i in \$(seq 1 60); do (echo >
  │   /dev/tcp/127.0.0.1/4444) >/dev/null 2>&1 && exit 0; sleep 1; done; exit
  │   1"; docker run --rm --network container:"$SELENIUM_NAME" -v
  │   /home/ubuntu/work/fisgon:/app -v
  │   /home/ubuntu/data_storage:/home/ubuntu/data_storage -v
  │   /home/ubuntu/work/event_flask_app/static/img:/home/ubuntu/work/event_fla
  │   sk_app/static/img -w /app -e OPERATION=0 -e DOCKER_CONFIG=/tmp/.docker
  │   -e HOME=/tmp -e TARGET_CITY -e TARGET_SCRAPER -e
  │   DAG_RUN_URL="${DAGU_BASE_URL:-}/dags/${DAG_NAME}?dagRunId=${DAG_RUN_ID}"
  │   -e
  │   DAG_RUN_LOG_URL="${DAGU_BASE_URL:-}/dags/${DAG_NAME}/log?remoteNode=loca
  │   l&step=tarea_1&dagRunId=${DAG_RUN_ID}" fisgon_scraper:1.0'
  │
  ├─stdout:
  │   RUNNING VARS →
  │   CITY=Almeria,
  │   OPERATION=0,
  │   CREATE_SESSION=0,
  │   CLOSE_SESSION=0,
  │   SESSION=None,
  │   IMAGES=0,
  │   GET_SCRAPERS=
  │   SCRAPER=AlmeriaCiudad
  │   DAG_RUN_URL=/dags/FisgonTaskSelenium/log?remoteNode=local&step=tarea_1&d
  │   agRunId=019c90d3-92a5-7c93-af29-af87455156a8
  ├─stderr:
  │   Traceback (most recent call last):
  │   File "/app/run.py", line 118, in <module>
  │   from orchestration.almeria import events_extractors
  │   File "/app/orchestration/almeria.py", line 1, in <module>
  │   from scraper.extractors.url_iterator.fical import Fical
  │   File "/app/scraper/extractors/url_iterator/fical.py", line 6, in
  │   <module>
  │   from scraper.extractors.url_iterator.abc_url_iterator_extractor import
  │   UrlIteratorExtractor
  │   File
  │   "/app/scraper/extractors/url_iterator/abc_url_iterator_extractor.py",
  │   line 5, in <module>
  │   from scraper.extractors.abc_event_model_extractor import
  │   EventModelExtractor
  │   File "/app/scraper/extractors/abc_event_model_extractor.py", line 5, in
  │   <module>
  │   from titlecase import titlecase
  │   ModuleNotFoundError: No module named 'titlecase'
  │
  └─error: failed to execute step "tarea_1": exit status 1

Result: Failed

Launching scraper: AlmeriaTurismo
Failed - 2026-02-24T18:05:18Z

dag: FisgonTaskSelenium (6.0s)
│
└─tarea_1 (6.0s) [failed]
  ├─bash -lc 'set -eo pipefail; export DOCKER_CONFIG=/tmp/.docker HOME=/tmp;
  │   SELENIUM_NAME="selenium_${DAG_RUN_ID:-$$}_$(date +%s)"; cleanup() {
  │   docker rm -f "$SELENIUM_NAME" >/dev/null 2>&1 || true; }; trap cleanup
  │   EXIT; docker run -d --rm --name "$SELENIUM_NAME" --shm-size=2g -e
  │   SE_NODE_MAX_SESSIONS=1 -e SE_NODE_OVERRIDE_MAX_SESSIONS=true
  │   selenium/standalone-chrome:latest >/dev/null; docker exec
  │   "$SELENIUM_NAME" bash -c "for i in \$(seq 1 60); do (echo >
  │   /dev/tcp/127.0.0.1/4444) >/dev/null 2>&1 && exit 0; sleep 1; done; exit
  │   1"; docker run --rm --network container:"$SELENIUM_NAME" -v
  │   /home/ubuntu/work/fisgon:/app -v
  │   /home/ubuntu/data_storage:/home/ubuntu/data_storage -v
  │   /home/ubuntu/work/event_flask_app/static/img:/home/ubuntu/work/event_fla
  │   sk_app/static/img -w /app -e OPERATION=0 -e DOCKER_CONFIG=/tmp/.docker
  │   -e HOME=/tmp -e TARGET_CITY -e TARGET_SCRAPER -e
  │   DAG_RUN_URL="${DAGU_BASE_URL:-}/dags/${DAG_NAME}?dagRunId=${DAG_RUN_ID}"
  │   -e
  │   DAG_RUN_LOG_URL="${DAGU_BASE_URL:-}/dags/${DAG_NAME}/log?remoteNode=loca
  │   l&step=tarea_1&dagRunId=${DAG_RUN_ID}" fisgon_scraper:1.0'
  │
  ├─stdout:
  │   RUNNING VARS →
  │   CITY=Almeria,
  │   OPERATION=0,
  │   CREATE_SESSION=0,
  │   CLOSE_SESSION=0,
  │   SESSION=None,
  │   IMAGES=0,
  │   GET_SCRAPERS=
  │   SCRAPER=AlmeriaTurismo
  │   DAG_RUN_URL=/dags/FisgonTaskSelenium/log?remoteNode=local&step=tarea_1&d
  │   agRunId=019c90d3-b133-7ad1-9a9d-ac01a845c67a
  ├─stderr:
  │   Traceback (most recent call last):
  │   File "/app/run.py", line 118, in <module>
  │   from orchestration.almeria import events_extractors
  │   File "/app/orchestration/almeria.py", line 1, in <module>
  │   from scraper.extractors.url_iterator.fical import Fical
  │   File "/app/scraper/extractors/url_iterator/fical.py", line 6, in
  │   <module>
  │   from scraper.extractors.url_iterator.abc_url_iterator_extractor import
  │   UrlIteratorExtractor
  │   File
  │   "/app/scraper/extractors/url_iterator/abc_url_iterator_extractor.py",
  │   line 5, in <module>
  │   from scraper.extractors.abc_event_model_extractor import
  │   EventModelExtractor
  │   File "/app/scraper/extractors/abc_event_model_extractor.py", line 5, in
  │   <module>
  │   from titlecase import titlecase
  │   ModuleNotFoundError: No module named 'titlecase'
  │
  └─error: failed to execute step "tarea_1": exit status 1

Result: Failed

Launching scraper: JuntaAndaluciaAgenda
Failed - 2026-02-24T18:05:24Z

dag: FisgonTaskSelenium (6.0s)
│
└─tarea_1 (6.0s) [failed]
  ├─bash -lc 'set -eo pipefail; export DOCKER_CONFIG=/tmp/.docker HOME=/tmp;
  │   SELENIUM_NAME="selenium_${DAG_RUN_ID:-$$}_$(date +%s)"; cleanup() {
  │   docker rm -f "$SELENIUM_NAME" >/dev/null 2>&1 || true; }; trap cleanup
  │   EXIT; docker run -d --rm --name "$SELENIUM_NAME" --shm-size=2g -e
  │   SE_NODE_MAX_SESSIONS=1 -e SE_NODE_OVERRIDE_MAX_SESSIONS=true
  │   selenium/standalone-chrome:latest >/dev/null; docker exec
  │   "$SELENIUM_NAME" bash -c "for i in \$(seq 1 60); do (echo >
  │   /dev/tcp/127.0.0.1/4444) >/dev/null 2>&1 && exit 0; sleep 1; done; exit
  │   1"; docker run --rm --network container:"$SELENIUM_NAME" -v
  │   /home/ubuntu/work/fisgon:/app -v
  │   /home/ubuntu/data_storage:/home/ubuntu/data_storage -v
  │   /home/ubuntu/work/event_flask_app/static/img:/home/ubuntu/work/event_fla
  │   sk_app/static/img -w /app -e OPERATION=0 -e DOCKER_CONFIG=/tmp/.docker
  │   -e HOME=/tmp -e TARGET_CITY -e TARGET_SCRAPER -e
  │   DAG_RUN_URL="${DAGU_BASE_URL:-}/dags/${DAG_NAME}?dagRunId=${DAG_RUN_ID}"
  │   -e
  │   DAG_RUN_LOG_URL="${DAGU_BASE_URL:-}/dags/${DAG_NAME}/log?remoteNode=loca
  │   l&step=tarea_1&dagRunId=${DAG_RUN_ID}" fisgon_scraper:1.0'
  │
  ├─stdout:
  │   RUNNING VARS →
  │   CITY=Almeria,
  │   OPERATION=0,
  │   CREATE_SESSION=0,
  │   CLOSE_SESSION=0,
  │   SESSION=None,
  │   IMAGES=0,
  │   GET_SCRAPERS=
  │   SCRAPER=JuntaAndaluciaAgenda
  │   DAG_RUN_URL=/dags/FisgonTaskSelenium/log?remoteNode=local&step=tarea_1&d
  │   agRunId=019c90d3-c83c-7ab7-b2ab-3ea37997117a
  ├─stderr:
  │   Traceback (most recent call last):
  │   File "/app/run.py", line 118, in <module>
  │   from orchestration.almeria import events_extractors
  │   File "/app/orchestration/almeria.py", line 1, in <module>
  │   from scraper.extractors.url_iterator.fical import Fical
  │   File "/app/scraper/extractors/url_iterator/fical.py", line 6, in
  │   <module>
  │   from scraper.extractors.url_iterator.abc_url_iterator_extractor import
  │   UrlIteratorExtractor
  │   File
  │   "/app/scraper/extractors/url_iterator/abc_url_iterator_extractor.py",
  │   line 5, in <module>
  │   from scraper.extractors.abc_event_model_extractor import
  │   EventModelExtractor
  │   File "/app/scraper/extractors/abc_event_model_extractor.py", line 5, in
  │   <module>
  │   from titlecase import titlecase
  │   ModuleNotFoundError: No module named 'titlecase'
  │
  └─error: failed to execute step "tarea_1": exit status 1

Result: Failed

Launching scraper: ClassicJazz
Failed - 2026-02-24T18:05:30Z

dag: FisgonTaskSelenium (5.0s)
│
└─tarea_1 (5.0s) [failed]
  ├─bash -lc 'set -eo pipefail; export DOCKER_CONFIG=/tmp/.docker HOME=/tmp;
  │   SELENIUM_NAME="selenium_${DAG_RUN_ID:-$$}_$(date +%s)"; cleanup() {
  │   docker rm -f "$SELENIUM_NAME" >/dev/null 2>&1 || true; }; trap cleanup
  │   EXIT; docker run -d --rm --name "$SELENIUM_NAME" --shm-size=2g -e
  │   SE_NODE_MAX_SESSIONS=1 -e SE_NODE_OVERRIDE_MAX_SESSIONS=true
  │   selenium/standalone-chrome:latest >/dev/null; docker exec
  │   "$SELENIUM_NAME" bash -c "for i in \$(seq 1 60); do (echo >
  │   /dev/tcp/127.0.0.1/4444) >/dev/null 2>&1 && exit 0; sleep 1; done; exit
  │   1"; docker run --rm --network container:"$SELENIUM_NAME" -v
  │   /home/ubuntu/work/fisgon:/app -v
  │   /home/ubuntu/data_storage:/home/ubuntu/data_storage -v
  │   /home/ubuntu/work/event_flask_app/static/img:/home/ubuntu/work/event_fla
  │   sk_app/static/img -w /app -e OPERATION=0 -e DOCKER_CONFIG=/tmp/.docker
  │   -e HOME=/tmp -e TARGET_CITY -e TARGET_SCRAPER -e
  │   DAG_RUN_URL="${DAGU_BASE_URL:-}/dags/${DAG_NAME}?dagRunId=${DAG_RUN_ID}"
  │   -e
  │   DAG_RUN_LOG_URL="${DAGU_BASE_URL:-}/dags/${DAG_NAME}/log?remoteNode=loca
  │   l&step=tarea_1&dagRunId=${DAG_RUN_ID}" fisgon_scraper:1.0'
  │
  ├─stdout:
  │   RUNNING VARS →
  │   CITY=Almeria,
  │   OPERATION=0,
  │   CREATE_SESSION=0,
  │   CLOSE_SESSION=0,
  │   SESSION=None,
  │   IMAGES=0,
  │   GET_SCRAPERS=
  │   SCRAPER=ClassicJazz
  │   DAG_RUN_URL=/dags/FisgonTaskSelenium/log?remoteNode=local&step=tarea_1&d
  │   agRunId=019c90d3-df63-7ad8-9706-ecb069c9a6a8
  ├─stderr:
  │   Traceback (most recent call last):
  │   File "/app/run.py", line 118, in <module>
  │   from orchestration.almeria import events_extractors
  │   File "/app/orchestration/almeria.py", line 1, in <module>
  │   from scraper.extractors.url_iterator.fical import Fical
  │   File "/app/scraper/extractors/url_iterator/fical.py", line 6, in
  │   <module>
  │   from scraper.extractors.url_iterator.abc_url_iterator_extractor import
  │   UrlIteratorExtractor
  │   File
  │   "/app/scraper/extractors/url_iterator/abc_url_iterator_extractor.py",
  │   line 5, in <module>
  │   from scraper.extractors.abc_event_model_extractor import
  │   EventModelExtractor
  │   File "/app/scraper/extractors/abc_event_model_extractor.py", line 5, in
  │   <module>
  │   from titlecase import titlecase
  │   ModuleNotFoundError: No module named 'titlecase'
  │
  └─error: failed to execute step "tarea_1": exit status 1

Result: Failed

Launching scraper: FlowteTaquillaCultural
Failed - 2026-02-24T18:05:35Z

dag: FisgonTaskSelenium (6.0s)
│
└─tarea_1 (6.0s) [failed]
  ├─bash -lc 'set -eo pipefail; export DOCKER_CONFIG=/tmp/.docker HOME=/tmp;
  │   SELENIUM_NAME="selenium_${DAG_RUN_ID:-$$}_$(date +%s)"; cleanup() {
  │   docker rm -f "$SELENIUM_NAME" >/dev/null 2>&1 || true; }; trap cleanup
  │   EXIT; docker run -d --rm --name "$SELENIUM_NAME" --shm-size=2g -e
  │   SE_NODE_MAX_SESSIONS=1 -e SE_NODE_OVERRIDE_MAX_SESSIONS=true
  │   selenium/standalone-chrome:latest >/dev/null; docker exec
  │   "$SELENIUM_NAME" bash -c "for i in \$(seq 1 60); do (echo >
  │   /dev/tcp/127.0.0.1/4444) >/dev/null 2>&1 && exit 0; sleep 1; done; exit
  │   1"; docker run --rm --network container:"$SELENIUM_NAME" -v
  │   /home/ubuntu/work/fisgon:/app -v
  │   /home/ubuntu/data_storage:/home/ubuntu/data_storage -v
  │   /home/ubuntu/work/event_flask_app/static/img:/home/ubuntu/work/event_fla
  │   sk_app/static/img -w /app -e OPERATION=0 -e DOCKER_CONFIG=/tmp/.docker
  │   -e HOME=/tmp -e TARGET_CITY -e TARGET_SCRAPER -e
  │   DAG_RUN_URL="${DAGU_BASE_URL:-}/dags/${DAG_NAME}?dagRunId=${DAG_RUN_ID}"
  │   -e
  │   DAG_RUN_LOG_URL="${DAGU_BASE_URL:-}/dags/${DAG_NAME}/log?remoteNode=loca
  │   l&step=tarea_1&dagRunId=${DAG_RUN_ID}" fisgon_scraper:1.0'
  │
  ├─stdout:
  │   RUNNING VARS →
  │   CITY=Almeria,
  │   OPERATION=0,
  │   CREATE_SESSION=0,
  │   CLOSE_SESSION=0,
  │   SESSION=None,
  │   IMAGES=0,
  │   GET_SCRAPERS=
  │   SCRAPER=FlowteTaquillaCultural
  │   DAG_RUN_URL=/dags/FisgonTaskSelenium/log?remoteNode=local&step=tarea_1&d
  │   agRunId=019c90d3-f569-7d3f-931a-b195bbb6a937
  ├─stderr:
  │   Traceback (most recent call last):
  │   File "/app/run.py", line 118, in <module>
  │   from orchestration.almeria import events_extractors
  │   File "/app/orchestration/almeria.py", line 1, in <module>
  │   from scraper.extractors.url_iterator.fical import Fical
  │   File "/app/scraper/extractors/url_iterator/fical.py", line 6, in
  │   <module>
  │   from scraper.extractors.url_iterator.abc_url_iterator_extractor import
  │   UrlIteratorExtractor
  │   File
  │   "/app/scraper/extractors/url_iterator/abc_url_iterator_extractor.py",
  │   line 5, in <module>
  │   from scraper.extractors.abc_event_model_extractor import
  │   EventModelExtractor
  │   File "/app/scraper/extractors/abc_event_model_extractor.py", line 5, in
  │   <module>
  │   from titlecase import titlecase
  │   ModuleNotFoundError: No module named 'titlecase'
  │
  └─error: failed to execute step "tarea_1": exit status 1

Result: Failed

Launching scraper: Entradium
Failed - 2026-02-24T18:05:41Z

dag: FisgonTaskSelenium (5.0s)
│
└─tarea_1 (5.0s) [failed]
  ├─bash -lc 'set -eo pipefail; export DOCKER_CONFIG=/tmp/.docker HOME=/tmp;
  │   SELENIUM_NAME="selenium_${DAG_RUN_ID:-$$}_$(date +%s)"; cleanup() {
  │   docker rm -f "$SELENIUM_NAME" >/dev/null 2>&1 || true; }; trap cleanup
  │   EXIT; docker run -d --rm --name "$SELENIUM_NAME" --shm-size=2g -e
  │   SE_NODE_MAX_SESSIONS=1 -e SE_NODE_OVERRIDE_MAX_SESSIONS=true
  │   selenium/standalone-chrome:latest >/dev/null; docker exec
  │   "$SELENIUM_NAME" bash -c "for i in \$(seq 1 60); do (echo >
  │   /dev/tcp/127.0.0.1/4444) >/dev/null 2>&1 && exit 0; sleep 1; done; exit
  │   1"; docker run --rm --network container:"$SELENIUM_NAME" -v
  │   /home/ubuntu/work/fisgon:/app -v
  │   /home/ubuntu/data_storage:/home/ubuntu/data_storage -v
  │   /home/ubuntu/work/event_flask_app/static/img:/home/ubuntu/work/event_fla
  │   sk_app/static/img -w /app -e OPERATION=0 -e DOCKER_CONFIG=/tmp/.docker
  │   -e HOME=/tmp -e TARGET_CITY -e TARGET_SCRAPER -e
  │   DAG_RUN_URL="${DAGU_BASE_URL:-}/dags/${DAG_NAME}?dagRunId=${DAG_RUN_ID}"
  │   -e
  │   DAG_RUN_LOG_URL="${DAGU_BASE_URL:-}/dags/${DAG_NAME}/log?remoteNode=loca
  │   l&step=tarea_1&dagRunId=${DAG_RUN_ID}" fisgon_scraper:1.0'
  │
  ├─stdout:
  │   RUNNING VARS →
  │   CITY=Almeria,
  │   OPERATION=0,
  │   CREATE_SESSION=0,
  │   CLOSE_SESSION=0,
  │   SESSION=None,
  │   IMAGES=0,
  │   GET_SCRAPERS=
  │   SCRAPER=Entradium
  │   DAG_RUN_URL=/dags/FisgonTaskSelenium/log?remoteNode=local&step=tarea_1&d
  │   agRunId=019c90d4-0c22-72ac-9b1b-f920241bc45f
  ├─stderr:
  │   Traceback (most recent call last):
  │   File "/app/run.py", line 118, in <module>
  │   from orchestration.almeria import events_extractors
  │   File "/app/orchestration/almeria.py", line 1, in <module>
  │   from scraper.extractors.url_iterator.fical import Fical
  │   File "/app/scraper/extractors/url_iterator/fical.py", line 6, in
  │   <module>
  │   from scraper.extractors.url_iterator.abc_url_iterator_extractor import
  │   UrlIteratorExtractor
  │   File
  │   "/app/scraper/extractors/url_iterator/abc_url_iterator_extractor.py",
  │   line 5, in <module>
  │   from scraper.extractors.abc_event_model_extractor import
  │   EventModelExtractor
  │   File "/app/scraper/extractors/abc_event_model_extractor.py", line 5, in
  │   <module>
  │   from titlecase import titlecase
  │   ModuleNotFoundError: No module named 'titlecase'
  │
  └─error: failed to execute step "tarea_1": exit status 1

Result: Failed

Launching scraper: TodasLasEntradas
Failed - 2026-02-24T18:05:46Z

dag: FisgonTaskSelenium (5.0s)
│
└─tarea_1 (5.0s) [failed]
  ├─bash -lc 'set -eo pipefail; export DOCKER_CONFIG=/tmp/.docker HOME=/tmp;
  │   SELENIUM_NAME="selenium_${DAG_RUN_ID:-$$}_$(date +%s)"; cleanup() {
  │   docker rm -f "$SELENIUM_NAME" >/dev/null 2>&1 || true; }; trap cleanup
  │   EXIT; docker run -d --rm --name "$SELENIUM_NAME" --shm-size=2g -e
  │   SE_NODE_MAX_SESSIONS=1 -e SE_NODE_OVERRIDE_MAX_SESSIONS=true
  │   selenium/standalone-chrome:latest >/dev/null; docker exec
  │   "$SELENIUM_NAME" bash -c "for i in \$(seq 1 60); do (echo >
  │   /dev/tcp/127.0.0.1/4444) >/dev/null 2>&1 && exit 0; sleep 1; done; exit
  │   1"; docker run --rm --network container:"$SELENIUM_NAME" -v
  │   /home/ubuntu/work/fisgon:/app -v
  │   /home/ubuntu/data_storage:/home/ubuntu/data_storage -v
  │   /home/ubuntu/work/event_flask_app/static/img:/home/ubuntu/work/event_fla
  │   sk_app/static/img -w /app -e OPERATION=0 -e DOCKER_CONFIG=/tmp/.docker
  │   -e HOME=/tmp -e TARGET_CITY -e TARGET_SCRAPER -e
  │   DAG_RUN_URL="${DAGU_BASE_URL:-}/dags/${DAG_NAME}?dagRunId=${DAG_RUN_ID}"
  │   -e
  │   DAG_RUN_LOG_URL="${DAGU_BASE_URL:-}/dags/${DAG_NAME}/log?remoteNode=loca
  │   l&step=tarea_1&dagRunId=${DAG_RUN_ID}" fisgon_scraper:1.0'
  │
  ├─stdout:
  │   RUNNING VARS →
  │   CITY=Almeria,
  │   OPERATION=0,
  │   CREATE_SESSION=0,
  │   CLOSE_SESSION=0,
  │   SESSION=None,
  │   IMAGES=0,
  │   GET_SCRAPERS=
  │   SCRAPER=TodasLasEntradas
  │   DAG_RUN_URL=/dags/FisgonTaskSelenium/log?remoteNode=local&step=tarea_1&d
  │   agRunId=019c90d4-1e17-7d74-8602-5329608a9435
  ├─stderr:
  │   Traceback (most recent call last):
  │   File "/app/run.py", line 118, in <module>
  │   from orchestration.almeria import events_extractors
  │   File "/app/orchestration/almeria.py", line 1, in <module>
  │   from scraper.extractors.url_iterator.fical import Fical
  │   File "/app/scraper/extractors/url_iterator/fical.py", line 6, in
  │   <module>
  │   from scraper.extractors.url_iterator.abc_url_iterator_extractor import
  │   UrlIteratorExtractor
  │   File
  │   "/app/scraper/extractors/url_iterator/abc_url_iterator_extractor.py",
  │   line 5, in <module>
  │   from scraper.extractors.abc_event_model_extractor import
  │   EventModelExtractor
  │   File "/app/scraper/extractors/abc_event_model_extractor.py", line 5, in
  │   <module>
  │   from titlecase import titlecase
  │   ModuleNotFoundError: No module named 'titlecase'
  │
  └─error: failed to execute step "tarea_1": exit status 1

Result: Failed

Launching scraper: RedBibliotecas
Failed - 2026-02-24T18:05:51Z

dag: FisgonTaskSelenium (4.0s)
│
└─tarea_1 (4.0s) [failed]
  ├─bash -lc 'set -eo pipefail; export DOCKER_CONFIG=/tmp/.docker HOME=/tmp;
  │   SELENIUM_NAME="selenium_${DAG_RUN_ID:-$$}_$(date +%s)"; cleanup() {
  │   docker rm -f "$SELENIUM_NAME" >/dev/null 2>&1 || true; }; trap cleanup
  │   EXIT; docker run -d --rm --name "$SELENIUM_NAME" --shm-size=2g -e
  │   SE_NODE_MAX_SESSIONS=1 -e SE_NODE_OVERRIDE_MAX_SESSIONS=true
  │   selenium/standalone-chrome:latest >/dev/null; docker exec
  │   "$SELENIUM_NAME" bash -c "for i in \$(seq 1 60); do (echo >
  │   /dev/tcp/127.0.0.1/4444) >/dev/null 2>&1 && exit 0; sleep 1; done; exit
  │   1"; docker run --rm --network container:"$SELENIUM_NAME" -v
  │   /home/ubuntu/work/fisgon:/app -v
  │   /home/ubuntu/data_storage:/home/ubuntu/data_storage -v
  │   /home/ubuntu/work/event_flask_app/static/img:/home/ubuntu/work/event_fla
  │   sk_app/static/img -w /app -e OPERATION=0 -e DOCKER_CONFIG=/tmp/.docker
  │   -e HOME=/tmp -e TARGET_CITY -e TARGET_SCRAPER -e
  │   DAG_RUN_URL="${DAGU_BASE_URL:-}/dags/${DAG_NAME}?dagRunId=${DAG_RUN_ID}"
  │   -e
  │   DAG_RUN_LOG_URL="${DAGU_BASE_URL:-}/dags/${DAG_NAME}/log?remoteNode=loca
  │   l&step=tarea_1&dagRunId=${DAG_RUN_ID}" fisgon_scraper:1.0'
  │
  ├─stdout:
  │   RUNNING VARS →
  │   CITY=Almeria,
  │   OPERATION=0,
  │   CREATE_SESSION=0,
  │   CLOSE_SESSION=0,
  │   SESSION=None,
  │   IMAGES=0,
  │   GET_SCRAPERS=
  │   SCRAPER=RedBibliotecas
  │   DAG_RUN_URL=/dags/FisgonTaskSelenium/log?remoteNode=local&step=tarea_1&d
  │   agRunId=019c90d4-3068-7011-93ef-fc9150fc3b92
  ├─stderr:
  │   Traceback (most recent call last):
  │   File "/app/run.py", line 118, in <module>
  │   from orchestration.almeria import events_extractors
  │   File "/app/orchestration/almeria.py", line 1, in <module>
  │   from scraper.extractors.url_iterator.fical import Fical
  │   File "/app/scraper/extractors/url_iterator/fical.py", line 6, in
  │   <module>
  │   from scraper.extractors.url_iterator.abc_url_iterator_extractor import
  │   UrlIteratorExtractor
  │   File
  │   "/app/scraper/extractors/url_iterator/abc_url_iterator_extractor.py",
  │   line 5, in <module>
  │   from scraper.extractors.abc_event_model_extractor import
  │   EventModelExtractor
  │   File "/app/scraper/extractors/abc_event_model_extractor.py", line 5, in
  │   <module>
  │   from titlecase import titlecase
  │   ModuleNotFoundError: No module named 'titlecase'
  │
  └─error: failed to execute step "tarea_1": exit status 1

Result: Failed

Launching scraper: SalaEmma
Failed - 2026-02-24T18:05:55Z

dag: FisgonTaskSelenium (5.0s)
│
└─tarea_1 (5.0s) [failed]
  ├─bash -lc 'set -eo pipefail; export DOCKER_CONFIG=/tmp/.docker HOME=/tmp;
  │   SELENIUM_NAME="selenium_${DAG_RUN_ID:-$$}_$(date +%s)"; cleanup() {
  │   docker rm -f "$SELENIUM_NAME" >/dev/null 2>&1 || true; }; trap cleanup
  │   EXIT; docker run -d --rm --name "$SELENIUM_NAME" --shm-size=2g -e
  │   SE_NODE_MAX_SESSIONS=1 -e SE_NODE_OVERRIDE_MAX_SESSIONS=true
  │   selenium/standalone-chrome:latest >/dev/null; docker exec
  │   "$SELENIUM_NAME" bash -c "for i in \$(seq 1 60); do (echo >
  │   /dev/tcp/127.0.0.1/4444) >/dev/null 2>&1 && exit 0; sleep 1; done; exit
  │   1"; docker run --rm --network container:"$SELENIUM_NAME" -v
  │   /home/ubuntu/work/fisgon:/app -v
  │   /home/ubuntu/data_storage:/home/ubuntu/data_storage -v
  │   /home/ubuntu/work/event_flask_app/static/img:/home/ubuntu/work/event_fla
  │   sk_app/static/img -w /app -e OPERATION=0 -e DOCKER_CONFIG=/tmp/.docker
  │   -e HOME=/tmp -e TARGET_CITY -e TARGET_SCRAPER -e
  │   DAG_RUN_URL="${DAGU_BASE_URL:-}/dags/${DAG_NAME}?dagRunId=${DAG_RUN_ID}"
  │   -e
  │   DAG_RUN_LOG_URL="${DAGU_BASE_URL:-}/dags/${DAG_NAME}/log?remoteNode=loca
  │   l&step=tarea_1&dagRunId=${DAG_RUN_ID}" fisgon_scraper:1.0'
  │
  ├─stdout:
  │   RUNNING VARS →
  │   CITY=Almeria,
  │   OPERATION=0,
  │   CREATE_SESSION=0,
  │   CLOSE_SESSION=0,
  │   SESSION=None,
  │   IMAGES=0,
  │   GET_SCRAPERS=
  │   SCRAPER=SalaEmma
  │   DAG_RUN_URL=/dags/FisgonTaskSelenium/log?remoteNode=local&step=tarea_1&d
  │   agRunId=019c90d4-4288-7c72-bdbb-ea0440083593
  ├─stderr:
  │   Traceback (most recent call last):
  │   File "/app/run.py", line 118, in <module>
  │   from orchestration.almeria import events_extractors
  │   File "/app/orchestration/almeria.py", line 1, in <module>
  │   from scraper.extractors.url_iterator.fical import Fical
  │   File "/app/scraper/extractors/url_iterator/fical.py", line 6, in
  │   <module>
  │   from scraper.extractors.url_iterator.abc_url_iterator_extractor import
  │   UrlIteratorExtractor
  │   File
  │   "/app/scraper/extractors/url_iterator/abc_url_iterator_extractor.py",
  │   line 5, in <module>
  │   from scraper.extractors.abc_event_model_extractor import
  │   EventModelExtractor
  │   File "/app/scraper/extractors/abc_event_model_extractor.py", line 5, in
  │   <module>
  │   from titlecase import titlecase
  │   ModuleNotFoundError: No module named 'titlecase'
  │
  └─error: failed to execute step "tarea_1": exit status 1

Result: Failed

