
RUNNING VARS → 
        CITY=Almeria, 

        OPERATION=0,
            CREATE_SESSION=0,
            CLOSE_SESSION=0,
            SESSION=None,
            IMAGES=0,
            GET_SCRAPERS=

        SCRAPER=AlmeriaCiudad
        DAG_RUN_URL=/dags/FisgonTaskSelenium/log?remoteNode=local&step=tarea_1&dagRunId=019d3185-f218-71d5-b6e4-25e56fdad7f3

Running for Almeria: AlmeriaCiudad
AlmeriaCiudad
RUNNING SESSION =  2026_03_27_22_57_Viernes
Starting WebDriver...
http://localhost:4444/wd/hub
sleeping 5
Getting content
page = 0 -----------https://almeriaciudad.es/cultura/agenda?page=0--------------- len 12
sleeping 5
Getting content
page = 1 -----------https://almeriaciudad.es/cultura/agenda?page=1--------------- len 12
sleeping 5
Getting content
page = 2 -----------https://almeriaciudad.es/cultura/agenda?page=2--------------- len 7
sleeping 5
Getting content
page = 3 -----------https://almeriaciudad.es/cultura/agenda?page=3--------------- len 0
*** SCRAPED 31 URLS WITH EVENTS **
New url events = 6
0 / 6
Getting https://almeriaciudad.es//cultura/evento/renacer-eva-collado
Sleep 4
--------------------
{'id': 'ef55f1f9', 'show': 1, 'in_city': 1, 'one_day': 1, 'wrong_date_time': 0, 'event': 'Renacer, Eva Collado', 'slug': 'renacer-eva-collado', 'category': '__NOT_DEFINIED__', 'id_venue': 'tQfq78jF', 'venue': 'Teatro Apolo', 'std_venue': 'Teatro Apolo', 'start_date': '2026-06-13', 'start_time': '21:00:00', 'end_date': '2026-06-13', 'end_time': '22:00:00', 'description': 'RENACER es un espectáculo que fusiona copla, flamenco y música de siempre en una propuesta escénica elegante, intensa y emocionante. Un recorrido musical donde la voz, la interpretación y la emoción conectan directamente con el público, generando una experiencia única en cada actuación. El repertorio combina grandes clásicos, versiones reconocidas y temas propios, adaptándose a distintos formatos escénicos. Eva Collado, con más de 23 años de trayectoria profesional, ha llevado la música a cada rincón de nuestra España. Ganadora del concurso Almería Novel 2013, ha participado en eventos destacados como la Noche en Blanco, la Feria de Almería, conciertos retransmitidos por Radiolé y múltiples actuaciones a nivel nacional. Su estilo se caracteriza por la fuerza interpretativa, la elegancia escénica y la capacidad de emocionar desde la verdad artística.', 'others': {'organizer': 'Teatro Apolo', 'price': 'GENERAL: 18 EUROS', 'category': 'Concierto|Flamenco', 'audience_age': 'Todas las edades'}, 'source': 'AlmeriaCiudad', 'exec_time': '20260327T225921', 'session': '2026_03_27_22_57_Viernes', 'image': 'https://almeriaciudad.es/uploads/styles/large/public/media/image/fasdfasdf.png?itok=oNpMIc47', 'url': 'https://almeriaciudad.es//cultura/evento/renacer-eva-collado'}
1 / 6
Getting https://almeriaciudad.es//cultura/evento/carmen-hasta-la-muerte
Sleep 4
--------------------
{'id': 'eb555b05', 'show': 1, 'in_city': 1, 'one_day': 1, 'wrong_date_time': 0, 'event': 'Carmen Hasta La Muerte', 'slug': 'carmen-hasta-la-muerte', 'category': '__NOT_DEFINIED__', 'id_venue': '27qNP7DH', 'venue': 'Auditorio Municipal Maestro Padilla', 'std_venue': 'Auditorio Municipal Maestro Padilla', 'start_date': '2026-05-17', 'start_time': '20:00:00', 'end_date': '2026-05-17', 'end_time': '21:30:00', 'description': 'Dicen que Carmen no ama, juega. Dicen que Carmen no huye, baila con el destino. y cuandolanza su pañuelo.. ya no hay vuelta atrás. Carmen no es una mujer, es un símbolo de libertad sin condiciones, de amor sin cadenas, de un deestino escrito en seda y sangre. Hoy ese pañuelo, está en tus manos. Dentro del Repertorio del baile flamenco, presentamos una obra que, como andaluces, sentimos profundamente nuestra y con orgullo reivindicamos. Carmen es el reflejo de una mujer pasional y firme, dueña de una moral libre e inquebrantable para su tiempo. Humilde cigarreraa, dedicaba sus momentos de ocio al baile, donde mostraba toda su gracia y fuerza. Su belleza y carácter despertaban tantas admiraciones como envidias, lo que la condujo a vivir situaciones límite que siempre supo dominar.. hasta el día en que ya no pudo. Hoy recordamos a esa Carmen indomable, símbolo de libertad y coraje, a través del arte que nos une. Andalucía es alegría, arte y duende; tierra de pasión y hospitalidad, donde la vida se vive con intensidad y corazón. Dirección y Coreografía: Inés de Inés. Música en Directo. Escenografía: Juan de Dios García. Regiduría: Belén Mañas. Diseño Gráfico: Belart Visual. PRECIO DE LAS ENTRADAS: 10 EUROS. FILA CERO PARA APORTACIONES A LA ASOCIACIÓN. No DE CUENTA: ES42 2100 4754 3713 0019 0226. CÓDIGO BIZUM: 09898', 'others': {'organizer': 'Auditorio Municipal Maestro Padilla', 'price': 'GENERAL: 10 EUROS', 'category': 'Benéfico', 'audience_age': 'Todas las edades'}, 'source': 'AlmeriaCiudad', 'exec_time': '20260327T225921', 'session': '2026_03_27_22_57_Viernes', 'image': 'https://almeriaciudad.es/uploads/styles/large/public/media/image/cartel_5.jpeg?itok=BXX19il6', 'url': 'https://almeriaciudad.es//cultura/evento/carmen-hasta-la-muerte'}
2 / 6
Getting https://almeriaciudad.es//cultura/evento/ocal-fuegos-artificiales-y-musica-acuatica
Sleep 4
