
> build:css
> tailwindcss -i ./src/tailwind.css -o ./static/css/tailwind.css --minify

Images: need download 34 (skipped=435)
Images: 1/34 (downloaded=0 failed=0)
Images: 25/34 (downloaded=1 failed=23)
Images: 34/34 (downloaded=1 failed=32)
Images: {'events_total': 469, 'events_with_remote': 34, 'skipped_already_present': 435, 'to_download': 34, 'downloaded': 1, 'failed_download': 33, 'failed_decode': 0, 'written': 2} -> /app/dist/almeria/static/img/events
HTML: rendering 500 pages
HTML: 1/500
HTML: 25/500
HTML: 50/500
HTML: 75/500
HTML: 100/500
HTML: 125/500
HTML: 150/500
HTML: 175/500
HTML: 200/500
HTML: 225/500
HTML: 250/500
HTML: 275/500
HTML: 300/500
HTML: 325/500
HTML: 350/500
HTML: 375/500
HTML: 400/500
HTML: 425/500
HTML: 450/500
HTML: 475/500
HTML: 500/500
Built 2 month pages + 498 other pages into /app/dist/almeria
Wrote /app/dist/almeria/sitemap.xml
Wrote /app/dist/almeria/robots.txt
Wrote /app/dist/almeria/version.json
