
RUNNING VARS → 
        CITY=Almeria, 

        OPERATION=0,
            CREATE_SESSION=0,
            CLOSE_SESSION=0,
            SESSION=None,
            IMAGES=0,
            GET_SCRAPERS=

        SCRAPER=SalaBerlin
        DAG_RUN_URL=/dags/FisgonTaskRequest/log?remoteNode=local&step=tarea_1&dagRunId=019ccf75-f635-7a46-a03c-490fd22046e8

Running for Almeria: SalaBerlin
SalaBerlin
RUNNING SESSION =  2026_03_08_21_58_Domingo
Getting https://berlinalmeria.com/eventos/
Sleep 1
*** SCRAPED 12 URLS WITH EVENTS **
New url events = 2
0 / 2
Getting https://berlinalmeria.com/producto/25-abril-xv-metalmeria-fest/
Sleep 4
--------------------
{'id': 'fdf01ecd', 'show': 1, 'in_city': 1, 'one_day': 1, 'wrong_date_time': 1, 'event': 'Xv Metalmeria Fest', 'slug': 'xv-metalmeria-fest', 'category': '__NOT_DEFINIED__', 'id_venue': 'NmPqTrh6', 'venue': 'Sala Berlin', 'std_venue': 'Berlin Social Club', 'start_date': '__NOT_FOUND__', 'start_time': '__NOT_FOUND__', 'end_date': '__NOT_DEFINIED__', 'end_time': '__NOT_DEFINIED__', 'description': 'XV METALMERIA FEST', 'others': {'price': '25,00\xa0€', 'ticket': 'https://entradas.crashmusic.es/event/xv-metalmeria-fest-almeria-sala-berlin-social-club-sabado-25-de-abril'}, 'source': 'SalaBerlin', 'exec_time': '20260308T215900', 'session': '2026_03_08_21_58_Domingo', 'image': 'https://berlinalmeria.com/wp-content/uploads/2026/02/c1c2440ae1cb1ba103a00ba2585fff10.jpg', 'url': 'https://berlinalmeria.com/producto/25-abril-xv-metalmeria-fest/'}
1 / 2
Getting https://berlinalmeria.com/producto/9-mayo-lorna/
Sleep 4
--------------------
{'id': '53cb7a71', 'show': 1, 'in_city': 1, 'one_day': 1, 'wrong_date_time': 0, 'event': 'Lorna', 'slug': 'lorna', 'category': '__NOT_DEFINIED__', 'id_venue': 'NmPqTrh6', 'venue': 'Sala Berlin', 'std_venue': 'Berlin Social Club', 'start_date': '2026-05-09', 'start_time': '20:30:00', 'end_date': '__NOT_DEFINIED__', 'end_time': '__NOT_DEFINIED__', 'description': 'l0rna en su gira de 2026', 'others': {'price': '18,00\xa0€', 'ticket': 'https://entradas.crashmusic.es/event/concierto-l0rna-almeria-sala-berlin-social-club-sabado-9-de-mayo'}, 'source': 'SalaBerlin', 'exec_time': '20260308T215900', 'session': '2026_03_08_21_58_Domingo', 'image': 'https://berlinalmeria.com/wp-content/uploads/2026/02/lorna.jpg', 'url': 'https://berlinalmeria.com/producto/9-mayo-lorna/'}
****************************
Saving 2 new events
Saving in  /home/ubuntu/data_storage/Almeria/2026_03_08_21_58_Domingo/0_raw/20260308_2159_SalaBerlin.json
Saving 2 master url
Appending to  /home/ubuntu/data_storage/Almeria/00_master/master_url.json
