
RUNNING VARS → 
        CITY=Almeria, 

        OPERATION=0,
            CREATE_SESSION=0,
            CLOSE_SESSION=0,
            SESSION=None,
            IMAGES=0,
            GET_SCRAPERS=

        SCRAPER=KuverProducciones
        DAG_RUN_URL=/dags/FisgonTaskRequest/log?remoteNode=local&step=tarea_1&dagRunId=019cd4fd-fe06-79d7-826c-a1b65a79db74

Running for Almeria: KuverProducciones
KuverProducciones
Creating rawfolder...
RUNNING SESSION =  2026_03_09_23_45_Lunes
Getting https://kuverproducciones.com/proximos-eventos/
Sleep 1
*** SCRAPED 66 URLS WITH EVENTS **
New url events = 1
0 / 1
Getting https://kuverproducciones.com/evento/juan-del-val-presenta-vera-una-historia-de-amor/
Sleep 4
--------------------
{'id': 'b12ce5f8', 'show': 1, 'in_city': 1, 'one_day': 1, 'wrong_date_time': 0, 'event': 'Juan Del Val – Vera Una Historia De Amor', 'slug': 'juan-del-val-vera-una-historia-de-amor', 'category': '__NOT_DEFINIED__', 'id_venue': 'DgpfFbPt', 'venue': 'Teatro Cervantes de Almería', 'std_venue': 'Teatro Cervantes', 'start_date': '2026-03-25', 'start_time': '19:30:00', 'end_date': '__NOT_DEFINIED__', 'end_time': '__NOT_DEFINIED__', 'description': 'Libros en la Onda te trae al escritor Juan del Val, presentando su nuevo libro 📖 Vera una historia de amor. Entrada libre hasta completar aforo.', 'others': '__NOT_DEFINIED__', 'source': 'KuverProducciones', 'exec_time': '20260309T234542', 'session': '2026_03_09_23_45_Lunes', 'image': '__NOT_FOUND__', 'url': 'https://kuverproducciones.com/evento/juan-del-val-presenta-vera-una-historia-de-amor/'}
****************************
Saving 1 new events
Saving in  /home/ubuntu/data_storage/Almeria/2026_03_09_23_45_Lunes/0_raw/20260309_2345_KuverProducciones.json
Saving 1 master url
Appending to  /home/ubuntu/data_storage/Almeria/00_master/master_url.json
