
RUNNING VARS → 
        CITY=Almeria, 

        OPERATION=0,
            CREATE_SESSION=0,
            CLOSE_SESSION=0,
            SESSION=None,
            IMAGES=0,
            GET_SCRAPERS=

        SCRAPER=RedBibliotecas
        DAG_RUN_URL=/dags/FisgonTaskSelenium/log?remoteNode=local&step=tarea_1&dagRunId=019d1be4-ae16-7495-913f-512217f66a1d

Running for Almeria: RedBibliotecas
RedBibliotecas
RUNNING SESSION =  2026_03_23_18_03_Lunes
START
Starting WebDriver...
http://localhost:4444/wd/hub
page=1
Getting content
['https://www.bibliotecaspublicas.es/almeria/actividades/Agenda/ta-172-tejiendo.html', 'https://www.bibliotecaspublicas.es/almeria/actividades/Agenda/ti-172-garabatos.html', 'https://www.bibliotecaspublicas.es/almeria/actividades/Agenda/ti-141-garabatos.html', 'https://www.bibliotecaspublicas.es/almeria/actividades/Agenda/ti-143-garabatos.html', 'https://www.bibliotecaspublicas.es/almeria/actividades/Agenda/ti-140-garabatos.html', 'https://www.bibliotecaspublicas.es/almeria/actividades/Agenda/cl-cabo.html', 'https://www.bibliotecaspublicas.es/almeria/actividades/Agenda/pl-arias.html']
page=2
Getting content
['https://www.bibliotecaspublicas.es/almeria/actividades/Agenda/ta-172-tejiendo.html', 'https://www.bibliotecaspublicas.es/almeria/actividades/Agenda/ti-172-garabatos.html', 'https://www.bibliotecaspublicas.es/almeria/actividades/Agenda/ti-141-garabatos.html', 'https://www.bibliotecaspublicas.es/almeria/actividades/Agenda/ti-143-garabatos.html', 'https://www.bibliotecaspublicas.es/almeria/actividades/Agenda/ti-140-garabatos.html', 'https://www.bibliotecaspublicas.es/almeria/actividades/Agenda/cl-cabo.html', 'https://www.bibliotecaspublicas.es/almeria/actividades/Agenda/pl-arias.html', 'https://www.bibliotecaspublicas.es/almeria/actividades/Agenda/ta-172-tejiendo.html', 'https://www.bibliotecaspublicas.es/almeria/actividades/Agenda/ti-172-garabatos.html', 'https://www.bibliotecaspublicas.es/almeria/actividades/Agenda/ti-141-garabatos.html', 'https://www.bibliotecaspublicas.es/almeria/actividades/Agenda/ti-143-garabatos.html', 'https://www.bibliotecaspublicas.es/almeria/actividades/Agenda/ti-140-garabatos.html', 'https://www.bibliotecaspublicas.es/almeria/actividades/Agenda/cl-cabo.html', 'https://www.bibliotecaspublicas.es/almeria/actividades/Agenda/pl-arias.html']
page=3
Getting content
['https://www.bibliotecaspublicas.es/almeria/actividades/Agenda/ta-172-tejiendo.html', 'https://www.bibliotecaspublicas.es/almeria/actividades/Agenda/ti-172-garabatos.html', 'https://www.bibliotecaspublicas.es/almeria/actividades/Agenda/ti-141-garabatos.html', 'https://www.bibliotecaspublicas.es/almeria/actividades/Agenda/ti-143-garabatos.html', 'https://www.bibliotecaspublicas.es/almeria/actividades/Agenda/ti-140-garabatos.html', 'https://www.bibliotecaspublicas.es/almeria/actividades/Agenda/cl-cabo.html', 'https://www.bibliotecaspublicas.es/almeria/actividades/Agenda/pl-arias.html', 'https://www.bibliotecaspublicas.es/almeria/actividades/Agenda/ta-172-tejiendo.html', 'https://www.bibliotecaspublicas.es/almeria/actividades/Agenda/ti-172-garabatos.html', 'https://www.bibliotecaspublicas.es/almeria/actividades/Agenda/ti-141-garabatos.html', 'https://www.bibliotecaspublicas.es/almeria/actividades/Agenda/ti-143-garabatos.html', 'https://www.bibliotecaspublicas.es/almeria/actividades/Agenda/ti-140-garabatos.html', 'https://www.bibliotecaspublicas.es/almeria/actividades/Agenda/cl-cabo.html', 'https://www.bibliotecaspublicas.es/almeria/actividades/Agenda/pl-arias.html', 'https://www.bibliotecaspublicas.es/almeria/actividades/Agenda/ta-172-tejiendo.html', 'https://www.bibliotecaspublicas.es/almeria/actividades/Agenda/ti-172-garabatos.html', 'https://www.bibliotecaspublicas.es/almeria/actividades/Agenda/ti-141-garabatos.html', 'https://www.bibliotecaspublicas.es/almeria/actividades/Agenda/ti-143-garabatos.html', 'https://www.bibliotecaspublicas.es/almeria/actividades/Agenda/ti-140-garabatos.html', 'https://www.bibliotecaspublicas.es/almeria/actividades/Agenda/cl-cabo.html', 'https://www.bibliotecaspublicas.es/almeria/actividades/Agenda/pl-arias.html']
*** SCRAPED 21 URLS WITH EVENTS **
New url events = 0
#######################
No new urls/events extracted. No new events to save
#######################
