
RUNNING VARS → 
        CITY=Almeria, 

        OPERATION=0,
            CREATE_SESSION=0,
            CLOSE_SESSION=0,
            SESSION=None,
            IMAGES=0,
            GET_SCRAPERS=

        SCRAPER=Entradium
        DAG_RUN_URL=/dags/FisgonTaskSelenium/log?remoteNode=local&step=tarea_1&dagRunId=019cc023-167d-7d33-a824-7fcf7c2241c9

Running for Almeria: Entradium
Entradium
RUNNING SESSION =  2026_03_05_22_27_Jueves
Starting WebDriver...
http://localhost:4444/wd/hub
sleeping 5
clicking
sleeping 3
sleeping 1.5
sleeping 3
******
xpath
/html/body/header/div[2]/div[1]/div/div/form/div/div/button/span/i
clicking
sleeping 3
sleeping 8
Getting content
*** SCRAPED 29 URLS WITH EVENTS **
New url events = 1
0 / 1
Getting https://entradium.com/es/events/desert-sound-almeria
Sleep 4
['30.05.2026', '22:00']
--------------------
{'id': '0dcc4e7a', 'show': 1, 'in_city': 1, 'one_day': 1, 'wrong_date_time': 0, 'event': 'Desert Sound Almería', 'slug': 'desert-sound-almeria', 'category': '__NOT_DEFINIED__', 'id_venue': 'NmPqTrh6', 'venue': 'Sala Berlín Social Club', 'std_venue': 'Berlin Social Club', 'start_date': '2026-05-30', 'start_time': '22:00:00', 'end_date': '__NOT_DEFINIED__', 'end_time': '__NOT_DEFINIED__', 'description': 'Llega a Almería la Primera Fiesta del Recuerdo Almería se viste de gala para rememorar los mejores temas de una discoteca mítica en la provincia de Alicante', 'others': {}, 'source': 'Entradium', 'exec_time': '20260305T223416', 'session': '2026_03_05_22_27_Jueves', 'image': 'https://d2il8hfach02z9.cloudfront.net/uploads/event/poster/d9b1d7d5d45dc0aba4a0ead413b7ecd92bfa462b/event_m_1000518188.jpg?v=1772705803', 'url': 'https://entradium.com/es/events/desert-sound-almeria'}
****************************
Saving 1 new events
Saving in  /home/ubuntu/data_storage/Almeria/2026_03_05_22_27_Jueves/0_raw/20260305_2234_Entradium.json
Saving 1 master url
Appending to  /home/ubuntu/data_storage/Almeria/00_master/master_url.json
