
RUNNING VARS → 
        CITY=Almeria, 

        OPERATION=0,
            CREATE_SESSION=0,
            CLOSE_SESSION=0,
            SESSION=None,
            IMAGES=0,
            GET_SCRAPERS=

        SCRAPER=Entradium
        DAG_RUN_URL=/dags/FisgonTaskSelenium/log?remoteNode=local&step=tarea_1&dagRunId=019d1be3-e1ba-7106-8cb3-ee8650291f75

Running for Almeria: Entradium
Entradium
RUNNING SESSION =  2026_03_23_18_03_Lunes
Starting WebDriver...
http://localhost:4444/wd/hub
sleeping 5
clicking
sleeping 3
sleeping 1.5
sleeping 3
******
xpath
/html/body/header/div[2]/div[1]/div/div/form/div/div/button/span/i
clicking
sleeping 3
sleeping 8
Getting content
*** SCRAPED 21 URLS WITH EVENTS **
New url events = 1
0 / 1
Getting https://entradium.com/es/events/paco-calavera-y-pepe-cespedes-4-abril-berlin-social-club
Sleep 4
['4.04.2026', '17:00']
--------------------
{'id': '3fa44f23', 'show': 1, 'in_city': 1, 'one_day': 1, 'wrong_date_time': 0, 'event': 'PACO CALAVERA Y PEPE CESPEDES - 4 Abril Berlín Social Club', 'slug': 'paco-calavera-y-pepe-cespedes-4-abril-berlin-social-club', 'category': '__NOT_DEFINIED__', 'id_venue': 'NmPqTrh6', 'venue': 'Berlin Social Club', 'std_venue': 'Berlin Social Club', 'start_date': '2026-04-04', 'start_time': '17:00:00', 'end_date': '__NOT_DEFINIED__', 'end_time': '__NOT_DEFINIED__', 'description': 'PACO CALAVERA Y PEPE CESPEDES ATERRIZAN DE NUEVO, ESTA VEZ EL SÁBADO SANTO, PARA HACERNOS REÍR CON SUS DIVERTIDOS SKETCHES DE HUMOR CHORRASABADO 4 ABRILAPERTURA PUERTAS 17:00ENTRADAS ANTICIPADAS 15€ENTRADAS TAQUILLA 18€Hay sillas disponibles que se ocuparán por orden de llegada', 'others': {}, 'source': 'Entradium', 'exec_time': '20260323T181018', 'session': '2026_03_23_18_03_Lunes', 'image': 'https://d2il8hfach02z9.cloudfront.net/uploads/event/poster/600faf2cbf9bed4323778296daca116acc93d9c9/event_m_04e9cd87-b4ce-4821-a3ef-25f4b578ecaf.jpeg?v=1774264838', 'url': 'https://entradium.com/es/events/paco-calavera-y-pepe-cespedes-4-abril-berlin-social-club'}
****************************
Saving 1 new events
Saving in  /home/ubuntu/data_storage/Almeria/2026_03_23_18_03_Lunes/0_raw/20260323_1810_Entradium.json
Saving 1 master url
Appending to  /home/ubuntu/data_storage/Almeria/00_master/master_url.json
