
RUNNING VARS → 
        CITY=Almeria, 

        OPERATION=0,
            CREATE_SESSION=0,
            CLOSE_SESSION=0,
            SESSION=None,
            IMAGES=0,
            GET_SCRAPERS=

        SCRAPER=RedBibliotecas
        DAG_RUN_URL=/dags/FisgonTaskSelenium/log?remoteNode=local&step=tarea_1&dagRunId=019c244a-ef96-7aed-a2a3-e014d886fb5c

Running for Almeria: RedBibliotecas
RedBibliotecas
RUNNING SESSION =  2026_02_03_15_59_Martes
START
Starting WebDriver...
http://localhost:4444/wd/hub
page=1
Getting content
page=2
Getting content
page=3
Getting content
*** SCRAPED 0 URLS WITH EVENTS **
#######################
No new urls/events extracted. No new events to save
#######################
***===*** SCRAPER DONE, RESTARTING SELENIUM ***===***
selenium
