
RUNNING VARS → 
        CITY=Almeria, 

        OPERATION=1,
            CREATE_SESSION=0,
            CLOSE_SESSION=1,
            SESSION=None,
            IMAGES=0,
            GET_SCRAPERS=

        SCRAPER=
        DAG_RUN_URL=/dags/FisgonSession/log?remoteNode=local&step=session&dagRunId=019cf8af-aa31-73b5-b05e-6461c9bf47a9

Executing final task with session: 2026_03_16_21_59_Lunes
Reading /home/ubuntu/data_storage/Almeria/2026_03_16_21_59_Lunes/0_raw/20260316_2206_SalaEmma.json...
Reading /home/ubuntu/data_storage/Almeria/2026_03_16_21_59_Lunes/0_raw/20260316_2200_LaGuajira.json...
Reading /home/ubuntu/data_storage/Almeria/2026_03_16_21_59_Lunes/0_raw/20260316_2205_TodasLasEntradas.json...
Reading /home/ubuntu/data_storage/Almeria/2026_03_16_21_59_Lunes/0_raw/20260316_2201_AlmeriaCiudad.json...
Reading /home/ubuntu/data_storage/Almeria/2026_03_16_21_59_Lunes/0_raw/20260316_2204_ClassicJazz.json...
Reading /home/ubuntu/data_storage/Almeria/2026_03_16_21_59_Lunes/0_raw/20260316_2203_JuntaAndaluciaAgenda.json...
Reading /home/ubuntu/data_storage/Almeria/2026_03_16_21_59_Lunes/0_raw/20260316_2202_AlmeriaTurismo.json...
Reading /home/ubuntu/data_storage/Almeria/2026_03_16_21_59_Lunes/0_raw/20260316_2159_KuverProducciones.json...
Saving 28 new events
Saving in  /home/ubuntu/data_storage/Almeria/2026_03_16_21_59_Lunes/0_raw/Merged.json
