
RUNNING VARS → 
        CITY=Almeria, 

        OPERATION=0,
            CREATE_SESSION=0,
            CLOSE_SESSION=0,
            SESSION=None,
            IMAGES=0,
            GET_SCRAPERS=

        SCRAPER=JuntaAndaluciaAgenda
        DAG_RUN_URL=/dags/FisgonTaskSelenium/log?remoteNode=local&step=tarea_1&dagRunId=019cd500-edd5-7c0f-91e3-c1c77ffad2fb

Running for Almeria: JuntaAndaluciaAgenda
JuntaAndaluciaAgenda
RUNNING SESSION =  2026_03_09_23_45_Lunes
Starting WebDriver...
http://localhost:4444/wd/hub
******
css selector
.view-display-id-page_search_activities > ul:nth-child(3) > li:nth-child(1) > a:nth-child(1)
clicking
sleeping 3
Scrolling...
sleeping 1
sleeping 7
******
css selector
.view-display-id-page_search_activities > ul:nth-child(3) > li:nth-child(1) > a:nth-child(1)
clicking
sleeping 3
Scrolling...
sleeping 1
sleeping 7
******
css selector
.view-display-id-page_search_activities > ul:nth-child(3) > li:nth-child(1) > a:nth-child(1)
clicking
sleeping 3
Scrolling...
sleeping 1
sleeping 7
******
css selector
.view-display-id-page_search_activities > ul:nth-child(3) > li:nth-child(1) > a:nth-child(1)
clicking
sleeping 3
Scrolling...
sleeping 1
sleeping 7
******
css selector
.view-display-id-page_search_activities > ul:nth-child(3) > li:nth-child(1) > a:nth-child(1)
.view-display-id-page_search_activities > ul:nth-child(3) > li:nth-child(1) > a:nth-child(1) Not found
Getting content
*** SCRAPED 64 URLS WITH EVENTS **
New url events = 1
0 / 1
Getting https://www.juntadeandalucia.es/cultura/agendaculturaldeandalucia/evento/crece-con-la-villaespesa-taller-las-constelaciones-como-cuaderno-vital-con-aulasputnik
Sleep 4
--------------------
{'id': 'e7610bb6', 'show': 1, 'in_city': 1, 'one_day': 1, 'wrong_date_time': 0, 'event': 'Crece Con La Villaespesa. Taller "Las Constelaciones Como Cuaderno Vital", Con Aulasputnik', 'slug': 'crece-con-la-villaespesa-taller-las-constelaciones-como-cuaderno-vital-con-aulas', 'category': '__NOT_DEFINIED__', 'id_venue': 'TjmFnJdD', 'venue': 'Biblioteca Pública del Estado-Biblioteca Provincial de Almería Francisco Villaespesa', 'std_venue': 'Biblioteca Pública Francisco Villaespesa', 'start_date': '2026-03-13', 'start_time': '09:30:00', 'end_date': '2026-03-13', 'end_time': '__NOT_DEFINIED__', 'description': 'Crece con la Villaespesa. Taller "Las constelaciones como cuaderno vital", con Aulasputnik El objetivo principal de esta actividad es entender que el cielo nocturno ha jugado y juega un papel clave en la vida humana, tanto para la comprensión del paso del tiempo, la organización de la actividad agrícola y la transmisión de conocimiento. Dependiendo del ciclo en el que se efectúe este taller se realizarán dos actividades principales o una. La primera sienta las bases y se centra en la comprensión del cielo nocturno como soporte de transmisión de conocimiento a través de un cuento especialmente preparado para el taller, además de la posterior redacción de una historia propia. La segunda actividad conlleva la identificación de las constelaciones trabajadas y la creación de la suya propia. De este modo, con la combinación de ambas actividades podemos adaptarnos a los requerimientos formativos de cada ciclo al que nos dirigimos. Viernes 13 de marzo 9:30h. Sala de exposiciones. Actividad concertada con centros educativos.', 'others': {'location_url': '/cultura/agendaculturaldeandalucia/espacios/biblioteca-publica-del-estado-biblioteca-provincial-de-almeria-francisco-villaespesa', 'location2': 'Biblioteca Pública del Estado-Biblioteca Provincial de Almería Francisco Villaespesa', 'duration': '__NOT_FOUND__', 'datetime_details': '13 de Marzo del 2026, 9:30 h.', 'town': '__NOT_FOUND__', 'location': 'Calle Hermanos Machado, s/n, Almería. Almería', 'duration_days': '__NOT_FOUND__'}, 'source': 'JuntaAndaluciaAgenda', 'exec_time': '20260309T234859', 'session': '2026_03_09_23_45_Lunes', 'image': 'https://www.juntadeandalucia.es/cultura/agendaculturaldeandalucia/sites/default/files/styles/header_activity_ext_2xl/public/2026-03/CARTEL%204.jpg.webp?itok=Cv2w_Qo-', 'url': 'https://www.juntadeandalucia.es/cultura/agendaculturaldeandalucia/evento/crece-con-la-villaespesa-taller-las-constelaciones-como-cuaderno-vital-con-aulasputnik'}
****************************
Saving 1 new events
Saving in  /home/ubuntu/data_storage/Almeria/2026_03_09_23_45_Lunes/0_raw/20260309_2348_JuntaAndaluciaAgenda.json
Saving 1 master url
Appending to  /home/ubuntu/data_storage/Almeria/00_master/master_url.json
