Succeeded - 2026-03-08T22:05:45Z

dag: FisgonSession (1.0s)
│
└─session (1.0s) [succeeded]
  ├─bash -lc 'docker run --rm --network host -v
  │   /home/ubuntu/work/fisgon:/app -v
  │   /home/ubuntu/data_storage:/home/ubuntu/data_storage -w /app -e
  │   OPERATION=1 -e DOCKER_CONFIG=/tmp/.docker -e HOME=/tmp -e TARGET_CITY -e
  │   CREATE_SESSION -e CLOSE_SESSION -e
  │   DAG_RUN_URL="${DAGU_BASE_URL}/dags/${DAG_NAME}?dagRunId=${DAG_RUN_ID}"
  │   -e
  │   DAG_RUN_LOG_URL="${DAGU_BASE_URL}/dags/${DAG_NAME}/log?remoteNode=local&
  │   step=session&dagRunId=${DAG_RUN_ID}" fisgon_scraper:1.0; rc=$?; exit
  │   $rc'
  │
  └─stdout:
      RUNNING VARS →
      CITY=Almeria,
      OPERATION=1,
      CREATE_SESSION=0,
      CLOSE_SESSION=1,
      SESSION=None,
      IMAGES=0,
      GET_SCRAPERS=
      SCRAPER=
      DAG_RUN_URL=/dags/FisgonSession/log?remoteNode=local&step=session&dagRunId
      =019ccf7c-2651-769a-a4be-f413fc776790
      Executing final task with session: 2026_03_08_21_58_Domingo
      Reading
      /home/ubuntu/data_storage/Almeria/2026_03_08_21_58_Domingo/0_raw/20260308_
      2159_LaGuajira.json...
      Reading
      /home/ubuntu/data_storage/Almeria/2026_03_08_21_58_Domingo/0_raw/20260308_
      2205_SalaEmma.json...
      Reading
      /home/ubuntu/data_storage/Almeria/2026_03_08_21_58_Domingo/0_raw/20260308_
      2203_ClassicJazz.json...
      Reading
      /home/ubuntu/data_storage/Almeria/2026_03_08_21_58_Domingo/0_raw/20260308_
      2200_AlmeriaCiudad.json...
      Reading
      /home/ubuntu/data_storage/Almeria/2026_03_08_21_58_Domingo/0_raw/20260308_
      2204_Entradium.json...
      Reading
      /home/ubuntu/data_storage/Almeria/2026_03_08_21_58_Domingo/0_raw/20260308_
      2159_SalaBerlin.json...
      Reading
      /home/ubuntu/data_storage/Almeria/2026_03_08_21_58_Domingo/0_raw/20260308_
      2200_ConciertosClub.json...
      Reading
      /home/ubuntu/data_storage/Almeria/2026_03_08_21_58_Domingo/0_raw/20260308_
      2202_JuntaAndaluciaAgenda.json...
      Saving 28 new events
      Saving in
      /home/ubuntu/data_storage/Almeria/2026_03_08_21_58_Domingo/0_raw/Merged.js
      on

Result: Succeeded

