time=2026-03-08T21:58:53.902Z level=INFO msg="Executing root dag-run" dag=FisgonTaskRequest run-id=019ccf75-dccd-734c-9e92-3895a936699f params=""
time=2026-03-08T21:58:53.930Z level=INFO msg="DAG run started" name=FisgonTaskRequest run-id=019ccf75-dccd-734c-9e92-3895a936699f attempt-id="" dag=FisgonTaskRequest run-id=019ccf75-dccd-734c-9e92-3895a936699f params="[TARGET_CITY=Almeria TARGET_SCRAPER=KuverProducciones 3=DAGU_BASE_URL=]"
time=2026-03-08T21:58:53.934Z level=INFO msg="Step started" name=FisgonTaskRequest run-id=019ccf75-dccd-734c-9e92-3895a936699f attempt-id="" dag=FisgonTaskRequest run-id=019ccf75-dccd-734c-9e92-3895a936699f step=tarea_1
time=2026-03-08T21:59:00.371Z level=INFO msg="DAG run finished" name=FisgonTaskRequest run-id=019ccf75-dccd-734c-9e92-3895a936699f attempt-id="" dag=FisgonTaskRequest run-id=019ccf75-dccd-734c-9e92-3895a936699f status=succeeded started-at=2026-03-08T21:58:53Z finished-at=2026-03-08T21:59:00Z
time=2026-03-08T21:59:00.407Z level=INFO msg="Executing root dag-run" dag=FisgonTaskRequest run-id=019ccf75-f635-7a46-a03c-490fd22046e8 params=""
time=2026-03-08T21:59:00.419Z level=INFO msg="DAG run started" name=FisgonTaskRequest run-id=019ccf75-f635-7a46-a03c-490fd22046e8 attempt-id="" dag=FisgonTaskRequest run-id=019ccf75-f635-7a46-a03c-490fd22046e8 params="[TARGET_CITY=Almeria TARGET_SCRAPER=SalaBerlin 3=DAGU_BASE_URL=]"
time=2026-03-08T21:59:00.422Z level=INFO msg="Step started" name=FisgonTaskRequest run-id=019ccf75-f635-7a46-a03c-490fd22046e8 attempt-id="" dag=FisgonTaskRequest run-id=019ccf75-f635-7a46-a03c-490fd22046e8 step=tarea_1
time=2026-03-08T21:59:14.943Z level=INFO msg="DAG run finished" name=FisgonTaskRequest run-id=019ccf75-f635-7a46-a03c-490fd22046e8 attempt-id="" dag=FisgonTaskRequest run-id=019ccf75-f635-7a46-a03c-490fd22046e8 status=succeeded started-at=2026-03-08T21:59:00Z finished-at=2026-03-08T21:59:14Z
time=2026-03-08T21:59:14.982Z level=INFO msg="Executing root dag-run" dag=FisgonTaskRequest run-id=019ccf76-2f25-7899-b4db-eff2e896ea76 params=""
time=2026-03-08T21:59:14.994Z level=INFO msg="DAG run started" name=FisgonTaskRequest run-id=019ccf76-2f25-7899-b4db-eff2e896ea76 attempt-id="" dag=FisgonTaskRequest run-id=019ccf76-2f25-7899-b4db-eff2e896ea76 params="[TARGET_CITY=Almeria TARGET_SCRAPER=LaGuajira 3=DAGU_BASE_URL=]"
time=2026-03-08T21:59:14.998Z level=INFO msg="Step started" name=FisgonTaskRequest run-id=019ccf76-2f25-7899-b4db-eff2e896ea76 attempt-id="" dag=FisgonTaskRequest run-id=019ccf76-2f25-7899-b4db-eff2e896ea76 step=tarea_1
time=2026-03-08T22:00:11.123Z level=INFO msg="DAG run finished" name=FisgonTaskRequest run-id=019ccf76-2f25-7899-b4db-eff2e896ea76 attempt-id="" dag=FisgonTaskRequest run-id=019ccf76-2f25-7899-b4db-eff2e896ea76 status=succeeded started-at=2026-03-08T21:59:14Z finished-at=2026-03-08T22:00:11Z
time=2026-03-08T22:00:11.164Z level=INFO msg="Executing root dag-run" dag=FisgonTaskRequest run-id=019ccf77-0a9b-78f1-b615-28fa3c70b1e7 params=""
time=2026-03-08T22:00:11.177Z level=INFO msg="DAG run started" name=FisgonTaskRequest run-id=019ccf77-0a9b-78f1-b615-28fa3c70b1e7 attempt-id="" dag=FisgonTaskRequest run-id=019ccf77-0a9b-78f1-b615-28fa3c70b1e7 params="[TARGET_CITY=Almeria TARGET_SCRAPER=ConciertosClub 3=DAGU_BASE_URL=]"
time=2026-03-08T22:00:11.180Z level=INFO msg="Step started" name=FisgonTaskRequest run-id=019ccf77-0a9b-78f1-b615-28fa3c70b1e7 attempt-id="" dag=FisgonTaskRequest run-id=019ccf77-0a9b-78f1-b615-28fa3c70b1e7 step=tarea_1
time=2026-03-08T22:00:25.006Z level=INFO msg="DAG run finished" name=FisgonTaskRequest run-id=019ccf77-0a9b-78f1-b615-28fa3c70b1e7 attempt-id="" dag=FisgonTaskRequest run-id=019ccf77-0a9b-78f1-b615-28fa3c70b1e7 status=succeeded started-at=2026-03-08T22:00:11Z finished-at=2026-03-08T22:00:25Z
time=2026-03-08T22:00:25.044Z level=INFO msg="Executing root dag-run" dag=FisgonTaskRequest run-id=019ccf77-40d3-77b8-9b38-b36afb8e9056 params=""
time=2026-03-08T22:00:25.057Z level=INFO msg="DAG run started" name=FisgonTaskRequest run-id=019ccf77-40d3-77b8-9b38-b36afb8e9056 attempt-id="" dag=FisgonTaskRequest run-id=019ccf77-40d3-77b8-9b38-b36afb8e9056 params="[TARGET_CITY=Almeria TARGET_SCRAPER=JacksonLive 3=DAGU_BASE_URL=]"
time=2026-03-08T22:00:25.061Z level=INFO msg="Step started" name=FisgonTaskRequest run-id=019ccf77-40d3-77b8-9b38-b36afb8e9056 attempt-id="" dag=FisgonTaskRequest run-id=019ccf77-40d3-77b8-9b38-b36afb8e9056 step=tarea_1
time=2026-03-08T22:00:27.470Z level=INFO msg="DAG run finished" name=FisgonTaskRequest run-id=019ccf77-40d3-77b8-9b38-b36afb8e9056 attempt-id="" dag=FisgonTaskRequest run-id=019ccf77-40d3-77b8-9b38-b36afb8e9056 status=succeeded started-at=2026-03-08T22:00:25Z finished-at=2026-03-08T22:00:27Z
time=2026-03-08T22:00:27.513Z level=INFO msg="Executing root dag-run" dag=FisgonTaskRequest run-id=019ccf77-4a77-7920-a988-9f7af429e723 params=""
time=2026-03-08T22:00:27.525Z level=INFO msg="DAG run started" name=FisgonTaskRequest run-id=019ccf77-4a77-7920-a988-9f7af429e723 attempt-id="" dag=FisgonTaskRequest run-id=019ccf77-4a77-7920-a988-9f7af429e723 params="[TARGET_CITY=Almeria TARGET_SCRAPER=BibliotecaAgenda 3=DAGU_BASE_URL=]"
time=2026-03-08T22:00:27.528Z level=INFO msg="Step started" name=FisgonTaskRequest run-id=019ccf77-4a77-7920-a988-9f7af429e723 attempt-id="" dag=FisgonTaskRequest run-id=019ccf77-4a77-7920-a988-9f7af429e723 step=tarea_1
time=2026-03-08T22:00:34.282Z level=INFO msg="DAG run finished" name=FisgonTaskRequest run-id=019ccf77-4a77-7920-a988-9f7af429e723 attempt-id="" dag=FisgonTaskRequest run-id=019ccf77-4a77-7920-a988-9f7af429e723 status=succeeded started-at=2026-03-08T22:00:27Z finished-at=2026-03-08T22:00:34Z
