time=2026-03-08T22:00:34.343Z level=INFO msg="Executing root dag-run" dag=FisgonTaskSelenium run-id=019ccf77-6525-7d1d-b8f5-56f71b4b6431 params=""
time=2026-03-08T22:00:34.360Z level=ERROR msg="Failed to remove log file" name=FisgonTaskSelenium run-id=019ccf77-6525-7d1d-b8f5-56f71b4b6431 attempt-id="" err="remove /var/lib/dagu/logs/FisgonTaskSelenium/dag-run_20260206_105604Z_019c3298-4039-7590-91f1-8874ce5563f2/dag-run_20260206.105604.785.019c3298.log: no such file or directory" run-id=019c3298-4039-7590-91f1-8874ce5563f2 file=/var/lib/dagu/logs/FisgonTaskSelenium/dag-run_20260206_105604Z_019c3298-4039-7590-91f1-8874ce5563f2/dag-run_20260206.105604.785.019c3298.log
time=2026-03-08T22:00:34.366Z level=ERROR msg="Failed to remove log file" name=FisgonTaskSelenium run-id=019ccf77-6525-7d1d-b8f5-56f71b4b6431 attempt-id="" err="remove /var/lib/dagu/logs/FisgonTaskSelenium/dag-run_20260204_091531Z_019c27ef-7830-73b2-96a3-f912da712734/dag-run_20260204.091531.251.019c27ef.log: no such file or directory" run-id=019c27ef-7830-73b2-96a3-f912da712734 file=/var/lib/dagu/logs/FisgonTaskSelenium/dag-run_20260204_091531Z_019c27ef-7830-73b2-96a3-f912da712734/dag-run_20260204.091531.251.019c27ef.log
time=2026-03-08T22:00:34.383Z level=INFO msg="DAG run started" name=FisgonTaskSelenium run-id=019ccf77-6525-7d1d-b8f5-56f71b4b6431 attempt-id="" dag=FisgonTaskSelenium run-id=019ccf77-6525-7d1d-b8f5-56f71b4b6431 params="[TARGET_CITY=Almeria TARGET_SCRAPER=AlmeriaCiudad 3=DAGU_BASE_URL=]"
time=2026-03-08T22:00:34.386Z level=INFO msg="Step started" name=FisgonTaskSelenium run-id=019ccf77-6525-7d1d-b8f5-56f71b4b6431 attempt-id="" dag=FisgonTaskSelenium run-id=019ccf77-6525-7d1d-b8f5-56f71b4b6431 step=tarea_1
time=2026-03-08T22:01:22.947Z level=INFO msg="DAG run finished" name=FisgonTaskSelenium run-id=019ccf77-6525-7d1d-b8f5-56f71b4b6431 attempt-id="" dag=FisgonTaskSelenium run-id=019ccf77-6525-7d1d-b8f5-56f71b4b6431 status=succeeded started-at=2026-03-08T22:00:34Z finished-at=2026-03-08T22:01:22Z
time=2026-03-08T22:01:23.006Z level=INFO msg="Executing root dag-run" dag=FisgonTaskSelenium run-id=019ccf78-233c-79c8-9e2e-f67108074583 params=""
time=2026-03-08T22:01:23.017Z level=INFO msg="DAG run started" name=FisgonTaskSelenium run-id=019ccf78-233c-79c8-9e2e-f67108074583 attempt-id="" dag=FisgonTaskSelenium run-id=019ccf78-233c-79c8-9e2e-f67108074583 params="[TARGET_CITY=Almeria TARGET_SCRAPER=AlmeriaTurismo 3=DAGU_BASE_URL=]"
time=2026-03-08T22:01:23.018Z level=INFO msg="Step started" name=FisgonTaskSelenium run-id=019ccf78-233c-79c8-9e2e-f67108074583 attempt-id="" dag=FisgonTaskSelenium run-id=019ccf78-233c-79c8-9e2e-f67108074583 step=tarea_1
time=2026-03-08T22:02:02.070Z level=INFO msg="DAG run finished" name=FisgonTaskSelenium run-id=019ccf78-233c-79c8-9e2e-f67108074583 attempt-id="" dag=FisgonTaskSelenium run-id=019ccf78-233c-79c8-9e2e-f67108074583 status=succeeded started-at=2026-03-08T22:01:23Z finished-at=2026-03-08T22:02:02Z
time=2026-03-08T22:02:02.136Z level=INFO msg="Executing root dag-run" dag=FisgonTaskSelenium run-id=019ccf78-bc16-7d30-871d-03224ec80954 params=""
time=2026-03-08T22:02:02.150Z level=INFO msg="DAG run started" name=FisgonTaskSelenium run-id=019ccf78-bc16-7d30-871d-03224ec80954 attempt-id="" dag=FisgonTaskSelenium run-id=019ccf78-bc16-7d30-871d-03224ec80954 params="[TARGET_CITY=Almeria TARGET_SCRAPER=JuntaAndaluciaAgenda 3=DAGU_BASE_URL=]"
time=2026-03-08T22:02:02.153Z level=INFO msg="Step started" name=FisgonTaskSelenium run-id=019ccf78-bc16-7d30-871d-03224ec80954 attempt-id="" dag=FisgonTaskSelenium run-id=019ccf78-bc16-7d30-871d-03224ec80954 step=tarea_1
time=2026-03-08T22:03:17.628Z level=INFO msg="DAG run finished" name=FisgonTaskSelenium run-id=019ccf78-bc16-7d30-871d-03224ec80954 attempt-id="" dag=FisgonTaskSelenium run-id=019ccf78-bc16-7d30-871d-03224ec80954 status=succeeded started-at=2026-03-08T22:02:02Z finished-at=2026-03-08T22:03:17Z
time=2026-03-08T22:03:17.664Z level=INFO msg="Executing root dag-run" dag=FisgonTaskSelenium run-id=019ccf79-e31f-70a6-a5d3-7e51bd430711 params=""
time=2026-03-08T22:03:17.671Z level=INFO msg="DAG run started" name=FisgonTaskSelenium run-id=019ccf79-e31f-70a6-a5d3-7e51bd430711 attempt-id="" dag=FisgonTaskSelenium run-id=019ccf79-e31f-70a6-a5d3-7e51bd430711 params="[TARGET_CITY=Almeria TARGET_SCRAPER=ClassicJazz 3=DAGU_BASE_URL=]"
time=2026-03-08T22:03:17.673Z level=INFO msg="Step started" name=FisgonTaskSelenium run-id=019ccf79-e31f-70a6-a5d3-7e51bd430711 attempt-id="" dag=FisgonTaskSelenium run-id=019ccf79-e31f-70a6-a5d3-7e51bd430711 step=tarea_1
time=2026-03-08T22:04:24.127Z level=INFO msg="DAG run finished" name=FisgonTaskSelenium run-id=019ccf79-e31f-70a6-a5d3-7e51bd430711 attempt-id="" dag=FisgonTaskSelenium run-id=019ccf79-e31f-70a6-a5d3-7e51bd430711 status=succeeded started-at=2026-03-08T22:03:17Z finished-at=2026-03-08T22:04:24Z
time=2026-03-08T22:04:24.169Z level=INFO msg="Executing root dag-run" dag=FisgonTaskSelenium run-id=019ccf7a-e6e7-7d68-af3b-39602a09264c params=""
time=2026-03-08T22:04:24.183Z level=INFO msg="DAG run started" name=FisgonTaskSelenium run-id=019ccf7a-e6e7-7d68-af3b-39602a09264c attempt-id="" dag=FisgonTaskSelenium run-id=019ccf7a-e6e7-7d68-af3b-39602a09264c params="[TARGET_CITY=Almeria TARGET_SCRAPER=Entradium 3=DAGU_BASE_URL=]"
time=2026-03-08T22:04:24.187Z level=INFO msg="Step started" name=FisgonTaskSelenium run-id=019ccf7a-e6e7-7d68-af3b-39602a09264c attempt-id="" dag=FisgonTaskSelenium run-id=019ccf7a-e6e7-7d68-af3b-39602a09264c step=tarea_1
