
> build:css
> tailwindcss -i ./src/tailwind.css -o ./static/css/tailwind.css --minify

Images: need download 53 (skipped=412)
Images: 1/53 (downloaded=0 failed=0)
Images: 25/53 (downloaded=5 failed=19)
Images: 50/53 (downloaded=17 failed=32)
Images: 53/53 (downloaded=18 failed=34)
Images: {'events_total': 465, 'events_with_remote': 53, 'skipped_already_present': 412, 'to_download': 53, 'downloaded': 18, 'failed_download': 35, 'failed_decode': 0, 'written': 36} -> /app/dist/almeria/static/img/events
HTML: rendering 496 pages
HTML: 1/496
HTML: 25/496
HTML: 50/496
HTML: 75/496
HTML: 100/496
HTML: 125/496
HTML: 150/496
HTML: 175/496
HTML: 200/496
HTML: 225/496
HTML: 250/496
HTML: 275/496
HTML: 300/496
HTML: 325/496
HTML: 350/496
HTML: 375/496
HTML: 400/496
HTML: 425/496
HTML: 450/496
HTML: 475/496
HTML: 496/496
Built 2 month pages + 494 other pages into /app/dist/almeria
Wrote /app/dist/almeria/sitemap.xml
Wrote /app/dist/almeria/robots.txt
Wrote /app/dist/almeria/version.json
