
RUNNING VARS → 
        CITY=Almeria, 

        OPERATION=0,
            CREATE_SESSION=0,
            CLOSE_SESSION=0,
            SESSION=None,
            IMAGES=0,
            GET_SCRAPERS=

        SCRAPER=ConciertosClub
        DAG_RUN_URL=/dags/FisgonTaskRequest/log?remoteNode=local&step=tarea_1&dagRunId=019cd4ff-251d-7db7-aa86-41aa7dcb99f1

Running for Almeria: ConciertosClub
ConciertosClub
RUNNING SESSION =  2026_03_09_23_45_Lunes
Getting https://conciertos.club/almeria
Sleep 1
*** SCRAPED 141 URLS WITH EVENTS **
New url events = 0
#######################
No new urls/events extracted. No new events to save
#######################
