time=2026-02-24T18:31:08.097Z level=INFO msg="Executing root dag-run" dag=FisgonTaskRequest run-id=019c90eb-5640-7018-93ac-f1aee9901215 params=""
time=2026-02-24T18:31:08.110Z level=INFO msg="DAG run started" name=FisgonTaskRequest run-id=019c90eb-5640-7018-93ac-f1aee9901215 attempt-id="" dag=FisgonTaskRequest run-id=019c90eb-5640-7018-93ac-f1aee9901215 params="[TARGET_CITY=Almeria TARGET_SCRAPER=KuverProducciones 3=DAGU_BASE_URL=]"
time=2026-02-24T18:31:08.114Z level=INFO msg="Step started" name=FisgonTaskRequest run-id=019c90eb-5640-7018-93ac-f1aee9901215 attempt-id="" dag=FisgonTaskRequest run-id=019c90eb-5640-7018-93ac-f1aee9901215 step=tarea_1
time=2026-02-24T18:31:21.162Z level=INFO msg="DAG run finished" name=FisgonTaskRequest run-id=019c90eb-5640-7018-93ac-f1aee9901215 attempt-id="" dag=FisgonTaskRequest run-id=019c90eb-5640-7018-93ac-f1aee9901215 status=failed started-at=2026-02-24T18:31:08Z finished-at=2026-02-24T18:31:21Z
time=2026-02-24T18:31:21.176Z level=ERROR msg="Failed to execute dag-run" dag=FisgonTaskRequest run-id=019c90eb-5640-7018-93ac-f1aee9901215 err="failed to execute step \"tarea_1\": exit status 1\nrecent stderr (tail):\none\n    ev.run()\n  File \"/app/scraper/extractors/url_iterator/abc_url_iterator_extractor.py\", line 42, in run\n    result_list = self.iterate_url_extract_events(filtered_url_events)\n                  ^^^^^^^^^^^^^^^^^^^^^^^^^^^^^^^^^^^^^^^^^^^^^^^^^^^^\n  File \"/app/scraper/extractors/url_iterator/abc_url_iterator_extractor.py\", line 85, in iterate_url_extract_events\n    result_dict = self.extract_cleaned_event(info_object=page_soup, url=url)\n                  ^^^^^^^^^^^^^^^^^^^^^^^^^^^^^^^^^^^^^^^^^^^^^^^^^^^^^^^^^^\n  File \"/app/scraper/extractors/abc_event_model_extractor.py\", line 65, in extract_cleaned_event\n    d[\"image\"] = self.try_get_image(d)\n                 ^^^^^^^^^^^^^^^^^^^^^\n  File \"/app/scraper/extractors/abc_event_model_extractor.py\", line 193, in try_get_image\n    return self.get_image(d)\n           ^^^^^^^^^^^^^^^^^\n  File \"/app/scraper/extractors/url_iterator/kuver_producciones.py\", line 89, in get_image\n    return img_a[0][\"data-src\"]\n           ~~~~~^^^\nIndexError: list index out of range\n"
Error: failed to execute the dag-run FisgonTaskRequest (dag-run ID: 019c90eb-5640-7018-93ac-f1aee9901215): failed to execute step "tarea_1": exit status 1
recent stderr (tail):
one
    ev.run()
  File "/app/scraper/extractors/url_iterator/abc_url_iterator_extractor.py", line 42, in run
    result_list = self.iterate_url_extract_events(filtered_url_events)
                  ^^^^^^^^^^^^^^^^^^^^^^^^^^^^^^^^^^^^^^^^^^^^^^^^^^^^
  File "/app/scraper/extractors/url_iterator/abc_url_iterator_extractor.py", line 85, in iterate_url_extract_events
    result_dict = self.extract_cleaned_event(info_object=page_soup, url=url)
                  ^^^^^^^^^^^^^^^^^^^^^^^^^^^^^^^^^^^^^^^^^^^^^^^^^^^^^^^^^^
  File "/app/scraper/extractors/abc_event_model_extractor.py", line 65, in extract_cleaned_event
    d["image"] = self.try_get_image(d)
                 ^^^^^^^^^^^^^^^^^^^^^
  File "/app/scraper/extractors/abc_event_model_extractor.py", line 193, in try_get_image
    return self.get_image(d)
           ^^^^^^^^^^^^^^^^^
  File "/app/scraper/extractors/url_iterator/kuver_producciones.py", line 89, in get_image
    return img_a[0]["data-src"]
           ~~~~~^^^
IndexError: list index out of range

time=2026-02-24T18:31:21.205Z level=INFO msg="Executing root dag-run" dag=FisgonTaskRequest run-id=019c90eb-8973-7c96-ba33-3bde9264b889 params=""
time=2026-02-24T18:31:21.220Z level=INFO msg="DAG run started" name=FisgonTaskRequest run-id=019c90eb-8973-7c96-ba33-3bde9264b889 attempt-id="" dag=FisgonTaskRequest run-id=019c90eb-8973-7c96-ba33-3bde9264b889 params="[TARGET_CITY=Almeria TARGET_SCRAPER=SalaBerlin 3=DAGU_BASE_URL=]"
time=2026-02-24T18:31:21.223Z level=INFO msg="Step started" name=FisgonTaskRequest run-id=019c90eb-8973-7c96-ba33-3bde9264b889 attempt-id="" dag=FisgonTaskRequest run-id=019c90eb-8973-7c96-ba33-3bde9264b889 step=tarea_1
time=2026-02-24T18:32:26.452Z level=INFO msg="DAG run finished" name=FisgonTaskRequest run-id=019c90eb-8973-7c96-ba33-3bde9264b889 attempt-id="" dag=FisgonTaskRequest run-id=019c90eb-8973-7c96-ba33-3bde9264b889 status=succeeded started-at=2026-02-24T18:31:21Z finished-at=2026-02-24T18:32:26Z
time=2026-02-24T18:32:26.493Z level=INFO msg="Executing root dag-run" dag=FisgonTaskRequest run-id=019c90ec-887b-7aab-be83-1fe941fa84cb params=""
time=2026-02-24T18:32:26.506Z level=INFO msg="DAG run started" name=FisgonTaskRequest run-id=019c90ec-887b-7aab-be83-1fe941fa84cb attempt-id="" dag=FisgonTaskRequest run-id=019c90ec-887b-7aab-be83-1fe941fa84cb params="[TARGET_CITY=Almeria TARGET_SCRAPER=LaGuajira 3=DAGU_BASE_URL=]"
time=2026-02-24T18:32:26.509Z level=INFO msg="Step started" name=FisgonTaskRequest run-id=019c90ec-887b-7aab-be83-1fe941fa84cb attempt-id="" dag=FisgonTaskRequest run-id=019c90ec-887b-7aab-be83-1fe941fa84cb step=tarea_1
time=2026-02-24T18:33:25.380Z level=INFO msg="DAG run finished" name=FisgonTaskRequest run-id=019c90ec-887b-7aab-be83-1fe941fa84cb attempt-id="" dag=FisgonTaskRequest run-id=019c90ec-887b-7aab-be83-1fe941fa84cb status=succeeded started-at=2026-02-24T18:32:26Z finished-at=2026-02-24T18:33:25Z
time=2026-02-24T18:33:25.424Z level=INFO msg="Executing root dag-run" dag=FisgonTaskRequest run-id=019c90ed-6eae-72ee-afc5-43686ceda418 params=""
time=2026-02-24T18:33:25.437Z level=INFO msg="DAG run started" name=FisgonTaskRequest run-id=019c90ed-6eae-72ee-afc5-43686ceda418 attempt-id="" dag=FisgonTaskRequest run-id=019c90ed-6eae-72ee-afc5-43686ceda418 params="[TARGET_CITY=Almeria TARGET_SCRAPER=ConciertosClub 3=DAGU_BASE_URL=]"
time=2026-02-24T18:33:25.441Z level=INFO msg="Step started" name=FisgonTaskRequest run-id=019c90ed-6eae-72ee-afc5-43686ceda418 attempt-id="" dag=FisgonTaskRequest run-id=019c90ed-6eae-72ee-afc5-43686ceda418 step=tarea_1
time=2026-02-24T18:33:33.038Z level=INFO msg="DAG run finished" name=FisgonTaskRequest run-id=019c90ed-6eae-72ee-afc5-43686ceda418 attempt-id="" dag=FisgonTaskRequest run-id=019c90ed-6eae-72ee-afc5-43686ceda418 status=failed started-at=2026-02-24T18:33:25Z finished-at=2026-02-24T18:33:33Z
time=2026-02-24T18:33:33.052Z level=ERROR msg="Failed to execute dag-run" dag=FisgonTaskRequest run-id=019c90ed-6eae-72ee-afc5-43686ceda418 err="failed to execute step \"tarea_1\": exit status 1\nrecent stderr (tail):\nevents(filtered_url_events)\n                  ^^^^^^^^^^^^^^^^^^^^^^^^^^^^^^^^^^^^^^^^^^^^^^^^^^^^\n  File \"/app/scraper/extractors/url_iterator/abc_url_iterator_extractor.py\", line 85, in iterate_url_extract_events\n    result_dict = self.extract_cleaned_event(info_object=page_soup, url=url)\n                  ^^^^^^^^^^^^^^^^^^^^^^^^^^^^^^^^^^^^^^^^^^^^^^^^^^^^^^^^^^\n  File \"/app/scraper/extractors/abc_event_model_extractor.py\", line 65, in extract_cleaned_event\n    d[\"image\"] = self.try_get_image(d)\n                 ^^^^^^^^^^^^^^^^^^^^^\n  File \"/app/scraper/extractors/abc_event_model_extractor.py\", line 193, in try_get_image\n    return self.get_image(d)\n           ^^^^^^^^^^^^^^^^^\n  File \"/app/scraper/extractors/url_iterator/conciertos_club.py\", line 46, in get_image\n    return \"https://conciertos.club\" + self.soup.find(\"img\", attrs={\"itemprop\": \"image\"})[\"src\"]\n                                       ~~~~~~~~~~~~~~~~~~~~~~~~~~~~~~~~~~~~~~~~~~~~~~~~~~^^^^^^^\nTypeError: 'NoneType' object is not subscriptable\n"
Error: failed to execute the dag-run FisgonTaskRequest (dag-run ID: 019c90ed-6eae-72ee-afc5-43686ceda418): failed to execute step "tarea_1": exit status 1
recent stderr (tail):
events(filtered_url_events)
                  ^^^^^^^^^^^^^^^^^^^^^^^^^^^^^^^^^^^^^^^^^^^^^^^^^^^^
  File "/app/scraper/extractors/url_iterator/abc_url_iterator_extractor.py", line 85, in iterate_url_extract_events
    result_dict = self.extract_cleaned_event(info_object=page_soup, url=url)
                  ^^^^^^^^^^^^^^^^^^^^^^^^^^^^^^^^^^^^^^^^^^^^^^^^^^^^^^^^^^
  File "/app/scraper/extractors/abc_event_model_extractor.py", line 65, in extract_cleaned_event
    d["image"] = self.try_get_image(d)
                 ^^^^^^^^^^^^^^^^^^^^^
  File "/app/scraper/extractors/abc_event_model_extractor.py", line 193, in try_get_image
    return self.get_image(d)
           ^^^^^^^^^^^^^^^^^
  File "/app/scraper/extractors/url_iterator/conciertos_club.py", line 46, in get_image
    return "https://conciertos.club" + self.soup.find("img", attrs={"itemprop": "image"})["src"]
                                       ~~~~~~~~~~~~~~~~~~~~~~~~~~~~~~~~~~~~~~~~~~~~~~~~~~^^^^^^^
TypeError: 'NoneType' object is not subscriptable

time=2026-02-24T18:33:33.084Z level=INFO msg="Executing root dag-run" dag=FisgonTaskRequest run-id=019c90ed-8c9b-71c7-a78a-55b4bea09866 params=""
time=2026-02-24T18:33:33.104Z level=INFO msg="DAG run started" name=FisgonTaskRequest run-id=019c90ed-8c9b-71c7-a78a-55b4bea09866 attempt-id="" dag=FisgonTaskRequest run-id=019c90ed-8c9b-71c7-a78a-55b4bea09866 params="[TARGET_CITY=Almeria TARGET_SCRAPER=LaPlaza 3=DAGU_BASE_URL=]"
time=2026-02-24T18:33:33.106Z level=INFO msg="Step started" name=FisgonTaskRequest run-id=019c90ed-8c9b-71c7-a78a-55b4bea09866 attempt-id="" dag=FisgonTaskRequest run-id=019c90ed-8c9b-71c7-a78a-55b4bea09866 step=tarea_1
time=2026-02-24T18:33:33.865Z level=INFO msg="DAG run finished" name=FisgonTaskRequest run-id=019c90ed-8c9b-71c7-a78a-55b4bea09866 attempt-id="" dag=FisgonTaskRequest run-id=019c90ed-8c9b-71c7-a78a-55b4bea09866 status=failed started-at=2026-02-24T18:33:33Z finished-at=2026-02-24T18:33:33Z
time=2026-02-24T18:33:33.878Z level=ERROR msg="Failed to execute dag-run" dag=FisgonTaskRequest run-id=019c90ed-8c9b-71c7-a78a-55b4bea09866 err="failed to execute step \"tarea_1\": exit status 1\nrecent stderr (tail):\nTraceback (most recent call last):\n  File \"/app/run.py\", line 124, in <module>\n    raise ValueError(\nValueError: Scraper 'LaPlaza' not found. Available: ['AlmeriaCiudad', 'AlmeriaTurismo', 'JuntaAndaluciaAgenda', 'KuverProducciones', 'SalaBerlin', 'LaGuajira', 'ClassicJazz', 'ConciertosClub', 'FlowteTaquillaCultural', 'Entradium', 'TodasLasEntradas', 'RedBibliotecas', 'SalaEmma', 'JacksonLive', 'BibliotecaAgenda']\n"
Error: failed to execute the dag-run FisgonTaskRequest (dag-run ID: 019c90ed-8c9b-71c7-a78a-55b4bea09866): failed to execute step "tarea_1": exit status 1
recent stderr (tail):
Traceback (most recent call last):
  File "/app/run.py", line 124, in <module>
    raise ValueError(
ValueError: Scraper 'LaPlaza' not found. Available: ['AlmeriaCiudad', 'AlmeriaTurismo', 'JuntaAndaluciaAgenda', 'KuverProducciones', 'SalaBerlin', 'LaGuajira', 'ClassicJazz', 'ConciertosClub', 'FlowteTaquillaCultural', 'Entradium', 'TodasLasEntradas', 'RedBibliotecas', 'SalaEmma', 'JacksonLive', 'BibliotecaAgenda']

time=2026-02-24T18:33:33.907Z level=INFO msg="Executing root dag-run" dag=FisgonTaskRequest run-id=019c90ed-8fd1-72c8-b3f2-733d257af8c9 params=""
time=2026-02-24T18:33:33.920Z level=INFO msg="DAG run started" name=FisgonTaskRequest run-id=019c90ed-8fd1-72c8-b3f2-733d257af8c9 attempt-id="" dag=FisgonTaskRequest run-id=019c90ed-8fd1-72c8-b3f2-733d257af8c9 params="[TARGET_CITY=Almeria TARGET_SCRAPER=JacksonLive 3=DAGU_BASE_URL=]"
time=2026-02-24T18:33:33.924Z level=INFO msg="Step started" name=FisgonTaskRequest run-id=019c90ed-8fd1-72c8-b3f2-733d257af8c9 attempt-id="" dag=FisgonTaskRequest run-id=019c90ed-8fd1-72c8-b3f2-733d257af8c9 step=tarea_1
time=2026-02-24T18:33:36.592Z level=INFO msg="DAG run finished" name=FisgonTaskRequest run-id=019c90ed-8fd1-72c8-b3f2-733d257af8c9 attempt-id="" dag=FisgonTaskRequest run-id=019c90ed-8fd1-72c8-b3f2-733d257af8c9 status=succeeded started-at=2026-02-24T18:33:33Z finished-at=2026-02-24T18:33:36Z
time=2026-02-24T18:33:36.637Z level=INFO msg="Executing root dag-run" dag=FisgonTaskRequest run-id=019c90ed-9a7b-7b58-850e-f7b197edc8b1 params=""
time=2026-02-24T18:33:36.650Z level=INFO msg="DAG run started" name=FisgonTaskRequest run-id=019c90ed-9a7b-7b58-850e-f7b197edc8b1 attempt-id="" dag=FisgonTaskRequest run-id=019c90ed-9a7b-7b58-850e-f7b197edc8b1 params="[TARGET_CITY=Almeria TARGET_SCRAPER=BibliotecaAgenda 3=DAGU_BASE_URL=]"
time=2026-02-24T18:33:36.654Z level=INFO msg="Step started" name=FisgonTaskRequest run-id=019c90ed-9a7b-7b58-850e-f7b197edc8b1 attempt-id="" dag=FisgonTaskRequest run-id=019c90ed-9a7b-7b58-850e-f7b197edc8b1 step=tarea_1
time=2026-02-24T18:34:26.862Z level=INFO msg="DAG run finished" name=FisgonTaskRequest run-id=019c90ed-9a7b-7b58-850e-f7b197edc8b1 attempt-id="" dag=FisgonTaskRequest run-id=019c90ed-9a7b-7b58-850e-f7b197edc8b1 status=succeeded started-at=2026-02-24T18:33:36Z finished-at=2026-02-24T18:34:26Z
