
RUNNING VARS → 
        CITY=Almeria, 

        OPERATION=0,
            CREATE_SESSION=0,
            CLOSE_SESSION=0,
            SESSION=None,
            IMAGES=0,
            GET_SCRAPERS=

        SCRAPER=KuverProducciones
        DAG_RUN_URL=/dags/FisgonTaskRequest/log?remoteNode=local&step=tarea_1&dagRunId=019ca92c-8904-7823-9374-11848e0be0de

Running for Almeria: KuverProducciones
KuverProducciones
Creating rawfolder...
RUNNING SESSION =  2026_03_01_11_33_Domingo
Getting https://kuverproducciones.com/proximos-eventos/
Sleep 1
*** SCRAPED 87 URLS WITH EVENTS **
New url events = 1
0 / 1
Getting https://kuverproducciones.com/evento/supergrupo-kpop-poderes-secretos-cazadoras-demonios/
Sleep 4
--------------------
{'id': '39e5937a', 'show': 1, 'in_city': 0, 'one_day': 1, 'wrong_date_time': 0, 'event': 'K-Pop', 'slug': 'k-pop', 'category': '__NOT_DEFINIED__', 'id_venue': None, 'venue': 'Huércal Overa', 'std_venue': None, 'start_date': '2026-04-25', 'start_time': '17:00:00', 'end_date': '__NOT_DEFINIED__', 'end_time': '__NOT_DEFINIED__', 'description': 'Un supergrupo de k-pop usa sus poderes secretos para proteger a sus fans de amenazas sobrenaturales y de una banda rival de chicos decididos a robar corazones y mentes. A través de la música, el grupo Huntrix, las cazadoras, protegen el HofMund de los demonios, quienes forman un grupo musical los “Saja Boys”, liderado por el tenor Jinu, para conquistar a los fans y devorarle sus almas, con el fin de conquistar el HofMund para que pertenezca al tenebroso Wimax. Una lucha de bandas, cazadoras vs demonios, que usan la música para combatir por el HofMund. 2 Pases: a las 17:00 y a las 19:30', 'others': '__NOT_DEFINIED__', 'source': 'KuverProducciones', 'exec_time': '20260301T113314', 'session': '2026_03_01_11_33_Domingo', 'image': '__NOT_FOUND__', 'url': 'https://kuverproducciones.com/evento/supergrupo-kpop-poderes-secretos-cazadoras-demonios/'}
****************************
Saving 1 new events
Saving in  /home/ubuntu/data_storage/Almeria/2026_03_01_11_33_Domingo/0_raw/20260301_1133_KuverProducciones.json
Saving 1 master url
Appending to  /home/ubuntu/data_storage/Almeria/00_master/master_url.json
