Launching scraper: AlmeriaCiudad
Succeeded - 2026-03-03T09:17:57Z

dag: FisgonTaskSelenium (38.0s)
│
└─tarea_1 (38.0s) [succeeded]
  ├─bash -lc 'set -eo pipefail; export DOCKER_CONFIG=/tmp/.docker HOME=/tmp;
  │   SELENIUM_NAME="selenium_${DAG_RUN_ID:-$$}_$(date +%s)"; cleanup() {
  │   docker rm -f "$SELENIUM_NAME" >/dev/null 2>&1 || true; }; trap cleanup
  │   EXIT; docker run -d --rm --name "$SELENIUM_NAME" --shm-size=2g -e
  │   SE_NODE_MAX_SESSIONS=1 -e SE_NODE_OVERRIDE_MAX_SESSIONS=true
  │   selenium/standalone-chrome:latest >/dev/null; docker exec
  │   "$SELENIUM_NAME" bash -c "for i in \$(seq 1 60); do (echo >
  │   /dev/tcp/127.0.0.1/4444) >/dev/null 2>&1 && exit 0; sleep 1; done; exit
  │   1"; docker run --rm --network container:"$SELENIUM_NAME" -v
  │   /home/ubuntu/work/fisgon:/app -v
  │   /home/ubuntu/data_storage:/home/ubuntu/data_storage -v
  │   /home/ubuntu/work/event_flask_app/static/img:/home/ubuntu/work/event_fla
  │   sk_app/static/img -w /app -e OPERATION=0 -e DOCKER_CONFIG=/tmp/.docker
  │   -e HOME=/tmp -e TARGET_CITY -e TARGET_SCRAPER -e
  │   DAG_RUN_URL="${DAGU_BASE_URL:-}/dags/${DAG_NAME}?dagRunId=${DAG_RUN_ID}"
  │   -e
  │   DAG_RUN_LOG_URL="${DAGU_BASE_URL:-}/dags/${DAG_NAME}/log?remoteNode=loca
  │   l&step=tarea_1&dagRunId=${DAG_RUN_ID}" fisgon_scraper:1.0'
  │
  └─stdout:
      RUNNING VARS →
      CITY=Almeria,
      OPERATION=0,
      CREATE_SESSION=0,
      CLOSE_SESSION=0,
      SESSION=None,
      IMAGES=0,
      GET_SCRAPERS=
      SCRAPER=AlmeriaCiudad
      DAG_RUN_URL=/dags/FisgonTaskSelenium/log?remoteNode=local&step=tarea_1&dag
      RunId=019cb2fd-65f3-7b0c-9b01-4b279a2a7bae
      Running for Almeria: AlmeriaCiudad
      AlmeriaCiudad
      RUNNING SESSION =  2026_03_03_09_15_Martes
      Starting WebDriver...
      http://localhost:4444/wd/hub
      sleeping 5
      Getting content
      page = 0
      -----------https://almeriaciudad.es/cultura/agenda?page=0---------------
      len 12
      sleeping 5
      Getting content
      page = 1
      -----------https://almeriaciudad.es/cultura/agenda?page=1---------------
      len 12
      sleeping 5
      Getting content
      page = 2
      -----------https://almeriaciudad.es/cultura/agenda?page=2---------------
      len 9
      sleeping 5
      Getting content
      page = 3
      -----------https://almeriaciudad.es/cultura/agenda?page=3---------------
      len 0
      *** SCRAPED 33 URLS WITH EVENTS **
      New url events = 0
      #######################
      No new urls/events extracted. No new events to save
      #######################

Result: Succeeded

Launching scraper: AlmeriaTurismo
Succeeded - 2026-03-03T09:18:35Z

dag: FisgonTaskSelenium (39.0s)
│
└─tarea_1 (39.0s) [succeeded]
  ├─bash -lc 'set -eo pipefail; export DOCKER_CONFIG=/tmp/.docker HOME=/tmp;
  │   SELENIUM_NAME="selenium_${DAG_RUN_ID:-$$}_$(date +%s)"; cleanup() {
  │   docker rm -f "$SELENIUM_NAME" >/dev/null 2>&1 || true; }; trap cleanup
  │   EXIT; docker run -d --rm --name "$SELENIUM_NAME" --shm-size=2g -e
  │   SE_NODE_MAX_SESSIONS=1 -e SE_NODE_OVERRIDE_MAX_SESSIONS=true
  │   selenium/standalone-chrome:latest >/dev/null; docker exec
  │   "$SELENIUM_NAME" bash -c "for i in \$(seq 1 60); do (echo >
  │   /dev/tcp/127.0.0.1/4444) >/dev/null 2>&1 && exit 0; sleep 1; done; exit
  │   1"; docker run --rm --network container:"$SELENIUM_NAME" -v
  │   /home/ubuntu/work/fisgon:/app -v
  │   /home/ubuntu/data_storage:/home/ubuntu/data_storage -v
  │   /home/ubuntu/work/event_flask_app/static/img:/home/ubuntu/work/event_fla
  │   sk_app/static/img -w /app -e OPERATION=0 -e DOCKER_CONFIG=/tmp/.docker
  │   -e HOME=/tmp -e TARGET_CITY -e TARGET_SCRAPER -e
  │   DAG_RUN_URL="${DAGU_BASE_URL:-}/dags/${DAG_NAME}?dagRunId=${DAG_RUN_ID}"
  │   -e
  │   DAG_RUN_LOG_URL="${DAGU_BASE_URL:-}/dags/${DAG_NAME}/log?remoteNode=loca
  │   l&step=tarea_1&dagRunId=${DAG_RUN_ID}" fisgon_scraper:1.0'
  │
  └─stdout: ... (411 more lines)
      {'id': 'af83d16f', 'show': 1, 'in_city': 1, 'one_day': 1,
      'wrong_date_time': 0, 'event': 'Leonardo Torres Quevedo: El Ingeniero
      Total', 'slug': 'leonardo-torres-quevedo-el-ingeniero-total', 'category':
      '__NOT_DEFINIED__', 'id_venue': '8g4nLPqF', 'venue': 'Aulario IV de la
      Universidad de Almería', 'std_venue': 'Paraninfo de la Universidad de
      Almería', 'start_date': '2026-04-20', 'start_time': '09:00:00',
      'end_date': '2026-04-20', 'end_time': '21:00:00', 'description':
      'Exposición sobre Leonardo Torres Quevedo, destacando su contribución a
      la ingeniería. Presentada por Francisco A. González Redondo, se llevará
      a cabo en el Hall Aulario IV de la Universidad de Almería.', 'others':
      {'category': 'Exposición Divulgación Científica', 'hour':
      '__NOT_FOUND__', 'startDate': '2026-4-20T09:00+2:00', 'endDate':
      '2026-4-20T21:00+2:00', 'duration_days': 0, 'location': '04120 La Cañada,
      Almería'}, 'source': 'AlmeriaTurismo', 'exec_time': '20260303T091841',
      'session': '2026_03_03_09_15_Martes', 'image':
      'https://www.turismodealmeria.org/wp-content/uploads/2026/02/Leonardo-Torr
      es-Quevedo-El-ingeniero-total.jpg', 'url':
      'https://www.turismodealmeria.org/evento/leonardo-torres-quevedo-el-ingeni
      ero-total/var/ri-1.l-L1'}
      --------------------
      {'id': '12f6006a', 'show': 1, 'in_city': 1, 'one_day': 1,
      'wrong_date_time': 0, 'event': 'Leonardo Torres Quevedo: El Ingeniero
      Total', 'slug': 'leonardo-torres-quevedo-el-ingeniero-total', 'category':
      '__NOT_DEFINIED__', 'id_venue': '8g4nLPqF', 'venue': 'Aulario IV de la
      Universidad de Almería', 'std_venue': 'Paraninfo de la Universidad de
      Almería', 'start_date': '2026-04-21', 'start_time': '09:00:00',
      'end_date': '2026-04-21', 'end_time': '21:00:00', 'description':
      'Exposición sobre Leonardo Torres Quevedo, destacando su contribución a
      la ingeniería. Presentada por Francisco A. González Redondo, se llevará
      a cabo en el Hall Aulario IV de la Universidad de Almería.', 'others':
      {'category': 'Exposición Divulgación Científica', 'hour':
      '__NOT_FOUND__', 'startDate': '2026-4-21T09:00+2:00', 'endDate':
      '2026-4-21T21:00+2:00', 'duration_days': 0, 'location': '04120 La Cañada,
      Almería'}, 'source': 'AlmeriaTurismo', 'exec_time': '20260303T091841',
      'session': '2026_03_03_09_15_Martes', 'image':
      'https://www.turismodealmeria.org/wp-content/uploads/2026/02/Leonardo-Torr
      es-Quevedo-El-ingeniero-total.jpg', 'url':
      'https://www.turismodealmeria.org/evento/leonardo-torres-quevedo-el-ingeni
      ero-total/var/ri-2.l-L1'}
      --------------------
      {'id': 'b2483f37', 'show': 1, 'in_city': 1, 'one_day': 1,
      'wrong_date_time': 0, 'event': 'Por ELLAS, Por TODAS Beijing +30', 'slug':
      'por-ellas-por-todas-beijing-30', 'category': '__NOT_DEFINIED__',
      'id_venue': None, 'venue': '__NOT_FOUND__', 'std_venue': None,
      'start_date': '2026-04-21', 'start_time': '11:00:00', 'end_date':
      '2026-04-21', 'end_time': '13:00:00', 'description': 'Exposición sobre la
      influencia del evento Beijing +30, centrada en la reivindicación de los
      derechos de las mujeres. Se llevará a cabo en el Paraninfo, Sala de
      exposiciones de la Universidad de Almería del 6 al 27 de abril de 2026.',
      'others': {'category': 'Exposición y divulgación científica', 'hour':
      '(Martes) 11:00 am - 13:00 pm', 'startDate': '2026-4-21T11:00+2:00',
      'endDate': '2026-4-21T13:00+2:00', 'duration_days': 0, 'location':
      '__NOT_FOUND__'}, 'source': 'AlmeriaTurismo', 'exec_time':
      '20260303T091841', 'session': '2026_03_03_09_15_Martes', 'image':
      'https://www.turismodealmeria.org/wp-content/uploads/2026/03/Por-ELLAS-por
      -TODAS-Beijing-30.jpg', 'url':
      'https://www.turismodealmeria.org/evento/por-ellas-por-todas-beijing-30/va
      r/ri-5.l-L1'}
      --------------------
      {'id': '6b821b30', 'show': 1, 'in_city': 1, 'one_day': 1,
      'wrong_date_time': 0, 'event': 'Leonardo Torres Quevedo: El Ingeniero
      Total', 'slug': 'leonardo-torres-quevedo-el-ingeniero-total', 'category':
      '__NOT_DEFINIED__', 'id_venue': '8g4nLPqF', 'venue': 'Aulario IV de la
      Universidad de Almería', 'std_venue': 'Paraninfo de la Universidad de
      Almería', 'start_date': '2026-04-22', 'start_time': '09:00:00',
      'end_date': '2026-04-22', 'end_time': '21:00:00', 'description':
      'Exposición sobre Leonardo Torres Quevedo, destacando su contribución a
      la ingeniería. Presentada por Francisco A. González Redondo, se llevará
      a cabo en el Hall Aulario IV de la Universidad de Almería.', 'others':
      {'category': 'Exposición Divulgación Científica', 'hour':
      '__NOT_FOUND__', 'startDate': '2026-4-22T09:00+2:00', 'endDate':
      '2026-4-22T21:00+2:00', 'duration_days': 0, 'location': '04120 La Cañada,
      Almería'}, 'source': 'AlmeriaTurismo', 'exec_time': '20260303T091841',
      'session': '2026_03_03_09_15_Martes', 'image':
      'https://www.turismodealmeria.org/wp-content/uploads/2026/02/Leonardo-Torr
      es-Quevedo-El-ingeniero-total.jpg', 'url':
      'https://www.turismodealmeria.org/evento/leonardo-torres-quevedo-el-ingeni
      ero-total/var/ri-3.l-L1'}
      --------------------
      {'id': '256c058f', 'show': 1, 'in_city': 1, 'one_day': 1,
      'wrong_date_time': 0, 'event': 'Sentimental Value', 'slug':
      'sentimental-value', 'category': '__NOT_DEFINIED__', 'id_venue':
      'tQfq78jF', 'venue': 'Teatro Apolo', 'std_venue': 'Teatro Apolo',
      'start_date': '2026-04-22', 'start_time': '20:00:00', 'end_date':
      '2026-04-22', 'end_time': '22:00:00', 'description': 'Las hermanas Nora y
      Agnes se reencuentran con su distanciado padre, el carismático Gustav, un
      antiguo director de renombre que le ofrece a su hija Nora, actriz de
      teatro, un papel en su próxima película. Nora lo rechaza y pronto
      descubre que le ha dado su papel a una joven y entusiasta estrella de
      Hollywood. De repente, las dos hermanas deben sortear su complicada
      relación con su padre y lidiar con una estrella estadounidense que se
      encuentra en medio de su compleja dinámica familiar.. Duración:. 2 horas
      15 mins', 'others': {'category': 'Teatro Apolo Almería', 'hour':
      '__NOT_FOUND__', 'startDate': '2026-4-22T20:00+2:00', 'endDate':
      '2026-4-22T22:00+2:00', 'duration_days': 0, 'location': 'Rambla Obispo
      Orbera, 25,04001 Almería'}, 'source': 'AlmeriaTurismo', 'exec_time':
      '20260303T091841', 'session': '2026_03_03_09_15_Martes', 'image':
      'https://www.turismodealmeria.org/wp-content/uploads/2026/02/Captura-de-pa
      ntalla-2026-02-24-134540.jpg', 'url':
      'https://www.turismodealmeria.org/evento/sentimental-value/'}
      --------------------
      {'id': '5f428477', 'show': 1, 'in_city': 1, 'one_day': 1,
      'wrong_date_time': 0, 'event': 'Leonardo Torres Quevedo: El Ingeniero
      Total', 'slug': 'leonardo-torres-quevedo-el-ingeniero-total', 'category':
      '__NOT_DEFINIED__', 'id_venue': '8g4nLPqF', 'venue': 'Aulario IV de la
      Universidad de Almería', 'std_venue': 'Paraninfo de la Universidad de
      Almería', 'start_date': '2026-04-23', 'start_time': '09:00:00',
      'end_date': '2026-04-23', 'end_time': '21:00:00', 'description':
      'Exposición sobre Leonardo Torres Quevedo, destacando su contribución a
      la ingeniería. Presentada por Francisco A. González Redondo, se llevará
      a cabo en el Hall Aulario IV de la Universidad de Almería.', 'others':
      {'category': 'Exposición Divulgación Científica', 'hour':
      '__NOT_FOUND__', 'startDate': '2026-4-23T09:00+2:00', 'endDate':
      '2026-4-23T21:00+2:00', 'duration_days': 0, 'location': '04120 La Cañada,
      Almería'}, 'source': 'AlmeriaTurismo', 'exec_time': '20260303T091841',
      'session': '2026_03_03_09_15_Martes', 'image':
      'https://www.turismodealmeria.org/wp-content/uploads/2026/02/Leonardo-Torr
      es-Quevedo-El-ingeniero-total.jpg', 'url':
      'https://www.turismodealmeria.org/evento/leonardo-torres-quevedo-el-ingeni
      ero-total/var/ri-4.l-L1'}
      --------------------
      {'id': '0215bbd0', 'show': 1, 'in_city': 1, 'one_day': 1,
      'wrong_date_time': 0, 'event': 'Por ELLAS, Por TODAS Beijing +30', 'slug':
      'por-ellas-por-todas-beijing-30', 'category': '__NOT_DEFINIED__',
      'id_venue': None, 'venue': '__NOT_FOUND__', 'std_venue': None,
      'start_date': '2026-04-23', 'start_time': '11:00:00', 'end_date':
      '2026-04-23', 'end_time': '13:00:00', 'description': 'Exposición sobre la
      influencia del evento Beijing +30, centrada en la reivindicación de los
      derechos de las mujeres. Se llevará a cabo en el Paraninfo, Sala de
      exposiciones de la Universidad de Almería del 6 al 27 de abril de 2026.',
      'others': {'category': 'Exposición y divulgación científica', 'hour':
      '(Jueves) 11:00 am - 13:00 pm', 'startDate': '2026-4-23T11:00+2:00',
      'endDate': '2026-4-23T13:00+2:00', 'duration_days': 0, 'location':
      '__NOT_FOUND__'}, 'source': 'AlmeriaTurismo', 'exec_time':
      '20260303T091841', 'session': '2026_03_03_09_15_Martes', 'image':
      'https://www.turismodealmeria.org/wp-content/uploads/2026/03/Por-ELLAS-por
      -TODAS-Beijing-30.jpg', 'url':
      'https://www.turismodealmeria.org/evento/por-ellas-por-todas-beijing-30/va
      r/ri-6.l-L1'}
      --------------------
      {'id': '9050ca3c', 'show': 1, 'in_city': 1, 'one_day': 1,
      'wrong_date_time': 0, 'event': 'Actualidad Astronómica Con Jorge
      Iglesias', 'slug': 'actualidad-astronomica-con-jorge-iglesias',
      'category': '__NOT_DEFINIED__', 'id_venue': '8g4nLPqF', 'venue':
      'Universidad de Almería (UAL)', 'std_venue': 'Paraninfo de la Universidad
      de Almería', 'start_date': '2026-04-23', 'start_time': '12:00:00',
      'end_date': '2026-04-23', 'end_time': '13:30:00', 'description': 'El ciclo
      de tertulias sobre astronomía vuelve este año con Jorge Iglesias, quien
      presentará y debatirá sobre las novedades más importantes en el ámbito
      astronómico. Las sesiones se llevarán a cabo en el Edificio de
      Psicología, Sala de Grados, a las 12:00h. Fechas: 19 de febrero, 19 de
      marzo, 23 de abril y 21 de mayo.', 'others': {'category': 'Edificio de
      Psicología, Sala de Grados, Universidad de Almería', 'hour':
      '__NOT_FOUND__', 'startDate': '2026-4-23T12:00+2:00', 'endDate':
      '2026-4-23T13:30+2:00', 'duration_days': 0, 'location': 'Carr. Sacramento,
      s/n, 04120 La Cañada, Almería'}, 'source': 'AlmeriaTurismo',
      'exec_time': '20260303T091841', 'session': '2026_03_03_09_15_Martes',
      'image':
      'https://www.turismodealmeria.org/wp-content/uploads/2026/02/Actualidad-as
      tronomica-con-Jorge-Iglesias.jpg', 'url':
      'https://www.turismodealmeria.org/evento/actualidad-astronomica-con-jorge-
      iglesias/var/ri-2.l-L1'}
      --------------------
      {'id': '8c55c0a2', 'show': 1, 'in_city': 1, 'one_day': 1,
      'wrong_date_time': 0, 'event': 'Cuentacuentos: Un Amigo Como Tú', 'slug':
      'cuentacuentos-un-amigo-como-tu', 'category': '__NOT_DEFINIED__',
      'id_venue': 'J8tbTLH7', 'venue': 'Librería Picasso', 'std_venue':
      'Librería Picasso', 'start_date': '2026-04-23', 'start_time': '17:00:00',
      'end_date': '2026-04-23', 'end_time': '19:00:00', 'description':
      'Participa en el cuentacuentos para niños a partir de 3 años basado en
      el libro ‘Un Amigo Como Tú’ de Andrea Schomburg y Barbara Röttgen.
      Te esperamos en Librerías Picasso, Almería.', 'others': {'category': 'Un
      Amigo Como Tú', 'hour': '__NOT_FOUND__', 'startDate':
      '2026-4-23T17:00+2:00', 'endDate': '2026-4-23T19:00+2:00',
      'duration_days': 0, 'location': 'Calle Reyes Católicos, 18, 04001
      Almería'}, 'source': 'AlmeriaTurismo', 'exec_time': '20260303T091841',
      'session': '2026_03_03_09_15_Martes', 'image':
      'https://www.turismodealmeria.org/wp-content/uploads/2026/02/Cuentacuentos
      -Un-Amigo-Como-Tu.jpg', 'url':
      'https://www.turismodealmeria.org/evento/cuentacuentos-un-amigo-como-tu/'}
      --------------------
      {'id': '969799c9', 'show': 1, 'in_city': 1, 'one_day': 1,
      'wrong_date_time': 0, 'event': 'Leonardo Torres Quevedo: El Ingeniero
      Total', 'slug': 'leonardo-torres-quevedo-el-ingeniero-total', 'category':
      '__NOT_DEFINIED__', 'id_venue': '8g4nLPqF', 'venue': 'Aulario IV de la
      Universidad de Almería', 'std_venue': 'Paraninfo de la Universidad de
      Almería', 'start_date': '2026-04-24', 'start_time': '09:00:00',
      'end_date': '2026-04-24', 'end_time': '21:00:00', 'description':
      'Exposición sobre Leonardo Torres Quevedo, destacando su contribución a
      la ingeniería. Presentada por Francisco A. González Redondo, se llevará
      a cabo en el Hall Aulario IV de la Universidad de Almería.', 'others':
      {'category': 'Exposición Divulgación Científica', 'hour':
      '__NOT_FOUND__', 'startDate': '2026-4-24T09:00+2:00', 'endDate':
      '2026-4-24T21:00+2:00', 'duration_days': 0, 'location': '04120 La Cañada,
      Almería'}, 'source': 'AlmeriaTurismo', 'exec_time': '20260303T091841',
      'session': '2026_03_03_09_15_Martes', 'image':
      'https://www.turismodealmeria.org/wp-content/uploads/2026/02/Leonardo-Torr
      es-Quevedo-El-ingeniero-total.jpg', 'url':
      'https://www.turismodealmeria.org/evento/leonardo-torres-quevedo-el-ingeni
      ero-total/var/ri-5.l-L1'}
      --------------------
      {'id': '729522f3', 'show': 1, 'in_city': 1, 'one_day': 1,
      'wrong_date_time': 1, 'event': 'Visita Guiada a La Casa Del Cine', 'slug':
      'visita-guiada-a-la-casa-del-cine', 'category': '__NOT_DEFINIED__',
      'id_venue': 'df8rMnjt', 'venue': 'Casa del Cine de Almería', 'std_venue':
      'Casa del Cine', 'start_date': '2026-04-24', 'start_time':
      '__NOT_FOUND__', 'end_date': '2026-04-24', 'end_time': '__NOT_FOUND__',
      'description': 'Si buscas planazo para el viernes… aquí lo tienes. A
      partir del 12 de diciembre, gran oportunidad para conocer la Casa del
      Cine, su legado y la historia cinematográfica de Almería.. Únete a
      nuestra visita guiada por la Finca Santa Isabel y descubre los secretos,
      anécdotas y rincones que guarda.. Asegura tu plaza llamando al 950 21 00
      30 (En horario de Casa del Cine). ¡Te esperamos!', 'others': {'category':
      'Todos los viernes', 'hour': '__NOT_FOUND__', 'startDate': '2026-4-24',
      'endDate': '2026-4-24', 'duration_days': 0, 'location': 'Camino Romero, 1,
      04009 Almería'}, 'source': 'AlmeriaTurismo', 'exec_time':
      '20260303T091841', 'session': '2026_03_03_09_15_Martes', 'image':
      'https://www.turismodealmeria.org/wp-content/uploads/2025/12/visita-guiada
      .jpg', 'url':
      'https://www.turismodealmeria.org/evento/visita-guiada-a-la-casa-del-cine/
      var/ri-19.l-L1'}
      --------------------
      {'id': '74e57a93', 'show': 1, 'in_city': 1, 'one_day': 1,
      'wrong_date_time': 0, 'event': 'El Mentalista Canalla', 'slug':
      'el-mentalista-canalla', 'category': '__NOT_DEFINIED__', 'id_venue':
      '7qHRF9LM', 'venue': 'Sala EMMA', 'std_venue': 'Sala Escuela Municipal de
      Música & Artes', 'start_date': '2026-04-24', 'start_time': '20:00:00',
      'end_date': '2026-04-24', 'end_time': '22:00:00', 'description': 'No te
      pierdas el impactante show de Abraham Gallego, ‘El Mentalista
      Canalla’, un espectáculo de magia y mentalismo para toda la familia.
      Vive una experiencia divertida y desafiante, donde la magia y la mente se
      unen para sorprenderte en cada momento. ¡Ven a disfrutarlo el 24 de abril
      en la Sala EMMA de Almería!', 'others': {'category': 'Abraham Gallego
      presenta un espectáculo de magia y mentalismo', 'hour': '__NOT_FOUND__',
      'startDate': '2026-4-24T20:00+2:00', 'endDate': '2026-4-24T22:00+2:00',
      'duration_days': 0, 'location': 'C. Rbla. Obispo Orberá, 23, 04001
      Almería'}, 'source': 'AlmeriaTurismo', 'exec_time': '20260303T091841',
      'session': '2026_03_03_09_15_Martes', 'image':
      'https://www.turismodealmeria.org/wp-content/uploads/2026/02/elmentalista.
      jpg', 'url':
      'https://www.turismodealmeria.org/evento/el-mentalista-canalla/'}
      --------------------
      {'id': 'aee94765', 'show': 1, 'in_city': 1, 'one_day': 1,
      'wrong_date_time': 0, 'event': 'Profesor Poopsnuggle', 'slug':
      'profesor-poopsnuggle', 'category': '__NOT_DEFINIED__', 'id_venue':
      'NmPqTrh6', 'venue': 'Berlin Social Club', 'std_venue': 'Berlin Social
      Club', 'start_date': '2026-04-24', 'start_time': '21:30:00', 'end_date':
      '2026-04-24', 'end_time': '23:00:00', 'description': 'Profesor Popsnuggle
      llega a la Sala Berlin Social Club en Almería el 24 de abril de 2026 para
      ofrecer una noche de pop retrofuturista. Germán, José, Álvaro y
      Laureano forman este cuarteto que se inspira en el pop español de los
      años sesenta, la movida madrileña, los sintetizadores analógicos y la
      bossa nova. Desde su irrupción en 2004 con el álbum “El Turismo”, su
      música ha prestado una mirada divertida y crítica al pasado musical
      español. En 2008 reafirmaron su propuesta con el lanzamiento de “El Fin
      de las Colonias Africanas”. Una cita imperdible para los amantes del pop
      con sabor nostálgico y visionario.', 'others': {'category':
      '__NOT_FOUND__', 'hour': '__NOT_FOUND__', 'startDate':
      '2026-4-24T21:30+2:00', 'endDate': '2026-4-24T23:00+2:00',
      'duration_days': 0, 'location': 'Parque de Nicolás Salmerón, 9, Bajo 2,
      04001 Almería'}, 'source': 'AlmeriaTurismo', 'exec_time':
      '20260303T091841', 'session': '2026_03_03_09_15_Martes', 'image':
      'https://www.turismodealmeria.org/wp-content/uploads/2026/02/profesorpopnu
      ggle.jpg', 'url':
      'https://www.turismodealmeria.org/evento/profesor-poopsnuggle/'}
      --------------------
      {'id': 'b7459cd7', 'show': 1, 'in_city': 1, 'one_day': 1,
      'wrong_date_time': 0, 'event': 'Cuentacuentos: Te Quiero Tanto - Saeko
      Inui', 'slug': 'cuentacuentos-te-quiero-tanto-saeko-inui', 'category':
      '__NOT_DEFINIED__', 'id_venue': 'J8tbTLH7', 'venue': 'Librería Picasso',
      'std_venue': 'Librería Picasso', 'start_date': '2026-04-25',
      'start_time': '11:00:00', 'end_date': '2026-04-25', 'end_time':
      '13:00:00', 'description': 'Evento de cuentacuentos para niños a partir
      de 3 años basado en el libro ‘Te quiero tanto’ de Saeko Inui. Se
      realizará en Librerías Picasso, Almería.', 'others': {'category':
      'Lectura para niños', 'hour': '(Sábado) 11:00 am - 13:00 pm',
      'startDate': '2026-4-25T11:00+2:00', 'endDate': '2026-4-25T13:00+2:00',
      'duration_days': 0, 'location': 'Calle Reyes Católicos, 18, 04001
      Almería'}, 'source': 'AlmeriaTurismo', 'exec_time': '20260303T091841',
      'session': '2026_03_03_09_15_Martes', 'image':
      'https://www.turismodealmeria.org/wp-content/uploads/2026/02/Cuentacuentos
      -Te-quiero-tanto-Saeko-Inui.jpg', 'url':
      'https://www.turismodealmeria.org/evento/cuentacuentos-te-quiero-tanto-sae
      ko-inui/'}
      --------------------
      {'id': 'ee8d97a8', 'show': 1, 'in_city': 1, 'one_day': 1,
      'wrong_date_time': 0, 'event': 'XV METALMERIA FEST - 25 Abril', 'slug':
      'xv-metalmeria-fest-25-abril', 'category': '__NOT_DEFINIED__', 'id_venue':
      'NmPqTrh6', 'venue': 'Berlin Social Club', 'std_venue': 'Berlin Social
      Club', 'start_date': '2026-04-25', 'start_time': '16:00:00', 'end_date':
      '2026-04-25', 'end_time': '19:00:00', 'description': 'El 25 de abril de
      2026 se celebrará la decimoquinta edición del METALMERIA FEST en la Sala
      Berlin Social Club de Almería, con apertura de puertas a las 26:00h. El
      festival contará con una potente alineación internacional de bandas de
      metal como Kate’s Acid (Speed Metal – Bélgica), DeathStorm (Thrash
      Metal – Austria), Ecclesia (Heavy/Doom Metal – Francia), Speed Queen
      (Speed Metal – Bélgica) y Peace After Pain (Crossover/Thrash Metal –
      Barcelona). Las entradas anticipadas tienen un coste de 25 €, mientras
      que en taquilla costarán 30 €. Los socios pueden adquirir su entrada
      por 15 €, y los poseedores del carnet Interclub por 22 €. Las entradas
      compradas online serán canjeadas físicamente en taquilla.', 'others':
      {'category': '__NOT_FOUND__', 'hour': '__NOT_FOUND__', 'startDate':
      '2026-4-25T16:00+2:00', 'endDate': '2026-4-25T19:00+2:00',
      'duration_days': 0, 'location': 'Parque de Nicolás Salmerón, 9, Bajo 2,
      04001 Almería'}, 'source': 'AlmeriaTurismo', 'exec_time':
      '20260303T091841', 'session': '2026_03_03_09_15_Martes', 'image':
      'https://www.turismodealmeria.org/wp-content/uploads/2026/02/xv-metalalmer
      ia.jpg', 'url':
      'https://www.turismodealmeria.org/evento/xv-metalmeria-fest-25-abril/'}
      --------------------
      {'id': '10292c9e', 'show': 1, 'in_city': 1, 'one_day': 1,
      'wrong_date_time': 0, 'event': 'Campeones 2 en El Teatro', 'slug':
      'campeones-2-en-el-teatro', 'category': '__NOT_DEFINIED__', 'id_venue':
      None, 'venue': '__NOT_FOUND__', 'std_venue': None, 'start_date':
      '2026-04-25', 'start_time': '20:00:00', 'end_date': '2026-04-25',
      'end_time': '22:00:00', 'description': 'La exitosa y entrañable obra
      ‘Campeones 2 en el Teatro: Si Lorca levantara la cabeza’ llega a
      Almería. Con un elenco formado por Alberto Nieto, Emilio Gavira, Luis
      Mottola, Daniel Pico García, Claudia Fesser y Gloria Ramos, y dirigida
      por Juan Manuel Montilla El Langui, esta comedia teatral continúa la
      inspiración de la aclamada película. ¡Una experiencia divertida,
      emotiva y cargada de mensajes positivos sobre la superación y la
      inclusión! No te lo pierdas el sábado 25 de abril a las 20:00h en el
      Auditorio Maestro Padilla. Las entradas están disponibles desde 22€ en
      la taquilla del Teatro Apolo.', 'others': {'category': 'Auditorio Maestro
      Padilla', 'hour': '__NOT_FOUND__', 'startDate': '2026-4-25T20:00+2:00',
      'endDate': '2026-4-25T22:00+2:00', 'duration_days': 0, 'location':
      '__NOT_FOUND__'}, 'source': 'AlmeriaTurismo', 'exec_time':
      '20260303T091841', 'session': '2026_03_03_09_15_Martes', 'image':
      'https://www.turismodealmeria.org/wp-content/uploads/2026/02/campeones2.jp
      g', 'url':
      'https://www.turismodealmeria.org/evento/campeones-2-en-el-teatro/'}
      --------------------
      {'id': '9673af55', 'show': 1, 'in_city': 1, 'one_day': 1,
      'wrong_date_time': 0, 'event': 'Leonardo Torres Quevedo: El Ingeniero
      Total', 'slug': 'leonardo-torres-quevedo-el-ingeniero-total', 'category':
      '__NOT_DEFINIED__', 'id_venue': '8g4nLPqF', 'venue': 'Aulario IV de la
      Universidad de Almería', 'std_venue': 'Paraninfo de la Universidad de
      Almería', 'start_date': '2026-04-27', 'start_time': '09:00:00',
      'end_date': '2026-04-27', 'end_time': '21:00:00', 'description':
      'Exposición sobre Leonardo Torres Quevedo, destacando su contribución a
      la ingeniería. Presentada por Francisco A. González Redondo, se llevará
      a cabo en el Hall Aulario IV de la Universidad de Almería.', 'others':
      {'category': 'Exposición Divulgación Científica', 'hour':
      '__NOT_FOUND__', 'startDate': '2026-4-27T09:00+2:00', 'endDate':
      '2026-4-27T21:00+2:00', 'duration_days': 0, 'location': '04120 La Cañada,
      Almería'}, 'source': 'AlmeriaTurismo', 'exec_time': '20260303T091841',
      'session': '2026_03_03_09_15_Martes', 'image':
      'https://www.turismodealmeria.org/wp-content/uploads/2026/02/Leonardo-Torr
      es-Quevedo-El-ingeniero-total.jpg', 'url':
      'https://www.turismodealmeria.org/evento/leonardo-torres-quevedo-el-ingeni
      ero-total/var/ri-6.l-L1'}
      --------------------
      {'id': '5a546f81', 'show': 1, 'in_city': 1, 'one_day': 1,
      'wrong_date_time': 0, 'event': 'Leonardo Torres Quevedo: El Ingeniero
      Total', 'slug': 'leonardo-torres-quevedo-el-ingeniero-total', 'category':
      '__NOT_DEFINIED__', 'id_venue': '8g4nLPqF', 'venue': 'Aulario IV de la
      Universidad de Almería', 'std_venue': 'Paraninfo de la Universidad de
      Almería', 'start_date': '2026-04-28', 'start_time': '09:00:00',
      'end_date': '2026-04-28', 'end_time': '21:00:00', 'description':
      'Exposición sobre Leonardo Torres Quevedo, destacando su contribución a
      la ingeniería. Presentada por Francisco A. González Redondo, se llevará
      a cabo en el Hall Aulario IV de la Universidad de Almería.', 'others':
      {'category': 'Exposición Divulgación Científica', 'hour':
      '__NOT_FOUND__', 'startDate': '2026-4-28T09:00+2:00', 'endDate':
      '2026-4-28T21:00+2:00', 'duration_days': 0, 'location': '04120 La Cañada,
      Almería'}, 'source': 'AlmeriaTurismo', 'exec_time': '20260303T091841',
      'session': '2026_03_03_09_15_Martes', 'image':
      'https://www.turismodealmeria.org/wp-content/uploads/2026/02/Leonardo-Torr
      es-Quevedo-El-ingeniero-total.jpg', 'url':
      'https://www.turismodealmeria.org/evento/leonardo-torres-quevedo-el-ingeni
      ero-total/var/ri-7.l-L1'}
      --------------------
      {'id': '5e650f46', 'show': 1, 'in_city': 1, 'one_day': 1,
      'wrong_date_time': 0, 'event': 'Taller De Escritura Creativa "Emoción en
      El Escritor, Emoción en El Lector"', 'slug':
      'taller-de-escritura-creativa-emocion-en-el-escritor-emocion-en-el-lector'
      , 'category': '__NOT_DEFINIED__', 'id_venue': '8g4nLPqF', 'venue':
      'Universidad de Almería (UAL)', 'std_venue': 'Paraninfo de la Universidad
      de Almería', 'start_date': '2026-04-28', 'start_time': '16:00:00',
      'end_date': '2026-04-28', 'end_time': '18:00:00', 'description': 'Descubre
      los secretos para atrapar a tus lectores y asombrar a los editores. Bruno
      Nievas nos guiará en este emocionante taller donde aprenderemos a crear
      ideas poderosas, superar el reto del primer borrador, desarrollar
      personajes conmovedores, idear situaciones impactantes, incorporar el
      viaje del héroe, editar sin piedad, publicar y autopublicar, y vender con
      éxito: ¿comprarías tu propio libro?', 'others': {'category':
      '__NOT_FOUND__', 'hour': '__NOT_FOUND__', 'startDate':
      '2026-4-28T16:00+2:00', 'endDate': '2026-4-28T18:00+2:00',
      'duration_days': 0, 'location': 'Carr. Sacramento, s/n, 04120 La Cañada,
      Almería'}, 'source': 'AlmeriaTurismo', 'exec_time': '20260303T091841',
      'session': '2026_03_03_09_15_Martes', 'image':
      'https://www.turismodealmeria.org/wp-content/uploads/2026/03/taller-escrit
      ura.jpg', 'url':
      'https://www.turismodealmeria.org/evento/taller-de-escritura-creativa-emoc
      ion-en-el-escritor-emocion-en-el-lector/'}
      --------------------
      {'id': 'e80a69dd', 'show': 1, 'in_city': 1, 'one_day': 1,
      'wrong_date_time': 0, 'event': 'Leonardo Torres Quevedo: El Ingeniero
      Total', 'slug': 'leonardo-torres-quevedo-el-ingeniero-total', 'category':
      '__NOT_DEFINIED__', 'id_venue': '8g4nLPqF', 'venue': 'Aulario IV de la
      Universidad de Almería', 'std_venue': 'Paraninfo de la Universidad de
      Almería', 'start_date': '2026-04-29', 'start_time': '09:00:00',
      'end_date': '2026-04-29', 'end_time': '21:00:00', 'description':
      'Exposición sobre Leonardo Torres Quevedo, destacando su contribución a
      la ingeniería. Presentada por Francisco A. González Redondo, se llevará
      a cabo en el Hall Aulario IV de la Universidad de Almería.', 'others':
      {'category': 'Exposición Divulgación Científica', 'hour':
      '__NOT_FOUND__', 'startDate': '2026-4-29T09:00+2:00', 'endDate':
      '2026-4-29T21:00+2:00', 'duration_days': 0, 'location': '04120 La Cañada,
      Almería'}, 'source': 'AlmeriaTurismo', 'exec_time': '20260303T091841',
      'session': '2026_03_03_09_15_Martes', 'image':
      'https://www.turismodealmeria.org/wp-content/uploads/2026/02/Leonardo-Torr
      es-Quevedo-El-ingeniero-total.jpg', 'url':
      'https://www.turismodealmeria.org/evento/leonardo-torres-quevedo-el-ingeni
      ero-total/var/ri-8.l-L1'}
      --------------------
      {'id': '838fffda', 'show': 1, 'in_city': 1, 'one_day': 1,
      'wrong_date_time': 0, 'event': 'Leonardo Torres Quevedo: El Ingeniero
      Total', 'slug': 'leonardo-torres-quevedo-el-ingeniero-total', 'category':
      '__NOT_DEFINIED__', 'id_venue': '8g4nLPqF', 'venue': 'Aulario IV de la
      Universidad de Almería', 'std_venue': 'Paraninfo de la Universidad de
      Almería', 'start_date': '2026-04-30', 'start_time': '09:00:00',
      'end_date': '2026-04-30', 'end_time': '21:00:00', 'description':
      'Exposición sobre Leonardo Torres Quevedo, destacando su contribución a
      la ingeniería. Presentada por Francisco A. González Redondo, se llevará
      a cabo en el Hall Aulario IV de la Universidad de Almería.', 'others':
      {'category': 'Exposición Divulgación Científica', 'hour':
      '__NOT_FOUND__', 'startDate': '2026-4-30T09:00+2:00', 'endDate':
      '2026-4-30T21:00+2:00', 'duration_days': 0, 'location': '04120 La Cañada,
      Almería'}, 'source': 'AlmeriaTurismo', 'exec_time': '20260303T091841',
      'session': '2026_03_03_09_15_Martes', 'image':
      'https://www.turismodealmeria.org/wp-content/uploads/2026/02/Leonardo-Torr
      es-Quevedo-El-ingeniero-total.jpg', 'url':
      'https://www.turismodealmeria.org/evento/leonardo-torres-quevedo-el-ingeni
      ero-total/var/ri-9.l-L1'}
      --------------------
      {'id': '708e6732', 'show': 1, 'in_city': 1, 'one_day': 1,
      'wrong_date_time': 0, 'event': 'El Fantástico Viaje De Jonás El
      Espermatozoide', 'slug': 'el-fantastico-viaje-de-jonas-el-espermatozoide',
      'category': '__NOT_DEFINIED__', 'id_venue': 'tQfq78jF', 'venue': 'Teatro
      Apolo', 'std_venue': 'Teatro Apolo', 'start_date': '2026-04-30',
      'start_time': '20:30:00', 'end_date': '2026-04-30', 'end_time':
      '22:00:00', 'description': 'Un espectáculo familiar, para niños y niñas
      a partir de 6 años. Disfruta de las aventuras de Jonás en su fantástico
      viaje.', 'others': {'category': '__NOT_FOUND__', 'hour': '__NOT_FOUND__',
      'startDate': '2026-4-30T20:30+2:00', 'endDate': '2026-4-30T22:00+2:00',
      'duration_days': 0, 'location': 'Rambla Obispo Orbera, 25,04001
      Almería'}, 'source': 'AlmeriaTurismo', 'exec_time': '20260303T091841',
      'session': '2026_03_03_09_15_Martes', 'image':
      'https://www.turismodealmeria.org/wp-content/uploads/2026/02/Captura-de-pa
      ntalla-2026-02-24-135009.jpg', 'url':
      'https://www.turismodealmeria.org/evento/el-fantastico-viaje-de-jonas-el-e
      spermatozoide/'}
      Checking unique event url.
      New url events = 29
      ****************************
      Saving 29 new events
      Saving in
      /home/ubuntu/data_storage/Almeria/2026_03_03_09_15_Martes/0_raw/20260303_0
      918_AlmeriaTurismo.json
      Saving 29 master url
      Appending to  /home/ubuntu/data_storage/Almeria/00_master/master_url.json

Result: Succeeded

Launching scraper: JuntaAndaluciaAgenda
Succeeded - 2026-03-03T09:19:14Z

dag: FisgonTaskSelenium (1m 32s)
│
└─tarea_1 (1m 32s) [succeeded]
  ├─bash -lc 'set -eo pipefail; export DOCKER_CONFIG=/tmp/.docker HOME=/tmp;
  │   SELENIUM_NAME="selenium_${DAG_RUN_ID:-$$}_$(date +%s)"; cleanup() {
  │   docker rm -f "$SELENIUM_NAME" >/dev/null 2>&1 || true; }; trap cleanup
  │   EXIT; docker run -d --rm --name "$SELENIUM_NAME" --shm-size=2g -e
  │   SE_NODE_MAX_SESSIONS=1 -e SE_NODE_OVERRIDE_MAX_SESSIONS=true
  │   selenium/standalone-chrome:latest >/dev/null; docker exec
  │   "$SELENIUM_NAME" bash -c "for i in \$(seq 1 60); do (echo >
  │   /dev/tcp/127.0.0.1/4444) >/dev/null 2>&1 && exit 0; sleep 1; done; exit
  │   1"; docker run --rm --network container:"$SELENIUM_NAME" -v
  │   /home/ubuntu/work/fisgon:/app -v
  │   /home/ubuntu/data_storage:/home/ubuntu/data_storage -v
  │   /home/ubuntu/work/event_flask_app/static/img:/home/ubuntu/work/event_fla
  │   sk_app/static/img -w /app -e OPERATION=0 -e DOCKER_CONFIG=/tmp/.docker
  │   -e HOME=/tmp -e TARGET_CITY -e TARGET_SCRAPER -e
  │   DAG_RUN_URL="${DAGU_BASE_URL:-}/dags/${DAG_NAME}?dagRunId=${DAG_RUN_ID}"
  │   -e
  │   DAG_RUN_LOG_URL="${DAGU_BASE_URL:-}/dags/${DAG_NAME}/log?remoteNode=loca
  │   l&step=tarea_1&dagRunId=${DAG_RUN_ID}" fisgon_scraper:1.0'
  │
  ├─stdout: ... (37 more lines)
  │   sleeping 1
  │   sleeping 7
  │   ******
  │   css selector
  │   .view-display-id-page_search_activities > ul:nth-child(3) >
  │   li:nth-child(1) > a:nth-child(1)
  │   clicking
  │   sleeping 3
  │   Scrolling...
  │   sleeping 1
  │   sleeping 7
  │   ******
  │   css selector
  │   .view-display-id-page_search_activities > ul:nth-child(3) >
  │   li:nth-child(1) > a:nth-child(1)
  │   clicking
  │   sleeping 3
  │   Scrolling...
  │   sleeping 1
  │   sleeping 7
  │   ******
  │   css selector
  │   .view-display-id-page_search_activities > ul:nth-child(3) >
  │   li:nth-child(1) > a:nth-child(1)
  │   .view-display-id-page_search_activities > ul:nth-child(3) >
  │   li:nth-child(1) > a:nth-child(1) Not found
  │   Getting content
  │   *** SCRAPED 66 URLS WITH EVENTS **
  │   New url events = 4
  │   0 / 4
  │   Getting
  │   https://www.juntadeandalucia.es/cultura/agendaculturaldeandalucia/evento
  │   /sesion-de-narracion-oral-cuentos-del-mar-de-alboran-con-el-arbol-de-las
  │   -piruletas
  │   Sleep 4
  │   --------------------
  │   {'id': '3c368d17', 'show': 1, 'in_city': 1, 'one_day': 1,
  │   'wrong_date_time': 0, 'event': 'Sesión De Narración Oral "Cuentos Del
  │   Mar De Alborán", Con El Árbol De Las Piruletas', 'slug':
  │   'sesion-de-narracion-oral-cuentos-del-mar-de-alboran-con-el-arbol-de-las
  │   -piruleta', 'category': '__NOT_DEFINIED__', 'id_venue': 'TjmFnJdD',
  │   'venue': 'Biblioteca Pública del Estado-Biblioteca Provincial de
  │   Almería Francisco Villaespesa', 'std_venue': 'Biblioteca Pública
  │   Francisco Villaespesa', 'start_date': '2026-03-03', 'start_time':
  │   '10:00:00', 'end_date': '2026-03-03', 'end_time': '__NOT_DEFINIED__',
  │   'description': 'Sesión de narración oral "Cuentos del mar de
  │   Alborán", con El árbol de las piruletas. La actividad consiste en una
  │   sesión de narración oral donde se utilizarán los cuentos ambientados
  │   en los espacios naturales de Almería: El árbol de las piruletas, Un
  │   delfín entre las estrellas, Carla y el nido de tortuga boba, Julita, la
  │   pirata del mar de Alborán y El Corazón del Gigante. La narración,
  │   realizada por el autor de los cuentos, se apoyará en muestras de
  │   animales y plantas como caballitos de mar, huevos de tiburón, pelotas
  │   de posidonia, erizos y estrellas de mar entre otras. Los cuentos
  │   pretenden dar a conocer la biodiversidad más cercana, los espacios
  │   protegidos, los problemas ambientales a los que se enfrentan y la
  │   importancia del mar de Alborán, que es uno de los grandes puntos
  │   calientes de biodiversidad del planeta. Martes 3 de marzo 10:00h. Sala
  │   de exposiciones. Actividad concertada con centros educativos', 'others':
  │   {'location_url':
  │   '/cultura/agendaculturaldeandalucia/espacios/biblioteca-publica-del-esta
  │   do-biblioteca-provincial-de-almeria-francisco-villaespesa', 'location2':
  │   'Biblioteca Pública del Estado-Biblioteca Provincial de Almería
  │   Francisco Villaespesa', 'duration': '__NOT_FOUND__', 'datetime_details':
  │   '03 de Marzo del 2026, 10:00 h.', 'town': '__NOT_FOUND__', 'location':
  │   'Calle Hermanos Machado, s/n, Almería. Almería', 'duration_days':
  │   '__NOT_FOUND__'}, 'source': 'JuntaAndaluciaAgenda', 'exec_time':
  │   '20260303T091919', 'session': '2026_03_03_09_15_Martes', 'image':
  │   'https://www.juntadeandalucia.es/cultura/agendaculturaldeandalucia/sites
  │   /default/files/styles/header_activity_ext_2xl/public/2026-03/3_CARTEL.jp
  │   g.webp?itok=UnkNCe6N', 'url':
  │   'https://www.juntadeandalucia.es/cultura/agendaculturaldeandalucia/event
  │   o/sesion-de-narracion-oral-cuentos-del-mar-de-alboran-con-el-arbol-de-la
  │   s-piruletas'}
  │   1 / 4
  │   Getting
  │   https://www.juntadeandalucia.es/cultura/agendaculturaldeandalucia/evento
  │   /sentencia-dictada-contra-p-y-j-de-agustin-gomez-arcos
  │   Sleep 4
  │   --------------------
  │   {'id': 'cf67e1b2', 'show': 1, 'in_city': 1, 'one_day': 1,
  │   'wrong_date_time': 1, 'event': '"Sentencia Dictada Contra P. Y J.", De
  │   Agustín Gómez Arcos', 'slug':
  │   'sentencia-dictada-contra-p-y-j-de-agustin-gomez-arcos', 'category':
  │   '__NOT_DEFINIED__', 'id_venue': 'TjmFnJdD', 'venue': 'Biblioteca
  │   Pública del Estado-Biblioteca Provincial de Almería Francisco
  │   Villaespesa', 'std_venue': 'Biblioteca Pública Francisco Villaespesa',
  │   'start_date': '2026-03-25', 'start_time': '__NOT_FOUND__', 'end_date':
  │   '2026-03-25', 'end_time': '__NOT_DEFINIED__', 'description':
  │   '#clublecturatextosdramaticos en colaboración con la Biblioteca
  │   Pública Provincial “Francisco Villaespesa” . Coordinado por la
  │   reconocida profesional Gloria Zapata . Este mes se analiza Sentencia
  │   dictada contra P. y J. , obra del escritor almeriense Agustín Gómez
  │   Arcos , publicada en 1966 (y prohibida en España durante el
  │   franquismo). La obra presenta un proceso judicial simbólico contra dos
  │   personajes, P. y J., que representan a individuos marginados y
  │   perseguidos por un sistema autoritario. A través del juicio, se ponen
  │   en evidencia la hipocresía, la represión y la injusticia de una
  │   sociedad dominada por el miedo y el poder arbitrario. Agustin Gomez
  │   Arcos (1933–1998) fue un escritor y dramaturgo español. Censurado
  │   durante el franquismo, se exilió en París en 1966, donde escribió en
  │   francés y obtuvo reconocimiento internacional por sus novelas críticas
  │   con la represión y la injusticia. Actividad #leeteatro en el marco de
  │   la programación cultural mensual del CIRAE #elcentroAescena.',
  │   'others': {'location_url':
  │   '/cultura/agendaculturaldeandalucia/espacios/biblioteca-publica-del-esta
  │   do-biblioteca-provincial-de-almeria-francisco-villaespesa', 'location2':
  │   'Biblioteca Pública del Estado-Biblioteca Provincial de Almería
  │   Francisco Villaespesa', 'duration': '__NOT_FOUND__', 'datetime_details':
  │   '25 de Marzo del 2026, De 18:00 a 19:30h\n', 'town': '__NOT_FOUND__',
  │   'location': 'Calle Hermanos Machado, s/n, Almería. Almería',
  │   'duration_days': '__NOT_FOUND__'}, 'source': 'JuntaAndaluciaAgenda',
  │   'exec_time': '20260303T091919', 'session': '2026_03_03_09_15_Martes',
  │   'image':
  │   'https://www.juntadeandalucia.es/cultura/agendaculturaldeandalucia/sites
  │   /default/files/styles/header_activity_ext_2xl/public/external_images/CL%
  │   2520Almer%25C3%25ADa%252025%2520marzo.jpg.webp?itok=ncIVTwQQ', 'url':
  │   'https://www.juntadeandalucia.es/cultura/agendaculturaldeandalucia/event
  │   o/sentencia-dictada-contra-p-y-j-de-agustin-gomez-arcos'}
  │   2 / 4
  │   Getting
  │   https://www.juntadeandalucia.es/cultura/agendaculturaldeandalucia/evento
  │   /semana-santa-de-finana
  │   Sleep 4
  │   --------------------
  │   {'id': '8e176274', 'show': 1, 'in_city': 0, 'one_day': 0,
  │   'wrong_date_time': 1, 'event': 'Semana Santa De Fiñana', 'slug':
  │   'semana-santa-de-finana', 'category': '__NOT_DEFINIED__', 'id_venue':
  │   None, 'venue': 'Varios lugares en el municipio, Fiñana, Almería',
  │   'std_venue': None, 'start_date': '2026-04-19', 'start_time':
  │   '__NOT_FOUND__', 'end_date': '2026-04-26', 'end_time':
  │   '__NOT_DEFINIED__', 'description': 'HORARIOS SEMANA SANTA – FIÑANA
  │   2026 Domingo de Ramos 12:30 h: Bendición de Ramos en la ermita Nuestro
  │   Padre Jesús y procesión hasta la iglesia. A continuación, Santa Misa.
  │   Lunes Santo 09:00: Oración de Laudes en la iglesia Martes Santo 09:00:
  │   Oración de Laudes en la iglesia 20:00: Santa Misa Miercoles Santo 09:00
  │   h: Oración de Laudes en la iglesia 20:00 h: Santa Misa 23:00 h:
  │   Procesión del Tropel Jueves Santo 17:00 h: Santa Misa en la Cena del
  │   Señor. A continuación, procesión de Nuestro Padre Jesús Nazareno,
  │   Virgen de los Dolores y San Juan Evangelista 23:00 h: Hora Santa 00:00
  │   h: Procesión del Santísimo Cristo de la Luz Viernes Santo 08:00 h:
  │   Vía Crucis con el Santísimo Cristo de la Luz 17:00 h: Santos Oficios
  │   de la Pasión y Muerte del Señor. A continuación, procesión del Santo
  │   Sepulcro, Virgen de los Dolores y San Juan Evangelista 23:00 h:
  │   Procesión de la Soledad Sábado Santo 22:00 h: Vigilia Pascual Domingo
  │   de Resurrección 08:00 h: Coplas de la Aurora 11:30 h: Procesión del
  │   Resucitado, Virgen del Rosario y San Juan Evangelista. A continuación,
  │   Santa Misa.', 'others': {'location_url':
  │   '/cultura/agendaculturaldeandalucia/espacios/varios-lugares-en-el-munici
  │   pio-finana-almeria', 'location2': 'Varios lugares en el municipio,
  │   Fiñana, Almería', 'duration': '__NOT_FOUND__', 'datetime_details': '19
  │   de Abril del 2026 - 26 de Abril del 2026, Horarios e itinerarios sujetos
  │   a cambios, se recomienda consultar fuentes locales', 'town':
  │   '__NOT_FOUND__', 'location': ', Fiñana. Almería', 'duration_days':
  │   '__NOT_FOUND__'}, 'source': 'JuntaAndaluciaAgenda', 'exec_time':
  │   '20260303T091919', 'session': '2026_03_03_09_15_Martes', 'image':
  │   'https://www.juntadeandalucia.es/cultura/agendaculturaldeandalucia/sites
  │   /default/files/styles/header_activity_ext_2xl/public/2026-03/Cartel%2020
  │   26%20SIN%20escudos.png.webp?itok=SEPrQmr9', 'url':
  │   'https://www.juntadeandalucia.es/cultura/agendaculturaldeandalucia/event
  │   o/semana-santa-de-finana'}
  │   3 / 4
  │   Getting
  │   https://www.juntadeandalucia.es/cultura/agendaculturaldeandalucia/evento
  │   /juergas-rock-festival
  │   Sleep 4
  │   --------------------
  │   {'id': 'c550617b', 'show': 1, 'in_city': 0, 'one_day': 0,
  │   'wrong_date_time': 1, 'event': 'The Juergas Rock Festival', 'slug':
  │   'the-juergas-rock-festival', 'category': '__NOT_DEFINIED__', 'id_venue':
  │   None, 'venue': 'Recinto del Juergas Rock Festival', 'std_venue': None,
  │   'start_date': '2026-08-04', 'start_time': '__NOT_FOUND__', 'end_date':
  │   '2026-08-08', 'end_time': '__NOT_DEFINIED__', 'description': 'The
  │   Juergas Rock Festival es un Festival de música rock y alternativa que
  │   se celebra anualmente en Adra, Almería en el mes de agosto. La presente
  │   edición se realizará durante los días 5, 6, 7 y 8 de agosto. De cara
  │   a su 13o aniversario, el festival costero disfrutará de 34 artistas
  │   nacionales e internacionales que pondrán la banda sonora a la
  │   indiscutible y mejor “juerga del verano”. El cartel viene encabezado
  │   por Pendulum Live con la banda al complete y en su única fecha en el
  │   sur de la península; Dubioza Kolektiv, el combo indispensable en el
  │   Juergas Festival; el mítico Evaristo, de vuelta con una gira que hace
  │   repaso de a toda su historia a través de bandas como La Polla Records,
  │   Gatillazo, The Meas, The Kagas y Tropa Do Carallo; los valencianos La
  │   Gossa Sorda, después de 10 años regresan a los escenarios y esta es su
  │   única fecha en Andalucía y los sevillanos Narco que celebraran en Adra
  │   su 30 aniversario por todo lo alto.', 'others': {'location_url':
  │   '/cultura/agendaculturaldeandalucia/espacios/recinto-del-juergas-rock-fe
  │   stival', 'location2': 'FB Recinto del Juergas Rock Festival',
  │   'duration': '__NOT_FOUND__', 'datetime_details': '04 de Agosto del 2026
  │   - 08 de Agosto del 2026, Por determinar', 'town': '__NOT_FOUND__',
  │   'location': 'Playa de San Nicolás, Adra. Almería', 'duration_days':
  │   '__NOT_FOUND__'}, 'source': 'JuntaAndaluciaAgenda', 'exec_time':
  │   '20260303T091919', 'session': '2026_03_03_09_15_Martes', 'image':
  │   'https://www.juntadeandalucia.es/cultura/agendaculturaldeandalucia/sites
  │   /default/files/styles/header_activity_ext_2xl/public/2026-03/JUERGAS_202
  │   5_07_30_DanielCruz.jpeg.webp?itok=BpnL8pTM', 'url':
  │   'https://www.juntadeandalucia.es/cultura/agendaculturaldeandalucia/event
  │   o/juergas-rock-festival'}
  │   ****************************
  │   Saving 4 new events
  │   Saving in
  │   /home/ubuntu/data_storage/Almeria/2026_03_03_09_15_Martes/0_raw/20260303
  │   _0919_JuntaAndaluciaAgenda.json
  │   Saving 4 master url
  │   Appending to /home/ubuntu/data_storage/Almeria/00_master/master_url.json
  └─stderr:
      /usr/local/lib/python3.11/site-packages/urllib3/connectionpool.py:1097:
      InsecureRequestWarning: Unverified HTTPS request is being made to host
      'www.juntadeandalucia.es'. Adding certificate verification is strongly
      advised. See:
      https://urllib3.readthedocs.io/en/latest/advanced-usage.html#tls-warnings
      warnings.warn(
      /usr/local/lib/python3.11/site-packages/urllib3/connectionpool.py:1097:
      InsecureRequestWarning: Unverified HTTPS request is being made to host
      'www.juntadeandalucia.es'. Adding certificate verification is strongly
      advised. See:
      https://urllib3.readthedocs.io/en/latest/advanced-usage.html#tls-warnings
      warnings.warn(
      /usr/local/lib/python3.11/site-packages/urllib3/connectionpool.py:1097:
      InsecureRequestWarning: Unverified HTTPS request is being made to host
      'www.juntadeandalucia.es'. Adding certificate verification is strongly
      advised. See:
      https://urllib3.readthedocs.io/en/latest/advanced-usage.html#tls-warnings
      warnings.warn(
      /usr/local/lib/python3.11/site-packages/urllib3/connectionpool.py:1097:
      InsecureRequestWarning: Unverified HTTPS request is being made to host
      'www.juntadeandalucia.es'. Adding certificate verification is strongly
      advised. See:
      https://urllib3.readthedocs.io/en/latest/advanced-usage.html#tls-warnings
      warnings.warn(

Result: Succeeded

Launching scraper: ClassicJazz
Succeeded - 2026-03-03T09:20:46Z

dag: FisgonTaskSelenium (58.0s)
│
└─tarea_1 (58.0s) [succeeded]
  ├─bash -lc 'set -eo pipefail; export DOCKER_CONFIG=/tmp/.docker HOME=/tmp;
  │   SELENIUM_NAME="selenium_${DAG_RUN_ID:-$$}_$(date +%s)"; cleanup() {
  │   docker rm -f "$SELENIUM_NAME" >/dev/null 2>&1 || true; }; trap cleanup
  │   EXIT; docker run -d --rm --name "$SELENIUM_NAME" --shm-size=2g -e
  │   SE_NODE_MAX_SESSIONS=1 -e SE_NODE_OVERRIDE_MAX_SESSIONS=true
  │   selenium/standalone-chrome:latest >/dev/null; docker exec
  │   "$SELENIUM_NAME" bash -c "for i in \$(seq 1 60); do (echo >
  │   /dev/tcp/127.0.0.1/4444) >/dev/null 2>&1 && exit 0; sleep 1; done; exit
  │   1"; docker run --rm --network container:"$SELENIUM_NAME" -v
  │   /home/ubuntu/work/fisgon:/app -v
  │   /home/ubuntu/data_storage:/home/ubuntu/data_storage -v
  │   /home/ubuntu/work/event_flask_app/static/img:/home/ubuntu/work/event_fla
  │   sk_app/static/img -w /app -e OPERATION=0 -e DOCKER_CONFIG=/tmp/.docker
  │   -e HOME=/tmp -e TARGET_CITY -e TARGET_SCRAPER -e
  │   DAG_RUN_URL="${DAGU_BASE_URL:-}/dags/${DAG_NAME}?dagRunId=${DAG_RUN_ID}"
  │   -e
  │   DAG_RUN_LOG_URL="${DAGU_BASE_URL:-}/dags/${DAG_NAME}/log?remoteNode=loca
  │   l&step=tarea_1&dagRunId=${DAG_RUN_ID}" fisgon_scraper:1.0'
  │
  ├─stdout: ... (6 more lines)
  │   IMAGES=0,
  │   GET_SCRAPERS=
  │   SCRAPER=ClassicJazz
  │   DAG_RUN_URL=/dags/FisgonTaskSelenium/log?remoteNode=local&step=tarea_1&d
  │   agRunId=019cb2ff-fae3-7a8c-b180-24cfbbfa967d
  │   Running for Almeria: ClassicJazz
  │   ClassicJazz
  │   RUNNING SESSION =  2026_03_03_09_15_Martes
  │   Starting WebDriver...
  │   http://localhost:4444/wd/hub
  │   *********************times =1
  │   sleeping 7
  │   Scrolling...
  │   sleeping 1
  │   Getting content
  │   clicking
  │   sleeping 3
  │   sleeping 7
  │   *********************times =2
  │   sleeping 7
  │   Scrolling...
  │   sleeping 1
  │   Getting content
  │   clicking
  │   sleeping 3
  │   sleeping 7
  │   *** SCRAPED 115 URLS WITH EVENTS **
  │   New url events = 3
  │   0 / 3
  │   Getting
  │   https://clasijazz.com/evento/concierto-en-los-museos-saxo-solo_carles-me
  │   dina-clasijazz-rural/
  │   Sleep 4
  │   2026-03-05T12:00:00 2026-03-05T13:30:00
  │   --------------------
  │   {'id': '53f383b7', 'show': 1, 'in_city': 0, 'one_day': 1,
  │   'wrong_date_time': 0, 'event': 'Concierto en Los Museos: Saxo
  │   Solo_Carles Medina – Clasijazz Rural', 'slug':
  │   'concierto-en-los-museos-saxo-solo-carles-medina-clasijazz-rural',
  │   'category': '__NOT_DEFINIED__', 'id_venue': None, 'venue': 'Museos de
  │   Terque', 'std_venue': None, 'start_date': '2026-03-05', 'start_time':
  │   '12:00:00', 'end_date': '2026-03-05', 'end_time': '13:30:00',
  │   'description': 'Clasijazz Rural Museos de Terque 5 euros No
  │   Socias/os_Gratis Socias/os y residentes Terque Concierto Saxo
  │   Solo_Carles Medina Puesta en común-Muestra sonora de la residencia
  │   artística del saxofonista Carles Medina realizada en «El Molino»
  │   Clasijazz Rural.', 'others': {'price': '__NOT_DEFINIED__', 'category':
  │   'Programación', 'location_url':
  │   'https://clasijazz.com/local/museos-de-terque/', 'location':
  │   '__NOT_FOUND__'}, 'source': 'ClassicJazz', 'exec_time':
  │   '20260303T092050', 'session': '2026_03_03_09_15_Martes', 'image':
  │   'https://clasijazz.com/wp-content/uploads/2026/03/RURAL-POST.png',
  │   'url':
  │   'https://clasijazz.com/evento/concierto-en-los-museos-saxo-solo_carles-m
  │   edina-clasijazz-rural/'}
  │   1 / 3
  │   Getting
  │   https://clasijazz.com/evento/jam-funk-port-of-spain-5/2026-05-07/
  │   Sleep 4
  │   2026-05-07T22:00:00 2026-05-07T23:55:00
  │   --------------------
  │   {'id': '03e7fe26', 'show': 1, 'in_city': 1, 'one_day': 1,
  │   'wrong_date_time': 0, 'event': 'Jam Funk', 'slug': 'jam-funk',
  │   'category': '__NOT_DEFINIED__', 'id_venue': 'ddgm4gQP', 'venue': 'Port
  │   Of Spain', 'std_venue': 'Port Of Spain', 'start_date': '2026-05-07',
  │   'start_time': '22:00:00', 'end_date': '2026-05-07', 'end_time':
  │   '23:55:00', 'description': 'Entrada Libre Port of Spain Una Jam Session
  │   increíble en ese entorno tan bonito del Port of Spain. Llena de Funk
  │   !', 'others': {'price': '__NOT_DEFINIED__', 'category': 'Programación',
  │   'location_url': 'https://clasijazz.com/local/port-of-spain/',
  │   'location': 'Parque Nicolás Salmeron 20, Almería'}, 'source':
  │   'ClassicJazz', 'exec_time': '20260303T092050', 'session':
  │   '2026_03_03_09_15_Martes', 'image':
  │   'https://clasijazz.com/wp-content/uploads/2025/08/jam_funky-2-3-3.jpg',
  │   'url':
  │   'https://clasijazz.com/evento/jam-funk-port-of-spain-5/2026-05-07/'}
  │   2 / 3
  │   Getting https://clasijazz.com/evento/mini-jam/2026-05-08/
  │   Sleep 4
  │   2026-05-08T18:00:00 2026-05-08T19:00:00
  │   --------------------
  │   {'id': 'f0a96ecc', 'show': 1, 'in_city': 1, 'one_day': 1,
  │   'wrong_date_time': 0, 'event': 'Mini Jam', 'slug': 'mini-jam',
  │   'category': '__NOT_DEFINIED__', 'id_venue': 'Q6b6LRjT', 'venue': 'Sede
  │   Clasijazz', 'std_venue': 'Clasijazz', 'start_date': '2026-05-08',
  │   'start_time': '18:00:00', 'end_date': '2026-05-08', 'end_time':
  │   '19:00:00', 'description': 'Entrada Libre | Sala Industrial Que
  │   importantes son las Mini Jams en Clasijazz. Generaciones se han criado
  │   con música y cantando desde chicos . Aquí tenéis todas las de este
  │   curso . Son gratuitas pero si quieres hacerte socio nos ayudarás a
  │   seguir con la ilusión por predicar la música para todas las edades.',
  │   'others': {'price': '__NOT_DEFINIED__', 'category': 'Programación',
  │   'location_url': 'https://clasijazz.com/local/sede-clasijazz/',
  │   'location': 'Maestro Serrano 9, Almería'}, 'source': 'ClassicJazz',
  │   'exec_time': '20260303T092050', 'session': '2026_03_03_09_15_Martes',
  │   'image':
  │   'https://clasijazz.com/wp-content/uploads/2026/01/PANA3644-scaled.jpg',
  │   'url': 'https://clasijazz.com/evento/mini-jam/2026-05-08/'}
  │   ****************************
  │   Saving 3 new events
  │   Saving in
  │   /home/ubuntu/data_storage/Almeria/2026_03_03_09_15_Martes/0_raw/20260303
  │   _0920_ClassicJazz.json
  │   Saving 3 master url
  │   Appending to /home/ubuntu/data_storage/Almeria/00_master/master_url.json
  └─stderr:
      /usr/local/lib/python3.11/site-packages/urllib3/connectionpool.py:1097:
      InsecureRequestWarning: Unverified HTTPS request is being made to host
      'clasijazz.com'. Adding certificate verification is strongly advised. See:
      https://urllib3.readthedocs.io/en/latest/advanced-usage.html#tls-warnings
      warnings.warn(
      /usr/local/lib/python3.11/site-packages/urllib3/connectionpool.py:1097:
      InsecureRequestWarning: Unverified HTTPS request is being made to host
      'clasijazz.com'. Adding certificate verification is strongly advised. See:
      https://urllib3.readthedocs.io/en/latest/advanced-usage.html#tls-warnings
      warnings.warn(
      /usr/local/lib/python3.11/site-packages/urllib3/connectionpool.py:1097:
      InsecureRequestWarning: Unverified HTTPS request is being made to host
      'clasijazz.com'. Adding certificate verification is strongly advised. See:
      https://urllib3.readthedocs.io/en/latest/advanced-usage.html#tls-warnings
      warnings.warn(

Result: Succeeded

Launching scraper: FlowteTaquillaCultural
Succeeded - 2026-03-03T09:21:45Z

dag: FisgonTaskSelenium (3m 58s)
│
└─tarea_1 (3m 58s) [succeeded]
  ├─bash -lc 'set -eo pipefail; export DOCKER_CONFIG=/tmp/.docker HOME=/tmp;
  │   SELENIUM_NAME="selenium_${DAG_RUN_ID:-$$}_$(date +%s)"; cleanup() {
  │   docker rm -f "$SELENIUM_NAME" >/dev/null 2>&1 || true; }; trap cleanup
  │   EXIT; docker run -d --rm --name "$SELENIUM_NAME" --shm-size=2g -e
  │   SE_NODE_MAX_SESSIONS=1 -e SE_NODE_OVERRIDE_MAX_SESSIONS=true
  │   selenium/standalone-chrome:latest >/dev/null; docker exec
  │   "$SELENIUM_NAME" bash -c "for i in \$(seq 1 60); do (echo >
  │   /dev/tcp/127.0.0.1/4444) >/dev/null 2>&1 && exit 0; sleep 1; done; exit
  │   1"; docker run --rm --network container:"$SELENIUM_NAME" -v
  │   /home/ubuntu/work/fisgon:/app -v
  │   /home/ubuntu/data_storage:/home/ubuntu/data_storage -v
  │   /home/ubuntu/work/event_flask_app/static/img:/home/ubuntu/work/event_fla
  │   sk_app/static/img -w /app -e OPERATION=0 -e DOCKER_CONFIG=/tmp/.docker
  │   -e HOME=/tmp -e TARGET_CITY -e TARGET_SCRAPER -e
  │   DAG_RUN_URL="${DAGU_BASE_URL:-}/dags/${DAG_NAME}?dagRunId=${DAG_RUN_ID}"
  │   -e
  │   DAG_RUN_LOG_URL="${DAGU_BASE_URL:-}/dags/${DAG_NAME}/log?remoteNode=loca
  │   l&step=tarea_1&dagRunId=${DAG_RUN_ID}" fisgon_scraper:1.0'
  │
  └─stdout: ... (339 more lines)
      sleeping 3
      sleeping 3
      Getting content
      sleeping 1
      b_str ='17 Oct 2026 20:30'
      {'id': 'dd10041c', 'show': 1, 'in_city': 1, 'one_day': 1,
      'wrong_date_time': 0, 'event': 'Revolver', 'slug': 'revolver', 'category':
      '__NOT_DEFINIED__', 'id_venue': '27qNP7DH', 'venue': 'auditorio municipal
      maestro padilla.', 'std_venue': 'Auditorio Municipal Maestro Padilla',
      'start_date': '2026-10-17', 'start_time': '20:30:00', 'end_date':
      '2026-10-17', 'end_time': '__NOT_DEFINIED__', 'description': 'UN VIAJE AL
      ORIGEN. REVOLVER regresa a la carretera con LA 03010, un proyecto que
      representa mucho más que un nuevo álbum de estudio: es una coordenada
      emocional, un regreso al origen y una de las obras más complejas y
      personales en la trayectoria de Carlos Goñi, que continúa explorando
      nuevos territorios creativos. Bajo este enigmático código —el código
      postal del barrio alicantino de Los Ángeles donde vivió de niño— nace
      un repertorio que viaja a las historias que marcaron sus inicios. Según
      el propio Goñi: “Este álbum, junto con Argán, es de lo más complejo
      que he escrito en toda mi vida”. Este nuevo capítulo llega tras el
      éxito histórico de la gira aniversario de Eldorado, donde Revolver
      colgó el cartel de "Sold Out" en cada ciudad. En esta nueva cita, el
      artista no solo presentará sus nuevas composiciones, sino que el
      repertorio incluirá también esos éxitos de siempre que tantas alegrías
      nos han dado, logrando el equilibrio perfecto entre su presente creativo y
      el legado que le ha acompañado durante décadas. PRECIO DE LAS ENTRADAS:
      NIVEL A: 42 EUROS. NIVEL B: 38 EUROS. Debido a la normativa vigente, todos
      los asistentes deben adquirir entrada, incluidos niños y adultos,
      independientemente de la edad y de si ocupan butaca o no. Para cualquier
      incidencia derivada de la compra online puede contactar a través del
      correo electrónico: info@flowte.es', 'others': {'price': 'PRECIO\xa0DE
      LAS ENTRADAS:NIVEL A: 42\xa0EUROSNIVEL B: 38\xa0EUROS'}, 'source':
      'FlowteTaquillaCultural', 'exec_time': '20260303T092150', 'session':
      '2026_03_03_09_15_Martes', 'image':
      'https://www.flowte.me/cabinet/event/img/37140-1771575524.045.png', 'url':
      'https://www.flowte.me/storefront/almeria-cultura-401?cc'}
      -------------
      ******
      xpath
      /html/body/div[6]/div[4]/div[1]/div[3]/div/div[31]/div[3]/h5
      /html/body/div[6]/div[4]/div[1]/div[3]/div/div[31]/div[3]/h5 Not found
      Checking unique event dict.
      Reading /home/ubuntu/data_storage/Almeria/00_master/master_events.json...
      *******
      []
      ('Sorda', 'teatro apolo almeria', '2026-03-04', '20:00:00')
      ('Luz Casal', 'auditorio municipal maestro padilla.', '2026-03-07',
      '21:00:00')
      ('Dinero Negro', 'teatro apolo almeria', '2026-03-11', '20:30:00')
      ('Baile De Bestias', 'teatro apolo almeria', '2026-03-13', '20:30:00')
      ('Orquesta Filarmónica De Málaga', 'auditorio municipal maestro
      padilla.', '2026-03-14', '20:30:00')
      ('Marwán', 'teatro apolo almeria', '2026-03-15', '20:00:00')
      ('Quinteto De Viento Oual', 'teatro apolo almeria', '2026-03-16',
      '19:30:00')
      ('It Was Just an Accident', 'teatro apolo almeria', '2026-03-18',
      '20:00:00')
      ('500 Noches - Tributo a Sabina', 'auditorio municipal maestro padilla.',
      '2026-03-20', '20:30:00')
      ('Parejas Imperfectas', 'auditorio municipal maestro padilla.',
      '2026-03-21', '20:30:00')
      ('Lorcas´indómita', 'teatro apolo almeria', '2026-03-26', '20:30:00')
      ('Morricone Rock Experience', 'auditorio municipal maestro padilla.',
      '2026-03-27', '20:30:00')
      ('Paco Candela', 'auditorio municipal maestro padilla.', '2026-03-28',
      '21:00:00')
      ('Love Me Tender', 'teatro apolo almeria', '2026-04-08', '20:00:00')
      ('Café Quijano', 'auditorio municipal maestro padilla.', '2026-04-10',
      '21:00:00')
      ('Antonio Giménez Y Su Acompañamiento', 'teatro apolo almeria',
      '2026-04-15', '20:30:00')
      ('Next to My Skin', 'teatro apolo almeria', '2026-04-17', '20:30:00')
      ('Laura Gallego', 'auditorio municipal maestro padilla.', '2026-04-18',
      '20:30:00')
      ('Sentimental Value', 'teatro apolo almeria', '2026-04-22', '20:00:00')
      ('Campeones 2 en El Teatro', 'auditorio municipal maestro padilla.',
      '2026-04-25', '20:00:00')
      ('El Fantástico Viaje De Jonás El Espermatozoide', 'teatro apolo
      almeria', '2026-04-30', '20:30:00')
      ('Diana Navarro', 'auditorio municipal maestro padilla.', '2026-05-16',
      '20:30:00')
      ('Zambrano', 'teatro apolo almeria', '2026-05-20', '20:30:00')
      ('Ulises', 'teatro apolo almeria', '2026-05-21', '20:30:00')
      ('Pleita', 'teatro apolo almeria', '2026-05-22', '20:30:00')
      ('Real Orquesta Sinfónica De Sevilla', 'auditorio municipal maestro
      padilla.', '2026-05-23', '20:30:00')
      ('Una Perla en Auschwitz', 'teatro apolo almeria', '2026-06-10',
      '20:30:00')
      ('Un Patético Amor Desconocido', 'teatro apolo almeria', '2026-06-12',
      '20:30:00')
      ('Casandra', 'teatro apolo almeria', '2026-07-15', '20:30:00')
      ('Revolver', 'auditorio municipal maestro padilla.', '2026-10-17',
      '20:30:00')
      ****************************
      Saving 30 new events
      Saving in
      /home/ubuntu/data_storage/Almeria/2026_03_03_09_15_Martes/0_raw/20260303_0
      921_FlowteTaquillaCultural.json
      Saving 30 master url
      Appending to  /home/ubuntu/data_storage/Almeria/00_master/master_url.json

Result: Succeeded

Launching scraper: Entradium
Succeeded - 2026-03-03T09:25:43Z

dag: FisgonTaskSelenium (37.0s)
│
└─tarea_1 (37.0s) [succeeded]
  ├─bash -lc 'set -eo pipefail; export DOCKER_CONFIG=/tmp/.docker HOME=/tmp;
  │   SELENIUM_NAME="selenium_${DAG_RUN_ID:-$$}_$(date +%s)"; cleanup() {
  │   docker rm -f "$SELENIUM_NAME" >/dev/null 2>&1 || true; }; trap cleanup
  │   EXIT; docker run -d --rm --name "$SELENIUM_NAME" --shm-size=2g -e
  │   SE_NODE_MAX_SESSIONS=1 -e SE_NODE_OVERRIDE_MAX_SESSIONS=true
  │   selenium/standalone-chrome:latest >/dev/null; docker exec
  │   "$SELENIUM_NAME" bash -c "for i in \$(seq 1 60); do (echo >
  │   /dev/tcp/127.0.0.1/4444) >/dev/null 2>&1 && exit 0; sleep 1; done; exit
  │   1"; docker run --rm --network container:"$SELENIUM_NAME" -v
  │   /home/ubuntu/work/fisgon:/app -v
  │   /home/ubuntu/data_storage:/home/ubuntu/data_storage -v
  │   /home/ubuntu/work/event_flask_app/static/img:/home/ubuntu/work/event_fla
  │   sk_app/static/img -w /app -e OPERATION=0 -e DOCKER_CONFIG=/tmp/.docker
  │   -e HOME=/tmp -e TARGET_CITY -e TARGET_SCRAPER -e
  │   DAG_RUN_URL="${DAGU_BASE_URL:-}/dags/${DAG_NAME}?dagRunId=${DAG_RUN_ID}"
  │   -e
  │   DAG_RUN_LOG_URL="${DAGU_BASE_URL:-}/dags/${DAG_NAME}/log?remoteNode=loca
  │   l&step=tarea_1&dagRunId=${DAG_RUN_ID}" fisgon_scraper:1.0'
  │
  └─stdout:
      RUNNING VARS →
      CITY=Almeria,
      OPERATION=0,
      CREATE_SESSION=0,
      CLOSE_SESSION=0,
      SESSION=None,
      IMAGES=0,
      GET_SCRAPERS=
      SCRAPER=Entradium
      DAG_RUN_URL=/dags/FisgonTaskSelenium/log?remoteNode=local&step=tarea_1&dag
      RunId=019cb304-858e-775f-9cd4-cb3101784fd3
      Running for Almeria: Entradium
      Entradium
      RUNNING SESSION =  2026_03_03_09_15_Martes
      Starting WebDriver...
      http://localhost:4444/wd/hub
      sleeping 5
      clicking
      sleeping 3
      sleeping 1.5
      sleeping 3
      ******
      xpath
      /html/body/header/div[2]/div[1]/div/div/form/div/div/button/span/i
      clicking
      sleeping 3
      sleeping 8
      Getting content
      *** SCRAPED 26 URLS WITH EVENTS **
      New url events = 0
      #######################
      No new urls/events extracted. No new events to save
      #######################

Result: Succeeded

Launching scraper: TodasLasEntradas
Succeeded - 2026-03-03T09:26:20Z

dag: FisgonTaskSelenium (9.0s)
│
└─tarea_1 (9.0s) [succeeded]
  ├─bash -lc 'set -eo pipefail; export DOCKER_CONFIG=/tmp/.docker HOME=/tmp;
  │   SELENIUM_NAME="selenium_${DAG_RUN_ID:-$$}_$(date +%s)"; cleanup() {
  │   docker rm -f "$SELENIUM_NAME" >/dev/null 2>&1 || true; }; trap cleanup
  │   EXIT; docker run -d --rm --name "$SELENIUM_NAME" --shm-size=2g -e
  │   SE_NODE_MAX_SESSIONS=1 -e SE_NODE_OVERRIDE_MAX_SESSIONS=true
  │   selenium/standalone-chrome:latest >/dev/null; docker exec
  │   "$SELENIUM_NAME" bash -c "for i in \$(seq 1 60); do (echo >
  │   /dev/tcp/127.0.0.1/4444) >/dev/null 2>&1 && exit 0; sleep 1; done; exit
  │   1"; docker run --rm --network container:"$SELENIUM_NAME" -v
  │   /home/ubuntu/work/fisgon:/app -v
  │   /home/ubuntu/data_storage:/home/ubuntu/data_storage -v
  │   /home/ubuntu/work/event_flask_app/static/img:/home/ubuntu/work/event_fla
  │   sk_app/static/img -w /app -e OPERATION=0 -e DOCKER_CONFIG=/tmp/.docker
  │   -e HOME=/tmp -e TARGET_CITY -e TARGET_SCRAPER -e
  │   DAG_RUN_URL="${DAGU_BASE_URL:-}/dags/${DAG_NAME}?dagRunId=${DAG_RUN_ID}"
  │   -e
  │   DAG_RUN_LOG_URL="${DAGU_BASE_URL:-}/dags/${DAG_NAME}/log?remoteNode=loca
  │   l&step=tarea_1&dagRunId=${DAG_RUN_ID}" fisgon_scraper:1.0'
  │
  └─stdout:
      RUNNING VARS →
      CITY=Almeria,
      OPERATION=0,
      CREATE_SESSION=0,
      CLOSE_SESSION=0,
      SESSION=None,
      IMAGES=0,
      GET_SCRAPERS=
      SCRAPER=TodasLasEntradas
      DAG_RUN_URL=/dags/FisgonTaskSelenium/log?remoteNode=local&step=tarea_1&dag
      RunId=019cb305-1634-7255-a5d6-f3c806685cf6
      Running for Almeria: TodasLasEntradas
      TodasLasEntradas
      RUNNING SESSION =  2026_03_03_09_15_Martes
      Starting WebDriver...
      http://localhost:4444/wd/hub
      Getting content
      *** SCRAPED 18 URLS WITH EVENTS **
      New url events = 0
      #######################
      No new urls/events extracted. No new events to save
      #######################

Result: Succeeded

Launching scraper: RedBibliotecas
Succeeded - 2026-03-03T09:26:29Z

dag: FisgonTaskSelenium (8.0s)
│
└─tarea_1 (8.0s) [succeeded]
  ├─bash -lc 'set -eo pipefail; export DOCKER_CONFIG=/tmp/.docker HOME=/tmp;
  │   SELENIUM_NAME="selenium_${DAG_RUN_ID:-$$}_$(date +%s)"; cleanup() {
  │   docker rm -f "$SELENIUM_NAME" >/dev/null 2>&1 || true; }; trap cleanup
  │   EXIT; docker run -d --rm --name "$SELENIUM_NAME" --shm-size=2g -e
  │   SE_NODE_MAX_SESSIONS=1 -e SE_NODE_OVERRIDE_MAX_SESSIONS=true
  │   selenium/standalone-chrome:latest >/dev/null; docker exec
  │   "$SELENIUM_NAME" bash -c "for i in \$(seq 1 60); do (echo >
  │   /dev/tcp/127.0.0.1/4444) >/dev/null 2>&1 && exit 0; sleep 1; done; exit
  │   1"; docker run --rm --network container:"$SELENIUM_NAME" -v
  │   /home/ubuntu/work/fisgon:/app -v
  │   /home/ubuntu/data_storage:/home/ubuntu/data_storage -v
  │   /home/ubuntu/work/event_flask_app/static/img:/home/ubuntu/work/event_fla
  │   sk_app/static/img -w /app -e OPERATION=0 -e DOCKER_CONFIG=/tmp/.docker
  │   -e HOME=/tmp -e TARGET_CITY -e TARGET_SCRAPER -e
  │   DAG_RUN_URL="${DAGU_BASE_URL:-}/dags/${DAG_NAME}?dagRunId=${DAG_RUN_ID}"
  │   -e
  │   DAG_RUN_LOG_URL="${DAGU_BASE_URL:-}/dags/${DAG_NAME}/log?remoteNode=loca
  │   l&step=tarea_1&dagRunId=${DAG_RUN_ID}" fisgon_scraper:1.0'
  │
  └─stdout:
      RUNNING VARS →
      CITY=Almeria,
      OPERATION=0,
      CREATE_SESSION=0,
      CLOSE_SESSION=0,
      SESSION=None,
      IMAGES=0,
      GET_SCRAPERS=
      SCRAPER=RedBibliotecas
      DAG_RUN_URL=/dags/FisgonTaskSelenium/log?remoteNode=local&step=tarea_1&dag
      RunId=019cb305-3624-7523-af28-83b413e08a59
      Running for Almeria: RedBibliotecas
      RedBibliotecas
      RUNNING SESSION =  2026_03_03_09_15_Martes
      START
      Starting WebDriver...
      http://localhost:4444/wd/hub
      page=1
      Getting content
      ['https://www.bibliotecaspublicas.es/almeria/actividades/Agenda/ta-172-tej
      iendo.html',
      'https://www.bibliotecaspublicas.es/almeria/actividades/Agenda/bbc-bc-tria
      ngulo.html',
      'https://www.bibliotecaspublicas.es/almeria/actividades/Agenda/ti-141-inic
      ial.html',
      'https://www.bibliotecaspublicas.es/almeria/actividades/Agenda/cl-172.html
      ',
      'https://www.bibliotecaspublicas.es/almeria/actividades/Agenda/ta-tfno2.ht
      ml',
      'https://www.bibliotecaspublicas.es/almeria/actividades/Agenda/ti-143-inic
      ial.html',
      'https://www.bibliotecaspublicas.es/almeria/actividades/Agenda/pl-172-vale
      ria.html',
      'https://www.bibliotecaspublicas.es/almeria/actividades/Agenda/ti-140-inic
      ial.html',
      'https://www.bibliotecaspublicas.es/almeria/actividades/Agenda/cl-alquian.
      html',
      'https://www.bibliotecaspublicas.es/almeria/actividades/Agenda/cca-todas.h
      tml',
      'https://www.bibliotecaspublicas.es/almeria/actividades/Agenda/cci-143-tra
      ctor.html',
      'https://www.bibliotecaspublicas.es/almeria/actividades/Agenda/cci-172-tra
      ctor.html',
      'https://www.bibliotecaspublicas.es/almeria/actividades/Agenda/cci-140-tra
      ctor.html',
      'https://www.bibliotecaspublicas.es/almeria/actividades/Agenda/cci-141-tra
      ctor.html',
      'https://www.bibliotecaspublicas.es/almeria/actividades/Agenda/cci-143-hoy
      0.html',
      'https://www.bibliotecaspublicas.es/almeria/actividades/Agenda/pl-172a.htm
      l',
      'https://www.bibliotecaspublicas.es/almeria/actividades/Agenda/cl-alquian1
      .html',
      'https://www.bibliotecaspublicas.es/almeria/actividades/Agenda/pl-arias.ht
      ml',
      'https://www.bibliotecaspublicas.es/almeria/actividades/Agenda/ti-172-gara
      batos.html',
      'https://www.bibliotecaspublicas.es/almeria/actividades/Agenda/ti-141-gara
      batos.html',
      'https://www.bibliotecaspublicas.es/almeria/actividades/Agenda/ti-143-gara
      batos.html',
      'https://www.bibliotecaspublicas.es/almeria/actividades/Agenda/ti-140-gara
      batos.html',
      'https://www.bibliotecaspublicas.es/almeria/actividades/Agenda/cl-cabo0.ht
      ml']
      page=2
      Getting content
      ['https://www.bibliotecaspublicas.es/almeria/actividades/Agenda/ta-172-tej
      iendo.html',
      'https://www.bibliotecaspublicas.es/almeria/actividades/Agenda/bbc-bc-tria
      ngulo.html',
      'https://www.bibliotecaspublicas.es/almeria/actividades/Agenda/ti-141-inic
      ial.html',
      'https://www.bibliotecaspublicas.es/almeria/actividades/Agenda/cl-172.html
      ',
      'https://www.bibliotecaspublicas.es/almeria/actividades/Agenda/ta-tfno2.ht
      ml',
      'https://www.bibliotecaspublicas.es/almeria/actividades/Agenda/ti-143-inic
      ial.html',
      'https://www.bibliotecaspublicas.es/almeria/actividades/Agenda/pl-172-vale
      ria.html',
      'https://www.bibliotecaspublicas.es/almeria/actividades/Agenda/ti-140-inic
      ial.html',
      'https://www.bibliotecaspublicas.es/almeria/actividades/Agenda/cl-alquian.
      html',
      'https://www.bibliotecaspublicas.es/almeria/actividades/Agenda/cca-todas.h
      tml',
      'https://www.bibliotecaspublicas.es/almeria/actividades/Agenda/cci-143-tra
      ctor.html',
      'https://www.bibliotecaspublicas.es/almeria/actividades/Agenda/cci-172-tra
      ctor.html',
      'https://www.bibliotecaspublicas.es/almeria/actividades/Agenda/cci-140-tra
      ctor.html',
      'https://www.bibliotecaspublicas.es/almeria/actividades/Agenda/cci-141-tra
      ctor.html',
      'https://www.bibliotecaspublicas.es/almeria/actividades/Agenda/cci-143-hoy
      0.html',
      'https://www.bibliotecaspublicas.es/almeria/actividades/Agenda/pl-172a.htm
      l',
      'https://www.bibliotecaspublicas.es/almeria/actividades/Agenda/cl-alquian1
      .html',
      'https://www.bibliotecaspublicas.es/almeria/actividades/Agenda/pl-arias.ht
      ml',
      'https://www.bibliotecaspublicas.es/almeria/actividades/Agenda/ti-172-gara
      batos.html',
      'https://www.bibliotecaspublicas.es/almeria/actividades/Agenda/ti-141-gara
      batos.html',
      'https://www.bibliotecaspublicas.es/almeria/actividades/Agenda/ti-143-gara
      batos.html',
      'https://www.bibliotecaspublicas.es/almeria/actividades/Agenda/ti-140-gara
      batos.html',
      'https://www.bibliotecaspublicas.es/almeria/actividades/Agenda/cl-cabo0.ht
      ml',
      'https://www.bibliotecaspublicas.es/almeria/actividades/Agenda/ta-172-teji
      endo.html',
      'https://www.bibliotecaspublicas.es/almeria/actividades/Agenda/bbc-bc-tria
      ngulo.html',
      'https://www.bibliotecaspublicas.es/almeria/actividades/Agenda/ti-141-inic
      ial.html',
      'https://www.bibliotecaspublicas.es/almeria/actividades/Agenda/cl-172.html
      ',
      'https://www.bibliotecaspublicas.es/almeria/actividades/Agenda/ta-tfno2.ht
      ml',
      'https://www.bibliotecaspublicas.es/almeria/actividades/Agenda/ti-143-inic
      ial.html',
      'https://www.bibliotecaspublicas.es/almeria/actividades/Agenda/pl-172-vale
      ria.html',
      'https://www.bibliotecaspublicas.es/almeria/actividades/Agenda/ti-140-inic
      ial.html',
      'https://www.bibliotecaspublicas.es/almeria/actividades/Agenda/cl-alquian.
      html',
      'https://www.bibliotecaspublicas.es/almeria/actividades/Agenda/cca-todas.h
      tml',
      'https://www.bibliotecaspublicas.es/almeria/actividades/Agenda/cci-143-tra
      ctor.html',
      'https://www.bibliotecaspublicas.es/almeria/actividades/Agenda/cci-172-tra
      ctor.html',
      'https://www.bibliotecaspublicas.es/almeria/actividades/Agenda/cci-140-tra
      ctor.html',
      'https://www.bibliotecaspublicas.es/almeria/actividades/Agenda/cci-141-tra
      ctor.html',
      'https://www.bibliotecaspublicas.es/almeria/actividades/Agenda/cci-143-hoy
      0.html',
      'https://www.bibliotecaspublicas.es/almeria/actividades/Agenda/pl-172a.htm
      l',
      'https://www.bibliotecaspublicas.es/almeria/actividades/Agenda/cl-alquian1
      .html',
      'https://www.bibliotecaspublicas.es/almeria/actividades/Agenda/pl-arias.ht
      ml',
      'https://www.bibliotecaspublicas.es/almeria/actividades/Agenda/ti-172-gara
      batos.html',
      'https://www.bibliotecaspublicas.es/almeria/actividades/Agenda/ti-141-gara
      batos.html',
      'https://www.bibliotecaspublicas.es/almeria/actividades/Agenda/ti-143-gara
      batos.html',
      'https://www.bibliotecaspublicas.es/almeria/actividades/Agenda/ti-140-gara
      batos.html',
      'https://www.bibliotecaspublicas.es/almeria/actividades/Agenda/cl-cabo0.ht
      ml']
      page=3
      Getting content
      ['https://www.bibliotecaspublicas.es/almeria/actividades/Agenda/ta-172-tej
      iendo.html',
      'https://www.bibliotecaspublicas.es/almeria/actividades/Agenda/bbc-bc-tria
      ngulo.html',
      'https://www.bibliotecaspublicas.es/almeria/actividades/Agenda/ti-141-inic
      ial.html',
      'https://www.bibliotecaspublicas.es/almeria/actividades/Agenda/cl-172.html
      ',
      'https://www.bibliotecaspublicas.es/almeria/actividades/Agenda/ta-tfno2.ht
      ml',
      'https://www.bibliotecaspublicas.es/almeria/actividades/Agenda/ti-143-inic
      ial.html',
      'https://www.bibliotecaspublicas.es/almeria/actividades/Agenda/pl-172-vale
      ria.html',
      'https://www.bibliotecaspublicas.es/almeria/actividades/Agenda/ti-140-inic
      ial.html',
      'https://www.bibliotecaspublicas.es/almeria/actividades/Agenda/cl-alquian.
      html',
      'https://www.bibliotecaspublicas.es/almeria/actividades/Agenda/cca-todas.h
      tml',
      'https://www.bibliotecaspublicas.es/almeria/actividades/Agenda/cci-143-tra
      ctor.html',
      'https://www.bibliotecaspublicas.es/almeria/actividades/Agenda/cci-172-tra
      ctor.html',
      'https://www.bibliotecaspublicas.es/almeria/actividades/Agenda/cci-140-tra
      ctor.html',
      'https://www.bibliotecaspublicas.es/almeria/actividades/Agenda/cci-141-tra
      ctor.html',
      'https://www.bibliotecaspublicas.es/almeria/actividades/Agenda/cci-143-hoy
      0.html',
      'https://www.bibliotecaspublicas.es/almeria/actividades/Agenda/pl-172a.htm
      l',
      'https://www.bibliotecaspublicas.es/almeria/actividades/Agenda/cl-alquian1
      .html',
      'https://www.bibliotecaspublicas.es/almeria/actividades/Agenda/pl-arias.ht
      ml',
      'https://www.bibliotecaspublicas.es/almeria/actividades/Agenda/ti-172-gara
      batos.html',
      'https://www.bibliotecaspublicas.es/almeria/actividades/Agenda/ti-141-gara
      batos.html',
      'https://www.bibliotecaspublicas.es/almeria/actividades/Agenda/ti-143-gara
      batos.html',
      'https://www.bibliotecaspublicas.es/almeria/actividades/Agenda/ti-140-gara
      batos.html',
      'https://www.bibliotecaspublicas.es/almeria/actividades/Agenda/cl-cabo0.ht
      ml',
      'https://www.bibliotecaspublicas.es/almeria/actividades/Agenda/ta-172-teji
      endo.html',
      'https://www.bibliotecaspublicas.es/almeria/actividades/Agenda/bbc-bc-tria
      ngulo.html',
      'https://www.bibliotecaspublicas.es/almeria/actividades/Agenda/ti-141-inic
      ial.html',
      'https://www.bibliotecaspublicas.es/almeria/actividades/Agenda/cl-172.html
      ',
      'https://www.bibliotecaspublicas.es/almeria/actividades/Agenda/ta-tfno2.ht
      ml',
      'https://www.bibliotecaspublicas.es/almeria/actividades/Agenda/ti-143-inic
      ial.html',
      'https://www.bibliotecaspublicas.es/almeria/actividades/Agenda/pl-172-vale
      ria.html',
      'https://www.bibliotecaspublicas.es/almeria/actividades/Agenda/ti-140-inic
      ial.html',
      'https://www.bibliotecaspublicas.es/almeria/actividades/Agenda/cl-alquian.
      html',
      'https://www.bibliotecaspublicas.es/almeria/actividades/Agenda/cca-todas.h
      tml',
      'https://www.bibliotecaspublicas.es/almeria/actividades/Agenda/cci-143-tra
      ctor.html',
      'https://www.bibliotecaspublicas.es/almeria/actividades/Agenda/cci-172-tra
      ctor.html',
      'https://www.bibliotecaspublicas.es/almeria/actividades/Agenda/cci-140-tra
      ctor.html',
      'https://www.bibliotecaspublicas.es/almeria/actividades/Agenda/cci-141-tra
      ctor.html',
      'https://www.bibliotecaspublicas.es/almeria/actividades/Agenda/cci-143-hoy
      0.html',
      'https://www.bibliotecaspublicas.es/almeria/actividades/Agenda/pl-172a.htm
      l',
      'https://www.bibliotecaspublicas.es/almeria/actividades/Agenda/cl-alquian1
      .html',
      'https://www.bibliotecaspublicas.es/almeria/actividades/Agenda/pl-arias.ht
      ml',
      'https://www.bibliotecaspublicas.es/almeria/actividades/Agenda/ti-172-gara
      batos.html',
      'https://www.bibliotecaspublicas.es/almeria/actividades/Agenda/ti-141-gara
      batos.html',
      'https://www.bibliotecaspublicas.es/almeria/actividades/Agenda/ti-143-gara
      batos.html',
      'https://www.bibliotecaspublicas.es/almeria/actividades/Agenda/ti-140-gara
      batos.html',
      'https://www.bibliotecaspublicas.es/almeria/actividades/Agenda/cl-cabo0.ht
      ml',
      'https://www.bibliotecaspublicas.es/almeria/actividades/Agenda/ta-172-teji
      endo.html',
      'https://www.bibliotecaspublicas.es/almeria/actividades/Agenda/bbc-bc-tria
      ngulo.html',
      'https://www.bibliotecaspublicas.es/almeria/actividades/Agenda/ti-141-inic
      ial.html',
      'https://www.bibliotecaspublicas.es/almeria/actividades/Agenda/cl-172.html
      ',
      'https://www.bibliotecaspublicas.es/almeria/actividades/Agenda/ta-tfno2.ht
      ml',
      'https://www.bibliotecaspublicas.es/almeria/actividades/Agenda/ti-143-inic
      ial.html',
      'https://www.bibliotecaspublicas.es/almeria/actividades/Agenda/pl-172-vale
      ria.html',
      'https://www.bibliotecaspublicas.es/almeria/actividades/Agenda/ti-140-inic
      ial.html',
      'https://www.bibliotecaspublicas.es/almeria/actividades/Agenda/cl-alquian.
      html',
      'https://www.bibliotecaspublicas.es/almeria/actividades/Agenda/cca-todas.h
      tml',
      'https://www.bibliotecaspublicas.es/almeria/actividades/Agenda/cci-143-tra
      ctor.html',
      'https://www.bibliotecaspublicas.es/almeria/actividades/Agenda/cci-172-tra
      ctor.html',
      'https://www.bibliotecaspublicas.es/almeria/actividades/Agenda/cci-140-tra
      ctor.html',
      'https://www.bibliotecaspublicas.es/almeria/actividades/Agenda/cci-141-tra
      ctor.html',
      'https://www.bibliotecaspublicas.es/almeria/actividades/Agenda/cci-143-hoy
      0.html',
      'https://www.bibliotecaspublicas.es/almeria/actividades/Agenda/pl-172a.htm
      l',
      'https://www.bibliotecaspublicas.es/almeria/actividades/Agenda/cl-alquian1
      .html',
      'https://www.bibliotecaspublicas.es/almeria/actividades/Agenda/pl-arias.ht
      ml',
      'https://www.bibliotecaspublicas.es/almeria/actividades/Agenda/ti-172-gara
      batos.html',
      'https://www.bibliotecaspublicas.es/almeria/actividades/Agenda/ti-141-gara
      batos.html',
      'https://www.bibliotecaspublicas.es/almeria/actividades/Agenda/ti-143-gara
      batos.html',
      'https://www.bibliotecaspublicas.es/almeria/actividades/Agenda/ti-140-gara
      batos.html',
      'https://www.bibliotecaspublicas.es/almeria/actividades/Agenda/cl-cabo0.ht
      ml']
      *** SCRAPED 69 URLS WITH EVENTS **
      New url events = 0
      #######################
      No new urls/events extracted. No new events to save
      #######################

Result: Succeeded

Launching scraper: SalaEmma
Succeeded - 2026-03-03T09:26:37Z

dag: FisgonTaskSelenium (19.0s)
│
└─tarea_1 (19.0s) [succeeded]
  ├─bash -lc 'set -eo pipefail; export DOCKER_CONFIG=/tmp/.docker HOME=/tmp;
  │   SELENIUM_NAME="selenium_${DAG_RUN_ID:-$$}_$(date +%s)"; cleanup() {
  │   docker rm -f "$SELENIUM_NAME" >/dev/null 2>&1 || true; }; trap cleanup
  │   EXIT; docker run -d --rm --name "$SELENIUM_NAME" --shm-size=2g -e
  │   SE_NODE_MAX_SESSIONS=1 -e SE_NODE_OVERRIDE_MAX_SESSIONS=true
  │   selenium/standalone-chrome:latest >/dev/null; docker exec
  │   "$SELENIUM_NAME" bash -c "for i in \$(seq 1 60); do (echo >
  │   /dev/tcp/127.0.0.1/4444) >/dev/null 2>&1 && exit 0; sleep 1; done; exit
  │   1"; docker run --rm --network container:"$SELENIUM_NAME" -v
  │   /home/ubuntu/work/fisgon:/app -v
  │   /home/ubuntu/data_storage:/home/ubuntu/data_storage -v
  │   /home/ubuntu/work/event_flask_app/static/img:/home/ubuntu/work/event_fla
  │   sk_app/static/img -w /app -e OPERATION=0 -e DOCKER_CONFIG=/tmp/.docker
  │   -e HOME=/tmp -e TARGET_CITY -e TARGET_SCRAPER -e
  │   DAG_RUN_URL="${DAGU_BASE_URL:-}/dags/${DAG_NAME}?dagRunId=${DAG_RUN_ID}"
  │   -e
  │   DAG_RUN_LOG_URL="${DAGU_BASE_URL:-}/dags/${DAG_NAME}/log?remoteNode=loca
  │   l&step=tarea_1&dagRunId=${DAG_RUN_ID}" fisgon_scraper:1.0'
  │
  └─stdout: ... (24 more lines)
      {'id': 'a4c52541', 'show': 1, 'in_city': 1, 'one_day': 1,
      'wrong_date_time': 0, 'event': '¡corten! Una Comedia De Cine', 'slug':
      'corten-una-comedia-de-cine', 'category': '__NOT_DEFINIED__', 'id_venue':
      '7qHRF9LM', 'venue': 'Sala EMMA', 'std_venue': 'Sala Escuela Municipal de
      Música & Artes', 'start_date': '2026-04-25', 'start_time': '20:00:00',
      'end_date': '__NOT_FOUND__', 'end_time': '__NOT_FOUND__', 'description':
      'Sábado, 25 de Abril, 2026 8:00 PM 12.00 €', 'others': {}, 'source':
      'SalaEmma', 'exec_time': '20260303T092641', 'session':
      '2026_03_03_09_15_Martes', 'image':
      '/home/ubuntu/work/event_flask_app/static/img/7ff759dd.jpg', 'url':
      'https://entradasemma.azurewebsites.net/'}
      --------------------
      {'id': '6ef1a49c', 'show': 1, 'in_city': 1, 'one_day': 1,
      'wrong_date_time': 0, 'event': 'EDÉN SERRANO El Show', 'slug':
      'eden-serrano-el-show', 'category': '__NOT_DEFINIED__', 'id_venue':
      '7qHRF9LM', 'venue': 'Sala EMMA', 'std_venue': 'Sala Escuela Municipal de
      Música & Artes', 'start_date': '2026-03-06', 'start_time': '20:00:00',
      'end_date': '__NOT_FOUND__', 'end_time': '__NOT_FOUND__', 'description':
      'Viernes, 6 de Marzo, 2026 8:00 PM 12.00 €', 'others': {}, 'source':
      'SalaEmma', 'exec_time': '20260303T092641', 'session':
      '2026_03_03_09_15_Martes', 'image':
      '/home/ubuntu/work/event_flask_app/static/img/053bfdaa.jpg', 'url':
      'https://entradasemma.azurewebsites.net/'}
      --------------------
      {'id': 'd08fb1bc', 'show': 1, 'in_city': 1, 'one_day': 1,
      'wrong_date_time': 0, 'event': 'Menos Es Más (Alumnos Emma)', 'slug':
      'menos-es-mas-alumnos-emma', 'category': '__NOT_DEFINIED__', 'id_venue':
      '7qHRF9LM', 'venue': 'Sala EMMA', 'std_venue': 'Sala Escuela Municipal de
      Música & Artes', 'start_date': '2026-05-22', 'start_time': '20:00:00',
      'end_date': '__NOT_FOUND__', 'end_time': '__NOT_FOUND__', 'description':
      'Viernes, 22 de Mayo, 2026 8:00 PM 8.00 €', 'others': {}, 'source':
      'SalaEmma', 'exec_time': '20260303T092641', 'session':
      '2026_03_03_09_15_Martes', 'image':
      '/home/ubuntu/work/event_flask_app/static/img/c28940dc.jpg', 'url':
      'https://entradasemma.azurewebsites.net/'}
      --------------------
      {'id': '1240d0fb', 'show': 1, 'in_city': 1, 'one_day': 1,
      'wrong_date_time': 0, 'event': 'Manolo Lera', 'slug': 'manolo-lera',
      'category': '__NOT_DEFINIED__', 'id_venue': '7qHRF9LM', 'venue': 'Sala
      EMMA', 'std_venue': 'Sala Escuela Municipal de Música & Artes',
      'start_date': '2026-04-11', 'start_time': '20:00:00', 'end_date':
      '__NOT_FOUND__', 'end_time': '__NOT_FOUND__', 'description': 'Sábado, 11
      de Abril, 2026 8:00 PM 12.00 €', 'others': {}, 'source': 'SalaEmma',
      'exec_time': '20260303T092641', 'session': '2026_03_03_09_15_Martes',
      'image': '/home/ubuntu/work/event_flask_app/static/img/91967fab.jpg',
      'url': 'https://entradasemma.azurewebsites.net/'}
      --------------------
      {'id': '7ff118ce', 'show': 1, 'in_city': 1, 'one_day': 1,
      'wrong_date_time': 0, 'event': 'Humor De Casados (Mariano Ypunto Y La
      Nena)', 'slug': 'humor-de-casados-mariano-ypunto-y-la-nena', 'category':
      '__NOT_DEFINIED__', 'id_venue': '7qHRF9LM', 'venue': 'Sala EMMA',
      'std_venue': 'Sala Escuela Municipal de Música & Artes', 'start_date':
      '2026-06-13', 'start_time': '20:00:00', 'end_date': '__NOT_FOUND__',
      'end_time': '__NOT_FOUND__', 'description': 'Sábado, 13 de Junio, 2026
      8:00 PM 15.00 €', 'others': {}, 'source': 'SalaEmma', 'exec_time':
      '20260303T092641', 'session': '2026_03_03_09_15_Martes', 'image':
      '/home/ubuntu/work/event_flask_app/static/img/c612bdc6.jpg', 'url':
      'https://entradasemma.azurewebsites.net/'}
      --------------------
      {'id': '268d30c5', 'show': 1, 'in_city': 1, 'one_day': 1,
      'wrong_date_time': 0, 'event': 'Alvarito', 'slug': 'alvarito', 'category':
      '__NOT_DEFINIED__', 'id_venue': '7qHRF9LM', 'venue': 'Sala EMMA',
      'std_venue': 'Sala Escuela Municipal de Música & Artes', 'start_date':
      '2026-06-06', 'start_time': '20:00:00', 'end_date': '__NOT_FOUND__',
      'end_time': '__NOT_FOUND__', 'description': 'Sábado, 6 de Junio, 2026
      8:00 PM 12.00 €', 'others': {}, 'source': 'SalaEmma', 'exec_time':
      '20260303T092641', 'session': '2026_03_03_09_15_Martes', 'image':
      '/home/ubuntu/work/event_flask_app/static/img/6ac9ccd5.jpg', 'url':
      'https://entradasemma.azurewebsites.net/'}
      --------------------
      {'id': '40a5a51f', 'show': 1, 'in_city': 1, 'one_day': 1,
      'wrong_date_time': 0, 'event': 'El Mentalista Canalla', 'slug':
      'el-mentalista-canalla', 'category': '__NOT_DEFINIED__', 'id_venue':
      '7qHRF9LM', 'venue': 'Sala EMMA', 'std_venue': 'Sala Escuela Municipal de
      Música & Artes', 'start_date': '2026-04-24', 'start_time': '20:00:00',
      'end_date': '__NOT_FOUND__', 'end_time': '__NOT_FOUND__', 'description':
      'Viernes, 24 de Abril, 2026 8:00 PM 12.00 €', 'others': {}, 'source':
      'SalaEmma', 'exec_time': '20260303T092641', 'session':
      '2026_03_03_09_15_Martes', 'image':
      '/home/ubuntu/work/event_flask_app/static/img/a8e767ca.jpg', 'url':
      'https://entradasemma.azurewebsites.net/'}
      --------------------
      {'id': '53774f2a', 'show': 1, 'in_city': 1, 'one_day': 1,
      'wrong_date_time': 0, 'event': 'Rafa Tornado Punkústico', 'slug':
      'rafa-tornado-punkustico', 'category': '__NOT_DEFINIED__', 'id_venue':
      '7qHRF9LM', 'venue': 'Sala EMMA', 'std_venue': 'Sala Escuela Municipal de
      Música & Artes', 'start_date': '2026-03-15', 'start_time': '17:00:00',
      'end_date': '__NOT_FOUND__', 'end_time': '__NOT_FOUND__', 'description':
      'Domingo, 15 de Marzo, 2026 5:00 PM ENTRADA+CONSUMICIÓN 6.00 €',
      'others': {}, 'source': 'SalaEmma', 'exec_time': '20260303T092641',
      'session': '2026_03_03_09_15_Martes', 'image':
      '/home/ubuntu/work/event_flask_app/static/img/ea92ddc6.jpg', 'url':
      'https://entradasemma.azurewebsites.net/'}
      --------------------
      {'id': '6d6ba620', 'show': 1, 'in_city': 1, 'one_day': 1,
      'wrong_date_time': 0, 'event': 'Kikín Fernández Y Fernando Labordeta',
      'slug': 'kikin-fernandez-y-fernando-labordeta', 'category':
      '__NOT_DEFINIED__', 'id_venue': '7qHRF9LM', 'venue': 'Sala EMMA',
      'std_venue': 'Sala Escuela Municipal de Música & Artes', 'start_date':
      '2026-05-16', 'start_time': '20:00:00', 'end_date': '__NOT_FOUND__',
      'end_time': '__NOT_FOUND__', 'description': 'Sábado, 16 de Mayo, 2026
      8:00 PM 12.00 €', 'others': {}, 'source': 'SalaEmma', 'exec_time':
      '20260303T092641', 'session': '2026_03_03_09_15_Martes', 'image':
      '/home/ubuntu/work/event_flask_app/static/img/59a89af0.jpg', 'url':
      'https://entradasemma.azurewebsites.net/'}
      --------------------
      {'id': '41e349f7', 'show': 1, 'in_city': 1, 'one_day': 1,
      'wrong_date_time': 0, 'event': 'Pepe El Caja', 'slug': 'pepe-el-caja',
      'category': '__NOT_DEFINIED__', 'id_venue': '7qHRF9LM', 'venue': 'Sala
      EMMA', 'std_venue': 'Sala Escuela Municipal de Música & Artes',
      'start_date': '2026-05-23', 'start_time': '20:00:00', 'end_date':
      '__NOT_FOUND__', 'end_time': '__NOT_FOUND__', 'description': 'Sábado, 23
      de Mayo, 2026 8:00 PM 15.00 €', 'others': {}, 'source': 'SalaEmma',
      'exec_time': '20260303T092641', 'session': '2026_03_03_09_15_Martes',
      'image': '/home/ubuntu/work/event_flask_app/static/img/427017db.jpg',
      'url': 'https://entradasemma.azurewebsites.net/'}
      --------------------
      {'id': '11fff8da', 'show': 1, 'in_city': 1, 'one_day': 1,
      'wrong_date_time': 0, 'event': 'Taller Más Allá De La Voz', 'slug':
      'taller-mas-alla-de-la-voz', 'category': '__NOT_DEFINIED__', 'id_venue':
      '7qHRF9LM', 'venue': 'Sala EMMA', 'std_venue': 'Sala Escuela Municipal de
      Música & Artes', 'start_date': '2026-03-21', 'start_time': '09:00:00',
      'end_date': '__NOT_FOUND__', 'end_time': '__NOT_FOUND__', 'description':
      'Sábado, 21 de Marzo, 2026 9:00 AM Más allá de la voz es un taller
      intensivo dirigido a cantantes que desean profundizar en la
      interpretación emocional y la presencia escénica, transformando sus
      canciones en experiencias auténticas para el público.\nA lo largo del
      taller se trabaja la canción desde dentro: la letra, la intención y la
      emoción, integrando la técnica vocal con recursos expresivos y
      escénicos. El objetivo es que el cantante no solo cante correctamente,
      sino que comunique, emocione y conecte desde un lugar verdadero y
      consciente sobre el escenario. 45.00 €', 'others': {}, 'source':
      'SalaEmma', 'exec_time': '20260303T092641', 'session':
      '2026_03_03_09_15_Martes', 'image':
      '/home/ubuntu/work/event_flask_app/static/img/073e778d.jpg', 'url':
      'https://entradasemma.azurewebsites.net/'}
      --------------------
      {'id': '36345bf6', 'show': 1, 'in_city': 1, 'one_day': 1,
      'wrong_date_time': 0, 'event': '¡comedia! “Malas Y Maldecías Tocata Y
      Fuga”', 'slug': 'comedia-malas-y-maldecias-tocata-y-fuga', 'category':
      '__NOT_DEFINIED__', 'id_venue': '7qHRF9LM', 'venue': 'Sala EMMA',
      'std_venue': 'Sala Escuela Municipal de Música & Artes', 'start_date':
      '2026-03-07', 'start_time': '20:00:00', 'end_date': '__NOT_FOUND__',
      'end_time': '__NOT_FOUND__', 'description': 'Sábado, 7 de Marzo, 2026
      8:00 PM 12.00 €', 'others': {}, 'source': 'SalaEmma', 'exec_time':
      '20260303T092641', 'session': '2026_03_03_09_15_Martes', 'image':
      '/home/ubuntu/work/event_flask_app/static/img/d92bce9f.jpg', 'url':
      'https://entradasemma.azurewebsites.net/'}
      --------------------
      {'id': '62bb0558', 'show': 1, 'in_city': 1, 'one_day': 1,
      'wrong_date_time': 0, 'event': 'Victor Castigao Descontrolao', 'slug':
      'victor-castigao-descontrolao', 'category': '__NOT_DEFINIED__',
      'id_venue': '7qHRF9LM', 'venue': 'Sala EMMA', 'std_venue': 'Sala Escuela
      Municipal de Música & Artes', 'start_date': '2026-04-18', 'start_time':
      '20:00:00', 'end_date': '__NOT_FOUND__', 'end_time': '__NOT_FOUND__',
      'description': 'Sábado, 18 de Abril, 2026 8:00 PM 12.00 €', 'others':
      {}, 'source': 'SalaEmma', 'exec_time': '20260303T092641', 'session':
      '2026_03_03_09_15_Martes', 'image':
      '/home/ubuntu/work/event_flask_app/static/img/61bc93ef.jpg', 'url':
      'https://entradasemma.azurewebsites.net/'}
      Checking unique event dict.
      Reading /home/ubuntu/data_storage/Almeria/00_master/master_events.json...
      *******
      [('Rafa Tornado Punkústico', 'Sala EMMA', '2026-03-15', '17:00:00'),
      ('¡corten! Una Comedia De Cine', 'Sala EMMA', '2026-04-25', '20:00:00'),
      ('Melocotón en Almíbar', 'Sala EMMA', '2026-05-09', '20:00:00'),
      ('Kikín Fernández Y Fernando Labordeta', 'Sala EMMA', '2026-05-16',
      '20:00:00'), ('Menos Es Más', 'Sala EMMA', '2026-05-22', '20:00:00'),
      ('Pepe El Caja', 'Sala EMMA', '2026-05-23', '20:00:00'), ('Alvarito',
      'Sala EMMA', '2026-06-06', '20:00:00'), ('Humor De Casados (Mariano Ypunto
      Y La Nena)', 'Sala EMMA', '2026-06-13', '20:00:00')]
      ('Melocotón en Almíbar', 'Sala EMMA', '2026-05-09', '20:00:00')
      ('Christian Garcia (10 Años Dando Guerra)', 'Sala EMMA', '2026-03-14',
      '20:00:00')
      ('Menos Es Más', 'Sala EMMA', '2026-05-22', '20:00:00')
      ('¡corten! Una Comedia De Cine', 'Sala EMMA', '2026-04-25', '20:00:00')
      ('EDÉN SERRANO El Show', 'Sala EMMA', '2026-03-06', '20:00:00')
      ('Menos Es Más (Alumnos Emma)', 'Sala EMMA', '2026-05-22', '20:00:00')
      ('Manolo Lera', 'Sala EMMA', '2026-04-11', '20:00:00')
      ('Humor De Casados (Mariano Ypunto Y La Nena)', 'Sala EMMA', '2026-06-13',
      '20:00:00')
      ('Alvarito', 'Sala EMMA', '2026-06-06', '20:00:00')
      ('El Mentalista Canalla', 'Sala EMMA', '2026-04-24', '20:00:00')
      ('Rafa Tornado Punkústico', 'Sala EMMA', '2026-03-15', '17:00:00')
      ('Kikín Fernández Y Fernando Labordeta', 'Sala EMMA', '2026-05-16',
      '20:00:00')
      ('Pepe El Caja', 'Sala EMMA', '2026-05-23', '20:00:00')
      ('Taller Más Allá De La Voz', 'Sala EMMA', '2026-03-21', '09:00:00')
      ('¡comedia! “Malas Y Maldecías Tocata Y Fuga”', 'Sala EMMA',
      '2026-03-07', '20:00:00')
      ('Victor Castigao Descontrolao', 'Sala EMMA', '2026-04-18', '20:00:00')
      ****************************
      Saving 8 new events
      Saving in
      /home/ubuntu/data_storage/Almeria/2026_03_03_09_15_Martes/0_raw/20260303_0
      926_SalaEmma.json
      Saving 8 master url
      Appending to  /home/ubuntu/data_storage/Almeria/00_master/master_url.json

Result: Succeeded

