time=2026-03-03T09:16:00.728Z level=INFO msg="Executing root dag-run" dag=FisgonTaskRequest run-id=019cb2fb-9f57-72d0-9ef8-631244a5f608 params=""
time=2026-03-03T09:16:00.742Z level=INFO msg="DAG run started" name=FisgonTaskRequest run-id=019cb2fb-9f57-72d0-9ef8-631244a5f608 attempt-id="" dag=FisgonTaskRequest run-id=019cb2fb-9f57-72d0-9ef8-631244a5f608 params="[TARGET_CITY=Almeria TARGET_SCRAPER=KuverProducciones 3=DAGU_BASE_URL=]"
time=2026-03-03T09:16:00.745Z level=INFO msg="Step started" name=FisgonTaskRequest run-id=019cb2fb-9f57-72d0-9ef8-631244a5f608 attempt-id="" dag=FisgonTaskRequest run-id=019cb2fb-9f57-72d0-9ef8-631244a5f608 step=tarea_1
time=2026-03-03T09:16:05.993Z level=INFO msg="DAG run finished" name=FisgonTaskRequest run-id=019cb2fb-9f57-72d0-9ef8-631244a5f608 attempt-id="" dag=FisgonTaskRequest run-id=019cb2fb-9f57-72d0-9ef8-631244a5f608 status=succeeded started-at=2026-03-03T09:16:00Z finished-at=2026-03-03T09:16:05Z
time=2026-03-03T09:16:06.029Z level=INFO msg="Executing root dag-run" dag=FisgonTaskRequest run-id=019cb2fb-b40c-732f-bd3f-89ac533810b3 params=""
time=2026-03-03T09:16:06.042Z level=INFO msg="DAG run started" name=FisgonTaskRequest run-id=019cb2fb-b40c-732f-bd3f-89ac533810b3 attempt-id="" dag=FisgonTaskRequest run-id=019cb2fb-b40c-732f-bd3f-89ac533810b3 params="[TARGET_CITY=Almeria TARGET_SCRAPER=SalaBerlin 3=DAGU_BASE_URL=]"
time=2026-03-03T09:16:06.045Z level=INFO msg="Step started" name=FisgonTaskRequest run-id=019cb2fb-b40c-732f-bd3f-89ac533810b3 attempt-id="" dag=FisgonTaskRequest run-id=019cb2fb-b40c-732f-bd3f-89ac533810b3 step=tarea_1
time=2026-03-03T09:16:10.461Z level=INFO msg="DAG run finished" name=FisgonTaskRequest run-id=019cb2fb-b40c-732f-bd3f-89ac533810b3 attempt-id="" dag=FisgonTaskRequest run-id=019cb2fb-b40c-732f-bd3f-89ac533810b3 status=succeeded started-at=2026-03-03T09:16:06Z finished-at=2026-03-03T09:16:10Z
time=2026-03-03T09:16:10.499Z level=INFO msg="Executing root dag-run" dag=FisgonTaskRequest run-id=019cb2fb-c581-7ec0-9a0e-8df390df1882 params=""
time=2026-03-03T09:16:10.512Z level=INFO msg="DAG run started" name=FisgonTaskRequest run-id=019cb2fb-c581-7ec0-9a0e-8df390df1882 attempt-id="" dag=FisgonTaskRequest run-id=019cb2fb-c581-7ec0-9a0e-8df390df1882 params="[TARGET_CITY=Almeria TARGET_SCRAPER=LaGuajira 3=DAGU_BASE_URL=]"
time=2026-03-03T09:16:10.515Z level=INFO msg="Step started" name=FisgonTaskRequest run-id=019cb2fb-c581-7ec0-9a0e-8df390df1882 attempt-id="" dag=FisgonTaskRequest run-id=019cb2fb-c581-7ec0-9a0e-8df390df1882 step=tarea_1
time=2026-03-03T09:17:08.123Z level=INFO msg="DAG run finished" name=FisgonTaskRequest run-id=019cb2fb-c581-7ec0-9a0e-8df390df1882 attempt-id="" dag=FisgonTaskRequest run-id=019cb2fb-c581-7ec0-9a0e-8df390df1882 status=succeeded started-at=2026-03-03T09:16:10Z finished-at=2026-03-03T09:17:08Z
time=2026-03-03T09:17:08.162Z level=INFO msg="Executing root dag-run" dag=FisgonTaskRequest run-id=019cb2fc-a6c0-7e32-8933-9b65f9bf1f70 params=""
time=2026-03-03T09:17:08.174Z level=INFO msg="DAG run started" name=FisgonTaskRequest run-id=019cb2fc-a6c0-7e32-8933-9b65f9bf1f70 attempt-id="" dag=FisgonTaskRequest run-id=019cb2fc-a6c0-7e32-8933-9b65f9bf1f70 params="[TARGET_CITY=Almeria TARGET_SCRAPER=ConciertosClub 3=DAGU_BASE_URL=]"
time=2026-03-03T09:17:08.178Z level=INFO msg="Step started" name=FisgonTaskRequest run-id=019cb2fc-a6c0-7e32-8933-9b65f9bf1f70 attempt-id="" dag=FisgonTaskRequest run-id=019cb2fc-a6c0-7e32-8933-9b65f9bf1f70 step=tarea_1
time=2026-03-03T09:17:11.793Z level=INFO msg="DAG run finished" name=FisgonTaskRequest run-id=019cb2fc-a6c0-7e32-8933-9b65f9bf1f70 attempt-id="" dag=FisgonTaskRequest run-id=019cb2fc-a6c0-7e32-8933-9b65f9bf1f70 status=succeeded started-at=2026-03-03T09:17:08Z finished-at=2026-03-03T09:17:11Z
time=2026-03-03T09:17:11.830Z level=INFO msg="Executing root dag-run" dag=FisgonTaskRequest run-id=019cb2fc-b514-7882-81d0-7ff31130fd0f params=""
time=2026-03-03T09:17:11.842Z level=INFO msg="DAG run started" name=FisgonTaskRequest run-id=019cb2fc-b514-7882-81d0-7ff31130fd0f attempt-id="" dag=FisgonTaskRequest run-id=019cb2fc-b514-7882-81d0-7ff31130fd0f params="[TARGET_CITY=Almeria TARGET_SCRAPER=LaPlaza 3=DAGU_BASE_URL=]"
time=2026-03-03T09:17:11.845Z level=INFO msg="Step started" name=FisgonTaskRequest run-id=019cb2fc-b514-7882-81d0-7ff31130fd0f attempt-id="" dag=FisgonTaskRequest run-id=019cb2fc-b514-7882-81d0-7ff31130fd0f step=tarea_1
time=2026-03-03T09:17:12.559Z level=INFO msg="DAG run finished" name=FisgonTaskRequest run-id=019cb2fc-b514-7882-81d0-7ff31130fd0f attempt-id="" dag=FisgonTaskRequest run-id=019cb2fc-b514-7882-81d0-7ff31130fd0f status=failed started-at=2026-03-03T09:17:11Z finished-at=2026-03-03T09:17:12Z
time=2026-03-03T09:17:12.574Z level=ERROR msg="Failed to execute dag-run" dag=FisgonTaskRequest run-id=019cb2fc-b514-7882-81d0-7ff31130fd0f err="failed to execute step \"tarea_1\": exit status 1\nrecent stderr (tail):\nTraceback (most recent call last):\n  File \"/app/run.py\", line 124, in <module>\n    raise ValueError(\nValueError: Scraper 'LaPlaza' not found. Available: ['AlmeriaCiudad', 'AlmeriaTurismo', 'JuntaAndaluciaAgenda', 'KuverProducciones', 'SalaBerlin', 'LaGuajira', 'ClassicJazz', 'ConciertosClub', 'FlowteTaquillaCultural', 'Entradium', 'TodasLasEntradas', 'RedBibliotecas', 'SalaEmma', 'JacksonLive', 'BibliotecaAgenda']\n"
Error: failed to execute the dag-run FisgonTaskRequest (dag-run ID: 019cb2fc-b514-7882-81d0-7ff31130fd0f): failed to execute step "tarea_1": exit status 1
recent stderr (tail):
Traceback (most recent call last):
  File "/app/run.py", line 124, in <module>
    raise ValueError(
ValueError: Scraper 'LaPlaza' not found. Available: ['AlmeriaCiudad', 'AlmeriaTurismo', 'JuntaAndaluciaAgenda', 'KuverProducciones', 'SalaBerlin', 'LaGuajira', 'ClassicJazz', 'ConciertosClub', 'FlowteTaquillaCultural', 'Entradium', 'TodasLasEntradas', 'RedBibliotecas', 'SalaEmma', 'JacksonLive', 'BibliotecaAgenda']

time=2026-03-03T09:17:12.601Z level=INFO msg="Executing root dag-run" dag=FisgonTaskRequest run-id=019cb2fc-b817-7d5e-980e-55b49af2fea5 params=""
time=2026-03-03T09:17:12.613Z level=INFO msg="DAG run started" name=FisgonTaskRequest run-id=019cb2fc-b817-7d5e-980e-55b49af2fea5 attempt-id="" dag=FisgonTaskRequest run-id=019cb2fc-b817-7d5e-980e-55b49af2fea5 params="[TARGET_CITY=Almeria TARGET_SCRAPER=JacksonLive 3=DAGU_BASE_URL=]"
time=2026-03-03T09:17:12.617Z level=INFO msg="Step started" name=FisgonTaskRequest run-id=019cb2fc-b817-7d5e-980e-55b49af2fea5 attempt-id="" dag=FisgonTaskRequest run-id=019cb2fc-b817-7d5e-980e-55b49af2fea5 step=tarea_1
time=2026-03-03T09:17:15.941Z level=INFO msg="DAG run finished" name=FisgonTaskRequest run-id=019cb2fc-b817-7d5e-980e-55b49af2fea5 attempt-id="" dag=FisgonTaskRequest run-id=019cb2fc-b817-7d5e-980e-55b49af2fea5 status=succeeded started-at=2026-03-03T09:17:12Z finished-at=2026-03-03T09:17:15Z
time=2026-03-03T09:17:15.983Z level=INFO msg="Executing root dag-run" dag=FisgonTaskRequest run-id=019cb2fc-c54e-75b0-9960-8eb72732e8ff params=""
time=2026-03-03T09:17:15.996Z level=INFO msg="DAG run started" name=FisgonTaskRequest run-id=019cb2fc-c54e-75b0-9960-8eb72732e8ff attempt-id="" dag=FisgonTaskRequest run-id=019cb2fc-c54e-75b0-9960-8eb72732e8ff params="[TARGET_CITY=Almeria TARGET_SCRAPER=BibliotecaAgenda 3=DAGU_BASE_URL=]"
time=2026-03-03T09:17:16.000Z level=INFO msg="Step started" name=FisgonTaskRequest run-id=019cb2fc-c54e-75b0-9960-8eb72732e8ff attempt-id="" dag=FisgonTaskRequest run-id=019cb2fc-c54e-75b0-9960-8eb72732e8ff step=tarea_1
time=2026-03-03T09:17:57.047Z level=INFO msg="DAG run finished" name=FisgonTaskRequest run-id=019cb2fc-c54e-75b0-9960-8eb72732e8ff attempt-id="" dag=FisgonTaskRequest run-id=019cb2fc-c54e-75b0-9960-8eb72732e8ff status=succeeded started-at=2026-03-03T09:17:15Z finished-at=2026-03-03T09:17:57Z
