time=2026-03-03T09:17:57.110Z level=INFO msg="Executing root dag-run" dag=FisgonTaskSelenium run-id=019cb2fd-65f3-7b0c-9b01-4b279a2a7bae params=""
time=2026-03-03T09:17:57.123Z level=INFO msg="DAG run started" name=FisgonTaskSelenium run-id=019cb2fd-65f3-7b0c-9b01-4b279a2a7bae attempt-id="" dag=FisgonTaskSelenium run-id=019cb2fd-65f3-7b0c-9b01-4b279a2a7bae params="[TARGET_CITY=Almeria TARGET_SCRAPER=AlmeriaCiudad 3=DAGU_BASE_URL=]"
time=2026-03-03T09:17:57.127Z level=INFO msg="Step started" name=FisgonTaskSelenium run-id=019cb2fd-65f3-7b0c-9b01-4b279a2a7bae attempt-id="" dag=FisgonTaskSelenium run-id=019cb2fd-65f3-7b0c-9b01-4b279a2a7bae step=tarea_1
time=2026-03-03T09:18:35.735Z level=INFO msg="DAG run finished" name=FisgonTaskSelenium run-id=019cb2fd-65f3-7b0c-9b01-4b279a2a7bae attempt-id="" dag=FisgonTaskSelenium run-id=019cb2fd-65f3-7b0c-9b01-4b279a2a7bae status=succeeded started-at=2026-03-03T09:17:57Z finished-at=2026-03-03T09:18:35Z
time=2026-03-03T09:18:35.794Z level=INFO msg="Executing root dag-run" dag=FisgonTaskSelenium run-id=019cb2fd-fd0b-738f-824f-ea5f69f3dd22 params=""
time=2026-03-03T09:18:35.807Z level=INFO msg="DAG run started" name=FisgonTaskSelenium run-id=019cb2fd-fd0b-738f-824f-ea5f69f3dd22 attempt-id="" dag=FisgonTaskSelenium run-id=019cb2fd-fd0b-738f-824f-ea5f69f3dd22 params="[TARGET_CITY=Almeria TARGET_SCRAPER=AlmeriaTurismo 3=DAGU_BASE_URL=]"
time=2026-03-03T09:18:35.809Z level=INFO msg="Step started" name=FisgonTaskSelenium run-id=019cb2fd-fd0b-738f-824f-ea5f69f3dd22 attempt-id="" dag=FisgonTaskSelenium run-id=019cb2fd-fd0b-738f-824f-ea5f69f3dd22 step=tarea_1
time=2026-03-03T09:19:14.000Z level=INFO msg="DAG run finished" name=FisgonTaskSelenium run-id=019cb2fd-fd0b-738f-824f-ea5f69f3dd22 attempt-id="" dag=FisgonTaskSelenium run-id=019cb2fd-fd0b-738f-824f-ea5f69f3dd22 status=succeeded started-at=2026-03-03T09:18:35Z finished-at=2026-03-03T09:19:14Z
time=2026-03-03T09:19:14.059Z level=INFO msg="Executing root dag-run" dag=FisgonTaskSelenium run-id=019cb2fe-9287-714e-b4a1-4aaed7b2b6b1 params=""
time=2026-03-03T09:19:14.068Z level=INFO msg="DAG run started" name=FisgonTaskSelenium run-id=019cb2fe-9287-714e-b4a1-4aaed7b2b6b1 attempt-id="" dag=FisgonTaskSelenium run-id=019cb2fe-9287-714e-b4a1-4aaed7b2b6b1 params="[TARGET_CITY=Almeria TARGET_SCRAPER=JuntaAndaluciaAgenda 3=DAGU_BASE_URL=]"
time=2026-03-03T09:19:14.069Z level=INFO msg="Step started" name=FisgonTaskSelenium run-id=019cb2fe-9287-714e-b4a1-4aaed7b2b6b1 attempt-id="" dag=FisgonTaskSelenium run-id=019cb2fe-9287-714e-b4a1-4aaed7b2b6b1 step=tarea_1
time=2026-03-03T09:20:46.267Z level=INFO msg="DAG run finished" name=FisgonTaskSelenium run-id=019cb2fe-9287-714e-b4a1-4aaed7b2b6b1 attempt-id="" dag=FisgonTaskSelenium run-id=019cb2fe-9287-714e-b4a1-4aaed7b2b6b1 status=succeeded started-at=2026-03-03T09:19:14Z finished-at=2026-03-03T09:20:46Z
time=2026-03-03T09:20:46.309Z level=INFO msg="Executing root dag-run" dag=FisgonTaskSelenium run-id=019cb2ff-fae3-7a8c-b180-24cfbbfa967d params=""
time=2026-03-03T09:20:46.322Z level=INFO msg="DAG run started" name=FisgonTaskSelenium run-id=019cb2ff-fae3-7a8c-b180-24cfbbfa967d attempt-id="" dag=FisgonTaskSelenium run-id=019cb2ff-fae3-7a8c-b180-24cfbbfa967d params="[TARGET_CITY=Almeria TARGET_SCRAPER=ClassicJazz 3=DAGU_BASE_URL=]"
time=2026-03-03T09:20:46.325Z level=INFO msg="Step started" name=FisgonTaskSelenium run-id=019cb2ff-fae3-7a8c-b180-24cfbbfa967d attempt-id="" dag=FisgonTaskSelenium run-id=019cb2ff-fae3-7a8c-b180-24cfbbfa967d step=tarea_1
time=2026-03-03T09:21:44.991Z level=INFO msg="DAG run finished" name=FisgonTaskSelenium run-id=019cb2ff-fae3-7a8c-b180-24cfbbfa967d attempt-id="" dag=FisgonTaskSelenium run-id=019cb2ff-fae3-7a8c-b180-24cfbbfa967d status=succeeded started-at=2026-03-03T09:20:46Z finished-at=2026-03-03T09:21:44Z
time=2026-03-03T09:21:45.025Z level=INFO msg="Executing root dag-run" dag=FisgonTaskSelenium run-id=019cb300-e03f-76b4-a1e5-cc9c81351b6b params=""
time=2026-03-03T09:21:45.032Z level=INFO msg="DAG run started" name=FisgonTaskSelenium run-id=019cb300-e03f-76b4-a1e5-cc9c81351b6b attempt-id="" dag=FisgonTaskSelenium run-id=019cb300-e03f-76b4-a1e5-cc9c81351b6b params="[TARGET_CITY=Almeria TARGET_SCRAPER=FlowteTaquillaCultural 3=DAGU_BASE_URL=]"
time=2026-03-03T09:21:45.033Z level=INFO msg="Step started" name=FisgonTaskSelenium run-id=019cb300-e03f-76b4-a1e5-cc9c81351b6b attempt-id="" dag=FisgonTaskSelenium run-id=019cb300-e03f-76b4-a1e5-cc9c81351b6b step=tarea_1
time=2026-03-03T09:25:43.887Z level=INFO msg="DAG run finished" name=FisgonTaskSelenium run-id=019cb300-e03f-76b4-a1e5-cc9c81351b6b attempt-id="" dag=FisgonTaskSelenium run-id=019cb300-e03f-76b4-a1e5-cc9c81351b6b status=succeeded started-at=2026-03-03T09:21:45Z finished-at=2026-03-03T09:25:43Z
time=2026-03-03T09:25:43.953Z level=INFO msg="Executing root dag-run" dag=FisgonTaskSelenium run-id=019cb304-858e-775f-9cd4-cb3101784fd3 params=""
time=2026-03-03T09:25:43.967Z level=INFO msg="DAG run started" name=FisgonTaskSelenium run-id=019cb304-858e-775f-9cd4-cb3101784fd3 attempt-id="" dag=FisgonTaskSelenium run-id=019cb304-858e-775f-9cd4-cb3101784fd3 params="[TARGET_CITY=Almeria TARGET_SCRAPER=Entradium 3=DAGU_BASE_URL=]"
time=2026-03-03T09:25:43.971Z level=INFO msg="Step started" name=FisgonTaskSelenium run-id=019cb304-858e-775f-9cd4-cb3101784fd3 attempt-id="" dag=FisgonTaskSelenium run-id=019cb304-858e-775f-9cd4-cb3101784fd3 step=tarea_1
time=2026-03-03T09:26:20.924Z level=INFO msg="DAG run finished" name=FisgonTaskSelenium run-id=019cb304-858e-775f-9cd4-cb3101784fd3 attempt-id="" dag=FisgonTaskSelenium run-id=019cb304-858e-775f-9cd4-cb3101784fd3 status=succeeded started-at=2026-03-03T09:25:43Z finished-at=2026-03-03T09:26:20Z
time=2026-03-03T09:26:20.982Z level=INFO msg="Executing root dag-run" dag=FisgonTaskSelenium run-id=019cb305-1634-7255-a5d6-f3c806685cf6 params=""
time=2026-03-03T09:26:20.992Z level=INFO msg="DAG run started" name=FisgonTaskSelenium run-id=019cb305-1634-7255-a5d6-f3c806685cf6 attempt-id="" dag=FisgonTaskSelenium run-id=019cb305-1634-7255-a5d6-f3c806685cf6 params="[TARGET_CITY=Almeria TARGET_SCRAPER=TodasLasEntradas 3=DAGU_BASE_URL=]"
time=2026-03-03T09:26:20.993Z level=INFO msg="Step started" name=FisgonTaskSelenium run-id=019cb305-1634-7255-a5d6-f3c806685cf6 attempt-id="" dag=FisgonTaskSelenium run-id=019cb305-1634-7255-a5d6-f3c806685cf6 step=tarea_1
time=2026-03-03T09:26:29.114Z level=INFO msg="DAG run finished" name=FisgonTaskSelenium run-id=019cb305-1634-7255-a5d6-f3c806685cf6 attempt-id="" dag=FisgonTaskSelenium run-id=019cb305-1634-7255-a5d6-f3c806685cf6 status=succeeded started-at=2026-03-03T09:26:20Z finished-at=2026-03-03T09:26:29Z
time=2026-03-03T09:26:29.158Z level=INFO msg="Executing root dag-run" dag=FisgonTaskSelenium run-id=019cb305-3624-7523-af28-83b413e08a59 params=""
time=2026-03-03T09:26:29.171Z level=INFO msg="DAG run started" name=FisgonTaskSelenium run-id=019cb305-3624-7523-af28-83b413e08a59 attempt-id="" dag=FisgonTaskSelenium run-id=019cb305-3624-7523-af28-83b413e08a59 params="[TARGET_CITY=Almeria TARGET_SCRAPER=RedBibliotecas 3=DAGU_BASE_URL=]"
time=2026-03-03T09:26:29.174Z level=INFO msg="Step started" name=FisgonTaskSelenium run-id=019cb305-3624-7523-af28-83b413e08a59 attempt-id="" dag=FisgonTaskSelenium run-id=019cb305-3624-7523-af28-83b413e08a59 step=tarea_1
time=2026-03-03T09:26:37.115Z level=INFO msg="DAG run finished" name=FisgonTaskSelenium run-id=019cb305-3624-7523-af28-83b413e08a59 attempt-id="" dag=FisgonTaskSelenium run-id=019cb305-3624-7523-af28-83b413e08a59 status=succeeded started-at=2026-03-03T09:26:29Z finished-at=2026-03-03T09:26:37Z
time=2026-03-03T09:26:37.157Z level=INFO msg="Executing root dag-run" dag=FisgonTaskSelenium run-id=019cb305-5563-7a55-8138-629628360c3b params=""
time=2026-03-03T09:26:37.171Z level=INFO msg="DAG run started" name=FisgonTaskSelenium run-id=019cb305-5563-7a55-8138-629628360c3b attempt-id="" dag=FisgonTaskSelenium run-id=019cb305-5563-7a55-8138-629628360c3b params="[TARGET_CITY=Almeria TARGET_SCRAPER=SalaEmma 3=DAGU_BASE_URL=]"
time=2026-03-03T09:26:37.174Z level=INFO msg="Step started" name=FisgonTaskSelenium run-id=019cb305-5563-7a55-8138-629628360c3b attempt-id="" dag=FisgonTaskSelenium run-id=019cb305-5563-7a55-8138-629628360c3b step=tarea_1
time=2026-03-03T09:26:56.071Z level=INFO msg="DAG run finished" name=FisgonTaskSelenium run-id=019cb305-5563-7a55-8138-629628360c3b attempt-id="" dag=FisgonTaskSelenium run-id=019cb305-5563-7a55-8138-629628360c3b status=succeeded started-at=2026-03-03T09:26:37Z finished-at=2026-03-03T09:26:56Z
