time=2026-03-27T22:57:13.141Z level=INFO msg="Executing root dag-run" dag=FisgonTaskRequest run-id=019d3184-15b3-7724-be88-3119cca3bae8 params=""
time=2026-03-27T22:57:13.154Z level=ERROR msg="Failed to remove log file" name=FisgonTaskRequest run-id=019d3184-15b3-7724-be88-3119cca3bae8 attempt-id="" err="remove /var/lib/dagu/logs/FisgonTaskRequest/dag-run_20260224_183325Z_019c90ed-6eae-72ee-afc5-43686ceda418/dag-run_20260224.183325.428.019c90ed.log: no such file or directory" run-id=019c90ed-6eae-72ee-afc5-43686ceda418 file=/var/lib/dagu/logs/FisgonTaskRequest/dag-run_20260224_183325Z_019c90ed-6eae-72ee-afc5-43686ceda418/dag-run_20260224.183325.428.019c90ed.log
time=2026-03-27T22:57:13.163Z level=ERROR msg="Failed to remove log file" name=FisgonTaskRequest run-id=019d3184-15b3-7724-be88-3119cca3bae8 attempt-id="" err="remove /var/lib/dagu/logs/FisgonTaskRequest/dag-run_20260224_183108Z_019c90eb-5640-7018-93ac-f1aee9901215/dag-run_20260224.183108.101.019c90eb.log: no such file or directory" run-id=019c90eb-5640-7018-93ac-f1aee9901215 file=/var/lib/dagu/logs/FisgonTaskRequest/dag-run_20260224_183108Z_019c90eb-5640-7018-93ac-f1aee9901215/dag-run_20260224.183108.101.019c90eb.log
time=2026-03-27T22:57:13.179Z level=ERROR msg="Failed to remove log file" name=FisgonTaskRequest run-id=019d3184-15b3-7724-be88-3119cca3bae8 attempt-id="" err="remove /var/lib/dagu/logs/FisgonTaskRequest/dag-run_20260224_180509Z_019c90d3-8fba-742e-be43-d1cb2b88bb7f/dag-run_20260224.180509.951.019c90d3.log: no such file or directory" run-id=019c90d3-8fba-742e-be43-d1cb2b88bb7f file=/var/lib/dagu/logs/FisgonTaskRequest/dag-run_20260224_180509Z_019c90d3-8fba-742e-be43-d1cb2b88bb7f/dag-run_20260224.180509.951.019c90d3.log
time=2026-03-27T22:57:13.199Z level=INFO msg="DAG run started" name=FisgonTaskRequest run-id=019d3184-15b3-7724-be88-3119cca3bae8 attempt-id="" dag=FisgonTaskRequest run-id=019d3184-15b3-7724-be88-3119cca3bae8 params="[TARGET_CITY=Almeria TARGET_SCRAPER=KuverProducciones 3=DAGU_BASE_URL=]"
time=2026-03-27T22:57:13.202Z level=INFO msg="Step started" name=FisgonTaskRequest run-id=019d3184-15b3-7724-be88-3119cca3bae8 attempt-id="" dag=FisgonTaskRequest run-id=019d3184-15b3-7724-be88-3119cca3bae8 step=tarea_1
time=2026-03-27T22:57:34.995Z level=INFO msg="DAG run finished" name=FisgonTaskRequest run-id=019d3184-15b3-7724-be88-3119cca3bae8 attempt-id="" dag=FisgonTaskRequest run-id=019d3184-15b3-7724-be88-3119cca3bae8 status=succeeded started-at=2026-03-27T22:57:13Z finished-at=2026-03-27T22:57:34Z
time=2026-03-27T22:57:35.031Z level=INFO msg="Executing root dag-run" dag=FisgonTaskRequest run-id=019d3184-6b35-7cfb-9eef-ec0a4c3265ac params=""
time=2026-03-27T22:57:35.044Z level=INFO msg="DAG run started" name=FisgonTaskRequest run-id=019d3184-6b35-7cfb-9eef-ec0a4c3265ac attempt-id="" dag=FisgonTaskRequest run-id=019d3184-6b35-7cfb-9eef-ec0a4c3265ac params="[TARGET_CITY=Almeria TARGET_SCRAPER=SalaBerlin 3=DAGU_BASE_URL=]"
time=2026-03-27T22:57:35.047Z level=INFO msg="Step started" name=FisgonTaskRequest run-id=019d3184-6b35-7cfb-9eef-ec0a4c3265ac attempt-id="" dag=FisgonTaskRequest run-id=019d3184-6b35-7cfb-9eef-ec0a4c3265ac step=tarea_1
time=2026-03-27T22:57:38.090Z level=INFO msg="DAG run finished" name=FisgonTaskRequest run-id=019d3184-6b35-7cfb-9eef-ec0a4c3265ac attempt-id="" dag=FisgonTaskRequest run-id=019d3184-6b35-7cfb-9eef-ec0a4c3265ac status=succeeded started-at=2026-03-27T22:57:35Z finished-at=2026-03-27T22:57:38Z
time=2026-03-27T22:57:38.127Z level=INFO msg="Executing root dag-run" dag=FisgonTaskRequest run-id=019d3184-774e-7011-a0fe-5e977c39a226 params=""
time=2026-03-27T22:57:38.140Z level=INFO msg="DAG run started" name=FisgonTaskRequest run-id=019d3184-774e-7011-a0fe-5e977c39a226 attempt-id="" dag=FisgonTaskRequest run-id=019d3184-774e-7011-a0fe-5e977c39a226 params="[TARGET_CITY=Almeria TARGET_SCRAPER=LaGuajira 3=DAGU_BASE_URL=]"
time=2026-03-27T22:57:38.143Z level=INFO msg="Step started" name=FisgonTaskRequest run-id=019d3184-774e-7011-a0fe-5e977c39a226 attempt-id="" dag=FisgonTaskRequest run-id=019d3184-774e-7011-a0fe-5e977c39a226 step=tarea_1
time=2026-03-27T22:58:38.189Z level=INFO msg="DAG run finished" name=FisgonTaskRequest run-id=019d3184-774e-7011-a0fe-5e977c39a226 attempt-id="" dag=FisgonTaskRequest run-id=019d3184-774e-7011-a0fe-5e977c39a226 status=succeeded started-at=2026-03-27T22:57:38Z finished-at=2026-03-27T22:58:38Z
time=2026-03-27T22:58:38.227Z level=INFO msg="Executing root dag-run" dag=FisgonTaskRequest run-id=019d3185-6211-7a93-9681-9514483e8ac6 params=""
time=2026-03-27T22:58:38.240Z level=INFO msg="DAG run started" name=FisgonTaskRequest run-id=019d3185-6211-7a93-9681-9514483e8ac6 attempt-id="" dag=FisgonTaskRequest run-id=019d3185-6211-7a93-9681-9514483e8ac6 params="[TARGET_CITY=Almeria TARGET_SCRAPER=ConciertosClub 3=DAGU_BASE_URL=]"
time=2026-03-27T22:58:38.243Z level=INFO msg="Step started" name=FisgonTaskRequest run-id=019d3185-6211-7a93-9681-9514483e8ac6 attempt-id="" dag=FisgonTaskRequest run-id=019d3185-6211-7a93-9681-9514483e8ac6 step=tarea_1
time=2026-03-27T22:58:44.896Z level=INFO msg="DAG run finished" name=FisgonTaskRequest run-id=019d3185-6211-7a93-9681-9514483e8ac6 attempt-id="" dag=FisgonTaskRequest run-id=019d3185-6211-7a93-9681-9514483e8ac6 status=succeeded started-at=2026-03-27T22:58:38Z finished-at=2026-03-27T22:58:44Z
time=2026-03-27T22:58:44.931Z level=INFO msg="Executing root dag-run" dag=FisgonTaskRequest run-id=019d3185-7c41-7968-8b37-4a0feae79076 params=""
time=2026-03-27T22:58:44.944Z level=INFO msg="DAG run started" name=FisgonTaskRequest run-id=019d3185-7c41-7968-8b37-4a0feae79076 attempt-id="" dag=FisgonTaskRequest run-id=019d3185-7c41-7968-8b37-4a0feae79076 params="[TARGET_CITY=Almeria TARGET_SCRAPER=JacksonLive 3=DAGU_BASE_URL=]"
time=2026-03-27T22:58:44.947Z level=INFO msg="Step started" name=FisgonTaskRequest run-id=019d3185-7c41-7968-8b37-4a0feae79076 attempt-id="" dag=FisgonTaskRequest run-id=019d3185-7c41-7968-8b37-4a0feae79076 step=tarea_1
time=2026-03-27T22:58:47.342Z level=INFO msg="DAG run finished" name=FisgonTaskRequest run-id=019d3185-7c41-7968-8b37-4a0feae79076 attempt-id="" dag=FisgonTaskRequest run-id=019d3185-7c41-7968-8b37-4a0feae79076 status=succeeded started-at=2026-03-27T22:58:44Z finished-at=2026-03-27T22:58:47Z
time=2026-03-27T22:58:47.382Z level=INFO msg="Executing root dag-run" dag=FisgonTaskRequest run-id=019d3185-85d4-7053-9508-9daa11cd1e7b params=""
time=2026-03-27T22:58:47.394Z level=INFO msg="DAG run started" name=FisgonTaskRequest run-id=019d3185-85d4-7053-9508-9daa11cd1e7b attempt-id="" dag=FisgonTaskRequest run-id=019d3185-85d4-7053-9508-9daa11cd1e7b params="[TARGET_CITY=Almeria TARGET_SCRAPER=BibliotecaAgenda 3=DAGU_BASE_URL=]"
time=2026-03-27T22:58:47.397Z level=INFO msg="Step started" name=FisgonTaskRequest run-id=019d3185-85d4-7053-9508-9daa11cd1e7b attempt-id="" dag=FisgonTaskRequest run-id=019d3185-85d4-7053-9508-9daa11cd1e7b step=tarea_1
time=2026-03-27T22:59:15.040Z level=INFO msg="DAG run finished" name=FisgonTaskRequest run-id=019d3185-85d4-7053-9508-9daa11cd1e7b attempt-id="" dag=FisgonTaskRequest run-id=019d3185-85d4-7053-9508-9daa11cd1e7b status=succeeded started-at=2026-03-27T22:58:47Z finished-at=2026-03-27T22:59:15Z
