time=2026-03-27T22:59:15.098Z level=INFO msg="Executing root dag-run" dag=FisgonTaskSelenium run-id=019d3185-f218-71d5-b6e4-25e56fdad7f3 params=""
time=2026-03-27T22:59:15.162Z level=INFO msg="DAG run started" name=FisgonTaskSelenium run-id=019d3185-f218-71d5-b6e4-25e56fdad7f3 attempt-id="" dag=FisgonTaskSelenium run-id=019d3185-f218-71d5-b6e4-25e56fdad7f3 params="[TARGET_CITY=Almeria TARGET_SCRAPER=AlmeriaCiudad 3=DAGU_BASE_URL=]"
time=2026-03-27T22:59:15.165Z level=INFO msg="Step started" name=FisgonTaskSelenium run-id=019d3185-f218-71d5-b6e4-25e56fdad7f3 attempt-id="" dag=FisgonTaskSelenium run-id=019d3185-f218-71d5-b6e4-25e56fdad7f3 step=tarea_1
time=2026-03-27T23:00:19.712Z level=INFO msg="DAG run finished" name=FisgonTaskSelenium run-id=019d3185-f218-71d5-b6e4-25e56fdad7f3 attempt-id="" dag=FisgonTaskSelenium run-id=019d3185-f218-71d5-b6e4-25e56fdad7f3 status=succeeded started-at=2026-03-27T22:59:15Z finished-at=2026-03-27T23:00:19Z
time=2026-03-27T23:00:19.830Z level=INFO msg="Executing root dag-run" dag=FisgonTaskSelenium run-id=019d3186-eeee-7c19-bf8f-b2a022405a82 params=""
time=2026-03-27T23:00:19.846Z level=INFO msg="DAG run started" name=FisgonTaskSelenium run-id=019d3186-eeee-7c19-bf8f-b2a022405a82 attempt-id="" dag=FisgonTaskSelenium run-id=019d3186-eeee-7c19-bf8f-b2a022405a82 params="[TARGET_CITY=Almeria TARGET_SCRAPER=AlmeriaTurismo 3=DAGU_BASE_URL=]"
time=2026-03-27T23:00:19.850Z level=INFO msg="Step started" name=FisgonTaskSelenium run-id=019d3186-eeee-7c19-bf8f-b2a022405a82 attempt-id="" dag=FisgonTaskSelenium run-id=019d3186-eeee-7c19-bf8f-b2a022405a82 step=tarea_1
time=2026-03-27T23:01:01.920Z level=INFO msg="DAG run finished" name=FisgonTaskSelenium run-id=019d3186-eeee-7c19-bf8f-b2a022405a82 attempt-id="" dag=FisgonTaskSelenium run-id=019d3186-eeee-7c19-bf8f-b2a022405a82 status=succeeded started-at=2026-03-27T23:00:19Z finished-at=2026-03-27T23:01:01Z
time=2026-03-27T23:01:02.012Z level=INFO msg="Executing root dag-run" dag=FisgonTaskSelenium run-id=019d3187-93b6-70bf-a371-91747bcc6c2f params=""
time=2026-03-27T23:01:02.027Z level=INFO msg="DAG run started" name=FisgonTaskSelenium run-id=019d3187-93b6-70bf-a371-91747bcc6c2f attempt-id="" dag=FisgonTaskSelenium run-id=019d3187-93b6-70bf-a371-91747bcc6c2f params="[TARGET_CITY=Almeria TARGET_SCRAPER=JuntaAndaluciaAgenda 3=DAGU_BASE_URL=]"
time=2026-03-27T23:01:02.030Z level=INFO msg="Step started" name=FisgonTaskSelenium run-id=019d3187-93b6-70bf-a371-91747bcc6c2f attempt-id="" dag=FisgonTaskSelenium run-id=019d3187-93b6-70bf-a371-91747bcc6c2f step=tarea_1
time=2026-03-27T23:02:23.239Z level=INFO msg="DAG run finished" name=FisgonTaskSelenium run-id=019d3187-93b6-70bf-a371-91747bcc6c2f attempt-id="" dag=FisgonTaskSelenium run-id=019d3187-93b6-70bf-a371-91747bcc6c2f status=succeeded started-at=2026-03-27T23:01:02Z finished-at=2026-03-27T23:02:23Z
time=2026-03-27T23:02:23.314Z level=INFO msg="Executing root dag-run" dag=FisgonTaskSelenium run-id=019d3188-d14e-7a20-93ea-709936b95aaf params=""
time=2026-03-27T23:02:23.330Z level=INFO msg="DAG run started" name=FisgonTaskSelenium run-id=019d3188-d14e-7a20-93ea-709936b95aaf attempt-id="" dag=FisgonTaskSelenium run-id=019d3188-d14e-7a20-93ea-709936b95aaf params="[TARGET_CITY=Almeria TARGET_SCRAPER=ClassicJazz 3=DAGU_BASE_URL=]"
time=2026-03-27T23:02:23.334Z level=INFO msg="Step started" name=FisgonTaskSelenium run-id=019d3188-d14e-7a20-93ea-709936b95aaf attempt-id="" dag=FisgonTaskSelenium run-id=019d3188-d14e-7a20-93ea-709936b95aaf step=tarea_1
time=2026-03-27T23:03:48.424Z level=INFO msg="DAG run finished" name=FisgonTaskSelenium run-id=019d3188-d14e-7a20-93ea-709936b95aaf attempt-id="" dag=FisgonTaskSelenium run-id=019d3188-d14e-7a20-93ea-709936b95aaf status=succeeded started-at=2026-03-27T23:02:23Z finished-at=2026-03-27T23:03:48Z
time=2026-03-27T23:03:48.475Z level=INFO msg="Executing root dag-run" dag=FisgonTaskSelenium run-id=019d318a-1df7-7694-95d7-935217504a19 params=""
time=2026-03-27T23:03:48.489Z level=INFO msg="DAG run started" name=FisgonTaskSelenium run-id=019d318a-1df7-7694-95d7-935217504a19 attempt-id="" dag=FisgonTaskSelenium run-id=019d318a-1df7-7694-95d7-935217504a19 params="[TARGET_CITY=Almeria TARGET_SCRAPER=Entradium 3=DAGU_BASE_URL=]"
time=2026-03-27T23:03:48.492Z level=INFO msg="Step started" name=FisgonTaskSelenium run-id=019d318a-1df7-7694-95d7-935217504a19 attempt-id="" dag=FisgonTaskSelenium run-id=019d318a-1df7-7694-95d7-935217504a19 step=tarea_1
time=2026-03-27T23:04:41.744Z level=INFO msg="DAG run finished" name=FisgonTaskSelenium run-id=019d318a-1df7-7694-95d7-935217504a19 attempt-id="" dag=FisgonTaskSelenium run-id=019d318a-1df7-7694-95d7-935217504a19 status=succeeded started-at=2026-03-27T23:03:48Z finished-at=2026-03-27T23:04:41Z
time=2026-03-27T23:04:41.784Z level=INFO msg="Executing root dag-run" dag=FisgonTaskSelenium run-id=019d318a-ee36-7191-b81f-c67c348f53e2 params=""
time=2026-03-27T23:04:41.797Z level=INFO msg="DAG run started" name=FisgonTaskSelenium run-id=019d318a-ee36-7191-b81f-c67c348f53e2 attempt-id="" dag=FisgonTaskSelenium run-id=019d318a-ee36-7191-b81f-c67c348f53e2 params="[TARGET_CITY=Almeria TARGET_SCRAPER=TodasLasEntradas 3=DAGU_BASE_URL=]"
time=2026-03-27T23:04:41.800Z level=INFO msg="Step started" name=FisgonTaskSelenium run-id=019d318a-ee36-7191-b81f-c67c348f53e2 attempt-id="" dag=FisgonTaskSelenium run-id=019d318a-ee36-7191-b81f-c67c348f53e2 step=tarea_1
time=2026-03-27T23:04:52.324Z level=INFO msg="DAG run finished" name=FisgonTaskSelenium run-id=019d318a-ee36-7191-b81f-c67c348f53e2 attempt-id="" dag=FisgonTaskSelenium run-id=019d318a-ee36-7191-b81f-c67c348f53e2 status=succeeded started-at=2026-03-27T23:04:41Z finished-at=2026-03-27T23:04:52Z
time=2026-03-27T23:04:52.367Z level=INFO msg="Executing root dag-run" dag=FisgonTaskSelenium run-id=019d318b-178b-7db4-854b-ceb66f9bb319 params=""
time=2026-03-27T23:04:52.380Z level=INFO msg="DAG run started" name=FisgonTaskSelenium run-id=019d318b-178b-7db4-854b-ceb66f9bb319 attempt-id="" dag=FisgonTaskSelenium run-id=019d318b-178b-7db4-854b-ceb66f9bb319 params="[TARGET_CITY=Almeria TARGET_SCRAPER=RedBibliotecas 3=DAGU_BASE_URL=]"
time=2026-03-27T23:04:52.383Z level=INFO msg="Step started" name=FisgonTaskSelenium run-id=019d318b-178b-7db4-854b-ceb66f9bb319 attempt-id="" dag=FisgonTaskSelenium run-id=019d318b-178b-7db4-854b-ceb66f9bb319 step=tarea_1
time=2026-03-27T23:05:02.379Z level=INFO msg="DAG run finished" name=FisgonTaskSelenium run-id=019d318b-178b-7db4-854b-ceb66f9bb319 attempt-id="" dag=FisgonTaskSelenium run-id=019d318b-178b-7db4-854b-ceb66f9bb319 status=succeeded started-at=2026-03-27T23:04:52Z finished-at=2026-03-27T23:05:02Z
time=2026-03-27T23:05:02.420Z level=INFO msg="Executing root dag-run" dag=FisgonTaskSelenium run-id=019d318b-3ed2-71f5-b02a-04aeb4f240a4 params=""
time=2026-03-27T23:05:02.434Z level=INFO msg="DAG run started" name=FisgonTaskSelenium run-id=019d318b-3ed2-71f5-b02a-04aeb4f240a4 attempt-id="" dag=FisgonTaskSelenium run-id=019d318b-3ed2-71f5-b02a-04aeb4f240a4 params="[TARGET_CITY=Almeria TARGET_SCRAPER=SalaEmma 3=DAGU_BASE_URL=]"
time=2026-03-27T23:05:02.437Z level=INFO msg="Step started" name=FisgonTaskSelenium run-id=019d318b-3ed2-71f5-b02a-04aeb4f240a4 attempt-id="" dag=FisgonTaskSelenium run-id=019d318b-3ed2-71f5-b02a-04aeb4f240a4 step=tarea_1
time=2026-03-27T23:05:21.156Z level=INFO msg="DAG run finished" name=FisgonTaskSelenium run-id=019d318b-3ed2-71f5-b02a-04aeb4f240a4 attempt-id="" dag=FisgonTaskSelenium run-id=019d318b-3ed2-71f5-b02a-04aeb4f240a4 status=succeeded started-at=2026-03-27T23:05:02Z finished-at=2026-03-27T23:05:21Z
