
RUNNING VARS → 
        CITY=Almeria, 

        OPERATION=0,
            CREATE_SESSION=0,
            CLOSE_SESSION=0,
            SESSION=None,
            IMAGES=0,
            GET_SCRAPERS=

        SCRAPER=SalaEmma
        DAG_RUN_URL=/dags/FisgonTaskSelenium/log?remoteNode=local&step=tarea_1&dagRunId=019cb305-5563-7a55-8138-629628360c3b

Running for Almeria: SalaEmma
SalaEmma
RUNNING SESSION =  2026_03_03_09_15_Martes
Starting WebDriver...
http://localhost:4444/wd/hub
sleeping 10
Getting content
--------------------
{'id': 'b8ea963a', 'show': 1, 'in_city': 1, 'one_day': 1, 'wrong_date_time': 0, 'event': 'Melocotón en Almíbar', 'slug': 'melocoton-en-almibar', 'category': '__NOT_DEFINIED__', 'id_venue': '7qHRF9LM', 'venue': 'Sala EMMA', 'std_venue': 'Sala Escuela Municipal de Música & Artes', 'start_date': '2026-05-09', 'start_time': '20:00:00', 'end_date': '__NOT_FOUND__', 'end_time': '__NOT_FOUND__', 'description': 'Sábado, 9 de Mayo, 2026 8:00 PM  12.00 €', 'others': {}, 'source': 'SalaEmma', 'exec_time': '20260303T092641', 'session': '2026_03_03_09_15_Martes', 'image': '/home/ubuntu/work/event_flask_app/static/img/865cfaf5.jpg', 'url': 'https://entradasemma.azurewebsites.net/'}
--------------------
{'id': '0ad73efc', 'show': 1, 'in_city': 1, 'one_day': 1, 'wrong_date_time': 0, 'event': 'Christian Garcia (10 Años Dando Guerra)', 'slug': 'christian-garcia-10-anos-dando-guerra', 'category': '__NOT_DEFINIED__', 'id_venue': '7qHRF9LM', 'venue': 'Sala EMMA', 'std_venue': 'Sala Escuela Municipal de Música & Artes', 'start_date': '2026-03-14', 'start_time': '20:00:00', 'end_date': '__NOT_FOUND__', 'end_time': '__NOT_FOUND__', 'description': 'Sábado, 14 de Marzo, 2026 8:00 PM  15.00 €', 'others': {}, 'source': 'SalaEmma', 'exec_time': '20260303T092641', 'session': '2026_03_03_09_15_Martes', 'image': '/home/ubuntu/work/event_flask_app/static/img/71cf293b.jpg', 'url': 'https://entradasemma.azurewebsites.net/'}
--------------------
{'id': '3367cac0', 'show': 1, 'in_city': 1, 'one_day': 1, 'wrong_date_time': 0, 'event': 'Menos Es Más', 'slug': 'menos-es-mas', 'category': '__NOT_DEFINIED__', 'id_venue': '7qHRF9LM', 'venue': 'Sala EMMA', 'std_venue': 'Sala Escuela Municipal de Música & Artes', 'start_date': '2026-05-22', 'start_time': '20:00:00', 'end_date': '__NOT_FOUND__', 'end_time': '__NOT_FOUND__', 'description': 'Viernes, 22 de Mayo, 2026 8:00 PM "Menos es Mas" es un formato diferente para amenizar tu evento. Este proyecto combina rock, jazz, pop...y su finalidad es transmitir emociones a través del instrumento. Juanmi Viñolo ha preparado una selección de temas de grandes clásicos de artistas como Frank Sinatra, Carlos\nSantana, Luis Salinas...\nSi te gusta la guitarra eléctrica, no te lo puedes perder 10.00 €', 'others': {}, 'source': 'SalaEmma', 'exec_time': '20260303T092641', 'session': '2026_03_03_09_15_Martes', 'image': '/home/ubuntu/work/event_flask_app/static/img/6f1c0f66.jpg', 'url': 'https://entradasemma.azurewebsites.net/'}
--------------------
{'id': 'a4c52541', 'show': 1, 'in_city': 1, 'one_day': 1, 'wrong_date_time': 0, 'event': '¡corten! Una Comedia De Cine', 'slug': 'corten-una-comedia-de-cine', 'category': '__NOT_DEFINIED__', 'id_venue': '7qHRF9LM', 'venue': 'Sala EMMA', 'std_venue': 'Sala Escuela Municipal de Música & Artes', 'start_date': '2026-04-25', 'start_time': '20:00:00', 'end_date': '__NOT_FOUND__', 'end_time': '__NOT_FOUND__', 'description': 'Sábado, 25 de Abril, 2026 8:00 PM  12.00 €', 'others': {}, 'source': 'SalaEmma', 'exec_time': '20260303T092641', 'session': '2026_03_03_09_15_Martes', 'image': '/home/ubuntu/work/event_flask_app/static/img/7ff759dd.jpg', 'url': 'https://entradasemma.azurewebsites.net/'}
--------------------
{'id': '6ef1a49c', 'show': 1, 'in_city': 1, 'one_day': 1, 'wrong_date_time': 0, 'event': 'EDÉN SERRANO El Show', 'slug': 'eden-serrano-el-show', 'category': '__NOT_DEFINIED__', 'id_venue': '7qHRF9LM', 'venue': 'Sala EMMA', 'std_venue': 'Sala Escuela Municipal de Música & Artes', 'start_date': '2026-03-06', 'start_time': '20:00:00', 'end_date': '__NOT_FOUND__', 'end_time': '__NOT_FOUND__', 'description': 'Viernes, 6 de Marzo, 2026 8:00 PM  12.00 €', 'others': {}, 'source': 'SalaEmma', 'exec_time': '20260303T092641', 'session': '2026_03_03_09_15_Martes', 'image': '/home/ubuntu/work/event_flask_app/static/img/053bfdaa.jpg', 'url': 'https://entradasemma.azurewebsites.net/'}
--------------------
{'id': 'd08fb1bc', 'show': 1, 'in_city': 1, 'one_day': 1, 'wrong_date_time': 0, 'event': 'Menos Es Más (Alumnos Emma)', 'slug': 'menos-es-mas-alumnos-emma', 'category': '__NOT_DEFINIED__', 'id_venue': '7qHRF9LM', 'venue': 'Sala EMMA', 'std_venue': 'Sala Escuela Municipal de Música & Artes', 'start_date': '2026-05-22', 'start_time': '20:00:00', 'end_date': '__NOT_FOUND__', 'end_time': '__NOT_FOUND__', 'description': 'Viernes, 22 de Mayo, 2026 8:00 PM  8.00 €', 'others': {}, 'source': 'SalaEmma', 'exec_time': '20260303T092641', 'session': '2026_03_03_09_15_Martes', 'image': '/home/ubuntu/work/event_flask_app/static/img/c28940dc.jpg', 'url': 'https://entradasemma.azurewebsites.net/'}
--------------------
{'id': '1240d0fb', 'show': 1, 'in_city': 1, 'one_day': 1, 'wrong_date_time': 0, 'event': 'Manolo Lera', 'slug': 'manolo-lera', 'category': '__NOT_DEFINIED__', 'id_venue': '7qHRF9LM', 'venue': 'Sala EMMA', 'std_venue': 'Sala Escuela Municipal de Música & Artes', 'start_date': '2026-04-11', 'start_time': '20:00:00', 'end_date': '__NOT_FOUND__', 'end_time': '__NOT_FOUND__', 'description': 'Sábado, 11 de Abril, 2026 8:00 PM  12.00 €', 'others': {}, 'source': 'SalaEmma', 'exec_time': '20260303T092641', 'session': '2026_03_03_09_15_Martes', 'image': '/home/ubuntu/work/event_flask_app/static/img/91967fab.jpg', 'url': 'https://entradasemma.azurewebsites.net/'}
--------------------
{'id': '7ff118ce', 'show': 1, 'in_city': 1, 'one_day': 1, 'wrong_date_time': 0, 'event': 'Humor De Casados (Mariano Ypunto Y La Nena)', 'slug': 'humor-de-casados-mariano-ypunto-y-la-nena', 'category': '__NOT_DEFINIED__', 'id_venue': '7qHRF9LM', 'venue': 'Sala EMMA', 'std_venue': 'Sala Escuela Municipal de Música & Artes', 'start_date': '2026-06-13', 'start_time': '20:00:00', 'end_date': '__NOT_FOUND__', 'end_time': '__NOT_FOUND__', 'description': 'Sábado, 13 de Junio, 2026 8:00 PM  15.00 €', 'others': {}, 'source': 'SalaEmma', 'exec_time': '20260303T092641', 'session': '2026_03_03_09_15_Martes', 'image': '/home/ubuntu/work/event_flask_app/static/img/c612bdc6.jpg', 'url': 'https://entradasemma.azurewebsites.net/'}
--------------------
{'id': '268d30c5', 'show': 1, 'in_city': 1, 'one_day': 1, 'wrong_date_time': 0, 'event': 'Alvarito', 'slug': 'alvarito', 'category': '__NOT_DEFINIED__', 'id_venue': '7qHRF9LM', 'venue': 'Sala EMMA', 'std_venue': 'Sala Escuela Municipal de Música & Artes', 'start_date': '2026-06-06', 'start_time': '20:00:00', 'end_date': '__NOT_FOUND__', 'end_time': '__NOT_FOUND__', 'description': 'Sábado, 6 de Junio, 2026 8:00 PM  12.00 €', 'others': {}, 'source': 'SalaEmma', 'exec_time': '20260303T092641', 'session': '2026_03_03_09_15_Martes', 'image': '/home/ubuntu/work/event_flask_app/static/img/6ac9ccd5.jpg', 'url': 'https://entradasemma.azurewebsites.net/'}
--------------------
{'id': '40a5a51f', 'show': 1, 'in_city': 1, 'one_day': 1, 'wrong_date_time': 0, 'event': 'El Mentalista Canalla', 'slug': 'el-mentalista-canalla', 'category': '__NOT_DEFINIED__', 'id_venue': '7qHRF9LM', 'venue': 'Sala EMMA', 'std_venue': 'Sala Escuela Municipal de Música & Artes', 'start_date': '2026-04-24', 'start_time': '20:00:00', 'end_date': '__NOT_FOUND__', 'end_time': '__NOT_FOUND__', 'description': 'Viernes, 24 de Abril, 2026 8:00 PM  12.00 €', 'others': {}, 'source': 'SalaEmma', 'exec_time': '20260303T092641', 'session': '2026_03_03_09_15_Martes', 'image': '/home/ubuntu/work/event_flask_app/static/img/a8e767ca.jpg', 'url': 'https://entradasemma.azurewebsites.net/'}
--------------------
{'id': '53774f2a', 'show': 1, 'in_city': 1, 'one_day': 1, 'wrong_date_time': 0, 'event': 'Rafa Tornado Punkústico', 'slug': 'rafa-tornado-punkustico', 'category': '__NOT_DEFINIED__', 'id_venue': '7qHRF9LM', 'venue': 'Sala EMMA', 'std_venue': 'Sala Escuela Municipal de Música & Artes', 'start_date': '2026-03-15', 'start_time': '17:00:00', 'end_date': '__NOT_FOUND__', 'end_time': '__NOT_FOUND__', 'description': 'Domingo, 15 de Marzo, 2026 5:00 PM ENTRADA+CONSUMICIÓN 6.00 €', 'others': {}, 'source': 'SalaEmma', 'exec_time': '20260303T092641', 'session': '2026_03_03_09_15_Martes', 'image': '/home/ubuntu/work/event_flask_app/static/img/ea92ddc6.jpg', 'url': 'https://entradasemma.azurewebsites.net/'}
--------------------
{'id': '6d6ba620', 'show': 1, 'in_city': 1, 'one_day': 1, 'wrong_date_time': 0, 'event': 'Kikín Fernández Y Fernando Labordeta', 'slug': 'kikin-fernandez-y-fernando-labordeta', 'category': '__NOT_DEFINIED__', 'id_venue': '7qHRF9LM', 'venue': 'Sala EMMA', 'std_venue': 'Sala Escuela Municipal de Música & Artes', 'start_date': '2026-05-16', 'start_time': '20:00:00', 'end_date': '__NOT_FOUND__', 'end_time': '__NOT_FOUND__', 'description': 'Sábado, 16 de Mayo, 2026 8:00 PM  12.00 €', 'others': {}, 'source': 'SalaEmma', 'exec_time': '20260303T092641', 'session': '2026_03_03_09_15_Martes', 'image': '/home/ubuntu/work/event_flask_app/static/img/59a89af0.jpg', 'url': 'https://entradasemma.azurewebsites.net/'}
--------------------
{'id': '41e349f7', 'show': 1, 'in_city': 1, 'one_day': 1, 'wrong_date_time': 0, 'event': 'Pepe El Caja', 'slug': 'pepe-el-caja', 'category': '__NOT_DEFINIED__', 'id_venue': '7qHRF9LM', 'venue': 'Sala EMMA', 'std_venue': 'Sala Escuela Municipal de Música & Artes', 'start_date': '2026-05-23', 'start_time': '20:00:00', 'end_date': '__NOT_FOUND__', 'end_time': '__NOT_FOUND__', 'description': 'Sábado, 23 de Mayo, 2026 8:00 PM  15.00 €', 'others': {}, 'source': 'SalaEmma', 'exec_time': '20260303T092641', 'session': '2026_03_03_09_15_Martes', 'image': '/home/ubuntu/work/event_flask_app/static/img/427017db.jpg', 'url': 'https://entradasemma.azurewebsites.net/'}
--------------------
{'id': '11fff8da', 'show': 1, 'in_city': 1, 'one_day': 1, 'wrong_date_time': 0, 'event': 'Taller Más Allá De La Voz', 'slug': 'taller-mas-alla-de-la-voz', 'category': '__NOT_DEFINIED__', 'id_venue': '7qHRF9LM', 'venue': 'Sala EMMA', 'std_venue': 'Sala Escuela Municipal de Música & Artes', 'start_date': '2026-03-21', 'start_time': '09:00:00', 'end_date': '__NOT_FOUND__', 'end_time': '__NOT_FOUND__', 'description': 'Sábado, 21 de Marzo, 2026 9:00 AM Más allá de la voz es un taller intensivo dirigido a cantantes que desean profundizar en la interpretación emocional y la presencia escénica, transformando sus canciones en experiencias auténticas para el público.\nA lo largo del taller se trabaja la canción desde dentro: la letra, la intención y la emoción, integrando la técnica vocal con recursos expresivos y escénicos. El objetivo es que el cantante no solo cante correctamente, sino que comunique, emocione y conecte desde un lugar verdadero y consciente sobre el escenario. 45.00 €', 'others': {}, 'source': 'SalaEmma', 'exec_time': '20260303T092641', 'session': '2026_03_03_09_15_Martes', 'image': '/home/ubuntu/work/event_flask_app/static/img/073e778d.jpg', 'url': 'https://entradasemma.azurewebsites.net/'}
--------------------
{'id': '36345bf6', 'show': 1, 'in_city': 1, 'one_day': 1, 'wrong_date_time': 0, 'event': '¡comedia!  “Malas  Y Maldecías Tocata Y Fuga”', 'slug': 'comedia-malas-y-maldecias-tocata-y-fuga', 'category': '__NOT_DEFINIED__', 'id_venue': '7qHRF9LM', 'venue': 'Sala EMMA', 'std_venue': 'Sala Escuela Municipal de Música & Artes', 'start_date': '2026-03-07', 'start_time': '20:00:00', 'end_date': '__NOT_FOUND__', 'end_time': '__NOT_FOUND__', 'description': 'Sábado, 7 de Marzo, 2026 8:00 PM  12.00 €', 'others': {}, 'source': 'SalaEmma', 'exec_time': '20260303T092641', 'session': '2026_03_03_09_15_Martes', 'image': '/home/ubuntu/work/event_flask_app/static/img/d92bce9f.jpg', 'url': 'https://entradasemma.azurewebsites.net/'}
--------------------
{'id': '62bb0558', 'show': 1, 'in_city': 1, 'one_day': 1, 'wrong_date_time': 0, 'event': 'Victor Castigao Descontrolao', 'slug': 'victor-castigao-descontrolao', 'category': '__NOT_DEFINIED__', 'id_venue': '7qHRF9LM', 'venue': 'Sala EMMA', 'std_venue': 'Sala Escuela Municipal de Música & Artes', 'start_date': '2026-04-18', 'start_time': '20:00:00', 'end_date': '__NOT_FOUND__', 'end_time': '__NOT_FOUND__', 'description': 'Sábado, 18 de Abril, 2026 8:00 PM  12.00 €', 'others': {}, 'source': 'SalaEmma', 'exec_time': '20260303T092641', 'session': '2026_03_03_09_15_Martes', 'image': '/home/ubuntu/work/event_flask_app/static/img/61bc93ef.jpg', 'url': 'https://entradasemma.azurewebsites.net/'}
Checking unique event dict.
Reading /home/ubuntu/data_storage/Almeria/00_master/master_events.json...
*******
[('Rafa Tornado Punkústico', 'Sala EMMA', '2026-03-15', '17:00:00'), ('¡corten! Una Comedia De Cine', 'Sala EMMA', '2026-04-25', '20:00:00'), ('Melocotón en Almíbar', 'Sala EMMA', '2026-05-09', '20:00:00'), ('Kikín Fernández Y Fernando Labordeta', 'Sala EMMA', '2026-05-16', '20:00:00'), ('Menos Es Más', 'Sala EMMA', '2026-05-22', '20:00:00'), ('Pepe El Caja', 'Sala EMMA', '2026-05-23', '20:00:00'), ('Alvarito', 'Sala EMMA', '2026-06-06', '20:00:00'), ('Humor De Casados (Mariano Ypunto Y La Nena)', 'Sala EMMA', '2026-06-13', '20:00:00')]
('Melocotón en Almíbar', 'Sala EMMA', '2026-05-09', '20:00:00')
('Christian Garcia (10 Años Dando Guerra)', 'Sala EMMA', '2026-03-14', '20:00:00')
('Menos Es Más', 'Sala EMMA', '2026-05-22', '20:00:00')
('¡corten! Una Comedia De Cine', 'Sala EMMA', '2026-04-25', '20:00:00')
('EDÉN SERRANO El Show', 'Sala EMMA', '2026-03-06', '20:00:00')
('Menos Es Más (Alumnos Emma)', 'Sala EMMA', '2026-05-22', '20:00:00')
('Manolo Lera', 'Sala EMMA', '2026-04-11', '20:00:00')
('Humor De Casados (Mariano Ypunto Y La Nena)', 'Sala EMMA', '2026-06-13', '20:00:00')
('Alvarito', 'Sala EMMA', '2026-06-06', '20:00:00')
('El Mentalista Canalla', 'Sala EMMA', '2026-04-24', '20:00:00')
('Rafa Tornado Punkústico', 'Sala EMMA', '2026-03-15', '17:00:00')
('Kikín Fernández Y Fernando Labordeta', 'Sala EMMA', '2026-05-16', '20:00:00')
('Pepe El Caja', 'Sala EMMA', '2026-05-23', '20:00:00')
('Taller Más Allá De La Voz', 'Sala EMMA', '2026-03-21', '09:00:00')
('¡comedia!  “Malas  Y Maldecías Tocata Y Fuga”', 'Sala EMMA', '2026-03-07', '20:00:00')
('Victor Castigao Descontrolao', 'Sala EMMA', '2026-04-18', '20:00:00')
****************************
Saving 8 new events
Saving in  /home/ubuntu/data_storage/Almeria/2026_03_03_09_15_Martes/0_raw/20260303_0926_SalaEmma.json
Saving 8 master url
Appending to  /home/ubuntu/data_storage/Almeria/00_master/master_url.json
