
RUNNING VARS → 
        CITY=Almeria, 

        OPERATION=1,
            CREATE_SESSION=0,
            CLOSE_SESSION=1,
            SESSION=None,
            IMAGES=0,
            GET_SCRAPERS=

        SCRAPER=
        DAG_RUN_URL=/dags/FisgonSession/log?remoteNode=local&step=session&dagRunId=019d0ad8-ba97-7b3d-9359-642c3498eee3

Executing final task with session: 2026_03_20_10_37_Viernes
Reading /home/ubuntu/data_storage/Almeria/2026_03_20_10_37_Viernes/0_raw/20260320_1037_LaGuajira.json...
Reading /home/ubuntu/data_storage/Almeria/2026_03_20_10_37_Viernes/0_raw/20260320_1040_AlmeriaTurismo.json...
Reading /home/ubuntu/data_storage/Almeria/2026_03_20_10_37_Viernes/0_raw/20260320_1042_ClassicJazz.json...
Reading /home/ubuntu/data_storage/Almeria/2026_03_20_10_37_Viernes/0_raw/20260320_1044_SalaEmma.json...
Reading /home/ubuntu/data_storage/Almeria/2026_03_20_10_37_Viernes/0_raw/20260320_1038_ConciertosClub.json...
Reading /home/ubuntu/data_storage/Almeria/2026_03_20_10_37_Viernes/0_raw/20260320_1040_JuntaAndaluciaAgenda.json...
Reading /home/ubuntu/data_storage/Almeria/2026_03_20_10_37_Viernes/0_raw/20260320_1037_SalaBerlin.json...
Saving 18 new events
Saving in  /home/ubuntu/data_storage/Almeria/2026_03_20_10_37_Viernes/0_raw/Merged.json
