time=2026-03-15T10:27:53.432Z level=INFO msg="Executing root dag-run" dag=FisgonTaskRequest run-id=019cf109-bdd6-7e7c-a4e9-3c36149edbd6 params=""
time=2026-03-15T10:27:53.445Z level=INFO msg="DAG run started" name=FisgonTaskRequest run-id=019cf109-bdd6-7e7c-a4e9-3c36149edbd6 attempt-id="" dag=FisgonTaskRequest run-id=019cf109-bdd6-7e7c-a4e9-3c36149edbd6 params="[TARGET_CITY=Almeria TARGET_SCRAPER=KuverProducciones 3=DAGU_BASE_URL=]"
time=2026-03-15T10:27:53.449Z level=INFO msg="Step started" name=FisgonTaskRequest run-id=019cf109-bdd6-7e7c-a4e9-3c36149edbd6 attempt-id="" dag=FisgonTaskRequest run-id=019cf109-bdd6-7e7c-a4e9-3c36149edbd6 step=tarea_1
time=2026-03-15T10:28:10.631Z level=INFO msg="DAG run finished" name=FisgonTaskRequest run-id=019cf109-bdd6-7e7c-a4e9-3c36149edbd6 attempt-id="" dag=FisgonTaskRequest run-id=019cf109-bdd6-7e7c-a4e9-3c36149edbd6 status=succeeded started-at=2026-03-15T10:27:53Z finished-at=2026-03-15T10:28:10Z
time=2026-03-15T10:28:10.669Z level=INFO msg="Executing root dag-run" dag=FisgonTaskRequest run-id=019cf10a-012b-7e19-b61b-f331fe736089 params=""
time=2026-03-15T10:28:10.681Z level=INFO msg="DAG run started" name=FisgonTaskRequest run-id=019cf10a-012b-7e19-b61b-f331fe736089 attempt-id="" dag=FisgonTaskRequest run-id=019cf10a-012b-7e19-b61b-f331fe736089 params="[TARGET_CITY=Almeria TARGET_SCRAPER=SalaBerlin 3=DAGU_BASE_URL=]"
time=2026-03-15T10:28:10.685Z level=INFO msg="Step started" name=FisgonTaskRequest run-id=019cf10a-012b-7e19-b61b-f331fe736089 attempt-id="" dag=FisgonTaskRequest run-id=019cf10a-012b-7e19-b61b-f331fe736089 step=tarea_1
time=2026-03-15T10:28:20.406Z level=INFO msg="DAG run finished" name=FisgonTaskRequest run-id=019cf10a-012b-7e19-b61b-f331fe736089 attempt-id="" dag=FisgonTaskRequest run-id=019cf10a-012b-7e19-b61b-f331fe736089 status=succeeded started-at=2026-03-15T10:28:10Z finished-at=2026-03-15T10:28:20Z
time=2026-03-15T10:28:20.442Z level=INFO msg="Executing root dag-run" dag=FisgonTaskRequest run-id=019cf10a-2759-7004-ae35-340a0e3d47f3 params=""
time=2026-03-15T10:28:20.455Z level=INFO msg="DAG run started" name=FisgonTaskRequest run-id=019cf10a-2759-7004-ae35-340a0e3d47f3 attempt-id="" dag=FisgonTaskRequest run-id=019cf10a-2759-7004-ae35-340a0e3d47f3 params="[TARGET_CITY=Almeria TARGET_SCRAPER=LaGuajira 3=DAGU_BASE_URL=]"
time=2026-03-15T10:28:20.459Z level=INFO msg="Step started" name=FisgonTaskRequest run-id=019cf10a-2759-7004-ae35-340a0e3d47f3 attempt-id="" dag=FisgonTaskRequest run-id=019cf10a-2759-7004-ae35-340a0e3d47f3 step=tarea_1
time=2026-03-15T10:29:22.205Z level=INFO msg="DAG run finished" name=FisgonTaskRequest run-id=019cf10a-2759-7004-ae35-340a0e3d47f3 attempt-id="" dag=FisgonTaskRequest run-id=019cf10a-2759-7004-ae35-340a0e3d47f3 status=succeeded started-at=2026-03-15T10:28:20Z finished-at=2026-03-15T10:29:22Z
time=2026-03-15T10:29:22.244Z level=INFO msg="Executing root dag-run" dag=FisgonTaskRequest run-id=019cf10b-18c3-774b-87f5-0d68c469c81c params=""
time=2026-03-15T10:29:22.257Z level=INFO msg="DAG run started" name=FisgonTaskRequest run-id=019cf10b-18c3-774b-87f5-0d68c469c81c attempt-id="" dag=FisgonTaskRequest run-id=019cf10b-18c3-774b-87f5-0d68c469c81c params="[TARGET_CITY=Almeria TARGET_SCRAPER=ConciertosClub 3=DAGU_BASE_URL=]"
time=2026-03-15T10:29:22.260Z level=INFO msg="Step started" name=FisgonTaskRequest run-id=019cf10b-18c3-774b-87f5-0d68c469c81c attempt-id="" dag=FisgonTaskRequest run-id=019cf10b-18c3-774b-87f5-0d68c469c81c step=tarea_1
time=2026-03-15T10:29:45.906Z level=INFO msg="DAG run finished" name=FisgonTaskRequest run-id=019cf10b-18c3-774b-87f5-0d68c469c81c attempt-id="" dag=FisgonTaskRequest run-id=019cf10b-18c3-774b-87f5-0d68c469c81c status=succeeded started-at=2026-03-15T10:29:22Z finished-at=2026-03-15T10:29:45Z
time=2026-03-15T10:29:45.944Z level=INFO msg="Executing root dag-run" dag=FisgonTaskRequest run-id=019cf10b-7557-748b-99fa-f439387ef0a2 params=""
time=2026-03-15T10:29:45.957Z level=INFO msg="DAG run started" name=FisgonTaskRequest run-id=019cf10b-7557-748b-99fa-f439387ef0a2 attempt-id="" dag=FisgonTaskRequest run-id=019cf10b-7557-748b-99fa-f439387ef0a2 params="[TARGET_CITY=Almeria TARGET_SCRAPER=JacksonLive 3=DAGU_BASE_URL=]"
time=2026-03-15T10:29:45.961Z level=INFO msg="Step started" name=FisgonTaskRequest run-id=019cf10b-7557-748b-99fa-f439387ef0a2 attempt-id="" dag=FisgonTaskRequest run-id=019cf10b-7557-748b-99fa-f439387ef0a2 step=tarea_1
time=2026-03-15T10:29:48.399Z level=INFO msg="DAG run finished" name=FisgonTaskRequest run-id=019cf10b-7557-748b-99fa-f439387ef0a2 attempt-id="" dag=FisgonTaskRequest run-id=019cf10b-7557-748b-99fa-f439387ef0a2 status=succeeded started-at=2026-03-15T10:29:45Z finished-at=2026-03-15T10:29:48Z
time=2026-03-15T10:29:48.442Z level=INFO msg="Executing root dag-run" dag=FisgonTaskRequest run-id=019cf10b-7f18-7b0d-ba8d-26dd2c18608a params=""
time=2026-03-15T10:29:48.455Z level=INFO msg="DAG run started" name=FisgonTaskRequest run-id=019cf10b-7f18-7b0d-ba8d-26dd2c18608a attempt-id="" dag=FisgonTaskRequest run-id=019cf10b-7f18-7b0d-ba8d-26dd2c18608a params="[TARGET_CITY=Almeria TARGET_SCRAPER=BibliotecaAgenda 3=DAGU_BASE_URL=]"
time=2026-03-15T10:29:48.458Z level=INFO msg="Step started" name=FisgonTaskRequest run-id=019cf10b-7f18-7b0d-ba8d-26dd2c18608a attempt-id="" dag=FisgonTaskRequest run-id=019cf10b-7f18-7b0d-ba8d-26dd2c18608a step=tarea_1
