
RUNNING VARS → 
        CITY=Almeria, 

        OPERATION=0,
            CREATE_SESSION=0,
            CLOSE_SESSION=0,
            SESSION=None,
            IMAGES=0,
            GET_SCRAPERS=

        SCRAPER=SalaBerlin
        DAG_RUN_URL=/dags/FisgonTaskRequest/log?remoteNode=local&step=tarea_1&dagRunId=019d1fa2-af4c-758d-8335-018bd4b8bef7

Running for Almeria: SalaBerlin
SalaBerlin
RUNNING SESSION =  2026_03_24_11_37_Martes
Getting https://berlinalmeria.com/eventos/
Sleep 1
*** SCRAPED 12 URLS WITH EVENTS **
New url events = 1
0 / 1
Getting https://berlinalmeria.com/producto/4-abril-paco-calavera-y-pepe-cespedes/
Sleep 4
--------------------
{'id': '9c262de1', 'show': 1, 'in_city': 1, 'one_day': 1, 'wrong_date_time': 1, 'event': 'Paco Calavera Y Pepe Céspedes', 'slug': 'paco-calavera-y-pepe-cespedes', 'category': '__NOT_DEFINIED__', 'id_venue': 'NmPqTrh6', 'venue': 'Sala Berlin', 'std_venue': 'Berlin Social Club', 'start_date': '__NOT_FOUND__', 'start_time': '__NOT_FOUND__', 'end_date': '__NOT_DEFINIED__', 'end_time': '__NOT_DEFINIED__', 'description': 'ACO CALAVERA Y PEPE CESPEDES ATERRIZAN DE NUEVO, ESTA VEZ EL SÁBADO SANTO, PARA HACERNOS REÍR CON SUS DIVERTIDOS SKETCHES DE HUMOR CHORRA', 'others': {'price': '15,00\xa0€', 'ticket': 'https://entradium.com/events/paco-calavera-y-pepe-cespedes-4-abril-berlin-social-club'}, 'source': 'SalaBerlin', 'exec_time': '20260324T113729', 'session': '2026_03_24_11_37_Martes', 'image': 'https://berlinalmeria.com/wp-content/uploads/2026/03/PHOTO-2026-03-22-20-52-46.jpg', 'url': 'https://berlinalmeria.com/producto/4-abril-paco-calavera-y-pepe-cespedes/'}
****************************
Saving 1 new events
Saving in  /home/ubuntu/data_storage/Almeria/2026_03_24_11_37_Martes/0_raw/20260324_1137_SalaBerlin.json
Saving 1 master url
Appending to  /home/ubuntu/data_storage/Almeria/00_master/master_url.json
