
RUNNING VARS → 
        CITY=Jaen, 

        OPERATION=0,
            CREATE_SESSION=0,
            CLOSE_SESSION=0,
            SESSION=None,
            IMAGES=0,
            GET_SCRAPERS=

        SCRAPER=Eventick
        DAG_RUN_URL=/dags/FisgonTaskRequest/log?remoteNode=local&step=tarea_1&dagRunId=019c283b-d2f6-7013-93e8-ca1105e8476e

Running for Jaen: Eventick
Eventick
RUNNING SESSION =  2026_02_04_09_04_Miercoles
Getting https://eventick.es/
Sleep 1
['https://eventick.es/halford-experiencie-sebas-souza-rock-states-jaen/', 'https://eventick.es/v2/siarco-feria-cofrade-cazorla/', 'https://eventick.es/azrael-rock-states-jaen/', 'https://eventick.es/v2/certamen-bandas-santa-cruz/', 'https://eventick.es/gansos-rosas-rock-states-2026/', 'https://eventick.es/gala-musica-cofrade-jaen-2026/', 'https://eventick.es/entradas-malacabeza-space-music-2026/', 'https://eventick.es/vincula-rock-2026-entradas/', 'https://eventick.es/oleosonica-2026/', 'https://eventick.es/oleosonica-2026-pmr/', 'https://eventick.es/oleosonica-cashless-2026/', 'https://eventick.es/entradas-vanesa-martin-jaen/', 'https://eventick.es/fiesta-tematik/', 'https://eventick.es/v2/playa-sonora-festival-la-antilla-2026/', 'https://eventick.es/playa-sonora-2026-aguilera-y-meni/']
*** SCRAPED 15 URLS WITH EVENTS **
New url events = 15
0 / 15
Getting https://eventick.es/entradas-malacabeza-space-music-2026/
Sleep 4
--------------------
{'id': '47f716aa', 'show': 1, 'in_city': 0, 'one_day': 1, 'wrong_date_time': 0, 'event': 'Malacabeza Space Music 2026', 'id_venue': None, 'venue': 'Día 14 mar a las 12:00hPolideportivo municipal de Palomares (Sevilla)', 'std_venue': None, 'start_date': '2026-03-14', 'start_time': '12:00:00', 'end_date': '__NOT_DEFINIED__', 'end_time': '__NOT_DEFINIED__', 'description': 'Día 14 mar a las 12:00hPolideportivo municipal de Palomares (Sevilla) Día 14 mar a las 12:00h ¡Vuelve el festival MalaCabeza Space Music"! En su 3ª edición, Malacabeza Space Music presenta un cartel histórico encabezado por el supergrupo G5 (Kiko Veneno, El Canijo de Jerez, Tomasito, Muchachito y Diego Ratón)-El Pechuga y más artistas por confirmar. Disfruta de una jornada única con la mejor música, zona infantil y el mejor ambiente. -Lugar: Polideportivo Municipal, Palomares del Río. -Fecha: 14 de marzo de 2026 | 12:00h. * Menores de 10 años. Entrada Gratuita. * Entrada Infantil de 10 a 15 años. Organizador del evento: RIGDOM PRODUCCIONES AIE', 'others': {}, 'source': 'Eventick', 'exec_time': '20260204T103856', 'session': '2026_02_04_09_04_Miercoles', 'image': 'https://apiq.eventick.es/uploads/images/28f3bca0-fddc-11f0-80a2-2b783d44d8c9.jpg', 'url': 'https://eventick.es/entradas-malacabeza-space-music-2026/'}
1 / 15
Getting https://eventick.es/v2/certamen-bandas-santa-cruz/
Sleep 4
--------------------
{'id': '69a9bf37', 'show': 1, 'in_city': 0, 'one_day': 1, 'wrong_date_time': 0, 'event': 'I Certamen de Bandas Santa Cruz de Jaén', 'id_venue': None, 'venue': '', 'std_venue': None, 'start_date': '2026-03-01', 'start_time': '12:00:00', 'end_date': '__NOT_DEFINIED__', 'end_time': '__NOT_DEFINIED__', 'description': 'Día 1 mar a las 12:00h Primer Certamen de Bandas Santa Cruz. El evento se celebrará por primera vez en un enclave único en nuestra ciudad, como son los baños árabes y donde se dará lugar la música cofrade. Participarán tres formaciones musicales como son CCTT Nuestra Señora de la Salud de Córdoba, que acompaña a la hermandad en su salida procesional y donde podremos escuchar los sones de la nueva marcha dedica a Nuestro Padre Jesús de la Sentencia llamada Divina Sentencia, un preludio al Lunes Santo. Primeramente, pondrán sus sones las formaciones musicales CCTT. Dolores del Rosario de Baeza y AM Angustias de Alcalá la Real para disfrutar de un día cofrade y de hermandad. Además, habrá una convivencia con una barra con precios populares. -Apertura de puertas 11:00h Venta de entradas Anticipadas en eventick Entrada Anticipada 5€ +gd', 'others': {}, 'source': 'Eventick', 'exec_time': '20260204T103856', 'session': '2026_02_04_09_04_Miercoles', 'image': 'https://eventick.breathsoul.com/cccdd4a0-faa3-11f0-97da-2b59e994e33b.jpg', 'url': 'https://eventick.es/v2/certamen-bandas-santa-cruz/'}
2 / 15
Getting https://eventick.es/v2/playa-sonora-festival-la-antilla-2026/
Sleep 4
--------------------
{'id': '0e86401a', 'show': 1, 'in_city': 0, 'one_day': 1, 'wrong_date_time': 0, 'event': 'Playa Sonora 2026', 'id_venue': None, 'venue': '', 'std_venue': None, 'start_date': '2026-07-24', 'start_time': '12:00:00', 'end_date': '__NOT_DEFINIED__', 'end_time': '__NOT_DEFINIED__', 'description': 'Día 24 jul a las 12:00h Nueva edición del Festival de La Antilla - Playa sonora 2026. La brisa del Atlántico y la mejor música en directo se unen en la cita imprescindible de la Costa de la Luz. El Festival Playa Sonora regresa a La Antilla con una edición extendida para que disfrutes de las mejores noches del verano. En Inala Producciones volvemos a volcar nuestra experiencia para ofrecerte no solo un concierto, sino una experiencia premium a pie de playa. Este año, el escenario de Playa Sonora vibrará con una programación ecléctica diseñada para todos los gustos: Los Grandes Hits: La energía de Macaco, el pop eterno de Ana Torroja, el fenómeno Lala Love You y el ritmo inconfundible de Camela. Noches con Duende: Una espectacular Noche de Carnaval y la voz única de Vanesa Martín. Fiesta y Comedia: Sesiones potentes con Aaron Sevilla y las risas aseguradas con el show de Aguilera y Meni (Misión: Impro-sible). ¡Y muchos más artistas por confirmar! El verano que estábamos esperando ya está aquí! Entrada infantil de 11 a 16 años. Menores de 0 a 10 años no pagan entrada. Menores de 16 años deben ir acompañados de un adulto, padre, madre o tutor. Obligatorio presentar Autorización de acceso a menores. DESCARGAR AQUI Más información de acceso a menores AQUI Dirección: RECINTO ROMERO DE LA BELLA Pl. Convento de la Bella, 21440, La Antilla(Huelva) Promotor de evento: Tomi Gira AIE V7536867', 'others': {}, 'source': 'Eventick', 'exec_time': '20260204T103856', 'session': '2026_02_04_09_04_Miercoles', 'image': 'https://eventick.breathsoul.com/0320d480-0021-11f1-b6bd-abeaa8911a39.jpg', 'url': 'https://eventick.es/v2/playa-sonora-festival-la-antilla-2026/'}
3 / 15
Getting https://eventick.es/entradas-vanesa-martin-jaen/
Sleep 4
--------------------
{'id': 'd0dec1b4', 'show': 1, 'in_city': 1, 'one_day': 1, 'wrong_date_time': 0, 'event': 'Vanesa Martín', 'id_venue': 'bc47d054', 'venue': 'Día 6 jun a las 23:00hAuditorio municipal de La Alameda', 'std_venue': 'Auditorio Municipal la Alameda', 'start_date': '2026-06-06', 'start_time': '23:00:00', 'end_date': '__NOT_DEFINIED__', 'end_time': '__NOT_DEFINIED__', 'description': 'Día 6 jun a las 23:00hAuditorio municipal de La Alameda Día 6 jun a las 23:00h Bienvenida a "Casa Mía": La gira más personal de Vanesa Martín. La artista malagueña llega al Auditorio de La Alameda en Jaén para presentarnos su nuevo tour. Un espectáculo cargado de emoción, sueños y esas letras que solo ella sabe escribir. *Lugar: Auditorio Municipal de La Alameda, Jaén. *Fecha: 6 de Junio de 2026. Horarios por confirmar. Ven a disfrutar de una noche irrepetible donde Vanesa nos abre las puertas de su corazón con sus nuevos temas y sus éxitos de siempre. Entradas YA a la venta en eventick', 'others': {}, 'source': 'Eventick', 'exec_time': '20260204T103856', 'session': '2026_02_04_09_04_Miercoles', 'image': 'https://apiq.eventick.es/uploads/images/16ba8c70-df1f-11f0-823a-472011e5c03e.jpeg', 'url': 'https://eventick.es/entradas-vanesa-martin-jaen/'}
4 / 15
Getting https://eventick.es/oleosonica-2026-pmr/
Sleep 4
--------------------
{'id': '36128b8c', 'show': 1, 'in_city': 1, 'one_day': 1, 'wrong_date_time': 0, 'event': 'Oleosónica Jaén Music Fest - 22 y 23 Mayo 2026 PMR', 'id_venue': 'fd8a459c', 'venue': 'Día 23 may a las 23:59hIfeja (Ferias Jaén)', 'std_venue': 'IFEJA', 'start_date': '2026-05-23', 'start_time': '23:59:00', 'end_date': '__NOT_DEFINIED__', 'end_time': '__NOT_DEFINIED__', 'description': 'Día 23 may a las 23:59hIfeja (Ferias Jaén) Día 23 may a las 23:59h ABONOS PMR - Oleosónica Jaén Music Fest - 22 y 23 Mayo 2026 Aquí podrás adquirir tus abonos de acceso de movilidad reducida. Los asistentes que accedan con entrada PMR, deberán presentar en el acceso al recinto el certificado de discapacidad o de movilidad reducida.', 'others': {}, 'source': 'Eventick', 'exec_time': '20260204T103856', 'session': '2026_02_04_09_04_Miercoles', 'image': 'https://apiq.eventick.es/uploads/images/565f7660-d060-11f0-82d5-49fcaf1e39e6.jpeg', 'url': 'https://eventick.es/oleosonica-2026-pmr/'}
5 / 15
Getting https://eventick.es/v2/siarco-feria-cofrade-cazorla/
Sleep 4
--------------------
{'id': '870b3441', 'show': 1, 'in_city': 0, 'one_day': 1, 'wrong_date_time': 0, 'event': 'SIARCO I Feria Cofrade de Cazorla', 'id_venue': None, 'venue': '', 'std_venue': None, 'start_date': '2026-02-21', 'start_time': '12:00:00', 'end_date': '__NOT_DEFINIED__', 'end_time': '__NOT_DEFINIED__', 'description': 'Día 21 feb a las 12:00h Es un evento pionero e histórico. Nunca antes se ha realizado algo así en la comarca. El objetivo es convertir a Cazorla en la "Capital Cofrade" de Jaén por un día, uniendo turismo, cultura y devoción. No es solo un concierto, es una experiencia completa (feria) con proyección de futuro. Organizado por Agrupación Musical Jesús Cautivo de Cazorla. Disfrutaremos de. una concentración masiva de 12 Agrupaciones Musicales de reconocido prestigio de la provincia de Jaén. Es un maratón de música cofrade en directo. Además de las bandas, habrá una actuación musical especial sorpresa (de corte flamenco/cante/sentimiento) que aportará un momento diferente y emotivo al evento. Stands comerciales y de exhibición de Arte Sacro. Presencia de artesanos de toda Andalucía: imagineros, orfebres, bordadores y restauradores mostrando sus oficios en vivo.', 'others': {}, 'source': 'Eventick', 'exec_time': '20260204T103856', 'session': '2026_02_04_09_04_Miercoles', 'image': 'https://eventick.breathsoul.com/817cbc50-f6e3-11f0-a73b-cd04911ea043.jpg', 'url': 'https://eventick.es/v2/siarco-feria-cofrade-cazorla/'}
6 / 15
Getting https://eventick.es/oleosonica-cashless-2026/
Sleep 4
--------------------
{'id': '19adbc63', 'show': 1, 'in_city': 1, 'one_day': 1, 'wrong_date_time': 0, 'event': 'Oleosónica Jaén Music Fest 2026 - Recarga Cashless', 'id_venue': 'fd8a459c', 'venue': 'Día 23 may a las 23:59hIfeja (Ferias Jaén)', 'std_venue': 'IFEJA', 'start_date': '2026-05-23', 'start_time': '23:59:00', 'end_date': '__NOT_DEFINIED__', 'end_time': '__NOT_DEFINIED__', 'description': 'Día 23 may a las 23:59hIfeja (Ferias Jaén) Día 23 may a las 23:59h En 2026 vuelve oleoSÓNICA Jaén Music Fest, el mejor festival de la provincia de Jaén y uno de los mejores festivales medios de toda España (nominado a tres premios en los FMF awards). PROMO. Recarga tu Pulsera OleoSónica de forma anticipada, obtendrás crédito extra y evitarás colas. -Recarga de 50€ y te regalamos 5€ GRATIS --Recarga 100€. y te regalamos 15€ GRATIS ---Recarga 150€ y te regalamos 30€ GRATIS Recarga sin gastos de gestión. El importe sobrante de la promo recarga en las pulseras NO tienen devolución.', 'others': {}, 'source': 'Eventick', 'exec_time': '20260204T103856', 'session': '2026_02_04_09_04_Miercoles', 'image': 'https://apiq.eventick.es/uploads/images/83080f30-f0ac-11f0-823a-472011e5c03e.jpeg', 'url': 'https://eventick.es/oleosonica-cashless-2026/'}
7 / 15
Getting https://eventick.es/gansos-rosas-rock-states-2026/
Sleep 4
--------------------
{'id': 'a79b26be', 'show': 1, 'in_city': 1, 'one_day': 1, 'wrong_date_time': 0, 'event': 'Gansos Rosas en Rock States Jaén', 'id_venue': 'c84b689b', 'venue': 'Día 6 mar a las 21:00hRock States Jaén', 'std_venue': 'Pub Rock States', 'start_date': '2026-03-06', 'start_time': '21:00:00', 'end_date': '__NOT_DEFINIED__', 'end_time': '__NOT_DEFINIED__', 'description': "Día 6 mar a las 21:00hRock States Jaén Día 6 mar a las 21:00h La mejor banda tributo de Europa a GUN'S N ROSES , según STEVEN ADLER el batería original de la banda angelina, vuelve a Jaén! No te pierdas su directo potente y la puesta en escena más salvaje que tras casi 20 años en los escenarios sigue llenando salas y haciendo disfrutar a los fans de la banda mas arrolladora del Hard Rock de la historia por toda España !! Entradas Anticipadas 18€+gg Entradas Taquilla 21€+gg", 'others': {}, 'source': 'Eventick', 'exec_time': '20260204T103856', 'session': '2026_02_04_09_04_Miercoles', 'image': 'https://apiq.eventick.es/uploads/images/d490c120-f166-11f0-823a-472011e5c03e.jpeg', 'url': 'https://eventick.es/gansos-rosas-rock-states-2026/'}
8 / 15
Getting https://eventick.es/oleosonica-2026/
Sleep 4
--------------------
{'id': '2769a920', 'show': 1, 'in_city': 1, 'one_day': 1, 'wrong_date_time': 1, 'event': 'Oleosónica Jaén Music Fest - 22 y 23 Mayo 2026', 'id_venue': 'fd8a459c', 'venue': '22 y 23 de mayoIfeja (Ferias Jaén)', 'std_venue': 'IFEJA', 'start_date': '__NOT_FOUND__', 'start_time': '__NOT_FOUND__', 'end_date': '__NOT_DEFINIED__', 'end_time': '__NOT_DEFINIED__', 'description': '22 y 23 de mayoIfeja (Ferias Jaén) En 2026 vuelve oleoSÓNICA Jaén Music Fest, el mejor festival de la provincia de Jaén y uno de los mejores festivales medios de toda España (nominado a tres premios en los FMF awards). En su tercera edición promete más sorpresas y un cartel con los mejores artistas del momento. El 22 y 23 de mayo próximos tienes, de nuevo, una cita imprescindible con la mejor música, el mejor ambiente y la fiesta más increíble en el recinto de Ifeja. Si has estado sabes que no te lo puedes perder y si aún no lo has hecho, no sabes lo que te has perdido. Recarga tu Pulsera OleoSónica AQUÍ Entradas PMR AQUÍ Estrenamos Zona VIP elevada, con vista privilegiada al escenario para que vivas oleoSÓNICA como nunca antes. Incluye: Acceso completo al recinto, Acceso a Zona VIP,Acceso a Frontstage. La Zona VIP elevada cuenta con: Plataforma elevada con visión directa al escenario, Barras propias, Baños exclusivos VIP, Cerveza, vino y refrescos incluidos (en vaso estándar). Bebidas disponibles exclusivamente en la barra VIP.', 'others': {}, 'source': 'Eventick', 'exec_time': '20260204T103856', 'session': '2026_02_04_09_04_Miercoles', 'image': 'https://apiq.eventick.es/uploads/images/2a939920-686f-11f0-8c8f-5d73d648ea9f.jpeg', 'url': 'https://eventick.es/oleosonica-2026/'}
9 / 15
Getting https://eventick.es/halford-experiencie-sebas-souza-rock-states-jaen/
Sleep 4
--------------------
{'id': 'b63eaf41', 'show': 1, 'in_city': 1, 'one_day': 1, 'wrong_date_time': 0, 'event': 'Halford Experiencie + Sebas Souza', 'id_venue': 'c84b689b', 'venue': 'Día 7 feb a las 20:30hRock States Jaén', 'std_venue': 'Pub Rock States', 'start_date': '2026-02-07', 'start_time': '20:30:00', 'end_date': '__NOT_DEFINIED__', 'end_time': '__NOT_DEFINIED__', 'description': 'Día 7 feb a las 20:30hRock States Jaén Día 7 feb a las 20:30h Sebas Souza,guitarrista instrumental y compositor solista argentino residente en Madrid,con más de 200 representaciones algunas con artistas de renombre,su estilo se marca por el hard rock melódico,rock progresivo y metal clásico. Por otro lado, Halford Experiencie,un grupo de Madrid,tributo a Judas priest,con más de 20 años a sus espaldas girando por toda la geografía española con un show plagado de verdaderos hits de la banda británica ,ofreciendo un amplio show de Heavy Metal en su puta esencia desde sus principios pasando por temas contemporáneos donde se podrá ver unos músicos que rozan la perfección de los temas....En definitiva una magica noche de Heavy Metal de Judas priest y hard rock melódico Entrada Anticipada 12€+gg Entrada en Taquilla 15€+gg', 'others': {}, 'source': 'Eventick', 'exec_time': '20260204T103856', 'session': '2026_02_04_09_04_Miercoles', 'image': 'https://apiq.eventick.es/uploads/images/ceb67ff0-e8ca-11f0-823a-472011e5c03e.jpeg', 'url': 'https://eventick.es/halford-experiencie-sebas-souza-rock-states-jaen/'}
10 / 15
Getting https://eventick.es/playa-sonora-2026-aguilera-y-meni/
Sleep 4
--------------------
{'id': 'b77829d1', 'show': 1, 'in_city': 0, 'one_day': 1, 'wrong_date_time': 0, 'event': 'Playa Sonora - Aguilera y Meni', 'id_venue': None, 'venue': 'Día 9 ago a las 22:30hPlaya Sonora', 'std_venue': None, 'start_date': '2026-08-09', 'start_time': '22:30:00', 'end_date': '__NOT_DEFINIED__', 'end_time': '__NOT_DEFINIED__', 'description': 'Día 9 ago a las 22:30hPlaya Sonora Día 9 ago a las 22:30h PLAYA SONORA 2026. AGUILERA Y MENI - MISIÓN: IMPRO-SIBLEes un show sin guion donde cada función es única, porque tú también formas parte de la historia. Un viaje delirante por escenas imposibles, retos absurdos, llamadas telefónicas inesperadas, rayos láser… y un teléfono rojo que puede cambiarlo todo. -Horario del evento: 22:30 h Entradas YA a la venta.', 'others': {}, 'source': 'Eventick', 'exec_time': '20260204T103856', 'session': '2026_02_04_09_04_Miercoles', 'image': 'https://apiq.eventick.es/uploads/images/827d1410-ba84-11f0-b522-2fdfdf3f456a.jpg', 'url': 'https://eventick.es/playa-sonora-2026-aguilera-y-meni/'}
11 / 15
Getting https://eventick.es/vincula-rock-2026-entradas/
Sleep 4
--------------------
{'id': 'a00f2651', 'show': 1, 'in_city': 0, 'one_day': 1, 'wrong_date_time': 0, 'event': 'Vincula Rock 2026', 'id_venue': None, 'venue': 'Día 16 may a las 17:30hEscañuela', 'std_venue': None, 'start_date': '2026-05-16', 'start_time': '17:30:00', 'end_date': '__NOT_DEFINIED__', 'end_time': '__NOT_DEFINIED__', 'description': 'Día 16 may a las 17:30hEscañuela Día 16 may a las 17:30h El festivalVíncula Rock 2026se celebrará enEscañuela (Jaén)y reunirá a destacadas bandas del panorama rock estatal en una jornada dedicada a la música en directo. El evento tendrá lugar en elcampo de fútbol de Escañuela, consolidándose como una de las citas musicales destacadas en la provincia de Jaén. --> Ubicación: Campo de Futbol de Escañuela (Jaén) --> Artistas Confirmados: Non Servium, Kaotiko, Los de Marras, Catalina Grande Piñón Pequeño, Wahira, The Litronas. Entradas a la venta en Eventick.', 'others': {}, 'source': 'Eventick', 'exec_time': '20260204T103856', 'session': '2026_02_04_09_04_Miercoles', 'image': 'https://apiq.eventick.es/uploads/images/8c818470-f227-11f0-823a-472011e5c03e.jpeg', 'url': 'https://eventick.es/vincula-rock-2026-entradas/'}
12 / 15
Getting https://eventick.es/fiesta-tematik/
Sleep 4
--------------------
{'id': 'a9564611', 'show': 1, 'in_city': 1, 'one_day': 1, 'wrong_date_time': 0, 'event': 'Tematik', 'id_venue': 'bc47d054', 'venue': 'Día 10 jun a las 17:00hAuditorio municipal de La Alameda', 'std_venue': 'Auditorio Municipal la Alameda', 'start_date': '2026-06-10', 'start_time': '17:00:00', 'end_date': '__NOT_DEFINIED__', 'end_time': '__NOT_DEFINIED__', 'description': 'Día 10 jun a las 17:00hAuditorio municipal de La Alameda Día 10 jun a las 17:00h Fiesta TEMATIK - Este 10 de junio prepárate para vivir el fiestón del año en el Auditorio de La Alameda. -Desde las 17:00h, disfruta de las fiestas: Remembow, Tematik Mystery, Chambea, Calentón y We Love Tardeo. -Dj’s: Marín, Javi Moreno, Álvaro Guerra, Costi, Manu Barranco, Guille Rodríguez… ¡y alguna sorpresa más! Una experiencia única dentro de las Fiestas de la Virgen de la Capilla que no te puedes perder. Entradas ya a la venta en puntos autorizados y en eventick.es', 'others': {}, 'source': 'Eventick', 'exec_time': '20260204T103856', 'session': '2026_02_04_09_04_Miercoles', 'image': 'https://apiq.eventick.es/uploads/images/63881590-f388-11f0-80a2-2b783d44d8c9.jpg', 'url': 'https://eventick.es/fiesta-tematik/'}
13 / 15
Getting https://eventick.es/azrael-rock-states-jaen/
Sleep 4
--------------------
{'id': 'e4a7712e', 'show': 1, 'in_city': 1, 'one_day': 1, 'wrong_date_time': 0, 'event': 'Azrael en Concierto', 'id_venue': 'c84b689b', 'venue': 'Día 27 feb a las 21:00hRock States Jaén', 'std_venue': 'Pub Rock States', 'start_date': '2026-02-27', 'start_time': '21:00:00', 'end_date': '__NOT_DEFINIED__', 'end_time': '__NOT_DEFINIED__', 'description': 'Día 27 feb a las 21:00hRock States Jaén Día 27 feb a las 21:00h La banda granadina AZRAEL, una de las leyendas del rock metal de Andalucía concasi 40 años de historia y después de unos años ausentes en la provincia, vuelve a Jaén presentando su nuevo disco “Aquelarre, lo hará el próximo viernes 27 de febrero junto a los jienenses DRU, otra veterana banda de Jaén con más de 20 años de historia. Será una gran noche e inolvidable noche de rockmetal en la ROCK STATES Entrada Anticipada 14€ +gg Entrada en Taquilla 16€ +gg', 'others': {}, 'source': 'Eventick', 'exec_time': '20260204T103856', 'session': '2026_02_04_09_04_Miercoles', 'image': 'https://apiq.eventick.es/uploads/images/621dbc20-ee22-11f0-823a-472011e5c03e.jpeg', 'url': 'https://eventick.es/azrael-rock-states-jaen/'}
14 / 15
Getting https://eventick.es/gala-musica-cofrade-jaen-2026/
Sleep 4
--------------------
{'id': '18573983', 'show': 1, 'in_city': 1, 'one_day': 1, 'wrong_date_time': 1, 'event': 'I Gala de Música Cofrade “Ciudad de Jaén”', 'id_venue': 'bc47d054', 'venue': 'Día 7 mar a las 00:00hAuditorio municipal de La Alameda', 'std_venue': 'Auditorio Municipal la Alameda', 'start_date': '__NOT_FOUND__', 'start_time': '__NOT_FOUND__', 'end_date': '__NOT_DEFINIED__', 'end_time': '__NOT_DEFINIED__', 'description': 'Día 7 mar a las 00:00hAuditorio municipal de La Alameda Día 7 mar a las 00:00h La ciudad de Jaén se prepara para vivir una cita histórica con la música procesional. El próximo 7 de marzo de 2026, el Auditorio de la Alameda acogerá la Primera Gala de Música Cofrade “Ciudad de Jaén”, un evento que reunirá a tres de las mejores bandas y agrupaciones musicales del país, en una tarde inolvidable para los amantes de la Semana Santa. El próximo 7 de marzo promete ser una jornada de tardeo única, donde el público podrá disfrutar de la fuerza, emoción y arte de la música cofrade en directo, con un cartel de primer nivel. Un cartel de excepción: -Banda de Cornetas y Tambores Ntra. Sra. de la Victoria “Las Cigarreras” (Sevilla) Fundada en 1979, es un referente nacional del estilo de cornetas y tambores. Su sello sonoro, repertorio propio y constante innovación la convierten en una formación histórica y pionera. -Asociación Música Ntro. Padre Jesús de la Pasión (Linares) Destaca por su elegancia, sobriedad y calidad interpretativa. Con un repertorio que abarca desde lo clásico hasta lo contemporáneo, es una de las grandes bandas de plantilla completa de Andalucía. -Agrupación Musical Ntro. Padre Jesús Despojado (Jaén) Aporta el talento local con un estilo definido, marchas propias y una fuerte proyección. Es una de las agrupaciones más prometedoras del panorama cofrade jiennense. Fecha: 7 de marzo de 2026 Lugar: Auditorio de la Alameda, Jaén Apertura de puertas: 17:00 h', 'others': {}, 'source': 'Eventick', 'exec_time': '20260204T103856', 'session': '2026_02_04_09_04_Miercoles', 'image': 'https://apiq.eventick.es/uploads/images/f89a4e20-930f-11f0-ad42-1bbb82a0e43d.jpeg', 'url': 'https://eventick.es/gala-musica-cofrade-jaen-2026/'}
****************************
Saving 15 new events
Saving in  /home/ubuntu/data_storage/Jaen/2026_02_04_09_04_Miercoles/0_raw/20260204_1038_Eventick.json
Saving 15 master url
Appending to  /home/ubuntu/data_storage/Jaen/00_master/master_url.json
