
RUNNING VARS → 
        CITY=Almeria, 

        OPERATION=1,
            CREATE_SESSION=0,
            CLOSE_SESSION=1,
            SESSION=None,
            IMAGES=0,
            GET_SCRAPERS=

        SCRAPER=
        DAG_RUN_URL=/dags/FisgonSession/log?remoteNode=local&step=session&dagRunId=019d029b-430c-78e0-8eb1-787c6ca964d8

Executing final task with session: 2026_03_18_20_12_Miercoles
Reading /home/ubuntu/data_storage/Almeria/2026_03_18_20_12_Miercoles/0_raw/20260318_2013_ConciertosClub.json...
Reading /home/ubuntu/data_storage/Almeria/2026_03_18_20_12_Miercoles/0_raw/20260318_2020_SalaEmma.json...
Reading /home/ubuntu/data_storage/Almeria/2026_03_18_20_12_Miercoles/0_raw/20260318_2016_JuntaAndaluciaAgenda.json...
Reading /home/ubuntu/data_storage/Almeria/2026_03_18_20_12_Miercoles/0_raw/20260318_2018_ClassicJazz.json...
Reading /home/ubuntu/data_storage/Almeria/2026_03_18_20_12_Miercoles/0_raw/20260318_2019_Entradium.json...
Reading /home/ubuntu/data_storage/Almeria/2026_03_18_20_12_Miercoles/0_raw/20260318_2012_LaGuajira.json...
Reading /home/ubuntu/data_storage/Almeria/2026_03_18_20_12_Miercoles/0_raw/20260318_2015_AlmeriaTurismo.json...
Saving 17 new events
Saving in  /home/ubuntu/data_storage/Almeria/2026_03_18_20_12_Miercoles/0_raw/Merged.json
