
> build:css
> tailwindcss -i ./src/tailwind.css -o ./static/css/tailwind.css --minify

Images: need download 43 (skipped=360)
Images: 1/43 (downloaded=0 failed=0)
Images: 25/43 (downloaded=6 failed=18)
Images: 43/43 (downloaded=17 failed=25)
Images: {'events_total': 403, 'events_with_remote': 43, 'skipped_already_present': 360, 'to_download': 43, 'downloaded': 18, 'failed_download': 25, 'failed_decode': 0, 'written': 36} -> /app/dist/almeria/static/img/events
HTML: rendering 433 pages
HTML: 1/433
HTML: 25/433
HTML: 50/433
HTML: 75/433
HTML: 100/433
HTML: 125/433
HTML: 150/433
HTML: 175/433
HTML: 200/433
HTML: 225/433
HTML: 250/433
HTML: 275/433
HTML: 300/433
HTML: 325/433
HTML: 350/433
HTML: 375/433
HTML: 400/433
HTML: 425/433
HTML: 433/433
Built 1 month pages + 432 other pages into /app/dist/almeria
Wrote /app/dist/almeria/sitemap.xml
Wrote /app/dist/almeria/robots.txt
Wrote /app/dist/almeria/version.json
