
RUNNING VARS → 
        CITY=Almeria, 

        OPERATION=0,
            CREATE_SESSION=0,
            CLOSE_SESSION=0,
            SESSION=None,
            IMAGES=0,
            GET_SCRAPERS=

        SCRAPER=SalaBerlin
        DAG_RUN_URL=/dags/FisgonTaskRequest/log?remoteNode=local&step=tarea_1&dagRunId=019d152b-b0e5-7c71-98e3-5dc33329eaa6

Running for Almeria: SalaBerlin
SalaBerlin
RUNNING SESSION =  2026_03_22_10_51_Domingo
Getting https://berlinalmeria.com/eventos/
Sleep 1
*** SCRAPED 12 URLS WITH EVENTS **
New url events = 1
0 / 1
Getting https://berlinalmeria.com/producto/29-de-mayo-paula-koops-gps/
Sleep 4
--------------------
{'id': 'bbb065a6', 'show': 1, 'in_city': 1, 'one_day': 1, 'wrong_date_time': 0, 'event': 'Paula Koops (Gps)', 'slug': 'paula-koops-gps', 'category': '__NOT_DEFINIED__', 'id_venue': 'NmPqTrh6', 'venue': 'Sala Berlin', 'std_venue': 'Berlin Social Club', 'start_date': '2026-05-29', 'start_time': '21:00:00', 'end_date': '__NOT_DEFINIED__', 'end_time': '__NOT_DEFINIED__', 'description': 'Concierto Paula Koops #GPS16 Financiado por INAEM', 'others': {'price': '12,00\xa0€', 'ticket': 'https://entradas.crashmusic.es/event/concierto-paula-koops-gps-almeria-sala-berlin-social-club-viernes-29-de-mayo'}, 'source': 'SalaBerlin', 'exec_time': '20260322T105118', 'session': '2026_03_22_10_51_Domingo', 'image': 'https://berlinalmeria.com/wp-content/uploads/2026/01/paula.jpg', 'url': 'https://berlinalmeria.com/producto/29-de-mayo-paula-koops-gps/'}
****************************
Saving 1 new events
Saving in  /home/ubuntu/data_storage/Almeria/2026_03_22_10_51_Domingo/0_raw/20260322_1051_SalaBerlin.json
Saving 1 master url
Appending to  /home/ubuntu/data_storage/Almeria/00_master/master_url.json
