
RUNNING VARS → 
        CITY=Almeria, 

        OPERATION=0,
            CREATE_SESSION=0,
            CLOSE_SESSION=0,
            SESSION=None,
            IMAGES=0,
            GET_SCRAPERS=

        SCRAPER=ClassicJazz
        DAG_RUN_URL=/dags/FisgonTaskSelenium/log?remoteNode=local&step=tarea_1&dagRunId=019cc021-7ade-7e43-9e60-48178b779998

Running for Almeria: ClassicJazz
ClassicJazz
RUNNING SESSION =  2026_03_05_22_27_Jueves
Starting WebDriver...
http://localhost:4444/wd/hub
*********************times =1
sleeping 7
Scrolling...
sleeping 1
Getting content
clicking
sleeping 3
sleeping 7
*********************times =2
sleeping 7
Scrolling...
sleeping 1
Getting content
clicking
sleeping 3
sleeping 7
*** SCRAPED 128 URLS WITH EVENTS **
New url events = 12
0 / 12
Getting https://clasijazz.com/evento/mas-alla-de-las-paginas/
Sleep 4
2026-03-20T18:00:00 2026-03-20T20:00:00
--------------------
{'id': 'fdf81eef', 'show': 1, 'in_city': 1, 'one_day': 1, 'wrong_date_time': 0, 'event': 'Más Allá De Las Páginas', 'slug': 'mas-alla-de-las-paginas', 'category': '__NOT_DEFINIED__', 'id_venue': 'Q6b6LRjT', 'venue': 'Sede Clasijazz', 'std_venue': 'Clasijazz', 'start_date': '2026-03-20', 'start_time': '18:00:00', 'end_date': '2026-03-20', 'end_time': '20:00:00', 'description': 'Entrada Libre | Sala Swing ¿Alguna vez te has preguntado qué mundo literario sería el mejor para irte de vacaciones? ¿Has cancelado alguna salida para quedarte en la calidez de tu habitación leyendo tu libro favorito? ¿Te gustaría hablar sobre libros de todo tipo mientras juegas a juegos relacionados con ellos? Si has respondido que sí a alguna de estas preguntas, ¡este evento es para ti! Debates, juegos, música y conversaciones literarias Una cita literaria donde los amantes de los libros dejan por un momento el mundo real atrás y se encuentran a través de historias, personajes y dilemas literarios. Un encuentro para conocernos, compartir experiencias de lectura, debatir, jugar y recordar por qué amamos tanto los libros. Porque, al final, el mejor libro nunca es el que acabamos de terminar — sino el que viene después… • Viernes 20 de marzo, 18:00h • Sala Swing, Clasijazz (Almería) Español e inglés ¡Entrada libre! Apúntate aquí: https://forms.gle/deDkuDhA7yVnXGPRA EN Have you ever wondered which literary world would be the best place to spend your holidays? Have you ever cancelled plans just to stay in the warmth of your room reading your favourite book? Would you like to talk about all kinds of books while playing book-related games? If you answered yes to any of these questions, this event is for you! Somewhere over the pages… Debates, games, music and conversations about literature A literary gathering where readers leave the real world behind for a while and meet through stories, characters and literary dilemmas. A chance to get to know each other, share reading experiences, discuss, play and remember why we love books so much. Because, in the end, the best book is never the one we’ve just finished — but the one that comes next… • Friday, March 20th, 6:00 PM • Sala Swing, Clasijazz (Almería) Spanish & English Free entry! Register here: https://forms.gle/deDkuDhA7yVnXGPRA', 'others': {'price': '__NOT_DEFINIED__', 'category': 'Programación', 'location_url': 'https://clasijazz.com/local/sede-clasijazz/', 'location': 'Maestro Serrano 9, Almería'}, 'source': 'ClassicJazz', 'exec_time': '20260305T223229', 'session': '2026_03_05_22_27_Jueves', 'image': 'https://clasijazz.com/wp-content/uploads/2026/03/Imagen-del-poster-Emilia.png', 'url': 'https://clasijazz.com/evento/mas-alla-de-las-paginas/'}
1 / 12
Getting https://clasijazz.com/evento/intercambio-de-idiomas-5/2026-03-26/
Sleep 4
2026-03-26T21:00:00 2026-03-26T23:00:00
--------------------
{'id': 'd75acd2b', 'show': 1, 'in_city': 1, 'one_day': 1, 'wrong_date_time': 0, 'event': 'Intercambio De Idiomas', 'slug': 'intercambio-de-idiomas', 'category': '__NOT_DEFINIED__', 'id_venue': 'Q6b6LRjT', 'venue': 'Clasijazz', 'std_venue': 'Clasijazz', 'start_date': '2026-03-26', 'start_time': '21:00:00', 'end_date': '2026-03-26', 'end_time': '23:00:00', 'description': 'Sala Industrial Clasijazz Entrada Libre ¿Quieres conocer gente nueva y compartir ideas, experiencias y opiniones mientras practicas tus habilidades lingüísticas? ¡Hablaremos de todo: culturas, profesiones, arte y música! ¿Nivel avanzado? ¿Intermedio? ¿Principiante? ¡Hay espacio para todos! Únete a la comunidad del Intercambio de Idiomas y deja que la magia deja que la magia de los idiomas te atrape. Desde Octubre y todos los jueves 21:00-23:00', 'others': {'price': '__NOT_DEFINIED__', 'category': 'Programación', 'location_url': 'https://clasijazz.com/local/clasijazz/', 'location': 'C/Maestro Serrano nº9, Almería'}, 'source': 'ClassicJazz', 'exec_time': '20260305T223229', 'session': '2026_03_05_22_27_Jueves', 'image': 'https://clasijazz.com/wp-content/uploads/2025/09/Intercambio-de-Idiomas.jpg', 'url': 'https://clasijazz.com/evento/intercambio-de-idiomas-5/2026-03-26/'}
2 / 12
Getting https://clasijazz.com/evento/intercambio-de-idiomas-5/2026-04-23/
Sleep 4
2026-04-23T21:00:00 2026-04-23T23:00:00
--------------------
{'id': 'ffbb1b01', 'show': 1, 'in_city': 1, 'one_day': 1, 'wrong_date_time': 0, 'event': 'Intercambio De Idiomas', 'slug': 'intercambio-de-idiomas', 'category': '__NOT_DEFINIED__', 'id_venue': 'Q6b6LRjT', 'venue': 'Clasijazz', 'std_venue': 'Clasijazz', 'start_date': '2026-04-23', 'start_time': '21:00:00', 'end_date': '2026-04-23', 'end_time': '23:00:00', 'description': 'Sala Industrial Clasijazz Entrada Libre ¿Quieres conocer gente nueva y compartir ideas, experiencias y opiniones mientras practicas tus habilidades lingüísticas? ¡Hablaremos de todo: culturas, profesiones, arte y música! ¿Nivel avanzado? ¿Intermedio? ¿Principiante? ¡Hay espacio para todos! Únete a la comunidad del Intercambio de Idiomas y deja que la magia deja que la magia de los idiomas te atrape. Desde Octubre y todos los jueves 21:00-23:00', 'others': {'price': '__NOT_DEFINIED__', 'category': 'Programación', 'location_url': 'https://clasijazz.com/local/clasijazz/', 'location': 'C/Maestro Serrano nº9, Almería'}, 'source': 'ClassicJazz', 'exec_time': '20260305T223229', 'session': '2026_03_05_22_27_Jueves', 'image': 'https://clasijazz.com/wp-content/uploads/2025/09/Intercambio-de-Idiomas.jpg', 'url': 'https://clasijazz.com/evento/intercambio-de-idiomas-5/2026-04-23/'}
3 / 12
Getting https://clasijazz.com/evento/intercambio-de-idiomas-5/2026-04-02/
Sleep 4
2026-04-02T21:00:00 2026-04-02T23:00:00
--------------------
{'id': '6cdcccd0', 'show': 1, 'in_city': 1, 'one_day': 1, 'wrong_date_time': 0, 'event': 'Intercambio De Idiomas', 'slug': 'intercambio-de-idiomas', 'category': '__NOT_DEFINIED__', 'id_venue': 'Q6b6LRjT', 'venue': 'Clasijazz', 'std_venue': 'Clasijazz', 'start_date': '2026-04-02', 'start_time': '21:00:00', 'end_date': '2026-04-02', 'end_time': '23:00:00', 'description': 'Sala Industrial Clasijazz Entrada Libre ¿Quieres conocer gente nueva y compartir ideas, experiencias y opiniones mientras practicas tus habilidades lingüísticas? ¡Hablaremos de todo: culturas, profesiones, arte y música! ¿Nivel avanzado? ¿Intermedio? ¿Principiante? ¡Hay espacio para todos! Únete a la comunidad del Intercambio de Idiomas y deja que la magia deja que la magia de los idiomas te atrape. Desde Octubre y todos los jueves 21:00-23:00', 'others': {'price': '__NOT_DEFINIED__', 'category': 'Programación', 'location_url': 'https://clasijazz.com/local/clasijazz/', 'location': 'C/Maestro Serrano nº9, Almería'}, 'source': 'ClassicJazz', 'exec_time': '20260305T223229', 'session': '2026_03_05_22_27_Jueves', 'image': 'https://clasijazz.com/wp-content/uploads/2025/09/Intercambio-de-Idiomas.jpg', 'url': 'https://clasijazz.com/evento/intercambio-de-idiomas-5/2026-04-02/'}
4 / 12
Getting https://clasijazz.com/evento/ciclo-plant-based-baby/
Sleep 4
2026-03-21T14:00:00 2026-03-21T17:00:00
--------------------
{'id': 'd41e25d3', 'show': 1, 'in_city': 1, 'one_day': 1, 'wrong_date_time': 0, 'event': 'Ciclo «Plant Based, Baby»', 'slug': 'ciclo-plant-based-baby', 'category': '__NOT_DEFINIED__', 'id_venue': 'Q6b6LRjT', 'venue': 'Sede Clasijazz', 'std_venue': 'Clasijazz', 'start_date': '2026-03-21', 'start_time': '14:00:00', 'end_date': '2026-03-21', 'end_time': '17:00:00', 'description': 'Comida: 25€ Café y Cineforum: Entrada Libre', 'others': {'price': '25,00€', 'category': 'Programación', 'location_url': 'https://clasijazz.com/local/sede-clasijazz/', 'location': 'Maestro Serrano 9, Almería'}, 'source': 'ClassicJazz', 'exec_time': '20260305T223229', 'session': '2026_03_05_22_27_Jueves', 'image': 'https://clasijazz.com/wp-content/uploads/2026/03/WhatsApp-Image-2026-03-04-at-17.02.23.jpeg', 'url': 'https://clasijazz.com/evento/ciclo-plant-based-baby/'}
5 / 12
Getting https://clasijazz.com/evento/intercambio-de-idiomas-edicion-grecia/
Sleep 4
2026-03-13T18:30:00 2026-03-13T20:00:00
--------------------
{'id': '9045c200', 'show': 1, 'in_city': 1, 'one_day': 1, 'wrong_date_time': 0, 'event': 'Intercambio De Idiomas – Edición Grecia', 'slug': 'intercambio-de-idiomas-edicion-grecia', 'category': '__NOT_DEFINIED__', 'id_venue': 'Q6b6LRjT', 'venue': 'Sede Clasijazz', 'std_venue': 'Clasijazz', 'start_date': '2026-03-13', 'start_time': '18:30:00', 'end_date': '2026-03-13', 'end_time': '20:00:00', 'description': 'Entrada Libre | Sala Swing ES ¡En Clasijazz empezamos una nueva serie de Intercambios de Idiomas Temáticos! Cada mes dedicaremos una edición especial a un país diferente, guiada por nuestros voluntarios internacionales. Empezamos con Grecia : una tarde para compartir y descubrir el idioma, la música y la cultura griega Habrá juegos, quizzes, y tendréis la oportunidad de aprender algunas palabras básicas en griego y descubrir curiosidades sobre el idioma. También podréis probar una pequeña delicia griega. EN At Clasijazz we are starting a new series of Thematic Language Exchanges! Each month we will organize a special edition dedicated to a different country, guided by our international volunteers. We begin with Greece : an evening to discover and share the Greek language, music, and culture. There will be games, quizzes, and you will have the opportunity to learn some basic Greek words and discover interesting facts about the language. You will also be able to try a small Greek delicacy.', 'others': {'price': '__NOT_DEFINIED__', 'category': 'Programación', 'location_url': 'https://clasijazz.com/local/sede-clasijazz/', 'location': 'Maestro Serrano 9, Almería'}, 'source': 'ClassicJazz', 'exec_time': '20260305T223229', 'session': '2026_03_05_22_27_Jueves', 'image': 'https://clasijazz.com/wp-content/uploads/2026/03/WhatsApp-Image-2026-03-05-at-20.27.22.jpeg', 'url': 'https://clasijazz.com/evento/intercambio-de-idiomas-edicion-grecia/'}
6 / 12
Getting https://clasijazz.com/evento/cienciajazz-en-busca-de-la-fauna-perdida-del-sahara/
Sleep 4
2026-03-12T20:00:00 2026-03-12T22:00:00
--------------------
{'id': 'b1eff630', 'show': 1, 'in_city': 1, 'one_day': 1, 'wrong_date_time': 0, 'event': 'Cienciajazz: En Busca De La Fauna Perdida Del Sáhara', 'slug': 'cienciajazz-en-busca-de-la-fauna-perdida-del-sahara', 'category': '__NOT_DEFINIED__', 'id_venue': 'Q6b6LRjT', 'venue': 'Sede Clasijazz', 'std_venue': 'Clasijazz', 'start_date': '2026-03-12', 'start_time': '20:00:00', 'end_date': '2026-03-12', 'end_time': '22:00:00', 'description': 'Sala Principal | Entrada Libre El Sáhara, el mayor desierto del Planeta, alberga una enorme diversidad de vida salvaje a pesar de sus duras condiciones. Desgraciadamente, se trata de uno de los biomas terrestres peor conservados de la Tierra, ya que a lo largo del siglo XX ha perdido gran cantidad de fauna, sobre todo a causa de la caza sin cuartel favorecida por la aparición de los vehículos todo-terreno y las armas modernas. Por otro lado, su lejanía y su carácter netamente hostil generan un escenario muy poco atractivo para los investigadores, de manera que se sabe muy poco sobre la situación actual y la ecología de la mayor parte de las especies de vertebrados saharianos. En 2011, desde la Asociación Harmusch, pusimos en marcha una serie de expediciones al Sáhara Atlántico para contribuir al conocimiento y a la conservación de este valioso ecosistema. En esta charla vamos a hacer un breve repaso de los logros que hemos alcanzado tras superar los grandes obstáculos que supone buscar la fauna perdida del Sáhara.', 'others': {'price': '__NOT_DEFINIED__', 'category': 'Programación', 'location_url': 'https://clasijazz.com/local/sede-clasijazz/', 'location': 'Maestro Serrano 9, Almería'}, 'source': 'ClassicJazz', 'exec_time': '20260305T223229', 'session': '2026_03_05_22_27_Jueves', 'image': 'https://clasijazz.com/wp-content/uploads/2026/03/697c8a15327cf.png', 'url': 'https://clasijazz.com/evento/cienciajazz-en-busca-de-la-fauna-perdida-del-sahara/'}
7 / 12
Getting https://clasijazz.com/evento/intercambio-de-idiomas-5/2026-03-05/
Sleep 4
2026-03-05T21:00:00 2026-03-05T23:00:00
--------------------
{'id': 'f94ac963', 'show': 1, 'in_city': 1, 'one_day': 1, 'wrong_date_time': 0, 'event': 'Intercambio De Idiomas', 'slug': 'intercambio-de-idiomas', 'category': '__NOT_DEFINIED__', 'id_venue': 'Q6b6LRjT', 'venue': 'Clasijazz', 'std_venue': 'Clasijazz', 'start_date': '2026-03-05', 'start_time': '21:00:00', 'end_date': '2026-03-05', 'end_time': '23:00:00', 'description': 'Sala Industrial Clasijazz Entrada Libre ¿Quieres conocer gente nueva y compartir ideas, experiencias y opiniones mientras practicas tus habilidades lingüísticas? ¡Hablaremos de todo: culturas, profesiones, arte y música! ¿Nivel avanzado? ¿Intermedio? ¿Principiante? ¡Hay espacio para todos! Únete a la comunidad del Intercambio de Idiomas y deja que la magia deja que la magia de los idiomas te atrape. Desde Octubre y todos los jueves 21:00-23:00', 'others': {'price': '__NOT_DEFINIED__', 'category': '', 'location_url': 'https://clasijazz.com/local/clasijazz/', 'location': 'C/Maestro Serrano nº9, Almería'}, 'source': 'ClassicJazz', 'exec_time': '20260305T223229', 'session': '2026_03_05_22_27_Jueves', 'image': 'https://clasijazz.com/wp-content/uploads/2025/09/Intercambio-de-Idiomas.jpg', 'url': 'https://clasijazz.com/evento/intercambio-de-idiomas-5/2026-03-05/'}
8 / 12
Getting https://clasijazz.com/evento/intercambio-de-idiomas-5/2026-04-16/
Sleep 4
2026-04-16T21:00:00 2026-04-16T23:00:00
--------------------
{'id': 'ba5c34dc', 'show': 1, 'in_city': 1, 'one_day': 1, 'wrong_date_time': 0, 'event': 'Intercambio De Idiomas', 'slug': 'intercambio-de-idiomas', 'category': '__NOT_DEFINIED__', 'id_venue': 'Q6b6LRjT', 'venue': 'Clasijazz', 'std_venue': 'Clasijazz', 'start_date': '2026-04-16', 'start_time': '21:00:00', 'end_date': '2026-04-16', 'end_time': '23:00:00', 'description': 'Sala Industrial Clasijazz Entrada Libre ¿Quieres conocer gente nueva y compartir ideas, experiencias y opiniones mientras practicas tus habilidades lingüísticas? ¡Hablaremos de todo: culturas, profesiones, arte y música! ¿Nivel avanzado? ¿Intermedio? ¿Principiante? ¡Hay espacio para todos! Únete a la comunidad del Intercambio de Idiomas y deja que la magia deja que la magia de los idiomas te atrape. Desde Octubre y todos los jueves 21:00-23:00', 'others': {'price': '__NOT_DEFINIED__', 'category': 'Programación', 'location_url': 'https://clasijazz.com/local/clasijazz/', 'location': 'C/Maestro Serrano nº9, Almería'}, 'source': 'ClassicJazz', 'exec_time': '20260305T223229', 'session': '2026_03_05_22_27_Jueves', 'image': 'https://clasijazz.com/wp-content/uploads/2025/09/Intercambio-de-Idiomas.jpg', 'url': 'https://clasijazz.com/evento/intercambio-de-idiomas-5/2026-04-16/'}
9 / 12
Getting https://clasijazz.com/evento/intercambio-de-idiomas-5/2026-03-19/
Sleep 4
2026-03-19T21:00:00 2026-03-19T23:00:00
--------------------
{'id': '98dd9e2a', 'show': 1, 'in_city': 1, 'one_day': 1, 'wrong_date_time': 0, 'event': 'Intercambio De Idiomas', 'slug': 'intercambio-de-idiomas', 'category': '__NOT_DEFINIED__', 'id_venue': 'Q6b6LRjT', 'venue': 'Clasijazz', 'std_venue': 'Clasijazz', 'start_date': '2026-03-19', 'start_time': '21:00:00', 'end_date': '2026-03-19', 'end_time': '23:00:00', 'description': 'Sala Industrial Clasijazz Entrada Libre ¿Quieres conocer gente nueva y compartir ideas, experiencias y opiniones mientras practicas tus habilidades lingüísticas? ¡Hablaremos de todo: culturas, profesiones, arte y música! ¿Nivel avanzado? ¿Intermedio? ¿Principiante? ¡Hay espacio para todos! Únete a la comunidad del Intercambio de Idiomas y deja que la magia deja que la magia de los idiomas te atrape. Desde Octubre y todos los jueves 21:00-23:00', 'others': {'price': '__NOT_DEFINIED__', 'category': 'Programación', 'location_url': 'https://clasijazz.com/local/clasijazz/', 'location': 'C/Maestro Serrano nº9, Almería'}, 'source': 'ClassicJazz', 'exec_time': '20260305T223229', 'session': '2026_03_05_22_27_Jueves', 'image': 'https://clasijazz.com/wp-content/uploads/2025/09/Intercambio-de-Idiomas.jpg', 'url': 'https://clasijazz.com/evento/intercambio-de-idiomas-5/2026-03-19/'}
10 / 12
Getting https://clasijazz.com/evento/intercambio-de-idiomas-5/2026-03-12/
Sleep 4
2026-03-12T21:00:00 2026-03-12T23:00:00
--------------------
{'id': 'f8e835a0', 'show': 1, 'in_city': 1, 'one_day': 1, 'wrong_date_time': 0, 'event': 'Intercambio De Idiomas', 'slug': 'intercambio-de-idiomas', 'category': '__NOT_DEFINIED__', 'id_venue': 'Q6b6LRjT', 'venue': 'Clasijazz', 'std_venue': 'Clasijazz', 'start_date': '2026-03-12', 'start_time': '21:00:00', 'end_date': '2026-03-12', 'end_time': '23:00:00', 'description': 'Sala Industrial Clasijazz Entrada Libre ¿Quieres conocer gente nueva y compartir ideas, experiencias y opiniones mientras practicas tus habilidades lingüísticas? ¡Hablaremos de todo: culturas, profesiones, arte y música! ¿Nivel avanzado? ¿Intermedio? ¿Principiante? ¡Hay espacio para todos! Únete a la comunidad del Intercambio de Idiomas y deja que la magia deja que la magia de los idiomas te atrape. Desde Octubre y todos los jueves 21:00-23:00', 'others': {'price': '__NOT_DEFINIED__', 'category': 'Programación', 'location_url': 'https://clasijazz.com/local/clasijazz/', 'location': 'C/Maestro Serrano nº9, Almería'}, 'source': 'ClassicJazz', 'exec_time': '20260305T223229', 'session': '2026_03_05_22_27_Jueves', 'image': 'https://clasijazz.com/wp-content/uploads/2025/09/Intercambio-de-Idiomas.jpg', 'url': 'https://clasijazz.com/evento/intercambio-de-idiomas-5/2026-03-12/'}
11 / 12
Getting https://clasijazz.com/evento/intercambio-de-idiomas-5/2026-04-09/
Sleep 4
2026-04-09T21:00:00 2026-04-09T23:00:00
--------------------
{'id': 'c0aeccd9', 'show': 1, 'in_city': 1, 'one_day': 1, 'wrong_date_time': 0, 'event': 'Intercambio De Idiomas', 'slug': 'intercambio-de-idiomas', 'category': '__NOT_DEFINIED__', 'id_venue': 'Q6b6LRjT', 'venue': 'Clasijazz', 'std_venue': 'Clasijazz', 'start_date': '2026-04-09', 'start_time': '21:00:00', 'end_date': '2026-04-09', 'end_time': '23:00:00', 'description': 'Sala Industrial Clasijazz Entrada Libre ¿Quieres conocer gente nueva y compartir ideas, experiencias y opiniones mientras practicas tus habilidades lingüísticas? ¡Hablaremos de todo: culturas, profesiones, arte y música! ¿Nivel avanzado? ¿Intermedio? ¿Principiante? ¡Hay espacio para todos! Únete a la comunidad del Intercambio de Idiomas y deja que la magia deja que la magia de los idiomas te atrape. Desde Octubre y todos los jueves 21:00-23:00', 'others': {'price': '__NOT_DEFINIED__', 'category': 'Programación', 'location_url': 'https://clasijazz.com/local/clasijazz/', 'location': 'C/Maestro Serrano nº9, Almería'}, 'source': 'ClassicJazz', 'exec_time': '20260305T223229', 'session': '2026_03_05_22_27_Jueves', 'image': 'https://clasijazz.com/wp-content/uploads/2025/09/Intercambio-de-Idiomas.jpg', 'url': 'https://clasijazz.com/evento/intercambio-de-idiomas-5/2026-04-09/'}
****************************
Saving 12 new events
Saving in  /home/ubuntu/data_storage/Almeria/2026_03_05_22_27_Jueves/0_raw/20260305_2232_ClassicJazz.json
Saving 12 master url
Appending to  /home/ubuntu/data_storage/Almeria/00_master/master_url.json
