time=2026-03-20T10:24:01.189Z level=INFO msg="Executing root dag-run" dag=FisgonTaskRequest run-id=019d0ac5-fea2-7e82-a07d-5cff7a7eaceb params=""
time=2026-03-20T10:24:01.231Z level=INFO msg="DAG run started" name=FisgonTaskRequest run-id=019d0ac5-fea2-7e82-a07d-5cff7a7eaceb attempt-id="" dag=FisgonTaskRequest run-id=019d0ac5-fea2-7e82-a07d-5cff7a7eaceb params="[TARGET_CITY=Almeria TARGET_SCRAPER=KuverProducciones 3=DAGU_BASE_URL=]"
time=2026-03-20T10:24:01.235Z level=INFO msg="Step started" name=FisgonTaskRequest run-id=019d0ac5-fea2-7e82-a07d-5cff7a7eaceb attempt-id="" dag=FisgonTaskRequest run-id=019d0ac5-fea2-7e82-a07d-5cff7a7eaceb step=tarea_1
time=2026-03-20T10:24:08.322Z level=INFO msg="DAG run finished" name=FisgonTaskRequest run-id=019d0ac5-fea2-7e82-a07d-5cff7a7eaceb attempt-id="" dag=FisgonTaskRequest run-id=019d0ac5-fea2-7e82-a07d-5cff7a7eaceb status=succeeded started-at=2026-03-20T10:24:01Z finished-at=2026-03-20T10:24:08Z
time=2026-03-20T10:24:08.362Z level=INFO msg="Executing root dag-run" dag=FisgonTaskRequest run-id=019d0ac6-1aa9-73e4-8f46-3501f14e75b1 params=""
time=2026-03-20T10:24:08.377Z level=INFO msg="DAG run started" name=FisgonTaskRequest run-id=019d0ac6-1aa9-73e4-8f46-3501f14e75b1 attempt-id="" dag=FisgonTaskRequest run-id=019d0ac6-1aa9-73e4-8f46-3501f14e75b1 params="[TARGET_CITY=Almeria TARGET_SCRAPER=SalaBerlin 3=DAGU_BASE_URL=]"
time=2026-03-20T10:24:08.380Z level=INFO msg="Step started" name=FisgonTaskRequest run-id=019d0ac6-1aa9-73e4-8f46-3501f14e75b1 attempt-id="" dag=FisgonTaskRequest run-id=019d0ac6-1aa9-73e4-8f46-3501f14e75b1 step=tarea_1
time=2026-03-20T10:24:11.229Z level=INFO msg="DAG run finished" name=FisgonTaskRequest run-id=019d0ac6-1aa9-73e4-8f46-3501f14e75b1 attempt-id="" dag=FisgonTaskRequest run-id=019d0ac6-1aa9-73e4-8f46-3501f14e75b1 status=succeeded started-at=2026-03-20T10:24:08Z finished-at=2026-03-20T10:24:11Z
time=2026-03-20T10:24:11.267Z level=INFO msg="Executing root dag-run" dag=FisgonTaskRequest run-id=019d0ac6-2601-757a-a82b-340bb7788b20 params=""
time=2026-03-20T10:24:11.282Z level=INFO msg="DAG run started" name=FisgonTaskRequest run-id=019d0ac6-2601-757a-a82b-340bb7788b20 attempt-id="" dag=FisgonTaskRequest run-id=019d0ac6-2601-757a-a82b-340bb7788b20 params="[TARGET_CITY=Almeria TARGET_SCRAPER=LaGuajira 3=DAGU_BASE_URL=]"
time=2026-03-20T10:24:11.285Z level=INFO msg="Step started" name=FisgonTaskRequest run-id=019d0ac6-2601-757a-a82b-340bb7788b20 attempt-id="" dag=FisgonTaskRequest run-id=019d0ac6-2601-757a-a82b-340bb7788b20 step=tarea_1
time=2026-03-20T10:25:15.218Z level=INFO msg="DAG run finished" name=FisgonTaskRequest run-id=019d0ac6-2601-757a-a82b-340bb7788b20 attempt-id="" dag=FisgonTaskRequest run-id=019d0ac6-2601-757a-a82b-340bb7788b20 status=succeeded started-at=2026-03-20T10:24:11Z finished-at=2026-03-20T10:25:15Z
time=2026-03-20T10:25:15.261Z level=INFO msg="Executing root dag-run" dag=FisgonTaskRequest run-id=019d0ac7-1ffb-7b48-95f6-c3ced292d79a params=""
time=2026-03-20T10:25:15.276Z level=INFO msg="DAG run started" name=FisgonTaskRequest run-id=019d0ac7-1ffb-7b48-95f6-c3ced292d79a attempt-id="" dag=FisgonTaskRequest run-id=019d0ac7-1ffb-7b48-95f6-c3ced292d79a params="[TARGET_CITY=Almeria TARGET_SCRAPER=ConciertosClub 3=DAGU_BASE_URL=]"
time=2026-03-20T10:25:15.279Z level=INFO msg="Step started" name=FisgonTaskRequest run-id=019d0ac7-1ffb-7b48-95f6-c3ced292d79a attempt-id="" dag=FisgonTaskRequest run-id=019d0ac7-1ffb-7b48-95f6-c3ced292d79a step=tarea_1
time=2026-03-20T10:25:27.213Z level=INFO msg="DAG run finished" name=FisgonTaskRequest run-id=019d0ac7-1ffb-7b48-95f6-c3ced292d79a attempt-id="" dag=FisgonTaskRequest run-id=019d0ac7-1ffb-7b48-95f6-c3ced292d79a status=succeeded started-at=2026-03-20T10:25:15Z finished-at=2026-03-20T10:25:27Z
time=2026-03-20T10:25:27.251Z level=INFO msg="Executing root dag-run" dag=FisgonTaskRequest run-id=019d0ac7-4ed2-7117-9fc7-240bca60feed params=""
time=2026-03-20T10:25:27.266Z level=INFO msg="DAG run started" name=FisgonTaskRequest run-id=019d0ac7-4ed2-7117-9fc7-240bca60feed attempt-id="" dag=FisgonTaskRequest run-id=019d0ac7-4ed2-7117-9fc7-240bca60feed params="[TARGET_CITY=Almeria TARGET_SCRAPER=JacksonLive 3=DAGU_BASE_URL=]"
time=2026-03-20T10:25:27.270Z level=INFO msg="Step started" name=FisgonTaskRequest run-id=019d0ac7-4ed2-7117-9fc7-240bca60feed attempt-id="" dag=FisgonTaskRequest run-id=019d0ac7-4ed2-7117-9fc7-240bca60feed step=tarea_1
time=2026-03-20T10:25:29.672Z level=INFO msg="DAG run finished" name=FisgonTaskRequest run-id=019d0ac7-4ed2-7117-9fc7-240bca60feed attempt-id="" dag=FisgonTaskRequest run-id=019d0ac7-4ed2-7117-9fc7-240bca60feed status=succeeded started-at=2026-03-20T10:25:27Z finished-at=2026-03-20T10:25:29Z
time=2026-03-20T10:25:29.717Z level=INFO msg="Executing root dag-run" dag=FisgonTaskRequest run-id=019d0ac7-5873-730c-9e5f-e43e947b908d params=""
time=2026-03-20T10:25:29.732Z level=INFO msg="DAG run started" name=FisgonTaskRequest run-id=019d0ac7-5873-730c-9e5f-e43e947b908d attempt-id="" dag=FisgonTaskRequest run-id=019d0ac7-5873-730c-9e5f-e43e947b908d params="[TARGET_CITY=Almeria TARGET_SCRAPER=BibliotecaAgenda 3=DAGU_BASE_URL=]"
time=2026-03-20T10:25:29.736Z level=INFO msg="Step started" name=FisgonTaskRequest run-id=019d0ac7-5873-730c-9e5f-e43e947b908d attempt-id="" dag=FisgonTaskRequest run-id=019d0ac7-5873-730c-9e5f-e43e947b908d step=tarea_1
time=2026-03-20T10:26:47.109Z level=INFO msg="DAG run finished" name=FisgonTaskRequest run-id=019d0ac7-5873-730c-9e5f-e43e947b908d attempt-id="" dag=FisgonTaskRequest run-id=019d0ac7-5873-730c-9e5f-e43e947b908d status=succeeded started-at=2026-03-20T10:25:29Z finished-at=2026-03-20T10:26:47Z
