time=2026-02-02T16:16:16.825Z level=INFO msg="Executing root dag-run" dag=FisgonTask run-id=019c1f23-f7b8-7404-a2b4-c4dde2190284 params=""
time=2026-02-02T16:16:16.832Z level=INFO msg="DAG run started" name=FisgonTask run-id=019c1f23-f7b8-7404-a2b4-c4dde2190284 attempt-id="" dag=FisgonTask run-id=019c1f23-f7b8-7404-a2b4-c4dde2190284 params="[TARGET_CITY=Almeria TARGET_SCRAPER=KuverProducciones 3=DAGU_BASE_URL=]"
time=2026-02-02T16:16:16.834Z level=INFO msg="Step started" name=FisgonTask run-id=019c1f23-f7b8-7404-a2b4-c4dde2190284 attempt-id="" dag=FisgonTask run-id=019c1f23-f7b8-7404-a2b4-c4dde2190284 step=tarea_1
time=2026-02-02T16:16:58.589Z level=INFO msg="DAG run finished" name=FisgonTask run-id=019c1f23-f7b8-7404-a2b4-c4dde2190284 attempt-id="" dag=FisgonTask run-id=019c1f23-f7b8-7404-a2b4-c4dde2190284 status=succeeded started-at=2026-02-02T16:16:16Z finished-at=2026-02-02T16:16:58Z
time=2026-02-02T16:16:58.624Z level=INFO msg="Executing root dag-run" dag=FisgonTask run-id=019c1f24-9aff-7968-96e9-20fbf0ee63d4 params=""
time=2026-02-02T16:16:58.637Z level=INFO msg="DAG run started" name=FisgonTask run-id=019c1f24-9aff-7968-96e9-20fbf0ee63d4 attempt-id="" dag=FisgonTask run-id=019c1f24-9aff-7968-96e9-20fbf0ee63d4 params="[TARGET_CITY=Almeria TARGET_SCRAPER=ClassicJazz 3=DAGU_BASE_URL=]"
time=2026-02-02T16:16:58.640Z level=INFO msg="Step started" name=FisgonTask run-id=019c1f24-9aff-7968-96e9-20fbf0ee63d4 attempt-id="" dag=FisgonTask run-id=019c1f24-9aff-7968-96e9-20fbf0ee63d4 step=tarea_1
time=2026-02-02T16:18:10.023Z level=INFO msg="DAG run finished" name=FisgonTask run-id=019c1f24-9aff-7968-96e9-20fbf0ee63d4 attempt-id="" dag=FisgonTask run-id=019c1f24-9aff-7968-96e9-20fbf0ee63d4 status=failed started-at=2026-02-02T16:16:58Z finished-at=2026-02-02T16:18:10Z
time=2026-02-02T16:18:10.033Z level=ERROR msg="Failed to execute dag-run" dag=FisgonTask run-id=019c1f24-9aff-7968-96e9-20fbf0ee63d4 err="failed to execute step \"tarea_1\": exit status 1\nrecent stderr (tail):\n File \"/usr/local/lib/python3.11/site-packages/selenium/webdriver/remote/errorhandler.py\", line 232, in check_response\n    raise exception_class(message, screen, stacktrace)\nselenium.common.exceptions.TimeoutException: Message: timeout: Timed out receiving message from renderer: 20.000\n  (Session info: chrome=143.0.7499.169)\nStacktrace:\n#0 0x5c9d6640c61a <unknown>\n#1 0x5c9d65e8920b <unknown>\n#2 0x5c9d65e712aa <unknown>\n#3 0x5c9d65e70f8d <unknown>\n#4 0x5c9d65e6ee47 <unknown>\n#5 0x5c9d65e6f75f <unknown>\n#6 0x5c9d65e7df20 <unknown>\n#7 0x5c9d65e975e7 <unknown>\n#8 0x5c9d65e9dc9b <unknown>\n#9 0x5c9d65e6fe88 <unknown>\n#10 0x5c9d65e97356 <unknown>\n#11 0x5c9d65f26580 <unknown>\n#12 0x5c9d65ecd232 <unknown>\n#13 0x5c9d65ecdee1 <unknown>\n#14 0x5c9d663d53f9 <unknown>\n#15 0x5c9d663d834d <unknown>\n#16 0x5c9d663be122 <unknown>\n#17 0x5c9d663d8f2b <unknown>\n#18 0x5c9d663a4c30 <unknown>\n#19 0x5c9d663f9d78 <unknown>\n#20 0x5c9d663f9f4c <unknown>\n#21 0x5c9d6640b973 <unknown>\n#22 0x7d98437acaa4 <unknown>\n#23 0x7d9843839a64 __clone\n\n"
Error: failed to execute the dag-run FisgonTask (dag-run ID: 019c1f24-9aff-7968-96e9-20fbf0ee63d4): failed to execute step "tarea_1": exit status 1
recent stderr (tail):
 File "/usr/local/lib/python3.11/site-packages/selenium/webdriver/remote/errorhandler.py", line 232, in check_response
    raise exception_class(message, screen, stacktrace)
selenium.common.exceptions.TimeoutException: Message: timeout: Timed out receiving message from renderer: 20.000
  (Session info: chrome=143.0.7499.169)
Stacktrace:
#0 0x5c9d6640c61a <unknown>
#1 0x5c9d65e8920b <unknown>
#2 0x5c9d65e712aa <unknown>
#3 0x5c9d65e70f8d <unknown>
#4 0x5c9d65e6ee47 <unknown>
#5 0x5c9d65e6f75f <unknown>
#6 0x5c9d65e7df20 <unknown>
#7 0x5c9d65e975e7 <unknown>
#8 0x5c9d65e9dc9b <unknown>
#9 0x5c9d65e6fe88 <unknown>
#10 0x5c9d65e97356 <unknown>
#11 0x5c9d65f26580 <unknown>
#12 0x5c9d65ecd232 <unknown>
#13 0x5c9d65ecdee1 <unknown>
#14 0x5c9d663d53f9 <unknown>
#15 0x5c9d663d834d <unknown>
#16 0x5c9d663be122 <unknown>
#17 0x5c9d663d8f2b <unknown>
#18 0x5c9d663a4c30 <unknown>
#19 0x5c9d663f9d78 <unknown>
#20 0x5c9d663f9f4c <unknown>
#21 0x5c9d6640b973 <unknown>
#22 0x7d98437acaa4 <unknown>
#23 0x7d9843839a64 __clone


