Launching scraper: KuverProducciones
Succeeded - 2026-02-02T16:16:16Z

dag: FisgonTask (42.0s)
│
└─tarea_1 (42.0s) [succeeded]
  ├─stdout:
  │   RUNNING VARS →
  │   CITY=Almeria,
  │   OPERATION=0,
  │   CREATE_SESSION=0,
  │   SESSION=None,
  │   IMAGES=0,
  │   SCRAPER=KuverProducciones,
  │   Running for Almeria: KuverProducciones
  │   KuverProducciones
  │   RUNNING SESSION =  2026_02_02_15_32_Lunes
  │   Getting https://kuverproducciones.com/proximos-eventos/
  │   Sleep 1
  │   *** SCRAPED 87 URLS WITH EVENTS **
  │   New url events = 0
  │   #######################
  │   No new urls/events extracted. No new events to save
  │   #######################
  │   ***===*** SCRAPER DONE, RESTARTING SELENIUM ***===***
  │   selenium
  └─stderr:
      /usr/local/lib/python3.11/site-packages/urllib3/connectionpool.py:1097:
      InsecureRequestWarning: Unverified HTTPS request is being made to host
      'kuverproducciones.com'. Adding certificate verification is strongly
      advised. See:
      https://urllib3.readthedocs.io/en/latest/advanced-usage.html#tls-warnings
      warnings.warn(

Result: Succeeded

Launching scraper: ClassicJazz
Failed - 2026-02-02T16:16:58Z

dag: FisgonTask (1m 12s)
│
└─tarea_1 (1m 12s) [failed]
  ├─stdout:
  │   RUNNING VARS →
  │   CITY=Almeria,
  │   OPERATION=0,
  │   CREATE_SESSION=0,
  │   SESSION=None,
  │   IMAGES=0,
  │   SCRAPER=ClassicJazz,
  │   Running for Almeria: ClassicJazz
  │   ClassicJazz
  │   RUNNING SESSION =  2026_02_02_15_32_Lunes
  │   Starting WebDriver...
  │   http://localhost:4444/wd/hub
  │   *********************times =1
  │   sleeping 7
  │   Scrolling...
  │   sleeping 1
  │   Scrolling...
  │   sleeping 1
  │   ***===*** SCRAPER DONE, RESTARTING SELENIUM ***===***
  │   selenium
  ├─stderr:
  │   Traceback (most recent call last):
  │   File "/app/run.py", line 118, in <module>
  │   run_one(events_extractors, TARGET_SCRAPER, session_manager, TARGET_CITY)
  │   File "/app/run.py", line 18, in run_one
  │   ev.run()
  │   File
  │   "/app/scraper/extractors/url_iterator/abc_url_iterator_extractor.py",
  │   line 20, in run
  │   url_event_list = self.scrape_event_urls()
  │   ^^^^^^^^^^^^^^^^^^^^^^^^
  │   File "/app/scraper/extractors/url_iterator/classicjazz.py", line 20, in
  │   scrape_event_urls
  │   f.scroll()
  │   File "/app/scraper/webdriver_controller/fisgon.py", line 142, in scroll
  │   new_height = self.driver.execute_script("return
  │   document.body.scrollHeight")
  │   ^^^^^^^^^^^^^^^^^^^^^^^^^^^^^^^^^^^^^^^^^^^^^^^^^^^^^^^^^^^^^^^
  │   File
  │   "/usr/local/lib/python3.11/site-packages/selenium/webdriver/remote/webdr
  │   iver.py", line 518, in execute_script
  │   return self.execute(command, {"script": script, "args":
  │   converted_args})["value"]
  │   ^^^^^^^^^^^^^^^^^^^^^^^^^^^^^^^^^^^^^^^^^^^^^^^^^^^^^^^^^^^^^^^^^
  │   File
  │   "/usr/local/lib/python3.11/site-packages/selenium/webdriver/remote/webdr
  │   iver.py", line 432, in execute
  │   self.error_handler.check_response(response)
  │   File
  │   "/usr/local/lib/python3.11/site-packages/selenium/webdriver/remote/error
  │   handler.py", line 232, in check_response
  │   raise exception_class(message, screen, stacktrace)
  │   selenium.common.exceptions.TimeoutException: Message: timeout: Timed out
  │   receiving message from renderer: 20.000
  │   (Session info: chrome=143.0.7499.169)
  │   Stacktrace:
  │   #0 0x5c9d6640c61a <unknown>
  │   #1 0x5c9d65e8920b <unknown>
  │   #2 0x5c9d65e712aa <unknown>
  │   #3 0x5c9d65e70f8d <unknown>
  │   #4 0x5c9d65e6ee47 <unknown>
  │   #5 0x5c9d65e6f75f <unknown>
  │   #6 0x5c9d65e7df20 <unknown>
  │   #7 0x5c9d65e975e7 <unknown>
  │   #8 0x5c9d65e9dc9b <unknown>
  │   #9 0x5c9d65e6fe88 <unknown>
  │   #10 0x5c9d65e97356 <unknown>
  │   #11 0x5c9d65f26580 <unknown>
  │   #12 0x5c9d65ecd232 <unknown>
  │   #13 0x5c9d65ecdee1 <unknown>
  │   #14 0x5c9d663d53f9 <unknown>
  │   #15 0x5c9d663d834d <unknown>
  │   #16 0x5c9d663be122 <unknown>
  │   #17 0x5c9d663d8f2b <unknown>
  │   #18 0x5c9d663a4c30 <unknown>
  │   #19 0x5c9d663f9d78 <unknown>
  │   #20 0x5c9d663f9f4c <unknown>
  │   #21 0x5c9d6640b973 <unknown>
  │   #22 0x7d98437acaa4 <unknown>
  │   #23 0x7d9843839a64 __clone
  │
  └─error: failed to execute step "tarea_1": exit status 1

Result: Failed

