
RUNNING VARS → 
        CITY=Almeria, 

        OPERATION=0,
            CREATE_SESSION=0,
            CLOSE_SESSION=0,
            SESSION=None,
            IMAGES=0,
            GET_SCRAPERS=

        SCRAPER=BibliotecaAgenda
        DAG_RUN_URL=/dags/FisgonTaskRequest/log?remoteNode=local&step=tarea_1&dagRunId=019cc01e-7665-7bae-914b-ae8ea9558dd2

Running for Almeria: BibliotecaAgenda
BibliotecaAgenda
RUNNING SESSION =  2026_03_05_22_27_Jueves
*** SCRAPED 31 URLS WITH EVENTS **
New url events = 16
0 / 16
Getting https://www.bibliotecasdeandalucia.es/web/biblioteca-del-estado-publica-provincial-de-almeria/actividades/agenda?p_p_id=eventosportlet_WAR_culturaportlet_INSTANCE_rPywOIojLvBh&p_p_lifecycle=0&p_p_state=normal&p_p_mode=view&p_p_col_id=column-1&p_p_col_pos=1&p_p_col_count=2&date=11/03/26&action=showDay
Sleep 1
1 / 16
Getting https://www.bibliotecasdeandalucia.es/web/biblioteca-del-estado-publica-provincial-de-almeria/actividades/agenda?p_p_id=eventosportlet_WAR_culturaportlet_INSTANCE_rPywOIojLvBh&p_p_lifecycle=0&p_p_state=normal&p_p_mode=view&p_p_col_id=column-1&p_p_col_pos=1&p_p_col_count=2&date=10/03/26&action=showDay
Sleep 1
2 / 16
Getting https://www.bibliotecasdeandalucia.es/web/biblioteca-del-estado-publica-provincial-de-almeria/actividades/agenda?p_p_id=eventosportlet_WAR_culturaportlet_INSTANCE_rPywOIojLvBh&p_p_lifecycle=0&p_p_state=normal&p_p_mode=view&p_p_col_id=column-1&p_p_col_pos=1&p_p_col_count=2&date=29/03/26&action=showDay
Sleep 1
3 / 16
Getting https://www.bibliotecasdeandalucia.es/web/biblioteca-del-estado-publica-provincial-de-almeria/actividades/agenda?p_p_id=eventosportlet_WAR_culturaportlet_INSTANCE_rPywOIojLvBh&p_p_lifecycle=0&p_p_state=normal&p_p_mode=view&p_p_col_id=column-1&p_p_col_pos=1&p_p_col_count=2&date=07/03/26&action=showDay
Sleep 1
4 / 16
Getting https://www.bibliotecasdeandalucia.es/web/biblioteca-del-estado-publica-provincial-de-almeria/actividades/agenda?p_p_id=eventosportlet_WAR_culturaportlet_INSTANCE_rPywOIojLvBh&p_p_lifecycle=0&p_p_state=normal&p_p_mode=view&p_p_col_id=column-1&p_p_col_pos=1&p_p_col_count=2&date=19/03/26&action=showDay
Sleep 1
5 / 16
Getting https://www.bibliotecasdeandalucia.es/web/biblioteca-del-estado-publica-provincial-de-almeria/actividades/agenda?p_p_id=eventosportlet_WAR_culturaportlet_INSTANCE_rPywOIojLvBh&p_p_lifecycle=0&p_p_state=normal&p_p_mode=view&p_p_col_id=column-1&p_p_col_pos=1&p_p_col_count=2&date=08/03/26&action=showDay
Sleep 1
6 / 16
Getting https://www.bibliotecasdeandalucia.es/web/biblioteca-del-estado-publica-provincial-de-almeria/actividades/agenda?p_p_id=eventosportlet_WAR_culturaportlet_INSTANCE_rPywOIojLvBh&p_p_lifecycle=0&p_p_state=normal&p_p_mode=view&p_p_col_id=column-1&p_p_col_pos=1&p_p_col_count=2&date=22/03/26&action=showDay
Sleep 1
7 / 16
Getting https://www.bibliotecasdeandalucia.es/web/biblioteca-del-estado-publica-provincial-de-almeria/actividades/agenda?p_p_id=eventosportlet_WAR_culturaportlet_INSTANCE_rPywOIojLvBh&p_p_lifecycle=0&p_p_state=normal&p_p_mode=view&p_p_col_id=column-1&p_p_col_pos=1&p_p_col_count=2&date=17/03/26&action=showDay
Sleep 1
8 / 16
Getting https://www.bibliotecasdeandalucia.es/web/biblioteca-del-estado-publica-provincial-de-almeria/actividades/agenda?p_p_id=eventosportlet_WAR_culturaportlet_INSTANCE_rPywOIojLvBh&p_p_lifecycle=0&p_p_state=normal&p_p_mode=view&p_p_col_id=column-1&p_p_col_pos=1&p_p_col_count=2&date=15/03/26&action=showDay
Sleep 1
9 / 16
Getting https://www.bibliotecasdeandalucia.es/web/biblioteca-del-estado-publica-provincial-de-almeria/actividades/agenda?p_p_id=eventosportlet_WAR_culturaportlet_INSTANCE_rPywOIojLvBh&p_p_lifecycle=0&p_p_state=normal&p_p_mode=view&p_p_col_id=column-1&p_p_col_pos=1&p_p_col_count=2&date=24/03/26&action=showDay
Sleep 1
10 / 16
Getting https://www.bibliotecasdeandalucia.es/web/biblioteca-del-estado-publica-provincial-de-almeria/actividades/agenda?p_p_id=eventosportlet_WAR_culturaportlet_INSTANCE_rPywOIojLvBh&p_p_lifecycle=0&p_p_state=normal&p_p_mode=view&p_p_col_id=column-1&p_p_col_pos=1&p_p_col_count=2&date=30/03/26&action=showDay
Sleep 1
11 / 16
Getting https://www.bibliotecasdeandalucia.es/web/biblioteca-del-estado-publica-provincial-de-almeria/actividades/agenda?p_p_id=eventosportlet_WAR_culturaportlet_INSTANCE_rPywOIojLvBh&p_p_lifecycle=0&p_p_state=normal&p_p_mode=view&p_p_col_id=column-1&p_p_col_pos=1&p_p_col_count=2&date=01/03/26&action=showDay
Sleep 1
12 / 16
Getting https://www.bibliotecasdeandalucia.es/web/biblioteca-del-estado-publica-provincial-de-almeria/actividades/agenda?p_p_id=eventosportlet_WAR_culturaportlet_INSTANCE_rPywOIojLvBh&p_p_lifecycle=0&p_p_state=normal&p_p_mode=view&p_p_col_id=column-1&p_p_col_pos=1&p_p_col_count=2&date=14/03/26&action=showDay
Sleep 1
13 / 16
Getting https://www.bibliotecasdeandalucia.es/web/biblioteca-del-estado-publica-provincial-de-almeria/actividades/agenda?p_p_id=eventosportlet_WAR_culturaportlet_INSTANCE_rPywOIojLvBh&p_p_lifecycle=0&p_p_state=normal&p_p_mode=view&p_p_col_id=column-1&p_p_col_pos=1&p_p_col_count=2&date=12/03/26&action=showDay
Sleep 1
14 / 16
Getting https://www.bibliotecasdeandalucia.es/web/biblioteca-del-estado-publica-provincial-de-almeria/actividades/agenda?p_p_id=eventosportlet_WAR_culturaportlet_INSTANCE_rPywOIojLvBh&p_p_lifecycle=0&p_p_state=normal&p_p_mode=view&p_p_col_id=column-1&p_p_col_pos=1&p_p_col_count=2&date=31/03/26&action=showDay
Sleep 1
15 / 16
Getting https://www.bibliotecasdeandalucia.es/web/biblioteca-del-estado-publica-provincial-de-almeria/actividades/agenda?p_p_id=eventosportlet_WAR_culturaportlet_INSTANCE_rPywOIojLvBh&p_p_lifecycle=0&p_p_state=normal&p_p_mode=view&p_p_col_id=column-1&p_p_col_pos=1&p_p_col_count=2&date=28/03/26&action=showDay
Sleep 1
No new events to save
**************************
