Succeeded - 2026-04-06T19:49:06Z

dag: FisgonSession (0s)
│
└─session (0s) [succeeded]
  ├─bash -lc 'docker run --rm --network host -v
  │   /home/ubuntu/work/fisgon:/app -v
  │   /home/ubuntu/data_storage:/home/ubuntu/data_storage -w /app -e
  │   OPERATION=1 -e DOCKER_CONFIG=/tmp/.docker -e HOME=/tmp -e TARGET_CITY -e
  │   CREATE_SESSION -e CLOSE_SESSION -e
  │   DAG_RUN_URL="${DAGU_BASE_URL}/dags/${DAG_NAME}?dagRunId=${DAG_RUN_ID}"
  │   -e
  │   DAG_RUN_LOG_URL="${DAGU_BASE_URL}/dags/${DAG_NAME}/log?remoteNode=local&
  │   step=session&dagRunId=${DAG_RUN_ID}" fisgon_scraper:1.0; rc=$?; exit
  │   $rc'
  │
  └─stdout:
      RUNNING VARS →
      CITY=Almeria,
      OPERATION=1,
      CREATE_SESSION=0,
      CLOSE_SESSION=1,
      SESSION=None,
      IMAGES=0,
      GET_SCRAPERS=
      SCRAPER=
      DAG_RUN_URL=/dags/FisgonSession/log?remoteNode=local&step=session&dagRunId
      =019d6457-7403-797a-b67d-8e67e37f60b3
      Executing final task with session: 2026_04_06_19_42_Lunes
      Reading
      /home/ubuntu/data_storage/Almeria/2026_04_06_19_42_Lunes/0_raw/20260406_19
      46_JuntaAndaluciaAgenda.json...
      Reading
      /home/ubuntu/data_storage/Almeria/2026_04_06_19_42_Lunes/0_raw/20260406_19
      43_SalaBerlin.json...
      Reading
      /home/ubuntu/data_storage/Almeria/2026_04_06_19_42_Lunes/0_raw/20260406_19
      48_SalaEmma.json...
      Reading
      /home/ubuntu/data_storage/Almeria/2026_04_06_19_42_Lunes/0_raw/20260406_19
      47_ClassicJazz.json...
      Saving 7 new events
      Saving in
      /home/ubuntu/data_storage/Almeria/2026_04_06_19_42_Lunes/0_raw/Merged.json

Result: Succeeded

