time=2026-04-06T19:42:56.310Z level=INFO msg="Executing root dag-run" dag=FisgonTaskRequest run-id=019d6451-cf34-78d7-8724-88f51ebae3af params=""
time=2026-04-06T19:42:56.333Z level=INFO msg="DAG run started" name=FisgonTaskRequest run-id=019d6451-cf34-78d7-8724-88f51ebae3af attempt-id="" dag=FisgonTaskRequest run-id=019d6451-cf34-78d7-8724-88f51ebae3af params="[TARGET_CITY=Almeria TARGET_SCRAPER=KuverProducciones 3=DAGU_BASE_URL=]"
time=2026-04-06T19:42:56.337Z level=INFO msg="Step started" name=FisgonTaskRequest run-id=019d6451-cf34-78d7-8724-88f51ebae3af attempt-id="" dag=FisgonTaskRequest run-id=019d6451-cf34-78d7-8724-88f51ebae3af step=tarea_1
time=2026-04-06T19:43:01.174Z level=INFO msg="DAG run finished" name=FisgonTaskRequest run-id=019d6451-cf34-78d7-8724-88f51ebae3af attempt-id="" dag=FisgonTaskRequest run-id=019d6451-cf34-78d7-8724-88f51ebae3af status=succeeded started-at=2026-04-06T19:42:56Z finished-at=2026-04-06T19:43:01Z
time=2026-04-06T19:43:01.212Z level=INFO msg="Executing root dag-run" dag=FisgonTaskRequest run-id=019d6451-e25a-70f3-8445-6ee699732e5a params=""
time=2026-04-06T19:43:01.250Z level=INFO msg="DAG run started" name=FisgonTaskRequest run-id=019d6451-e25a-70f3-8445-6ee699732e5a attempt-id="" dag=FisgonTaskRequest run-id=019d6451-e25a-70f3-8445-6ee699732e5a params="[TARGET_CITY=Almeria TARGET_SCRAPER=SalaBerlin 3=DAGU_BASE_URL=]"
time=2026-04-06T19:43:01.256Z level=INFO msg="Step started" name=FisgonTaskRequest run-id=019d6451-e25a-70f3-8445-6ee699732e5a attempt-id="" dag=FisgonTaskRequest run-id=019d6451-e25a-70f3-8445-6ee699732e5a step=tarea_1
time=2026-04-06T19:43:10.267Z level=INFO msg="DAG run finished" name=FisgonTaskRequest run-id=019d6451-e25a-70f3-8445-6ee699732e5a attempt-id="" dag=FisgonTaskRequest run-id=019d6451-e25a-70f3-8445-6ee699732e5a status=succeeded started-at=2026-04-06T19:43:01Z finished-at=2026-04-06T19:43:10Z
time=2026-04-06T19:43:10.306Z level=INFO msg="Executing root dag-run" dag=FisgonTaskRequest run-id=019d6452-05e0-71e4-aeee-da1ca9d3407e params=""
time=2026-04-06T19:43:10.320Z level=INFO msg="DAG run started" name=FisgonTaskRequest run-id=019d6452-05e0-71e4-aeee-da1ca9d3407e attempt-id="" dag=FisgonTaskRequest run-id=019d6452-05e0-71e4-aeee-da1ca9d3407e params="[TARGET_CITY=Almeria TARGET_SCRAPER=LaGuajira 3=DAGU_BASE_URL=]"
time=2026-04-06T19:43:10.324Z level=INFO msg="Step started" name=FisgonTaskRequest run-id=019d6452-05e0-71e4-aeee-da1ca9d3407e attempt-id="" dag=FisgonTaskRequest run-id=019d6452-05e0-71e4-aeee-da1ca9d3407e step=tarea_1
time=2026-04-06T19:44:10.325Z level=INFO msg="DAG run finished" name=FisgonTaskRequest run-id=019d6452-05e0-71e4-aeee-da1ca9d3407e attempt-id="" dag=FisgonTaskRequest run-id=019d6452-05e0-71e4-aeee-da1ca9d3407e status=succeeded started-at=2026-04-06T19:43:10Z finished-at=2026-04-06T19:44:10Z
time=2026-04-06T19:44:10.366Z level=INFO msg="Executing root dag-run" dag=FisgonTaskRequest run-id=019d6452-f07c-7c1d-953e-11b997e82039 params=""
time=2026-04-06T19:44:10.380Z level=INFO msg="DAG run started" name=FisgonTaskRequest run-id=019d6452-f07c-7c1d-953e-11b997e82039 attempt-id="" dag=FisgonTaskRequest run-id=019d6452-f07c-7c1d-953e-11b997e82039 params="[TARGET_CITY=Almeria TARGET_SCRAPER=ConciertosClub 3=DAGU_BASE_URL=]"
time=2026-04-06T19:44:10.383Z level=INFO msg="Step started" name=FisgonTaskRequest run-id=019d6452-f07c-7c1d-953e-11b997e82039 attempt-id="" dag=FisgonTaskRequest run-id=019d6452-f07c-7c1d-953e-11b997e82039 step=tarea_1
time=2026-04-06T19:44:12.530Z level=INFO msg="DAG run finished" name=FisgonTaskRequest run-id=019d6452-f07c-7c1d-953e-11b997e82039 attempt-id="" dag=FisgonTaskRequest run-id=019d6452-f07c-7c1d-953e-11b997e82039 status=succeeded started-at=2026-04-06T19:44:10Z finished-at=2026-04-06T19:44:12Z
time=2026-04-06T19:44:12.570Z level=INFO msg="Executing root dag-run" dag=FisgonTaskRequest run-id=019d6452-f916-7407-a8f2-b12bd59c2bb2 params=""
time=2026-04-06T19:44:12.583Z level=INFO msg="DAG run started" name=FisgonTaskRequest run-id=019d6452-f916-7407-a8f2-b12bd59c2bb2 attempt-id="" dag=FisgonTaskRequest run-id=019d6452-f916-7407-a8f2-b12bd59c2bb2 params="[TARGET_CITY=Almeria TARGET_SCRAPER=JacksonLive 3=DAGU_BASE_URL=]"
time=2026-04-06T19:44:12.588Z level=INFO msg="Step started" name=FisgonTaskRequest run-id=019d6452-f916-7407-a8f2-b12bd59c2bb2 attempt-id="" dag=FisgonTaskRequest run-id=019d6452-f916-7407-a8f2-b12bd59c2bb2 step=tarea_1
time=2026-04-06T19:44:15.276Z level=INFO msg="DAG run finished" name=FisgonTaskRequest run-id=019d6452-f916-7407-a8f2-b12bd59c2bb2 attempt-id="" dag=FisgonTaskRequest run-id=019d6452-f916-7407-a8f2-b12bd59c2bb2 status=failed started-at=2026-04-06T19:44:12Z finished-at=2026-04-06T19:44:15Z
time=2026-04-06T19:44:15.289Z level=ERROR msg="Failed to execute dag-run" dag=FisgonTaskRequest run-id=019d6452-f916-7407-a8f2-b12bd59c2bb2 err="failed to execute step \"tarea_1\": exit status 1\nrecent stderr (tail):\nactors, TARGET_SCRAPER, session_manager, TARGET_CITY)\n  File \"/app/run.py\", line 18, in run_one\n    ev.run()\n  File \"/app/scraper/extractors/main_pages/abc_main_pages_extractor.py\", line 17, in run\n    result = self.iterate_pages_clean_events()\n             ^^^^^^^^^^^^^^^^^^^^^^^^^^^^^^^^^\n  File \"/app/scraper/extractors/main_pages/jackson_live.py\", line 19, in iterate_pages_clean_events\n    events_cleaned = self.clean_main_page(main_page_soup)\n                     ^^^^^^^^^^^^^^^^^^^^^^^^^^^^^^^^^^^^\n  File \"/app/scraper/extractors/main_pages/abc_main_pages_extractor.py\", line 60, in clean_main_page\n    info_list = self.get_info_list(main_page_soup, tuple_url)\n                ^^^^^^^^^^^^^^^^^^^^^^^^^^^^^^^^^^^^^^^^^^^^^\n  File \"/app/scraper/extractors/main_pages/jackson_live.py\", line 24, in get_info_list\n    data_page = main_page_soup.find('div', {'data-page': True})['data-page']\n                ~~~~~~~~~~~~~~~~~~~~~~~~~~~~~~~~~~~~~~~~~~~~~~~^^^^^^^^^^^^^\nTypeError: 'NoneType' object is not subscriptable\n"
Error: failed to execute the dag-run FisgonTaskRequest (dag-run ID: 019d6452-f916-7407-a8f2-b12bd59c2bb2): failed to execute step "tarea_1": exit status 1
recent stderr (tail):
actors, TARGET_SCRAPER, session_manager, TARGET_CITY)
  File "/app/run.py", line 18, in run_one
    ev.run()
  File "/app/scraper/extractors/main_pages/abc_main_pages_extractor.py", line 17, in run
    result = self.iterate_pages_clean_events()
             ^^^^^^^^^^^^^^^^^^^^^^^^^^^^^^^^^
  File "/app/scraper/extractors/main_pages/jackson_live.py", line 19, in iterate_pages_clean_events
    events_cleaned = self.clean_main_page(main_page_soup)
                     ^^^^^^^^^^^^^^^^^^^^^^^^^^^^^^^^^^^^
  File "/app/scraper/extractors/main_pages/abc_main_pages_extractor.py", line 60, in clean_main_page
    info_list = self.get_info_list(main_page_soup, tuple_url)
                ^^^^^^^^^^^^^^^^^^^^^^^^^^^^^^^^^^^^^^^^^^^^^
  File "/app/scraper/extractors/main_pages/jackson_live.py", line 24, in get_info_list
    data_page = main_page_soup.find('div', {'data-page': True})['data-page']
                ~~~~~~~~~~~~~~~~~~~~~~~~~~~~~~~~~~~~~~~~~~~~~~~^^^^^^^^^^^^^
TypeError: 'NoneType' object is not subscriptable

time=2026-04-06T19:44:15.318Z level=INFO msg="Executing root dag-run" dag=FisgonTaskRequest run-id=019d6453-03d4-796e-88ed-e3bcb22b50a7 params=""
time=2026-04-06T19:44:15.332Z level=INFO msg="DAG run started" name=FisgonTaskRequest run-id=019d6453-03d4-796e-88ed-e3bcb22b50a7 attempt-id="" dag=FisgonTaskRequest run-id=019d6453-03d4-796e-88ed-e3bcb22b50a7 params="[TARGET_CITY=Almeria TARGET_SCRAPER=BibliotecaAgenda 3=DAGU_BASE_URL=]"
time=2026-04-06T19:44:15.335Z level=INFO msg="Step started" name=FisgonTaskRequest run-id=019d6453-03d4-796e-88ed-e3bcb22b50a7 attempt-id="" dag=FisgonTaskRequest run-id=019d6453-03d4-796e-88ed-e3bcb22b50a7 step=tarea_1
time=2026-04-06T19:44:41.435Z level=INFO msg="DAG run finished" name=FisgonTaskRequest run-id=019d6453-03d4-796e-88ed-e3bcb22b50a7 attempt-id="" dag=FisgonTaskRequest run-id=019d6453-03d4-796e-88ed-e3bcb22b50a7 status=succeeded started-at=2026-04-06T19:44:15Z finished-at=2026-04-06T19:44:41Z
