Launching scraper: AlmeriaCiudad
Succeeded - 2026-04-06T19:44:41Z

dag: FisgonTaskSelenium (38.0s)
│
└─tarea_1 (38.0s) [succeeded]
  ├─bash -lc 'set -eo pipefail; export DOCKER_CONFIG=/tmp/.docker HOME=/tmp;
  │   SELENIUM_NAME="selenium_${DAG_RUN_ID:-$$}_$(date +%s)"; cleanup() {
  │   docker rm -f "$SELENIUM_NAME" >/dev/null 2>&1 || true; }; trap cleanup
  │   EXIT; docker run -d --rm --name "$SELENIUM_NAME" --shm-size=2g -e
  │   SE_NODE_MAX_SESSIONS=1 -e SE_NODE_OVERRIDE_MAX_SESSIONS=true
  │   selenium/standalone-chrome:latest >/dev/null; docker exec
  │   "$SELENIUM_NAME" bash -c "for i in \$(seq 1 60); do (echo >
  │   /dev/tcp/127.0.0.1/4444) >/dev/null 2>&1 && exit 0; sleep 1; done; exit
  │   1"; docker run --rm --network container:"$SELENIUM_NAME" -v
  │   /home/ubuntu/work/fisgon:/app -v
  │   /home/ubuntu/data_storage:/home/ubuntu/data_storage -v
  │   /home/ubuntu/work/event_flask_app/static/img:/home/ubuntu/work/event_fla
  │   sk_app/static/img -w /app -e OPERATION=0 -e DOCKER_CONFIG=/tmp/.docker
  │   -e HOME=/tmp -e TARGET_CITY -e TARGET_SCRAPER -e
  │   DAG_RUN_URL="${DAGU_BASE_URL:-}/dags/${DAG_NAME}?dagRunId=${DAG_RUN_ID}"
  │   -e
  │   DAG_RUN_LOG_URL="${DAGU_BASE_URL:-}/dags/${DAG_NAME}/log?remoteNode=loca
  │   l&step=tarea_1&dagRunId=${DAG_RUN_ID}" fisgon_scraper:1.0'
  │
  └─stdout:
      RUNNING VARS →
      CITY=Almeria,
      OPERATION=0,
      CREATE_SESSION=0,
      CLOSE_SESSION=0,
      SESSION=None,
      IMAGES=0,
      GET_SCRAPERS=
      SCRAPER=AlmeriaCiudad
      DAG_RUN_URL=/dags/FisgonTaskSelenium/log?remoteNode=local&step=tarea_1&dag
      RunId=019d6453-6a19-7679-ba88-7880371a4b1b
      Running for Almeria: AlmeriaCiudad
      AlmeriaCiudad
      RUNNING SESSION =  2026_04_06_19_42_Lunes
      Starting WebDriver...
      http://localhost:4444/wd/hub
      sleeping 5
      Getting content
      page = 0
      -----------https://almeriaciudad.es/cultura/agenda?page=0---------------
      len 12
      sleeping 5
      Getting content
      page = 1
      -----------https://almeriaciudad.es/cultura/agenda?page=1---------------
      len 12
      sleeping 5
      Getting content
      page = 2
      -----------https://almeriaciudad.es/cultura/agenda?page=2---------------
      len 11
      sleeping 5
      Getting content
      page = 3
      -----------https://almeriaciudad.es/cultura/agenda?page=3---------------
      len 0
      *** SCRAPED 35 URLS WITH EVENTS **
      New url events = 0
      #######################
      No new urls/events extracted. No new events to save
      #######################

Result: Succeeded

Launching scraper: AlmeriaTurismo
Succeeded - 2026-04-06T19:45:19Z

dag: FisgonTaskSelenium (37.0s)
│
└─tarea_1 (37.0s) [succeeded]
  ├─bash -lc 'set -eo pipefail; export DOCKER_CONFIG=/tmp/.docker HOME=/tmp;
  │   SELENIUM_NAME="selenium_${DAG_RUN_ID:-$$}_$(date +%s)"; cleanup() {
  │   docker rm -f "$SELENIUM_NAME" >/dev/null 2>&1 || true; }; trap cleanup
  │   EXIT; docker run -d --rm --name "$SELENIUM_NAME" --shm-size=2g -e
  │   SE_NODE_MAX_SESSIONS=1 -e SE_NODE_OVERRIDE_MAX_SESSIONS=true
  │   selenium/standalone-chrome:latest >/dev/null; docker exec
  │   "$SELENIUM_NAME" bash -c "for i in \$(seq 1 60); do (echo >
  │   /dev/tcp/127.0.0.1/4444) >/dev/null 2>&1 && exit 0; sleep 1; done; exit
  │   1"; docker run --rm --network container:"$SELENIUM_NAME" -v
  │   /home/ubuntu/work/fisgon:/app -v
  │   /home/ubuntu/data_storage:/home/ubuntu/data_storage -v
  │   /home/ubuntu/work/event_flask_app/static/img:/home/ubuntu/work/event_fla
  │   sk_app/static/img -w /app -e OPERATION=0 -e DOCKER_CONFIG=/tmp/.docker
  │   -e HOME=/tmp -e TARGET_CITY -e TARGET_SCRAPER -e
  │   DAG_RUN_URL="${DAGU_BASE_URL:-}/dags/${DAG_NAME}?dagRunId=${DAG_RUN_ID}"
  │   -e
  │   DAG_RUN_LOG_URL="${DAGU_BASE_URL:-}/dags/${DAG_NAME}/log?remoteNode=loca
  │   l&step=tarea_1&dagRunId=${DAG_RUN_ID}" fisgon_scraper:1.0'
  │
  └─stdout: ... (242 more lines)
      sleeping 5
      Waiting until style desappear
      Getting content
      --------------------
      {'id': 'db482a03', 'show': 1, 'in_city': 1, 'one_day': 0,
      'wrong_date_time': 1, 'event': 'Programación Aula Abierta - Centro
      Cultural Fundación Unicaja De Almería', 'slug':
      'programacion-aula-abierta-centro-cultural-fundacion-unicaja-de-almeria',
      'category': '__NOT_DEFINIED__', 'id_venue': 'tf3tGpLL', 'venue': 'Centro
      Cultural Fundación Unicaja de Almería', 'std_venue': 'Centro Fundación
      Unicaja', 'start_date': '2025-11-08', 'start_time': '__NOT_FOUND__',
      'end_date': '2026-05-09', 'end_time': '__NOT_FOUND__', 'description': 'El
      Centro Cultural Fundación Unicaja de Almería presenta la nueva
      programación de su ciclo de talleres ‘Aula Abierta’, ofreciendo una
      variada propuesta de actividades formativas y creativas dirigidas a todas
      las edades.. Desde noviembre de 2025 hasta mayo de 2026, el Centro
      Cultural será un espacio de encuentro y aprendizaje con talleres
      gratuitos.', 'others': {'category': '__NOT_FOUND__', 'hour':
      '__NOT_FOUND__', 'startDate': '2025-11-8', 'endDate': '2026-5-9',
      'duration_days': 182, 'location': 'P.º de Almería, 69, 04001 Almería'},
      'source': 'AlmeriaTurismo', 'exec_time': '20260406T194525', 'session':
      '2026_04_06_19_42_Lunes', 'image':
      'https://www.turismodealmeria.org/wp-content/uploads/2025/11/programacion-
      aula-abierta.jpg', 'url':
      'https://www.turismodealmeria.org/evento/programacion-aula-abierta-centro-
      cultural-fundacion-unicaja-de-almeria/'}
      --------------------
      {'id': '38114440', 'show': 1, 'in_city': 1, 'one_day': 0,
      'wrong_date_time': 1, 'event': 'Antonio De Torres - Evolución De La
      Guitarra Antes Y Después De Torres, El Stradivarius De La Guitarra',
      'slug':
      'antonio-de-torres-evolucion-de-la-guitarra-antes-y-despues-de-torres-el-s
      tradiva', 'category': '__NOT_DEFINIED__', 'id_venue': 'jPNmRqPG', 'venue':
      'Museo de la Guitarra Antonio de Torres', 'std_venue': 'Museo de la
      Guitarra', 'start_date': '2025-12-16', 'start_time': '__NOT_FOUND__',
      'end_date': '2026-08-25', 'end_time': '__NOT_FOUND__', 'description':
      'Fechas: Del 16 de Diciembre de 2025 al 25 de Agosto de 2026.. Lugar:
      Museo de la Guitarra Española Antonio de Torres.. Dirección: Ronda del
      Beato Diego Ventaja, S.N., 04002 Almería.. Horario (Inverno): Martes a
      Sábado: 10:30h a 13:30h y 17:00h a 20:00h.. Domingos: 10:30h a 13:30h..
      Organiza: Ayuntamiento de Almería, La Voz de Almería, Diputación de
      Almería.', 'others': {'category': '__NOT_FOUND__', 'hour':
      '__NOT_FOUND__', 'startDate': '2025-12-16', 'endDate': '2026-8-25',
      'duration_days': 252, 'location': 'Ronda del Beato diego Ventaja, s/n'},
      'source': 'AlmeriaTurismo', 'exec_time': '20260406T194525', 'session':
      '2026_04_06_19_42_Lunes', 'image':
      'https://www.turismodealmeria.org/wp-content/uploads/2025/12/antonio-de-to
      rres-evolucion-de-la-guitarra.jpeg', 'url':
      'https://www.turismodealmeria.org/evento/antonio-de-torres-evolucion-de-la
      -guitarra-antes-y-despues-de-torres-el-stradivarius-de-la-guitarra/'}
      --------------------
      {'id': '2aba6ce9', 'show': 1, 'in_city': 1, 'one_day': 0,
      'wrong_date_time': 0, 'event': 'Club De Lectura Con Raquel Fernández
      Cobo', 'slug': 'club-de-lectura-con-raquel-fernandez-cobo', 'category':
      '__NOT_DEFINIED__', 'id_venue': None, 'venue': 'Bibliotecas Municipales',
      'std_venue': None, 'start_date': '2026-02-20', 'start_time': '17:00:00',
      'end_date': '2026-05-22', 'end_time': '19:00:00', 'description': 'Únete
      al Club de Lectura organizado por la Universidad de Almería. Bajo la
      coordinación de Raquel Fernández Cobo, se abordarán lecturas como
      ‘Ana No’ de Agustín Gómez Arcos, ‘El raro vicio de escribir la
      vida’ de Manuel Rico, ‘La isla de las mujeres del mar’ de Lisa See y
      ‘Alcaravea’ de Irene Reyes-Noguerol. El club se desarrollará del 20
      de febrero al 22 de mayo de 2026, todos los encuentros serán a las 17:00
      h en la Sala de docencia de la Biblioteca Universitaria Nicolás
      Salmerón.', 'others': {'category': 'Universidad de Almería - Biblioteca
      Nicolás Salmerón', 'hour': '__NOT_FOUND__', 'startDate':
      '2026-2-20T17:00+2:00', 'endDate': '2026-5-22T19:00+2:00',
      'duration_days': 91, 'location': 'C/ Arráez n. 16, 04002 ALMERÍA'},
      'source': 'AlmeriaTurismo', 'exec_time': '20260406T194525', 'session':
      '2026_04_06_19_42_Lunes', 'image':
      'https://www.turismodealmeria.org/wp-content/uploads/2026/02/Club-de-Lectu
      ra-con-Raquel-Fernandez-Cobo.jpg', 'url':
      'https://www.turismodealmeria.org/evento/club-de-lectura-con-raquel-fernan
      dez-cobo/'}
      --------------------
      {'id': '7c2f08db', 'show': 1, 'in_city': 1, 'one_day': 0,
      'wrong_date_time': 0, 'event': 'Misión Andalucía', 'slug':
      'mision-andalucia', 'category': '__NOT_DEFINIED__', 'id_venue':
      'DDDLJ7pm', 'venue': 'Centro Andaluz de la Fotografía', 'std_venue':
      'Centro Andaluz de la Fotografía', 'start_date': '2026-02-21',
      'start_time': '20:00:00', 'end_date': '2026-05-24', 'end_time':
      '20:00:00', 'description': 'Exposición fotográfica ‘Misión
      Andalucía’ en el Centro Andaluz de la Fotografía en Almería.
      Inauguración el 20 de febrero a las 20:00 horas, con la participación de
      María Clauss, Santi Donaire, Manolo Espaliú, Susana Girón, David
      Jiménez, Laura León, Pablo López, Julián Ochoa. In memoriam María
      Clauss.', 'others': {'category': 'Exposición Fotográfica', 'hour':
      '__NOT_FOUND__', 'startDate': '2026-2-21T20:00+2:00', 'endDate':
      '2026-5-24T20:00+2:00', 'duration_days': 92, 'location': 'Calle Pintor
      Díaz Molina, s/n.04002'}, 'source': 'AlmeriaTurismo', 'exec_time':
      '20260406T194525', 'session': '2026_04_06_19_42_Lunes', 'image':
      'https://www.turismodealmeria.org/wp-content/uploads/2026/02/Mision-Andalu
      cia.jpg', 'url':
      'https://www.turismodealmeria.org/evento/mision-andalucia/'}
      --------------------
      {'id': '7ed94d3d', 'show': 1, 'in_city': 1, 'one_day': 0,
      'wrong_date_time': 1, 'event': 'Exposición "De Lo Terrenal a Lo Divino"',
      'slug': 'exposicion-de-lo-terrenal-a-lo-divino', 'category':
      '__NOT_DEFINIED__', 'id_venue': 'mLbRBN6h', 'venue': 'Museo de Arte Doña
      Pakyta', 'std_venue': 'Museo de Arte Doña Pakyta', 'start_date':
      '2026-03-26', 'start_time': '__NOT_FOUND__', 'end_date': '2026-05-18',
      'end_time': '__NOT_FOUND__', 'description': 'El Museo de Arte de Almería
      Doña Pakyta acoge el próximo Jueves 26 de marzo la exposición ‘De lo
      Terrenal a lo Divino’, una muestra que ha llegado a este espacio
      museístico precisamente en los días previos de la celebración de la
      Semana Santa.', 'others': {'category': 'EXPOSICIÓN PINTURA Y ESCULTURA',
      'hour': '__NOT_FOUND__', 'startDate': '2026-3-26', 'endDate': '2026-5-18',
      'duration_days': 53, 'location': 'Plaza de Emilio Pérez, 1, 04001'},
      'source': 'AlmeriaTurismo', 'exec_time': '20260406T194525', 'session':
      '2026_04_06_19_42_Lunes', 'image':
      'https://www.turismodealmeria.org/wp-content/uploads/2026/03/de-lo-terrena
      l.jpg', 'url':
      'https://www.turismodealmeria.org/evento/exposicion-de-lo-terrenal-a-lo-di
      vino/'}
      --------------------
      {'id': '556ca8d0', 'show': 1, 'in_city': 1, 'one_day': 0,
      'wrong_date_time': 1, 'event': "Obra Invitada 'Amparo'", 'slug':
      'obra-invitada-amparo', 'category': '__NOT_DEFINIED__', 'id_venue':
      'mLbRBN6h', 'venue': 'Museo de Arte Doña Pakyta', 'std_venue': 'Museo de
      Arte Doña Pakyta', 'start_date': '2026-03-27', 'start_time':
      '__NOT_FOUND__', 'end_date': '2026-05-17', 'end_time': '__NOT_FOUND__',
      'description': 'Hasta el 17 de mayo. 10:30 a 13:30. 17:00 a 20:00',
      'others': {'category': '__NOT_FOUND__', 'hour': '__NOT_FOUND__',
      'startDate': '2026-3-27', 'endDate': '2026-5-17', 'duration_days': 51,
      'location': 'Plaza de Emilio Pérez, 1, 04001'}, 'source':
      'AlmeriaTurismo', 'exec_time': '20260406T194525', 'session':
      '2026_04_06_19_42_Lunes', 'image':
      'https://www.turismodealmeria.org/wp-content/uploads/2026/03/obra-invitada
      -amparo.jpg', 'url':
      'https://www.turismodealmeria.org/evento/obra-invitada-amparo/'}
      --------------------
      {'id': '1829bd40', 'show': 1, 'in_city': 1, 'one_day': 0,
      'wrong_date_time': 1, 'event': 'Solazo Fest 2026', 'slug':
      'solazo-fest-2026', 'category': '__NOT_DEFINIED__', 'id_venue': None,
      'venue': 'Cooltural', 'std_venue': None, 'start_date': '2026-05-01',
      'start_time': '__NOT_FOUND__', 'end_date': '2026-05-03', 'end_time':
      '__NOT_FOUND__', 'description': '¡El festival de la primavera de
      Almería! Ven y disfruta del Solazo Fest en el Recinto del Ferial de
      Almería del 1 al 3 de mayo de 2026.', 'others': {'category': 'Recinto del
      Ferial de Almería', 'hour': '__NOT_FOUND__', 'startDate': '2026-5-1',
      'endDate': '2026-5-3', 'duration_days': 2, 'location': 'Recinto Ferial de
      Almería, 04007 Almería'}, 'source': 'AlmeriaTurismo', 'exec_time':
      '20260406T194525', 'session': '2026_04_06_19_42_Lunes', 'image':
      'https://www.turismodealmeria.org/wp-content/uploads/2026/03/Solazo-Fest-2
      026.jpg', 'url':
      'https://www.turismodealmeria.org/evento/solazo-fest-2026/'}
      --------------------
      {'id': '90d95afc', 'show': 1, 'in_city': 1, 'one_day': 1,
      'wrong_date_time': 0, 'event': 'Marta Sánchez - Gira 40 Años', 'slug':
      'marta-sanchez-gira-40-anos', 'category': '__NOT_DEFINIED__', 'id_venue':
      None, 'venue': 'Almería', 'std_venue': None, 'start_date': '2026-05-01',
      'start_time': '20:00:00', 'end_date': '2026-05-01', 'end_time':
      '22:00:00', 'description': 'Concierto de Marta Sánchez celebrando 40
      años de carrera en Almería.', 'others': {'category': '1985 / GIRA 40
      AÑOS / 2025', 'hour': '__NOT_FOUND__', 'startDate':
      '2026-5-1T20:00+2:00', 'endDate': '2026-5-1T22:00+2:00', 'duration_days':
      0, 'location': 'Calle Tarragona 2'}, 'source': 'AlmeriaTurismo',
      'exec_time': '20260406T194525', 'session': '2026_04_06_19_42_Lunes',
      'image':
      'https://www.turismodealmeria.org/wp-content/uploads/2026/03/Marta-Sanchez
      -Gira-40-Anos.jpg', 'url':
      'https://www.turismodealmeria.org/evento/marta-sanchez-gira-40-anos/'}
      --------------------
      {'id': 'ffd46fb4', 'show': 1, 'in_city': 1, 'one_day': 1,
      'wrong_date_time': 0, 'event': 'Armas, Gérmenes Y Acero - Club De Lectura
      Científica', 'slug': 'armas-germenes-y-acero-club-de-lectura-cientifica',
      'category': '__NOT_DEFINIED__', 'id_venue': '5400faf4', 'venue':
      'Pabellón de Historia Natural, PHN', 'std_venue': 'Pabellón de Historia
      Natural', 'start_date': '2026-05-05', 'start_time': '16:00:00',
      'end_date': '2026-05-05', 'end_time': '18:00:00', 'description': 'El
      evento ‘Armas, gérmenes y acero’ es un club de lectura científica
      donde se profundizará en el impacto de las armas, enfermedades y
      tecnología en el desarrollo de las sociedades. Coordinan Juan Mota y
      Eduardo Gallego.', 'others': {'category': 'Club de lectura científica',
      'hour': '__NOT_FOUND__', 'startDate': '2026-5-5T16:00+2:00', 'endDate':
      '2026-5-5T18:00+2:00', 'duration_days': 0, 'location': 'Universidad de
      Almería, 04120 Almería'}, 'source': 'AlmeriaTurismo', 'exec_time':
      '20260406T194525', 'session': '2026_04_06_19_42_Lunes', 'image':
      'https://www.turismodealmeria.org/wp-content/uploads/2026/03/Armas-germene
      s-y-acero-Club-de-lectura-cientifica.png', 'url':
      'https://www.turismodealmeria.org/evento/armas-germenes-y-acero-club-de-le
      ctura-cientifica/var/ri-2.l-L1'}
      --------------------
      {'id': '7ba86db8', 'show': 1, 'in_city': 1, 'one_day': 0,
      'wrong_date_time': 1, 'event': 'El Circo De La Luz', 'slug':
      'el-circo-de-la-luz', 'category': '__NOT_DEFINIED__', 'id_venue': None,
      'venue': 'Coolfest', 'std_venue': None, 'start_date': '2026-05-08',
      'start_time': '__NOT_FOUND__', 'end_date': '2026-05-17', 'end_time':
      '__NOT_FOUND__', 'description': 'Disfruta de un espectáculo fascinante
      presentado por Circo Alegría. Sumérgete en un mundo mágico donde los
      sueños se iluminan y la emoción brilla bajo la gran carpa en el Recinto
      Ferial de Almería. Este show innovador promete revolucionar el circo con
      una deslumbrante exhibición visual.', 'others': {'category': 'El show que
      ilumina el mundo y revoluciona el circo', 'hour': '__NOT_FOUND__',
      'startDate': '2026-5-8', 'endDate': '2026-5-17', 'duration_days': 9,
      'location': 'Recinto Ferial de Almería, 04007 Almería'}, 'source':
      'AlmeriaTurismo', 'exec_time': '20260406T194525', 'session':
      '2026_04_06_19_42_Lunes', 'image':
      'https://www.turismodealmeria.org/wp-content/uploads/2026/03/El-Circo-de-l
      a-Luz.jpg', 'url':
      'https://www.turismodealmeria.org/evento/el-circo-de-la-luz/'}
      --------------------
      {'id': '2dda755f', 'show': 1, 'in_city': 1, 'one_day': 1,
      'wrong_date_time': 0, 'event': 'Lorna 2026', 'slug': 'lorna-2026',
      'category': '__NOT_DEFINIED__', 'id_venue': 'NmPqTrh6', 'venue': 'Berlin
      Social Club', 'std_venue': 'Berlin Social Club', 'start_date':
      '2026-05-09', 'start_time': '20:30:00', 'end_date': '2026-05-09',
      'end_time': '23:00:00', 'description': 'Evento en Berlin Social Club,
      Almería el 9 de mayo.', 'others': {'category': 'Actuación en Berlin
      Social Club', 'hour': '__NOT_FOUND__', 'startDate': '2026-5-9T20:30+2:00',
      'endDate': '2026-5-9T23:00+2:00', 'duration_days': 0, 'location': 'Parque
      de Nicolás Salmerón, 9, Bajo 2, 04001 Almería'}, 'source':
      'AlmeriaTurismo', 'exec_time': '20260406T194525', 'session':
      '2026_04_06_19_42_Lunes', 'image':
      'https://www.turismodealmeria.org/wp-content/uploads/2026/03/Zorna-2026.jp
      g', 'url': 'https://www.turismodealmeria.org/evento/lorna-2026/'}
      --------------------
      {'id': '05b2ac82', 'show': 1, 'in_city': 1, 'one_day': 1,
      'wrong_date_time': 0, 'event': 'Estopatí - Tributo a Estopa', 'slug':
      'estopati-tributo-a-estopa', 'category': '__NOT_DEFINIED__', 'id_venue':
      'NmPqTrh6', 'venue': 'Berlin Social Club', 'std_venue': 'Berlin Social
      Club', 'start_date': '2026-05-15', 'start_time': '20:30:00', 'end_date':
      '2026-05-15', 'end_time': '23:00:00', 'description': 'Tributo al famoso
      grupo Estopa en Almería, no te lo pierdas el 15 de mayo.', 'others':
      {'category': 'Tributazo a Estopa', 'hour': '__NOT_FOUND__', 'startDate':
      '2026-5-15T20:30+2:00', 'endDate': '2026-5-15T23:00+2:00',
      'duration_days': 0, 'location': 'Parque de Nicolás Salmerón, 9, Bajo 2,
      04001 Almería'}, 'source': 'AlmeriaTurismo', 'exec_time':
      '20260406T194525', 'session': '2026_04_06_19_42_Lunes', 'image':
      'https://www.turismodealmeria.org/wp-content/uploads/2026/03/Estopati-Trib
      uto-a-Estopa.jpg', 'url':
      'https://www.turismodealmeria.org/evento/estopati-tributo-a-estopa/'}
      --------------------
      {'id': '1e709d1b', 'show': 1, 'in_city': 1, 'one_day': 1,
      'wrong_date_time': 0, 'event': 'Dos Hombres Solos Sin Punto Com Ni Ná',
      'slug': 'dos-hombres-solos-sin-punto-com-ni-na', 'category':
      '__NOT_DEFINIED__', 'id_venue': 'DgpfFbPt', 'venue': 'Teatro Cervantes',
      'std_venue': 'Teatro Cervantes', 'start_date': '2026-05-15', 'start_time':
      '21:00:00', 'end_date': '2026-05-15', 'end_time': '23:00:00',
      'description': 'El próximo 15 de mayo a las 21:00 h en el Teatro
      Cervantes de Almería no te pierdas la comedia ‘Dos hombres solos sin
      punto com ni ná’, con Manolo Medina y David Caballero. Un espectáculo
      recomendado para mayores de 13 años, dentro de la gira 2026 celebrando
      los 30 años de esta hilarante propuesta.', 'others': {'category': 'Teatro
      Cervantes, Almería', 'hour': '__NOT_FOUND__', 'startDate':
      '2026-5-15T21:00+2:00', 'endDate': '2026-5-15T23:00+2:00',
      'duration_days': 0, 'location': 'Calle Poeta Villaespesa, 1, 04001
      Almería'}, 'source': 'AlmeriaTurismo', 'exec_time': '20260406T194525',
      'session': '2026_04_06_19_42_Lunes', 'image':
      'https://www.turismodealmeria.org/wp-content/uploads/2026/02/WhatsApp-Imag
      e-2026-02-08-at-10.02.49.jpeg', 'url':
      'https://www.turismodealmeria.org/evento/dos-hombres-solos-sin-punto-com-n
      i-na/'}
      --------------------
      {'id': 'c36b5241', 'show': 1, 'in_city': 1, 'one_day': 1,
      'wrong_date_time': 0, 'event': 'Actualidad Astronómica Con Jorge
      Iglesias', 'slug': 'actualidad-astronomica-con-jorge-iglesias',
      'category': '__NOT_DEFINIED__', 'id_venue': '8g4nLPqF', 'venue':
      'Universidad de Almería (UAL)', 'std_venue': 'Paraninfo de la Universidad
      de Almería', 'start_date': '2026-05-21', 'start_time': '12:00:00',
      'end_date': '2026-05-21', 'end_time': '13:30:00', 'description': 'El ciclo
      de tertulias sobre astronomía vuelve este año con Jorge Iglesias, quien
      presentará y debatirá sobre las novedades más importantes en el ámbito
      astronómico. Las sesiones se llevarán a cabo en el Edificio de
      Psicología, Sala de Grados, a las 12:00h. Fechas: 19 de febrero, 19 de
      marzo, 23 de abril y 21 de mayo.', 'others': {'category': 'Edificio de
      Psicología, Sala de Grados, Universidad de Almería', 'hour':
      '__NOT_FOUND__', 'startDate': '2026-5-21T12:00+2:00', 'endDate':
      '2026-5-21T13:30+2:00', 'duration_days': 0, 'location': 'Carr. Sacramento,
      s/n, 04120 La Cañada, Almería'}, 'source': 'AlmeriaTurismo',
      'exec_time': '20260406T194525', 'session': '2026_04_06_19_42_Lunes',
      'image':
      'https://www.turismodealmeria.org/wp-content/uploads/2026/02/Actualidad-as
      tronomica-con-Jorge-Iglesias.jpg', 'url':
      'https://www.turismodealmeria.org/evento/actualidad-astronomica-con-jorge-
      iglesias/var/ri-3.l-L1'}
      --------------------
      {'id': '652fcbf3', 'show': 1, 'in_city': 1, 'one_day': 1,
      'wrong_date_time': 0, 'event': 'Una Suela Sin Zapato. Beatriz', 'slug':
      'una-suela-sin-zapato-beatriz', 'category': '__NOT_DEFINIED__',
      'id_venue': 'TjmFnJdD', 'venue': 'Biblioteca Pública Francisco
      Villaespesa', 'std_venue': 'Biblioteca Pública Francisco Villaespesa',
      'start_date': '2026-05-22', 'start_time': '17:00:00', 'end_date':
      '2026-05-22', 'end_time': '19:00:00', 'description': 'Presentación del
      libro ‘Una Suela Sin Zapato. Beatriz’ de Eloy Cubillo. La cita es el
      viernes 22 de mayo a las 18:00 en la Biblioteca Pública Francisco
      Villaespesa de Almería.', 'others': {'category': 'Presentación de
      libro', 'hour': '__NOT_FOUND__', 'startDate': '2026-5-22T17:00+2:00',
      'endDate': '2026-5-22T19:00+2:00', 'duration_days': 0, 'location': 'C.
      Hermanos Machado, s/n, 04004 Almería'}, 'source': 'AlmeriaTurismo',
      'exec_time': '20260406T194525', 'session': '2026_04_06_19_42_Lunes',
      'image':
      'https://www.turismodealmeria.org/wp-content/uploads/2026/03/Una-Suela-Sin
      -Zapato.-Beatriz.jpg', 'url':
      'https://www.turismodealmeria.org/evento/una-suela-sin-zapato-beatriz/'}
      --------------------
      {'id': '6f4cdfb9', 'show': 1, 'in_city': 1, 'one_day': 1,
      'wrong_date_time': 0, 'event': 'Luar:Na:Lubre - Lubre: 40 Aniversario',
      'slug': 'luar-na-lubre-lubre-40-aniversario', 'category':
      '__NOT_DEFINIED__', 'id_venue': 'DgpfFbPt', 'venue': 'Teatro Cervantes',
      'std_venue': 'Teatro Cervantes', 'start_date': '2026-05-22', 'start_time':
      '20:00:00', 'end_date': '2026-05-22', 'end_time': '22:00:00',
      'description': 'El grupo Luar:Na:Lubre celebra su 40 aniversario con un
      concierto en el Teatro Cervantes de Almería el viernes 22 de mayo a las
      20:00. Disfruta de un viaje musical único con entradas anticipadas a
      20€ y en taquilla a 25€.', 'others': {'category': 'Xira Lubre: 40
      Aniversario', 'hour': '__NOT_FOUND__', 'startDate':
      '2026-5-22T20:00+2:00', 'endDate': '2026-5-22T22:00+2:00',
      'duration_days': 0, 'location': 'Calle Poeta Villaespesa, 1, 04001
      Almería'}, 'source': 'AlmeriaTurismo', 'exec_time': '20260406T194525',
      'session': '2026_04_06_19_42_Lunes', 'image':
      'https://www.turismodealmeria.org/wp-content/uploads/2026/03/LuarNaLubre-L
      ubre-40-Aniversario.jpg', 'url':
      'https://www.turismodealmeria.org/evento/luarnalubre-lubre-40-aniversario/
      '}
      --------------------
      {'id': '207181bc', 'show': 1, 'in_city': 1, 'one_day': 1,
      'wrong_date_time': 0, 'event': 'Concierto Homenaje a Las Grandes Bandas De
      Los 80', 'slug': 'concierto-homenaje-a-las-grandes-bandas-de-los-80',
      'category': '__NOT_DEFINIED__', 'id_venue': 'NmPqTrh6', 'venue': 'Berlin
      Social Club', 'std_venue': 'Berlin Social Club', 'start_date':
      '2026-05-22', 'start_time': '21:30:00', 'end_date': '2026-05-22',
      'end_time': '23:00:00', 'description': 'Un emocionante tributo a las
      legendarias bandas Radio Futura, El Último de la Fila y Héroes del
      Silencio. Disfruta de los grandes éxitos de los 80 en una noche
      inolvidable.', 'others': {'category': 'Concierto Tributo a Bandas
      Legendarias', 'hour': '__NOT_FOUND__', 'startDate':
      '2026-5-22T21:30+2:00', 'endDate': '2026-5-22T23:00+2:00',
      'duration_days': 0, 'location': 'Parque de Nicolás Salmerón, 9, Bajo 2,
      04001 Almería'}, 'source': 'AlmeriaTurismo', 'exec_time':
      '20260406T194525', 'session': '2026_04_06_19_42_Lunes', 'image':
      'https://www.turismodealmeria.org/wp-content/uploads/2026/03/Concierto-Hom
      enaje-a-las-Grandes-Bandas-de-los-80.jpg', 'url':
      'https://www.turismodealmeria.org/evento/concierto-homenaje-a-las-grandes-
      bandas-de-los-80/'}
      --------------------
      {'id': '209c5692', 'show': 1, 'in_city': 1, 'one_day': 1,
      'wrong_date_time': 0, 'event': 'La Vida Resuelta', 'slug':
      'la-vida-resuelta', 'category': '__NOT_DEFINIED__', 'id_venue':
      'DgpfFbPt', 'venue': 'Teatro Cervantes', 'std_venue': 'Teatro Cervantes',
      'start_date': '2026-05-23', 'start_time': '20:00:00', 'end_date':
      '2026-05-23', 'end_time': '22:00:00', 'description': 'Venus en Escena
      presenta ‘La Vida Resuelta’, una comedia de Marta Sánchez y David S.
      Olivas, dirigida por Abel Pons. Con las actuaciones de Abel Pons, Valeria
      Roberts, Ángela Felices, Matías Ruiz Alonso, y Nuria Goman.', 'others':
      {'category': 'Teatro Cervantes, Almería', 'hour': '__NOT_FOUND__',
      'startDate': '2026-5-23T20:00+2:00', 'endDate': '2026-5-23T22:00+2:00',
      'duration_days': 0, 'location': 'Calle Poeta Villaespesa, 1, 04001
      Almería'}, 'source': 'AlmeriaTurismo', 'exec_time': '20260406T194525',
      'session': '2026_04_06_19_42_Lunes', 'image':
      'https://www.turismodealmeria.org/wp-content/uploads/2026/03/La-Vida-Resue
      lta.jpg', 'url':
      'https://www.turismodealmeria.org/evento/la-vida-resuelta/'}
      --------------------
      {'id': '0be85904', 'show': 1, 'in_city': 1, 'one_day': 1,
      'wrong_date_time': 0, 'event': 'Cuervo Blanco Fest II', 'slug':
      'cuervo-blanco-fest-ii', 'category': '__NOT_DEFINIED__', 'id_venue':
      'NmPqTrh6', 'venue': 'Berlin Social Club', 'std_venue': 'Berlin Social
      Club', 'start_date': '2026-05-23', 'start_time': '20:00:00', 'end_date':
      '2026-05-23', 'end_time': '23:00:00', 'description': '¡No te pierdas el
      Cuervo Blanco Fest II el próximo 23 de mayo en Berlin Social Club!
      Disfruta del mejor tributo en España a System of a Down con la banda
      Armenian. Apertura de puertas a las 20:00 y comienzo del festival a las
      21:00.', 'others': {'category': 'Mejor tributo de España a System of a
      Down', 'hour': '__NOT_FOUND__', 'startDate': '2026-5-23T20:00+2:00',
      'endDate': '2026-5-23T23:00+2:00', 'duration_days': 0, 'location': 'Parque
      de Nicolás Salmerón, 9, Bajo 2, 04001 Almería'}, 'source':
      'AlmeriaTurismo', 'exec_time': '20260406T194525', 'session':
      '2026_04_06_19_42_Lunes', 'image':
      'https://www.turismodealmeria.org/wp-content/uploads/2026/03/Cuervo-Blanco
      -Fest-II.jpg', 'url':
      'https://www.turismodealmeria.org/evento/cuervo-blanco-fest-ii/'}
      --------------------
      {'id': '61c21f69', 'show': 1, 'in_city': 1, 'one_day': 1,
      'wrong_date_time': 0, 'event': 'Paula Koops - Los Lugares Donde No Pudimos
      Ir Tour', 'slug': 'paula-koops-los-lugares-donde-no-pudimos-ir-tour',
      'category': '__NOT_DEFINIED__', 'id_venue': 'NmPqTrh6', 'venue': 'Berlin
      Social Club', 'std_venue': 'Berlin Social Club', 'start_date':
      '2026-05-29', 'start_time': '21:00:00', 'end_date': '2026-05-29',
      'end_time': '23:00:00', 'description': 'El tour ‘Los Lugares Donde No
      Pudimos Ir’ de Paula Koops llega a Almería el próximo 29 de mayo en la
      Sala Berlin. La apertura de puertas será a las 21:00 y el show comenzará
      a las 22:00.', 'others': {'category': 'Los Lugares Donde No Pudimos Ir
      Tour', 'hour': '(Viernes) 21:00 pm - 23:00 pm', 'startDate':
      '2026-5-29T21:00+2:00', 'endDate': '2026-5-29T23:00+2:00',
      'duration_days': 0, 'location': 'Parque de Nicolás Salmerón, 9, Bajo 2,
      04001 Almería'}, 'source': 'AlmeriaTurismo', 'exec_time':
      '20260406T194525', 'session': '2026_04_06_19_42_Lunes', 'image':
      'https://www.turismodealmeria.org/wp-content/uploads/2026/03/Paula-Koops-L
      os-Lugares-Donde-No-Pudimos-Ir-Tour.jpg', 'url':
      'https://www.turismodealmeria.org/evento/paula-koops-los-lugares-donde-no-
      pudimos-ir-tour/'}
      --------------------
      {'id': '25879fc0', 'show': 1, 'in_city': 1, 'one_day': 1,
      'wrong_date_time': 0, 'event': 'El Raro De Los 90s - David Domínguez',
      'slug': 'el-raro-de-los-90s-david-dominguez', 'category':
      '__NOT_DEFINIED__', 'id_venue': 'DgpfFbPt', 'venue': 'Teatro Cervantes',
      'std_venue': 'Teatro Cervantes', 'start_date': '2026-05-31', 'start_time':
      '18:00:00', 'end_date': '2026-05-31', 'end_time': '19:00:00',
      'description': 'Show de comedia con David Domínguez que te lleva de
      vuelta a los años 90, combinando humor nostálgico con referencias a la
      cultura pop. No te pierdas esta oportunidad de revivir los 90s en el
      Teatro Cervantes de Almería.', 'others': {'category': 'Desde la Gran Vía
      de Madrid', 'hour': '__NOT_FOUND__', 'startDate': '2026-5-31T18:00+2:00',
      'endDate': '2026-5-31T19:00+2:00', 'duration_days': 0, 'location': 'Calle
      Poeta Villaespesa, 1, 04001 Almería'}, 'source': 'AlmeriaTurismo',
      'exec_time': '20260406T194525', 'session': '2026_04_06_19_42_Lunes',
      'image':
      'https://www.turismodealmeria.org/wp-content/uploads/2026/03/El-Raro-de-lo
      s-90s-David-Dominguez.jpg', 'url':
      'https://www.turismodealmeria.org/evento/el-raro-de-los-90s-david-domingue
      z/'}
      Checking unique event url.
      New url events = 0
      #######################
      No new urls/events extracted. No new events to save
      #######################

Result: Succeeded

Launching scraper: JuntaAndaluciaAgenda
Succeeded - 2026-04-06T19:45:56Z

dag: FisgonTaskSelenium (1m 7s)
│
└─tarea_1 (1m 7s) [succeeded]
  ├─bash -lc 'set -eo pipefail; export DOCKER_CONFIG=/tmp/.docker HOME=/tmp;
  │   SELENIUM_NAME="selenium_${DAG_RUN_ID:-$$}_$(date +%s)"; cleanup() {
  │   docker rm -f "$SELENIUM_NAME" >/dev/null 2>&1 || true; }; trap cleanup
  │   EXIT; docker run -d --rm --name "$SELENIUM_NAME" --shm-size=2g -e
  │   SE_NODE_MAX_SESSIONS=1 -e SE_NODE_OVERRIDE_MAX_SESSIONS=true
  │   selenium/standalone-chrome:latest >/dev/null; docker exec
  │   "$SELENIUM_NAME" bash -c "for i in \$(seq 1 60); do (echo >
  │   /dev/tcp/127.0.0.1/4444) >/dev/null 2>&1 && exit 0; sleep 1; done; exit
  │   1"; docker run --rm --network container:"$SELENIUM_NAME" -v
  │   /home/ubuntu/work/fisgon:/app -v
  │   /home/ubuntu/data_storage:/home/ubuntu/data_storage -v
  │   /home/ubuntu/work/event_flask_app/static/img:/home/ubuntu/work/event_fla
  │   sk_app/static/img -w /app -e OPERATION=0 -e DOCKER_CONFIG=/tmp/.docker
  │   -e HOME=/tmp -e TARGET_CITY -e TARGET_SCRAPER -e
  │   DAG_RUN_URL="${DAGU_BASE_URL:-}/dags/${DAG_NAME}?dagRunId=${DAG_RUN_ID}"
  │   -e
  │   DAG_RUN_LOG_URL="${DAGU_BASE_URL:-}/dags/${DAG_NAME}/log?remoteNode=loca
  │   l&step=tarea_1&dagRunId=${DAG_RUN_ID}" fisgon_scraper:1.0'
  │
  ├─stdout: ... (14 more lines)
  │   http://localhost:4444/wd/hub
  │   ******
  │   css selector
  │   .view-display-id-page_search_activities > ul:nth-child(3) >
  │   li:nth-child(1) > a:nth-child(1)
  │   clicking
  │   sleeping 3
  │   Scrolling...
  │   sleeping 1
  │   sleeping 7
  │   ******
  │   css selector
  │   .view-display-id-page_search_activities > ul:nth-child(3) >
  │   li:nth-child(1) > a:nth-child(1)
  │   clicking
  │   sleeping 3
  │   Scrolling...
  │   sleeping 1
  │   sleeping 7
  │   ******
  │   css selector
  │   .view-display-id-page_search_activities > ul:nth-child(3) >
  │   li:nth-child(1) > a:nth-child(1)
  │   clicking
  │   sleeping 3
  │   Scrolling...
  │   sleeping 1
  │   sleeping 7
  │   ******
  │   css selector
  │   .view-display-id-page_search_activities > ul:nth-child(3) >
  │   li:nth-child(1) > a:nth-child(1)
  │   clicking
  │   sleeping 3
  │   Scrolling...
  │   sleeping 1
  │   sleeping 7
  │   ******
  │   css selector
  │   .view-display-id-page_search_activities > ul:nth-child(3) >
  │   li:nth-child(1) > a:nth-child(1)
  │   .view-display-id-page_search_activities > ul:nth-child(3) >
  │   li:nth-child(1) > a:nth-child(1) Not found
  │   Getting content
  │   *** SCRAPED 62 URLS WITH EVENTS **
  │   New url events = 1
  │   0 / 1
  │   Getting
  │   https://www.juntadeandalucia.es/cultura/agendaculturaldeandalucia/evento
  │   /sesion-de-cuentos-los-cuentos-conocen-la-ciudad-con-paula-mandarina
  │   Sleep 4
  │   --------------------
  │   {'id': '42272f17', 'show': 1, 'in_city': 1, 'one_day': 1,
  │   'wrong_date_time': 0, 'event': 'Sesión De Cuentos "Los Cuentos Conocen
  │   La Ciudad", Con Paula Mandarina', 'slug':
  │   'sesion-de-cuentos-los-cuentos-conocen-la-ciudad-con-paula-mandarina',
  │   'category': '__NOT_DEFINIED__', 'id_venue': 'TjmFnJdD', 'venue':
  │   'Biblioteca Pública del Estado-Biblioteca Provincial de Almería
  │   Francisco Villaespesa', 'std_venue': 'Biblioteca Pública Francisco
  │   Villaespesa', 'start_date': '2026-04-11', 'start_time': '11:00:00',
  │   'end_date': '2026-04-11', 'end_time': '__NOT_DEFINIED__', 'description':
  │   'Sesión de cuentos "Los cuentos conocen la ciudad", con Paula
  │   Mandarina. Ha llegado el día que los libros esperan impacientes, un
  │   año más sacamos a los libros de la biblioteca para que conozcan la
  │   ciudad. Acompáñanos a contar cuentos en los rincones más chulos de
  │   Almería. Dirigido a público familiar. Aforo máximo: 50 personas.
  │   Duración: 1 hora. Sábado 11 de abril 11:00h. Inscripción previa.',
  │   'others': {'location_url':
  │   '/cultura/agendaculturaldeandalucia/espacios/biblioteca-publica-del-esta
  │   do-biblioteca-provincial-de-almeria-francisco-villaespesa', 'location2':
  │   'Biblioteca Pública del Estado-Biblioteca Provincial de Almería
  │   Francisco Villaespesa', 'duration': '1', 'datetime_details': '11 de
  │   Abril del 2026, 11:00 h.', 'town': '__NOT_FOUND__', 'location': 'Calle
  │   Hermanos Machado, s/n, Almería. Almería', 'duration_days':
  │   '__NOT_FOUND__'}, 'source': 'JuntaAndaluciaAgenda', 'exec_time':
  │   '20260406T194603', 'session': '2026_04_06_19_42_Lunes', 'image':
  │   'https://www.juntadeandalucia.es/cultura/agendaculturaldeandalucia/sites
  │   /default/files/styles/header_activity_ext_2xl/public/2026-04/CARTEL_2.pn
  │   g.webp?itok=JNx9ow2b', 'url':
  │   'https://www.juntadeandalucia.es/cultura/agendaculturaldeandalucia/event
  │   o/sesion-de-cuentos-los-cuentos-conocen-la-ciudad-con-paula-mandarina'}
  │   ****************************
  │   Saving 1 new events
  │   Saving in
  │   /home/ubuntu/data_storage/Almeria/2026_04_06_19_42_Lunes/0_raw/20260406_
  │   1946_JuntaAndaluciaAgenda.json
  │   Saving 1 master url
  │   Appending to /home/ubuntu/data_storage/Almeria/00_master/master_url.json
  └─stderr:
      /usr/local/lib/python3.11/site-packages/urllib3/connectionpool.py:1097:
      InsecureRequestWarning: Unverified HTTPS request is being made to host
      'www.juntadeandalucia.es'. Adding certificate verification is strongly
      advised. See:
      https://urllib3.readthedocs.io/en/latest/advanced-usage.html#tls-warnings
      warnings.warn(

Result: Succeeded

Launching scraper: ClassicJazz
Succeeded - 2026-04-06T19:47:03Z

dag: FisgonTaskSelenium (50.0s)
│
└─tarea_1 (50.0s) [succeeded]
  ├─bash -lc 'set -eo pipefail; export DOCKER_CONFIG=/tmp/.docker HOME=/tmp;
  │   SELENIUM_NAME="selenium_${DAG_RUN_ID:-$$}_$(date +%s)"; cleanup() {
  │   docker rm -f "$SELENIUM_NAME" >/dev/null 2>&1 || true; }; trap cleanup
  │   EXIT; docker run -d --rm --name "$SELENIUM_NAME" --shm-size=2g -e
  │   SE_NODE_MAX_SESSIONS=1 -e SE_NODE_OVERRIDE_MAX_SESSIONS=true
  │   selenium/standalone-chrome:latest >/dev/null; docker exec
  │   "$SELENIUM_NAME" bash -c "for i in \$(seq 1 60); do (echo >
  │   /dev/tcp/127.0.0.1/4444) >/dev/null 2>&1 && exit 0; sleep 1; done; exit
  │   1"; docker run --rm --network container:"$SELENIUM_NAME" -v
  │   /home/ubuntu/work/fisgon:/app -v
  │   /home/ubuntu/data_storage:/home/ubuntu/data_storage -v
  │   /home/ubuntu/work/event_flask_app/static/img:/home/ubuntu/work/event_fla
  │   sk_app/static/img -w /app -e OPERATION=0 -e DOCKER_CONFIG=/tmp/.docker
  │   -e HOME=/tmp -e TARGET_CITY -e TARGET_SCRAPER -e
  │   DAG_RUN_URL="${DAGU_BASE_URL:-}/dags/${DAG_NAME}?dagRunId=${DAG_RUN_ID}"
  │   -e
  │   DAG_RUN_LOG_URL="${DAGU_BASE_URL:-}/dags/${DAG_NAME}/log?remoteNode=loca
  │   l&step=tarea_1&dagRunId=${DAG_RUN_ID}" fisgon_scraper:1.0'
  │
  ├─stdout:
  │   RUNNING VARS →
  │   CITY=Almeria,
  │   OPERATION=0,
  │   CREATE_SESSION=0,
  │   CLOSE_SESSION=0,
  │   SESSION=None,
  │   IMAGES=0,
  │   GET_SCRAPERS=
  │   SCRAPER=ClassicJazz
  │   DAG_RUN_URL=/dags/FisgonTaskSelenium/log?remoteNode=local&step=tarea_1&d
  │   agRunId=019d6455-94c6-7bed-bd37-bc6663d009d7
  │   Running for Almeria: ClassicJazz
  │   ClassicJazz
  │   RUNNING SESSION =  2026_04_06_19_42_Lunes
  │   Starting WebDriver...
  │   http://localhost:4444/wd/hub
  │   *********************times =1
  │   sleeping 7
  │   Scrolling...
  │   sleeping 1
  │   Getting content
  │   clicking
  │   sleeping 3
  │   sleeping 7
  │   *********************times =2
  │   sleeping 7
  │   Scrolling...
  │   sleeping 1
  │   Getting content
  │   clicking
  │   sleeping 3
  │   sleeping 7
  │   *** SCRAPED 114 URLS WITH EVENTS **
  │   New url events = 1
  │   0 / 1
  │   Getting https://clasijazz.com/evento/jam-session-4/2026-05-27/
  │   Sleep 4
  │   2026-05-27T22:00:00 2026-05-27T23:30:00
  │   --------------------
  │   {'id': '9c09d585', 'show': 1, 'in_city': 1, 'one_day': 1,
  │   'wrong_date_time': 0, 'event': 'Jam Session', 'slug': 'jam-session',
  │   'category': '__NOT_DEFINIED__', 'id_venue': 'Q6b6LRjT', 'venue': 'Sede
  │   Clasijazz', 'std_venue': 'Clasijazz', 'start_date': '2026-05-27',
  │   'start_time': '22:00:00', 'end_date': '2026-05-27', 'end_time':
  │   '23:30:00', 'description': '3 € No Soci@ / gratuito Soci@ Sala
  │   Principal Cada miércoles puedes disfrutar de una Jam Session. Uno de
  │   los eventos más seguidos en Almería y por el que han pasado
  │   muchísimos músicos y público. ¡Disfruta de esta maravilla de Jam
  │   Session!', 'others': {'price': '__NOT_DEFINIED__', 'category':
  │   'Programación', 'location_url':
  │   'https://clasijazz.com/local/sede-clasijazz/', 'location': 'Maestro
  │   Serrano 9, Almería'}, 'source': 'ClassicJazz', 'exec_time':
  │   '20260406T194707', 'session': '2026_04_06_19_42_Lunes', 'image':
  │   'https://clasijazz.com/wp-content/uploads/2025/09/PANA5800-scaled.jpg',
  │   'url': 'https://clasijazz.com/evento/jam-session-4/2026-05-27/'}
  │   ****************************
  │   Saving 1 new events
  │   Saving in
  │   /home/ubuntu/data_storage/Almeria/2026_04_06_19_42_Lunes/0_raw/20260406_
  │   1947_ClassicJazz.json
  │   Saving 1 master url
  │   Appending to /home/ubuntu/data_storage/Almeria/00_master/master_url.json
  └─stderr:
      /usr/local/lib/python3.11/site-packages/urllib3/connectionpool.py:1097:
      InsecureRequestWarning: Unverified HTTPS request is being made to host
      'clasijazz.com'. Adding certificate verification is strongly advised. See:
      https://urllib3.readthedocs.io/en/latest/advanced-usage.html#tls-warnings
      warnings.warn(

Result: Succeeded

Launching scraper: Entradium
Succeeded - 2026-04-06T19:47:53Z

dag: FisgonTaskSelenium (38.0s)
│
└─tarea_1 (38.0s) [succeeded]
  ├─bash -lc 'set -eo pipefail; export DOCKER_CONFIG=/tmp/.docker HOME=/tmp;
  │   SELENIUM_NAME="selenium_${DAG_RUN_ID:-$$}_$(date +%s)"; cleanup() {
  │   docker rm -f "$SELENIUM_NAME" >/dev/null 2>&1 || true; }; trap cleanup
  │   EXIT; docker run -d --rm --name "$SELENIUM_NAME" --shm-size=2g -e
  │   SE_NODE_MAX_SESSIONS=1 -e SE_NODE_OVERRIDE_MAX_SESSIONS=true
  │   selenium/standalone-chrome:latest >/dev/null; docker exec
  │   "$SELENIUM_NAME" bash -c "for i in \$(seq 1 60); do (echo >
  │   /dev/tcp/127.0.0.1/4444) >/dev/null 2>&1 && exit 0; sleep 1; done; exit
  │   1"; docker run --rm --network container:"$SELENIUM_NAME" -v
  │   /home/ubuntu/work/fisgon:/app -v
  │   /home/ubuntu/data_storage:/home/ubuntu/data_storage -v
  │   /home/ubuntu/work/event_flask_app/static/img:/home/ubuntu/work/event_fla
  │   sk_app/static/img -w /app -e OPERATION=0 -e DOCKER_CONFIG=/tmp/.docker
  │   -e HOME=/tmp -e TARGET_CITY -e TARGET_SCRAPER -e
  │   DAG_RUN_URL="${DAGU_BASE_URL:-}/dags/${DAG_NAME}?dagRunId=${DAG_RUN_ID}"
  │   -e
  │   DAG_RUN_LOG_URL="${DAGU_BASE_URL:-}/dags/${DAG_NAME}/log?remoteNode=loca
  │   l&step=tarea_1&dagRunId=${DAG_RUN_ID}" fisgon_scraper:1.0'
  │
  └─stdout:
      RUNNING VARS →
      CITY=Almeria,
      OPERATION=0,
      CREATE_SESSION=0,
      CLOSE_SESSION=0,
      SESSION=None,
      IMAGES=0,
      GET_SCRAPERS=
      SCRAPER=Entradium
      DAG_RUN_URL=/dags/FisgonTaskSelenium/log?remoteNode=local&step=tarea_1&dag
      RunId=019d6456-565b-7020-a79f-762777ad18c5
      Running for Almeria: Entradium
      Entradium
      RUNNING SESSION =  2026_04_06_19_42_Lunes
      Starting WebDriver...
      http://localhost:4444/wd/hub
      sleeping 5
      clicking
      sleeping 3
      sleeping 1.5
      sleeping 3
      ******
      xpath
      /html/body/header/div[2]/div[1]/div/div/form/div/div/button/span/i
      clicking
      sleeping 3
      sleeping 8
      Getting content
      *** SCRAPED 22 URLS WITH EVENTS **
      New url events = 0
      #######################
      No new urls/events extracted. No new events to save
      #######################

Result: Succeeded

Launching scraper: TodasLasEntradas
Succeeded - 2026-04-06T19:48:31Z

dag: FisgonTaskSelenium (8.0s)
│
└─tarea_1 (8.0s) [succeeded]
  ├─bash -lc 'set -eo pipefail; export DOCKER_CONFIG=/tmp/.docker HOME=/tmp;
  │   SELENIUM_NAME="selenium_${DAG_RUN_ID:-$$}_$(date +%s)"; cleanup() {
  │   docker rm -f "$SELENIUM_NAME" >/dev/null 2>&1 || true; }; trap cleanup
  │   EXIT; docker run -d --rm --name "$SELENIUM_NAME" --shm-size=2g -e
  │   SE_NODE_MAX_SESSIONS=1 -e SE_NODE_OVERRIDE_MAX_SESSIONS=true
  │   selenium/standalone-chrome:latest >/dev/null; docker exec
  │   "$SELENIUM_NAME" bash -c "for i in \$(seq 1 60); do (echo >
  │   /dev/tcp/127.0.0.1/4444) >/dev/null 2>&1 && exit 0; sleep 1; done; exit
  │   1"; docker run --rm --network container:"$SELENIUM_NAME" -v
  │   /home/ubuntu/work/fisgon:/app -v
  │   /home/ubuntu/data_storage:/home/ubuntu/data_storage -v
  │   /home/ubuntu/work/event_flask_app/static/img:/home/ubuntu/work/event_fla
  │   sk_app/static/img -w /app -e OPERATION=0 -e DOCKER_CONFIG=/tmp/.docker
  │   -e HOME=/tmp -e TARGET_CITY -e TARGET_SCRAPER -e
  │   DAG_RUN_URL="${DAGU_BASE_URL:-}/dags/${DAG_NAME}?dagRunId=${DAG_RUN_ID}"
  │   -e
  │   DAG_RUN_LOG_URL="${DAGU_BASE_URL:-}/dags/${DAG_NAME}/log?remoteNode=loca
  │   l&step=tarea_1&dagRunId=${DAG_RUN_ID}" fisgon_scraper:1.0'
  │
  └─stdout:
      RUNNING VARS →
      CITY=Almeria,
      OPERATION=0,
      CREATE_SESSION=0,
      CLOSE_SESSION=0,
      SESSION=None,
      IMAGES=0,
      GET_SCRAPERS=
      SCRAPER=TodasLasEntradas
      DAG_RUN_URL=/dags/FisgonTaskSelenium/log?remoteNode=local&step=tarea_1&dag
      RunId=019d6456-ed34-7c00-8a39-880c0fba8c8a
      Running for Almeria: TodasLasEntradas
      TodasLasEntradas
      RUNNING SESSION =  2026_04_06_19_42_Lunes
      Starting WebDriver...
      http://localhost:4444/wd/hub
      Getting content
      *** SCRAPED 10 URLS WITH EVENTS **
      New url events = 0
      #######################
      No new urls/events extracted. No new events to save
      #######################

Result: Succeeded

Launching scraper: RedBibliotecas
Succeeded - 2026-04-06T19:48:39Z

dag: FisgonTaskSelenium (8.0s)
│
└─tarea_1 (8.0s) [succeeded]
  ├─bash -lc 'set -eo pipefail; export DOCKER_CONFIG=/tmp/.docker HOME=/tmp;
  │   SELENIUM_NAME="selenium_${DAG_RUN_ID:-$$}_$(date +%s)"; cleanup() {
  │   docker rm -f "$SELENIUM_NAME" >/dev/null 2>&1 || true; }; trap cleanup
  │   EXIT; docker run -d --rm --name "$SELENIUM_NAME" --shm-size=2g -e
  │   SE_NODE_MAX_SESSIONS=1 -e SE_NODE_OVERRIDE_MAX_SESSIONS=true
  │   selenium/standalone-chrome:latest >/dev/null; docker exec
  │   "$SELENIUM_NAME" bash -c "for i in \$(seq 1 60); do (echo >
  │   /dev/tcp/127.0.0.1/4444) >/dev/null 2>&1 && exit 0; sleep 1; done; exit
  │   1"; docker run --rm --network container:"$SELENIUM_NAME" -v
  │   /home/ubuntu/work/fisgon:/app -v
  │   /home/ubuntu/data_storage:/home/ubuntu/data_storage -v
  │   /home/ubuntu/work/event_flask_app/static/img:/home/ubuntu/work/event_fla
  │   sk_app/static/img -w /app -e OPERATION=0 -e DOCKER_CONFIG=/tmp/.docker
  │   -e HOME=/tmp -e TARGET_CITY -e TARGET_SCRAPER -e
  │   DAG_RUN_URL="${DAGU_BASE_URL:-}/dags/${DAG_NAME}?dagRunId=${DAG_RUN_ID}"
  │   -e
  │   DAG_RUN_LOG_URL="${DAGU_BASE_URL:-}/dags/${DAG_NAME}/log?remoteNode=loca
  │   l&step=tarea_1&dagRunId=${DAG_RUN_ID}" fisgon_scraper:1.0'
  │
  └─stdout:
      RUNNING VARS →
      CITY=Almeria,
      OPERATION=0,
      CREATE_SESSION=0,
      CLOSE_SESSION=0,
      SESSION=None,
      IMAGES=0,
      GET_SCRAPERS=
      SCRAPER=RedBibliotecas
      DAG_RUN_URL=/dags/FisgonTaskSelenium/log?remoteNode=local&step=tarea_1&dag
      RunId=019d6457-0cd1-790c-adb4-f9979c45b844
      Running for Almeria: RedBibliotecas
      RedBibliotecas
      RUNNING SESSION =  2026_04_06_19_42_Lunes
      START
      Starting WebDriver...
      http://localhost:4444/wd/hub
      page=1
      Getting content
      ['https://www.bibliotecaspublicas.es/almeria/actividades/Agenda/ta-172-tej
      iendo.html',
      'https://www.bibliotecaspublicas.es/almeria/actividades/Agenda/cci-140-lob
      os.html',
      'https://www.bibliotecaspublicas.es/almeria/actividades/Agenda/ta-marcapag
      inas.html',
      'https://www.bibliotecaspublicas.es/almeria/actividades/Agenda/cci-143-lob
      os.html',
      'https://www.bibliotecaspublicas.es/almeria/actividades/Agenda/pl-172-aris
      tides.html',
      'https://www.bibliotecaspublicas.es/almeria/actividades/Agenda/pl-143.html
      ',
      'https://www.bibliotecaspublicas.es/almeria/actividades/Agenda/bbc-bc-clar
      a.html',
      'https://www.bibliotecaspublicas.es/almeria/actividades/Agenda/cl-172.html
      ',
      'https://www.bibliotecaspublicas.es/almeria/actividades/Agenda/ti-140-rato
      ncitos.html',
      'https://www.bibliotecaspublicas.es/almeria/actividades/Agenda/pl-140.html
      ',
      'https://www.bibliotecaspublicas.es/almeria/actividades/Agenda/pl-172-gita
      nos.html',
      'https://www.bibliotecaspublicas.es/almeria/actividades/Agenda/ti-141-rato
      ncitos.html',
      'https://www.bibliotecaspublicas.es/almeria/actividades/Agenda/charla-bc.h
      tml',
      'https://www.bibliotecaspublicas.es/almeria/actividades/Agenda/cl-cabo.htm
      l',
      'https://www.bibliotecaspublicas.es/almeria/actividades/Agenda/cci-172-lob
      os.html',
      'https://www.bibliotecaspublicas.es/almeria/actividades/Agenda/ti-142-rato
      ncitos.html',
      'https://www.bibliotecaspublicas.es/almeria/actividades/Agenda/cci-141-lob
      os.html',
      'https://www.bibliotecaspublicas.es/almeria/actividades/Agenda/ti-143-rato
      ncitos.html',
      'https://www.bibliotecaspublicas.es/almeria/actividades/Agenda/cci-142.htm
      l',
      'https://www.bibliotecaspublicas.es/almeria/actividades/Agenda/tf-172-rato
      ncitos.html']
      page=2
      Getting content
      ['https://www.bibliotecaspublicas.es/almeria/actividades/Agenda/ta-172-tej
      iendo.html',
      'https://www.bibliotecaspublicas.es/almeria/actividades/Agenda/cci-140-lob
      os.html',
      'https://www.bibliotecaspublicas.es/almeria/actividades/Agenda/ta-marcapag
      inas.html',
      'https://www.bibliotecaspublicas.es/almeria/actividades/Agenda/cci-143-lob
      os.html',
      'https://www.bibliotecaspublicas.es/almeria/actividades/Agenda/pl-172-aris
      tides.html',
      'https://www.bibliotecaspublicas.es/almeria/actividades/Agenda/pl-143.html
      ',
      'https://www.bibliotecaspublicas.es/almeria/actividades/Agenda/bbc-bc-clar
      a.html',
      'https://www.bibliotecaspublicas.es/almeria/actividades/Agenda/cl-172.html
      ',
      'https://www.bibliotecaspublicas.es/almeria/actividades/Agenda/ti-140-rato
      ncitos.html',
      'https://www.bibliotecaspublicas.es/almeria/actividades/Agenda/pl-140.html
      ',
      'https://www.bibliotecaspublicas.es/almeria/actividades/Agenda/pl-172-gita
      nos.html',
      'https://www.bibliotecaspublicas.es/almeria/actividades/Agenda/ti-141-rato
      ncitos.html',
      'https://www.bibliotecaspublicas.es/almeria/actividades/Agenda/charla-bc.h
      tml',
      'https://www.bibliotecaspublicas.es/almeria/actividades/Agenda/cl-cabo.htm
      l',
      'https://www.bibliotecaspublicas.es/almeria/actividades/Agenda/cci-172-lob
      os.html',
      'https://www.bibliotecaspublicas.es/almeria/actividades/Agenda/ti-142-rato
      ncitos.html',
      'https://www.bibliotecaspublicas.es/almeria/actividades/Agenda/cci-141-lob
      os.html',
      'https://www.bibliotecaspublicas.es/almeria/actividades/Agenda/ti-143-rato
      ncitos.html',
      'https://www.bibliotecaspublicas.es/almeria/actividades/Agenda/cci-142.htm
      l',
      'https://www.bibliotecaspublicas.es/almeria/actividades/Agenda/tf-172-rato
      ncitos.html',
      'https://www.bibliotecaspublicas.es/almeria/actividades/Agenda/ta-172-teji
      endo.html',
      'https://www.bibliotecaspublicas.es/almeria/actividades/Agenda/cci-140-lob
      os.html',
      'https://www.bibliotecaspublicas.es/almeria/actividades/Agenda/ta-marcapag
      inas.html',
      'https://www.bibliotecaspublicas.es/almeria/actividades/Agenda/cci-143-lob
      os.html',
      'https://www.bibliotecaspublicas.es/almeria/actividades/Agenda/pl-172-aris
      tides.html',
      'https://www.bibliotecaspublicas.es/almeria/actividades/Agenda/pl-143.html
      ',
      'https://www.bibliotecaspublicas.es/almeria/actividades/Agenda/bbc-bc-clar
      a.html',
      'https://www.bibliotecaspublicas.es/almeria/actividades/Agenda/cl-172.html
      ',
      'https://www.bibliotecaspublicas.es/almeria/actividades/Agenda/ti-140-rato
      ncitos.html',
      'https://www.bibliotecaspublicas.es/almeria/actividades/Agenda/pl-140.html
      ',
      'https://www.bibliotecaspublicas.es/almeria/actividades/Agenda/pl-172-gita
      nos.html',
      'https://www.bibliotecaspublicas.es/almeria/actividades/Agenda/ti-141-rato
      ncitos.html',
      'https://www.bibliotecaspublicas.es/almeria/actividades/Agenda/charla-bc.h
      tml',
      'https://www.bibliotecaspublicas.es/almeria/actividades/Agenda/cl-cabo.htm
      l',
      'https://www.bibliotecaspublicas.es/almeria/actividades/Agenda/cci-172-lob
      os.html',
      'https://www.bibliotecaspublicas.es/almeria/actividades/Agenda/ti-142-rato
      ncitos.html',
      'https://www.bibliotecaspublicas.es/almeria/actividades/Agenda/cci-141-lob
      os.html',
      'https://www.bibliotecaspublicas.es/almeria/actividades/Agenda/ti-143-rato
      ncitos.html',
      'https://www.bibliotecaspublicas.es/almeria/actividades/Agenda/cci-142.htm
      l',
      'https://www.bibliotecaspublicas.es/almeria/actividades/Agenda/tf-172-rato
      ncitos.html']
      page=3
      Getting content
      ['https://www.bibliotecaspublicas.es/almeria/actividades/Agenda/ta-172-tej
      iendo.html',
      'https://www.bibliotecaspublicas.es/almeria/actividades/Agenda/cci-140-lob
      os.html',
      'https://www.bibliotecaspublicas.es/almeria/actividades/Agenda/ta-marcapag
      inas.html',
      'https://www.bibliotecaspublicas.es/almeria/actividades/Agenda/cci-143-lob
      os.html',
      'https://www.bibliotecaspublicas.es/almeria/actividades/Agenda/pl-172-aris
      tides.html',
      'https://www.bibliotecaspublicas.es/almeria/actividades/Agenda/pl-143.html
      ',
      'https://www.bibliotecaspublicas.es/almeria/actividades/Agenda/bbc-bc-clar
      a.html',
      'https://www.bibliotecaspublicas.es/almeria/actividades/Agenda/cl-172.html
      ',
      'https://www.bibliotecaspublicas.es/almeria/actividades/Agenda/ti-140-rato
      ncitos.html',
      'https://www.bibliotecaspublicas.es/almeria/actividades/Agenda/pl-140.html
      ',
      'https://www.bibliotecaspublicas.es/almeria/actividades/Agenda/pl-172-gita
      nos.html',
      'https://www.bibliotecaspublicas.es/almeria/actividades/Agenda/ti-141-rato
      ncitos.html',
      'https://www.bibliotecaspublicas.es/almeria/actividades/Agenda/charla-bc.h
      tml',
      'https://www.bibliotecaspublicas.es/almeria/actividades/Agenda/cl-cabo.htm
      l',
      'https://www.bibliotecaspublicas.es/almeria/actividades/Agenda/cci-172-lob
      os.html',
      'https://www.bibliotecaspublicas.es/almeria/actividades/Agenda/ti-142-rato
      ncitos.html',
      'https://www.bibliotecaspublicas.es/almeria/actividades/Agenda/cci-141-lob
      os.html',
      'https://www.bibliotecaspublicas.es/almeria/actividades/Agenda/ti-143-rato
      ncitos.html',
      'https://www.bibliotecaspublicas.es/almeria/actividades/Agenda/cci-142.htm
      l',
      'https://www.bibliotecaspublicas.es/almeria/actividades/Agenda/tf-172-rato
      ncitos.html',
      'https://www.bibliotecaspublicas.es/almeria/actividades/Agenda/ta-172-teji
      endo.html',
      'https://www.bibliotecaspublicas.es/almeria/actividades/Agenda/cci-140-lob
      os.html',
      'https://www.bibliotecaspublicas.es/almeria/actividades/Agenda/ta-marcapag
      inas.html',
      'https://www.bibliotecaspublicas.es/almeria/actividades/Agenda/cci-143-lob
      os.html',
      'https://www.bibliotecaspublicas.es/almeria/actividades/Agenda/pl-172-aris
      tides.html',
      'https://www.bibliotecaspublicas.es/almeria/actividades/Agenda/pl-143.html
      ',
      'https://www.bibliotecaspublicas.es/almeria/actividades/Agenda/bbc-bc-clar
      a.html',
      'https://www.bibliotecaspublicas.es/almeria/actividades/Agenda/cl-172.html
      ',
      'https://www.bibliotecaspublicas.es/almeria/actividades/Agenda/ti-140-rato
      ncitos.html',
      'https://www.bibliotecaspublicas.es/almeria/actividades/Agenda/pl-140.html
      ',
      'https://www.bibliotecaspublicas.es/almeria/actividades/Agenda/pl-172-gita
      nos.html',
      'https://www.bibliotecaspublicas.es/almeria/actividades/Agenda/ti-141-rato
      ncitos.html',
      'https://www.bibliotecaspublicas.es/almeria/actividades/Agenda/charla-bc.h
      tml',
      'https://www.bibliotecaspublicas.es/almeria/actividades/Agenda/cl-cabo.htm
      l',
      'https://www.bibliotecaspublicas.es/almeria/actividades/Agenda/cci-172-lob
      os.html',
      'https://www.bibliotecaspublicas.es/almeria/actividades/Agenda/ti-142-rato
      ncitos.html',
      'https://www.bibliotecaspublicas.es/almeria/actividades/Agenda/cci-141-lob
      os.html',
      'https://www.bibliotecaspublicas.es/almeria/actividades/Agenda/ti-143-rato
      ncitos.html',
      'https://www.bibliotecaspublicas.es/almeria/actividades/Agenda/cci-142.htm
      l',
      'https://www.bibliotecaspublicas.es/almeria/actividades/Agenda/tf-172-rato
      ncitos.html',
      'https://www.bibliotecaspublicas.es/almeria/actividades/Agenda/ta-172-teji
      endo.html',
      'https://www.bibliotecaspublicas.es/almeria/actividades/Agenda/cci-140-lob
      os.html',
      'https://www.bibliotecaspublicas.es/almeria/actividades/Agenda/ta-marcapag
      inas.html',
      'https://www.bibliotecaspublicas.es/almeria/actividades/Agenda/cci-143-lob
      os.html',
      'https://www.bibliotecaspublicas.es/almeria/actividades/Agenda/pl-172-aris
      tides.html',
      'https://www.bibliotecaspublicas.es/almeria/actividades/Agenda/pl-143.html
      ',
      'https://www.bibliotecaspublicas.es/almeria/actividades/Agenda/bbc-bc-clar
      a.html',
      'https://www.bibliotecaspublicas.es/almeria/actividades/Agenda/cl-172.html
      ',
      'https://www.bibliotecaspublicas.es/almeria/actividades/Agenda/ti-140-rato
      ncitos.html',
      'https://www.bibliotecaspublicas.es/almeria/actividades/Agenda/pl-140.html
      ',
      'https://www.bibliotecaspublicas.es/almeria/actividades/Agenda/pl-172-gita
      nos.html',
      'https://www.bibliotecaspublicas.es/almeria/actividades/Agenda/ti-141-rato
      ncitos.html',
      'https://www.bibliotecaspublicas.es/almeria/actividades/Agenda/charla-bc.h
      tml',
      'https://www.bibliotecaspublicas.es/almeria/actividades/Agenda/cl-cabo.htm
      l',
      'https://www.bibliotecaspublicas.es/almeria/actividades/Agenda/cci-172-lob
      os.html',
      'https://www.bibliotecaspublicas.es/almeria/actividades/Agenda/ti-142-rato
      ncitos.html',
      'https://www.bibliotecaspublicas.es/almeria/actividades/Agenda/cci-141-lob
      os.html',
      'https://www.bibliotecaspublicas.es/almeria/actividades/Agenda/ti-143-rato
      ncitos.html',
      'https://www.bibliotecaspublicas.es/almeria/actividades/Agenda/cci-142.htm
      l',
      'https://www.bibliotecaspublicas.es/almeria/actividades/Agenda/tf-172-rato
      ncitos.html']
      *** SCRAPED 60 URLS WITH EVENTS **
      New url events = 0
      #######################
      No new urls/events extracted. No new events to save
      #######################

Result: Succeeded

Launching scraper: SalaEmma
Succeeded - 2026-04-06T19:48:47Z

dag: FisgonTaskSelenium (19.0s)
│
└─tarea_1 (19.0s) [succeeded]
  ├─bash -lc 'set -eo pipefail; export DOCKER_CONFIG=/tmp/.docker HOME=/tmp;
  │   SELENIUM_NAME="selenium_${DAG_RUN_ID:-$$}_$(date +%s)"; cleanup() {
  │   docker rm -f "$SELENIUM_NAME" >/dev/null 2>&1 || true; }; trap cleanup
  │   EXIT; docker run -d --rm --name "$SELENIUM_NAME" --shm-size=2g -e
  │   SE_NODE_MAX_SESSIONS=1 -e SE_NODE_OVERRIDE_MAX_SESSIONS=true
  │   selenium/standalone-chrome:latest >/dev/null; docker exec
  │   "$SELENIUM_NAME" bash -c "for i in \$(seq 1 60); do (echo >
  │   /dev/tcp/127.0.0.1/4444) >/dev/null 2>&1 && exit 0; sleep 1; done; exit
  │   1"; docker run --rm --network container:"$SELENIUM_NAME" -v
  │   /home/ubuntu/work/fisgon:/app -v
  │   /home/ubuntu/data_storage:/home/ubuntu/data_storage -v
  │   /home/ubuntu/work/event_flask_app/static/img:/home/ubuntu/work/event_fla
  │   sk_app/static/img -w /app -e OPERATION=0 -e DOCKER_CONFIG=/tmp/.docker
  │   -e HOME=/tmp -e TARGET_CITY -e TARGET_SCRAPER -e
  │   DAG_RUN_URL="${DAGU_BASE_URL:-}/dags/${DAG_NAME}?dagRunId=${DAG_RUN_ID}"
  │   -e
  │   DAG_RUN_LOG_URL="${DAGU_BASE_URL:-}/dags/${DAG_NAME}/log?remoteNode=loca
  │   l&step=tarea_1&dagRunId=${DAG_RUN_ID}" fisgon_scraper:1.0'
  │
  └─stdout: ... (9 more lines)
      DAG_RUN_URL=/dags/FisgonTaskSelenium/log?remoteNode=local&step=tarea_1&dag
      RunId=019d6457-2b6f-7652-b562-5387c7c32fa8
      Running for Almeria: SalaEmma
      SalaEmma
      RUNNING SESSION =  2026_04_06_19_42_Lunes
      Starting WebDriver...
      http://localhost:4444/wd/hub
      sleeping 10
      Getting content
      --------------------
      {'id': '0dd1960c', 'show': 1, 'in_city': 1, 'one_day': 1,
      'wrong_date_time': 0, 'event': 'Melocotón en Almíbar', 'slug':
      'melocoton-en-almibar', 'category': '__NOT_DEFINIED__', 'id_venue':
      '7qHRF9LM', 'venue': 'Sala EMMA', 'std_venue': 'Sala Escuela Municipal de
      Música & Artes', 'start_date': '2026-05-09', 'start_time': '20:00:00',
      'end_date': '__NOT_FOUND__', 'end_time': '__NOT_FOUND__', 'description':
      'Sábado, 9 de Mayo, 2026 8:00 PM 12.00 €', 'others': {}, 'source':
      'SalaEmma', 'exec_time': '20260406T194851', 'session':
      '2026_04_06_19_42_Lunes', 'image':
      '/home/ubuntu/work/event_flask_app/static/img/bb26078c.jpg', 'url':
      'https://entradasemma.azurewebsites.net/'}
      --------------------
      {'id': 'd3d76790', 'show': 1, 'in_city': 1, 'one_day': 1,
      'wrong_date_time': 0, 'event': 'El Mentalista Canalla', 'slug':
      'el-mentalista-canalla', 'category': '__NOT_DEFINIED__', 'id_venue':
      '7qHRF9LM', 'venue': 'Sala EMMA', 'std_venue': 'Sala Escuela Municipal de
      Música & Artes', 'start_date': '2026-04-24', 'start_time': '20:00:00',
      'end_date': '__NOT_FOUND__', 'end_time': '__NOT_FOUND__', 'description':
      'Viernes, 24 de Abril, 2026 8:00 PM 12.00 €', 'others': {}, 'source':
      'SalaEmma', 'exec_time': '20260406T194851', 'session':
      '2026_04_06_19_42_Lunes', 'image':
      '/home/ubuntu/work/event_flask_app/static/img/34c4b2ae.jpg', 'url':
      'https://entradasemma.azurewebsites.net/'}
      --------------------
      {'id': '67932833', 'show': 1, 'in_city': 1, 'one_day': 1,
      'wrong_date_time': 0, 'event': 'Kikín Fernández Y Fernando Labordeta',
      'slug': 'kikin-fernandez-y-fernando-labordeta', 'category':
      '__NOT_DEFINIED__', 'id_venue': '7qHRF9LM', 'venue': 'Sala EMMA',
      'std_venue': 'Sala Escuela Municipal de Música & Artes', 'start_date':
      '2026-05-16', 'start_time': '20:00:00', 'end_date': '__NOT_FOUND__',
      'end_time': '__NOT_FOUND__', 'description': 'Sábado, 16 de Mayo, 2026
      8:00 PM 12.00 €', 'others': {}, 'source': 'SalaEmma', 'exec_time':
      '20260406T194851', 'session': '2026_04_06_19_42_Lunes', 'image':
      '/home/ubuntu/work/event_flask_app/static/img/2fc83be2.jpg', 'url':
      'https://entradasemma.azurewebsites.net/'}
      --------------------
      {'id': 'f873e176', 'show': 1, 'in_city': 1, 'one_day': 1,
      'wrong_date_time': 0, 'event': 'Menos Es Más (Alumnos Emma)', 'slug':
      'menos-es-mas-alumnos-emma', 'category': '__NOT_DEFINIED__', 'id_venue':
      '7qHRF9LM', 'venue': 'Sala EMMA', 'std_venue': 'Sala Escuela Municipal de
      Música & Artes', 'start_date': '2026-05-22', 'start_time': '20:00:00',
      'end_date': '__NOT_FOUND__', 'end_time': '__NOT_FOUND__', 'description':
      'Viernes, 22 de Mayo, 2026 8:00 PM 8.00 €', 'others': {}, 'source':
      'SalaEmma', 'exec_time': '20260406T194851', 'session':
      '2026_04_06_19_42_Lunes', 'image':
      '/home/ubuntu/work/event_flask_app/static/img/2a9fa259.jpg', 'url':
      'https://entradasemma.azurewebsites.net/'}
      --------------------
      {'id': 'b2e67f98', 'show': 1, 'in_city': 1, 'one_day': 1,
      'wrong_date_time': 0, 'event': 'Menos Es Más', 'slug': 'menos-es-mas',
      'category': '__NOT_DEFINIED__', 'id_venue': '7qHRF9LM', 'venue': 'Sala
      EMMA', 'std_venue': 'Sala Escuela Municipal de Música & Artes',
      'start_date': '2026-05-22', 'start_time': '20:00:00', 'end_date':
      '__NOT_FOUND__', 'end_time': '__NOT_FOUND__', 'description': 'Viernes, 22
      de Mayo, 2026 8:00 PM "Menos es Mas" es un formato diferente para amenizar
      tu evento. Este proyecto combina rock, jazz, pop...y su finalidad es
      transmitir emociones a través del instrumento. Juanmi Viñolo ha
      preparado una selección de temas de grandes clásicos de artistas como
      Frank Sinatra, Carlos\nSantana, Luis Salinas...\nSi te gusta la guitarra
      eléctrica, no te lo puedes perder 10.00 €', 'others': {}, 'source':
      'SalaEmma', 'exec_time': '20260406T194851', 'session':
      '2026_04_06_19_42_Lunes', 'image':
      '/home/ubuntu/work/event_flask_app/static/img/9bbcda4e.jpg', 'url':
      'https://entradasemma.azurewebsites.net/'}
      --------------------
      {'id': '73e2542e', 'show': 1, 'in_city': 1, 'one_day': 1,
      'wrong_date_time': 0, 'event': 'Humor De Casados (Mariano Ypunto Y La
      Nena)', 'slug': 'humor-de-casados-mariano-ypunto-y-la-nena', 'category':
      '__NOT_DEFINIED__', 'id_venue': '7qHRF9LM', 'venue': 'Sala EMMA',
      'std_venue': 'Sala Escuela Municipal de Música & Artes', 'start_date':
      '2026-06-13', 'start_time': '20:00:00', 'end_date': '__NOT_FOUND__',
      'end_time': '__NOT_FOUND__', 'description': 'Sábado, 13 de Junio, 2026
      8:00 PM 15.00 €', 'others': {}, 'source': 'SalaEmma', 'exec_time':
      '20260406T194851', 'session': '2026_04_06_19_42_Lunes', 'image':
      '/home/ubuntu/work/event_flask_app/static/img/7ff41646.jpg', 'url':
      'https://entradasemma.azurewebsites.net/'}
      --------------------
      {'id': 'bd6bbed4', 'show': 1, 'in_city': 1, 'one_day': 1,
      'wrong_date_time': 0, 'event': 'Victor Castigao Descontrolao', 'slug':
      'victor-castigao-descontrolao', 'category': '__NOT_DEFINIED__',
      'id_venue': '7qHRF9LM', 'venue': 'Sala EMMA', 'std_venue': 'Sala Escuela
      Municipal de Música & Artes', 'start_date': '2026-04-18', 'start_time':
      '20:00:00', 'end_date': '__NOT_FOUND__', 'end_time': '__NOT_FOUND__',
      'description': 'Sábado, 18 de Abril, 2026 8:00 PM 12.00 €', 'others':
      {}, 'source': 'SalaEmma', 'exec_time': '20260406T194851', 'session':
      '2026_04_06_19_42_Lunes', 'image':
      '/home/ubuntu/work/event_flask_app/static/img/121d3133.jpg', 'url':
      'https://entradasemma.azurewebsites.net/'}
      --------------------
      {'id': '2aca57ab', 'show': 1, 'in_city': 1, 'one_day': 1,
      'wrong_date_time': 0, 'event': '¡corten! Una Comedia De Cine', 'slug':
      'corten-una-comedia-de-cine', 'category': '__NOT_DEFINIED__', 'id_venue':
      '7qHRF9LM', 'venue': 'Sala EMMA', 'std_venue': 'Sala Escuela Municipal de
      Música & Artes', 'start_date': '2026-04-25', 'start_time': '20:00:00',
      'end_date': '__NOT_FOUND__', 'end_time': '__NOT_FOUND__', 'description':
      'Sábado, 25 de Abril, 2026 8:00 PM 12.00 €', 'others': {}, 'source':
      'SalaEmma', 'exec_time': '20260406T194851', 'session':
      '2026_04_06_19_42_Lunes', 'image':
      '/home/ubuntu/work/event_flask_app/static/img/d6c2985f.jpg', 'url':
      'https://entradasemma.azurewebsites.net/'}
      --------------------
      {'id': '7dd44536', 'show': 1, 'in_city': 1, 'one_day': 1,
      'wrong_date_time': 0, 'event': 'Manolo Lera', 'slug': 'manolo-lera',
      'category': '__NOT_DEFINIED__', 'id_venue': '7qHRF9LM', 'venue': 'Sala
      EMMA', 'std_venue': 'Sala Escuela Municipal de Música & Artes',
      'start_date': '2026-04-11', 'start_time': '20:00:00', 'end_date':
      '__NOT_FOUND__', 'end_time': '__NOT_FOUND__', 'description': 'Sábado, 11
      de Abril, 2026 8:00 PM 12.00 €', 'others': {}, 'source': 'SalaEmma',
      'exec_time': '20260406T194851', 'session': '2026_04_06_19_42_Lunes',
      'image': '/home/ubuntu/work/event_flask_app/static/img/872e3676.jpg',
      'url': 'https://entradasemma.azurewebsites.net/'}
      --------------------
      {'id': '1d66e66d', 'show': 1, 'in_city': 1, 'one_day': 1,
      'wrong_date_time': 0, 'event': 'Alvarito', 'slug': 'alvarito', 'category':
      '__NOT_DEFINIED__', 'id_venue': '7qHRF9LM', 'venue': 'Sala EMMA',
      'std_venue': 'Sala Escuela Municipal de Música & Artes', 'start_date':
      '2026-06-06', 'start_time': '20:00:00', 'end_date': '__NOT_FOUND__',
      'end_time': '__NOT_FOUND__', 'description': 'Sábado, 6 de Junio, 2026
      8:00 PM 12.00 €', 'others': {}, 'source': 'SalaEmma', 'exec_time':
      '20260406T194851', 'session': '2026_04_06_19_42_Lunes', 'image':
      '/home/ubuntu/work/event_flask_app/static/img/f8efa86c.jpg', 'url':
      'https://entradasemma.azurewebsites.net/'}
      --------------------
      {'id': '0081e43b', 'show': 1, 'in_city': 1, 'one_day': 1,
      'wrong_date_time': 0, 'event': 'Pepe El Caja', 'slug': 'pepe-el-caja',
      'category': '__NOT_DEFINIED__', 'id_venue': '7qHRF9LM', 'venue': 'Sala
      EMMA', 'std_venue': 'Sala Escuela Municipal de Música & Artes',
      'start_date': '2026-05-23', 'start_time': '20:00:00', 'end_date':
      '__NOT_FOUND__', 'end_time': '__NOT_FOUND__', 'description': 'Sábado, 23
      de Mayo, 2026 8:00 PM 15.00 €', 'others': {}, 'source': 'SalaEmma',
      'exec_time': '20260406T194851', 'session': '2026_04_06_19_42_Lunes',
      'image': '/home/ubuntu/work/event_flask_app/static/img/57baa74f.jpg',
      'url': 'https://entradasemma.azurewebsites.net/'}
      Checking unique event dict.
      Reading /home/ubuntu/data_storage/Almeria/00_master/master_events.json...
      *******
      [('Rafa Tornado Punkústico', 'Sala EMMA', '2026-03-15', '17:00:00'),
      ('Una De Imrpo! Dela Mujer', 'Sala EMMA', '2026-03-26', '21:00:00'),
      ('¡corten! Una Comedia De Cine', 'Sala EMMA', '2026-04-25', '20:00:00'),
      ('Melocotón en Almíbar', 'Sala EMMA', '2026-05-09', '20:00:00'),
      ('Kikín Fernández Y Fernando Labordeta', 'Sala EMMA', '2026-05-16',
      '20:00:00'), ('Menos Es Más', 'Sala EMMA', '2026-05-22', '20:00:00'),
      ('Pepe El Caja', 'Sala EMMA', '2026-05-23', '20:00:00'), ('Alvarito',
      'Sala EMMA', '2026-06-06', '20:00:00'), ('Humor De Casados (Mariano Ypunto
      Y La Nena)', 'Sala EMMA', '2026-06-13', '20:00:00')]
      ('Melocotón en Almíbar', 'Sala EMMA', '2026-05-09', '20:00:00')
      ('El Mentalista Canalla', 'Sala EMMA', '2026-04-24', '20:00:00')
      ('Kikín Fernández Y Fernando Labordeta', 'Sala EMMA', '2026-05-16',
      '20:00:00')
      ('Menos Es Más (Alumnos Emma)', 'Sala EMMA', '2026-05-22', '20:00:00')
      ('Menos Es Más', 'Sala EMMA', '2026-05-22', '20:00:00')
      ('Humor De Casados (Mariano Ypunto Y La Nena)', 'Sala EMMA', '2026-06-13',
      '20:00:00')
      ('Victor Castigao Descontrolao', 'Sala EMMA', '2026-04-18', '20:00:00')
      ('¡corten! Una Comedia De Cine', 'Sala EMMA', '2026-04-25', '20:00:00')
      ('Manolo Lera', 'Sala EMMA', '2026-04-11', '20:00:00')
      ('Alvarito', 'Sala EMMA', '2026-06-06', '20:00:00')
      ('Pepe El Caja', 'Sala EMMA', '2026-05-23', '20:00:00')
      ****************************
      Saving 4 new events
      Saving in
      /home/ubuntu/data_storage/Almeria/2026_04_06_19_42_Lunes/0_raw/20260406_19
      48_SalaEmma.json
      Saving 4 master url
      Appending to  /home/ubuntu/data_storage/Almeria/00_master/master_url.json

Result: Succeeded

