
RUNNING VARS → 
        CITY=Almeria, 

        OPERATION=0,
            CREATE_SESSION=0,
            CLOSE_SESSION=0,
            SESSION=None,
            IMAGES=0,
            GET_SCRAPERS=

        SCRAPER=JuntaAndaluciaAgenda
        DAG_RUN_URL=/dags/FisgonTaskSelenium/log?remoteNode=local&step=tarea_1&dagRunId=019cf10d-8e23-7b77-af64-d6e9cbec3356

Running for Almeria: JuntaAndaluciaAgenda
JuntaAndaluciaAgenda
RUNNING SESSION =  2026_03_15_10_27_Domingo
Starting WebDriver...
http://localhost:4444/wd/hub
******
css selector
.view-display-id-page_search_activities > ul:nth-child(3) > li:nth-child(1) > a:nth-child(1)
clicking
sleeping 3
Scrolling...
sleeping 1
sleeping 7
******
css selector
.view-display-id-page_search_activities > ul:nth-child(3) > li:nth-child(1) > a:nth-child(1)
clicking
sleeping 3
Scrolling...
sleeping 1
sleeping 7
******
css selector
.view-display-id-page_search_activities > ul:nth-child(3) > li:nth-child(1) > a:nth-child(1)
clicking
sleeping 3
Scrolling...
sleeping 1
sleeping 7
******
css selector
.view-display-id-page_search_activities > ul:nth-child(3) > li:nth-child(1) > a:nth-child(1)
clicking
sleeping 3
Scrolling...
sleeping 1
sleeping 7
******
css selector
.view-display-id-page_search_activities > ul:nth-child(3) > li:nth-child(1) > a:nth-child(1)
clicking
sleeping 3
Scrolling...
sleeping 1
sleeping 7
******
css selector
.view-display-id-page_search_activities > ul:nth-child(3) > li:nth-child(1) > a:nth-child(1)
clicking
sleeping 3
Scrolling...
sleeping 1
sleeping 7
******
css selector
.view-display-id-page_search_activities > ul:nth-child(3) > li:nth-child(1) > a:nth-child(1)
.view-display-id-page_search_activities > ul:nth-child(3) > li:nth-child(1) > a:nth-child(1) Not found
Getting content
*** SCRAPED 79 URLS WITH EVENTS **
New url events = 20
0 / 20
Getting https://www.juntadeandalucia.es/cultura/agendaculturaldeandalucia/evento/celebracion-del-dia-mundial-de-la-poesia-crece-con-la-villaespesa-la-fabrica-de-rimas-con
Sleep 4
--------------------
{'id': '6291a6ae', 'show': 1, 'in_city': 1, 'one_day': 1, 'wrong_date_time': 0, 'event': 'Celebración Del Día Mundial De La Poesía. Crece Con La Villaespesa. "La Fábrica De Rimas", Con María Del Mar Saldaña Asensio', 'slug': 'celebracion-del-dia-mundial-de-la-poesia-crece-con-la-villaespesa-la-fabrica-de', 'category': '__NOT_DEFINIED__', 'id_venue': 'TjmFnJdD', 'venue': 'Biblioteca Pública del Estado-Biblioteca Provincial de Almería Francisco Villaespesa', 'std_venue': 'Biblioteca Pública Francisco Villaespesa', 'start_date': '2026-03-20', 'start_time': '09:30:00', 'end_date': '2026-03-20', 'end_time': '__NOT_DEFINIED__', 'description': 'Celebración del Día Mundial de la Poesía. Crece con la Villaespesa. "La fábrica de rimas", con María del Mar Saldaña Asensio. Aprenderemos poesía de una manera divertida con imágenes y juegos destinados al aprendizaje lúdico, donde se fomentará la lectura poética y se hablará del trabajo del escritor mediante los poemarios "Zoorrimalógico Estrambótico" y "La Fábrica de Disparates". Viernes 20 de marzo 9:30h. Sala de exposiciones. Actividad concertada con centros educativos.', 'others': {'location_url': '/cultura/agendaculturaldeandalucia/espacios/biblioteca-publica-del-estado-biblioteca-provincial-de-almeria-francisco-villaespesa', 'location2': 'Biblioteca Pública del Estado-Biblioteca Provincial de Almería Francisco Villaespesa', 'duration': '__NOT_FOUND__', 'datetime_details': '20 de Marzo del 2026, 9:30 h.', 'town': '__NOT_FOUND__', 'location': 'Calle Hermanos Machado, s/n, Almería. Almería', 'duration_days': '__NOT_FOUND__'}, 'source': 'JuntaAndaluciaAgenda', 'exec_time': '20260315T103208', 'session': '2026_03_15_10_27_Domingo', 'image': 'https://www.juntadeandalucia.es/cultura/agendaculturaldeandalucia/sites/default/files/styles/header_activity_ext_2xl/public/2026-03/CARTEL_1.png.webp?itok=vV-LTB6A', 'url': 'https://www.juntadeandalucia.es/cultura/agendaculturaldeandalucia/evento/celebracion-del-dia-mundial-de-la-poesia-crece-con-la-villaespesa-la-fabrica-de-rimas-con'}
1 / 20
Getting https://www.juntadeandalucia.es/cultura/agendaculturaldeandalucia/evento/semana-santa-de-almeria
Sleep 4
--------------------
{'id': '1e7386e4', 'show': 1, 'in_city': 0, 'one_day': 0, 'wrong_date_time': 1, 'event': 'Semana Santa De Almería', 'slug': 'semana-santa-de-almeria', 'category': '__NOT_DEFINIED__', 'id_venue': None, 'venue': 'Varios lugares en el municipio, Almería, Almería', 'std_venue': None, 'start_date': '2026-03-29', 'start_time': '__NOT_FOUND__', 'end_date': '2026-04-05', 'end_time': '__NOT_DEFINIED__', 'description': 'Más de una veintena de hermandades procesionan en Almería capital durante su Semana Grande. Declarada de Interés Turístico Nacional . Y toda la provincia: Huércal-Overa, Vélez Rubio, Cuevas de Almanzora, Sorbas, Albox, Pulpí, Mojacar..., vive con intensidad y pasión cada momento de una nueva Semana Santa. * Consulta horarios e itinerarios oficiales', 'others': {'location_url': '/cultura/agendaculturaldeandalucia/espacios/varios-lugares-en-el-municipio-almeria-almeria', 'location2': 'Varios lugares en el municipio, Almería, Almería', 'duration': '__NOT_FOUND__', 'datetime_details': '29 de Marzo del 2026 - 05 de Abril del 2026, Horarios e itinerarios sujetos a cambios, se recomienda consultar fuentes locales', 'town': '__NOT_FOUND__', 'location': ', Almería. Almería', 'duration_days': '__NOT_FOUND__'}, 'source': 'JuntaAndaluciaAgenda', 'exec_time': '20260315T103208', 'session': '2026_03_15_10_27_Domingo', 'image': 'https://www.juntadeandalucia.es/cultura/agendaculturaldeandalucia/sites/default/files/styles/header_activity_ext_2xl/public/2026-03/Almer%C3%ADa%20-%20Semana%20Santa%202026%20-%20Rafael%20Mu%C3%B1oz.jpg.webp?itok=8C1Apwh8', 'url': 'https://www.juntadeandalucia.es/cultura/agendaculturaldeandalucia/evento/semana-santa-de-almeria'}
2 / 20
Getting https://www.juntadeandalucia.es/cultura/agendaculturaldeandalucia/evento/cartas-desde-iwo-jima-1
Sleep 4
--------------------
{'id': '8eebe7ad', 'show': 1, 'in_city': 1, 'one_day': 1, 'wrong_date_time': 0, 'event': 'Cartas Desde Iwo Jima', 'slug': 'cartas-desde-iwo-jima', 'category': '__NOT_DEFINIED__', 'id_venue': 'TjmFnJdD', 'venue': 'Sala de la Filmoteca de Andalucía en Almería', 'std_venue': 'Biblioteca Pública Francisco Villaespesa', 'start_date': '2026-04-13', 'start_time': '19:00:00', 'end_date': '2026-04-13', 'end_time': '__NOT_DEFINIED__', 'description': "13 LUNES 19:00 h. Clint Eastwood CARTAS DESDE IWO JIMA Clint Eastwood. EEUU. 2006. 141 min. Color. v.o.s.e. Segunda Guerra Mundial (1939-1945). Rodada íntegramente en japonés, la película ofrece la versión nipona de la batalla de Iwo Jima, el episodio más cruento de la guerra del Pacífico, en el que murieron más de 20.000 japoneses y 7.000 estadounidenses. El objetivo de la batalla para los japoneses era conservar un islote insignificante, pero de gran valor estratégico, pues desde allí defendían la integridad de su territorio. El mismo año, Eastwood dirigió también ''Banderas de nuestros padres'', que narra la misma batalla desde el punto de vista norteamericano. La versión japonesa muestra cómo el general Tadamichi Kuribayashi (Ken Watanabe) organizó la resistencia a través de un sistema de túneles.", 'others': {'location_url': '/cultura/agendaculturaldeandalucia/espacios/sala-de-la-filmoteca-de-andalucia-en-almeria', 'location2': 'Sala de la Filmoteca de Andalucía en Almería', 'duration': '__NOT_FOUND__', 'datetime_details': '13 de Abril del 2026, 19:00 horas', 'town': '__NOT_FOUND__', 'location': 'C/ Hermanos Machado, s/n, Almería. Almería', 'duration_days': '__NOT_FOUND__'}, 'source': 'JuntaAndaluciaAgenda', 'exec_time': '20260315T103208', 'session': '2026_03_15_10_27_Domingo', 'image': 'https://www.juntadeandalucia.es/cultura/agendaculturaldeandalucia/sites/default/files/styles/header_activity_ext_2xl/public/2026-03/p164369_v_h8_ar.jpg.webp?itok=er_MjXDZ', 'url': 'https://www.juntadeandalucia.es/cultura/agendaculturaldeandalucia/evento/cartas-desde-iwo-jima-1'}
3 / 20
Getting https://www.juntadeandalucia.es/cultura/agendaculturaldeandalucia/evento/dialogos-caf-con-bego-anton
Sleep 4
--------------------
{'id': 'dda17260', 'show': 1, 'in_city': 1, 'one_day': 1, 'wrong_date_time': 0, 'event': 'Diálogos CAF Con Bego Antón', 'slug': 'dialogos-caf-con-bego-anton', 'category': '__NOT_DEFINIED__', 'id_venue': 'DDDLJ7pm', 'venue': 'Centro Andaluz de la Fotografía', 'std_venue': 'Centro Andaluz de la Fotografía', 'start_date': '2026-03-19', 'start_time': '19:00:00', 'end_date': '2026-03-19', 'end_time': '__NOT_DEFINIED__', 'description': 'El ciclo Diálogos CAF, un espacio de encuentro y conversación en torno a la fotografía contemporánea y sus vínculos con otros ámbitos de la cultura y la comunicación, continúa con la narradora visual Bego Antón.', 'others': {'location_url': '/cultura/agendaculturaldeandalucia/espacios/centro-andaluz-de-la-fotografia', 'location2': 'Centro Andaluz de la Fotografía', 'duration': '__NOT_FOUND__', 'datetime_details': '19 de Marzo del 2026, 19:00 h', 'town': '__NOT_FOUND__', 'location': 'Calle Pintor Díaz Molina 9, Almería. Almería', 'duration_days': '__NOT_FOUND__'}, 'source': 'JuntaAndaluciaAgenda', 'exec_time': '20260315T103208', 'session': '2026_03_15_10_27_Domingo', 'image': 'https://www.juntadeandalucia.es/cultura/agendaculturaldeandalucia/sites/default/files/styles/header_activity_ext_2xl/public/2026-03/RetratoBego.jpeg.webp?itok=xpREntud', 'url': 'https://www.juntadeandalucia.es/cultura/agendaculturaldeandalucia/evento/dialogos-caf-con-bego-anton'}
4 / 20
Getting https://www.juntadeandalucia.es/cultura/agendaculturaldeandalucia/evento/programacion-de-actividades-en-el-ea-de-villaricos
Sleep 4
--------------------
{'id': '71d6d13f', 'show': 1, 'in_city': 0, 'one_day': 0, 'wrong_date_time': 1, 'event': 'Programación De Actividades en El E.A. De Villaricos', 'slug': 'programacion-de-actividades-en-el-e-a-de-villaricos', 'category': '__NOT_DEFINIED__', 'id_venue': None, 'venue': 'Enclave Arqueológico de Villaricos', 'std_venue': None, 'start_date': '2026-03-12', 'start_time': '__NOT_FOUND__', 'end_date': '2026-03-19', 'end_time': '__NOT_DEFINIED__', 'description': 'Actividades Programa educativo Visita-taller didáctico Fecha y hora: jueves 12 de marzo. 10:00 horas. Público: alumnos/as 1o ESO del IES Martín García de Albox. Descripción: visita guiada al enclave y realización del taller didáctico “El origen de nuestro alfabeto”, en el que los alumnos/as conocerán el origen fenicio de nuestro alfabeto y reproducirán sus letras utilizando sus soportes y utensilios de escritura. Reserva y aforo: actividad previamente concertada con el centro educativo. Aforo: 60 alumnos. Programa educativo Visita-taller didáctico Fecha y hora: jueves 19 marzo. 10:00 horas. Público: alumnos/as 5o y 6o Primaria de varias pedanías de la comarca. Descripción: visita guiada al enclave y realización del taller didáctico “Juegos de Roma”, donde los alumnos/as conocerán cómo eran y cómo se fabricaban los juguetes de hace 2.000 años elaborando ellos mismos su propio juego de barro. Reserva y aforo: actividad previamente concertada con los centros educativos. Aforo: 52 alumnos.', 'others': {'location_url': '/cultura/agendaculturaldeandalucia/evento/enclave-arqueologico-de-villaricos-cuevas-del-almanzora', 'location2': 'Programación de actividades en Museos y Conjuntos Culturales. Marzo 2026 Enclave Arqueológico de Villaricos', 'duration': '__NOT_FOUND__', 'datetime_details': '12 de Marzo del 2026 - 19 de Marzo del 2026, Consultar programación de actividades', 'town': '__NOT_FOUND__', 'location': 'Carretera de Garrucha a Águilas, Cuevas del Almanzora. Almería', 'duration_days': '__NOT_FOUND__'}, 'source': 'JuntaAndaluciaAgenda', 'exec_time': '20260315T103208', 'session': '2026_03_15_10_27_Domingo', 'image': 'https://www.juntadeandalucia.es/cultura/agendaculturaldeandalucia/sites/default/files/styles/header_activity_ext_2xl/public/2025-11/villaricos1.jpg.webp?itok=ero-MPXJ', 'url': 'https://www.juntadeandalucia.es/cultura/agendaculturaldeandalucia/evento/programacion-de-actividades-en-el-ea-de-villaricos'}
5 / 20
Getting https://www.juntadeandalucia.es/cultura/agendaculturaldeandalucia/evento/semana-santa-de-nijar
Sleep 4
--------------------
{'id': '492e78e2', 'show': 1, 'in_city': 0, 'one_day': 0, 'wrong_date_time': 1, 'event': 'Semana Santa De Níjar', 'slug': 'semana-santa-de-nijar', 'category': '__NOT_DEFINIED__', 'id_venue': None, 'venue': 'Varios lugares en el municipio, Níjar, Almería', 'std_venue': None, 'start_date': '2026-03-29', 'start_time': '__NOT_FOUND__', 'end_date': '2026-04-05', 'end_time': '__NOT_DEFINIED__', 'description': 'La comarca de Níjar respira cierto olores cofrades, de cara a la inminente celebración de la Semana Santa 2026 que este año se celebrará entre los días 29 de marzo y 5 de abril.', 'others': {'location_url': '/cultura/agendaculturaldeandalucia/espacios/varios-lugares-en-el-municipio-nijar-almeria', 'location2': 'Varios lugares en el municipio, Níjar, Almería', 'duration': '__NOT_FOUND__', 'datetime_details': '29 de Marzo del 2026 - 05 de Abril del 2026', 'town': '__NOT_FOUND__', 'location': ', Níjar. Almería', 'duration_days': '__NOT_FOUND__'}, 'source': 'JuntaAndaluciaAgenda', 'exec_time': '20260315T103208', 'session': '2026_03_15_10_27_Domingo', 'image': 'https://www.juntadeandalucia.es/cultura/agendaculturaldeandalucia/sites/default/files/styles/header_activity_ext_2xl/public/2026-03/semana%20santa%20nijar%202026.png.webp?itok=SJ0U59xW', 'url': 'https://www.juntadeandalucia.es/cultura/agendaculturaldeandalucia/evento/semana-santa-de-nijar'}
6 / 20
Getting https://www.juntadeandalucia.es/cultura/agendaculturaldeandalucia/evento/semana-santa-de-tabernas
Sleep 4
--------------------
{'id': 'fcd2eb81', 'show': 1, 'in_city': 0, 'one_day': 0, 'wrong_date_time': 1, 'event': 'Semana Santa De Tabernas', 'slug': 'semana-santa-de-tabernas', 'category': '__NOT_DEFINIED__', 'id_venue': None, 'venue': 'Varios lugares en el municipio, Tabernas, Almería', 'std_venue': None, 'start_date': '2026-03-29', 'start_time': '__NOT_FOUND__', 'end_date': '2026-04-05', 'end_time': '__NOT_DEFINIED__', 'description': 'Los desfiles procesionales corren a cargo de: Hermandad de nuestra señora de los Dolores, San Juan Evangelista y Jesús de la Misericordia. (Paso Negro) Cofradía de Nuestra Señora de las Angustias, Santo Cristo de la Agonía y el Traslado de Jesús. (Paso Celeste) Ilustre Archicofradía de Ntro. Padre Jesús Nazareno y Santo Sepulcro y Hernandad Juvenil de nazarenos del Santísimo Cristo de la Buena Muerte y Ntra. Señora de la Esperanza. (Paso Morado) El Paso Negro realizó su primera salida procesional en 1.948. Posee tres imágenes: Maria Santísima de los Dolores, San Juan Evangelista y Jesús de la Misericordia. El Paso Celeste o Cofradía de la Virgen de las Angustias y Santo Cristo de la Agonía, es el más reciente. Surgió en 1.982 Se desconocen los orígenes de la cofradía del Paso Morado debido a que, durante la guerra civil, se destruyeron imágenes y documentos, pero se sabe con certeza que es anterior a 1.670, ya que en el archivo municipal almeriense se hallaron documentos de las constituciones de dicho año, reforma de otras anteriores de origen desconocido. El actual Nazareno fue donado por la archicofrade Da Blanca Bellver Cabrerizo. El Resucitado realiza un emocionante encuentro. La imagen sale por unas calles del pueblo y su Madre, la Virgen, por otras opuestas buscando a su hijo; una vez que se encuentran le quitan el manto negro y se lo cambian por otro blanco y juntos vuelven a la iglesia entre los aplausos de los asistentes.', 'others': {'location_url': '/cultura/agendaculturaldeandalucia/espacios/varios-lugares-en-el-municipio-tabernas-almeria', 'location2': 'Varios lugares en el municipio, Tabernas, Almería', 'duration': '__NOT_FOUND__', 'datetime_details': '29 de Marzo del 2026 - 05 de Abril del 2026, Horarios e itinerarios sujetos a cambios, se recomienda consultar fuentes locales.', 'town': '__NOT_FOUND__', 'location': ', Tabernas. Almería', 'duration_days': '__NOT_FOUND__'}, 'source': 'JuntaAndaluciaAgenda', 'exec_time': '20260315T103208', 'session': '2026_03_15_10_27_Domingo', 'image': 'https://www.juntadeandalucia.es/cultura/agendaculturaldeandalucia/sites/default/files/styles/header_activity_ext_2xl/public/2026-03/tabernas.jpg.webp?itok=2yXvTS6O', 'url': 'https://www.juntadeandalucia.es/cultura/agendaculturaldeandalucia/evento/semana-santa-de-tabernas'}
7 / 20
Getting https://www.juntadeandalucia.es/cultura/agendaculturaldeandalucia/evento/semana-santa-de-vera
Sleep 4
--------------------
{'id': '3241898a', 'show': 1, 'in_city': 0, 'one_day': 0, 'wrong_date_time': 1, 'event': 'Semana Santa De Vera', 'slug': 'semana-santa-de-vera', 'category': '__NOT_DEFINIED__', 'id_venue': None, 'venue': 'Varios lugares en el municipio, Vera, Almería', 'std_venue': None, 'start_date': '2026-03-29', 'start_time': '__NOT_FOUND__', 'end_date': '2026-04-05', 'end_time': '__NOT_DEFINIED__', 'description': 'La historia de la Semana Santa Veratense nace tras la conquista cristiana. Algunas de las hermandades que procesionan en la actualidad tienen su origen en el siglo XVII. La Semana Santa comienza el fin de semana anterior al Domingo de Ramos, con los traslados de las imágenes de Ntro. Padre Jesús Nazareno y La Santísima Virgen de las Angustias desde sus respectivas Ermitas al Templo Parroquial, para estar presente en el Pregón Oficial de la Semana Santa y, dar comienzo a las actividades litúrgicas que se celebrarán durante esta semana en el templo.', 'others': {'location_url': '/cultura/agendaculturaldeandalucia/espacios/varios-lugares-en-el-municipio-vera-almeria', 'location2': 'Varios lugares en el municipio, Vera, Almería', 'duration': '__NOT_FOUND__', 'datetime_details': '29 de Marzo del 2026 - 05 de Abril del 2026, Horarios e itinerarios sujetos a cambios, se recomienda consultar fuentes locales.', 'town': '__NOT_FOUND__', 'location': ', Vera. Almería', 'duration_days': '__NOT_FOUND__'}, 'source': 'JuntaAndaluciaAgenda', 'exec_time': '20260315T103208', 'session': '2026_03_15_10_27_Domingo', 'image': 'https://www.juntadeandalucia.es/cultura/agendaculturaldeandalucia/sites/default/files/styles/header_activity_ext_2xl/public/2026-03/semana_santa_vera_2026.jpg.webp?itok=L8keQ61a', 'url': 'https://www.juntadeandalucia.es/cultura/agendaculturaldeandalucia/evento/semana-santa-de-vera'}
8 / 20
Getting https://www.juntadeandalucia.es/cultura/agendaculturaldeandalucia/evento/semana-santa-de-berja
Sleep 4
--------------------
{'id': '73125153', 'show': 1, 'in_city': 0, 'one_day': 0, 'wrong_date_time': 1, 'event': 'Semana Santa De Berja', 'slug': 'semana-santa-de-berja', 'category': '__NOT_DEFINIED__', 'id_venue': None, 'venue': 'Varios lugares en el municipio, Berja, Almería', 'std_venue': None, 'start_date': '2026-03-29', 'start_time': '__NOT_FOUND__', 'end_date': '2026-04-05', 'end_time': '__NOT_DEFINIED__', 'description': 'Programa Semana Santa: DOMINGO DE RAMOS Cofradía de la Entrada Triunfal de Ntro. Padre Jesús en Jerusalén y María Stma. del Amor y la Esperanza Cofradía del Stmo. Cristo de la Misericordia y María Stma. de la Victoria MARTES SANTO Cofradía Sacramental de Ntro. Padre Jesús Cautivo de Medinaceli y María Stma. de las Mercedes MIÉRCOLES SANTO Real e Ilustre Cofradía de Penitencia del Stmo. Cristo de la Buena Muerte y María Stma. de la Amargura JUEVES SANTO Cofradía del Silencio, Santo Cristo de Cabrilla Cofradía de la Verónica Cofradía de Ntro. Padre Jesús Nazareno y Ntra. Sra. de los Dolores VIERNES SANTO Santo Vía Crucis Stmo. Cristo de la Expiración Hermandad del Santo Sepulcro, Ntra. Sra. de la Soledad y San Juan de la Palma DOMINGO DE RESURRECCIÓN Hermandad de Cristo Resucitado', 'others': {'location_url': '/cultura/agendaculturaldeandalucia/espacios/varios-lugares-en-el-municipio-berja-almeria', 'location2': 'Varios lugares en el municipio, Berja, Almería', 'duration': '__NOT_FOUND__', 'datetime_details': '29 de Marzo del 2026 - 05 de Abril del 2026, Horarios e itinerarios sujetos a cambios, se recomienda consultar fuentes locales.', 'town': '__NOT_FOUND__', 'location': ', Berja. Almería', 'duration_days': '__NOT_FOUND__'}, 'source': 'JuntaAndaluciaAgenda', 'exec_time': '20260315T103208', 'session': '2026_03_15_10_27_Domingo', 'image': 'https://www.juntadeandalucia.es/cultura/agendaculturaldeandalucia/sites/default/files/styles/header_activity_ext_2xl/public/2026-03/berja.jpg.webp?itok=IwKpu5UD', 'url': 'https://www.juntadeandalucia.es/cultura/agendaculturaldeandalucia/evento/semana-santa-de-berja'}
9 / 20
Getting https://www.juntadeandalucia.es/cultura/agendaculturaldeandalucia/evento/manuela-1
Sleep 4
--------------------
{'id': 'f5e5276c', 'show': 1, 'in_city': 1, 'one_day': 1, 'wrong_date_time': 0, 'event': 'Manuela', 'slug': 'manuela', 'category': '__NOT_DEFINIED__', 'id_venue': 'TjmFnJdD', 'venue': 'Sala de la Filmoteca de Andalucía en Almería', 'std_venue': 'Biblioteca Pública Francisco Villaespesa', 'start_date': '2026-04-27', 'start_time': '19:00:00', 'end_date': '2026-04-27', 'end_time': '__NOT_DEFINIED__', 'description': '27 LUNES 19:00 h. Paisajes andaluces de cine MANUELA Gonzalo García Pelayo. España. 1976. 105 min. Color. v.o.e. Manuela, hija de un cazador furtivo, se casa con el criado del rico Don Ramón, quien está enamorado de ella. Su belleza natural y su sensualidad a flor de piel encienden pasiones que desencadenan toda clase de conflictos.', 'others': {'location_url': '/cultura/agendaculturaldeandalucia/espacios/sala-de-la-filmoteca-de-andalucia-en-almeria', 'location2': 'Sala de la Filmoteca de Andalucía en Almería', 'duration': '__NOT_FOUND__', 'datetime_details': '27 de Abril del 2026, 19:00 horas', 'town': '__NOT_FOUND__', 'location': 'C/ Hermanos Machado, s/n, Almería. Almería', 'duration_days': '__NOT_FOUND__'}, 'source': 'JuntaAndaluciaAgenda', 'exec_time': '20260315T103208', 'session': '2026_03_15_10_27_Domingo', 'image': 'https://www.juntadeandalucia.es/cultura/agendaculturaldeandalucia/sites/default/files/styles/header_activity_ext_2xl/public/2026-03/GRSTKOBTMJTDKOBXGRRWGNZSGM.jpg.webp?itok=hv1YNiP_', 'url': 'https://www.juntadeandalucia.es/cultura/agendaculturaldeandalucia/evento/manuela-1'}
10 / 20
Getting https://www.juntadeandalucia.es/cultura/agendaculturaldeandalucia/evento/fundacion-cajasol-sevilla
Sleep 4
--------------------
{'id': 'b8f05524', 'show': 1, 'in_city': 0, 'one_day': 1, 'wrong_date_time': 1, 'event': 'Fundación Cajasol', 'slug': 'fundacion-cajasol', 'category': '__NOT_DEFINIED__', 'id_venue': None, 'venue': '__NOT_FOUND__', 'std_venue': None, 'start_date': '__NOT_FOUND__', 'start_time': '__NOT_FOUND__', 'end_date': '__NOT_FOUND__', 'end_time': '__NOT_DEFINIED__', 'description': 'La Fundación Cajasol es una entidad sin ánimo de lucro que tiene como objetivo la realización de actividades, iniciativas y proyectos enmarcadas dentro de sus cuatro grandes áreas de actuación: acción social, acción cultural, emprendimiento y formación, cubriendo las necesidades de todos los perfiles del público y de la sociedad en general, y en función de las demandas solicitadas por el entorno más cercano. Como resultado de su compromiso y trabajo constante, la Fundación Cajasol se ha convertido en la gran Fundación por excelencia en Andalucía, teniendo, además, actividades puntuales en otras zonas de la península. Con sedes abiertas en Huelva, Cádiz, Jerez y Córdoba , y su sede principal en Sevilla, la Fundación Cajasol mantiene su compromiso con Andalucía en general. Por ello, mantiene activo su interés y presencia en el resto de capitales, como es el caso de convenios con Instituciones como la Universidad de Jaén para la dotación de becas de estudios, o Málaga, donde se ha itinerario la muestra ‘Los Maestros del Barroco de la Fundación Cajasol ‘, entre otras. Ponemos en marcha actividades de diversa índole y para perfiles de públicos diferentes... Más de 3.000 actividades organizadas en nuestras sedes , a las que se suman todas las iniciativas que desarrollamos fuera de ellas, en colaboración con otras entidades... Apostamos por las tradiciones, manteniendo un compromiso de defender y poner en valor las manifestaciones culturales más arraigadas a nuestra tierra: flamenco, Semana Santa. Y nos adaptamos a las últimas tendencias, sin limitarnos en nuestro entorno, abriendo fronteras. Todo ello con el fin de abarcar y atraer a todo tipo de públicos. Trabajamos para poder contribuir en el firme objetivo de conseguir una sociedad más justa e igualitaria , eliminando barreras sociales, apostando por la integración y la igualdad de oportunidades y dotando de las herramientas necesarias a los colectivos más desamparados para que éstos puedan tener acceso a estudios superiores, a la cultura, la práctica deportiva, etc. La Fundación ofrece todas las herramientas para que se fomente el emprendimiento y se difunda entre la sociedad, como una vía para desarrollar nuestras tierra y, a la vez, poner de manifiesto el potencial que existe en Andalucía. En la Fundación Cajasol trabaja una plantilla de profesionales especializados en sus diversas áreas (gestión de proyectos sociales y de cooperación al desarrollo, actividades culturales, administración, comunicación,etc.) que combinan cualificación técnica con vocación social. Conviene además subrayar que en los distintos ámbitos de su gestión se camina codo con codo con el resto de la sociedad, fuente primordial para identificar y comprender los problemas y las demandas sociales. Con todo, eso no se considera suficiente y extiende sus tentáculos en la búsqueda de cualquier colaboración que se considere útil para potenciar las acciones que faciliten la consecución de sus objetivos. De esta forma, la amplia red de sus colaboradores incluye a las administraciones públicas, universidades, empresas, ONGs, investigadores, creadores, otras fundaciones, asociaciones de diversa naturaleza, etc. Cientos de colaboradores entre los que se encuentran instituciones, entidades sociales, Asociaciones, Universidades y Fundaciones de importante relevancia . Asimismo, ha sido reconocida por la sociedad, los clientes, sus empleados y demás grupos de interés como una institución caracterizada por los siguientes atributos: innovadora, eficaz y comprometida con las necesidades sociales de cada momento, accesible, orientada a los colectivos más necesitados, dialogante, receptiva con clientes, empleados y la sociedad, transparente tanto interna como externamente, coherente con unas líneas de actuación definidas, sujetas a examen y crítica constructiva que ha sido reconocida con los Premios y galardones más prestigiosos del país.', 'others': {'location_url': '__NOT_FOUND__', 'location2': 'Plaza de San Francisco, 1', 'duration': '__NOT_FOUND__', 'datetime_details': '__NOT_FOUND__', 'town': '__NOT_FOUND__', 'location': 'Plaza de San Francisco, 1, Sevilla, Sevilla', 'duration_days': '__NOT_FOUND__'}, 'source': 'JuntaAndaluciaAgenda', 'exec_time': '20260315T103208', 'session': '2026_03_15_10_27_Domingo', 'image': 'https://www.juntadeandalucia.es/cultura/agendaculturaldeandalucia/sites/default/files/styles/header_activity_ext_2xl/public/2022-06/fachada-sede-fundacion-cajasol-sevilla-plaza-san-francisco-3.jpg.webp?itok=_jeg1M58', 'url': 'https://www.juntadeandalucia.es/cultura/agendaculturaldeandalucia/evento/fundacion-cajasol-sevilla'}
11 / 20
Getting https://www.juntadeandalucia.es/cultura/agendaculturaldeandalucia/evento/semana-santa-huercal-overa
Sleep 4
--------------------
{'id': '58a572cd', 'show': 1, 'in_city': 0, 'one_day': 0, 'wrong_date_time': 1, 'event': 'Semana Santa Huércal-Overa', 'slug': 'semana-santa-huercal-overa', 'category': '__NOT_DEFINIED__', 'id_venue': None, 'venue': 'Varios lugares en el municipio, Huércal-Overa, Almería', 'std_venue': None, 'start_date': '2026-03-29', 'start_time': '__NOT_FOUND__', 'end_date': '2026-04-05', 'end_time': '__NOT_DEFINIED__', 'description': 'Semana Santa, tiempo de fervor que marca incluso la idiosincrasia de los propios habitantes de Huércal-Overa, declarada de Interés Turístico Nacional desde 1983, su escenificación sobrepasa cualquier frontera de la imaginación.', 'others': {'location_url': '/cultura/agendaculturaldeandalucia/espacios/varios-lugares-en-el-municipio-huercal-overa-almeria', 'location2': 'Varios lugares en el municipio, Huércal-Overa, Almería', 'duration': '__NOT_FOUND__', 'datetime_details': '29 de Marzo del 2026 - 05 de Abril del 2026, Horarios e itinerarios sujetos a cambios, se recomienda consultar fuentes locales.', 'town': '__NOT_FOUND__', 'location': ', Huércal-Overa. Almería', 'duration_days': '__NOT_FOUND__'}, 'source': 'JuntaAndaluciaAgenda', 'exec_time': '20260315T103208', 'session': '2026_03_15_10_27_Domingo', 'image': 'https://www.juntadeandalucia.es/cultura/agendaculturaldeandalucia/sites/default/files/styles/header_activity_ext_2xl/public/2026-03/Semana%20Santa%20Hu%C3%A9rcal-Overa%202026.jpg.webp?itok=BNlEHDy0', 'url': 'https://www.juntadeandalucia.es/cultura/agendaculturaldeandalucia/evento/semana-santa-huercal-overa'}
12 / 20
Getting https://www.juntadeandalucia.es/cultura/agendaculturaldeandalucia/evento/el-fantastico-viaje-de-jonas-el-espermatozoide-5
Sleep 4
--------------------
{'id': 'f0b5b090', 'show': 1, 'in_city': 0, 'one_day': 1, 'wrong_date_time': 1, 'event': 'El Fantástico Viaje De Jonás El Espermatozoide', 'slug': 'el-fantastico-viaje-de-jonas-el-espermatozoide', 'category': '__NOT_DEFINIED__', 'id_venue': None, 'venue': 'Teatro Municipal de El Ejido', 'std_venue': None, 'start_date': '2026-05-02', 'start_time': '__NOT_FOUND__', 'end_date': '2026-05-02', 'end_time': '__NOT_DEFINIED__', 'description': 'COMPAÑÍA: El Espejo Negro DURACIÓN: 65 minutos Está es la historia de Jonás, un diminuto y pequeño espermatozoide que se negaba a concursar en la gran carrera de la fecundación. Prefería dormir y vaguear plácidamente en el interior del testículo donde vivía. Pero el tiempo se acababa, y nuestro vago y dormilón espermatozoide tenía que emprender el viaje más fantástico y alucinante de toda su vida. Un viaje sin retorno, lleno de peligros y aventuras, en busca del óvulo perdido...', 'others': {'location_url': '/cultura/agendaculturaldeandalucia/espacios/teatro-municipal-de-el-ejido', 'location2': 'Teatro Municipal de El Ejido', 'duration': '65', 'datetime_details': '02 de Mayo del 2026, A las 12:00', 'town': '__NOT_FOUND__', 'location': 'Pl. Teniente Arturo Muñoz, 1, Ejido (El). Almería', 'duration_days': '__NOT_FOUND__'}, 'source': 'JuntaAndaluciaAgenda', 'exec_time': '20260315T103208', 'session': '2026_03_15_10_27_Domingo', 'image': 'https://www.juntadeandalucia.es/cultura/agendaculturaldeandalucia/sites/default/files/styles/header_activity_ext_2xl/public/external_images/IMG0200.JPG.webp?itok=4i-zMh0F', 'url': 'https://www.juntadeandalucia.es/cultura/agendaculturaldeandalucia/evento/el-fantastico-viaje-de-jonas-el-espermatozoide-5'}
13 / 20
Getting https://www.juntadeandalucia.es/cultura/agendaculturaldeandalucia/evento/semana-santa-de-adra
Sleep 4
--------------------
{'id': '9a194d2b', 'show': 1, 'in_city': 0, 'one_day': 0, 'wrong_date_time': 1, 'event': 'Semana Santa De Adra', 'slug': 'semana-santa-de-adra', 'category': '__NOT_DEFINIED__', 'id_venue': None, 'venue': 'Varios lugares en el municipio, Adra, Almería', 'std_venue': None, 'start_date': '2026-03-29', 'start_time': '__NOT_FOUND__', 'end_date': '2026-04-05', 'end_time': '__NOT_DEFINIED__', 'description': 'La ciudad de Adra ya lo tiene todo preparado para dar comienzo a la Semana Santa del año 2026, que se iniciará el Sábado de Pasión y se prolongará hasta el próximo Domingo de Resurrección. Una intensa semana de devoción y fervor de abderitanos y visitantes tendrán la oportunidad de disfrutar de las procesiones promovidas por las tres Hermandades y Cofradías de la ciudad, así como de los diferentes actos lúdicos organizados durante estos días.', 'others': {'location_url': '/cultura/agendaculturaldeandalucia/espacios/varios-lugares-en-el-municipio-adra-almeria', 'location2': 'Varios lugares en el municipio, Adra, Almería', 'duration': '__NOT_FOUND__', 'datetime_details': '29 de Marzo del 2026 - 05 de Abril del 2026, Horarios e itinerarios sujetos a cambios, se recomienda consultar fuentes locales.', 'town': '__NOT_FOUND__', 'location': ', Adra. Almería', 'duration_days': '__NOT_FOUND__'}, 'source': 'JuntaAndaluciaAgenda', 'exec_time': '20260315T103208', 'session': '2026_03_15_10_27_Domingo', 'image': 'https://www.juntadeandalucia.es/cultura/agendaculturaldeandalucia/sites/default/files/styles/header_activity_ext_2xl/public/2026-03/adra.jpg.webp?itok=9VlJT2d3', 'url': 'https://www.juntadeandalucia.es/cultura/agendaculturaldeandalucia/evento/semana-santa-de-adra'}
14 / 20
Getting https://www.juntadeandalucia.es/cultura/agendaculturaldeandalucia/evento/lawrence-de-arabia
Sleep 4
--------------------
{'id': 'd917cec3', 'show': 1, 'in_city': 1, 'one_day': 1, 'wrong_date_time': 0, 'event': 'Lawrence De Arabia', 'slug': 'lawrence-de-arabia', 'category': '__NOT_DEFINIED__', 'id_venue': 'TjmFnJdD', 'venue': 'Sala de la Filmoteca de Andalucía en Almería', 'std_venue': 'Biblioteca Pública Francisco Villaespesa', 'start_date': '2026-04-20', 'start_time': '19:00:00', 'end_date': '2026-04-20', 'end_time': '__NOT_DEFINIED__', 'description': "20 LUNES 19:00 h. Paisajes andaluces de cine LAWRENCE DE ARABIA David Lean. Reino Unido. 1962. 222 min. Color. v.o.s.e. El Cairo, 1917. Durante la Gran Guerra (1914-1918), T.E. Lawrence (Peter O'Toole), un conflictivo y enigmático oficial británico, es enviado al desierto para participar en una campaña de apoyo a los árabes contra Turquía. Él y su amigo Sherif Alí (Omar Sharif) pondrán en esta misión toda su alma. Los nativos adoran a Lawrence porque ha demostrado sobradamente ser un amante del desierto y del pueblo árabe. En cambio, sus superiores británicos creen que se ha vuelto loco.", 'others': {'location_url': '/cultura/agendaculturaldeandalucia/espacios/sala-de-la-filmoteca-de-andalucia-en-almeria', 'location2': 'Sala de la Filmoteca de Andalucía en Almería', 'duration': '__NOT_FOUND__', 'datetime_details': '20 de Abril del 2026, 19:00 horas', 'town': '__NOT_FOUND__', 'location': 'C/ Hermanos Machado, s/n, Almería. Almería', 'duration_days': '__NOT_FOUND__'}, 'source': 'JuntaAndaluciaAgenda', 'exec_time': '20260315T103208', 'session': '2026_03_15_10_27_Domingo', 'image': 'https://www.juntadeandalucia.es/cultura/agendaculturaldeandalucia/sites/default/files/styles/header_activity_ext_2xl/public/2026-03/Lawrence-of-Arabia.jpg.webp?itok=QQ_4Iw0U', 'url': 'https://www.juntadeandalucia.es/cultura/agendaculturaldeandalucia/evento/lawrence-de-arabia'}
15 / 20
Getting https://www.juntadeandalucia.es/cultura/agendaculturaldeandalucia/evento/semana-santa-de-albox
Sleep 4
--------------------
{'id': 'e367d3e9', 'show': 1, 'in_city': 0, 'one_day': 0, 'wrong_date_time': 1, 'event': 'Semana Santa De Albox', 'slug': 'semana-santa-de-albox', 'category': '__NOT_DEFINIED__', 'id_venue': None, 'venue': 'Varios lugares en el municipio, Albox, Almería', 'std_venue': None, 'start_date': '2026-03-29', 'start_time': '__NOT_FOUND__', 'end_date': '2026-04-05', 'end_time': '__NOT_DEFINIED__', 'description': 'La Semana Santa de Albox fue declarada de interés turístico, y en dicha semana procesionan multitud de hermandades por sus calles. Es característica por su Semana Santa Infantil.', 'others': {'location_url': '/cultura/agendaculturaldeandalucia/espacios/varios-lugares-en-el-municipio-albox-almeria', 'location2': 'Varios lugares en el municipio, Albox, Almería', 'duration': '__NOT_FOUND__', 'datetime_details': '29 de Marzo del 2026 - 05 de Abril del 2026, Horarios e itinerarios sujetos a cambios, se recomienda consultar fuentes locales.', 'town': '__NOT_FOUND__', 'location': ', Albox. Almería', 'duration_days': '__NOT_FOUND__'}, 'source': 'JuntaAndaluciaAgenda', 'exec_time': '20260315T103208', 'session': '2026_03_15_10_27_Domingo', 'image': 'https://www.juntadeandalucia.es/cultura/agendaculturaldeandalucia/sites/default/files/styles/header_activity_ext_2xl/public/2026-03/semana%20santa%20albox%202026.jpg.webp?itok=aREfEnNT', 'url': 'https://www.juntadeandalucia.es/cultura/agendaculturaldeandalucia/evento/semana-santa-de-albox'}
16 / 20
Getting https://www.juntadeandalucia.es/cultura/agendaculturaldeandalucia/evento/tablao-de-arcangel-en-almeria
Sleep 4
