time=2026-02-03T16:01:09.745Z level=INFO msg="Executing root dag-run" dag=FisgonTaskSelenium run-id=019c243c-7c70-745b-b43e-17de82537c39 params=""
time=2026-02-03T16:01:09.755Z level=INFO msg="DAG run started" name=FisgonTaskSelenium run-id=019c243c-7c70-745b-b43e-17de82537c39 attempt-id="" dag=FisgonTaskSelenium run-id=019c243c-7c70-745b-b43e-17de82537c39 params="[TARGET_CITY=Almeria TARGET_SCRAPER=AlmeriaCiudad 3=DAGU_BASE_URL=]"
time=2026-02-03T16:01:09.757Z level=INFO msg="Step started" name=FisgonTaskSelenium run-id=019c243c-7c70-745b-b43e-17de82537c39 attempt-id="" dag=FisgonTaskSelenium run-id=019c243c-7c70-745b-b43e-17de82537c39 step=tarea_1
time=2026-02-03T16:02:22.726Z level=INFO msg="DAG run finished" name=FisgonTaskSelenium run-id=019c243c-7c70-745b-b43e-17de82537c39 attempt-id="" dag=FisgonTaskSelenium run-id=019c243c-7c70-745b-b43e-17de82537c39 status=succeeded started-at=2026-02-03T16:01:09Z finished-at=2026-02-03T16:02:22Z
time=2026-02-03T16:02:22.773Z level=INFO msg="Executing root dag-run" dag=FisgonTaskSelenium run-id=019c243d-99b3-7ceb-b651-20676985279f params=""
time=2026-02-03T16:02:22.781Z level=INFO msg="DAG run started" name=FisgonTaskSelenium run-id=019c243d-99b3-7ceb-b651-20676985279f attempt-id="" dag=FisgonTaskSelenium run-id=019c243d-99b3-7ceb-b651-20676985279f params="[TARGET_CITY=Almeria TARGET_SCRAPER=AlmeriaTurismo 3=DAGU_BASE_URL=]"
time=2026-02-03T16:02:22.784Z level=INFO msg="Step started" name=FisgonTaskSelenium run-id=019c243d-99b3-7ceb-b651-20676985279f attempt-id="" dag=FisgonTaskSelenium run-id=019c243d-99b3-7ceb-b651-20676985279f step=tarea_1
time=2026-02-03T16:03:31.868Z level=INFO msg="DAG run finished" name=FisgonTaskSelenium run-id=019c243d-99b3-7ceb-b651-20676985279f attempt-id="" dag=FisgonTaskSelenium run-id=019c243d-99b3-7ceb-b651-20676985279f status=succeeded started-at=2026-02-03T16:02:22Z finished-at=2026-02-03T16:03:31Z
time=2026-02-03T16:03:31.917Z level=INFO msg="Executing root dag-run" dag=FisgonTaskSelenium run-id=019c243e-a7cb-7b84-b6ba-fb14374cca4c params=""
time=2026-02-03T16:03:31.924Z level=INFO msg="DAG run started" name=FisgonTaskSelenium run-id=019c243e-a7cb-7b84-b6ba-fb14374cca4c attempt-id="" dag=FisgonTaskSelenium run-id=019c243e-a7cb-7b84-b6ba-fb14374cca4c params="[TARGET_CITY=Almeria TARGET_SCRAPER=JuntaAndaluciaAgenda 3=DAGU_BASE_URL=]"
time=2026-02-03T16:03:31.926Z level=INFO msg="Step started" name=FisgonTaskSelenium run-id=019c243e-a7cb-7b84-b6ba-fb14374cca4c attempt-id="" dag=FisgonTaskSelenium run-id=019c243e-a7cb-7b84-b6ba-fb14374cca4c step=tarea_1
time=2026-02-03T16:07:57.079Z level=INFO msg="DAG run finished" name=FisgonTaskSelenium run-id=019c243e-a7cb-7b84-b6ba-fb14374cca4c attempt-id="" dag=FisgonTaskSelenium run-id=019c243e-a7cb-7b84-b6ba-fb14374cca4c status=succeeded started-at=2026-02-03T16:03:31Z finished-at=2026-02-03T16:07:57Z
time=2026-02-03T16:07:57.124Z level=INFO msg="Executing root dag-run" dag=FisgonTaskSelenium run-id=019c2442-b3c3-7263-8e21-951d234adabf params=""
time=2026-02-03T16:07:57.136Z level=INFO msg="DAG run started" name=FisgonTaskSelenium run-id=019c2442-b3c3-7263-8e21-951d234adabf attempt-id="" dag=FisgonTaskSelenium run-id=019c2442-b3c3-7263-8e21-951d234adabf params="[TARGET_CITY=Almeria TARGET_SCRAPER=ClassicJazz 3=DAGU_BASE_URL=]"
time=2026-02-03T16:07:57.139Z level=INFO msg="Step started" name=FisgonTaskSelenium run-id=019c2442-b3c3-7263-8e21-951d234adabf attempt-id="" dag=FisgonTaskSelenium run-id=019c2442-b3c3-7263-8e21-951d234adabf step=tarea_1
time=2026-02-03T16:09:27.630Z level=INFO msg="DAG run finished" name=FisgonTaskSelenium run-id=019c2442-b3c3-7263-8e21-951d234adabf attempt-id="" dag=FisgonTaskSelenium run-id=019c2442-b3c3-7263-8e21-951d234adabf status=succeeded started-at=2026-02-03T16:07:57Z finished-at=2026-02-03T16:09:27Z
time=2026-02-03T16:09:27.675Z level=INFO msg="Executing root dag-run" dag=FisgonTaskSelenium run-id=019c2444-157a-7d92-b80e-1dfca36281a4 params=""
time=2026-02-03T16:09:27.688Z level=INFO msg="DAG run started" name=FisgonTaskSelenium run-id=019c2444-157a-7d92-b80e-1dfca36281a4 attempt-id="" dag=FisgonTaskSelenium run-id=019c2444-157a-7d92-b80e-1dfca36281a4 params="[TARGET_CITY=Almeria TARGET_SCRAPER=FlowteCineClub 3=DAGU_BASE_URL=]"
time=2026-02-03T16:09:27.691Z level=INFO msg="Step started" name=FisgonTaskSelenium run-id=019c2444-157a-7d92-b80e-1dfca36281a4 attempt-id="" dag=FisgonTaskSelenium run-id=019c2444-157a-7d92-b80e-1dfca36281a4 step=tarea_1
time=2026-02-03T16:10:12.427Z level=INFO msg="DAG run finished" name=FisgonTaskSelenium run-id=019c2444-157a-7d92-b80e-1dfca36281a4 attempt-id="" dag=FisgonTaskSelenium run-id=019c2444-157a-7d92-b80e-1dfca36281a4 status=succeeded started-at=2026-02-03T16:09:27Z finished-at=2026-02-03T16:10:12Z
time=2026-02-03T16:10:12.470Z level=INFO msg="Executing root dag-run" dag=FisgonTaskSelenium run-id=019c2444-c475-77da-8ee4-8a218da63e40 params=""
time=2026-02-03T16:10:12.484Z level=INFO msg="DAG run started" name=FisgonTaskSelenium run-id=019c2444-c475-77da-8ee4-8a218da63e40 attempt-id="" dag=FisgonTaskSelenium run-id=019c2444-c475-77da-8ee4-8a218da63e40 params="[TARGET_CITY=Almeria TARGET_SCRAPER=FlowteTaquillaCultural 3=DAGU_BASE_URL=]"
time=2026-02-03T16:10:12.487Z level=INFO msg="Step started" name=FisgonTaskSelenium run-id=019c2444-c475-77da-8ee4-8a218da63e40 attempt-id="" dag=FisgonTaskSelenium run-id=019c2444-c475-77da-8ee4-8a218da63e40 step=tarea_1
time=2026-02-03T16:14:17.234Z level=INFO msg="DAG run finished" name=FisgonTaskSelenium run-id=019c2444-c475-77da-8ee4-8a218da63e40 attempt-id="" dag=FisgonTaskSelenium run-id=019c2444-c475-77da-8ee4-8a218da63e40 status=succeeded started-at=2026-02-03T16:10:12Z finished-at=2026-02-03T16:14:17Z
time=2026-02-03T16:14:17.493Z level=INFO msg="Executing root dag-run" dag=FisgonTaskSelenium run-id=019c2448-8194-7053-a7f9-ba8602862808 params=""
time=2026-02-03T16:14:17.503Z level=INFO msg="DAG run started" name=FisgonTaskSelenium run-id=019c2448-8194-7053-a7f9-ba8602862808 attempt-id="" dag=FisgonTaskSelenium run-id=019c2448-8194-7053-a7f9-ba8602862808 params="[TARGET_CITY=Almeria TARGET_SCRAPER=Entradium 3=DAGU_BASE_URL=]"
time=2026-02-03T16:14:17.505Z level=INFO msg="Step started" name=FisgonTaskSelenium run-id=019c2448-8194-7053-a7f9-ba8602862808 attempt-id="" dag=FisgonTaskSelenium run-id=019c2448-8194-7053-a7f9-ba8602862808 step=tarea_1
time=2026-02-03T16:16:11.845Z level=INFO msg="DAG run finished" name=FisgonTaskSelenium run-id=019c2448-8194-7053-a7f9-ba8602862808 attempt-id="" dag=FisgonTaskSelenium run-id=019c2448-8194-7053-a7f9-ba8602862808 status=succeeded started-at=2026-02-03T16:14:17Z finished-at=2026-02-03T16:16:11Z
time=2026-02-03T16:16:11.889Z level=INFO msg="Executing root dag-run" dag=FisgonTaskSelenium run-id=019c244a-406e-79de-af8e-a1ba971ad1aa params=""
time=2026-02-03T16:16:11.897Z level=INFO msg="DAG run started" name=FisgonTaskSelenium run-id=019c244a-406e-79de-af8e-a1ba971ad1aa attempt-id="" dag=FisgonTaskSelenium run-id=019c244a-406e-79de-af8e-a1ba971ad1aa params="[TARGET_CITY=Almeria TARGET_SCRAPER=TodasLasEntradas 3=DAGU_BASE_URL=]"
time=2026-02-03T16:16:11.899Z level=INFO msg="Step started" name=FisgonTaskSelenium run-id=019c244a-406e-79de-af8e-a1ba971ad1aa attempt-id="" dag=FisgonTaskSelenium run-id=019c244a-406e-79de-af8e-a1ba971ad1aa step=tarea_1
time=2026-02-03T16:16:56.679Z level=INFO msg="DAG run finished" name=FisgonTaskSelenium run-id=019c244a-406e-79de-af8e-a1ba971ad1aa attempt-id="" dag=FisgonTaskSelenium run-id=019c244a-406e-79de-af8e-a1ba971ad1aa status=succeeded started-at=2026-02-03T16:16:11Z finished-at=2026-02-03T16:16:56Z
time=2026-02-03T16:16:56.727Z level=INFO msg="Executing root dag-run" dag=FisgonTaskSelenium run-id=019c244a-ef96-7aed-a2a3-e014d886fb5c params=""
time=2026-02-03T16:16:56.742Z level=INFO msg="DAG run started" name=FisgonTaskSelenium run-id=019c244a-ef96-7aed-a2a3-e014d886fb5c attempt-id="" dag=FisgonTaskSelenium run-id=019c244a-ef96-7aed-a2a3-e014d886fb5c params="[TARGET_CITY=Almeria TARGET_SCRAPER=RedBibliotecas 3=DAGU_BASE_URL=]"
time=2026-02-03T16:16:56.745Z level=INFO msg="Step started" name=FisgonTaskSelenium run-id=019c244a-ef96-7aed-a2a3-e014d886fb5c attempt-id="" dag=FisgonTaskSelenium run-id=019c244a-ef96-7aed-a2a3-e014d886fb5c step=tarea_1
time=2026-02-03T16:17:36.077Z level=INFO msg="DAG run finished" name=FisgonTaskSelenium run-id=019c244a-ef96-7aed-a2a3-e014d886fb5c attempt-id="" dag=FisgonTaskSelenium run-id=019c244a-ef96-7aed-a2a3-e014d886fb5c status=succeeded started-at=2026-02-03T16:16:56Z finished-at=2026-02-03T16:17:36Z
time=2026-02-03T16:17:36.122Z level=INFO msg="Executing root dag-run" dag=FisgonTaskSelenium run-id=019c244b-8979-7ece-b3aa-b4eb7cfc0837 params=""
time=2026-02-03T16:17:36.135Z level=INFO msg="DAG run started" name=FisgonTaskSelenium run-id=019c244b-8979-7ece-b3aa-b4eb7cfc0837 attempt-id="" dag=FisgonTaskSelenium run-id=019c244b-8979-7ece-b3aa-b4eb7cfc0837 params="[TARGET_CITY=Almeria TARGET_SCRAPER=SalaEmma 3=DAGU_BASE_URL=]"
time=2026-02-03T16:17:36.139Z level=INFO msg="Step started" name=FisgonTaskSelenium run-id=019c244b-8979-7ece-b3aa-b4eb7cfc0837 attempt-id="" dag=FisgonTaskSelenium run-id=019c244b-8979-7ece-b3aa-b4eb7cfc0837 step=tarea_1
time=2026-02-03T16:18:22.753Z level=INFO msg="DAG run finished" name=FisgonTaskSelenium run-id=019c244b-8979-7ece-b3aa-b4eb7cfc0837 attempt-id="" dag=FisgonTaskSelenium run-id=019c244b-8979-7ece-b3aa-b4eb7cfc0837 status=succeeded started-at=2026-02-03T16:17:36Z finished-at=2026-02-03T16:18:22Z
time=2026-02-03T16:18:22.796Z level=INFO msg="Executing root dag-run" dag=FisgonTaskSelenium run-id=019c244c-3fcb-7553-bd47-b20aa25d9100 params=""
time=2026-02-03T16:18:22.808Z level=INFO msg="DAG run started" name=FisgonTaskSelenium run-id=019c244c-3fcb-7553-bd47-b20aa25d9100 attempt-id="" dag=FisgonTaskSelenium run-id=019c244c-3fcb-7553-bd47-b20aa25d9100 params="[TARGET_CITY=Almeria TARGET_SCRAPER=Giglon 3=DAGU_BASE_URL=]"
time=2026-02-03T16:18:22.811Z level=INFO msg="Step started" name=FisgonTaskSelenium run-id=019c244c-3fcb-7553-bd47-b20aa25d9100 attempt-id="" dag=FisgonTaskSelenium run-id=019c244c-3fcb-7553-bd47-b20aa25d9100 step=tarea_1
time=2026-02-03T16:18:58.310Z level=INFO msg="Stop request received" name=FisgonTaskSelenium run-id=019c244c-3fcb-7553-bd47-b20aa25d9100 attempt-id="" dag=FisgonTaskSelenium run-id=019c244c-3fcb-7553-bd47-b20aa25d9100
time=2026-02-03T16:18:58.314Z level=INFO msg="Sending signal to running child processes" name=FisgonTaskSelenium run-id=019c244c-3fcb-7553-bd47-b20aa25d9100 attempt-id="" dag=FisgonTaskSelenium run-id=019c244c-3fcb-7553-bd47-b20aa25d9100 signal=terminated allow-override=true max-cleanup-time=5s
time=2026-02-03T16:18:58.317Z level=INFO msg="Sending signal" name=FisgonTaskSelenium run-id=019c244c-3fcb-7553-bd47-b20aa25d9100 attempt-id="" dag=FisgonTaskSelenium run-id=019c244c-3fcb-7553-bd47-b20aa25d9100 signal=terminated step=tarea_1
time=2026-02-03T16:18:58.320Z level=INFO msg="All child processes have been terminated" name=FisgonTaskSelenium run-id=019c244c-3fcb-7553-bd47-b20aa25d9100 attempt-id="" dag=FisgonTaskSelenium run-id=019c244c-3fcb-7553-bd47-b20aa25d9100
time=2026-02-03T16:19:46.015Z level=INFO msg="Stop request received" name=FisgonTaskSelenium run-id=019c244c-3fcb-7553-bd47-b20aa25d9100 attempt-id="" dag=FisgonTaskSelenium run-id=019c244c-3fcb-7553-bd47-b20aa25d9100
time=2026-02-03T16:19:46.019Z level=INFO msg="Sending signal to running child processes" name=FisgonTaskSelenium run-id=019c244c-3fcb-7553-bd47-b20aa25d9100 attempt-id="" dag=FisgonTaskSelenium run-id=019c244c-3fcb-7553-bd47-b20aa25d9100 signal=terminated allow-override=true max-cleanup-time=5s
time=2026-02-03T16:19:46.022Z level=INFO msg="All child processes have been terminated" name=FisgonTaskSelenium run-id=019c244c-3fcb-7553-bd47-b20aa25d9100 attempt-id="" dag=FisgonTaskSelenium run-id=019c244c-3fcb-7553-bd47-b20aa25d9100
