Launching scraper: KuverProducciones
Succeeded - 2026-02-03T15:59:47Z

dag: FisgonTaskRequest (6.0s)
│
└─tarea_1 (6.0s) [succeeded]
  ├─bash -lc 'docker run --rm --network host -v
  │   /home/ubuntu/work/fisgon:/app -v
  │   /home/ubuntu/data_storage:/home/ubuntu/data_storage -w /app -e
  │   OPERATION=0 -e DOCKER_CONFIG=/tmp/.docker -e HOME=/tmp -e TARGET_CITY -e
  │   TARGET_SCRAPER -e
  │   DAG_RUN_URL="${DAGU_BASE_URL}/dags/${DAG_NAME}?dagRunId=${DAG_RUN_ID}"
  │   -e
  │   DAG_RUN_LOG_URL="${DAGU_BASE_URL}/dags/${DAG_NAME}/log?remoteNode=local&
  │   step=tarea_1&dagRunId=${DAG_RUN_ID}" fisgon_scraper:1.0; rc=$?; exit
  │   $rc'
  │
  ├─stdout:
  │   RUNNING VARS →
  │   CITY=Almeria,
  │   OPERATION=0,
  │   CREATE_SESSION=0,
  │   CLOSE_SESSION=0,
  │   SESSION=None,
  │   IMAGES=0,
  │   GET_SCRAPERS=
  │   SCRAPER=KuverProducciones
  │   DAG_RUN_URL=/dags/FisgonTaskRequest/log?remoteNode=local&step=tarea_1&da
  │   gRunId=019c243b-3b48-74bc-b451-77da64a4fd47
  │   Running for Almeria: KuverProducciones
  │   KuverProducciones
  │   Creating rawfolder...
  │   RUNNING SESSION =  2026_02_03_15_59_Martes
  │   Getting https://kuverproducciones.com/proximos-eventos/
  │   Sleep 1
  │   *** SCRAPED 87 URLS WITH EVENTS **
  │   New url events = 0
  │   #######################
  │   No new urls/events extracted. No new events to save
  │   #######################
  └─stderr:
      /usr/local/lib/python3.11/site-packages/urllib3/connectionpool.py:1097:
      InsecureRequestWarning: Unverified HTTPS request is being made to host
      'kuverproducciones.com'. Adding certificate verification is strongly
      advised. See:
      https://urllib3.readthedocs.io/en/latest/advanced-usage.html#tls-warnings
      warnings.warn(

Result: Succeeded

Launching scraper: LaVozAgenda
Failed - 2026-02-03T15:59:53Z

dag: FisgonTaskRequest (1.0s)
│
└─tarea_1 (1.0s) [failed]
  ├─bash -lc 'docker run --rm --network host -v
  │   /home/ubuntu/work/fisgon:/app -v
  │   /home/ubuntu/data_storage:/home/ubuntu/data_storage -w /app -e
  │   OPERATION=0 -e DOCKER_CONFIG=/tmp/.docker -e HOME=/tmp -e TARGET_CITY -e
  │   TARGET_SCRAPER -e
  │   DAG_RUN_URL="${DAGU_BASE_URL}/dags/${DAG_NAME}?dagRunId=${DAG_RUN_ID}"
  │   -e
  │   DAG_RUN_LOG_URL="${DAGU_BASE_URL}/dags/${DAG_NAME}/log?remoteNode=local&
  │   step=tarea_1&dagRunId=${DAG_RUN_ID}" fisgon_scraper:1.0; rc=$?; exit
  │   $rc'
  │
  ├─stdout:
  │   RUNNING VARS →
  │   CITY=Almeria,
  │   OPERATION=0,
  │   CREATE_SESSION=0,
  │   CLOSE_SESSION=0,
  │   SESSION=None,
  │   IMAGES=0,
  │   GET_SCRAPERS=
  │   SCRAPER=LaVozAgenda
  │   DAG_RUN_URL=/dags/FisgonTaskRequest/log?remoteNode=local&step=tarea_1&da
  │   gRunId=019c243b-5397-77b2-b203-bd66bfd4eadf
  │   Running for Almeria: LaVozAgenda
  │   LaVozAgenda
  │   Creating rawfolder...
  │   RUNNING SESSION =  2026_02_03_15_59_Martes
  │   #######################
  │   Running debug execution  LaVozAgenda
  │   #######################
  ├─stderr:
  │   Traceback (most recent call last):
  │   File "/app/run.py", line 137, in <module>
  │   run_one(events_extractors, TARGET_SCRAPER, session_manager, TARGET_CITY)
  │   File "/app/run.py", line 18, in run_one
  │   ev.run()
  │   File
  │   "/app/scraper/extractors/url_iterator/abc_url_iterator_extractor.py",
  │   line 20, in run
  │   url_event_list = self.scrape_event_urls()
  │   ^^^^^^^^^^^^^^^^^^^^^^^^
  │   File "/app/scraper/extractors/url_iterator/la_voz_agenda.py", line 16,
  │   in scrape_event_urls
  │   soup = get_html(self.url.format(page), 3)
  │   ^^^^^^^^^^^^^^^
  │   AttributeError: 'NoneType' object has no attribute 'format'
  │
  └─error: failed to execute step "tarea_1": exit status 1

Result: Failed

Launching scraper: SalaBerlin
Succeeded - 2026-02-03T15:59:54Z

dag: FisgonTaskRequest (7.0s)
│
└─tarea_1 (7.0s) [succeeded]
  ├─bash -lc 'docker run --rm --network host -v
  │   /home/ubuntu/work/fisgon:/app -v
  │   /home/ubuntu/data_storage:/home/ubuntu/data_storage -w /app -e
  │   OPERATION=0 -e DOCKER_CONFIG=/tmp/.docker -e HOME=/tmp -e TARGET_CITY -e
  │   TARGET_SCRAPER -e
  │   DAG_RUN_URL="${DAGU_BASE_URL}/dags/${DAG_NAME}?dagRunId=${DAG_RUN_ID}"
  │   -e
  │   DAG_RUN_LOG_URL="${DAGU_BASE_URL}/dags/${DAG_NAME}/log?remoteNode=local&
  │   step=tarea_1&dagRunId=${DAG_RUN_ID}" fisgon_scraper:1.0; rc=$?; exit
  │   $rc'
  │
  ├─stdout:
  │   RUNNING VARS →
  │   CITY=Almeria,
  │   OPERATION=0,
  │   CREATE_SESSION=0,
  │   CLOSE_SESSION=0,
  │   SESSION=None,
  │   IMAGES=0,
  │   GET_SCRAPERS=
  │   SCRAPER=SalaBerlin
  │   DAG_RUN_URL=/dags/FisgonTaskRequest/log?remoteNode=local&step=tarea_1&da
  │   gRunId=019c243b-5802-73d6-a7a2-d79fc1412a0a
  │   Running for Almeria: SalaBerlin
  │   SalaBerlin
  │   RUNNING SESSION =  2026_02_03_15_59_Martes
  │   Getting https://berlinalmeria.com/eventos/
  │   Sleep 1
  │   *** SCRAPED 12 URLS WITH EVENTS **
  │   New url events = 0
  │   #######################
  │   No new urls/events extracted. No new events to save
  │   #######################
  └─stderr:
      /usr/local/lib/python3.11/site-packages/urllib3/connectionpool.py:1097:
      InsecureRequestWarning: Unverified HTTPS request is being made to host
      'berlinalmeria.com'. Adding certificate verification is strongly advised.
      See:
      https://urllib3.readthedocs.io/en/latest/advanced-usage.html#tls-warnings
      warnings.warn(

Result: Succeeded

Launching scraper: LaGuajira
