time=2026-02-03T15:59:47.529Z level=INFO msg="Executing root dag-run" dag=FisgonTaskRequest run-id=019c243b-3b48-74bc-b451-77da64a4fd47 params=""
time=2026-02-03T15:59:47.541Z level=INFO msg="DAG run started" name=FisgonTaskRequest run-id=019c243b-3b48-74bc-b451-77da64a4fd47 attempt-id="" dag=FisgonTaskRequest run-id=019c243b-3b48-74bc-b451-77da64a4fd47 params="[TARGET_CITY=Almeria TARGET_SCRAPER=KuverProducciones 3=DAGU_BASE_URL=]"
time=2026-02-03T15:59:47.545Z level=INFO msg="Step started" name=FisgonTaskRequest run-id=019c243b-3b48-74bc-b451-77da64a4fd47 attempt-id="" dag=FisgonTaskRequest run-id=019c243b-3b48-74bc-b451-77da64a4fd47 step=tarea_1
time=2026-02-03T15:59:53.709Z level=INFO msg="DAG run finished" name=FisgonTaskRequest run-id=019c243b-3b48-74bc-b451-77da64a4fd47 attempt-id="" dag=FisgonTaskRequest run-id=019c243b-3b48-74bc-b451-77da64a4fd47 status=succeeded started-at=2026-02-03T15:59:47Z finished-at=2026-02-03T15:59:53Z
time=2026-02-03T15:59:53.752Z level=INFO msg="Executing root dag-run" dag=FisgonTaskRequest run-id=019c243b-5397-77b2-b203-bd66bfd4eadf params=""
time=2026-02-03T15:59:53.765Z level=INFO msg="DAG run started" name=FisgonTaskRequest run-id=019c243b-5397-77b2-b203-bd66bfd4eadf attempt-id="" dag=FisgonTaskRequest run-id=019c243b-5397-77b2-b203-bd66bfd4eadf params="[TARGET_CITY=Almeria TARGET_SCRAPER=LaVozAgenda 3=DAGU_BASE_URL=]"
time=2026-02-03T15:59:53.768Z level=INFO msg="Step started" name=FisgonTaskRequest run-id=019c243b-5397-77b2-b203-bd66bfd4eadf attempt-id="" dag=FisgonTaskRequest run-id=019c243b-5397-77b2-b203-bd66bfd4eadf step=tarea_1
time=2026-02-03T15:59:54.843Z level=INFO msg="DAG run finished" name=FisgonTaskRequest run-id=019c243b-5397-77b2-b203-bd66bfd4eadf attempt-id="" dag=FisgonTaskRequest run-id=019c243b-5397-77b2-b203-bd66bfd4eadf status=failed started-at=2026-02-03T15:59:53Z finished-at=2026-02-03T15:59:54Z
time=2026-02-03T15:59:54.857Z level=ERROR msg="Failed to execute dag-run" dag=FisgonTaskRequest run-id=019c243b-5397-77b2-b203-bd66bfd4eadf err="failed to execute step \"tarea_1\": exit status 1\nrecent stderr (tail):\nTraceback (most recent call last):\n  File \"/app/run.py\", line 137, in <module>\n    run_one(events_extractors, TARGET_SCRAPER, session_manager, TARGET_CITY)\n  File \"/app/run.py\", line 18, in run_one\n    ev.run()\n  File \"/app/scraper/extractors/url_iterator/abc_url_iterator_extractor.py\", line 20, in run\n    url_event_list = self.scrape_event_urls()\n                     ^^^^^^^^^^^^^^^^^^^^^^^^\n  File \"/app/scraper/extractors/url_iterator/la_voz_agenda.py\", line 16, in scrape_event_urls\n    soup = get_html(self.url.format(page), 3)\n                    ^^^^^^^^^^^^^^^\nAttributeError: 'NoneType' object has no attribute 'format'\n"
Error: failed to execute the dag-run FisgonTaskRequest (dag-run ID: 019c243b-5397-77b2-b203-bd66bfd4eadf): failed to execute step "tarea_1": exit status 1
recent stderr (tail):
Traceback (most recent call last):
  File "/app/run.py", line 137, in <module>
    run_one(events_extractors, TARGET_SCRAPER, session_manager, TARGET_CITY)
  File "/app/run.py", line 18, in run_one
    ev.run()
  File "/app/scraper/extractors/url_iterator/abc_url_iterator_extractor.py", line 20, in run
    url_event_list = self.scrape_event_urls()
                     ^^^^^^^^^^^^^^^^^^^^^^^^
  File "/app/scraper/extractors/url_iterator/la_voz_agenda.py", line 16, in scrape_event_urls
    soup = get_html(self.url.format(page), 3)
                    ^^^^^^^^^^^^^^^
AttributeError: 'NoneType' object has no attribute 'format'

time=2026-02-03T15:59:54.883Z level=INFO msg="Executing root dag-run" dag=FisgonTaskRequest run-id=019c243b-5802-73d6-a7a2-d79fc1412a0a params=""
time=2026-02-03T15:59:54.896Z level=INFO msg="DAG run started" name=FisgonTaskRequest run-id=019c243b-5802-73d6-a7a2-d79fc1412a0a attempt-id="" dag=FisgonTaskRequest run-id=019c243b-5802-73d6-a7a2-d79fc1412a0a params="[TARGET_CITY=Almeria TARGET_SCRAPER=SalaBerlin 3=DAGU_BASE_URL=]"
time=2026-02-03T15:59:54.899Z level=INFO msg="Step started" name=FisgonTaskRequest run-id=019c243b-5802-73d6-a7a2-d79fc1412a0a attempt-id="" dag=FisgonTaskRequest run-id=019c243b-5802-73d6-a7a2-d79fc1412a0a step=tarea_1
time=2026-02-03T16:00:01.538Z level=INFO msg="DAG run finished" name=FisgonTaskRequest run-id=019c243b-5802-73d6-a7a2-d79fc1412a0a attempt-id="" dag=FisgonTaskRequest run-id=019c243b-5802-73d6-a7a2-d79fc1412a0a status=succeeded started-at=2026-02-03T15:59:54Z finished-at=2026-02-03T16:00:01Z
time=2026-02-03T16:00:01.792Z level=INFO msg="Executing root dag-run" dag=FisgonTaskRequest run-id=019c243b-72f7-7877-8e13-2bb762bca5c4 params=""
time=2026-02-03T16:00:01.860Z level=INFO msg="DAG run started" name=FisgonTaskRequest run-id=019c243b-72f7-7877-8e13-2bb762bca5c4 attempt-id="" dag=FisgonTaskRequest run-id=019c243b-72f7-7877-8e13-2bb762bca5c4 params="[TARGET_CITY=Almeria TARGET_SCRAPER=LaGuajira 3=DAGU_BASE_URL=]"
time=2026-02-03T16:00:01.867Z level=INFO msg="Step started" name=FisgonTaskRequest run-id=019c243b-72f7-7877-8e13-2bb762bca5c4 attempt-id="" dag=FisgonTaskRequest run-id=019c243b-72f7-7877-8e13-2bb762bca5c4 step=tarea_1
time=2026-02-03T16:01:01.976Z level=INFO msg="DAG run finished" name=FisgonTaskRequest run-id=019c243b-72f7-7877-8e13-2bb762bca5c4 attempt-id="" dag=FisgonTaskRequest run-id=019c243b-72f7-7877-8e13-2bb762bca5c4 status=succeeded started-at=2026-02-03T16:00:01Z finished-at=2026-02-03T16:01:01Z
time=2026-02-03T16:01:02.127Z level=INFO msg="Executing root dag-run" dag=FisgonTaskRequest run-id=019c243c-5eab-7a98-9298-45713065c505 params=""
time=2026-02-03T16:01:02.149Z level=INFO msg="DAG run started" name=FisgonTaskRequest run-id=019c243c-5eab-7a98-9298-45713065c505 attempt-id="" dag=FisgonTaskRequest run-id=019c243c-5eab-7a98-9298-45713065c505 params="[TARGET_CITY=Almeria TARGET_SCRAPER=ConciertosClub 3=DAGU_BASE_URL=]"
time=2026-02-03T16:01:02.161Z level=INFO msg="Step started" name=FisgonTaskRequest run-id=019c243c-5eab-7a98-9298-45713065c505 attempt-id="" dag=FisgonTaskRequest run-id=019c243c-5eab-7a98-9298-45713065c505 step=tarea_1
time=2026-02-03T16:01:05.039Z level=INFO msg="DAG run finished" name=FisgonTaskRequest run-id=019c243c-5eab-7a98-9298-45713065c505 attempt-id="" dag=FisgonTaskRequest run-id=019c243c-5eab-7a98-9298-45713065c505 status=succeeded started-at=2026-02-03T16:01:02Z finished-at=2026-02-03T16:01:05Z
time=2026-02-03T16:01:05.079Z level=INFO msg="Executing root dag-run" dag=FisgonTaskRequest run-id=019c243c-6a35-76d6-a742-959d9e135ff1 params=""
time=2026-02-03T16:01:05.091Z level=INFO msg="DAG run started" name=FisgonTaskRequest run-id=019c243c-6a35-76d6-a742-959d9e135ff1 attempt-id="" dag=FisgonTaskRequest run-id=019c243c-6a35-76d6-a742-959d9e135ff1 params="[TARGET_CITY=Almeria TARGET_SCRAPER=LaPlaza 3=DAGU_BASE_URL=]"
time=2026-02-03T16:01:05.095Z level=INFO msg="Step started" name=FisgonTaskRequest run-id=019c243c-6a35-76d6-a742-959d9e135ff1 attempt-id="" dag=FisgonTaskRequest run-id=019c243c-6a35-76d6-a742-959d9e135ff1 step=tarea_1
time=2026-02-03T16:01:07.368Z level=INFO msg="DAG run finished" name=FisgonTaskRequest run-id=019c243c-6a35-76d6-a742-959d9e135ff1 attempt-id="" dag=FisgonTaskRequest run-id=019c243c-6a35-76d6-a742-959d9e135ff1 status=succeeded started-at=2026-02-03T16:01:05Z finished-at=2026-02-03T16:01:07Z
time=2026-02-03T16:01:07.406Z level=INFO msg="Executing root dag-run" dag=FisgonTaskRequest run-id=019c243c-734d-7882-8437-475e303a0a97 params=""
time=2026-02-03T16:01:07.419Z level=INFO msg="DAG run started" name=FisgonTaskRequest run-id=019c243c-734d-7882-8437-475e303a0a97 attempt-id="" dag=FisgonTaskRequest run-id=019c243c-734d-7882-8437-475e303a0a97 params="[TARGET_CITY=Almeria TARGET_SCRAPER=JacksonLive 3=DAGU_BASE_URL=]"
time=2026-02-03T16:01:07.423Z level=INFO msg="Step started" name=FisgonTaskRequest run-id=019c243c-734d-7882-8437-475e303a0a97 attempt-id="" dag=FisgonTaskRequest run-id=019c243c-734d-7882-8437-475e303a0a97 step=tarea_1
time=2026-02-03T16:01:09.687Z level=INFO msg="DAG run finished" name=FisgonTaskRequest run-id=019c243c-734d-7882-8437-475e303a0a97 attempt-id="" dag=FisgonTaskRequest run-id=019c243c-734d-7882-8437-475e303a0a97 status=succeeded started-at=2026-02-03T16:01:07Z finished-at=2026-02-03T16:01:09Z
