
RUNNING VARS → 
        CITY=Almeria, 

        OPERATION=1,
            CREATE_SESSION=0,
            CLOSE_SESSION=1,
            SESSION=None,
            IMAGES=0,
            GET_SCRAPERS=

        SCRAPER=
        DAG_RUN_URL=/dags/FisgonSession/log?remoteNode=local&step=session&dagRunId=019d4af3-cb4f-7063-b221-fbbd789a181a

Executing final task with session: 2026_04_01_21_21_Miercoles
Reading /home/ubuntu/data_storage/Almeria/2026_04_01_21_21_Miercoles/0_raw/20260401_2121_LaGuajira.json...
Reading /home/ubuntu/data_storage/Almeria/2026_04_01_21_21_Miercoles/0_raw/20260401_2123_BibliotecaAgenda.json...
Reading /home/ubuntu/data_storage/Almeria/2026_04_01_21_21_Miercoles/0_raw/20260401_2127_ClassicJazz.json...
Reading /home/ubuntu/data_storage/Almeria/2026_04_01_21_21_Miercoles/0_raw/20260401_2129_SalaEmma.json...
Reading /home/ubuntu/data_storage/Almeria/2026_04_01_21_21_Miercoles/0_raw/20260401_2124_AlmeriaCiudad.json...
Reading /home/ubuntu/data_storage/Almeria/2026_04_01_21_21_Miercoles/0_raw/20260401_2125_JuntaAndaluciaAgenda.json...
Reading /home/ubuntu/data_storage/Almeria/2026_04_01_21_21_Miercoles/0_raw/20260401_2125_AlmeriaTurismo.json...
Reading /home/ubuntu/data_storage/Almeria/2026_04_01_21_21_Miercoles/0_raw/20260401_2128_Entradium.json...
Saving 61 new events
Saving in  /home/ubuntu/data_storage/Almeria/2026_04_01_21_21_Miercoles/0_raw/Merged.json
