
RUNNING VARS → 
        CITY=Almeria, 

        OPERATION=0,
            CREATE_SESSION=0,
            CLOSE_SESSION=0,
            SESSION=None,
            IMAGES=0,
            GET_SCRAPERS=

        SCRAPER=KuverProducciones
        DAG_RUN_URL=/dags/FisgonTaskRequest/log?remoteNode=local&step=tarea_1&dagRunId=019cc01c-ec6f-7b6a-9da3-f04265659322

Running for Almeria: KuverProducciones
KuverProducciones
Creating rawfolder...
RUNNING SESSION =  2026_03_05_22_27_Jueves
Getting https://kuverproducciones.com/proximos-eventos/
Sleep 1
*** SCRAPED 84 URLS WITH EVENTS **
New url events = 1
0 / 1
Getting https://kuverproducciones.com/evento/fundacion-unicaja-judith-collel-frontera-teatro-cervantes-almeria/
Sleep 4
--------------------
{'id': 'f8cb4007', 'show': 1, 'in_city': 1, 'one_day': 1, 'wrong_date_time': 0, 'event': 'Encuentro Con Directores – La Frontera', 'slug': 'encuentro-con-directores-la-frontera', 'category': '__NOT_DEFINIED__', 'id_venue': 'DgpfFbPt', 'venue': 'Teatro Cervantes de Almería', 'std_venue': 'Teatro Cervantes', 'start_date': '2026-03-23', 'start_time': '20:00:00', 'end_date': '__NOT_DEFINIED__', 'end_time': '__NOT_DEFINIED__', 'description': 'Fundación Unicaja celebra una nueva sesión de su ciclo ‘Encuentros con Directores de Cine’ que recibe el próximo lunes 23 de marzo a la directora Judith Collel y su película ‘Frontera’. La proyección y posterior coloquio con el público tendrá lugar a las 20:00 horas en el Teatro Cervantes de Almería con entrada libre hasta completar aforo. Sinopsis 1943. Franco ha bloqueado el paso de judíos que huyen de la represión nazi por Los Pirineos. En la aduana de un pueblo fronterizo, Manel Grau, un funcionario con un pasado republicano, decide contravenir las órdenes ayudado por Juliana, una vecina del pueblo, Jerôme, un pasador francés. Entre todos inician una cruzada para ayudar a huir a tantos judíos como sea posible. Es entonces cuando Manel se verá atrapado en una peligrosa odisea que despertará en él y en su mujer Mercé viejos fantasmas de la todavía reciente guerra civil española. Judith Collel Doctora en Comunicación por la URL y licenciada en Historia del Arte por la Universidad de Barcelona, Collel debutó en la dirección con el largometraje colectivo ‘El dominio de los sentidos’ en 1997, al que siguieron ‘Mujeres’, ’53 días de invierno’, ‘Elisa K’, ‘Positivos’, ‘Fragmentos’, ‘Radiaciones’, y ‘El último baile de Carmen Amaya’. Es presidenta de la Academia de Cinema Català desde 2021 y miembro fundadora de la Asociación de Mujeres Audiovisuales. Un cuarto de siglo acercando el mejor cine español El ciclo ‘Encuentros con Directores de Cine’ de la Fundación Unicaja lleva más de un cuarto de siglo acercando el séptimo arte a la ciudadanía de la mano de sus realizadores. Más de 80.000 personas han podido disfrutar de esta experiencia cinematográfica en ciudades como Almería, Málaga y Cádiz. Con más de 200 encuentros celebrados, en este ciclo han participado más de un centenar de cineastas como Fernando Trueba, Javier Fesser, Fernando Colomo, Carlos Saura, Ángeles González Sinde, Gracia Querejeta, Paula Ortiz, Belén Macías, Mabel Lozano o Ana Murugarren, entre otros.', 'others': '__NOT_DEFINIED__', 'source': 'KuverProducciones', 'exec_time': '20260305T222727', 'session': '2026_03_05_22_27_Jueves', 'image': '__NOT_FOUND__', 'url': 'https://kuverproducciones.com/evento/fundacion-unicaja-judith-collel-frontera-teatro-cervantes-almeria/'}
****************************
Saving 1 new events
Saving in  /home/ubuntu/data_storage/Almeria/2026_03_05_22_27_Jueves/0_raw/20260305_2227_KuverProducciones.json
Saving 1 master url
Appending to  /home/ubuntu/data_storage/Almeria/00_master/master_url.json
