
RUNNING VARS → 
        CITY=Almeria, 

        OPERATION=0,
            CREATE_SESSION=0,
            CLOSE_SESSION=0,
            SESSION=None,
            IMAGES=0,
            GET_SCRAPERS=

        SCRAPER=SalaEmma
        DAG_RUN_URL=/dags/FisgonTaskSelenium/log?remoteNode=local&step=tarea_1&dagRunId=019c32b9-b0e6-7a8d-ba1a-4fa0182e2c5f

Running for Almeria: SalaEmma
SalaEmma
RUNNING SESSION =  2026_02_06_10_58_Viernes
Starting WebDriver...
http://localhost:4444/wd/hub
sleeping 10
Getting content
--------------------
{'id': '57fda885', 'show': 1, 'in_city': 1, 'one_day': 1, 'wrong_date_time': 0, 'event': '¡COMEDIA!  “MALAS  Y MALDECÍAS TOCATA Y FUGA”', 'id_venue': '7qHRF9LM', 'venue': 'Sala EMMA', 'std_venue': 'Sala Escuela Municipal de Música & Artes', 'start_date': '2026-03-07', 'start_time': '20:00:00', 'end_date': '__NOT_FOUND__', 'end_time': '__NOT_FOUND__', 'description': 'Sábado, 7 de Marzo, 2026 8:00 PM  12.00 €', 'others': {}, 'source': 'SalaEmma', 'exec_time': '20260206T113242', 'session': '2026_02_06_10_58_Viernes', 'image': '/home/ubuntu/work/event_flask_app/static/img/6921b89a.jpg', 'url': 'https://entradasemma.azurewebsites.net/'}
--------------------
{'id': '3ba708ef', 'show': 1, 'in_city': 1, 'one_day': 1, 'wrong_date_time': 0, 'event': 'HUMOR DE CASADOS (MARIANO YPUNTO Y LA NENA)', 'id_venue': '7qHRF9LM', 'venue': 'Sala EMMA', 'std_venue': 'Sala Escuela Municipal de Música & Artes', 'start_date': '2026-06-13', 'start_time': '20:00:00', 'end_date': '__NOT_FOUND__', 'end_time': '__NOT_FOUND__', 'description': 'Sábado, 13 de Junio, 2026 8:00 PM  15.00 €', 'others': {}, 'source': 'SalaEmma', 'exec_time': '20260206T113242', 'session': '2026_02_06_10_58_Viernes', 'image': '/home/ubuntu/work/event_flask_app/static/img/5e50599a.jpg', 'url': 'https://entradasemma.azurewebsites.net/'}
--------------------
{'id': '1a777d0d', 'show': 1, 'in_city': 1, 'one_day': 1, 'wrong_date_time': 0, 'event': 'EDÉN SERRANO el show', 'id_venue': '7qHRF9LM', 'venue': 'Sala EMMA', 'std_venue': 'Sala Escuela Municipal de Música & Artes', 'start_date': '2026-03-06', 'start_time': '20:00:00', 'end_date': '__NOT_FOUND__', 'end_time': '__NOT_FOUND__', 'description': 'Viernes, 6 de Marzo, 2026 8:00 PM  12.00 €', 'others': {}, 'source': 'SalaEmma', 'exec_time': '20260206T113242', 'session': '2026_02_06_10_58_Viernes', 'image': '/home/ubuntu/work/event_flask_app/static/img/b6a2ef44.jpg', 'url': 'https://entradasemma.azurewebsites.net/'}
--------------------
{'id': 'bfb8f9bf', 'show': 1, 'in_city': 1, 'one_day': 1, 'wrong_date_time': 0, 'event': '¡¡COMEDIA!!  ‘MALAS Y MALDECÍAS’', 'id_venue': '7qHRF9LM', 'venue': 'Sala EMMA', 'std_venue': 'Sala Escuela Municipal de Música & Artes', 'start_date': '2026-02-14', 'start_time': '20:00:00', 'end_date': '__NOT_FOUND__', 'end_time': '__NOT_FOUND__', 'description': 'Sábado, 14 de Febrero, 2026 8:00 PM  12.00 €', 'others': {}, 'source': 'SalaEmma', 'exec_time': '20260206T113242', 'session': '2026_02_06_10_58_Viernes', 'image': '/home/ubuntu/work/event_flask_app/static/img/24163640.jpg', 'url': 'https://entradasemma.azurewebsites.net/'}
--------------------
{'id': '11610392', 'show': 1, 'in_city': 1, 'one_day': 1, 'wrong_date_time': 0, 'event': 'MELOCOTÓN EN ALMÍBAR', 'id_venue': '7qHRF9LM', 'venue': 'Sala EMMA', 'std_venue': 'Sala Escuela Municipal de Música & Artes', 'start_date': '2026-05-09', 'start_time': '20:00:00', 'end_date': '__NOT_FOUND__', 'end_time': '__NOT_FOUND__', 'description': 'Sábado, 9 de Mayo, 2026 8:00 PM  12.00 €', 'others': {}, 'source': 'SalaEmma', 'exec_time': '20260206T113242', 'session': '2026_02_06_10_58_Viernes', 'image': '/home/ubuntu/work/event_flask_app/static/img/5d5140d4.jpg', 'url': 'https://entradasemma.azurewebsites.net/'}
--------------------
{'id': '17bf5788', 'show': 1, 'in_city': 1, 'one_day': 1, 'wrong_date_time': 0, 'event': 'CHRISTIAN GARCIA (10 AÑOS DANDO GUERRA)', 'id_venue': '7qHRF9LM', 'venue': 'Sala EMMA', 'std_venue': 'Sala Escuela Municipal de Música & Artes', 'start_date': '2026-03-14', 'start_time': '20:00:00', 'end_date': '__NOT_FOUND__', 'end_time': '__NOT_FOUND__', 'description': 'Sábado, 14 de Marzo, 2026 8:00 PM  15.00 €', 'others': {}, 'source': 'SalaEmma', 'exec_time': '20260206T113242', 'session': '2026_02_06_10_58_Viernes', 'image': '/home/ubuntu/work/event_flask_app/static/img/1323947d.jpg', 'url': 'https://entradasemma.azurewebsites.net/'}
--------------------
{'id': 'acf49fe3', 'show': 1, 'in_city': 1, 'one_day': 1, 'wrong_date_time': 0, 'event': '¡CORTEN! UNA COMEDIA DE CINE', 'id_venue': '7qHRF9LM', 'venue': 'Sala EMMA', 'std_venue': 'Sala Escuela Municipal de Música & Artes', 'start_date': '2026-04-25', 'start_time': '20:00:00', 'end_date': '__NOT_FOUND__', 'end_time': '__NOT_FOUND__', 'description': 'Sábado, 25 de Abril, 2026 8:00 PM  12.00 €', 'others': {}, 'source': 'SalaEmma', 'exec_time': '20260206T113242', 'session': '2026_02_06_10_58_Viernes', 'image': '/home/ubuntu/work/event_flask_app/static/img/c911c6b1.jpg', 'url': 'https://entradasemma.azurewebsites.net/'}
--------------------
{'id': '658ebde7', 'show': 1, 'in_city': 1, 'one_day': 1, 'wrong_date_time': 0, 'event': 'UNA DE IMPRO', 'id_venue': '7qHRF9LM', 'venue': 'Sala EMMA', 'std_venue': 'Sala Escuela Municipal de Música & Artes', 'start_date': '2026-02-26', 'start_time': '21:00:00', 'end_date': '__NOT_FOUND__', 'end_time': '__NOT_FOUND__', 'description': 'Jueves, 26 de Febrero, 2026 9:00 PM  10.00 € Anticipada: 8.00 € hasta el Jueves, 26 de Febrero, 2026', 'others': {}, 'source': 'SalaEmma', 'exec_time': '20260206T113242', 'session': '2026_02_06_10_58_Viernes', 'image': '/home/ubuntu/work/event_flask_app/static/img/8c622b86.jpg', 'url': 'https://entradasemma.azurewebsites.net/'}
--------------------
{'id': 'a1f77615', 'show': 1, 'in_city': 1, 'one_day': 1, 'wrong_date_time': 0, 'event': 'VICTOR CASTIGAO DESCONTROLAO', 'id_venue': '7qHRF9LM', 'venue': 'Sala EMMA', 'std_venue': 'Sala Escuela Municipal de Música & Artes', 'start_date': '2026-04-18', 'start_time': '20:00:00', 'end_date': '__NOT_FOUND__', 'end_time': '__NOT_FOUND__', 'description': 'Sábado, 18 de Abril, 2026 8:00 PM  12.00 €', 'others': {}, 'source': 'SalaEmma', 'exec_time': '20260206T113242', 'session': '2026_02_06_10_58_Viernes', 'image': '/home/ubuntu/work/event_flask_app/static/img/a8a47099.jpg', 'url': 'https://entradasemma.azurewebsites.net/'}
--------------------
{'id': 'dd61328a', 'show': 1, 'in_city': 1, 'one_day': 1, 'wrong_date_time': 0, 'event': 'ALEX SALABERRI 100% RISAS', 'id_venue': '7qHRF9LM', 'venue': 'Sala EMMA', 'std_venue': 'Sala Escuela Municipal de Música & Artes', 'start_date': '2026-02-07', 'start_time': '20:00:00', 'end_date': '__NOT_FOUND__', 'end_time': '__NOT_FOUND__', 'description': 'Sábado, 7 de Febrero, 2026 8:00 PM  14.00 €', 'others': {}, 'source': 'SalaEmma', 'exec_time': '20260206T113242', 'session': '2026_02_06_10_58_Viernes', 'image': '/home/ubuntu/work/event_flask_app/static/img/2971709b.jpg', 'url': 'https://entradasemma.azurewebsites.net/'}
--------------------
{'id': '67bea28e', 'show': 1, 'in_city': 1, 'one_day': 1, 'wrong_date_time': 0, 'event': 'MANOLO LERA', 'id_venue': '7qHRF9LM', 'venue': 'Sala EMMA', 'std_venue': 'Sala Escuela Municipal de Música & Artes', 'start_date': '2026-04-11', 'start_time': '20:00:00', 'end_date': '__NOT_FOUND__', 'end_time': '__NOT_FOUND__', 'description': 'Sábado, 11 de Abril, 2026 8:00 PM  12.00 €', 'others': {}, 'source': 'SalaEmma', 'exec_time': '20260206T113242', 'session': '2026_02_06_10_58_Viernes', 'image': '/home/ubuntu/work/event_flask_app/static/img/a78e8a76.jpg', 'url': 'https://entradasemma.azurewebsites.net/'}
--------------------
{'id': '539114bf', 'show': 1, 'in_city': 1, 'one_day': 1, 'wrong_date_time': 0, 'event': ' Kikín Fernández y Fernando Labordeta ', 'id_venue': '7qHRF9LM', 'venue': 'Sala EMMA', 'std_venue': 'Sala Escuela Municipal de Música & Artes', 'start_date': '2026-05-16', 'start_time': '20:00:00', 'end_date': '__NOT_FOUND__', 'end_time': '__NOT_FOUND__', 'description': 'Sábado, 16 de Mayo, 2026 8:00 PM  12.00 €', 'others': {}, 'source': 'SalaEmma', 'exec_time': '20260206T113242', 'session': '2026_02_06_10_58_Viernes', 'image': '/home/ubuntu/work/event_flask_app/static/img/1027d9ff.jpg', 'url': 'https://entradasemma.azurewebsites.net/'}
--------------------
{'id': 'edbe144e', 'show': 1, 'in_city': 1, 'one_day': 1, 'wrong_date_time': 0, 'event': 'PEPE EL CAJA', 'id_venue': '7qHRF9LM', 'venue': 'Sala EMMA', 'std_venue': 'Sala Escuela Municipal de Música & Artes', 'start_date': '2026-05-23', 'start_time': '20:00:00', 'end_date': '__NOT_FOUND__', 'end_time': '__NOT_FOUND__', 'description': 'Sábado, 23 de Mayo, 2026 8:00 PM  15.00 €', 'others': {}, 'source': 'SalaEmma', 'exec_time': '20260206T113242', 'session': '2026_02_06_10_58_Viernes', 'image': '/home/ubuntu/work/event_flask_app/static/img/14d1e90d.jpg', 'url': 'https://entradasemma.azurewebsites.net/'}
Checking unique event dict.
Reading /home/ubuntu/data_storage/Almeria/00_master/master_events.json...
*******
[]
('¡COMEDIA!  “MALAS  Y MALDECÍAS TOCATA Y FUGA”', 'Sala EMMA', '2026-03-07', '20:00:00')
('HUMOR DE CASADOS (MARIANO YPUNTO Y LA NENA)', 'Sala EMMA', '2026-06-13', '20:00:00')
('EDÉN SERRANO el show', 'Sala EMMA', '2026-03-06', '20:00:00')
('¡¡COMEDIA!!  ‘MALAS Y MALDECÍAS’', 'Sala EMMA', '2026-02-14', '20:00:00')
('MELOCOTÓN EN ALMÍBAR', 'Sala EMMA', '2026-05-09', '20:00:00')
('CHRISTIAN GARCIA (10 AÑOS DANDO GUERRA)', 'Sala EMMA', '2026-03-14', '20:00:00')
('¡CORTEN! UNA COMEDIA DE CINE', 'Sala EMMA', '2026-04-25', '20:00:00')
('UNA DE IMPRO', 'Sala EMMA', '2026-02-26', '21:00:00')
('VICTOR CASTIGAO DESCONTROLAO', 'Sala EMMA', '2026-04-18', '20:00:00')
('ALEX SALABERRI 100% RISAS', 'Sala EMMA', '2026-02-07', '20:00:00')
('MANOLO LERA', 'Sala EMMA', '2026-04-11', '20:00:00')
(' Kikín Fernández y Fernando Labordeta ', 'Sala EMMA', '2026-05-16', '20:00:00')
('PEPE EL CAJA', 'Sala EMMA', '2026-05-23', '20:00:00')
****************************
Saving 13 new events
Saving in  /home/ubuntu/data_storage/Almeria/2026_02_06_10_58_Viernes/0_raw/20260206_1132_SalaEmma.json
Saving 13 master url
Appending to  /home/ubuntu/data_storage/Almeria/00_master/master_url.json
