
RUNNING VARS → 
        CITY=Almeria, 

        OPERATION=0,
            CREATE_SESSION=0,
            CLOSE_SESSION=0,
            SESSION=None,
            IMAGES=0,
            GET_SCRAPERS=

        SCRAPER=JuntaAndaluciaAgenda
        DAG_RUN_URL=/dags/FisgonTaskSelenium/log?remoteNode=local&step=tarea_1&dagRunId=019d0297-a1dd-7d6c-b9b1-f039c6eda9ab

Running for Almeria: JuntaAndaluciaAgenda
JuntaAndaluciaAgenda
RUNNING SESSION =  2026_03_18_20_12_Miercoles
Starting WebDriver...
http://localhost:4444/wd/hub
******
css selector
.view-display-id-page_search_activities > ul:nth-child(3) > li:nth-child(1) > a:nth-child(1)
clicking
sleeping 3
Scrolling...
sleeping 1
sleeping 7
******
css selector
.view-display-id-page_search_activities > ul:nth-child(3) > li:nth-child(1) > a:nth-child(1)
clicking
sleeping 3
Scrolling...
sleeping 1
sleeping 7
******
css selector
.view-display-id-page_search_activities > ul:nth-child(3) > li:nth-child(1) > a:nth-child(1)
clicking
sleeping 3
Scrolling...
sleeping 1
sleeping 7
******
css selector
.view-display-id-page_search_activities > ul:nth-child(3) > li:nth-child(1) > a:nth-child(1)
clicking
sleeping 3
Scrolling...
sleeping 1
sleeping 7
******
css selector
.view-display-id-page_search_activities > ul:nth-child(3) > li:nth-child(1) > a:nth-child(1)
clicking
sleeping 3
Scrolling...
sleeping 1
sleeping 7
******
css selector
.view-display-id-page_search_activities > ul:nth-child(3) > li:nth-child(1) > a:nth-child(1)
clicking
sleeping 3
Scrolling...
sleeping 1
sleeping 7
******
css selector
.view-display-id-page_search_activities > ul:nth-child(3) > li:nth-child(1) > a:nth-child(1)
.view-display-id-page_search_activities > ul:nth-child(3) > li:nth-child(1) > a:nth-child(1) Not found
Getting content
*** SCRAPED 80 URLS WITH EVENTS **
New url events = 3
0 / 3
Getting https://www.juntadeandalucia.es/cultura/agendaculturaldeandalucia/evento/en-la-villaespesa-hablamos-de-ia-presentacion-del-libro-inteligencia-artificial-mas-listos-o
Sleep 4
--------------------
{'id': '49c7a8eb', 'show': 1, 'in_city': 1, 'one_day': 1, 'wrong_date_time': 0, 'event': 'En La Villaespesa Hablamos De IA. Presentación Del Libro: "Inteligencia Artificial: ¿Más Listos O Más Tontos?" De Ramón González Sánchez', 'slug': 'en-la-villaespesa-hablamos-de-ia-presentacion-del-libro-inteligencia-artificial', 'category': '__NOT_DEFINIED__', 'id_venue': 'TjmFnJdD', 'venue': 'Biblioteca Pública del Estado-Biblioteca Provincial de Almería Francisco Villaespesa', 'std_venue': 'Biblioteca Pública Francisco Villaespesa', 'start_date': '2026-03-20', 'start_time': '17:30:00', 'end_date': '2026-03-20', 'end_time': '__NOT_DEFINIED__', 'description': 'En la Villaespesa hablamos de IA. Presentación del libro: "Inteligencia Artificial: ¿Más Listos o Más Tontos?" de Ramón González Sánchez. Ramón González Sánchez presenta su nuevo libro: "Inteligencia Artificial: ¿Más Listos o Más Tontos?" de la editorial Díaz de Santos. Ingeniero Informático y Doctorado en Robótica por la Universidad de Almería, Ramón González Sánchez ha compatibilizado su tarea docente en la Universidad de Almería y en la Universidad de Zaragoza con su faceta investigadora en el Instituto Tecnológico de Massachusetts (MIT) y en proyectos de I+D para agencias como la NASA o la OTAN. Actualmente es el fundador y CEO de Robonity, empresa que nace en 2019 para revolucionar la digitalización de la agricultura. Ramón también es fundador y Director de Tecnología, Producto y Compliance de Mentomy, empresa de inteligencia artificial nacida en 2026 y responsable de una plataforma de IA privada y soberana. Viernes 20 de marzo 17:30h. Salón de actos. Entrada libre hasta completar aforo.', 'others': {'location_url': '/cultura/agendaculturaldeandalucia/espacios/biblioteca-publica-del-estado-biblioteca-provincial-de-almeria-francisco-villaespesa', 'location2': 'Biblioteca Pública del Estado-Biblioteca Provincial de Almería Francisco Villaespesa', 'duration': '__NOT_FOUND__', 'datetime_details': '20 de Marzo del 2026, 17:30 h.', 'town': '__NOT_FOUND__', 'location': 'Calle Hermanos Machado, s/n, Almería. Almería', 'duration_days': '__NOT_FOUND__'}, 'source': 'JuntaAndaluciaAgenda', 'exec_time': '20260318T201631', 'session': '2026_03_18_20_12_Miercoles', 'image': 'https://www.juntadeandalucia.es/cultura/agendaculturaldeandalucia/sites/default/files/styles/header_activity_ext_2xl/public/2026-03/CARTEL%20%282%29.png.webp?itok=FcBN1SML', 'url': 'https://www.juntadeandalucia.es/cultura/agendaculturaldeandalucia/evento/en-la-villaespesa-hablamos-de-ia-presentacion-del-libro-inteligencia-artificial-mas-listos-o'}
1 / 3
Getting https://www.juntadeandalucia.es/cultura/agendaculturaldeandalucia/evento/luis-paltre-la-realidad-de-lo-tangible
Sleep 4
--------------------
{'id': '16eeaf03', 'show': 1, 'in_city': 1, 'one_day': 0, 'wrong_date_time': 1, 'event': 'Luis Paltré. La Realidad De Lo Tangible', 'slug': 'luis-paltre-la-realidad-de-lo-tangible', 'category': '__NOT_DEFINIED__', 'id_venue': 'DBn3h93p', 'venue': 'Museo del Realismo Español Contemporáneo (MUREC) ', 'std_venue': 'MUREC - Museo del Realismo Español Contemporáneo', 'start_date': '2026-01-31', 'start_time': '__NOT_FOUND__', 'end_date': '2026-04-05', 'end_time': '__NOT_DEFINIED__', 'description': 'Luis Paltré nació en Cabra (Córdoba) en 1958 y desde joven mostró un fuerte interés por la pintura, inclinándose hacia las artes plásticas. Estudió en la Facultad de Bellas Artes de Sevilla, donde adquirió una base sólida en dibujo, color, composición y técnica pictórica clásica aspectos que se han mantenido presentes a lo largo de su carrera. Las obras seleccionadas son ejercicios de pintura llevados a cabo durante los últimos seis años, poniendo de manifiesto la sutil objetividad con la que parece enfrentarse el pintor al oficio, reconduciendo la mirada del espectador sin proponerle, a priori, consideración emocional alguna más allá de la propia observación, veraz y honesta, de la realidad recreada.', 'others': {'location_url': '/cultura/agendaculturaldeandalucia/espacios/museo-del-realismo-espanol-contemporaneo-murec', 'location2': 'Museo del Realismo Español Contemporáneo (MUREC) ', 'duration': '__NOT_FOUND__', 'datetime_details': '31 de Enero del 2026 - 05 de Abril del 2026, De martes a sábado De 10.00 a 14.00 h. y de 16.30 a 20.30 h.Domingos: de 10.00 a 15.00 h.', 'town': '__NOT_FOUND__', 'location': 'Paseo de San Luis s/n, Almería. Almería', 'duration_days': '__NOT_FOUND__'}, 'source': 'JuntaAndaluciaAgenda', 'exec_time': '20260318T201631', 'session': '2026_03_18_20_12_Miercoles', 'image': 'https://www.juntadeandalucia.es/cultura/agendaculturaldeandalucia/sites/default/files/styles/header_activity_ext_2xl/public/2026-03/Luis-Paltre.-Violetas-2020.-Oleo-sobre-lienzo-1-scaled.jpg.webp?itok=PQLZvHLI', 'url': 'https://www.juntadeandalucia.es/cultura/agendaculturaldeandalucia/evento/luis-paltre-la-realidad-de-lo-tangible'}
2 / 3
Getting https://www.juntadeandalucia.es/cultura/agendaculturaldeandalucia/evento/luis-alvarez-duarte-escultor-e-imaginero
Sleep 4
--------------------
{'id': '79b856e0', 'show': 1, 'in_city': 1, 'one_day': 0, 'wrong_date_time': 1, 'event': 'Luis Álvarez Duarte, Escultor E Imaginero', 'slug': 'luis-alvarez-duarte-escultor-e-imaginero', 'category': '__NOT_DEFINIED__', 'id_venue': 'DBn3h93p', 'venue': 'Museo del Realismo Español Contemporáneo (MUREC) ', 'std_venue': 'MUREC - Museo del Realismo Español Contemporáneo', 'start_date': '2026-02-28', 'start_time': '__NOT_FOUND__', 'end_date': '2026-05-17', 'end_time': '__NOT_DEFINIED__', 'description': 'Esta exposición dedicada al escultor e imaginero andaluz Luis Álvarez Duarte, a través de la selección realizada por los comisarios de la muestra se llevará a cabo un recorrido por su obra sacra y profana partiendo del “Legado Álvarez Duarte”, conservado y gestionado por la Fundación de Arte Ibáñez Cosentino.', 'others': {'location_url': '/cultura/agendaculturaldeandalucia/espacios/museo-del-realismo-espanol-contemporaneo-murec', 'location2': 'Museo del Realismo Español Contemporáneo (MUREC) ', 'duration': '__NOT_FOUND__', 'datetime_details': '28 de Febrero del 2026 - 17 de Mayo del 2026, De martes a sábado De 10.00 a 14.00 h. y de 16.30 a 20.30 h.Domingos: de 10.00 a 15.00 h.', 'town': '__NOT_FOUND__', 'location': 'Paseo de San Luis s/n, Almería. Almería', 'duration_days': '__NOT_FOUND__'}, 'source': 'JuntaAndaluciaAgenda', 'exec_time': '20260318T201631', 'session': '2026_03_18_20_12_Miercoles', 'image': 'https://www.juntadeandalucia.es/cultura/agendaculturaldeandalucia/sites/default/files/styles/header_activity_ext_2xl/public/2026-03/3-2.jpg.webp?itok=mNBN12W2', 'url': 'https://www.juntadeandalucia.es/cultura/agendaculturaldeandalucia/evento/luis-alvarez-duarte-escultor-e-imaginero'}
****************************
Saving 3 new events
Saving in  /home/ubuntu/data_storage/Almeria/2026_03_18_20_12_Miercoles/0_raw/20260318_2016_JuntaAndaluciaAgenda.json
Saving 3 master url
Appending to  /home/ubuntu/data_storage/Almeria/00_master/master_url.json
