
RUNNING VARS → 
        CITY=Almeria, 

        OPERATION=0,
            CREATE_SESSION=0,
            CLOSE_SESSION=0,
            SESSION=None,
            IMAGES=0,
            GET_SCRAPERS=

        SCRAPER=SalaEmma
        DAG_RUN_URL=/dags/FisgonTaskSelenium/log?remoteNode=local&step=tarea_1&dagRunId=019d1be4-d3a6-71d1-bff8-aa88b86c8aa6

Running for Almeria: SalaEmma
SalaEmma
RUNNING SESSION =  2026_03_23_18_03_Lunes
Starting WebDriver...
http://localhost:4444/wd/hub
sleeping 10
Getting content
--------------------
{'id': '9b651426', 'show': 1, 'in_city': 1, 'one_day': 1, 'wrong_date_time': 0, 'event': 'Melocotón en Almíbar', 'slug': 'melocoton-en-almibar', 'category': '__NOT_DEFINIED__', 'id_venue': '7qHRF9LM', 'venue': 'Sala EMMA', 'std_venue': 'Sala Escuela Municipal de Música & Artes', 'start_date': '2026-05-09', 'start_time': '20:00:00', 'end_date': '__NOT_FOUND__', 'end_time': '__NOT_FOUND__', 'description': 'Sábado, 9 de Mayo, 2026 8:00 PM  12.00 €', 'others': {}, 'source': 'SalaEmma', 'exec_time': '20260323T181119', 'session': '2026_03_23_18_03_Lunes', 'image': '/home/ubuntu/work/event_flask_app/static/img/9334a4f9.jpg', 'url': 'https://entradasemma.azurewebsites.net/'}
--------------------
{'id': '4b103bd8', 'show': 1, 'in_city': 1, 'one_day': 1, 'wrong_date_time': 0, 'event': 'Pepe El Caja', 'slug': 'pepe-el-caja', 'category': '__NOT_DEFINIED__', 'id_venue': '7qHRF9LM', 'venue': 'Sala EMMA', 'std_venue': 'Sala Escuela Municipal de Música & Artes', 'start_date': '2026-05-23', 'start_time': '20:00:00', 'end_date': '__NOT_FOUND__', 'end_time': '__NOT_FOUND__', 'description': 'Sábado, 23 de Mayo, 2026 8:00 PM  15.00 €', 'others': {}, 'source': 'SalaEmma', 'exec_time': '20260323T181119', 'session': '2026_03_23_18_03_Lunes', 'image': '/home/ubuntu/work/event_flask_app/static/img/b3f276a4.jpg', 'url': 'https://entradasemma.azurewebsites.net/'}
--------------------
{'id': '0c443a48', 'show': 1, 'in_city': 1, 'one_day': 1, 'wrong_date_time': 0, 'event': 'Menos Es Más', 'slug': 'menos-es-mas', 'category': '__NOT_DEFINIED__', 'id_venue': '7qHRF9LM', 'venue': 'Sala EMMA', 'std_venue': 'Sala Escuela Municipal de Música & Artes', 'start_date': '2026-05-22', 'start_time': '20:00:00', 'end_date': '__NOT_FOUND__', 'end_time': '__NOT_FOUND__', 'description': 'Viernes, 22 de Mayo, 2026 8:00 PM "Menos es Mas" es un formato diferente para amenizar tu evento. Este proyecto combina rock, jazz, pop...y su finalidad es transmitir emociones a través del instrumento. Juanmi Viñolo ha preparado una selección de temas de grandes clásicos de artistas como Frank Sinatra, Carlos\nSantana, Luis Salinas...\nSi te gusta la guitarra eléctrica, no te lo puedes perder 10.00 €', 'others': {}, 'source': 'SalaEmma', 'exec_time': '20260323T181119', 'session': '2026_03_23_18_03_Lunes', 'image': '/home/ubuntu/work/event_flask_app/static/img/caa99f4a.jpg', 'url': 'https://entradasemma.azurewebsites.net/'}
--------------------
{'id': 'dfa7bb6d', 'show': 1, 'in_city': 1, 'one_day': 1, 'wrong_date_time': 0, 'event': 'Victor Castigao Descontrolao', 'slug': 'victor-castigao-descontrolao', 'category': '__NOT_DEFINIED__', 'id_venue': '7qHRF9LM', 'venue': 'Sala EMMA', 'std_venue': 'Sala Escuela Municipal de Música & Artes', 'start_date': '2026-04-18', 'start_time': '20:00:00', 'end_date': '__NOT_FOUND__', 'end_time': '__NOT_FOUND__', 'description': 'Sábado, 18 de Abril, 2026 8:00 PM  12.00 €', 'others': {}, 'source': 'SalaEmma', 'exec_time': '20260323T181119', 'session': '2026_03_23_18_03_Lunes', 'image': '/home/ubuntu/work/event_flask_app/static/img/202191f3.jpg', 'url': 'https://entradasemma.azurewebsites.net/'}
--------------------
{'id': '285879ee', 'show': 1, 'in_city': 1, 'one_day': 1, 'wrong_date_time': 0, 'event': '¡corten! Una Comedia De Cine', 'slug': 'corten-una-comedia-de-cine', 'category': '__NOT_DEFINIED__', 'id_venue': '7qHRF9LM', 'venue': 'Sala EMMA', 'std_venue': 'Sala Escuela Municipal de Música & Artes', 'start_date': '2026-04-25', 'start_time': '20:00:00', 'end_date': '__NOT_FOUND__', 'end_time': '__NOT_FOUND__', 'description': 'Sábado, 25 de Abril, 2026 8:00 PM  12.00 €', 'others': {}, 'source': 'SalaEmma', 'exec_time': '20260323T181119', 'session': '2026_03_23_18_03_Lunes', 'image': '/home/ubuntu/work/event_flask_app/static/img/939e41da.jpg', 'url': 'https://entradasemma.azurewebsites.net/'}
--------------------
{'id': 'ebce852a', 'show': 1, 'in_city': 1, 'one_day': 1, 'wrong_date_time': 0, 'event': 'Una De Impro! Dela Mujer', 'slug': 'una-de-impro-dela-mujer', 'category': '__NOT_DEFINIED__', 'id_venue': '7qHRF9LM', 'venue': 'Sala EMMA', 'std_venue': 'Sala Escuela Municipal de Música & Artes', 'start_date': '2026-03-26', 'start_time': '21:00:00', 'end_date': '__NOT_FOUND__', 'end_time': '__NOT_FOUND__', 'description': 'Jueves, 26 de Marzo, 2026 9:00 PM  10.00 € Anticipada: 8.00 € hasta el Miércoles, 25 de Marzo, 2026', 'others': {}, 'source': 'SalaEmma', 'exec_time': '20260323T181119', 'session': '2026_03_23_18_03_Lunes', 'image': '/home/ubuntu/work/event_flask_app/static/img/ca624a4f.jpg', 'url': 'https://entradasemma.azurewebsites.net/'}
--------------------
{'id': '8a29bf5a', 'show': 1, 'in_city': 1, 'one_day': 1, 'wrong_date_time': 0, 'event': 'Humor De Casados (Mariano Ypunto Y La Nena)', 'slug': 'humor-de-casados-mariano-ypunto-y-la-nena', 'category': '__NOT_DEFINIED__', 'id_venue': '7qHRF9LM', 'venue': 'Sala EMMA', 'std_venue': 'Sala Escuela Municipal de Música & Artes', 'start_date': '2026-06-13', 'start_time': '20:00:00', 'end_date': '__NOT_FOUND__', 'end_time': '__NOT_FOUND__', 'description': 'Sábado, 13 de Junio, 2026 8:00 PM  15.00 €', 'others': {}, 'source': 'SalaEmma', 'exec_time': '20260323T181119', 'session': '2026_03_23_18_03_Lunes', 'image': '/home/ubuntu/work/event_flask_app/static/img/8cba255a.jpg', 'url': 'https://entradasemma.azurewebsites.net/'}
--------------------
{'id': '0dd6fcb7', 'show': 1, 'in_city': 1, 'one_day': 1, 'wrong_date_time': 0, 'event': 'Kikín Fernández Y Fernando Labordeta', 'slug': 'kikin-fernandez-y-fernando-labordeta', 'category': '__NOT_DEFINIED__', 'id_venue': '7qHRF9LM', 'venue': 'Sala EMMA', 'std_venue': 'Sala Escuela Municipal de Música & Artes', 'start_date': '2026-05-16', 'start_time': '20:00:00', 'end_date': '__NOT_FOUND__', 'end_time': '__NOT_FOUND__', 'description': 'Sábado, 16 de Mayo, 2026 8:00 PM  12.00 €', 'others': {}, 'source': 'SalaEmma', 'exec_time': '20260323T181119', 'session': '2026_03_23_18_03_Lunes', 'image': '/home/ubuntu/work/event_flask_app/static/img/088d4ba6.jpg', 'url': 'https://entradasemma.azurewebsites.net/'}
--------------------
{'id': 'caff344a', 'show': 1, 'in_city': 1, 'one_day': 1, 'wrong_date_time': 0, 'event': 'Alvarito', 'slug': 'alvarito', 'category': '__NOT_DEFINIED__', 'id_venue': '7qHRF9LM', 'venue': 'Sala EMMA', 'std_venue': 'Sala Escuela Municipal de Música & Artes', 'start_date': '2026-06-06', 'start_time': '20:00:00', 'end_date': '__NOT_FOUND__', 'end_time': '__NOT_FOUND__', 'description': 'Sábado, 6 de Junio, 2026 8:00 PM  12.00 €', 'others': {}, 'source': 'SalaEmma', 'exec_time': '20260323T181119', 'session': '2026_03_23_18_03_Lunes', 'image': '/home/ubuntu/work/event_flask_app/static/img/6def502e.jpg', 'url': 'https://entradasemma.azurewebsites.net/'}
--------------------
{'id': '9f93cf21', 'show': 1, 'in_city': 1, 'one_day': 1, 'wrong_date_time': 0, 'event': 'Menos Es Más (Alumnos Emma)', 'slug': 'menos-es-mas-alumnos-emma', 'category': '__NOT_DEFINIED__', 'id_venue': '7qHRF9LM', 'venue': 'Sala EMMA', 'std_venue': 'Sala Escuela Municipal de Música & Artes', 'start_date': '2026-05-22', 'start_time': '20:00:00', 'end_date': '__NOT_FOUND__', 'end_time': '__NOT_FOUND__', 'description': 'Viernes, 22 de Mayo, 2026 8:00 PM  8.00 €', 'others': {}, 'source': 'SalaEmma', 'exec_time': '20260323T181119', 'session': '2026_03_23_18_03_Lunes', 'image': '/home/ubuntu/work/event_flask_app/static/img/a11a73dc.jpg', 'url': 'https://entradasemma.azurewebsites.net/'}
--------------------
{'id': '3cab1655', 'show': 1, 'in_city': 1, 'one_day': 1, 'wrong_date_time': 0, 'event': 'El Mentalista Canalla', 'slug': 'el-mentalista-canalla', 'category': '__NOT_DEFINIED__', 'id_venue': '7qHRF9LM', 'venue': 'Sala EMMA', 'std_venue': 'Sala Escuela Municipal de Música & Artes', 'start_date': '2026-04-24', 'start_time': '20:00:00', 'end_date': '__NOT_FOUND__', 'end_time': '__NOT_FOUND__', 'description': 'Viernes, 24 de Abril, 2026 8:00 PM  12.00 €', 'others': {}, 'source': 'SalaEmma', 'exec_time': '20260323T181119', 'session': '2026_03_23_18_03_Lunes', 'image': '/home/ubuntu/work/event_flask_app/static/img/d625dcd4.jpg', 'url': 'https://entradasemma.azurewebsites.net/'}
--------------------
{'id': '19eb43e9', 'show': 1, 'in_city': 1, 'one_day': 1, 'wrong_date_time': 0, 'event': 'Manolo Lera', 'slug': 'manolo-lera', 'category': '__NOT_DEFINIED__', 'id_venue': '7qHRF9LM', 'venue': 'Sala EMMA', 'std_venue': 'Sala Escuela Municipal de Música & Artes', 'start_date': '2026-04-11', 'start_time': '20:00:00', 'end_date': '__NOT_FOUND__', 'end_time': '__NOT_FOUND__', 'description': 'Sábado, 11 de Abril, 2026 8:00 PM  12.00 €', 'others': {}, 'source': 'SalaEmma', 'exec_time': '20260323T181119', 'session': '2026_03_23_18_03_Lunes', 'image': '/home/ubuntu/work/event_flask_app/static/img/30d0d8e7.jpg', 'url': 'https://entradasemma.azurewebsites.net/'}
Checking unique event dict.
Reading /home/ubuntu/data_storage/Almeria/00_master/master_events.json...
*******
[('Rafa Tornado Punkústico', 'Sala EMMA', '2026-03-15', '17:00:00'), ('Una De Imrpo! Dela Mujer', 'Sala EMMA', '2026-03-26', '21:00:00'), ('¡corten! Una Comedia De Cine', 'Sala EMMA', '2026-04-25', '20:00:00'), ('Melocotón en Almíbar', 'Sala EMMA', '2026-05-09', '20:00:00'), ('Kikín Fernández Y Fernando Labordeta', 'Sala EMMA', '2026-05-16', '20:00:00'), ('Menos Es Más', 'Sala EMMA', '2026-05-22', '20:00:00'), ('Pepe El Caja', 'Sala EMMA', '2026-05-23', '20:00:00'), ('Alvarito', 'Sala EMMA', '2026-06-06', '20:00:00'), ('Humor De Casados (Mariano Ypunto Y La Nena)', 'Sala EMMA', '2026-06-13', '20:00:00')]
('Melocotón en Almíbar', 'Sala EMMA', '2026-05-09', '20:00:00')
('Pepe El Caja', 'Sala EMMA', '2026-05-23', '20:00:00')
('Menos Es Más', 'Sala EMMA', '2026-05-22', '20:00:00')
('Victor Castigao Descontrolao', 'Sala EMMA', '2026-04-18', '20:00:00')
('¡corten! Una Comedia De Cine', 'Sala EMMA', '2026-04-25', '20:00:00')
('Una De Impro! Dela Mujer', 'Sala EMMA', '2026-03-26', '21:00:00')
('Humor De Casados (Mariano Ypunto Y La Nena)', 'Sala EMMA', '2026-06-13', '20:00:00')
('Kikín Fernández Y Fernando Labordeta', 'Sala EMMA', '2026-05-16', '20:00:00')
('Alvarito', 'Sala EMMA', '2026-06-06', '20:00:00')
('Menos Es Más (Alumnos Emma)', 'Sala EMMA', '2026-05-22', '20:00:00')
('El Mentalista Canalla', 'Sala EMMA', '2026-04-24', '20:00:00')
('Manolo Lera', 'Sala EMMA', '2026-04-11', '20:00:00')
****************************
Saving 5 new events
Saving in  /home/ubuntu/data_storage/Almeria/2026_03_23_18_03_Lunes/0_raw/20260323_1811_SalaEmma.json
Saving 5 master url
Appending to  /home/ubuntu/data_storage/Almeria/00_master/master_url.json
