
RUNNING VARS → 
        CITY=Almeria, 

        OPERATION=0,
            CREATE_SESSION=0,
            CLOSE_SESSION=0,
            SESSION=None,
            IMAGES=0,
            GET_SCRAPERS=

        SCRAPER=SalaBerlin
        DAG_RUN_URL=/dags/FisgonTaskRequest/log?remoteNode=local&step=tarea_1&dagRunId=019d3eee-d9b6-781f-bfe8-1f0dbab39c72

Running for Almeria: SalaBerlin
SalaBerlin
RUNNING SESSION =  2026_03_30_13_28_Lunes
Getting https://berlinalmeria.com/eventos/
Sleep 1
*** SCRAPED 12 URLS WITH EVENTS **
New url events = 1
0 / 1
Getting https://berlinalmeria.com/producto/9-mayo-casa-pepe/
Sleep 4
--------------------
{'id': 'effa99f9', 'show': 1, 'in_city': 1, 'one_day': 1, 'wrong_date_time': 0, 'event': 'Casa Pepe', 'slug': 'casa-pepe', 'category': '__NOT_DEFINIED__', 'id_venue': 'NmPqTrh6', 'venue': 'Sala Berlin', 'std_venue': 'Berlin Social Club', 'start_date': '2026-05-09', 'start_time': '00:00:00', 'end_date': '__NOT_DEFINIED__', 'end_time': '__NOT_DEFINIED__', 'description': 'CASA PEPA', 'others': {'price': '10,00\xa0€', 'ticket': 'https://entradium.com/events/casa-pepa-berlin-social-club-9-mayo'}, 'source': 'SalaBerlin', 'exec_time': '20260330T132854', 'session': '2026_03_30_13_28_Lunes', 'image': 'https://berlinalmeria.com/wp-content/uploads/2026/03/PHOTO-2026-03-29-21-53-39.jpg', 'url': 'https://berlinalmeria.com/producto/9-mayo-casa-pepe/'}
****************************
Saving 1 new events
Saving in  /home/ubuntu/data_storage/Almeria/2026_03_30_13_28_Lunes/0_raw/20260330_1328_SalaBerlin.json
Saving 1 master url
Appending to  /home/ubuntu/data_storage/Almeria/00_master/master_url.json
