
RUNNING VARS → 
        CITY=Almeria, 

        OPERATION=0,
            CREATE_SESSION=0,
            CLOSE_SESSION=0,
            SESSION=None,
            IMAGES=0,
            GET_SCRAPERS=

        SCRAPER=ConciertosClub
        DAG_RUN_URL=/dags/FisgonTaskRequest/log?remoteNode=local&step=tarea_1&dagRunId=019d2706-af7f-7ad4-a7fd-776446749e60

Running for Almeria: ConciertosClub
ConciertosClub
RUNNING SESSION =  2026_03_25_22_02_Miercoles
Getting https://conciertos.club/almeria
Sleep 1
*** SCRAPED 123 URLS WITH EVENTS **
New url events = 0
#######################
No new urls/events extracted. No new events to save
#######################
