
> build:css
> tailwindcss -i ./src/tailwind.css -o ./static/css/tailwind.css --minify

Static prefix: /dist
Images: need download 372 (skipped=0)
Images: 1/372 (downloaded=0 failed=0)
Images: 25/372 (downloaded=24 failed=0)
Images: 50/372 (downloaded=48 failed=1)
Images: 75/372 (downloaded=70 failed=4)
Images: 100/372 (downloaded=94 failed=5)
Images: 125/372 (downloaded=118 failed=6)
Images: 150/372 (downloaded=141 failed=8)
Images: 175/372 (downloaded=164 failed=10)
Images: 200/372 (downloaded=186 failed=13)
Images: 225/372 (downloaded=208 failed=16)
Images: 250/372 (downloaded=232 failed=17)
Images: 275/372 (downloaded=255 failed=19)
Images: 300/372 (downloaded=280 failed=19)
Images: 325/372 (downloaded=303 failed=21)
Images: 350/372 (downloaded=322 failed=27)
Images: 372/372 (downloaded=343 failed=28)
Images: {'events_total': 372, 'events_with_remote': 372, 'skipped_already_present': 0, 'to_download': 372, 'downloaded': 344, 'failed_download': 28, 'failed_decode': 0, 'written': 688} -> /app/dist/almeria/static/img/events
HTML: rendering 403 pages
HTML: 1/403
HTML: 25/403
HTML: 50/403
HTML: 75/403
HTML: 100/403
HTML: 125/403
HTML: 150/403
HTML: 175/403
HTML: 200/403
HTML: 225/403
HTML: 250/403
HTML: 275/403
HTML: 300/403
HTML: 325/403
HTML: 350/403
HTML: 375/403
HTML: 400/403
HTML: 403/403
Built 2 month pages + 401 other pages into /app/dist/almeria
Wrote /app/dist/almeria/sitemap.xml
Wrote /app/dist/almeria/robots.txt
