time=2026-03-05T22:27:26.961Z level=INFO msg="Executing root dag-run" dag=FisgonTaskRequest run-id=019cc01c-ec6f-7b6a-9da3-f04265659322 params=""
time=2026-03-05T22:27:26.988Z level=INFO msg="DAG run started" name=FisgonTaskRequest run-id=019cc01c-ec6f-7b6a-9da3-f04265659322 attempt-id="" dag=FisgonTaskRequest run-id=019cc01c-ec6f-7b6a-9da3-f04265659322 params="[TARGET_CITY=Almeria TARGET_SCRAPER=KuverProducciones 3=DAGU_BASE_URL=]"
time=2026-03-05T22:27:26.992Z level=INFO msg="Step started" name=FisgonTaskRequest run-id=019cc01c-ec6f-7b6a-9da3-f04265659322 attempt-id="" dag=FisgonTaskRequest run-id=019cc01c-ec6f-7b6a-9da3-f04265659322 step=tarea_1
time=2026-03-05T22:27:37.648Z level=INFO msg="DAG run finished" name=FisgonTaskRequest run-id=019cc01c-ec6f-7b6a-9da3-f04265659322 attempt-id="" dag=FisgonTaskRequest run-id=019cc01c-ec6f-7b6a-9da3-f04265659322 status=succeeded started-at=2026-03-05T22:27:26Z finished-at=2026-03-05T22:27:37Z
time=2026-03-05T22:27:37.686Z level=INFO msg="Executing root dag-run" dag=FisgonTaskRequest run-id=019cc01d-1654-7759-879f-415c0b64fd90 params=""
time=2026-03-05T22:27:37.698Z level=INFO msg="DAG run started" name=FisgonTaskRequest run-id=019cc01d-1654-7759-879f-415c0b64fd90 attempt-id="" dag=FisgonTaskRequest run-id=019cc01d-1654-7759-879f-415c0b64fd90 params="[TARGET_CITY=Almeria TARGET_SCRAPER=SalaBerlin 3=DAGU_BASE_URL=]"
time=2026-03-05T22:27:37.701Z level=INFO msg="Step started" name=FisgonTaskRequest run-id=019cc01d-1654-7759-879f-415c0b64fd90 attempt-id="" dag=FisgonTaskRequest run-id=019cc01d-1654-7759-879f-415c0b64fd90 step=tarea_1
time=2026-03-05T22:27:42.699Z level=INFO msg="DAG run finished" name=FisgonTaskRequest run-id=019cc01d-1654-7759-879f-415c0b64fd90 attempt-id="" dag=FisgonTaskRequest run-id=019cc01d-1654-7759-879f-415c0b64fd90 status=succeeded started-at=2026-03-05T22:27:37Z finished-at=2026-03-05T22:27:42Z
time=2026-03-05T22:27:42.734Z level=INFO msg="Executing root dag-run" dag=FisgonTaskRequest run-id=019cc01d-2a0c-7dad-834b-f81d81a5e8d7 params=""
time=2026-03-05T22:27:42.747Z level=INFO msg="DAG run started" name=FisgonTaskRequest run-id=019cc01d-2a0c-7dad-834b-f81d81a5e8d7 attempt-id="" dag=FisgonTaskRequest run-id=019cc01d-2a0c-7dad-834b-f81d81a5e8d7 params="[TARGET_CITY=Almeria TARGET_SCRAPER=LaGuajira 3=DAGU_BASE_URL=]"
time=2026-03-05T22:27:42.750Z level=INFO msg="Step started" name=FisgonTaskRequest run-id=019cc01d-2a0c-7dad-834b-f81d81a5e8d7 attempt-id="" dag=FisgonTaskRequest run-id=019cc01d-2a0c-7dad-834b-f81d81a5e8d7 step=tarea_1
time=2026-03-05T22:28:40.027Z level=INFO msg="DAG run finished" name=FisgonTaskRequest run-id=019cc01d-2a0c-7dad-834b-f81d81a5e8d7 attempt-id="" dag=FisgonTaskRequest run-id=019cc01d-2a0c-7dad-834b-f81d81a5e8d7 status=succeeded started-at=2026-03-05T22:27:42Z finished-at=2026-03-05T22:28:40Z
time=2026-03-05T22:28:40.067Z level=INFO msg="Executing root dag-run" dag=FisgonTaskRequest run-id=019cc01e-0a01-7f02-9eed-cf6aa97b8de7 params=""
time=2026-03-05T22:28:40.080Z level=INFO msg="DAG run started" name=FisgonTaskRequest run-id=019cc01e-0a01-7f02-9eed-cf6aa97b8de7 attempt-id="" dag=FisgonTaskRequest run-id=019cc01e-0a01-7f02-9eed-cf6aa97b8de7 params="[TARGET_CITY=Almeria TARGET_SCRAPER=ConciertosClub 3=DAGU_BASE_URL=]"
time=2026-03-05T22:28:40.083Z level=INFO msg="Step started" name=FisgonTaskRequest run-id=019cc01e-0a01-7f02-9eed-cf6aa97b8de7 attempt-id="" dag=FisgonTaskRequest run-id=019cc01e-0a01-7f02-9eed-cf6aa97b8de7 step=tarea_1
time=2026-03-05T22:29:05.308Z level=INFO msg="DAG run finished" name=FisgonTaskRequest run-id=019cc01e-0a01-7f02-9eed-cf6aa97b8de7 attempt-id="" dag=FisgonTaskRequest run-id=019cc01e-0a01-7f02-9eed-cf6aa97b8de7 status=succeeded started-at=2026-03-05T22:28:40Z finished-at=2026-03-05T22:29:05Z
time=2026-03-05T22:29:05.346Z level=INFO msg="Executing root dag-run" dag=FisgonTaskRequest run-id=019cc01e-6cbf-7f28-a62f-68467722c463 params=""
time=2026-03-05T22:29:05.358Z level=INFO msg="DAG run started" name=FisgonTaskRequest run-id=019cc01e-6cbf-7f28-a62f-68467722c463 attempt-id="" dag=FisgonTaskRequest run-id=019cc01e-6cbf-7f28-a62f-68467722c463 params="[TARGET_CITY=Almeria TARGET_SCRAPER=JacksonLive 3=DAGU_BASE_URL=]"
time=2026-03-05T22:29:05.362Z level=INFO msg="Step started" name=FisgonTaskRequest run-id=019cc01e-6cbf-7f28-a62f-68467722c463 attempt-id="" dag=FisgonTaskRequest run-id=019cc01e-6cbf-7f28-a62f-68467722c463 step=tarea_1
time=2026-03-05T22:29:07.773Z level=INFO msg="DAG run finished" name=FisgonTaskRequest run-id=019cc01e-6cbf-7f28-a62f-68467722c463 attempt-id="" dag=FisgonTaskRequest run-id=019cc01e-6cbf-7f28-a62f-68467722c463 status=succeeded started-at=2026-03-05T22:29:05Z finished-at=2026-03-05T22:29:07Z
time=2026-03-05T22:29:07.815Z level=INFO msg="Executing root dag-run" dag=FisgonTaskRequest run-id=019cc01e-7665-7bae-914b-ae8ea9558dd2 params=""
time=2026-03-05T22:29:07.827Z level=INFO msg="DAG run started" name=FisgonTaskRequest run-id=019cc01e-7665-7bae-914b-ae8ea9558dd2 attempt-id="" dag=FisgonTaskRequest run-id=019cc01e-7665-7bae-914b-ae8ea9558dd2 params="[TARGET_CITY=Almeria TARGET_SCRAPER=BibliotecaAgenda 3=DAGU_BASE_URL=]"
time=2026-03-05T22:29:07.830Z level=INFO msg="Step started" name=FisgonTaskRequest run-id=019cc01e-7665-7bae-914b-ae8ea9558dd2 attempt-id="" dag=FisgonTaskRequest run-id=019cc01e-7665-7bae-914b-ae8ea9558dd2 step=tarea_1
time=2026-03-05T22:29:40.321Z level=INFO msg="DAG run finished" name=FisgonTaskRequest run-id=019cc01e-7665-7bae-914b-ae8ea9558dd2 attempt-id="" dag=FisgonTaskRequest run-id=019cc01e-7665-7bae-914b-ae8ea9558dd2 status=succeeded started-at=2026-03-05T22:29:07Z finished-at=2026-03-05T22:29:40Z
