Launching scraper: AlmeriaCiudad
Succeeded - 2026-03-05T22:29:40Z

dag: FisgonTaskSelenium (43.0s)
│
└─tarea_1 (43.0s) [succeeded]
  ├─bash -lc 'set -eo pipefail; export DOCKER_CONFIG=/tmp/.docker HOME=/tmp;
  │   SELENIUM_NAME="selenium_${DAG_RUN_ID:-$$}_$(date +%s)"; cleanup() {
  │   docker rm -f "$SELENIUM_NAME" >/dev/null 2>&1 || true; }; trap cleanup
  │   EXIT; docker run -d --rm --name "$SELENIUM_NAME" --shm-size=2g -e
  │   SE_NODE_MAX_SESSIONS=1 -e SE_NODE_OVERRIDE_MAX_SESSIONS=true
  │   selenium/standalone-chrome:latest >/dev/null; docker exec
  │   "$SELENIUM_NAME" bash -c "for i in \$(seq 1 60); do (echo >
  │   /dev/tcp/127.0.0.1/4444) >/dev/null 2>&1 && exit 0; sleep 1; done; exit
  │   1"; docker run --rm --network container:"$SELENIUM_NAME" -v
  │   /home/ubuntu/work/fisgon:/app -v
  │   /home/ubuntu/data_storage:/home/ubuntu/data_storage -v
  │   /home/ubuntu/work/event_flask_app/static/img:/home/ubuntu/work/event_fla
  │   sk_app/static/img -w /app -e OPERATION=0 -e DOCKER_CONFIG=/tmp/.docker
  │   -e HOME=/tmp -e TARGET_CITY -e TARGET_SCRAPER -e
  │   DAG_RUN_URL="${DAGU_BASE_URL:-}/dags/${DAG_NAME}?dagRunId=${DAG_RUN_ID}"
  │   -e
  │   DAG_RUN_LOG_URL="${DAGU_BASE_URL:-}/dags/${DAG_NAME}/log?remoteNode=loca
  │   l&step=tarea_1&dagRunId=${DAG_RUN_ID}" fisgon_scraper:1.0'
  │
  ├─stdout:
  │   RUNNING VARS →
  │   CITY=Almeria,
  │   OPERATION=0,
  │   CREATE_SESSION=0,
  │   CLOSE_SESSION=0,
  │   SESSION=None,
  │   IMAGES=0,
  │   GET_SCRAPERS=
  │   SCRAPER=AlmeriaCiudad
  │   DAG_RUN_URL=/dags/FisgonTaskSelenium/log?remoteNode=local&step=tarea_1&d
  │   agRunId=019cc01e-f59a-7dce-b929-61cb09706489
  │   Running for Almeria: AlmeriaCiudad
  │   AlmeriaCiudad
  │   RUNNING SESSION =  2026_03_05_22_27_Jueves
  │   Starting WebDriver...
  │   http://localhost:4444/wd/hub
  │   sleeping 5
  │   Getting content
  │   page = 0
  │   -----------https://almeriaciudad.es/cultura/agenda?page=0---------------
  │   len 12
  │   sleeping 5
  │   Getting content
  │   page = 1
  │   -----------https://almeriaciudad.es/cultura/agenda?page=1---------------
  │   len 12
  │   sleeping 5
  │   Getting content
  │   page = 2
  │   -----------https://almeriaciudad.es/cultura/agenda?page=2---------------
  │   len 11
  │   sleeping 5
  │   Getting content
  │   page = 3
  │   -----------https://almeriaciudad.es/cultura/agenda?page=3---------------
  │   len 0
  │   *** SCRAPED 35 URLS WITH EVENTS **
  │   New url events = 1
  │   0 / 1
  │   Getting https://almeriaciudad.es//cultura/evento/el-circo-de-la-luz
  │   Sleep 4
  │   --------------------
  │   {'id': 'e42b0726', 'show': 1, 'in_city': 1, 'one_day': 1,
  │   'wrong_date_time': 1, 'event': 'El Circo De La Luz', 'slug':
  │   'el-circo-de-la-luz', 'category': '__NOT_DEFINIED__', 'id_venue':
  │   'Dmb6Gmtr', 'venue': 'RECINTO FERIAL DE ALMERIA', 'std_venue': 'Recinto
  │   Ferial de Almería', 'start_date': '__NOT_FOUND__', 'start_time':
  │   '__NOT_FOUND__', 'end_date': '__NOT_FOUND__', 'end_time':
  │   '__NOT_FOUND__', 'description': 'El Circo de la Luz reúne a artistas
  │   internacionales en un show que fusiona tradición y vanguardia. Los
  │   mejores acróbatas junto a animales biomecánicos luminosos, efectos
  │   tecnológicos inmersivos y coreografías con láseres. Un universo
  │   sensorial jamás visto en Europa. Inspirado en los espectáculos
  │   lumínicos más bellos del mundo, “El Circo de la Luz” es un paseo
  │   por lo imposible.', 'others': {'organizer': 'Recinto Ferial Almería',
  │   'price': '__NOT_FOUND__', 'category': 'Circo', 'audience_age': 'Todas
  │   las edades'}, 'source': 'AlmeriaCiudad', 'exec_time': '20260305T222946',
  │   'session': '2026_03_05_22_27_Jueves', 'image':
  │   'https://almeriaciudad.es/uploads/styles/large/public/media/image/cartel
  │   -circo-alegria.jpeg?itok=ABqP9hpK', 'url':
  │   'https://almeriaciudad.es//cultura/evento/el-circo-de-la-luz'}
  │   ****************************
  │   Saving 1 new events
  │   Saving in
  │   /home/ubuntu/data_storage/Almeria/2026_03_05_22_27_Jueves/0_raw/20260305
  │   _2229_AlmeriaCiudad.json
  │   Saving 1 master url
  │   Appending to /home/ubuntu/data_storage/Almeria/00_master/master_url.json
  └─stderr:
      /usr/local/lib/python3.11/site-packages/urllib3/connectionpool.py:1097:
      InsecureRequestWarning: Unverified HTTPS request is being made to host
      'almeriaciudad.es'. Adding certificate verification is strongly advised.
      See:
      https://urllib3.readthedocs.io/en/latest/advanced-usage.html#tls-warnings
      warnings.warn(

Result: Succeeded

Launching scraper: AlmeriaTurismo
Succeeded - 2026-03-05T22:30:23Z

dag: FisgonTaskSelenium (38.0s)
│
└─tarea_1 (38.0s) [succeeded]
  ├─bash -lc 'set -eo pipefail; export DOCKER_CONFIG=/tmp/.docker HOME=/tmp;
  │   SELENIUM_NAME="selenium_${DAG_RUN_ID:-$$}_$(date +%s)"; cleanup() {
  │   docker rm -f "$SELENIUM_NAME" >/dev/null 2>&1 || true; }; trap cleanup
  │   EXIT; docker run -d --rm --name "$SELENIUM_NAME" --shm-size=2g -e
  │   SE_NODE_MAX_SESSIONS=1 -e SE_NODE_OVERRIDE_MAX_SESSIONS=true
  │   selenium/standalone-chrome:latest >/dev/null; docker exec
  │   "$SELENIUM_NAME" bash -c "for i in \$(seq 1 60); do (echo >
  │   /dev/tcp/127.0.0.1/4444) >/dev/null 2>&1 && exit 0; sleep 1; done; exit
  │   1"; docker run --rm --network container:"$SELENIUM_NAME" -v
  │   /home/ubuntu/work/fisgon:/app -v
  │   /home/ubuntu/data_storage:/home/ubuntu/data_storage -v
  │   /home/ubuntu/work/event_flask_app/static/img:/home/ubuntu/work/event_fla
  │   sk_app/static/img -w /app -e OPERATION=0 -e DOCKER_CONFIG=/tmp/.docker
  │   -e HOME=/tmp -e TARGET_CITY -e TARGET_SCRAPER -e
  │   DAG_RUN_URL="${DAGU_BASE_URL:-}/dags/${DAG_NAME}?dagRunId=${DAG_RUN_ID}"
  │   -e
  │   DAG_RUN_LOG_URL="${DAGU_BASE_URL:-}/dags/${DAG_NAME}/log?remoteNode=loca
  │   l&step=tarea_1&dagRunId=${DAG_RUN_ID}" fisgon_scraper:1.0'
  │
  └─stdout: ... (419 more lines)
      {'id': 'd4c6d76b', 'show': 1, 'in_city': 1, 'one_day': 1,
      'wrong_date_time': 0, 'event': 'Paisajes Musicales De América Latina',
      'slug': 'paisajes-musicales-de-america-latina', 'category':
      '__NOT_DEFINIED__', 'id_venue': None, 'venue': '__NOT_FOUND__',
      'std_venue': None, 'start_date': '2026-04-19', 'start_time': '19:00:00',
      'end_date': '2026-04-19', 'end_time': '21:00:00', 'description':
      'Concierto de UAL Music Youth dirigido por el invitado Juan Irianni en el
      Paraninfo de la Universidad de Almería.', 'others': {'category':
      'Concierto de UAL Music Youth', 'hour': '__NOT_FOUND__', 'startDate':
      '2026-4-19T19:00+2:00', 'endDate': '2026-4-19T21:00+2:00',
      'duration_days': 0, 'location': '__NOT_FOUND__'}, 'source':
      'AlmeriaTurismo', 'exec_time': '20260305T223029', 'session':
      '2026_03_05_22_27_Jueves', 'image':
      'https://www.turismodealmeria.org/wp-content/uploads/2026/02/Paisajes-musi
      cales-de-America-Latina.jpg', 'url':
      'https://www.turismodealmeria.org/evento/paisajes-musicales-de-america-lat
      ina/'}
      --------------------
      {'id': '87153e5f', 'show': 1, 'in_city': 1, 'one_day': 1,
      'wrong_date_time': 0, 'event': 'Leonardo Torres Quevedo: El Ingeniero
      Total', 'slug': 'leonardo-torres-quevedo-el-ingeniero-total', 'category':
      '__NOT_DEFINIED__', 'id_venue': '8g4nLPqF', 'venue': 'Aulario IV de la
      Universidad de Almería', 'std_venue': 'Paraninfo de la Universidad de
      Almería', 'start_date': '2026-04-20', 'start_time': '09:00:00',
      'end_date': '2026-04-20', 'end_time': '21:00:00', 'description':
      'Exposición sobre Leonardo Torres Quevedo, destacando su contribución a
      la ingeniería. Presentada por Francisco A. González Redondo, se llevará
      a cabo en el Hall Aulario IV de la Universidad de Almería.', 'others':
      {'category': 'Exposición Divulgación Científica', 'hour':
      '__NOT_FOUND__', 'startDate': '2026-4-20T09:00+2:00', 'endDate':
      '2026-4-20T21:00+2:00', 'duration_days': 0, 'location': '04120 La Cañada,
      Almería'}, 'source': 'AlmeriaTurismo', 'exec_time': '20260305T223029',
      'session': '2026_03_05_22_27_Jueves', 'image':
      'https://www.turismodealmeria.org/wp-content/uploads/2026/02/Leonardo-Torr
      es-Quevedo-El-ingeniero-total.jpg', 'url':
      'https://www.turismodealmeria.org/evento/leonardo-torres-quevedo-el-ingeni
      ero-total/var/ri-1.l-L1'}
      --------------------
      {'id': 'b4aa0bc6', 'show': 1, 'in_city': 1, 'one_day': 1,
      'wrong_date_time': 0, 'event': 'Leonardo Torres Quevedo: El Ingeniero
      Total', 'slug': 'leonardo-torres-quevedo-el-ingeniero-total', 'category':
      '__NOT_DEFINIED__', 'id_venue': '8g4nLPqF', 'venue': 'Aulario IV de la
      Universidad de Almería', 'std_venue': 'Paraninfo de la Universidad de
      Almería', 'start_date': '2026-04-21', 'start_time': '09:00:00',
      'end_date': '2026-04-21', 'end_time': '21:00:00', 'description':
      'Exposición sobre Leonardo Torres Quevedo, destacando su contribución a
      la ingeniería. Presentada por Francisco A. González Redondo, se llevará
      a cabo en el Hall Aulario IV de la Universidad de Almería.', 'others':
      {'category': 'Exposición Divulgación Científica', 'hour':
      '__NOT_FOUND__', 'startDate': '2026-4-21T09:00+2:00', 'endDate':
      '2026-4-21T21:00+2:00', 'duration_days': 0, 'location': '04120 La Cañada,
      Almería'}, 'source': 'AlmeriaTurismo', 'exec_time': '20260305T223029',
      'session': '2026_03_05_22_27_Jueves', 'image':
      'https://www.turismodealmeria.org/wp-content/uploads/2026/02/Leonardo-Torr
      es-Quevedo-El-ingeniero-total.jpg', 'url':
      'https://www.turismodealmeria.org/evento/leonardo-torres-quevedo-el-ingeni
      ero-total/var/ri-2.l-L1'}
      --------------------
      {'id': '45d6f013', 'show': 1, 'in_city': 1, 'one_day': 1,
      'wrong_date_time': 0, 'event': 'Por ELLAS, Por TODAS Beijing +30', 'slug':
      'por-ellas-por-todas-beijing-30', 'category': '__NOT_DEFINIED__',
      'id_venue': None, 'venue': '__NOT_FOUND__', 'std_venue': None,
      'start_date': '2026-04-21', 'start_time': '11:00:00', 'end_date':
      '2026-04-21', 'end_time': '13:00:00', 'description': 'Exposición sobre la
      influencia del evento Beijing +30, centrada en la reivindicación de los
      derechos de las mujeres. Se llevará a cabo en el Paraninfo, Sala de
      exposiciones de la Universidad de Almería del 6 al 27 de abril de 2026.',
      'others': {'category': 'Exposición y divulgación científica', 'hour':
      '(Martes) 11:00 am - 13:00 pm', 'startDate': '2026-4-21T11:00+2:00',
      'endDate': '2026-4-21T13:00+2:00', 'duration_days': 0, 'location':
      '__NOT_FOUND__'}, 'source': 'AlmeriaTurismo', 'exec_time':
      '20260305T223029', 'session': '2026_03_05_22_27_Jueves', 'image':
      'https://www.turismodealmeria.org/wp-content/uploads/2026/03/Por-ELLAS-por
      -TODAS-Beijing-30.jpg', 'url':
      'https://www.turismodealmeria.org/evento/por-ellas-por-todas-beijing-30/va
      r/ri-5.l-L1'}
      --------------------
      {'id': 'd62cb519', 'show': 1, 'in_city': 1, 'one_day': 1,
      'wrong_date_time': 0, 'event': 'Leonardo Torres Quevedo: El Ingeniero
      Total', 'slug': 'leonardo-torres-quevedo-el-ingeniero-total', 'category':
      '__NOT_DEFINIED__', 'id_venue': '8g4nLPqF', 'venue': 'Aulario IV de la
      Universidad de Almería', 'std_venue': 'Paraninfo de la Universidad de
      Almería', 'start_date': '2026-04-22', 'start_time': '09:00:00',
      'end_date': '2026-04-22', 'end_time': '21:00:00', 'description':
      'Exposición sobre Leonardo Torres Quevedo, destacando su contribución a
      la ingeniería. Presentada por Francisco A. González Redondo, se llevará
      a cabo en el Hall Aulario IV de la Universidad de Almería.', 'others':
      {'category': 'Exposición Divulgación Científica', 'hour':
      '__NOT_FOUND__', 'startDate': '2026-4-22T09:00+2:00', 'endDate':
      '2026-4-22T21:00+2:00', 'duration_days': 0, 'location': '04120 La Cañada,
      Almería'}, 'source': 'AlmeriaTurismo', 'exec_time': '20260305T223029',
      'session': '2026_03_05_22_27_Jueves', 'image':
      'https://www.turismodealmeria.org/wp-content/uploads/2026/02/Leonardo-Torr
      es-Quevedo-El-ingeniero-total.jpg', 'url':
      'https://www.turismodealmeria.org/evento/leonardo-torres-quevedo-el-ingeni
      ero-total/var/ri-3.l-L1'}
      --------------------
      {'id': '6ce6b0ea', 'show': 1, 'in_city': 1, 'one_day': 1,
      'wrong_date_time': 0, 'event': 'Sentimental Value', 'slug':
      'sentimental-value', 'category': '__NOT_DEFINIED__', 'id_venue':
      'tQfq78jF', 'venue': 'Teatro Apolo', 'std_venue': 'Teatro Apolo',
      'start_date': '2026-04-22', 'start_time': '20:00:00', 'end_date':
      '2026-04-22', 'end_time': '22:00:00', 'description': 'Las hermanas Nora y
      Agnes se reencuentran con su distanciado padre, el carismático Gustav, un
      antiguo director de renombre que le ofrece a su hija Nora, actriz de
      teatro, un papel en su próxima película. Nora lo rechaza y pronto
      descubre que le ha dado su papel a una joven y entusiasta estrella de
      Hollywood. De repente, las dos hermanas deben sortear su complicada
      relación con su padre y lidiar con una estrella estadounidense que se
      encuentra en medio de su compleja dinámica familiar.. Duración:. 2 horas
      15 mins', 'others': {'category': 'Teatro Apolo Almería', 'hour':
      '__NOT_FOUND__', 'startDate': '2026-4-22T20:00+2:00', 'endDate':
      '2026-4-22T22:00+2:00', 'duration_days': 0, 'location': 'Rambla Obispo
      Orbera, 25,04001 Almería'}, 'source': 'AlmeriaTurismo', 'exec_time':
      '20260305T223029', 'session': '2026_03_05_22_27_Jueves', 'image':
      'https://www.turismodealmeria.org/wp-content/uploads/2026/02/Captura-de-pa
      ntalla-2026-02-24-134540.jpg', 'url':
      'https://www.turismodealmeria.org/evento/sentimental-value/'}
      --------------------
      {'id': 'd71699e7', 'show': 1, 'in_city': 1, 'one_day': 1,
      'wrong_date_time': 0, 'event': 'Leonardo Torres Quevedo: El Ingeniero
      Total', 'slug': 'leonardo-torres-quevedo-el-ingeniero-total', 'category':
      '__NOT_DEFINIED__', 'id_venue': '8g4nLPqF', 'venue': 'Aulario IV de la
      Universidad de Almería', 'std_venue': 'Paraninfo de la Universidad de
      Almería', 'start_date': '2026-04-23', 'start_time': '09:00:00',
      'end_date': '2026-04-23', 'end_time': '21:00:00', 'description':
      'Exposición sobre Leonardo Torres Quevedo, destacando su contribución a
      la ingeniería. Presentada por Francisco A. González Redondo, se llevará
      a cabo en el Hall Aulario IV de la Universidad de Almería.', 'others':
      {'category': 'Exposición Divulgación Científica', 'hour':
      '__NOT_FOUND__', 'startDate': '2026-4-23T09:00+2:00', 'endDate':
      '2026-4-23T21:00+2:00', 'duration_days': 0, 'location': '04120 La Cañada,
      Almería'}, 'source': 'AlmeriaTurismo', 'exec_time': '20260305T223029',
      'session': '2026_03_05_22_27_Jueves', 'image':
      'https://www.turismodealmeria.org/wp-content/uploads/2026/02/Leonardo-Torr
      es-Quevedo-El-ingeniero-total.jpg', 'url':
      'https://www.turismodealmeria.org/evento/leonardo-torres-quevedo-el-ingeni
      ero-total/var/ri-4.l-L1'}
      --------------------
      {'id': 'b3c10ff9', 'show': 1, 'in_city': 1, 'one_day': 1,
      'wrong_date_time': 0, 'event': 'Por ELLAS, Por TODAS Beijing +30', 'slug':
      'por-ellas-por-todas-beijing-30', 'category': '__NOT_DEFINIED__',
      'id_venue': None, 'venue': '__NOT_FOUND__', 'std_venue': None,
      'start_date': '2026-04-23', 'start_time': '11:00:00', 'end_date':
      '2026-04-23', 'end_time': '13:00:00', 'description': 'Exposición sobre la
      influencia del evento Beijing +30, centrada en la reivindicación de los
      derechos de las mujeres. Se llevará a cabo en el Paraninfo, Sala de
      exposiciones de la Universidad de Almería del 6 al 27 de abril de 2026.',
      'others': {'category': 'Exposición y divulgación científica', 'hour':
      '(Jueves) 11:00 am - 13:00 pm', 'startDate': '2026-4-23T11:00+2:00',
      'endDate': '2026-4-23T13:00+2:00', 'duration_days': 0, 'location':
      '__NOT_FOUND__'}, 'source': 'AlmeriaTurismo', 'exec_time':
      '20260305T223029', 'session': '2026_03_05_22_27_Jueves', 'image':
      'https://www.turismodealmeria.org/wp-content/uploads/2026/03/Por-ELLAS-por
      -TODAS-Beijing-30.jpg', 'url':
      'https://www.turismodealmeria.org/evento/por-ellas-por-todas-beijing-30/va
      r/ri-6.l-L1'}
      --------------------
      {'id': 'ee154e6a', 'show': 1, 'in_city': 1, 'one_day': 1,
      'wrong_date_time': 0, 'event': 'Actualidad Astronómica Con Jorge
      Iglesias', 'slug': 'actualidad-astronomica-con-jorge-iglesias',
      'category': '__NOT_DEFINIED__', 'id_venue': '8g4nLPqF', 'venue':
      'Universidad de Almería (UAL)', 'std_venue': 'Paraninfo de la Universidad
      de Almería', 'start_date': '2026-04-23', 'start_time': '12:00:00',
      'end_date': '2026-04-23', 'end_time': '13:30:00', 'description': 'El ciclo
      de tertulias sobre astronomía vuelve este año con Jorge Iglesias, quien
      presentará y debatirá sobre las novedades más importantes en el ámbito
      astronómico. Las sesiones se llevarán a cabo en el Edificio de
      Psicología, Sala de Grados, a las 12:00h. Fechas: 19 de febrero, 19 de
      marzo, 23 de abril y 21 de mayo.', 'others': {'category': 'Edificio de
      Psicología, Sala de Grados, Universidad de Almería', 'hour':
      '__NOT_FOUND__', 'startDate': '2026-4-23T12:00+2:00', 'endDate':
      '2026-4-23T13:30+2:00', 'duration_days': 0, 'location': 'Carr. Sacramento,
      s/n, 04120 La Cañada, Almería'}, 'source': 'AlmeriaTurismo',
      'exec_time': '20260305T223029', 'session': '2026_03_05_22_27_Jueves',
      'image':
      'https://www.turismodealmeria.org/wp-content/uploads/2026/02/Actualidad-as
      tronomica-con-Jorge-Iglesias.jpg', 'url':
      'https://www.turismodealmeria.org/evento/actualidad-astronomica-con-jorge-
      iglesias/var/ri-2.l-L1'}
      --------------------
      {'id': '3df71611', 'show': 1, 'in_city': 1, 'one_day': 1,
      'wrong_date_time': 0, 'event': 'Cuentacuentos: Un Amigo Como Tú', 'slug':
      'cuentacuentos-un-amigo-como-tu', 'category': '__NOT_DEFINIED__',
      'id_venue': 'J8tbTLH7', 'venue': 'Librería Picasso', 'std_venue':
      'Librería Picasso', 'start_date': '2026-04-23', 'start_time': '17:00:00',
      'end_date': '2026-04-23', 'end_time': '19:00:00', 'description':
      'Participa en el cuentacuentos para niños a partir de 3 años basado en
      el libro ‘Un Amigo Como Tú’ de Andrea Schomburg y Barbara Röttgen.
      Te esperamos en Librerías Picasso, Almería.', 'others': {'category': 'Un
      Amigo Como Tú', 'hour': '__NOT_FOUND__', 'startDate':
      '2026-4-23T17:00+2:00', 'endDate': '2026-4-23T19:00+2:00',
      'duration_days': 0, 'location': 'Calle Reyes Católicos, 18, 04001
      Almería'}, 'source': 'AlmeriaTurismo', 'exec_time': '20260305T223029',
      'session': '2026_03_05_22_27_Jueves', 'image':
      'https://www.turismodealmeria.org/wp-content/uploads/2026/02/Cuentacuentos
      -Un-Amigo-Como-Tu.jpg', 'url':
      'https://www.turismodealmeria.org/evento/cuentacuentos-un-amigo-como-tu/'}
      --------------------
      {'id': '74d35019', 'show': 1, 'in_city': 1, 'one_day': 1,
      'wrong_date_time': 0, 'event': 'Leonardo Torres Quevedo: El Ingeniero
      Total', 'slug': 'leonardo-torres-quevedo-el-ingeniero-total', 'category':
      '__NOT_DEFINIED__', 'id_venue': '8g4nLPqF', 'venue': 'Aulario IV de la
      Universidad de Almería', 'std_venue': 'Paraninfo de la Universidad de
      Almería', 'start_date': '2026-04-24', 'start_time': '09:00:00',
      'end_date': '2026-04-24', 'end_time': '21:00:00', 'description':
      'Exposición sobre Leonardo Torres Quevedo, destacando su contribución a
      la ingeniería. Presentada por Francisco A. González Redondo, se llevará
      a cabo en el Hall Aulario IV de la Universidad de Almería.', 'others':
      {'category': 'Exposición Divulgación Científica', 'hour':
      '__NOT_FOUND__', 'startDate': '2026-4-24T09:00+2:00', 'endDate':
      '2026-4-24T21:00+2:00', 'duration_days': 0, 'location': '04120 La Cañada,
      Almería'}, 'source': 'AlmeriaTurismo', 'exec_time': '20260305T223029',
      'session': '2026_03_05_22_27_Jueves', 'image':
      'https://www.turismodealmeria.org/wp-content/uploads/2026/02/Leonardo-Torr
      es-Quevedo-El-ingeniero-total.jpg', 'url':
      'https://www.turismodealmeria.org/evento/leonardo-torres-quevedo-el-ingeni
      ero-total/var/ri-5.l-L1'}
      --------------------
      {'id': '84aed9dd', 'show': 1, 'in_city': 1, 'one_day': 1,
      'wrong_date_time': 1, 'event': 'Visita Guiada a La Casa Del Cine', 'slug':
      'visita-guiada-a-la-casa-del-cine', 'category': '__NOT_DEFINIED__',
      'id_venue': 'df8rMnjt', 'venue': 'Casa del Cine de Almería', 'std_venue':
      'Casa del Cine', 'start_date': '2026-04-24', 'start_time':
      '__NOT_FOUND__', 'end_date': '2026-04-24', 'end_time': '__NOT_FOUND__',
      'description': 'Si buscas planazo para el viernes… aquí lo tienes. A
      partir del 12 de diciembre, gran oportunidad para conocer la Casa del
      Cine, su legado y la historia cinematográfica de Almería.. Únete a
      nuestra visita guiada por la Finca Santa Isabel y descubre los secretos,
      anécdotas y rincones que guarda.. Asegura tu plaza llamando al 950 21 00
      30 (En horario de Casa del Cine). ¡Te esperamos!', 'others': {'category':
      'Todos los viernes', 'hour': '__NOT_FOUND__', 'startDate': '2026-4-24',
      'endDate': '2026-4-24', 'duration_days': 0, 'location': 'Camino Romero, 1,
      04009 Almería'}, 'source': 'AlmeriaTurismo', 'exec_time':
      '20260305T223029', 'session': '2026_03_05_22_27_Jueves', 'image':
      'https://www.turismodealmeria.org/wp-content/uploads/2025/12/visita-guiada
      .jpg', 'url':
      'https://www.turismodealmeria.org/evento/visita-guiada-a-la-casa-del-cine/
      var/ri-19.l-L1'}
      --------------------
      {'id': 'f56d09cc', 'show': 1, 'in_city': 1, 'one_day': 1,
      'wrong_date_time': 0, 'event': 'El Mentalista Canalla', 'slug':
      'el-mentalista-canalla', 'category': '__NOT_DEFINIED__', 'id_venue':
      '7qHRF9LM', 'venue': 'Sala EMMA', 'std_venue': 'Sala Escuela Municipal de
      Música & Artes', 'start_date': '2026-04-24', 'start_time': '20:00:00',
      'end_date': '2026-04-24', 'end_time': '22:00:00', 'description': 'No te
      pierdas el impactante show de Abraham Gallego, ‘El Mentalista
      Canalla’, un espectáculo de magia y mentalismo para toda la familia.
      Vive una experiencia divertida y desafiante, donde la magia y la mente se
      unen para sorprenderte en cada momento. ¡Ven a disfrutarlo el 24 de abril
      en la Sala EMMA de Almería!', 'others': {'category': 'Abraham Gallego
      presenta un espectáculo de magia y mentalismo', 'hour': '__NOT_FOUND__',
      'startDate': '2026-4-24T20:00+2:00', 'endDate': '2026-4-24T22:00+2:00',
      'duration_days': 0, 'location': 'C. Rbla. Obispo Orberá, 23, 04001
      Almería'}, 'source': 'AlmeriaTurismo', 'exec_time': '20260305T223029',
      'session': '2026_03_05_22_27_Jueves', 'image':
      'https://www.turismodealmeria.org/wp-content/uploads/2026/02/elmentalista.
      jpg', 'url':
      'https://www.turismodealmeria.org/evento/el-mentalista-canalla/'}
      --------------------
      {'id': '67702ce6', 'show': 1, 'in_city': 1, 'one_day': 1,
      'wrong_date_time': 0, 'event': 'Profesor Poopsnuggle', 'slug':
      'profesor-poopsnuggle', 'category': '__NOT_DEFINIED__', 'id_venue':
      'NmPqTrh6', 'venue': 'Berlin Social Club', 'std_venue': 'Berlin Social
      Club', 'start_date': '2026-04-24', 'start_time': '21:30:00', 'end_date':
      '2026-04-24', 'end_time': '23:00:00', 'description': 'Profesor Popsnuggle
      llega a la Sala Berlin Social Club en Almería el 24 de abril de 2026 para
      ofrecer una noche de pop retrofuturista. Germán, José, Álvaro y
      Laureano forman este cuarteto que se inspira en el pop español de los
      años sesenta, la movida madrileña, los sintetizadores analógicos y la
      bossa nova. Desde su irrupción en 2004 con el álbum “El Turismo”, su
      música ha prestado una mirada divertida y crítica al pasado musical
      español. En 2008 reafirmaron su propuesta con el lanzamiento de “El Fin
      de las Colonias Africanas”. Una cita imperdible para los amantes del pop
      con sabor nostálgico y visionario.', 'others': {'category':
      '__NOT_FOUND__', 'hour': '__NOT_FOUND__', 'startDate':
      '2026-4-24T21:30+2:00', 'endDate': '2026-4-24T23:00+2:00',
      'duration_days': 0, 'location': 'Parque de Nicolás Salmerón, 9, Bajo 2,
      04001 Almería'}, 'source': 'AlmeriaTurismo', 'exec_time':
      '20260305T223029', 'session': '2026_03_05_22_27_Jueves', 'image':
      'https://www.turismodealmeria.org/wp-content/uploads/2026/02/profesorpopnu
      ggle.jpg', 'url':
      'https://www.turismodealmeria.org/evento/profesor-poopsnuggle/'}
      --------------------
      {'id': 'bc8e83f9', 'show': 1, 'in_city': 1, 'one_day': 1,
      'wrong_date_time': 0, 'event': 'Cuentacuentos: Te Quiero Tanto - Saeko
      Inui', 'slug': 'cuentacuentos-te-quiero-tanto-saeko-inui', 'category':
      '__NOT_DEFINIED__', 'id_venue': 'J8tbTLH7', 'venue': 'Librería Picasso',
      'std_venue': 'Librería Picasso', 'start_date': '2026-04-25',
      'start_time': '11:00:00', 'end_date': '2026-04-25', 'end_time':
      '13:00:00', 'description': 'Evento de cuentacuentos para niños a partir
      de 3 años basado en el libro ‘Te quiero tanto’ de Saeko Inui. Se
      realizará en Librerías Picasso, Almería.', 'others': {'category':
      'Lectura para niños', 'hour': '(Sábado) 11:00 am - 13:00 pm',
      'startDate': '2026-4-25T11:00+2:00', 'endDate': '2026-4-25T13:00+2:00',
      'duration_days': 0, 'location': 'Calle Reyes Católicos, 18, 04001
      Almería'}, 'source': 'AlmeriaTurismo', 'exec_time': '20260305T223029',
      'session': '2026_03_05_22_27_Jueves', 'image':
      'https://www.turismodealmeria.org/wp-content/uploads/2026/02/Cuentacuentos
      -Te-quiero-tanto-Saeko-Inui.jpg', 'url':
      'https://www.turismodealmeria.org/evento/cuentacuentos-te-quiero-tanto-sae
      ko-inui/'}
      --------------------
      {'id': 'ab3577a4', 'show': 1, 'in_city': 1, 'one_day': 1,
      'wrong_date_time': 0, 'event': 'XV METALMERIA FEST - 25 Abril', 'slug':
      'xv-metalmeria-fest-25-abril', 'category': '__NOT_DEFINIED__', 'id_venue':
      'NmPqTrh6', 'venue': 'Berlin Social Club', 'std_venue': 'Berlin Social
      Club', 'start_date': '2026-04-25', 'start_time': '16:00:00', 'end_date':
      '2026-04-25', 'end_time': '19:00:00', 'description': 'El 25 de abril de
      2026 se celebrará la decimoquinta edición del METALMERIA FEST en la Sala
      Berlin Social Club de Almería, con apertura de puertas a las 26:00h. El
      festival contará con una potente alineación internacional de bandas de
      metal como Kate’s Acid (Speed Metal – Bélgica), DeathStorm (Thrash
      Metal – Austria), Ecclesia (Heavy/Doom Metal – Francia), Speed Queen
      (Speed Metal – Bélgica) y Peace After Pain (Crossover/Thrash Metal –
      Barcelona). Las entradas anticipadas tienen un coste de 25 €, mientras
      que en taquilla costarán 30 €. Los socios pueden adquirir su entrada
      por 15 €, y los poseedores del carnet Interclub por 22 €. Las entradas
      compradas online serán canjeadas físicamente en taquilla.', 'others':
      {'category': '__NOT_FOUND__', 'hour': '__NOT_FOUND__', 'startDate':
      '2026-4-25T16:00+2:00', 'endDate': '2026-4-25T19:00+2:00',
      'duration_days': 0, 'location': 'Parque de Nicolás Salmerón, 9, Bajo 2,
      04001 Almería'}, 'source': 'AlmeriaTurismo', 'exec_time':
      '20260305T223029', 'session': '2026_03_05_22_27_Jueves', 'image':
      'https://www.turismodealmeria.org/wp-content/uploads/2026/02/xv-metalalmer
      ia.jpg', 'url':
      'https://www.turismodealmeria.org/evento/xv-metalmeria-fest-25-abril/'}
      --------------------
      {'id': 'b782e6c8', 'show': 1, 'in_city': 1, 'one_day': 1,
      'wrong_date_time': 0, 'event': 'Campeones 2 en El Teatro', 'slug':
      'campeones-2-en-el-teatro', 'category': '__NOT_DEFINIED__', 'id_venue':
      None, 'venue': '__NOT_FOUND__', 'std_venue': None, 'start_date':
      '2026-04-25', 'start_time': '20:00:00', 'end_date': '2026-04-25',
      'end_time': '22:00:00', 'description': 'La exitosa y entrañable obra
      ‘Campeones 2 en el Teatro: Si Lorca levantara la cabeza’ llega a
      Almería. Con un elenco formado por Alberto Nieto, Emilio Gavira, Luis
      Mottola, Daniel Pico García, Claudia Fesser y Gloria Ramos, y dirigida
      por Juan Manuel Montilla El Langui, esta comedia teatral continúa la
      inspiración de la aclamada película. ¡Una experiencia divertida,
      emotiva y cargada de mensajes positivos sobre la superación y la
      inclusión! No te lo pierdas el sábado 25 de abril a las 20:00h en el
      Auditorio Maestro Padilla. Las entradas están disponibles desde 22€ en
      la taquilla del Teatro Apolo.', 'others': {'category': 'Auditorio Maestro
      Padilla', 'hour': '__NOT_FOUND__', 'startDate': '2026-4-25T20:00+2:00',
      'endDate': '2026-4-25T22:00+2:00', 'duration_days': 0, 'location':
      '__NOT_FOUND__'}, 'source': 'AlmeriaTurismo', 'exec_time':
      '20260305T223029', 'session': '2026_03_05_22_27_Jueves', 'image':
      'https://www.turismodealmeria.org/wp-content/uploads/2026/02/campeones2.jp
      g', 'url':
      'https://www.turismodealmeria.org/evento/campeones-2-en-el-teatro/'}
      --------------------
      {'id': 'c49c5b89', 'show': 1, 'in_city': 1, 'one_day': 1,
      'wrong_date_time': 0, 'event': 'Leonardo Torres Quevedo: El Ingeniero
      Total', 'slug': 'leonardo-torres-quevedo-el-ingeniero-total', 'category':
      '__NOT_DEFINIED__', 'id_venue': '8g4nLPqF', 'venue': 'Aulario IV de la
      Universidad de Almería', 'std_venue': 'Paraninfo de la Universidad de
      Almería', 'start_date': '2026-04-27', 'start_time': '09:00:00',
      'end_date': '2026-04-27', 'end_time': '21:00:00', 'description':
      'Exposición sobre Leonardo Torres Quevedo, destacando su contribución a
      la ingeniería. Presentada por Francisco A. González Redondo, se llevará
      a cabo en el Hall Aulario IV de la Universidad de Almería.', 'others':
      {'category': 'Exposición Divulgación Científica', 'hour':
      '__NOT_FOUND__', 'startDate': '2026-4-27T09:00+2:00', 'endDate':
      '2026-4-27T21:00+2:00', 'duration_days': 0, 'location': '04120 La Cañada,
      Almería'}, 'source': 'AlmeriaTurismo', 'exec_time': '20260305T223029',
      'session': '2026_03_05_22_27_Jueves', 'image':
      'https://www.turismodealmeria.org/wp-content/uploads/2026/02/Leonardo-Torr
      es-Quevedo-El-ingeniero-total.jpg', 'url':
      'https://www.turismodealmeria.org/evento/leonardo-torres-quevedo-el-ingeni
      ero-total/var/ri-6.l-L1'}
      --------------------
      {'id': '72a44833', 'show': 1, 'in_city': 1, 'one_day': 1,
      'wrong_date_time': 0, 'event': 'Leonardo Torres Quevedo: El Ingeniero
      Total', 'slug': 'leonardo-torres-quevedo-el-ingeniero-total', 'category':
      '__NOT_DEFINIED__', 'id_venue': '8g4nLPqF', 'venue': 'Aulario IV de la
      Universidad de Almería', 'std_venue': 'Paraninfo de la Universidad de
      Almería', 'start_date': '2026-04-28', 'start_time': '09:00:00',
      'end_date': '2026-04-28', 'end_time': '21:00:00', 'description':
      'Exposición sobre Leonardo Torres Quevedo, destacando su contribución a
      la ingeniería. Presentada por Francisco A. González Redondo, se llevará
      a cabo en el Hall Aulario IV de la Universidad de Almería.', 'others':
      {'category': 'Exposición Divulgación Científica', 'hour':
      '__NOT_FOUND__', 'startDate': '2026-4-28T09:00+2:00', 'endDate':
      '2026-4-28T21:00+2:00', 'duration_days': 0, 'location': '04120 La Cañada,
      Almería'}, 'source': 'AlmeriaTurismo', 'exec_time': '20260305T223029',
      'session': '2026_03_05_22_27_Jueves', 'image':
      'https://www.turismodealmeria.org/wp-content/uploads/2026/02/Leonardo-Torr
      es-Quevedo-El-ingeniero-total.jpg', 'url':
      'https://www.turismodealmeria.org/evento/leonardo-torres-quevedo-el-ingeni
      ero-total/var/ri-7.l-L1'}
      --------------------
      {'id': '7e4e3566', 'show': 1, 'in_city': 1, 'one_day': 1,
      'wrong_date_time': 0, 'event': 'Taller De Escritura Creativa "Emoción en
      El Escritor, Emoción en El Lector"', 'slug':
      'taller-de-escritura-creativa-emocion-en-el-escritor-emocion-en-el-lector'
      , 'category': '__NOT_DEFINIED__', 'id_venue': '8g4nLPqF', 'venue':
      'Universidad de Almería (UAL)', 'std_venue': 'Paraninfo de la Universidad
      de Almería', 'start_date': '2026-04-28', 'start_time': '16:00:00',
      'end_date': '2026-04-28', 'end_time': '18:00:00', 'description': 'Descubre
      los secretos para atrapar a tus lectores y asombrar a los editores. Bruno
      Nievas nos guiará en este emocionante taller donde aprenderemos a crear
      ideas poderosas, superar el reto del primer borrador, desarrollar
      personajes conmovedores, idear situaciones impactantes, incorporar el
      viaje del héroe, editar sin piedad, publicar y autopublicar, y vender con
      éxito: ¿comprarías tu propio libro?', 'others': {'category':
      '__NOT_FOUND__', 'hour': '__NOT_FOUND__', 'startDate':
      '2026-4-28T16:00+2:00', 'endDate': '2026-4-28T18:00+2:00',
      'duration_days': 0, 'location': 'Carr. Sacramento, s/n, 04120 La Cañada,
      Almería'}, 'source': 'AlmeriaTurismo', 'exec_time': '20260305T223029',
      'session': '2026_03_05_22_27_Jueves', 'image':
      'https://www.turismodealmeria.org/wp-content/uploads/2026/03/taller-escrit
      ura.jpg', 'url':
      'https://www.turismodealmeria.org/evento/taller-de-escritura-creativa-emoc
      ion-en-el-escritor-emocion-en-el-lector/'}
      --------------------
      {'id': 'dd149d64', 'show': 1, 'in_city': 1, 'one_day': 1,
      'wrong_date_time': 0, 'event': 'Leonardo Torres Quevedo: El Ingeniero
      Total', 'slug': 'leonardo-torres-quevedo-el-ingeniero-total', 'category':
      '__NOT_DEFINIED__', 'id_venue': '8g4nLPqF', 'venue': 'Aulario IV de la
      Universidad de Almería', 'std_venue': 'Paraninfo de la Universidad de
      Almería', 'start_date': '2026-04-29', 'start_time': '09:00:00',
      'end_date': '2026-04-29', 'end_time': '21:00:00', 'description':
      'Exposición sobre Leonardo Torres Quevedo, destacando su contribución a
      la ingeniería. Presentada por Francisco A. González Redondo, se llevará
      a cabo en el Hall Aulario IV de la Universidad de Almería.', 'others':
      {'category': 'Exposición Divulgación Científica', 'hour':
      '__NOT_FOUND__', 'startDate': '2026-4-29T09:00+2:00', 'endDate':
      '2026-4-29T21:00+2:00', 'duration_days': 0, 'location': '04120 La Cañada,
      Almería'}, 'source': 'AlmeriaTurismo', 'exec_time': '20260305T223029',
      'session': '2026_03_05_22_27_Jueves', 'image':
      'https://www.turismodealmeria.org/wp-content/uploads/2026/02/Leonardo-Torr
      es-Quevedo-El-ingeniero-total.jpg', 'url':
      'https://www.turismodealmeria.org/evento/leonardo-torres-quevedo-el-ingeni
      ero-total/var/ri-8.l-L1'}
      --------------------
      {'id': 'a60d78a5', 'show': 1, 'in_city': 1, 'one_day': 1,
      'wrong_date_time': 0, 'event': 'Leonardo Torres Quevedo: El Ingeniero
      Total', 'slug': 'leonardo-torres-quevedo-el-ingeniero-total', 'category':
      '__NOT_DEFINIED__', 'id_venue': '8g4nLPqF', 'venue': 'Aulario IV de la
      Universidad de Almería', 'std_venue': 'Paraninfo de la Universidad de
      Almería', 'start_date': '2026-04-30', 'start_time': '09:00:00',
      'end_date': '2026-04-30', 'end_time': '21:00:00', 'description':
      'Exposición sobre Leonardo Torres Quevedo, destacando su contribución a
      la ingeniería. Presentada por Francisco A. González Redondo, se llevará
      a cabo en el Hall Aulario IV de la Universidad de Almería.', 'others':
      {'category': 'Exposición Divulgación Científica', 'hour':
      '__NOT_FOUND__', 'startDate': '2026-4-30T09:00+2:00', 'endDate':
      '2026-4-30T21:00+2:00', 'duration_days': 0, 'location': '04120 La Cañada,
      Almería'}, 'source': 'AlmeriaTurismo', 'exec_time': '20260305T223029',
      'session': '2026_03_05_22_27_Jueves', 'image':
      'https://www.turismodealmeria.org/wp-content/uploads/2026/02/Leonardo-Torr
      es-Quevedo-El-ingeniero-total.jpg', 'url':
      'https://www.turismodealmeria.org/evento/leonardo-torres-quevedo-el-ingeni
      ero-total/var/ri-9.l-L1'}
      --------------------
      {'id': '7041dc79', 'show': 1, 'in_city': 1, 'one_day': 1,
      'wrong_date_time': 0, 'event': 'El Fantástico Viaje De Jonás El
      Espermatozoide', 'slug': 'el-fantastico-viaje-de-jonas-el-espermatozoide',
      'category': '__NOT_DEFINIED__', 'id_venue': 'tQfq78jF', 'venue': 'Teatro
      Apolo', 'std_venue': 'Teatro Apolo', 'start_date': '2026-04-30',
      'start_time': '20:30:00', 'end_date': '2026-04-30', 'end_time':
      '22:00:00', 'description': 'Un espectáculo familiar, para niños y niñas
      a partir de 6 años. Disfruta de las aventuras de Jonás en su fantástico
      viaje.', 'others': {'category': '__NOT_FOUND__', 'hour': '__NOT_FOUND__',
      'startDate': '2026-4-30T20:30+2:00', 'endDate': '2026-4-30T22:00+2:00',
      'duration_days': 0, 'location': 'Rambla Obispo Orbera, 25,04001
      Almería'}, 'source': 'AlmeriaTurismo', 'exec_time': '20260305T223029',
      'session': '2026_03_05_22_27_Jueves', 'image':
      'https://www.turismodealmeria.org/wp-content/uploads/2026/02/Captura-de-pa
      ntalla-2026-02-24-135009.jpg', 'url':
      'https://www.turismodealmeria.org/evento/el-fantastico-viaje-de-jonas-el-e
      spermatozoide/'}
      Checking unique event url.
      New url events = 0
      #######################
      No new urls/events extracted. No new events to save
      #######################

Result: Succeeded

Launching scraper: JuntaAndaluciaAgenda
Succeeded - 2026-03-05T22:31:01Z

dag: FisgonTaskSelenium (1m 24s)
│
└─tarea_1 (1m 24s) [succeeded]
  ├─bash -lc 'set -eo pipefail; export DOCKER_CONFIG=/tmp/.docker HOME=/tmp;
  │   SELENIUM_NAME="selenium_${DAG_RUN_ID:-$$}_$(date +%s)"; cleanup() {
  │   docker rm -f "$SELENIUM_NAME" >/dev/null 2>&1 || true; }; trap cleanup
  │   EXIT; docker run -d --rm --name "$SELENIUM_NAME" --shm-size=2g -e
  │   SE_NODE_MAX_SESSIONS=1 -e SE_NODE_OVERRIDE_MAX_SESSIONS=true
  │   selenium/standalone-chrome:latest >/dev/null; docker exec
  │   "$SELENIUM_NAME" bash -c "for i in \$(seq 1 60); do (echo >
  │   /dev/tcp/127.0.0.1/4444) >/dev/null 2>&1 && exit 0; sleep 1; done; exit
  │   1"; docker run --rm --network container:"$SELENIUM_NAME" -v
  │   /home/ubuntu/work/fisgon:/app -v
  │   /home/ubuntu/data_storage:/home/ubuntu/data_storage -v
  │   /home/ubuntu/work/event_flask_app/static/img:/home/ubuntu/work/event_fla
  │   sk_app/static/img -w /app -e OPERATION=0 -e DOCKER_CONFIG=/tmp/.docker
  │   -e HOME=/tmp -e TARGET_CITY -e TARGET_SCRAPER -e
  │   DAG_RUN_URL="${DAGU_BASE_URL:-}/dags/${DAG_NAME}?dagRunId=${DAG_RUN_ID}"
  │   -e
  │   DAG_RUN_LOG_URL="${DAGU_BASE_URL:-}/dags/${DAG_NAME}/log?remoteNode=loca
  │   l&step=tarea_1&dagRunId=${DAG_RUN_ID}" fisgon_scraper:1.0'
  │
  ├─stdout: ... (32 more lines)
  │   css selector
  │   .view-display-id-page_search_activities > ul:nth-child(3) >
  │   li:nth-child(1) > a:nth-child(1)
  │   clicking
  │   sleeping 3
  │   Scrolling...
  │   sleeping 1
  │   sleeping 7
  │   ******
  │   css selector
  │   .view-display-id-page_search_activities > ul:nth-child(3) >
  │   li:nth-child(1) > a:nth-child(1)
  │   clicking
  │   sleeping 3
  │   Scrolling...
  │   sleeping 1
  │   sleeping 7
  │   ******
  │   css selector
  │   .view-display-id-page_search_activities > ul:nth-child(3) >
  │   li:nth-child(1) > a:nth-child(1)
  │   clicking
  │   sleeping 3
  │   Scrolling...
  │   sleeping 1
  │   sleeping 7
  │   ******
  │   css selector
  │   .view-display-id-page_search_activities > ul:nth-child(3) >
  │   li:nth-child(1) > a:nth-child(1)
  │   .view-display-id-page_search_activities > ul:nth-child(3) >
  │   li:nth-child(1) > a:nth-child(1) Not found
  │   Getting content
  │   *** SCRAPED 72 URLS WITH EVENTS **
  │   New url events = 3
  │   0 / 3
  │   Getting
  │   https://www.juntadeandalucia.es/cultura/agendaculturaldeandalucia/evento
  │   /cartas-desde-iwo-jima-0
  │   Sleep 4
  │   --------------------
  │   {'id': '8c3a7e0f', 'show': 1, 'in_city': 1, 'one_day': 1,
  │   'wrong_date_time': 0, 'event': 'Cartas Desde Iwo Jima', 'slug':
  │   'cartas-desde-iwo-jima', 'category': '__NOT_DEFINIED__', 'id_venue':
  │   'TjmFnJdD', 'venue': 'Sala de la Filmoteca de Andalucía en Almería',
  │   'std_venue': 'Biblioteca Pública Francisco Villaespesa', 'start_date':
  │   '2026-04-13', 'start_time': '00:00:00', 'end_date': '2026-04-13',
  │   'end_time': '__NOT_DEFINIED__', 'description': "Clint Eastwood. EEUU,
  │   2006. 141 min. v.o.s.e. Segunda Guerra Mundial (1939-1945). Rodada
  │   íntegramente en japonés, la película ofrece la versión nipona de la
  │   batalla de Iwo Jima, el episodio más cruento de la guerra del
  │   Pacífico, en el que murieron más de 20.000 japoneses y 7.000
  │   estadounidenses. El objetivo de la batalla para los japoneses era
  │   conservar un islote insignificante, pero de gran valor estratégico,
  │   pues desde allí defendían la integridad de su territorio. El mismo
  │   año, Eastwood dirigió también ''Banderas de nuestros padres'', que
  │   narra la misma batalla desde el punto de vista norteamericano. La
  │   versión japonesa muestra cómo el general Tadamichi Kuribayashi (Ken
  │   Watanabe) organizó la resistencia a través de un sistema de
  │   túneles.", 'others': {'location_url':
  │   '/cultura/agendaculturaldeandalucia/espacios/sala-de-la-filmoteca-de-and
  │   alucia-en-almeria', 'location2': 'Sala de la Filmoteca de Andalucía en
  │   Almería', 'duration': '__NOT_FOUND__', 'datetime_details': '13 de Abril
  │   del 2026, 19.00', 'town': '__NOT_FOUND__', 'location': 'C/ Hermanos
  │   Machado, s/n, Almería. Almería', 'duration_days': '__NOT_FOUND__'},
  │   'source': 'JuntaAndaluciaAgenda', 'exec_time': '20260305T223107',
  │   'session': '2026_03_05_22_27_Jueves', 'image':
  │   'https://www.juntadeandalucia.es/cultura/agendaculturaldeandalucia/sites
  │   /default/files/styles/header_activity_ext_2xl/public/2026-03/iwojima.jpg
  │   .webp?itok=wKpWExB7', 'url':
  │   'https://www.juntadeandalucia.es/cultura/agendaculturaldeandalucia/event
  │   o/cartas-desde-iwo-jima-0'}
  │   1 / 3
  │   Getting
  │   https://www.juntadeandalucia.es/cultura/agendaculturaldeandalucia/evento
  │   /banderas-de-nuestros-padres-0
  │   Sleep 4
  │   --------------------
  │   {'id': '7c6c1e2c', 'show': 1, 'in_city': 1, 'one_day': 1,
  │   'wrong_date_time': 0, 'event': 'Banderas De Nuestros Padres', 'slug':
  │   'banderas-de-nuestros-padres', 'category': '__NOT_DEFINIED__',
  │   'id_venue': 'TjmFnJdD', 'venue': 'Sala de la Filmoteca de Andalucía en
  │   Almería', 'std_venue': 'Biblioteca Pública Francisco Villaespesa',
  │   'start_date': '2026-04-06', 'start_time': '00:00:00', 'end_date':
  │   '2026-04-06', 'end_time': '__NOT_DEFINIED__', 'description': "Clint
  │   Eastwood. EEUU, 2006. 132 min. Segunda Guerra Mundial (1939-1945). La
  │   batalla de Iwo Jima (1945), el episodio más cruento de la guerra del
  │   Pacífico, quedó inmortalizada en la foto de unos soldados que izaban
  │   una bandera norteamericana. El objetivo de esta batalla era la toma de
  │   un islote insignificante, pero de gran valor estratégico, pues desde
  │   allí los japoneses defendían su territorio. En la contienda cayeron
  │   más de 20.000 japoneses y 7.000 estadounidenses. Mientras tanto, en los
  │   Estados Unidos la célebre foto en la que seis soldados izaban la
  │   bandera americana fue un instrumento propagandístico para conseguir
  │   fondos que permitieran seguir sufragando los gastos de la guerra. El
  │   mismo año el propio Eastwood dirigió ''Cartas desde Iwo Jima'', que
  │   narra la misma batalla desde el punto de vista japonés", 'others':
  │   {'location_url':
  │   '/cultura/agendaculturaldeandalucia/espacios/sala-de-la-filmoteca-de-and
  │   alucia-en-almeria', 'location2': 'Sala de la Filmoteca de Andalucía en
  │   Almería', 'duration': '__NOT_FOUND__', 'datetime_details': '06 de Abril
  │   del 2026, 19.00', 'town': '__NOT_FOUND__', 'location': 'C/ Hermanos
  │   Machado, s/n, Almería. Almería', 'duration_days': '__NOT_FOUND__'},
  │   'source': 'JuntaAndaluciaAgenda', 'exec_time': '20260305T223107',
  │   'session': '2026_03_05_22_27_Jueves', 'image':
  │   'https://www.juntadeandalucia.es/cultura/agendaculturaldeandalucia/sites
  │   /default/files/styles/header_activity_ext_2xl/public/2026-03/banderas%20
  │   de%20nuestros%20padres.jpg.webp?itok=5vdFcEMp', 'url':
  │   'https://www.juntadeandalucia.es/cultura/agendaculturaldeandalucia/event
  │   o/banderas-de-nuestros-padres-0'}
  │   2 / 3
  │   Getting
  │   https://www.juntadeandalucia.es/cultura/agendaculturaldeandalucia/evento
  │   /celebracion-del-dia-internacional-de-la-mujer-crece-con-la-villaespesa-
  │   taller-la-mujer-en-el
  │   Sleep 4
  │   --------------------
  │   {'id': '62344daa', 'show': 1, 'in_city': 1, 'one_day': 1,
  │   'wrong_date_time': 0, 'event': 'Celebración Del Día Internacional De
  │   La Mujer. Crece Con La Villaespesa. Taller "La Mujer en El Sector
  │   Aeroespacial", Con Aulasputnik', 'slug':
  │   'celebracion-del-dia-internacional-de-la-mujer-crece-con-la-villaespesa-
  │   taller-la', 'category': '__NOT_DEFINIED__', 'id_venue': 'TjmFnJdD',
  │   'venue': 'Biblioteca Pública del Estado-Biblioteca Provincial de
  │   Almería Francisco Villaespesa', 'std_venue': 'Biblioteca Pública
  │   Francisco Villaespesa', 'start_date': '2026-03-06', 'start_time':
  │   '09:30:00', 'end_date': '2026-03-06', 'end_time': '__NOT_DEFINIED__',
  │   'description': 'Celebración del Día Internacional de la Mujer. Crece
  │   con la Villaespesa. Taller "La mujer en el sector aeroespacial", con
  │   Aulasputnik El objetivo principal de esta actividad es reflexionar sobre
  │   los estereotipos en las profesiones STEM y dar visibilidad a la mujer
  │   dentro de la ciencia y la tecnología aeroespacial. El propósito es
  │   inspirar y motivar a niñas a seguir sus sueños y acompañar a los
  │   niños a romper con sus creencias limitantes y hacerles partícipes de
  │   ese mensaje. Se realizarán dos actividades principales en este taller.
  │   La primera se centrará en reflexionar y detectar conductas y prejuicios
  │   inconscientes sobre el papel de la mujer en el sector aeroespacial. La
  │   segunda actividad se propondrá realizar un juego de cartas para conocer
  │   la trayectoria y vida profesional de algunas mujeres importantes del
  │   sector, y así, crear referentes. Viernes 6 de marzo 9:30h. Sala de
  │   exposiciones. Actividad concertada con centros educativos', 'others':
  │   {'location_url':
  │   '/cultura/agendaculturaldeandalucia/espacios/biblioteca-publica-del-esta
  │   do-biblioteca-provincial-de-almeria-francisco-villaespesa', 'location2':
  │   'Biblioteca Pública del Estado-Biblioteca Provincial de Almería
  │   Francisco Villaespesa', 'duration': '__NOT_FOUND__', 'datetime_details':
  │   '06 de Marzo del 2026, 9:30 h.', 'town': '__NOT_FOUND__', 'location':
  │   'Calle Hermanos Machado, s/n, Almería. Almería', 'duration_days':
  │   '__NOT_FOUND__'}, 'source': 'JuntaAndaluciaAgenda', 'exec_time':
  │   '20260305T223107', 'session': '2026_03_05_22_27_Jueves', 'image':
  │   'https://www.juntadeandalucia.es/cultura/agendaculturaldeandalucia/sites
  │   /default/files/styles/header_activity_ext_2xl/public/2026-03/CARTEL%203.
  │   jpg.webp?itok=EJLH3UNE', 'url':
  │   'https://www.juntadeandalucia.es/cultura/agendaculturaldeandalucia/event
  │   o/celebracion-del-dia-internacional-de-la-mujer-crece-con-la-villaespesa
  │   -taller-la-mujer-en-el'}
  │   ****************************
  │   Saving 3 new events
  │   Saving in
  │   /home/ubuntu/data_storage/Almeria/2026_03_05_22_27_Jueves/0_raw/20260305
  │   _2231_JuntaAndaluciaAgenda.json
  │   Saving 3 master url
  │   Appending to /home/ubuntu/data_storage/Almeria/00_master/master_url.json
  └─stderr:
      /usr/local/lib/python3.11/site-packages/urllib3/connectionpool.py:1097:
      InsecureRequestWarning: Unverified HTTPS request is being made to host
      'www.juntadeandalucia.es'. Adding certificate verification is strongly
      advised. See:
      https://urllib3.readthedocs.io/en/latest/advanced-usage.html#tls-warnings
      warnings.warn(
      /usr/local/lib/python3.11/site-packages/urllib3/connectionpool.py:1097:
      InsecureRequestWarning: Unverified HTTPS request is being made to host
      'www.juntadeandalucia.es'. Adding certificate verification is strongly
      advised. See:
      https://urllib3.readthedocs.io/en/latest/advanced-usage.html#tls-warnings
      warnings.warn(
      /usr/local/lib/python3.11/site-packages/urllib3/connectionpool.py:1097:
      InsecureRequestWarning: Unverified HTTPS request is being made to host
      'www.juntadeandalucia.es'. Adding certificate verification is strongly
      advised. See:
      https://urllib3.readthedocs.io/en/latest/advanced-usage.html#tls-warnings
      warnings.warn(

Result: Succeeded

Launching scraper: ClassicJazz
Succeeded - 2026-03-05T22:32:25Z

dag: FisgonTaskSelenium (1m 45s)
│
└─tarea_1 (1m 45s) [succeeded]
  ├─bash -lc 'set -eo pipefail; export DOCKER_CONFIG=/tmp/.docker HOME=/tmp;
  │   SELENIUM_NAME="selenium_${DAG_RUN_ID:-$$}_$(date +%s)"; cleanup() {
  │   docker rm -f "$SELENIUM_NAME" >/dev/null 2>&1 || true; }; trap cleanup
  │   EXIT; docker run -d --rm --name "$SELENIUM_NAME" --shm-size=2g -e
  │   SE_NODE_MAX_SESSIONS=1 -e SE_NODE_OVERRIDE_MAX_SESSIONS=true
  │   selenium/standalone-chrome:latest >/dev/null; docker exec
  │   "$SELENIUM_NAME" bash -c "for i in \$(seq 1 60); do (echo >
  │   /dev/tcp/127.0.0.1/4444) >/dev/null 2>&1 && exit 0; sleep 1; done; exit
  │   1"; docker run --rm --network container:"$SELENIUM_NAME" -v
  │   /home/ubuntu/work/fisgon:/app -v
  │   /home/ubuntu/data_storage:/home/ubuntu/data_storage -v
  │   /home/ubuntu/work/event_flask_app/static/img:/home/ubuntu/work/event_fla
  │   sk_app/static/img -w /app -e OPERATION=0 -e DOCKER_CONFIG=/tmp/.docker
  │   -e HOME=/tmp -e TARGET_CITY -e TARGET_SCRAPER -e
  │   DAG_RUN_URL="${DAGU_BASE_URL:-}/dags/${DAG_NAME}?dagRunId=${DAG_RUN_ID}"
  │   -e
  │   DAG_RUN_LOG_URL="${DAGU_BASE_URL:-}/dags/${DAG_NAME}/log?remoteNode=loca
  │   l&step=tarea_1&dagRunId=${DAG_RUN_ID}" fisgon_scraper:1.0'
  │
  ├─stdout: ... (60 more lines)
  │   2026-03-21T14:00:00 2026-03-21T17:00:00
  │   --------------------
  │   {'id': 'd41e25d3', 'show': 1, 'in_city': 1, 'one_day': 1,
  │   'wrong_date_time': 0, 'event': 'Ciclo «Plant Based, Baby»', 'slug':
  │   'ciclo-plant-based-baby', 'category': '__NOT_DEFINIED__', 'id_venue':
  │   'Q6b6LRjT', 'venue': 'Sede Clasijazz', 'std_venue': 'Clasijazz',
  │   'start_date': '2026-03-21', 'start_time': '14:00:00', 'end_date':
  │   '2026-03-21', 'end_time': '17:00:00', 'description': 'Comida: 25€
  │   Café y Cineforum: Entrada Libre', 'others': {'price': '25,00€',
  │   'category': 'Programación', 'location_url':
  │   'https://clasijazz.com/local/sede-clasijazz/', 'location': 'Maestro
  │   Serrano 9, Almería'}, 'source': 'ClassicJazz', 'exec_time':
  │   '20260305T223229', 'session': '2026_03_05_22_27_Jueves', 'image':
  │   'https://clasijazz.com/wp-content/uploads/2026/03/WhatsApp-Image-2026-03
  │   -04-at-17.02.23.jpeg', 'url':
  │   'https://clasijazz.com/evento/ciclo-plant-based-baby/'}
  │   5 / 12
  │   Getting
  │   https://clasijazz.com/evento/intercambio-de-idiomas-edicion-grecia/
  │   Sleep 4
  │   2026-03-13T18:30:00 2026-03-13T20:00:00
  │   --------------------
  │   {'id': '9045c200', 'show': 1, 'in_city': 1, 'one_day': 1,
  │   'wrong_date_time': 0, 'event': 'Intercambio De Idiomas – Edición
  │   Grecia', 'slug': 'intercambio-de-idiomas-edicion-grecia', 'category':
  │   '__NOT_DEFINIED__', 'id_venue': 'Q6b6LRjT', 'venue': 'Sede Clasijazz',
  │   'std_venue': 'Clasijazz', 'start_date': '2026-03-13', 'start_time':
  │   '18:30:00', 'end_date': '2026-03-13', 'end_time': '20:00:00',
  │   'description': 'Entrada Libre | Sala Swing ES ¡En Clasijazz empezamos
  │   una nueva serie de Intercambios de Idiomas Temáticos! Cada mes
  │   dedicaremos una edición especial a un país diferente, guiada por
  │   nuestros voluntarios internacionales. Empezamos con Grecia : una tarde
  │   para compartir y descubrir el idioma, la música y la cultura griega
  │   Habrá juegos, quizzes, y tendréis la oportunidad de aprender algunas
  │   palabras básicas en griego y descubrir curiosidades sobre el idioma.
  │   También podréis probar una pequeña delicia griega. EN At Clasijazz we
  │   are starting a new series of Thematic Language Exchanges! Each month we
  │   will organize a special edition dedicated to a different country, guided
  │   by our international volunteers. We begin with Greece : an evening to
  │   discover and share the Greek language, music, and culture. There will be
  │   games, quizzes, and you will have the opportunity to learn some basic
  │   Greek words and discover interesting facts about the language. You will
  │   also be able to try a small Greek delicacy.', 'others': {'price':
  │   '__NOT_DEFINIED__', 'category': 'Programación', 'location_url':
  │   'https://clasijazz.com/local/sede-clasijazz/', 'location': 'Maestro
  │   Serrano 9, Almería'}, 'source': 'ClassicJazz', 'exec_time':
  │   '20260305T223229', 'session': '2026_03_05_22_27_Jueves', 'image':
  │   'https://clasijazz.com/wp-content/uploads/2026/03/WhatsApp-Image-2026-03
  │   -05-at-20.27.22.jpeg', 'url':
  │   'https://clasijazz.com/evento/intercambio-de-idiomas-edicion-grecia/'}
  │   6 / 12
  │   Getting
  │   https://clasijazz.com/evento/cienciajazz-en-busca-de-la-fauna-perdida-de
  │   l-sahara/
  │   Sleep 4
  │   2026-03-12T20:00:00 2026-03-12T22:00:00
  │   --------------------
  │   {'id': 'b1eff630', 'show': 1, 'in_city': 1, 'one_day': 1,
  │   'wrong_date_time': 0, 'event': 'Cienciajazz: En Busca De La Fauna
  │   Perdida Del Sáhara', 'slug':
  │   'cienciajazz-en-busca-de-la-fauna-perdida-del-sahara', 'category':
  │   '__NOT_DEFINIED__', 'id_venue': 'Q6b6LRjT', 'venue': 'Sede Clasijazz',
  │   'std_venue': 'Clasijazz', 'start_date': '2026-03-12', 'start_time':
  │   '20:00:00', 'end_date': '2026-03-12', 'end_time': '22:00:00',
  │   'description': 'Sala Principal | Entrada Libre El Sáhara, el mayor
  │   desierto del Planeta, alberga una enorme diversidad de vida salvaje a
  │   pesar de sus duras condiciones. Desgraciadamente, se trata de uno de los
  │   biomas terrestres peor conservados de la Tierra, ya que a lo largo del
  │   siglo XX ha perdido gran cantidad de fauna, sobre todo a causa de la
  │   caza sin cuartel favorecida por la aparición de los vehículos
  │   todo-terreno y las armas modernas. Por otro lado, su lejanía y su
  │   carácter netamente hostil generan un escenario muy poco atractivo para
  │   los investigadores, de manera que se sabe muy poco sobre la situación
  │   actual y la ecología de la mayor parte de las especies de vertebrados
  │   saharianos. En 2011, desde la Asociación Harmusch, pusimos en marcha
  │   una serie de expediciones al Sáhara Atlántico para contribuir al
  │   conocimiento y a la conservación de este valioso ecosistema. En esta
  │   charla vamos a hacer un breve repaso de los logros que hemos alcanzado
  │   tras superar los grandes obstáculos que supone buscar la fauna perdida
  │   del Sáhara.', 'others': {'price': '__NOT_DEFINIED__', 'category':
  │   'Programación', 'location_url':
  │   'https://clasijazz.com/local/sede-clasijazz/', 'location': 'Maestro
  │   Serrano 9, Almería'}, 'source': 'ClassicJazz', 'exec_time':
  │   '20260305T223229', 'session': '2026_03_05_22_27_Jueves', 'image':
  │   'https://clasijazz.com/wp-content/uploads/2026/03/697c8a15327cf.png',
  │   'url':
  │   'https://clasijazz.com/evento/cienciajazz-en-busca-de-la-fauna-perdida-d
  │   el-sahara/'}
  │   7 / 12
  │   Getting
  │   https://clasijazz.com/evento/intercambio-de-idiomas-5/2026-03-05/
  │   Sleep 4
  │   2026-03-05T21:00:00 2026-03-05T23:00:00
  │   --------------------
  │   {'id': 'f94ac963', 'show': 1, 'in_city': 1, 'one_day': 1,
  │   'wrong_date_time': 0, 'event': 'Intercambio De Idiomas', 'slug':
  │   'intercambio-de-idiomas', 'category': '__NOT_DEFINIED__', 'id_venue':
  │   'Q6b6LRjT', 'venue': 'Clasijazz', 'std_venue': 'Clasijazz',
  │   'start_date': '2026-03-05', 'start_time': '21:00:00', 'end_date':
  │   '2026-03-05', 'end_time': '23:00:00', 'description': 'Sala Industrial
  │   Clasijazz Entrada Libre ¿Quieres conocer gente nueva y compartir ideas,
  │   experiencias y opiniones mientras practicas tus habilidades
  │   lingüísticas? ¡Hablaremos de todo: culturas, profesiones, arte y
  │   música! ¿Nivel avanzado? ¿Intermedio? ¿Principiante? ¡Hay espacio
  │   para todos! Únete a la comunidad del Intercambio de Idiomas y deja que
  │   la magia deja que la magia de los idiomas te atrape. Desde Octubre y
  │   todos los jueves 21:00-23:00', 'others': {'price': '__NOT_DEFINIED__',
  │   'category': '', 'location_url':
  │   'https://clasijazz.com/local/clasijazz/', 'location': 'C/Maestro Serrano
  │   nº9, Almería'}, 'source': 'ClassicJazz', 'exec_time':
  │   '20260305T223229', 'session': '2026_03_05_22_27_Jueves', 'image':
  │   'https://clasijazz.com/wp-content/uploads/2025/09/Intercambio-de-Idiomas
  │   .jpg', 'url':
  │   'https://clasijazz.com/evento/intercambio-de-idiomas-5/2026-03-05/'}
  │   8 / 12
  │   Getting
  │   https://clasijazz.com/evento/intercambio-de-idiomas-5/2026-04-16/
  │   Sleep 4
  │   2026-04-16T21:00:00 2026-04-16T23:00:00
  │   --------------------
  │   {'id': 'ba5c34dc', 'show': 1, 'in_city': 1, 'one_day': 1,
  │   'wrong_date_time': 0, 'event': 'Intercambio De Idiomas', 'slug':
  │   'intercambio-de-idiomas', 'category': '__NOT_DEFINIED__', 'id_venue':
  │   'Q6b6LRjT', 'venue': 'Clasijazz', 'std_venue': 'Clasijazz',
  │   'start_date': '2026-04-16', 'start_time': '21:00:00', 'end_date':
  │   '2026-04-16', 'end_time': '23:00:00', 'description': 'Sala Industrial
  │   Clasijazz Entrada Libre ¿Quieres conocer gente nueva y compartir ideas,
  │   experiencias y opiniones mientras practicas tus habilidades
  │   lingüísticas? ¡Hablaremos de todo: culturas, profesiones, arte y
  │   música! ¿Nivel avanzado? ¿Intermedio? ¿Principiante? ¡Hay espacio
  │   para todos! Únete a la comunidad del Intercambio de Idiomas y deja que
  │   la magia deja que la magia de los idiomas te atrape. Desde Octubre y
  │   todos los jueves 21:00-23:00', 'others': {'price': '__NOT_DEFINIED__',
  │   'category': 'Programación', 'location_url':
  │   'https://clasijazz.com/local/clasijazz/', 'location': 'C/Maestro Serrano
  │   nº9, Almería'}, 'source': 'ClassicJazz', 'exec_time':
  │   '20260305T223229', 'session': '2026_03_05_22_27_Jueves', 'image':
  │   'https://clasijazz.com/wp-content/uploads/2025/09/Intercambio-de-Idiomas
  │   .jpg', 'url':
  │   'https://clasijazz.com/evento/intercambio-de-idiomas-5/2026-04-16/'}
  │   9 / 12
  │   Getting
  │   https://clasijazz.com/evento/intercambio-de-idiomas-5/2026-03-19/
  │   Sleep 4
  │   2026-03-19T21:00:00 2026-03-19T23:00:00
  │   --------------------
  │   {'id': '98dd9e2a', 'show': 1, 'in_city': 1, 'one_day': 1,
  │   'wrong_date_time': 0, 'event': 'Intercambio De Idiomas', 'slug':
  │   'intercambio-de-idiomas', 'category': '__NOT_DEFINIED__', 'id_venue':
  │   'Q6b6LRjT', 'venue': 'Clasijazz', 'std_venue': 'Clasijazz',
  │   'start_date': '2026-03-19', 'start_time': '21:00:00', 'end_date':
  │   '2026-03-19', 'end_time': '23:00:00', 'description': 'Sala Industrial
  │   Clasijazz Entrada Libre ¿Quieres conocer gente nueva y compartir ideas,
  │   experiencias y opiniones mientras practicas tus habilidades
  │   lingüísticas? ¡Hablaremos de todo: culturas, profesiones, arte y
  │   música! ¿Nivel avanzado? ¿Intermedio? ¿Principiante? ¡Hay espacio
  │   para todos! Únete a la comunidad del Intercambio de Idiomas y deja que
  │   la magia deja que la magia de los idiomas te atrape. Desde Octubre y
  │   todos los jueves 21:00-23:00', 'others': {'price': '__NOT_DEFINIED__',
  │   'category': 'Programación', 'location_url':
  │   'https://clasijazz.com/local/clasijazz/', 'location': 'C/Maestro Serrano
  │   nº9, Almería'}, 'source': 'ClassicJazz', 'exec_time':
  │   '20260305T223229', 'session': '2026_03_05_22_27_Jueves', 'image':
  │   'https://clasijazz.com/wp-content/uploads/2025/09/Intercambio-de-Idiomas
  │   .jpg', 'url':
  │   'https://clasijazz.com/evento/intercambio-de-idiomas-5/2026-03-19/'}
  │   10 / 12
  │   Getting
  │   https://clasijazz.com/evento/intercambio-de-idiomas-5/2026-03-12/
  │   Sleep 4
  │   2026-03-12T21:00:00 2026-03-12T23:00:00
  │   --------------------
  │   {'id': 'f8e835a0', 'show': 1, 'in_city': 1, 'one_day': 1,
  │   'wrong_date_time': 0, 'event': 'Intercambio De Idiomas', 'slug':
  │   'intercambio-de-idiomas', 'category': '__NOT_DEFINIED__', 'id_venue':
  │   'Q6b6LRjT', 'venue': 'Clasijazz', 'std_venue': 'Clasijazz',
  │   'start_date': '2026-03-12', 'start_time': '21:00:00', 'end_date':
  │   '2026-03-12', 'end_time': '23:00:00', 'description': 'Sala Industrial
  │   Clasijazz Entrada Libre ¿Quieres conocer gente nueva y compartir ideas,
  │   experiencias y opiniones mientras practicas tus habilidades
  │   lingüísticas? ¡Hablaremos de todo: culturas, profesiones, arte y
  │   música! ¿Nivel avanzado? ¿Intermedio? ¿Principiante? ¡Hay espacio
  │   para todos! Únete a la comunidad del Intercambio de Idiomas y deja que
  │   la magia deja que la magia de los idiomas te atrape. Desde Octubre y
  │   todos los jueves 21:00-23:00', 'others': {'price': '__NOT_DEFINIED__',
  │   'category': 'Programación', 'location_url':
  │   'https://clasijazz.com/local/clasijazz/', 'location': 'C/Maestro Serrano
  │   nº9, Almería'}, 'source': 'ClassicJazz', 'exec_time':
  │   '20260305T223229', 'session': '2026_03_05_22_27_Jueves', 'image':
  │   'https://clasijazz.com/wp-content/uploads/2025/09/Intercambio-de-Idiomas
  │   .jpg', 'url':
  │   'https://clasijazz.com/evento/intercambio-de-idiomas-5/2026-03-12/'}
  │   11 / 12
  │   Getting
  │   https://clasijazz.com/evento/intercambio-de-idiomas-5/2026-04-09/
  │   Sleep 4
  │   2026-04-09T21:00:00 2026-04-09T23:00:00
  │   --------------------
  │   {'id': 'c0aeccd9', 'show': 1, 'in_city': 1, 'one_day': 1,
  │   'wrong_date_time': 0, 'event': 'Intercambio De Idiomas', 'slug':
  │   'intercambio-de-idiomas', 'category': '__NOT_DEFINIED__', 'id_venue':
  │   'Q6b6LRjT', 'venue': 'Clasijazz', 'std_venue': 'Clasijazz',
  │   'start_date': '2026-04-09', 'start_time': '21:00:00', 'end_date':
  │   '2026-04-09', 'end_time': '23:00:00', 'description': 'Sala Industrial
  │   Clasijazz Entrada Libre ¿Quieres conocer gente nueva y compartir ideas,
  │   experiencias y opiniones mientras practicas tus habilidades
  │   lingüísticas? ¡Hablaremos de todo: culturas, profesiones, arte y
  │   música! ¿Nivel avanzado? ¿Intermedio? ¿Principiante? ¡Hay espacio
  │   para todos! Únete a la comunidad del Intercambio de Idiomas y deja que
  │   la magia deja que la magia de los idiomas te atrape. Desde Octubre y
  │   todos los jueves 21:00-23:00', 'others': {'price': '__NOT_DEFINIED__',
  │   'category': 'Programación', 'location_url':
  │   'https://clasijazz.com/local/clasijazz/', 'location': 'C/Maestro Serrano
  │   nº9, Almería'}, 'source': 'ClassicJazz', 'exec_time':
  │   '20260305T223229', 'session': '2026_03_05_22_27_Jueves', 'image':
  │   'https://clasijazz.com/wp-content/uploads/2025/09/Intercambio-de-Idiomas
  │   .jpg', 'url':
  │   'https://clasijazz.com/evento/intercambio-de-idiomas-5/2026-04-09/'}
  │   ****************************
  │   Saving 12 new events
  │   Saving in
  │   /home/ubuntu/data_storage/Almeria/2026_03_05_22_27_Jueves/0_raw/20260305
  │   _2232_ClassicJazz.json
  │   Saving 12 master url
  │   Appending to /home/ubuntu/data_storage/Almeria/00_master/master_url.json
  └─stderr:
      /usr/local/lib/python3.11/site-packages/urllib3/connectionpool.py:1097:
      InsecureRequestWarning: Unverified HTTPS request is being made to host
      'clasijazz.com'. Adding certificate verification is strongly advised. See:
      https://urllib3.readthedocs.io/en/latest/advanced-usage.html#tls-warnings
      warnings.warn(
      /usr/local/lib/python3.11/site-packages/urllib3/connectionpool.py:1097:
      InsecureRequestWarning: Unverified HTTPS request is being made to host
      'clasijazz.com'. Adding certificate verification is strongly advised. See:
      https://urllib3.readthedocs.io/en/latest/advanced-usage.html#tls-warnings
      warnings.warn(
      /usr/local/lib/python3.11/site-packages/urllib3/connectionpool.py:1097:
      InsecureRequestWarning: Unverified HTTPS request is being made to host
      'clasijazz.com'. Adding certificate verification is strongly advised. See:
      https://urllib3.readthedocs.io/en/latest/advanced-usage.html#tls-warnings
      warnings.warn(
      /usr/local/lib/python3.11/site-packages/urllib3/connectionpool.py:1097:
      InsecureRequestWarning: Unverified HTTPS request is being made to host
      'clasijazz.com'. Adding certificate verification is strongly advised. See:
      https://urllib3.readthedocs.io/en/latest/advanced-usage.html#tls-warnings
      warnings.warn(
      /usr/local/lib/python3.11/site-packages/urllib3/connectionpool.py:1097:
      InsecureRequestWarning: Unverified HTTPS request is being made to host
      'clasijazz.com'. Adding certificate verification is strongly advised. See:
      https://urllib3.readthedocs.io/en/latest/advanced-usage.html#tls-warnings
      warnings.warn(
      /usr/local/lib/python3.11/site-packages/urllib3/connectionpool.py:1097:
      InsecureRequestWarning: Unverified HTTPS request is being made to host
      'clasijazz.com'. Adding certificate verification is strongly advised. See:
      https://urllib3.readthedocs.io/en/latest/advanced-usage.html#tls-warnings
      warnings.warn(
      /usr/local/lib/python3.11/site-packages/urllib3/connectionpool.py:1097:
      InsecureRequestWarning: Unverified HTTPS request is being made to host
      'clasijazz.com'. Adding certificate verification is strongly advised. See:
      https://urllib3.readthedocs.io/en/latest/advanced-usage.html#tls-warnings
      warnings.warn(
      /usr/local/lib/python3.11/site-packages/urllib3/connectionpool.py:1097:
      InsecureRequestWarning: Unverified HTTPS request is being made to host
      'clasijazz.com'. Adding certificate verification is strongly advised. See:
      https://urllib3.readthedocs.io/en/latest/advanced-usage.html#tls-warnings
      warnings.warn(
      /usr/local/lib/python3.11/site-packages/urllib3/connectionpool.py:1097:
      InsecureRequestWarning: Unverified HTTPS request is being made to host
      'clasijazz.com'. Adding certificate verification is strongly advised. See:
      https://urllib3.readthedocs.io/en/latest/advanced-usage.html#tls-warnings
      warnings.warn(
      /usr/local/lib/python3.11/site-packages/urllib3/connectionpool.py:1097:
      InsecureRequestWarning: Unverified HTTPS request is being made to host
      'clasijazz.com'. Adding certificate verification is strongly advised. See:
      https://urllib3.readthedocs.io/en/latest/advanced-usage.html#tls-warnings
      warnings.warn(
      /usr/local/lib/python3.11/site-packages/urllib3/connectionpool.py:1097:
      InsecureRequestWarning: Unverified HTTPS request is being made to host
      'clasijazz.com'. Adding certificate verification is strongly advised. See:
      https://urllib3.readthedocs.io/en/latest/advanced-usage.html#tls-warnings
      warnings.warn(
      /usr/local/lib/python3.11/site-packages/urllib3/connectionpool.py:1097:
      InsecureRequestWarning: Unverified HTTPS request is being made to host
      'clasijazz.com'. Adding certificate verification is strongly advised. See:
      https://urllib3.readthedocs.io/en/latest/advanced-usage.html#tls-warnings
      warnings.warn(

Result: Succeeded

Launching scraper: Entradium
Succeeded - 2026-03-05T22:34:10Z

dag: FisgonTaskSelenium (41.0s)
│
└─tarea_1 (41.0s) [succeeded]
  ├─bash -lc 'set -eo pipefail; export DOCKER_CONFIG=/tmp/.docker HOME=/tmp;
  │   SELENIUM_NAME="selenium_${DAG_RUN_ID:-$$}_$(date +%s)"; cleanup() {
  │   docker rm -f "$SELENIUM_NAME" >/dev/null 2>&1 || true; }; trap cleanup
  │   EXIT; docker run -d --rm --name "$SELENIUM_NAME" --shm-size=2g -e
  │   SE_NODE_MAX_SESSIONS=1 -e SE_NODE_OVERRIDE_MAX_SESSIONS=true
  │   selenium/standalone-chrome:latest >/dev/null; docker exec
  │   "$SELENIUM_NAME" bash -c "for i in \$(seq 1 60); do (echo >
  │   /dev/tcp/127.0.0.1/4444) >/dev/null 2>&1 && exit 0; sleep 1; done; exit
  │   1"; docker run --rm --network container:"$SELENIUM_NAME" -v
  │   /home/ubuntu/work/fisgon:/app -v
  │   /home/ubuntu/data_storage:/home/ubuntu/data_storage -v
  │   /home/ubuntu/work/event_flask_app/static/img:/home/ubuntu/work/event_fla
  │   sk_app/static/img -w /app -e OPERATION=0 -e DOCKER_CONFIG=/tmp/.docker
  │   -e HOME=/tmp -e TARGET_CITY -e TARGET_SCRAPER -e
  │   DAG_RUN_URL="${DAGU_BASE_URL:-}/dags/${DAG_NAME}?dagRunId=${DAG_RUN_ID}"
  │   -e
  │   DAG_RUN_LOG_URL="${DAGU_BASE_URL:-}/dags/${DAG_NAME}/log?remoteNode=loca
  │   l&step=tarea_1&dagRunId=${DAG_RUN_ID}" fisgon_scraper:1.0'
  │
  ├─stdout:
  │   RUNNING VARS →
  │   CITY=Almeria,
  │   OPERATION=0,
  │   CREATE_SESSION=0,
  │   CLOSE_SESSION=0,
  │   SESSION=None,
  │   IMAGES=0,
  │   GET_SCRAPERS=
  │   SCRAPER=Entradium
  │   DAG_RUN_URL=/dags/FisgonTaskSelenium/log?remoteNode=local&step=tarea_1&d
  │   agRunId=019cc023-167d-7d33-a824-7fcf7c2241c9
  │   Running for Almeria: Entradium
  │   Entradium
  │   RUNNING SESSION =  2026_03_05_22_27_Jueves
  │   Starting WebDriver...
  │   http://localhost:4444/wd/hub
  │   sleeping 5
  │   clicking
  │   sleeping 3
  │   sleeping 1.5
  │   sleeping 3
  │   ******
  │   xpath
  │   /html/body/header/div[2]/div[1]/div/div/form/div/div/button/span/i
  │   clicking
  │   sleeping 3
  │   sleeping 8
  │   Getting content
  │   *** SCRAPED 29 URLS WITH EVENTS **
  │   New url events = 1
  │   0 / 1
  │   Getting https://entradium.com/es/events/desert-sound-almeria
  │   Sleep 4
  │   ['30.05.2026', '22:00']
  │   --------------------
  │   {'id': '0dcc4e7a', 'show': 1, 'in_city': 1, 'one_day': 1,
  │   'wrong_date_time': 0, 'event': 'Desert Sound Almería', 'slug':
  │   'desert-sound-almeria', 'category': '__NOT_DEFINIED__', 'id_venue':
  │   'NmPqTrh6', 'venue': 'Sala Berlín Social Club', 'std_venue': 'Berlin
  │   Social Club', 'start_date': '2026-05-30', 'start_time': '22:00:00',
  │   'end_date': '__NOT_DEFINIED__', 'end_time': '__NOT_DEFINIED__',
  │   'description': 'Llega a Almería la Primera Fiesta del Recuerdo Almería
  │   se viste de gala para rememorar los mejores temas de una discoteca
  │   mítica en la provincia de Alicante', 'others': {}, 'source':
  │   'Entradium', 'exec_time': '20260305T223416', 'session':
  │   '2026_03_05_22_27_Jueves', 'image':
  │   'https://d2il8hfach02z9.cloudfront.net/uploads/event/poster/d9b1d7d5d45d
  │   c0aba4a0ead413b7ecd92bfa462b/event_m_1000518188.jpg?v=1772705803',
  │   'url': 'https://entradium.com/es/events/desert-sound-almeria'}
  │   ****************************
  │   Saving 1 new events
  │   Saving in
  │   /home/ubuntu/data_storage/Almeria/2026_03_05_22_27_Jueves/0_raw/20260305
  │   _2234_Entradium.json
  │   Saving 1 master url
  │   Appending to /home/ubuntu/data_storage/Almeria/00_master/master_url.json
  └─stderr:
      /usr/local/lib/python3.11/site-packages/urllib3/connectionpool.py:1097:
      InsecureRequestWarning: Unverified HTTPS request is being made to host
      'entradium.com'. Adding certificate verification is strongly advised. See:
      https://urllib3.readthedocs.io/en/latest/advanced-usage.html#tls-warnings
      warnings.warn(

Result: Succeeded

Launching scraper: TodasLasEntradas
Succeeded - 2026-03-05T22:34:51Z

dag: FisgonTaskSelenium (9.0s)
│
└─tarea_1 (9.0s) [succeeded]
  ├─bash -lc 'set -eo pipefail; export DOCKER_CONFIG=/tmp/.docker HOME=/tmp;
  │   SELENIUM_NAME="selenium_${DAG_RUN_ID:-$$}_$(date +%s)"; cleanup() {
  │   docker rm -f "$SELENIUM_NAME" >/dev/null 2>&1 || true; }; trap cleanup
  │   EXIT; docker run -d --rm --name "$SELENIUM_NAME" --shm-size=2g -e
  │   SE_NODE_MAX_SESSIONS=1 -e SE_NODE_OVERRIDE_MAX_SESSIONS=true
  │   selenium/standalone-chrome:latest >/dev/null; docker exec
  │   "$SELENIUM_NAME" bash -c "for i in \$(seq 1 60); do (echo >
  │   /dev/tcp/127.0.0.1/4444) >/dev/null 2>&1 && exit 0; sleep 1; done; exit
  │   1"; docker run --rm --network container:"$SELENIUM_NAME" -v
  │   /home/ubuntu/work/fisgon:/app -v
  │   /home/ubuntu/data_storage:/home/ubuntu/data_storage -v
  │   /home/ubuntu/work/event_flask_app/static/img:/home/ubuntu/work/event_fla
  │   sk_app/static/img -w /app -e OPERATION=0 -e DOCKER_CONFIG=/tmp/.docker
  │   -e HOME=/tmp -e TARGET_CITY -e TARGET_SCRAPER -e
  │   DAG_RUN_URL="${DAGU_BASE_URL:-}/dags/${DAG_NAME}?dagRunId=${DAG_RUN_ID}"
  │   -e
  │   DAG_RUN_LOG_URL="${DAGU_BASE_URL:-}/dags/${DAG_NAME}/log?remoteNode=loca
  │   l&step=tarea_1&dagRunId=${DAG_RUN_ID}" fisgon_scraper:1.0'
  │
  └─stdout:
      RUNNING VARS →
      CITY=Almeria,
      OPERATION=0,
      CREATE_SESSION=0,
      CLOSE_SESSION=0,
      SESSION=None,
      IMAGES=0,
      GET_SCRAPERS=
      SCRAPER=TodasLasEntradas
      DAG_RUN_URL=/dags/FisgonTaskSelenium/log?remoteNode=local&step=tarea_1&dag
      RunId=019cc023-b416-78db-a2f1-7cf714fd3a7a
      Running for Almeria: TodasLasEntradas
      TodasLasEntradas
      RUNNING SESSION =  2026_03_05_22_27_Jueves
      Starting WebDriver...
      http://localhost:4444/wd/hub
      Getting content
      *** SCRAPED 18 URLS WITH EVENTS **
      New url events = 0
      #######################
      No new urls/events extracted. No new events to save
      #######################

Result: Succeeded

Launching scraper: RedBibliotecas
