
RUNNING VARS → 
        CITY=Almeria, 

        OPERATION=0,
            CREATE_SESSION=0,
            CLOSE_SESSION=0,
            SESSION=None,
            IMAGES=0,
            GET_SCRAPERS=

        SCRAPER=JuntaAndaluciaAgenda
        DAG_RUN_URL=/dags/FisgonTaskSelenium/log?remoteNode=local&step=tarea_1&dagRunId=019d0ac9-cce7-70cb-ad41-9606c6bab9ac

Running for Almeria: JuntaAndaluciaAgenda
JuntaAndaluciaAgenda
Creating rawfolder...
RUNNING SESSION =  2026_03_20_10_28_Viernes
Starting WebDriver...
http://localhost:4444/wd/hub
******
css selector
.view-display-id-page_search_activities > ul:nth-child(3) > li:nth-child(1) > a:nth-child(1)
clicking
sleeping 3
Scrolling...
sleeping 1
sleeping 7
******
css selector
.view-display-id-page_search_activities > ul:nth-child(3) > li:nth-child(1) > a:nth-child(1)
clicking
sleeping 3
Scrolling...
sleeping 1
sleeping 7
******
css selector
.view-display-id-page_search_activities > ul:nth-child(3) > li:nth-child(1) > a:nth-child(1)
clicking
sleeping 3
Scrolling...
sleeping 1
sleeping 7
******
css selector
.view-display-id-page_search_activities > ul:nth-child(3) > li:nth-child(1) > a:nth-child(1)
clicking
sleeping 3
Scrolling...
sleeping 1
sleeping 7
******
css selector
.view-display-id-page_search_activities > ul:nth-child(3) > li:nth-child(1) > a:nth-child(1)
clicking
sleeping 3
Scrolling...
sleeping 1
sleeping 7
******
css selector
.view-display-id-page_search_activities > ul:nth-child(3) > li:nth-child(1) > a:nth-child(1)
.view-display-id-page_search_activities > ul:nth-child(3) > li:nth-child(1) > a:nth-child(1) Not found
Getting content
*** SCRAPED 76 URLS WITH EVENTS **
New url events = 2
0 / 2
Getting https://www.juntadeandalucia.es/cultura/agendaculturaldeandalucia/evento/live-dizzys-club-ny
Sleep 4
--------------------
{'id': '5647375d', 'show': 1, 'in_city': 0, 'one_day': 1, 'wrong_date_time': 1, 'event': "Live at Dizzy's Club NY", 'slug': 'live-at-dizzy-s-club-ny', 'category': '__NOT_DEFINIED__', 'id_venue': None, 'venue': 'Teatro Casa de la Música', 'std_venue': None, 'start_date': '2026-10-03', 'start_time': '__NOT_FOUND__', 'end_date': '2026-10-03', 'end_time': '__NOT_DEFINIED__', 'description': "COMPAÑÍA: Daahoud Salim Quintet DURACIÓN: 75 Presentación del álbum Live at Dizzy's Club NY grabado durante su concierto en Jazz At the Lincoln Center, en Nueva York, como parte de su gira en Estados Unidos. El disco conserva la energía vibrante de la sala más emblemática de jazz del mundo, con un repertorio vivo y un público de primera clase, pues en él había auténticas personalidades de la historia del jazz, como Frank Lacy (Jazz Menssengers), Maria Schneider o Billy Harper, y otras más jóvenes aunque igualmente relevantes, como Miho Hazama.", 'others': {'location_url': '/cultura/agendaculturaldeandalucia/espacios/teatro-casa-de-la-musica', 'location2': 'Teatro Casa de la Música', 'duration': '75', 'datetime_details': '03 de Octubre del 2026, A las 21:00\n', 'town': '__NOT_FOUND__', 'location': 'Parque Andaluz s/n, Carboneras. Almería', 'duration_days': '__NOT_FOUND__'}, 'source': 'JuntaAndaluciaAgenda', 'exec_time': '20260320T102816', 'session': '2026_03_20_10_28_Viernes', 'image': 'https://www.juntadeandalucia.es/cultura/agendaculturaldeandalucia/sites/default/files/styles/header_activity_ext_2xl/public/external_images/nofoto.jpg.webp?itok=mRRQb91u', 'url': 'https://www.juntadeandalucia.es/cultura/agendaculturaldeandalucia/evento/live-dizzys-club-ny'}
1 / 2
Getting https://www.juntadeandalucia.es/cultura/agendaculturaldeandalucia/evento/la-mantilla-cultura-y-tradicion-asociacion-cultural-homenaje-la-mantilla-almeriense
Sleep 4
--------------------
{'id': '131baa9d', 'show': 1, 'in_city': 1, 'one_day': 1, 'wrong_date_time': 0, 'event': '"La Mantilla: Cultura Y Tradición". Asociación Cultural Homenaje a La Mantilla Almeriense.', 'slug': 'la-mantilla-cultura-y-tradicion-asociacion-cultural-homenaje-a-la-mantilla-almer', 'category': '__NOT_DEFINIED__', 'id_venue': 'TjmFnJdD', 'venue': 'Biblioteca Pública del Estado-Biblioteca Provincial de Almería Francisco Villaespesa', 'std_venue': 'Biblioteca Pública Francisco Villaespesa', 'start_date': '2026-03-26', 'start_time': '19:00:00', 'end_date': '2026-03-26', 'end_time': '__NOT_DEFINIED__', 'description': '"La mantilla: cultura y tradición". Asociación Cultural Homenaje a la Mantilla Almeriense. Homenaje a la mantilla de la mano de la Asociación Cultural Homenaje a la Mantilla Almeriense. Jueves 26 de marzo 19:00h. Salón de actos. Entrada libre hasta completar aforo', 'others': {'location_url': '/cultura/agendaculturaldeandalucia/espacios/biblioteca-publica-del-estado-biblioteca-provincial-de-almeria-francisco-villaespesa', 'location2': 'Biblioteca Pública del Estado-Biblioteca Provincial de Almería Francisco Villaespesa', 'duration': '__NOT_FOUND__', 'datetime_details': '26 de Marzo del 2026, 19:00 h.', 'town': '__NOT_FOUND__', 'location': 'Calle Hermanos Machado, s/n, Almería. Almería', 'duration_days': '__NOT_FOUND__'}, 'source': 'JuntaAndaluciaAgenda', 'exec_time': '20260320T102816', 'session': '2026_03_20_10_28_Viernes', 'image': 'https://www.juntadeandalucia.es/cultura/agendaculturaldeandalucia/sites/default/files/styles/header_activity_ext_2xl/public/2026-03/CARTEL_3.png.webp?itok=ZkSyqOd-', 'url': 'https://www.juntadeandalucia.es/cultura/agendaculturaldeandalucia/evento/la-mantilla-cultura-y-tradicion-asociacion-cultural-homenaje-la-mantilla-almeriense'}
****************************
Saving 2 new events
Saving in  /home/ubuntu/data_storage/Almeria/2026_03_20_10_28_Viernes/0_raw/20260320_1028_JuntaAndaluciaAgenda.json
Saving 2 master url
Appending to  /home/ubuntu/data_storage/Almeria/00_master/master_url.json
