
RUNNING VARS → 
        CITY=Almeria, 

        OPERATION=0,
            CREATE_SESSION=0,
            CLOSE_SESSION=0,
            SESSION=None,
            IMAGES=0,
            GET_SCRAPERS=

        SCRAPER=ConciertosClub
        DAG_RUN_URL=/dags/FisgonTaskRequest/log?remoteNode=local&step=tarea_1&dagRunId=019cb2fc-a6c0-7e32-8933-9b65f9bf1f70

Running for Almeria: ConciertosClub
ConciertosClub
RUNNING SESSION =  2026_03_03_09_15_Martes
Getting https://conciertos.club/almeria
Sleep 1
*** SCRAPED 147 URLS WITH EVENTS **
New url events = 0
#######################
No new urls/events extracted. No new events to save
#######################
