
RUNNING VARS → 
        CITY=Almeria, 

        OPERATION=0,
            CREATE_SESSION=0,
            CLOSE_SESSION=0,
            SESSION=None,
            IMAGES=0,
            GET_SCRAPERS=

        SCRAPER=BibliotecaAgenda
        DAG_RUN_URL=/dags/FisgonTaskRequest/log?remoteNode=local&step=tarea_1&dagRunId=019cb2fc-c54e-75b0-9960-8eb72732e8ff

Running for Almeria: BibliotecaAgenda
BibliotecaAgenda
RUNNING SESSION =  2026_03_03_09_15_Martes
*** SCRAPED 31 URLS WITH EVENTS **
New url events = 19
0 / 19
Getting https://www.bibliotecasdeandalucia.es/web/biblioteca-del-estado-publica-provincial-de-almeria/actividades/agenda?p_p_id=eventosportlet_WAR_culturaportlet_INSTANCE_rPywOIojLvBh&p_p_lifecycle=0&p_p_state=normal&p_p_mode=view&p_p_col_id=column-1&p_p_col_pos=1&p_p_col_count=2&date=24/03/26&action=showDay
Sleep 1
1 / 19
Getting https://www.bibliotecasdeandalucia.es/web/biblioteca-del-estado-publica-provincial-de-almeria/actividades/agenda?p_p_id=eventosportlet_WAR_culturaportlet_INSTANCE_rPywOIojLvBh&p_p_lifecycle=0&p_p_state=normal&p_p_mode=view&p_p_col_id=column-1&p_p_col_pos=1&p_p_col_count=2&date=30/03/26&action=showDay
Sleep 1
2 / 19
Getting https://www.bibliotecasdeandalucia.es/web/biblioteca-del-estado-publica-provincial-de-almeria/actividades/agenda?p_p_id=eventosportlet_WAR_culturaportlet_INSTANCE_rPywOIojLvBh&p_p_lifecycle=0&p_p_state=normal&p_p_mode=view&p_p_col_id=column-1&p_p_col_pos=1&p_p_col_count=2&date=27/03/26&action=showDay
Sleep 1
--------------------
{'id': '92ab4479', 'show': 1, 'in_city': 1, 'one_day': 1, 'wrong_date_time': 0, 'event': 'Crece Con La Villaespesa. V Ciclo De Lecturas Dramatizadas Dramaturgas a Escena: "Cuéntalo", De Beatriz Velilla', 'slug': 'crece-con-la-villaespesa-v-ciclo-de-lecturas-dramatizadas-dramaturgas-a-escena-c', 'category': '__NOT_DEFINIED__', 'id_venue': 'TjmFnJdD', 'venue': 'Biblioteca Publica Provincial Francisco Villaespesa', 'std_venue': 'Biblioteca Pública Francisco Villaespesa', 'start_date': '2026-03-27', 'start_time': '12:00:00', 'end_date': '2026-03-27', 'end_time': '__NOT_DEFINIED__', 'description': 'Crece con la Villaespesa. V Ciclo de Lecturas Dramatizadas Dramaturgas a Escena: "Cuéntalo", de Beatriz Velilla Lucía es acosada por el hermano de un compañero con el que salió: si no le da dinero, ellos difundirán un vídeo aparentemente comprometedor. La madre de un compañero de Lucía, que ha sufrido bullying, se dirige al centro escolar a exigir responsabilidades. Otros compañeros de su hijo han experimentado también el sufrimiento del acoso escolar, esta vez debido a su homosexualidad, a sus trastornos de alimentación, a su condición de emigrantes, a su personalidad o a su físico. Multitud de personajes nos muestran En las Aulas que del bullying se puede salir, y que todo empieza por contarlo. ¡Cuéntalo! En las Aulas o fuera de ellas. ¡Cuéntalo! Dirección Ascensión RodríguezActores: Ema Miceikaite, Ernesto Hernández Navarro, Ana Gonzálvez Carbonero, Francisco Javier Bordalas, Alejandra García Malea Martínez y Erik Amores Perez (alumnado del IES Sol de Portocarrero, Escuela de artes superior y diseño Carlos Pérez Siquier, IES Bahía de Almería y La salle Virgen del Mar).Coloquio al terminar la lectura con la intervención de Beatriz Velilla. Viernes 27 de marzo12:00 h., Salón de actosActividad concertada con centros educativos.', 'others': {'duration': '__NOT_DEFINIED__'}, 'source': 'BibliotecaAgenda', 'exec_time': '20260303T091716', 'session': '2026_03_03_09_15_Martes', 'image': 'https://www.bibliotecasdeandalucia.es/image/journal/article?img_id=503654007&t=1772457454252', 'url': 'https://www.bibliotecasdeandalucia.es/web/biblioteca-del-estado-publica-provincial-de-almeria/actividades/agenda?p_p_id=eventosportlet_WAR_culturaportlet_INSTANCE_rPywOIojLvBh&p_p_lifecycle=0&p_p_state=normal&p_p_mode=view&p_p_col_id=column-1&p_p_col_pos=1&p_p_col_count=2&date=27/03/26&action=showDay'}
3 / 19
Getting https://www.bibliotecasdeandalucia.es/web/biblioteca-del-estado-publica-provincial-de-almeria/actividades/agenda?p_p_id=eventosportlet_WAR_culturaportlet_INSTANCE_rPywOIojLvBh&p_p_lifecycle=0&p_p_state=normal&p_p_mode=view&p_p_col_id=column-1&p_p_col_pos=1&p_p_col_count=2&date=07/03/26&action=showDay
Sleep 1
4 / 19
Getting https://www.bibliotecasdeandalucia.es/web/biblioteca-del-estado-publica-provincial-de-almeria/actividades/agenda?p_p_id=eventosportlet_WAR_culturaportlet_INSTANCE_rPywOIojLvBh&p_p_lifecycle=0&p_p_state=normal&p_p_mode=view&p_p_col_id=column-1&p_p_col_pos=1&p_p_col_count=2&date=29/03/26&action=showDay
Sleep 1
5 / 19
Getting https://www.bibliotecasdeandalucia.es/web/biblioteca-del-estado-publica-provincial-de-almeria/actividades/agenda?p_p_id=eventosportlet_WAR_culturaportlet_INSTANCE_rPywOIojLvBh&p_p_lifecycle=0&p_p_state=normal&p_p_mode=view&p_p_col_id=column-1&p_p_col_pos=1&p_p_col_count=2&date=19/03/26&action=showDay
Sleep 1
6 / 19
Getting https://www.bibliotecasdeandalucia.es/web/biblioteca-del-estado-publica-provincial-de-almeria/actividades/agenda?p_p_id=eventosportlet_WAR_culturaportlet_INSTANCE_rPywOIojLvBh&p_p_lifecycle=0&p_p_state=normal&p_p_mode=view&p_p_col_id=column-1&p_p_col_pos=1&p_p_col_count=2&date=31/03/26&action=showDay
Sleep 1
7 / 19
Getting https://www.bibliotecasdeandalucia.es/web/biblioteca-del-estado-publica-provincial-de-almeria/actividades/agenda?p_p_id=eventosportlet_WAR_culturaportlet_INSTANCE_rPywOIojLvBh&p_p_lifecycle=0&p_p_state=normal&p_p_mode=view&p_p_col_id=column-1&p_p_col_pos=1&p_p_col_count=2&date=17/03/26&action=showDay
Sleep 1
8 / 19
Getting https://www.bibliotecasdeandalucia.es/web/biblioteca-del-estado-publica-provincial-de-almeria/actividades/agenda?p_p_id=eventosportlet_WAR_culturaportlet_INSTANCE_rPywOIojLvBh&p_p_lifecycle=0&p_p_state=normal&p_p_mode=view&p_p_col_id=column-1&p_p_col_pos=1&p_p_col_count=2&date=28/03/26&action=showDay
Sleep 1
9 / 19
Getting https://www.bibliotecasdeandalucia.es/web/biblioteca-del-estado-publica-provincial-de-almeria/actividades/agenda?p_p_id=eventosportlet_WAR_culturaportlet_INSTANCE_rPywOIojLvBh&p_p_lifecycle=0&p_p_state=normal&p_p_mode=view&p_p_col_id=column-1&p_p_col_pos=1&p_p_col_count=2&date=25/03/26&action=showDay
Sleep 1
10 / 19
Getting https://www.bibliotecasdeandalucia.es/web/biblioteca-del-estado-publica-provincial-de-almeria/actividades/agenda?p_p_id=eventosportlet_WAR_culturaportlet_INSTANCE_rPywOIojLvBh&p_p_lifecycle=0&p_p_state=normal&p_p_mode=view&p_p_col_id=column-1&p_p_col_pos=1&p_p_col_count=2&date=11/03/26&action=showDay
Sleep 1
11 / 19
Getting https://www.bibliotecasdeandalucia.es/web/biblioteca-del-estado-publica-provincial-de-almeria/actividades/agenda?p_p_id=eventosportlet_WAR_culturaportlet_INSTANCE_rPywOIojLvBh&p_p_lifecycle=0&p_p_state=normal&p_p_mode=view&p_p_col_id=column-1&p_p_col_pos=1&p_p_col_count=2&date=26/03/26&action=showDay
Sleep 1
--------------------
{'id': '0d1c0e90', 'show': 1, 'in_city': 1, 'one_day': 1, 'wrong_date_time': 0, 'event': 'Bebecuentos "Bichitos", Con Paula Mandarina', 'slug': 'bebecuentos-bichitos-con-paula-mandarina', 'category': '__NOT_DEFINIED__', 'id_venue': 'TjmFnJdD', 'venue': 'Biblioteca Publica Provincial Francisco Villaespesa', 'std_venue': 'Biblioteca Pública Francisco Villaespesa', 'start_date': '2026-03-26', 'start_time': '17:00:00', 'end_date': '2026-03-26', 'end_time': '__NOT_DEFINIED__', 'description': 'Bebecuentos "Bichitos", con Paula Mandarina. Sesión especialmente dedicada a insectos, flores y primavera. Cuentos de bichitos, libros sorprendentes de los que escapan flores y mariposas y un montón de dinámicas sensoriales, donde la llegada de la primavera es la protagonista. Dirigido a bebés de entre 6 meses y 3 años acompañados de un adulto.Aforo máximo: 15 bebés con un solo acompañante.Duración: 40-45 min. Martes 23 de diciembre17:00h. Bebeteca. Inscripción previa. Formulario de inscripción', 'others': {'duration': '__NOT_DEFINIED__'}, 'source': 'BibliotecaAgenda', 'exec_time': '20260303T091716', 'session': '2026_03_03_09_15_Martes', 'image': 'https://www.bibliotecasdeandalucia.es/image/journal/article?img_id=503662350&t=1772459688591', 'url': 'https://www.bibliotecasdeandalucia.es/web/biblioteca-del-estado-publica-provincial-de-almeria/actividades/agenda?p_p_id=eventosportlet_WAR_culturaportlet_INSTANCE_rPywOIojLvBh&p_p_lifecycle=0&p_p_state=normal&p_p_mode=view&p_p_col_id=column-1&p_p_col_pos=1&p_p_col_count=2&date=26/03/26&action=showDay'}
--------------------
{'id': '0480a237', 'show': 1, 'in_city': 1, 'one_day': 1, 'wrong_date_time': 0, 'event': '"La Mantilla: Cultura Y Tradición". Asociación Cultural Homenaje a La Mantilla Almeriense', 'slug': 'la-mantilla-cultura-y-tradicion-asociacion-cultural-homenaje-a-la-mantilla-almer', 'category': '__NOT_DEFINIED__', 'id_venue': 'TjmFnJdD', 'venue': 'Biblioteca Publica Provincial Francisco Villaespesa', 'std_venue': 'Biblioteca Pública Francisco Villaespesa', 'start_date': '2026-03-26', 'start_time': '19:00:00', 'end_date': '2026-03-26', 'end_time': '__NOT_DEFINIED__', 'description': '"La mantilla: cultura y tradición". Asociación Cultural Homenaje a la Mantilla Almeriense. Homenaje a la mantilla de la mano de la Asociación Cultural Homenaje a la Mantilla Almeriense. Jueves 26 de marzo19:00h. Salón de actos. Entrada libre hasta completar aforo', 'others': {'duration': '__NOT_DEFINIED__'}, 'source': 'BibliotecaAgenda', 'exec_time': '20260303T091716', 'session': '2026_03_03_09_15_Martes', 'image': 'https://www.bibliotecasdeandalucia.es/image/journal/article?img_id=503661234&t=1772459359505', 'url': 'https://www.bibliotecasdeandalucia.es/web/biblioteca-del-estado-publica-provincial-de-almeria/actividades/agenda?p_p_id=eventosportlet_WAR_culturaportlet_INSTANCE_rPywOIojLvBh&p_p_lifecycle=0&p_p_state=normal&p_p_mode=view&p_p_col_id=column-1&p_p_col_pos=1&p_p_col_count=2&date=26/03/26&action=showDay'}
12 / 19
Getting https://www.bibliotecasdeandalucia.es/web/biblioteca-del-estado-publica-provincial-de-almeria/actividades/agenda?p_p_id=eventosportlet_WAR_culturaportlet_INSTANCE_rPywOIojLvBh&p_p_lifecycle=0&p_p_state=normal&p_p_mode=view&p_p_col_id=column-1&p_p_col_pos=1&p_p_col_count=2&date=08/03/26&action=showDay
Sleep 1
13 / 19
Getting https://www.bibliotecasdeandalucia.es/web/biblioteca-del-estado-publica-provincial-de-almeria/actividades/agenda?p_p_id=eventosportlet_WAR_culturaportlet_INSTANCE_rPywOIojLvBh&p_p_lifecycle=0&p_p_state=normal&p_p_mode=view&p_p_col_id=column-1&p_p_col_pos=1&p_p_col_count=2&date=15/03/26&action=showDay
Sleep 1
14 / 19
Getting https://www.bibliotecasdeandalucia.es/web/biblioteca-del-estado-publica-provincial-de-almeria/actividades/agenda?p_p_id=eventosportlet_WAR_culturaportlet_INSTANCE_rPywOIojLvBh&p_p_lifecycle=0&p_p_state=normal&p_p_mode=view&p_p_col_id=column-1&p_p_col_pos=1&p_p_col_count=2&date=12/03/26&action=showDay
Sleep 1
15 / 19
Getting https://www.bibliotecasdeandalucia.es/web/biblioteca-del-estado-publica-provincial-de-almeria/actividades/agenda?p_p_id=eventosportlet_WAR_culturaportlet_INSTANCE_rPywOIojLvBh&p_p_lifecycle=0&p_p_state=normal&p_p_mode=view&p_p_col_id=column-1&p_p_col_pos=1&p_p_col_count=2&date=01/03/26&action=showDay
Sleep 1
16 / 19
Getting https://www.bibliotecasdeandalucia.es/web/biblioteca-del-estado-publica-provincial-de-almeria/actividades/agenda?p_p_id=eventosportlet_WAR_culturaportlet_INSTANCE_rPywOIojLvBh&p_p_lifecycle=0&p_p_state=normal&p_p_mode=view&p_p_col_id=column-1&p_p_col_pos=1&p_p_col_count=2&date=22/03/26&action=showDay
Sleep 1
17 / 19
Getting https://www.bibliotecasdeandalucia.es/web/biblioteca-del-estado-publica-provincial-de-almeria/actividades/agenda?p_p_id=eventosportlet_WAR_culturaportlet_INSTANCE_rPywOIojLvBh&p_p_lifecycle=0&p_p_state=normal&p_p_mode=view&p_p_col_id=column-1&p_p_col_pos=1&p_p_col_count=2&date=14/03/26&action=showDay
Sleep 1
18 / 19
Getting https://www.bibliotecasdeandalucia.es/web/biblioteca-del-estado-publica-provincial-de-almeria/actividades/agenda?p_p_id=eventosportlet_WAR_culturaportlet_INSTANCE_rPywOIojLvBh&p_p_lifecycle=0&p_p_state=normal&p_p_mode=view&p_p_col_id=column-1&p_p_col_pos=1&p_p_col_count=2&date=10/03/26&action=showDay
Sleep 1
****************************
Saving 3 new events
Saving in  /home/ubuntu/data_storage/Almeria/2026_03_03_09_15_Martes/0_raw/20260303_0917_BibliotecaAgenda.json
Saving 3 master url
Appending to  /home/ubuntu/data_storage/Almeria/00_master/master_url.json
