Succeeded - 2026-04-04T17:24:27Z

dag: FisgonSession (1.0s)
│
└─session (1.0s) [succeeded]
  ├─bash -lc 'docker run --rm --network host -v
  │   /home/ubuntu/work/fisgon:/app -v
  │   /home/ubuntu/data_storage:/home/ubuntu/data_storage -w /app -e
  │   OPERATION=1 -e DOCKER_CONFIG=/tmp/.docker -e HOME=/tmp -e TARGET_CITY -e
  │   CREATE_SESSION -e CLOSE_SESSION -e
  │   DAG_RUN_URL="${DAGU_BASE_URL}/dags/${DAG_NAME}?dagRunId=${DAG_RUN_ID}"
  │   -e
  │   DAG_RUN_LOG_URL="${DAGU_BASE_URL}/dags/${DAG_NAME}/log?remoteNode=local&
  │   step=session&dagRunId=${DAG_RUN_ID}" fisgon_scraper:1.0; rc=$?; exit
  │   $rc'
  │
  └─stdout:
      RUNNING VARS →
      CITY=Almeria,
      OPERATION=1,
      CREATE_SESSION=0,
      CLOSE_SESSION=1,
      SESSION=None,
      IMAGES=0,
      GET_SCRAPERS=
      SCRAPER=
      DAG_RUN_URL=/dags/FisgonSession/log?remoteNode=local&step=session&dagRunId
      =019d5986-4fbd-7183-9734-0481412bb042
      Executing final task with session: 2026_04_04_17_17_Sabado
      Reading
      /home/ubuntu/data_storage/Almeria/2026_04_04_17_17_Sabado/0_raw/20260404_1
      724_SalaEmma.json...
      Reading
      /home/ubuntu/data_storage/Almeria/2026_04_04_17_17_Sabado/0_raw/20260404_1
      723_Entradium.json...
      Reading
      /home/ubuntu/data_storage/Almeria/2026_04_04_17_17_Sabado/0_raw/20260404_1
      721_ClassicJazz.json...
      Reading
      /home/ubuntu/data_storage/Almeria/2026_04_04_17_17_Sabado/0_raw/20260404_1
      717_LaGuajira.json...
      Reading
      /home/ubuntu/data_storage/Almeria/2026_04_04_17_17_Sabado/0_raw/20260404_1
      718_ConciertosClub.json...
      Saving 16 new events
      Saving in
      /home/ubuntu/data_storage/Almeria/2026_04_04_17_17_Sabado/0_raw/Merged.jso
      n

Result: Succeeded

