time=2026-04-04T17:19:29.440Z level=INFO msg="Executing root dag-run" dag=FisgonTaskSelenium run-id=019d5981-c29e-7507-bf30-1bcc9f377f29 params=""
time=2026-04-04T17:19:29.479Z level=INFO msg="DAG run started" name=FisgonTaskSelenium run-id=019d5981-c29e-7507-bf30-1bcc9f377f29 attempt-id="" dag=FisgonTaskSelenium run-id=019d5981-c29e-7507-bf30-1bcc9f377f29 params="[TARGET_CITY=Almeria TARGET_SCRAPER=AlmeriaCiudad 3=DAGU_BASE_URL=]"
time=2026-04-04T17:19:29.482Z level=INFO msg="Step started" name=FisgonTaskSelenium run-id=019d5981-c29e-7507-bf30-1bcc9f377f29 attempt-id="" dag=FisgonTaskSelenium run-id=019d5981-c29e-7507-bf30-1bcc9f377f29 step=tarea_1
time=2026-04-04T17:20:07.314Z level=INFO msg="DAG run finished" name=FisgonTaskSelenium run-id=019d5981-c29e-7507-bf30-1bcc9f377f29 attempt-id="" dag=FisgonTaskSelenium run-id=019d5981-c29e-7507-bf30-1bcc9f377f29 status=succeeded started-at=2026-04-04T17:19:29Z finished-at=2026-04-04T17:20:07Z
time=2026-04-04T17:20:07.402Z level=INFO msg="Executing root dag-run" dag=FisgonTaskSelenium run-id=019d5982-56e6-723f-b804-a6b433920189 params=""
time=2026-04-04T17:20:07.417Z level=INFO msg="DAG run started" name=FisgonTaskSelenium run-id=019d5982-56e6-723f-b804-a6b433920189 attempt-id="" dag=FisgonTaskSelenium run-id=019d5982-56e6-723f-b804-a6b433920189 params="[TARGET_CITY=Almeria TARGET_SCRAPER=AlmeriaTurismo 3=DAGU_BASE_URL=]"
time=2026-04-04T17:20:07.422Z level=INFO msg="Step started" name=FisgonTaskSelenium run-id=019d5982-56e6-723f-b804-a6b433920189 attempt-id="" dag=FisgonTaskSelenium run-id=019d5982-56e6-723f-b804-a6b433920189 step=tarea_1
time=2026-04-04T17:20:45.091Z level=INFO msg="DAG run finished" name=FisgonTaskSelenium run-id=019d5982-56e6-723f-b804-a6b433920189 attempt-id="" dag=FisgonTaskSelenium run-id=019d5982-56e6-723f-b804-a6b433920189 status=succeeded started-at=2026-04-04T17:20:07Z finished-at=2026-04-04T17:20:45Z
time=2026-04-04T17:20:45.169Z level=INFO msg="Executing root dag-run" dag=FisgonTaskSelenium run-id=019d5982-ea6e-715a-8db0-7ebda51f51ae params=""
time=2026-04-04T17:20:45.186Z level=INFO msg="DAG run started" name=FisgonTaskSelenium run-id=019d5982-ea6e-715a-8db0-7ebda51f51ae attempt-id="" dag=FisgonTaskSelenium run-id=019d5982-ea6e-715a-8db0-7ebda51f51ae params="[TARGET_CITY=Almeria TARGET_SCRAPER=JuntaAndaluciaAgenda 3=DAGU_BASE_URL=]"
time=2026-04-04T17:20:45.189Z level=INFO msg="Step started" name=FisgonTaskSelenium run-id=019d5982-ea6e-715a-8db0-7ebda51f51ae attempt-id="" dag=FisgonTaskSelenium run-id=019d5982-ea6e-715a-8db0-7ebda51f51ae step=tarea_1
time=2026-04-04T17:21:54.418Z level=INFO msg="DAG run finished" name=FisgonTaskSelenium run-id=019d5982-ea6e-715a-8db0-7ebda51f51ae attempt-id="" dag=FisgonTaskSelenium run-id=019d5982-ea6e-715a-8db0-7ebda51f51ae status=succeeded started-at=2026-04-04T17:20:45Z finished-at=2026-04-04T17:21:54Z
time=2026-04-04T17:21:54.465Z level=INFO msg="Executing root dag-run" dag=FisgonTaskSelenium run-id=019d5983-f91f-71a8-b175-c35364336328 params=""
time=2026-04-04T17:21:54.478Z level=INFO msg="DAG run started" name=FisgonTaskSelenium run-id=019d5983-f91f-71a8-b175-c35364336328 attempt-id="" dag=FisgonTaskSelenium run-id=019d5983-f91f-71a8-b175-c35364336328 params="[TARGET_CITY=Almeria TARGET_SCRAPER=ClassicJazz 3=DAGU_BASE_URL=]"
time=2026-04-04T17:21:54.482Z level=INFO msg="Step started" name=FisgonTaskSelenium run-id=019d5983-f91f-71a8-b175-c35364336328 attempt-id="" dag=FisgonTaskSelenium run-id=019d5983-f91f-71a8-b175-c35364336328 step=tarea_1
time=2026-04-04T17:23:07.725Z level=INFO msg="DAG run finished" name=FisgonTaskSelenium run-id=019d5983-f91f-71a8-b175-c35364336328 attempt-id="" dag=FisgonTaskSelenium run-id=019d5983-f91f-71a8-b175-c35364336328 status=succeeded started-at=2026-04-04T17:21:54Z finished-at=2026-04-04T17:23:07Z
time=2026-04-04T17:23:07.768Z level=INFO msg="Executing root dag-run" dag=FisgonTaskSelenium run-id=019d5985-1776-760d-8112-f28bd5411209 params=""
time=2026-04-04T17:23:07.783Z level=INFO msg="DAG run started" name=FisgonTaskSelenium run-id=019d5985-1776-760d-8112-f28bd5411209 attempt-id="" dag=FisgonTaskSelenium run-id=019d5985-1776-760d-8112-f28bd5411209 params="[TARGET_CITY=Almeria TARGET_SCRAPER=Entradium 3=DAGU_BASE_URL=]"
time=2026-04-04T17:23:07.786Z level=INFO msg="Step started" name=FisgonTaskSelenium run-id=019d5985-1776-760d-8112-f28bd5411209 attempt-id="" dag=FisgonTaskSelenium run-id=019d5985-1776-760d-8112-f28bd5411209 step=tarea_1
time=2026-04-04T17:23:48.511Z level=INFO msg="DAG run finished" name=FisgonTaskSelenium run-id=019d5985-1776-760d-8112-f28bd5411209 attempt-id="" dag=FisgonTaskSelenium run-id=019d5985-1776-760d-8112-f28bd5411209 status=succeeded started-at=2026-04-04T17:23:07Z finished-at=2026-04-04T17:23:48Z
time=2026-04-04T17:23:48.545Z level=INFO msg="Executing root dag-run" dag=FisgonTaskSelenium run-id=019d5985-b6bf-7270-8f75-17a8d155b3fb params=""
time=2026-04-04T17:23:48.554Z level=INFO msg="DAG run started" name=FisgonTaskSelenium run-id=019d5985-b6bf-7270-8f75-17a8d155b3fb attempt-id="" dag=FisgonTaskSelenium run-id=019d5985-b6bf-7270-8f75-17a8d155b3fb params="[TARGET_CITY=Almeria TARGET_SCRAPER=TodasLasEntradas 3=DAGU_BASE_URL=]"
time=2026-04-04T17:23:48.556Z level=INFO msg="Step started" name=FisgonTaskSelenium run-id=019d5985-b6bf-7270-8f75-17a8d155b3fb attempt-id="" dag=FisgonTaskSelenium run-id=019d5985-b6bf-7270-8f75-17a8d155b3fb step=tarea_1
time=2026-04-04T17:23:57.335Z level=INFO msg="DAG run finished" name=FisgonTaskSelenium run-id=019d5985-b6bf-7270-8f75-17a8d155b3fb attempt-id="" dag=FisgonTaskSelenium run-id=019d5985-b6bf-7270-8f75-17a8d155b3fb status=succeeded started-at=2026-04-04T17:23:48Z finished-at=2026-04-04T17:23:57Z
time=2026-04-04T17:23:57.366Z level=INFO msg="Executing root dag-run" dag=FisgonTaskSelenium run-id=019d5985-d934-76fb-81e8-913a5528973b params=""
time=2026-04-04T17:23:57.375Z level=INFO msg="DAG run started" name=FisgonTaskSelenium run-id=019d5985-d934-76fb-81e8-913a5528973b attempt-id="" dag=FisgonTaskSelenium run-id=019d5985-d934-76fb-81e8-913a5528973b params="[TARGET_CITY=Almeria TARGET_SCRAPER=RedBibliotecas 3=DAGU_BASE_URL=]"
time=2026-04-04T17:23:57.376Z level=INFO msg="Step started" name=FisgonTaskSelenium run-id=019d5985-d934-76fb-81e8-913a5528973b attempt-id="" dag=FisgonTaskSelenium run-id=019d5985-d934-76fb-81e8-913a5528973b step=tarea_1
time=2026-04-04T17:24:07.443Z level=INFO msg="DAG run finished" name=FisgonTaskSelenium run-id=019d5985-d934-76fb-81e8-913a5528973b attempt-id="" dag=FisgonTaskSelenium run-id=019d5985-d934-76fb-81e8-913a5528973b status=succeeded started-at=2026-04-04T17:23:57Z finished-at=2026-04-04T17:24:07Z
time=2026-04-04T17:24:07.485Z level=INFO msg="Executing root dag-run" dag=FisgonTaskSelenium run-id=019d5986-00bb-712a-9521-58696b9a236d params=""
time=2026-04-04T17:24:07.501Z level=INFO msg="DAG run started" name=FisgonTaskSelenium run-id=019d5986-00bb-712a-9521-58696b9a236d attempt-id="" dag=FisgonTaskSelenium run-id=019d5986-00bb-712a-9521-58696b9a236d params="[TARGET_CITY=Almeria TARGET_SCRAPER=SalaEmma 3=DAGU_BASE_URL=]"
time=2026-04-04T17:24:07.504Z level=INFO msg="Step started" name=FisgonTaskSelenium run-id=019d5986-00bb-712a-9521-58696b9a236d attempt-id="" dag=FisgonTaskSelenium run-id=019d5986-00bb-712a-9521-58696b9a236d step=tarea_1
time=2026-04-04T17:24:27.643Z level=INFO msg="DAG run finished" name=FisgonTaskSelenium run-id=019d5986-00bb-712a-9521-58696b9a236d attempt-id="" dag=FisgonTaskSelenium run-id=019d5986-00bb-712a-9521-58696b9a236d status=succeeded started-at=2026-04-04T17:24:07Z finished-at=2026-04-04T17:24:27Z
