time=2026-04-04T17:17:25.051Z level=INFO msg="Executing root dag-run" dag=FisgonTaskRequest run-id=019d597f-dcb9-7090-a8df-0e2aec91454b params=""
time=2026-04-04T17:17:25.081Z level=INFO msg="DAG run started" name=FisgonTaskRequest run-id=019d597f-dcb9-7090-a8df-0e2aec91454b attempt-id="" dag=FisgonTaskRequest run-id=019d597f-dcb9-7090-a8df-0e2aec91454b params="[TARGET_CITY=Almeria TARGET_SCRAPER=KuverProducciones 3=DAGU_BASE_URL=]"
time=2026-04-04T17:17:25.085Z level=INFO msg="Step started" name=FisgonTaskRequest run-id=019d597f-dcb9-7090-a8df-0e2aec91454b attempt-id="" dag=FisgonTaskRequest run-id=019d597f-dcb9-7090-a8df-0e2aec91454b step=tarea_1
time=2026-04-04T17:17:29.666Z level=INFO msg="DAG run finished" name=FisgonTaskRequest run-id=019d597f-dcb9-7090-a8df-0e2aec91454b attempt-id="" dag=FisgonTaskRequest run-id=019d597f-dcb9-7090-a8df-0e2aec91454b status=succeeded started-at=2026-04-04T17:17:25Z finished-at=2026-04-04T17:17:29Z
time=2026-04-04T17:17:29.704Z level=INFO msg="Executing root dag-run" dag=FisgonTaskRequest run-id=019d597f-eee6-7783-8434-3f19fa57e779 params=""
time=2026-04-04T17:17:29.718Z level=INFO msg="DAG run started" name=FisgonTaskRequest run-id=019d597f-eee6-7783-8434-3f19fa57e779 attempt-id="" dag=FisgonTaskRequest run-id=019d597f-eee6-7783-8434-3f19fa57e779 params="[TARGET_CITY=Almeria TARGET_SCRAPER=SalaBerlin 3=DAGU_BASE_URL=]"
time=2026-04-04T17:17:29.721Z level=INFO msg="Step started" name=FisgonTaskRequest run-id=019d597f-eee6-7783-8434-3f19fa57e779 attempt-id="" dag=FisgonTaskRequest run-id=019d597f-eee6-7783-8434-3f19fa57e779 step=tarea_1
time=2026-04-04T17:17:34.305Z level=INFO msg="DAG run finished" name=FisgonTaskRequest run-id=019d597f-eee6-7783-8434-3f19fa57e779 attempt-id="" dag=FisgonTaskRequest run-id=019d597f-eee6-7783-8434-3f19fa57e779 status=succeeded started-at=2026-04-04T17:17:29Z finished-at=2026-04-04T17:17:34Z
time=2026-04-04T17:17:34.342Z level=INFO msg="Executing root dag-run" dag=FisgonTaskRequest run-id=019d5980-0104-707c-b410-4e8952063cd3 params=""
time=2026-04-04T17:17:34.355Z level=INFO msg="DAG run started" name=FisgonTaskRequest run-id=019d5980-0104-707c-b410-4e8952063cd3 attempt-id="" dag=FisgonTaskRequest run-id=019d5980-0104-707c-b410-4e8952063cd3 params="[TARGET_CITY=Almeria TARGET_SCRAPER=LaGuajira 3=DAGU_BASE_URL=]"
time=2026-04-04T17:17:34.359Z level=INFO msg="Step started" name=FisgonTaskRequest run-id=019d5980-0104-707c-b410-4e8952063cd3 attempt-id="" dag=FisgonTaskRequest run-id=019d5980-0104-707c-b410-4e8952063cd3 step=tarea_1
time=2026-04-04T17:18:34.952Z level=INFO msg="DAG run finished" name=FisgonTaskRequest run-id=019d5980-0104-707c-b410-4e8952063cd3 attempt-id="" dag=FisgonTaskRequest run-id=019d5980-0104-707c-b410-4e8952063cd3 status=succeeded started-at=2026-04-04T17:17:34Z finished-at=2026-04-04T17:18:34Z
time=2026-04-04T17:18:34.990Z level=INFO msg="Executing root dag-run" dag=FisgonTaskRequest run-id=019d5980-edec-7dea-b68a-bb3a990169d1 params=""
time=2026-04-04T17:18:35.003Z level=INFO msg="DAG run started" name=FisgonTaskRequest run-id=019d5980-edec-7dea-b68a-bb3a990169d1 attempt-id="" dag=FisgonTaskRequest run-id=019d5980-edec-7dea-b68a-bb3a990169d1 params="[TARGET_CITY=Almeria TARGET_SCRAPER=ConciertosClub 3=DAGU_BASE_URL=]"
time=2026-04-04T17:18:35.007Z level=INFO msg="Step started" name=FisgonTaskRequest run-id=019d5980-edec-7dea-b68a-bb3a990169d1 attempt-id="" dag=FisgonTaskRequest run-id=019d5980-edec-7dea-b68a-bb3a990169d1 step=tarea_1
time=2026-04-04T17:18:58.304Z level=INFO msg="DAG run finished" name=FisgonTaskRequest run-id=019d5980-edec-7dea-b68a-bb3a990169d1 attempt-id="" dag=FisgonTaskRequest run-id=019d5980-edec-7dea-b68a-bb3a990169d1 status=succeeded started-at=2026-04-04T17:18:34Z finished-at=2026-04-04T17:18:58Z
time=2026-04-04T17:18:58.341Z level=INFO msg="Executing root dag-run" dag=FisgonTaskRequest run-id=019d5981-4923-7c78-94fa-fd9a327a558c params=""
time=2026-04-04T17:18:58.354Z level=INFO msg="DAG run started" name=FisgonTaskRequest run-id=019d5981-4923-7c78-94fa-fd9a327a558c attempt-id="" dag=FisgonTaskRequest run-id=019d5981-4923-7c78-94fa-fd9a327a558c params="[TARGET_CITY=Almeria TARGET_SCRAPER=JacksonLive 3=DAGU_BASE_URL=]"
time=2026-04-04T17:18:58.358Z level=INFO msg="Step started" name=FisgonTaskRequest run-id=019d5981-4923-7c78-94fa-fd9a327a558c attempt-id="" dag=FisgonTaskRequest run-id=019d5981-4923-7c78-94fa-fd9a327a558c step=tarea_1
time=2026-04-04T17:19:01.000Z level=INFO msg="DAG run finished" name=FisgonTaskRequest run-id=019d5981-4923-7c78-94fa-fd9a327a558c attempt-id="" dag=FisgonTaskRequest run-id=019d5981-4923-7c78-94fa-fd9a327a558c status=failed started-at=2026-04-04T17:18:58Z finished-at=2026-04-04T17:19:01Z
time=2026-04-04T17:19:01.013Z level=ERROR msg="Failed to execute dag-run" dag=FisgonTaskRequest run-id=019d5981-4923-7c78-94fa-fd9a327a558c err="failed to execute step \"tarea_1\": exit status 1\nrecent stderr (tail):\nactors, TARGET_SCRAPER, session_manager, TARGET_CITY)\n  File \"/app/run.py\", line 18, in run_one\n    ev.run()\n  File \"/app/scraper/extractors/main_pages/abc_main_pages_extractor.py\", line 17, in run\n    result = self.iterate_pages_clean_events()\n             ^^^^^^^^^^^^^^^^^^^^^^^^^^^^^^^^^\n  File \"/app/scraper/extractors/main_pages/jackson_live.py\", line 19, in iterate_pages_clean_events\n    events_cleaned = self.clean_main_page(main_page_soup)\n                     ^^^^^^^^^^^^^^^^^^^^^^^^^^^^^^^^^^^^\n  File \"/app/scraper/extractors/main_pages/abc_main_pages_extractor.py\", line 60, in clean_main_page\n    info_list = self.get_info_list(main_page_soup, tuple_url)\n                ^^^^^^^^^^^^^^^^^^^^^^^^^^^^^^^^^^^^^^^^^^^^^\n  File \"/app/scraper/extractors/main_pages/jackson_live.py\", line 24, in get_info_list\n    data_page = main_page_soup.find('div', {'data-page': True})['data-page']\n                ~~~~~~~~~~~~~~~~~~~~~~~~~~~~~~~~~~~~~~~~~~~~~~~^^^^^^^^^^^^^\nTypeError: 'NoneType' object is not subscriptable\n"
Error: failed to execute the dag-run FisgonTaskRequest (dag-run ID: 019d5981-4923-7c78-94fa-fd9a327a558c): failed to execute step "tarea_1": exit status 1
recent stderr (tail):
actors, TARGET_SCRAPER, session_manager, TARGET_CITY)
  File "/app/run.py", line 18, in run_one
    ev.run()
  File "/app/scraper/extractors/main_pages/abc_main_pages_extractor.py", line 17, in run
    result = self.iterate_pages_clean_events()
             ^^^^^^^^^^^^^^^^^^^^^^^^^^^^^^^^^
  File "/app/scraper/extractors/main_pages/jackson_live.py", line 19, in iterate_pages_clean_events
    events_cleaned = self.clean_main_page(main_page_soup)
                     ^^^^^^^^^^^^^^^^^^^^^^^^^^^^^^^^^^^^
  File "/app/scraper/extractors/main_pages/abc_main_pages_extractor.py", line 60, in clean_main_page
    info_list = self.get_info_list(main_page_soup, tuple_url)
                ^^^^^^^^^^^^^^^^^^^^^^^^^^^^^^^^^^^^^^^^^^^^^
  File "/app/scraper/extractors/main_pages/jackson_live.py", line 24, in get_info_list
    data_page = main_page_soup.find('div', {'data-page': True})['data-page']
                ~~~~~~~~~~~~~~~~~~~~~~~~~~~~~~~~~~~~~~~~~~~~~~~^^^^^^^^^^^^^
TypeError: 'NoneType' object is not subscriptable

time=2026-04-04T17:19:01.040Z level=INFO msg="Executing root dag-run" dag=FisgonTaskRequest run-id=019d5981-53ae-7c23-95ee-ca8870c9ee7e params=""
time=2026-04-04T17:19:01.054Z level=INFO msg="DAG run started" name=FisgonTaskRequest run-id=019d5981-53ae-7c23-95ee-ca8870c9ee7e attempt-id="" dag=FisgonTaskRequest run-id=019d5981-53ae-7c23-95ee-ca8870c9ee7e params="[TARGET_CITY=Almeria TARGET_SCRAPER=BibliotecaAgenda 3=DAGU_BASE_URL=]"
time=2026-04-04T17:19:01.057Z level=INFO msg="Step started" name=FisgonTaskRequest run-id=019d5981-53ae-7c23-95ee-ca8870c9ee7e attempt-id="" dag=FisgonTaskRequest run-id=019d5981-53ae-7c23-95ee-ca8870c9ee7e step=tarea_1
time=2026-04-04T17:19:29.382Z level=INFO msg="DAG run finished" name=FisgonTaskRequest run-id=019d5981-53ae-7c23-95ee-ca8870c9ee7e attempt-id="" dag=FisgonTaskRequest run-id=019d5981-53ae-7c23-95ee-ca8870c9ee7e status=succeeded started-at=2026-04-04T17:19:01Z finished-at=2026-04-04T17:19:29Z
