Launching scraper: AlmeriaCiudad
Succeeded - 2026-04-04T17:19:29Z

dag: FisgonTaskSelenium (38.0s)
│
└─tarea_1 (38.0s) [succeeded]
  ├─bash -lc 'set -eo pipefail; export DOCKER_CONFIG=/tmp/.docker HOME=/tmp;
  │   SELENIUM_NAME="selenium_${DAG_RUN_ID:-$$}_$(date +%s)"; cleanup() {
  │   docker rm -f "$SELENIUM_NAME" >/dev/null 2>&1 || true; }; trap cleanup
  │   EXIT; docker run -d --rm --name "$SELENIUM_NAME" --shm-size=2g -e
  │   SE_NODE_MAX_SESSIONS=1 -e SE_NODE_OVERRIDE_MAX_SESSIONS=true
  │   selenium/standalone-chrome:latest >/dev/null; docker exec
  │   "$SELENIUM_NAME" bash -c "for i in \$(seq 1 60); do (echo >
  │   /dev/tcp/127.0.0.1/4444) >/dev/null 2>&1 && exit 0; sleep 1; done; exit
  │   1"; docker run --rm --network container:"$SELENIUM_NAME" -v
  │   /home/ubuntu/work/fisgon:/app -v
  │   /home/ubuntu/data_storage:/home/ubuntu/data_storage -v
  │   /home/ubuntu/work/event_flask_app/static/img:/home/ubuntu/work/event_fla
  │   sk_app/static/img -w /app -e OPERATION=0 -e DOCKER_CONFIG=/tmp/.docker
  │   -e HOME=/tmp -e TARGET_CITY -e TARGET_SCRAPER -e
  │   DAG_RUN_URL="${DAGU_BASE_URL:-}/dags/${DAG_NAME}?dagRunId=${DAG_RUN_ID}"
  │   -e
  │   DAG_RUN_LOG_URL="${DAGU_BASE_URL:-}/dags/${DAG_NAME}/log?remoteNode=loca
  │   l&step=tarea_1&dagRunId=${DAG_RUN_ID}" fisgon_scraper:1.0'
  │
  └─stdout:
      RUNNING VARS →
      CITY=Almeria,
      OPERATION=0,
      CREATE_SESSION=0,
      CLOSE_SESSION=0,
      SESSION=None,
      IMAGES=0,
      GET_SCRAPERS=
      SCRAPER=AlmeriaCiudad
      DAG_RUN_URL=/dags/FisgonTaskSelenium/log?remoteNode=local&step=tarea_1&dag
      RunId=019d5981-c29e-7507-bf30-1bcc9f377f29
      Running for Almeria: AlmeriaCiudad
      AlmeriaCiudad
      RUNNING SESSION =  2026_04_04_17_17_Sabado
      Starting WebDriver...
      http://localhost:4444/wd/hub
      sleeping 5
      Getting content
      page = 0
      -----------https://almeriaciudad.es/cultura/agenda?page=0---------------
      len 12
      sleeping 5
      Getting content
      page = 1
      -----------https://almeriaciudad.es/cultura/agenda?page=1---------------
      len 12
      sleeping 5
      Getting content
      page = 2
      -----------https://almeriaciudad.es/cultura/agenda?page=2---------------
      len 11
      sleeping 5
      Getting content
      page = 3
      -----------https://almeriaciudad.es/cultura/agenda?page=3---------------
      len 0
      *** SCRAPED 35 URLS WITH EVENTS **
      New url events = 0
      #######################
      No new urls/events extracted. No new events to save
      #######################

Result: Succeeded

Launching scraper: AlmeriaTurismo
Succeeded - 2026-04-04T17:20:07Z

dag: FisgonTaskSelenium (38.0s)
│
└─tarea_1 (38.0s) [succeeded]
  ├─bash -lc 'set -eo pipefail; export DOCKER_CONFIG=/tmp/.docker HOME=/tmp;
  │   SELENIUM_NAME="selenium_${DAG_RUN_ID:-$$}_$(date +%s)"; cleanup() {
  │   docker rm -f "$SELENIUM_NAME" >/dev/null 2>&1 || true; }; trap cleanup
  │   EXIT; docker run -d --rm --name "$SELENIUM_NAME" --shm-size=2g -e
  │   SE_NODE_MAX_SESSIONS=1 -e SE_NODE_OVERRIDE_MAX_SESSIONS=true
  │   selenium/standalone-chrome:latest >/dev/null; docker exec
  │   "$SELENIUM_NAME" bash -c "for i in \$(seq 1 60); do (echo >
  │   /dev/tcp/127.0.0.1/4444) >/dev/null 2>&1 && exit 0; sleep 1; done; exit
  │   1"; docker run --rm --network container:"$SELENIUM_NAME" -v
  │   /home/ubuntu/work/fisgon:/app -v
  │   /home/ubuntu/data_storage:/home/ubuntu/data_storage -v
  │   /home/ubuntu/work/event_flask_app/static/img:/home/ubuntu/work/event_fla
  │   sk_app/static/img -w /app -e OPERATION=0 -e DOCKER_CONFIG=/tmp/.docker
  │   -e HOME=/tmp -e TARGET_CITY -e TARGET_SCRAPER -e
  │   DAG_RUN_URL="${DAGU_BASE_URL:-}/dags/${DAG_NAME}?dagRunId=${DAG_RUN_ID}"
  │   -e
  │   DAG_RUN_LOG_URL="${DAGU_BASE_URL:-}/dags/${DAG_NAME}/log?remoteNode=loca
  │   l&step=tarea_1&dagRunId=${DAG_RUN_ID}" fisgon_scraper:1.0'
  │
  └─stdout: ... (242 more lines)
      sleeping 5
      Waiting until style desappear
      Getting content
      --------------------
      {'id': '7ff69cb7', 'show': 1, 'in_city': 1, 'one_day': 0,
      'wrong_date_time': 1, 'event': 'Programación Aula Abierta - Centro
      Cultural Fundación Unicaja De Almería', 'slug':
      'programacion-aula-abierta-centro-cultural-fundacion-unicaja-de-almeria',
      'category': '__NOT_DEFINIED__', 'id_venue': 'tf3tGpLL', 'venue': 'Centro
      Cultural Fundación Unicaja de Almería', 'std_venue': 'Centro Fundación
      Unicaja', 'start_date': '2025-11-08', 'start_time': '__NOT_FOUND__',
      'end_date': '2026-05-09', 'end_time': '__NOT_FOUND__', 'description': 'El
      Centro Cultural Fundación Unicaja de Almería presenta la nueva
      programación de su ciclo de talleres ‘Aula Abierta’, ofreciendo una
      variada propuesta de actividades formativas y creativas dirigidas a todas
      las edades.. Desde noviembre de 2025 hasta mayo de 2026, el Centro
      Cultural será un espacio de encuentro y aprendizaje con talleres
      gratuitos.', 'others': {'category': '__NOT_FOUND__', 'hour':
      '__NOT_FOUND__', 'startDate': '2025-11-8', 'endDate': '2026-5-9',
      'duration_days': 182, 'location': 'P.º de Almería, 69, 04001 Almería'},
      'source': 'AlmeriaTurismo', 'exec_time': '20260404T172013', 'session':
      '2026_04_04_17_17_Sabado', 'image':
      'https://www.turismodealmeria.org/wp-content/uploads/2025/11/programacion-
      aula-abierta.jpg', 'url':
      'https://www.turismodealmeria.org/evento/programacion-aula-abierta-centro-
      cultural-fundacion-unicaja-de-almeria/'}
      --------------------
      {'id': '9dc9b137', 'show': 1, 'in_city': 1, 'one_day': 0,
      'wrong_date_time': 1, 'event': 'Antonio De Torres - Evolución De La
      Guitarra Antes Y Después De Torres, El Stradivarius De La Guitarra',
      'slug':
      'antonio-de-torres-evolucion-de-la-guitarra-antes-y-despues-de-torres-el-s
      tradiva', 'category': '__NOT_DEFINIED__', 'id_venue': 'jPNmRqPG', 'venue':
      'Museo de la Guitarra Antonio de Torres', 'std_venue': 'Museo de la
      Guitarra', 'start_date': '2025-12-16', 'start_time': '__NOT_FOUND__',
      'end_date': '2026-08-25', 'end_time': '__NOT_FOUND__', 'description':
      'Fechas: Del 16 de Diciembre de 2025 al 25 de Agosto de 2026.. Lugar:
      Museo de la Guitarra Española Antonio de Torres.. Dirección: Ronda del
      Beato Diego Ventaja, S.N., 04002 Almería.. Horario (Inverno): Martes a
      Sábado: 10:30h a 13:30h y 17:00h a 20:00h.. Domingos: 10:30h a 13:30h..
      Organiza: Ayuntamiento de Almería, La Voz de Almería, Diputación de
      Almería.', 'others': {'category': '__NOT_FOUND__', 'hour':
      '__NOT_FOUND__', 'startDate': '2025-12-16', 'endDate': '2026-8-25',
      'duration_days': 252, 'location': 'Ronda del Beato diego Ventaja, s/n'},
      'source': 'AlmeriaTurismo', 'exec_time': '20260404T172013', 'session':
      '2026_04_04_17_17_Sabado', 'image':
      'https://www.turismodealmeria.org/wp-content/uploads/2025/12/antonio-de-to
      rres-evolucion-de-la-guitarra.jpeg', 'url':
      'https://www.turismodealmeria.org/evento/antonio-de-torres-evolucion-de-la
      -guitarra-antes-y-despues-de-torres-el-stradivarius-de-la-guitarra/'}
      --------------------
      {'id': '81f51b47', 'show': 1, 'in_city': 1, 'one_day': 0,
      'wrong_date_time': 0, 'event': 'Club De Lectura Con Raquel Fernández
      Cobo', 'slug': 'club-de-lectura-con-raquel-fernandez-cobo', 'category':
      '__NOT_DEFINIED__', 'id_venue': None, 'venue': 'Bibliotecas Municipales',
      'std_venue': None, 'start_date': '2026-02-20', 'start_time': '17:00:00',
      'end_date': '2026-05-22', 'end_time': '19:00:00', 'description': 'Únete
      al Club de Lectura organizado por la Universidad de Almería. Bajo la
      coordinación de Raquel Fernández Cobo, se abordarán lecturas como
      ‘Ana No’ de Agustín Gómez Arcos, ‘El raro vicio de escribir la
      vida’ de Manuel Rico, ‘La isla de las mujeres del mar’ de Lisa See y
      ‘Alcaravea’ de Irene Reyes-Noguerol. El club se desarrollará del 20
      de febrero al 22 de mayo de 2026, todos los encuentros serán a las 17:00
      h en la Sala de docencia de la Biblioteca Universitaria Nicolás
      Salmerón.', 'others': {'category': 'Universidad de Almería - Biblioteca
      Nicolás Salmerón', 'hour': '__NOT_FOUND__', 'startDate':
      '2026-2-20T17:00+2:00', 'endDate': '2026-5-22T19:00+2:00',
      'duration_days': 91, 'location': 'C/ Arráez n. 16, 04002 ALMERÍA'},
      'source': 'AlmeriaTurismo', 'exec_time': '20260404T172013', 'session':
      '2026_04_04_17_17_Sabado', 'image':
      'https://www.turismodealmeria.org/wp-content/uploads/2026/02/Club-de-Lectu
      ra-con-Raquel-Fernandez-Cobo.jpg', 'url':
      'https://www.turismodealmeria.org/evento/club-de-lectura-con-raquel-fernan
      dez-cobo/'}
      --------------------
      {'id': '8ef03443', 'show': 1, 'in_city': 1, 'one_day': 0,
      'wrong_date_time': 0, 'event': 'Misión Andalucía', 'slug':
      'mision-andalucia', 'category': '__NOT_DEFINIED__', 'id_venue':
      'DDDLJ7pm', 'venue': 'Centro Andaluz de la Fotografía', 'std_venue':
      'Centro Andaluz de la Fotografía', 'start_date': '2026-02-21',
      'start_time': '20:00:00', 'end_date': '2026-05-24', 'end_time':
      '20:00:00', 'description': 'Exposición fotográfica ‘Misión
      Andalucía’ en el Centro Andaluz de la Fotografía en Almería.
      Inauguración el 20 de febrero a las 20:00 horas, con la participación de
      María Clauss, Santi Donaire, Manolo Espaliú, Susana Girón, David
      Jiménez, Laura León, Pablo López, Julián Ochoa. In memoriam María
      Clauss.', 'others': {'category': 'Exposición Fotográfica', 'hour':
      '__NOT_FOUND__', 'startDate': '2026-2-21T20:00+2:00', 'endDate':
      '2026-5-24T20:00+2:00', 'duration_days': 92, 'location': 'Calle Pintor
      Díaz Molina, s/n.04002'}, 'source': 'AlmeriaTurismo', 'exec_time':
      '20260404T172013', 'session': '2026_04_04_17_17_Sabado', 'image':
      'https://www.turismodealmeria.org/wp-content/uploads/2026/02/Mision-Andalu
      cia.jpg', 'url':
      'https://www.turismodealmeria.org/evento/mision-andalucia/'}
      --------------------
      {'id': '760bad1c', 'show': 1, 'in_city': 1, 'one_day': 0,
      'wrong_date_time': 1, 'event': 'Exposición "De Lo Terrenal a Lo Divino"',
      'slug': 'exposicion-de-lo-terrenal-a-lo-divino', 'category':
      '__NOT_DEFINIED__', 'id_venue': 'mLbRBN6h', 'venue': 'Museo de Arte Doña
      Pakyta', 'std_venue': 'Museo de Arte Doña Pakyta', 'start_date':
      '2026-03-26', 'start_time': '__NOT_FOUND__', 'end_date': '2026-05-18',
      'end_time': '__NOT_FOUND__', 'description': 'El Museo de Arte de Almería
      Doña Pakyta acoge el próximo Jueves 26 de marzo la exposición ‘De lo
      Terrenal a lo Divino’, una muestra que ha llegado a este espacio
      museístico precisamente en los días previos de la celebración de la
      Semana Santa.', 'others': {'category': 'EXPOSICIÓN PINTURA Y ESCULTURA',
      'hour': '__NOT_FOUND__', 'startDate': '2026-3-26', 'endDate': '2026-5-18',
      'duration_days': 53, 'location': 'Plaza de Emilio Pérez, 1, 04001'},
      'source': 'AlmeriaTurismo', 'exec_time': '20260404T172013', 'session':
      '2026_04_04_17_17_Sabado', 'image':
      'https://www.turismodealmeria.org/wp-content/uploads/2026/03/de-lo-terrena
      l.jpg', 'url':
      'https://www.turismodealmeria.org/evento/exposicion-de-lo-terrenal-a-lo-di
      vino/'}
      --------------------
      {'id': 'b0b8ef10', 'show': 1, 'in_city': 1, 'one_day': 0,
      'wrong_date_time': 1, 'event': "Obra Invitada 'Amparo'", 'slug':
      'obra-invitada-amparo', 'category': '__NOT_DEFINIED__', 'id_venue':
      'mLbRBN6h', 'venue': 'Museo de Arte Doña Pakyta', 'std_venue': 'Museo de
      Arte Doña Pakyta', 'start_date': '2026-03-27', 'start_time':
      '__NOT_FOUND__', 'end_date': '2026-05-17', 'end_time': '__NOT_FOUND__',
      'description': 'Hasta el 17 de mayo. 10:30 a 13:30. 17:00 a 20:00',
      'others': {'category': '__NOT_FOUND__', 'hour': '__NOT_FOUND__',
      'startDate': '2026-3-27', 'endDate': '2026-5-17', 'duration_days': 51,
      'location': 'Plaza de Emilio Pérez, 1, 04001'}, 'source':
      'AlmeriaTurismo', 'exec_time': '20260404T172013', 'session':
      '2026_04_04_17_17_Sabado', 'image':
      'https://www.turismodealmeria.org/wp-content/uploads/2026/03/obra-invitada
      -amparo.jpg', 'url':
      'https://www.turismodealmeria.org/evento/obra-invitada-amparo/'}
      --------------------
      {'id': '6241b5f2', 'show': 1, 'in_city': 1, 'one_day': 0,
      'wrong_date_time': 1, 'event': 'Solazo Fest 2026', 'slug':
      'solazo-fest-2026', 'category': '__NOT_DEFINIED__', 'id_venue': None,
      'venue': 'Cooltural', 'std_venue': None, 'start_date': '2026-05-01',
      'start_time': '__NOT_FOUND__', 'end_date': '2026-05-03', 'end_time':
      '__NOT_FOUND__', 'description': '¡El festival de la primavera de
      Almería! Ven y disfruta del Solazo Fest en el Recinto del Ferial de
      Almería del 1 al 3 de mayo de 2026.', 'others': {'category': 'Recinto del
      Ferial de Almería', 'hour': '__NOT_FOUND__', 'startDate': '2026-5-1',
      'endDate': '2026-5-3', 'duration_days': 2, 'location': 'Recinto Ferial de
      Almería, 04007 Almería'}, 'source': 'AlmeriaTurismo', 'exec_time':
      '20260404T172013', 'session': '2026_04_04_17_17_Sabado', 'image':
      'https://www.turismodealmeria.org/wp-content/uploads/2026/03/Solazo-Fest-2
      026.jpg', 'url':
      'https://www.turismodealmeria.org/evento/solazo-fest-2026/'}
      --------------------
      {'id': 'ebdf2ffa', 'show': 1, 'in_city': 1, 'one_day': 1,
      'wrong_date_time': 0, 'event': 'Marta Sánchez - Gira 40 Años', 'slug':
      'marta-sanchez-gira-40-anos', 'category': '__NOT_DEFINIED__', 'id_venue':
      None, 'venue': 'Almería', 'std_venue': None, 'start_date': '2026-05-01',
      'start_time': '20:00:00', 'end_date': '2026-05-01', 'end_time':
      '22:00:00', 'description': 'Concierto de Marta Sánchez celebrando 40
      años de carrera en Almería.', 'others': {'category': '1985 / GIRA 40
      AÑOS / 2025', 'hour': '__NOT_FOUND__', 'startDate':
      '2026-5-1T20:00+2:00', 'endDate': '2026-5-1T22:00+2:00', 'duration_days':
      0, 'location': 'Calle Tarragona 2'}, 'source': 'AlmeriaTurismo',
      'exec_time': '20260404T172013', 'session': '2026_04_04_17_17_Sabado',
      'image':
      'https://www.turismodealmeria.org/wp-content/uploads/2026/03/Marta-Sanchez
      -Gira-40-Anos.jpg', 'url':
      'https://www.turismodealmeria.org/evento/marta-sanchez-gira-40-anos/'}
      --------------------
      {'id': '251a933f', 'show': 1, 'in_city': 1, 'one_day': 1,
      'wrong_date_time': 0, 'event': 'Armas, Gérmenes Y Acero - Club De Lectura
      Científica', 'slug': 'armas-germenes-y-acero-club-de-lectura-cientifica',
      'category': '__NOT_DEFINIED__', 'id_venue': '5400faf4', 'venue':
      'Pabellón de Historia Natural, PHN', 'std_venue': 'Pabellón de Historia
      Natural', 'start_date': '2026-05-05', 'start_time': '16:00:00',
      'end_date': '2026-05-05', 'end_time': '18:00:00', 'description': 'El
      evento ‘Armas, gérmenes y acero’ es un club de lectura científica
      donde se profundizará en el impacto de las armas, enfermedades y
      tecnología en el desarrollo de las sociedades. Coordinan Juan Mota y
      Eduardo Gallego.', 'others': {'category': 'Club de lectura científica',
      'hour': '__NOT_FOUND__', 'startDate': '2026-5-5T16:00+2:00', 'endDate':
      '2026-5-5T18:00+2:00', 'duration_days': 0, 'location': 'Universidad de
      Almería, 04120 Almería'}, 'source': 'AlmeriaTurismo', 'exec_time':
      '20260404T172013', 'session': '2026_04_04_17_17_Sabado', 'image':
      'https://www.turismodealmeria.org/wp-content/uploads/2026/03/Armas-germene
      s-y-acero-Club-de-lectura-cientifica.png', 'url':
      'https://www.turismodealmeria.org/evento/armas-germenes-y-acero-club-de-le
      ctura-cientifica/var/ri-2.l-L1'}
      --------------------
      {'id': '3c5de9cc', 'show': 1, 'in_city': 1, 'one_day': 0,
      'wrong_date_time': 1, 'event': 'El Circo De La Luz', 'slug':
      'el-circo-de-la-luz', 'category': '__NOT_DEFINIED__', 'id_venue': None,
      'venue': 'Coolfest', 'std_venue': None, 'start_date': '2026-05-08',
      'start_time': '__NOT_FOUND__', 'end_date': '2026-05-17', 'end_time':
      '__NOT_FOUND__', 'description': 'Disfruta de un espectáculo fascinante
      presentado por Circo Alegría. Sumérgete en un mundo mágico donde los
      sueños se iluminan y la emoción brilla bajo la gran carpa en el Recinto
      Ferial de Almería. Este show innovador promete revolucionar el circo con
      una deslumbrante exhibición visual.', 'others': {'category': 'El show que
      ilumina el mundo y revoluciona el circo', 'hour': '__NOT_FOUND__',
      'startDate': '2026-5-8', 'endDate': '2026-5-17', 'duration_days': 9,
      'location': 'Recinto Ferial de Almería, 04007 Almería'}, 'source':
      'AlmeriaTurismo', 'exec_time': '20260404T172013', 'session':
      '2026_04_04_17_17_Sabado', 'image':
      'https://www.turismodealmeria.org/wp-content/uploads/2026/03/El-Circo-de-l
      a-Luz.jpg', 'url':
      'https://www.turismodealmeria.org/evento/el-circo-de-la-luz/'}
      --------------------
      {'id': 'b4a60dbc', 'show': 1, 'in_city': 1, 'one_day': 1,
      'wrong_date_time': 0, 'event': 'Lorna 2026', 'slug': 'lorna-2026',
      'category': '__NOT_DEFINIED__', 'id_venue': 'NmPqTrh6', 'venue': 'Berlin
      Social Club', 'std_venue': 'Berlin Social Club', 'start_date':
      '2026-05-09', 'start_time': '20:30:00', 'end_date': '2026-05-09',
      'end_time': '23:00:00', 'description': 'Evento en Berlin Social Club,
      Almería el 9 de mayo.', 'others': {'category': 'Actuación en Berlin
      Social Club', 'hour': '__NOT_FOUND__', 'startDate': '2026-5-9T20:30+2:00',
      'endDate': '2026-5-9T23:00+2:00', 'duration_days': 0, 'location': 'Parque
      de Nicolás Salmerón, 9, Bajo 2, 04001 Almería'}, 'source':
      'AlmeriaTurismo', 'exec_time': '20260404T172013', 'session':
      '2026_04_04_17_17_Sabado', 'image':
      'https://www.turismodealmeria.org/wp-content/uploads/2026/03/Zorna-2026.jp
      g', 'url': 'https://www.turismodealmeria.org/evento/lorna-2026/'}
      --------------------
      {'id': '32456d39', 'show': 1, 'in_city': 1, 'one_day': 1,
      'wrong_date_time': 0, 'event': 'Estopatí - Tributo a Estopa', 'slug':
      'estopati-tributo-a-estopa', 'category': '__NOT_DEFINIED__', 'id_venue':
      'NmPqTrh6', 'venue': 'Berlin Social Club', 'std_venue': 'Berlin Social
      Club', 'start_date': '2026-05-15', 'start_time': '20:30:00', 'end_date':
      '2026-05-15', 'end_time': '23:00:00', 'description': 'Tributo al famoso
      grupo Estopa en Almería, no te lo pierdas el 15 de mayo.', 'others':
      {'category': 'Tributazo a Estopa', 'hour': '__NOT_FOUND__', 'startDate':
      '2026-5-15T20:30+2:00', 'endDate': '2026-5-15T23:00+2:00',
      'duration_days': 0, 'location': 'Parque de Nicolás Salmerón, 9, Bajo 2,
      04001 Almería'}, 'source': 'AlmeriaTurismo', 'exec_time':
      '20260404T172013', 'session': '2026_04_04_17_17_Sabado', 'image':
      'https://www.turismodealmeria.org/wp-content/uploads/2026/03/Estopati-Trib
      uto-a-Estopa.jpg', 'url':
      'https://www.turismodealmeria.org/evento/estopati-tributo-a-estopa/'}
      --------------------
      {'id': 'b03c6380', 'show': 1, 'in_city': 1, 'one_day': 1,
      'wrong_date_time': 0, 'event': 'Dos Hombres Solos Sin Punto Com Ni Ná',
      'slug': 'dos-hombres-solos-sin-punto-com-ni-na', 'category':
      '__NOT_DEFINIED__', 'id_venue': 'DgpfFbPt', 'venue': 'Teatro Cervantes',
      'std_venue': 'Teatro Cervantes', 'start_date': '2026-05-15', 'start_time':
      '21:00:00', 'end_date': '2026-05-15', 'end_time': '23:00:00',
      'description': 'El próximo 15 de mayo a las 21:00 h en el Teatro
      Cervantes de Almería no te pierdas la comedia ‘Dos hombres solos sin
      punto com ni ná’, con Manolo Medina y David Caballero. Un espectáculo
      recomendado para mayores de 13 años, dentro de la gira 2026 celebrando
      los 30 años de esta hilarante propuesta.', 'others': {'category': 'Teatro
      Cervantes, Almería', 'hour': '__NOT_FOUND__', 'startDate':
      '2026-5-15T21:00+2:00', 'endDate': '2026-5-15T23:00+2:00',
      'duration_days': 0, 'location': 'Calle Poeta Villaespesa, 1, 04001
      Almería'}, 'source': 'AlmeriaTurismo', 'exec_time': '20260404T172013',
      'session': '2026_04_04_17_17_Sabado', 'image':
      'https://www.turismodealmeria.org/wp-content/uploads/2026/02/WhatsApp-Imag
      e-2026-02-08-at-10.02.49.jpeg', 'url':
      'https://www.turismodealmeria.org/evento/dos-hombres-solos-sin-punto-com-n
      i-na/'}
      --------------------
      {'id': '6f095d15', 'show': 1, 'in_city': 1, 'one_day': 1,
      'wrong_date_time': 0, 'event': 'Actualidad Astronómica Con Jorge
      Iglesias', 'slug': 'actualidad-astronomica-con-jorge-iglesias',
      'category': '__NOT_DEFINIED__', 'id_venue': '8g4nLPqF', 'venue':
      'Universidad de Almería (UAL)', 'std_venue': 'Paraninfo de la Universidad
      de Almería', 'start_date': '2026-05-21', 'start_time': '12:00:00',
      'end_date': '2026-05-21', 'end_time': '13:30:00', 'description': 'El ciclo
      de tertulias sobre astronomía vuelve este año con Jorge Iglesias, quien
      presentará y debatirá sobre las novedades más importantes en el ámbito
      astronómico. Las sesiones se llevarán a cabo en el Edificio de
      Psicología, Sala de Grados, a las 12:00h. Fechas: 19 de febrero, 19 de
      marzo, 23 de abril y 21 de mayo.', 'others': {'category': 'Edificio de
      Psicología, Sala de Grados, Universidad de Almería', 'hour':
      '__NOT_FOUND__', 'startDate': '2026-5-21T12:00+2:00', 'endDate':
      '2026-5-21T13:30+2:00', 'duration_days': 0, 'location': 'Carr. Sacramento,
      s/n, 04120 La Cañada, Almería'}, 'source': 'AlmeriaTurismo',
      'exec_time': '20260404T172013', 'session': '2026_04_04_17_17_Sabado',
      'image':
      'https://www.turismodealmeria.org/wp-content/uploads/2026/02/Actualidad-as
      tronomica-con-Jorge-Iglesias.jpg', 'url':
      'https://www.turismodealmeria.org/evento/actualidad-astronomica-con-jorge-
      iglesias/var/ri-3.l-L1'}
      --------------------
      {'id': 'acc49e5e', 'show': 1, 'in_city': 1, 'one_day': 1,
      'wrong_date_time': 0, 'event': 'Una Suela Sin Zapato. Beatriz', 'slug':
      'una-suela-sin-zapato-beatriz', 'category': '__NOT_DEFINIED__',
      'id_venue': 'TjmFnJdD', 'venue': 'Biblioteca Pública Francisco
      Villaespesa', 'std_venue': 'Biblioteca Pública Francisco Villaespesa',
      'start_date': '2026-05-22', 'start_time': '17:00:00', 'end_date':
      '2026-05-22', 'end_time': '19:00:00', 'description': 'Presentación del
      libro ‘Una Suela Sin Zapato. Beatriz’ de Eloy Cubillo. La cita es el
      viernes 22 de mayo a las 18:00 en la Biblioteca Pública Francisco
      Villaespesa de Almería.', 'others': {'category': 'Presentación de
      libro', 'hour': '__NOT_FOUND__', 'startDate': '2026-5-22T17:00+2:00',
      'endDate': '2026-5-22T19:00+2:00', 'duration_days': 0, 'location': 'C.
      Hermanos Machado, s/n, 04004 Almería'}, 'source': 'AlmeriaTurismo',
      'exec_time': '20260404T172013', 'session': '2026_04_04_17_17_Sabado',
      'image':
      'https://www.turismodealmeria.org/wp-content/uploads/2026/03/Una-Suela-Sin
      -Zapato.-Beatriz.jpg', 'url':
      'https://www.turismodealmeria.org/evento/una-suela-sin-zapato-beatriz/'}
      --------------------
      {'id': '0e633e87', 'show': 1, 'in_city': 1, 'one_day': 1,
      'wrong_date_time': 0, 'event': 'Luar:Na:Lubre - Lubre: 40 Aniversario',
      'slug': 'luar-na-lubre-lubre-40-aniversario', 'category':
      '__NOT_DEFINIED__', 'id_venue': 'DgpfFbPt', 'venue': 'Teatro Cervantes',
      'std_venue': 'Teatro Cervantes', 'start_date': '2026-05-22', 'start_time':
      '20:00:00', 'end_date': '2026-05-22', 'end_time': '22:00:00',
      'description': 'El grupo Luar:Na:Lubre celebra su 40 aniversario con un
      concierto en el Teatro Cervantes de Almería el viernes 22 de mayo a las
      20:00. Disfruta de un viaje musical único con entradas anticipadas a
      20€ y en taquilla a 25€.', 'others': {'category': 'Xira Lubre: 40
      Aniversario', 'hour': '__NOT_FOUND__', 'startDate':
      '2026-5-22T20:00+2:00', 'endDate': '2026-5-22T22:00+2:00',
      'duration_days': 0, 'location': 'Calle Poeta Villaespesa, 1, 04001
      Almería'}, 'source': 'AlmeriaTurismo', 'exec_time': '20260404T172013',
      'session': '2026_04_04_17_17_Sabado', 'image':
      'https://www.turismodealmeria.org/wp-content/uploads/2026/03/LuarNaLubre-L
      ubre-40-Aniversario.jpg', 'url':
      'https://www.turismodealmeria.org/evento/luarnalubre-lubre-40-aniversario/
      '}
      --------------------
      {'id': 'f0bf24f0', 'show': 1, 'in_city': 1, 'one_day': 1,
      'wrong_date_time': 0, 'event': 'Concierto Homenaje a Las Grandes Bandas De
      Los 80', 'slug': 'concierto-homenaje-a-las-grandes-bandas-de-los-80',
      'category': '__NOT_DEFINIED__', 'id_venue': 'NmPqTrh6', 'venue': 'Berlin
      Social Club', 'std_venue': 'Berlin Social Club', 'start_date':
      '2026-05-22', 'start_time': '21:30:00', 'end_date': '2026-05-22',
      'end_time': '23:00:00', 'description': 'Un emocionante tributo a las
      legendarias bandas Radio Futura, El Último de la Fila y Héroes del
      Silencio. Disfruta de los grandes éxitos de los 80 en una noche
      inolvidable.', 'others': {'category': 'Concierto Tributo a Bandas
      Legendarias', 'hour': '__NOT_FOUND__', 'startDate':
      '2026-5-22T21:30+2:00', 'endDate': '2026-5-22T23:00+2:00',
      'duration_days': 0, 'location': 'Parque de Nicolás Salmerón, 9, Bajo 2,
      04001 Almería'}, 'source': 'AlmeriaTurismo', 'exec_time':
      '20260404T172013', 'session': '2026_04_04_17_17_Sabado', 'image':
      'https://www.turismodealmeria.org/wp-content/uploads/2026/03/Concierto-Hom
      enaje-a-las-Grandes-Bandas-de-los-80.jpg', 'url':
      'https://www.turismodealmeria.org/evento/concierto-homenaje-a-las-grandes-
      bandas-de-los-80/'}
      --------------------
      {'id': 'f51f0e26', 'show': 1, 'in_city': 1, 'one_day': 1,
      'wrong_date_time': 0, 'event': 'La Vida Resuelta', 'slug':
      'la-vida-resuelta', 'category': '__NOT_DEFINIED__', 'id_venue':
      'DgpfFbPt', 'venue': 'Teatro Cervantes', 'std_venue': 'Teatro Cervantes',
      'start_date': '2026-05-23', 'start_time': '20:00:00', 'end_date':
      '2026-05-23', 'end_time': '22:00:00', 'description': 'Venus en Escena
      presenta ‘La Vida Resuelta’, una comedia de Marta Sánchez y David S.
      Olivas, dirigida por Abel Pons. Con las actuaciones de Abel Pons, Valeria
      Roberts, Ángela Felices, Matías Ruiz Alonso, y Nuria Goman.', 'others':
      {'category': 'Teatro Cervantes, Almería', 'hour': '__NOT_FOUND__',
      'startDate': '2026-5-23T20:00+2:00', 'endDate': '2026-5-23T22:00+2:00',
      'duration_days': 0, 'location': 'Calle Poeta Villaespesa, 1, 04001
      Almería'}, 'source': 'AlmeriaTurismo', 'exec_time': '20260404T172013',
      'session': '2026_04_04_17_17_Sabado', 'image':
      'https://www.turismodealmeria.org/wp-content/uploads/2026/03/La-Vida-Resue
      lta.jpg', 'url':
      'https://www.turismodealmeria.org/evento/la-vida-resuelta/'}
      --------------------
      {'id': 'fad9fa54', 'show': 1, 'in_city': 1, 'one_day': 1,
      'wrong_date_time': 0, 'event': 'Cuervo Blanco Fest II', 'slug':
      'cuervo-blanco-fest-ii', 'category': '__NOT_DEFINIED__', 'id_venue':
      'NmPqTrh6', 'venue': 'Berlin Social Club', 'std_venue': 'Berlin Social
      Club', 'start_date': '2026-05-23', 'start_time': '20:00:00', 'end_date':
      '2026-05-23', 'end_time': '23:00:00', 'description': '¡No te pierdas el
      Cuervo Blanco Fest II el próximo 23 de mayo en Berlin Social Club!
      Disfruta del mejor tributo en España a System of a Down con la banda
      Armenian. Apertura de puertas a las 20:00 y comienzo del festival a las
      21:00.', 'others': {'category': 'Mejor tributo de España a System of a
      Down', 'hour': '__NOT_FOUND__', 'startDate': '2026-5-23T20:00+2:00',
      'endDate': '2026-5-23T23:00+2:00', 'duration_days': 0, 'location': 'Parque
      de Nicolás Salmerón, 9, Bajo 2, 04001 Almería'}, 'source':
      'AlmeriaTurismo', 'exec_time': '20260404T172013', 'session':
      '2026_04_04_17_17_Sabado', 'image':
      'https://www.turismodealmeria.org/wp-content/uploads/2026/03/Cuervo-Blanco
      -Fest-II.jpg', 'url':
      'https://www.turismodealmeria.org/evento/cuervo-blanco-fest-ii/'}
      --------------------
      {'id': 'e4650e6b', 'show': 1, 'in_city': 1, 'one_day': 1,
      'wrong_date_time': 0, 'event': 'Paula Koops - Los Lugares Donde No Pudimos
      Ir Tour', 'slug': 'paula-koops-los-lugares-donde-no-pudimos-ir-tour',
      'category': '__NOT_DEFINIED__', 'id_venue': 'NmPqTrh6', 'venue': 'Berlin
      Social Club', 'std_venue': 'Berlin Social Club', 'start_date':
      '2026-05-29', 'start_time': '21:00:00', 'end_date': '2026-05-29',
      'end_time': '23:00:00', 'description': 'El tour ‘Los Lugares Donde No
      Pudimos Ir’ de Paula Koops llega a Almería el próximo 29 de mayo en la
      Sala Berlin. La apertura de puertas será a las 21:00 y el show comenzará
      a las 22:00.', 'others': {'category': 'Los Lugares Donde No Pudimos Ir
      Tour', 'hour': '(Viernes) 21:00 pm - 23:00 pm', 'startDate':
      '2026-5-29T21:00+2:00', 'endDate': '2026-5-29T23:00+2:00',
      'duration_days': 0, 'location': 'Parque de Nicolás Salmerón, 9, Bajo 2,
      04001 Almería'}, 'source': 'AlmeriaTurismo', 'exec_time':
      '20260404T172013', 'session': '2026_04_04_17_17_Sabado', 'image':
      'https://www.turismodealmeria.org/wp-content/uploads/2026/03/Paula-Koops-L
      os-Lugares-Donde-No-Pudimos-Ir-Tour.jpg', 'url':
      'https://www.turismodealmeria.org/evento/paula-koops-los-lugares-donde-no-
      pudimos-ir-tour/'}
      --------------------
      {'id': 'f63e45ee', 'show': 1, 'in_city': 1, 'one_day': 1,
      'wrong_date_time': 0, 'event': 'El Raro De Los 90s - David Domínguez',
      'slug': 'el-raro-de-los-90s-david-dominguez', 'category':
      '__NOT_DEFINIED__', 'id_venue': 'DgpfFbPt', 'venue': 'Teatro Cervantes',
      'std_venue': 'Teatro Cervantes', 'start_date': '2026-05-31', 'start_time':
      '18:00:00', 'end_date': '2026-05-31', 'end_time': '19:00:00',
      'description': 'Show de comedia con David Domínguez que te lleva de
      vuelta a los años 90, combinando humor nostálgico con referencias a la
      cultura pop. No te pierdas esta oportunidad de revivir los 90s en el
      Teatro Cervantes de Almería.', 'others': {'category': 'Desde la Gran Vía
      de Madrid', 'hour': '__NOT_FOUND__', 'startDate': '2026-5-31T18:00+2:00',
      'endDate': '2026-5-31T19:00+2:00', 'duration_days': 0, 'location': 'Calle
      Poeta Villaespesa, 1, 04001 Almería'}, 'source': 'AlmeriaTurismo',
      'exec_time': '20260404T172013', 'session': '2026_04_04_17_17_Sabado',
      'image':
      'https://www.turismodealmeria.org/wp-content/uploads/2026/03/El-Raro-de-lo
      s-90s-David-Dominguez.jpg', 'url':
      'https://www.turismodealmeria.org/evento/el-raro-de-los-90s-david-domingue
      z/'}
      Checking unique event url.
      New url events = 0
      #######################
      No new urls/events extracted. No new events to save
      #######################

Result: Succeeded

Launching scraper: JuntaAndaluciaAgenda
Succeeded - 2026-04-04T17:20:45Z

dag: FisgonTaskSelenium (1m 9s)
│
└─tarea_1 (1m 9s) [succeeded]
  ├─bash -lc 'set -eo pipefail; export DOCKER_CONFIG=/tmp/.docker HOME=/tmp;
  │   SELENIUM_NAME="selenium_${DAG_RUN_ID:-$$}_$(date +%s)"; cleanup() {
  │   docker rm -f "$SELENIUM_NAME" >/dev/null 2>&1 || true; }; trap cleanup
  │   EXIT; docker run -d --rm --name "$SELENIUM_NAME" --shm-size=2g -e
  │   SE_NODE_MAX_SESSIONS=1 -e SE_NODE_OVERRIDE_MAX_SESSIONS=true
  │   selenium/standalone-chrome:latest >/dev/null; docker exec
  │   "$SELENIUM_NAME" bash -c "for i in \$(seq 1 60); do (echo >
  │   /dev/tcp/127.0.0.1/4444) >/dev/null 2>&1 && exit 0; sleep 1; done; exit
  │   1"; docker run --rm --network container:"$SELENIUM_NAME" -v
  │   /home/ubuntu/work/fisgon:/app -v
  │   /home/ubuntu/data_storage:/home/ubuntu/data_storage -v
  │   /home/ubuntu/work/event_flask_app/static/img:/home/ubuntu/work/event_fla
  │   sk_app/static/img -w /app -e OPERATION=0 -e DOCKER_CONFIG=/tmp/.docker
  │   -e HOME=/tmp -e TARGET_CITY -e TARGET_SCRAPER -e
  │   DAG_RUN_URL="${DAGU_BASE_URL:-}/dags/${DAG_NAME}?dagRunId=${DAG_RUN_ID}"
  │   -e
  │   DAG_RUN_LOG_URL="${DAGU_BASE_URL:-}/dags/${DAG_NAME}/log?remoteNode=loca
  │   l&step=tarea_1&dagRunId=${DAG_RUN_ID}" fisgon_scraper:1.0'
  │
  └─stdout: ... (15 more lines)
      ******
      css selector
      .view-display-id-page_search_activities > ul:nth-child(3) >
      li:nth-child(1) > a:nth-child(1)
      clicking
      sleeping 3
      Scrolling...
      sleeping 1
      sleeping 7
      ******
      css selector
      .view-display-id-page_search_activities > ul:nth-child(3) >
      li:nth-child(1) > a:nth-child(1)
      clicking
      sleeping 3
      Scrolling...
      sleeping 1
      sleeping 7
      ******
      css selector
      .view-display-id-page_search_activities > ul:nth-child(3) >
      li:nth-child(1) > a:nth-child(1)
      clicking
      sleeping 3
      Scrolling...
      sleeping 1
      sleeping 7
      ******
      css selector
      .view-display-id-page_search_activities > ul:nth-child(3) >
      li:nth-child(1) > a:nth-child(1)
      clicking
      sleeping 3
      Scrolling...
      sleeping 1
      sleeping 7
      ******
      css selector
      .view-display-id-page_search_activities > ul:nth-child(3) >
      li:nth-child(1) > a:nth-child(1)
      clicking
      sleeping 3
      Scrolling...
      sleeping 1
      sleeping 7
      ******
      css selector
      .view-display-id-page_search_activities > ul:nth-child(3) >
      li:nth-child(1) > a:nth-child(1)
      .view-display-id-page_search_activities > ul:nth-child(3) >
      li:nth-child(1) > a:nth-child(1) Not found
      Getting content
      *** SCRAPED 73 URLS WITH EVENTS **
      New url events = 0
      #######################
      No new urls/events extracted. No new events to save
      #######################

Result: Succeeded

Launching scraper: ClassicJazz
Succeeded - 2026-04-04T17:21:54Z

dag: FisgonTaskSelenium (1m 13s)
│
└─tarea_1 (1m 13s) [succeeded]
  ├─bash -lc 'set -eo pipefail; export DOCKER_CONFIG=/tmp/.docker HOME=/tmp;
  │   SELENIUM_NAME="selenium_${DAG_RUN_ID:-$$}_$(date +%s)"; cleanup() {
  │   docker rm -f "$SELENIUM_NAME" >/dev/null 2>&1 || true; }; trap cleanup
  │   EXIT; docker run -d --rm --name "$SELENIUM_NAME" --shm-size=2g -e
  │   SE_NODE_MAX_SESSIONS=1 -e SE_NODE_OVERRIDE_MAX_SESSIONS=true
  │   selenium/standalone-chrome:latest >/dev/null; docker exec
  │   "$SELENIUM_NAME" bash -c "for i in \$(seq 1 60); do (echo >
  │   /dev/tcp/127.0.0.1/4444) >/dev/null 2>&1 && exit 0; sleep 1; done; exit
  │   1"; docker run --rm --network container:"$SELENIUM_NAME" -v
  │   /home/ubuntu/work/fisgon:/app -v
  │   /home/ubuntu/data_storage:/home/ubuntu/data_storage -v
  │   /home/ubuntu/work/event_flask_app/static/img:/home/ubuntu/work/event_fla
  │   sk_app/static/img -w /app -e OPERATION=0 -e DOCKER_CONFIG=/tmp/.docker
  │   -e HOME=/tmp -e TARGET_CITY -e TARGET_SCRAPER -e
  │   DAG_RUN_URL="${DAGU_BASE_URL:-}/dags/${DAG_NAME}?dagRunId=${DAG_RUN_ID}"
  │   -e
  │   DAG_RUN_LOG_URL="${DAGU_BASE_URL:-}/dags/${DAG_NAME}/log?remoteNode=loca
  │   l&step=tarea_1&dagRunId=${DAG_RUN_ID}" fisgon_scraper:1.0'
  │
  ├─stdout: ... (18 more lines)
  │   sleeping 1
  │   Getting content
  │   clicking
  │   sleeping 3
  │   sleeping 7
  │   *********************times =2
  │   sleeping 7
  │   Scrolling...
  │   sleeping 1
  │   Getting content
  │   clicking
  │   sleeping 3
  │   sleeping 7
  │   *** SCRAPED 112 URLS WITH EVENTS **
  │   New url events = 5
  │   0 / 5
  │   Getting https://clasijazz.com/evento/alvarito-manley/
  │   Sleep 4
  │   2026-04-17T20:00:00 2026-04-17T21:30:00
  │   --------------------
  │   {'id': 'cdc62f64', 'show': 1, 'in_city': 1, 'one_day': 1,
  │   'wrong_date_time': 0, 'event': 'Alvarito Y El Gran Manley', 'slug':
  │   'alvarito-y-el-gran-manley', 'category': '__NOT_DEFINIED__', 'id_venue':
  │   'Q6b6LRjT', 'venue': 'Sede Clasijazz', 'std_venue': 'Clasijazz',
  │   'start_date': '2026-04-17', 'start_time': '20:00:00', 'end_date':
  │   '2026-04-17', 'end_time': '21:30:00', 'description': '12 € NS / 5 €
  │   S Sala Principal Alvarito y el Gran Manley regresan al Clasijazz para
  │   volver a llenar la sala de carcajadas con sus hilarantes sketches y
  │   monólogos. Si la última vez te lo perdiste… Esta es tu ocasión!',
  │   'others': {'price': '5,00€ – 12,00€', 'category': 'Programación',
  │   'location_url': 'https://clasijazz.com/local/sede-clasijazz/',
  │   'location': 'Maestro Serrano 9, Almería'}, 'source': 'ClassicJazz',
  │   'exec_time': '20260404T172159', 'session': '2026_04_04_17_17_Sabado',
  │   'image':
  │   'https://clasijazz.com/wp-content/uploads/2026/03/8a9f6c71-5ea3-4900-a4d
  │   0-34f73ee81609.jpg', 'url':
  │   'https://clasijazz.com/evento/alvarito-manley/'}
  │   1 / 5
  │   Getting
  │   https://clasijazz.com/evento/cienciajazz-rural-un-viaje-por-los-cuaderno
  │   s-escolares-de-la-alpujarra-dr-christian-roith-el-molino-clasijazz-rural
  │   /
  │   Sleep 4
  │   2026-04-18T10:30:00 2026-04-18T14:00:00
  │   --------------------
  │   {'id': 'f912efa7', 'show': 1, 'in_city': 1, 'one_day': 1,
  │   'wrong_date_time': 0, 'event': 'Cienciajazz Rural: «Un Viaje Por Los
  │   Cuadernos Escolares De La Alpujarra». Dr. Christian Roith – EL MOLINO
  │   Clasijazz Rural', 'slug':
  │   'cienciajazz-rural-un-viaje-por-los-cuadernos-escolares-de-la-alpujarra-
  │   dr-christ', 'category': '__NOT_DEFINIED__', 'id_venue': 'Q6b6LRjT',
  │   'venue': 'El Molino – Clasijazz rural', 'std_venue': 'Clasijazz',
  │   'start_date': '2026-04-18', 'start_time': '10:30:00', 'end_date':
  │   '2026-04-18', 'end_time': '14:00:00', 'description': 'EL MOLINO
  │   Clasijazz Rural Cienciajazz Rural Una edición especial del Cienciajazz
  │   en el Molino Clasijazz Rural. Programación: 10:30. Visita guiada al
  │   Museo de la Escritura. Fundación Museos de Terque. 11:30. Charla: «Un
  │   viaje por los cuadernos escolares de La Alpujarra». Dr. Christian
  │   Roith. 13:00. Concierto del grupo Atrezzo: Grace Annis (voz, guitarra,
  │   batería), León (voz, batería y guitarra), Pablo Aranda (saxos soprano
  │   y tenor )', 'others': {'price': '__NOT_DEFINIED__', 'category':
  │   'Programación', 'location_url':
  │   'https://clasijazz.com/local/el-molino/', 'location': 'X9MW+8V,
  │   Terque'}, 'source': 'ClassicJazz', 'exec_time': '20260404T172159',
  │   'session': '2026_04_04_17_17_Sabado', 'image':
  │   'https://clasijazz.com/wp-content/uploads/2026/04/descarga.jpg', 'url':
  │   'https://clasijazz.com/evento/cienciajazz-rural-un-viaje-por-los-cuadern
  │   os-escolares-de-la-alpujarra-dr-christian-roith-el-molino-clasijazz-rura
  │   l/'}
  │   2 / 5
  │   Getting
  │   https://clasijazz.com/evento/luchas-nostalgias-y-desvarios-port-of-spain
  │   /
  │   Sleep 4
  │   2026-04-25T22:00:00 2026-04-25T23:30:00
  │   --------------------
  │   {'id': '31c33161', 'show': 1, 'in_city': 1, 'one_day': 1,
  │   'wrong_date_time': 0, 'event': 'Luchas, Nostalgias Y Desvaríos',
  │   'slug': 'luchas-nostalgias-y-desvarios', 'category': '__NOT_DEFINIED__',
  │   'id_venue': 'ddgm4gQP', 'venue': 'Port Of Spain', 'std_venue': 'Port Of
  │   Spain', 'start_date': '2026-04-25', 'start_time': '22:00:00',
  │   'end_date': '2026-04-25', 'end_time': '23:30:00', 'description': '12€
  │   NS /5€ S | Port of Spain Entradas Rock. Críticas cinematográficas.
  │   Revolución. Poesía. Música culta. Comedia. Indie. Una maleta con
  │   partituras. Cristina Peri Rossi. Shakespeare. Mimo. Nostalgia. Erik
  │   Satie. Lorca. Astor Piazzolla. Buskowsky. Rosendo. Teatro. Luchas,
  │   Nostalgias y Desvaríos se presentó en Clasijazz (Almería) como una
  │   propuesta híbrida que mezcla poesía, música y teatro. El Ratón y la
  │   Ratonera es una compañía almeriense de artes escénicas dedicada a la
  │   fusión de lenguajes: teatro, poesía, música en directo y performance.
  │   Tras una primera etapa que les dio visibilidad —y en la que se les
  │   relaciona con la escena local y premios como el Acteón (años
  │   2006–2008)— la compañía retomó la actividad en 2025 con Luchas,
  │   Nostalgias y Desvaríos.', 'others': {'price': '__NOT_DEFINIED__',
  │   'category': 'Programación', 'location_url':
  │   'https://clasijazz.com/local/port-of-spain/', 'location': 'Parque
  │   Nicolás Salmeron 20, Almería'}, 'source': 'ClassicJazz', 'exec_time':
  │   '20260404T172159', 'session': '2026_04_04_17_17_Sabado', 'image':
  │   'https://clasijazz.com/wp-content/uploads/2026/04/WhatsApp-Image-2026-04
  │   -03-at-19.53.18.jpeg', 'url':
  │   'https://clasijazz.com/evento/luchas-nostalgias-y-desvarios-port-of-spai
  │   n/'}
  │   3 / 5
  │   Getting
  │   https://clasijazz.com/evento/concierto-de-leonardo-garcia-el-molino-clas
  │   ijazz-rural/
  │   Sleep 4
  │   2026-04-16T19:00:00 2026-04-16T20:30:00
  │   --------------------
  │   {'id': '8637fce0', 'show': 1, 'in_city': 1, 'one_day': 1,
  │   'wrong_date_time': 0, 'event': 'Concierto De Leonardo García – EL
  │   MOLINO Clasijazz Rural', 'slug':
  │   'concierto-de-leonardo-garcia-el-molino-clasijazz-rural', 'category':
  │   '__NOT_DEFINIED__', 'id_venue': 'Q6b6LRjT', 'venue': 'El Molino –
  │   Clasijazz rural', 'std_venue': 'Clasijazz', 'start_date': '2026-04-16',
  │   'start_time': '19:00:00', 'end_date': '2026-04-16', 'end_time':
  │   '20:30:00', 'description': '10€ NS / 7 € S EL MOLINO Clasijazz Rural
  │   (Terque) Concierto de Leonardo García_Cantautor de la Trovuntivitis de
  │   Santa Clara, Cuba Uno de los lores que regentan el territorio de la
  │   trova reciente es Leo García. Integra La Trovuntivitis, grupo de
  │   cantautores y cantautoras que desde hace una veintena de años defienden
  │   a la capital de la provincia como plaza segura para esa manera de
  │   interpretar al país. Él es cantante e instrumentista notable con
  │   estudios de guitarra clásica, e inspirado compositor. Como trovador,
  │   todas esas dimensiones se imbrican en el acto creativo para construir
  │   piezas de imaginativas líneas melódicas y estimulantes letras,
  │   defendidas por su autor en el escenario con ejemplar dedicación.
  │   Concierto imperdible.', 'others': {'price': '__NOT_DEFINIED__',
  │   'category': 'Programación', 'location_url':
  │   'https://clasijazz.com/local/el-molino/', 'location': 'X9MW+8V,
  │   Terque'}, 'source': 'ClassicJazz', 'exec_time': '20260404T172159',
  │   'session': '2026_04_04_17_17_Sabado', 'image':
  │   'https://clasijazz.com/wp-content/uploads/2026/04/leonardo-garcia-tregua
  │   -yuzin-1.jpg', 'url':
  │   'https://clasijazz.com/evento/concierto-de-leonardo-garcia-el-molino-cla
  │   sijazz-rural/'}
  │   4 / 5
  │   Getting
  │   https://clasijazz.com/evento/concierto-de-carlos-cortes-bustamante-vincu
  │   los/
  │   Sleep 4
  │   2026-04-11T13:00:00 2026-04-11T14:00:00
  │   --------------------
  │   {'id': '835f0807', 'show': 1, 'in_city': 1, 'one_day': 1,
  │   'wrong_date_time': 0, 'event': 'Concierto De Carlos Cortés Bustamante
  │   «Vínculos» – EL MOLINO Clasijazz Rural', 'slug':
  │   'concierto-de-carlos-cortes-bustamante-vinculos-el-molino-clasijazz-rura
  │   l', 'category': '__NOT_DEFINIED__', 'id_venue': 'Q6b6LRjT', 'venue': 'El
  │   Molino – Clasijazz rural', 'std_venue': 'Clasijazz', 'start_date':
  │   '2026-04-11', 'start_time': '13:00:00', 'end_date': '2026-04-11',
  │   'end_time': '14:00:00', 'description': '10 € NS / 7 € S EL MOLINO
  │   Clasijazz Rural – Terque «Vínculos» es el proyecto en solitario del
  │   artista, compositor y productor gaditano Carlos Cortés Bustamante. Un
  │   trabajo de música andaluza y jazz en el que conviven la búsqueda
  │   creativa y la ortodoxia. Carlos Cortés Bustamante es un creador
  │   completo, un viajero incansable, perseguidor de ritmos, siempre en la
  │   sombra acompañando y produciendo a ilustres de nuestra música en los
  │   últimos años, da un paso adelante para dar vida con su guitarra
  │   flamenca a este trabajo ecléctico y coherente, donde resuenan los ecos
  │   andalusíes, africanos, caribeños, sefardíes o mediterráneos de sus
  │   vivencias y que emanan a través del más legítimo flamenco gaditano,
  │   ese que al mismo tiempo que bebe de las enseñanzas de Falla, es
  │   inevitablemente cosmopolita, creativo y libre. Arreglos cuidados,
  │   melodías con fuerza y propuestas rítmicas completamente nuevas donde
  │   el flamenco, el jazz, la música latina, el groove afroamericano, la
  │   raíz andalusí y la música mediterránea se unen con asombrosa
  │   naturalidad. Espectaculares solos que arrancan aplausos en cada
  │   canción. Una propuesta llena de nuevas formas musicales que han sido
  │   creadas al detalle usando la libertad que Carlos profesa. Guitarra
  │   flamenca, laúd ibérico, flauta travesera, trombón, cajón, congas,
  │   bongós y más. Añadiendo a esto un lenguaje rítmico rigurosamente
  │   elaborado y una riqueza arreglística asombrosa. Duración: 60 minutos.
  │   Para todos los públicos. Género: worldmusic, flamenco, mediterránea,
  │   jazz. https://www.youtube.com/watch?v=A2v5FFpbtHY', 'others': {'price':
  │   '__NOT_DEFINIED__', 'category': 'Programación', 'location_url':
  │   'https://clasijazz.com/local/el-molino/', 'location': 'X9MW+8V,
  │   Terque'}, 'source': 'ClassicJazz', 'exec_time': '20260404T172159',
  │   'session': '2026_04_04_17_17_Sabado', 'image':
  │   'https://clasijazz.com/wp-content/uploads/2026/04/0023291908_71.jpg',
  │   'url':
  │   'https://clasijazz.com/evento/concierto-de-carlos-cortes-bustamante-vinc
  │   ulos/'}
  │   ****************************
  │   Saving 5 new events
  │   Saving in
  │   /home/ubuntu/data_storage/Almeria/2026_04_04_17_17_Sabado/0_raw/20260404
  │   _1721_ClassicJazz.json
  │   Saving 5 master url
  │   Appending to /home/ubuntu/data_storage/Almeria/00_master/master_url.json
  └─stderr:
      /usr/local/lib/python3.11/site-packages/urllib3/connectionpool.py:1097:
      InsecureRequestWarning: Unverified HTTPS request is being made to host
      'clasijazz.com'. Adding certificate verification is strongly advised. See:
      https://urllib3.readthedocs.io/en/latest/advanced-usage.html#tls-warnings
      warnings.warn(
      /usr/local/lib/python3.11/site-packages/urllib3/connectionpool.py:1097:
      InsecureRequestWarning: Unverified HTTPS request is being made to host
      'clasijazz.com'. Adding certificate verification is strongly advised. See:
      https://urllib3.readthedocs.io/en/latest/advanced-usage.html#tls-warnings
      warnings.warn(
      /usr/local/lib/python3.11/site-packages/urllib3/connectionpool.py:1097:
      InsecureRequestWarning: Unverified HTTPS request is being made to host
      'clasijazz.com'. Adding certificate verification is strongly advised. See:
      https://urllib3.readthedocs.io/en/latest/advanced-usage.html#tls-warnings
      warnings.warn(
      /usr/local/lib/python3.11/site-packages/urllib3/connectionpool.py:1097:
      InsecureRequestWarning: Unverified HTTPS request is being made to host
      'clasijazz.com'. Adding certificate verification is strongly advised. See:
      https://urllib3.readthedocs.io/en/latest/advanced-usage.html#tls-warnings
      warnings.warn(
      /usr/local/lib/python3.11/site-packages/urllib3/connectionpool.py:1097:
      InsecureRequestWarning: Unverified HTTPS request is being made to host
      'clasijazz.com'. Adding certificate verification is strongly advised. See:
      https://urllib3.readthedocs.io/en/latest/advanced-usage.html#tls-warnings
      warnings.warn(

Result: Succeeded

Launching scraper: Entradium
Succeeded - 2026-04-04T17:23:07Z

dag: FisgonTaskSelenium (41.0s)
│
└─tarea_1 (41.0s) [succeeded]
  ├─bash -lc 'set -eo pipefail; export DOCKER_CONFIG=/tmp/.docker HOME=/tmp;
  │   SELENIUM_NAME="selenium_${DAG_RUN_ID:-$$}_$(date +%s)"; cleanup() {
  │   docker rm -f "$SELENIUM_NAME" >/dev/null 2>&1 || true; }; trap cleanup
  │   EXIT; docker run -d --rm --name "$SELENIUM_NAME" --shm-size=2g -e
  │   SE_NODE_MAX_SESSIONS=1 -e SE_NODE_OVERRIDE_MAX_SESSIONS=true
  │   selenium/standalone-chrome:latest >/dev/null; docker exec
  │   "$SELENIUM_NAME" bash -c "for i in \$(seq 1 60); do (echo >
  │   /dev/tcp/127.0.0.1/4444) >/dev/null 2>&1 && exit 0; sleep 1; done; exit
  │   1"; docker run --rm --network container:"$SELENIUM_NAME" -v
  │   /home/ubuntu/work/fisgon:/app -v
  │   /home/ubuntu/data_storage:/home/ubuntu/data_storage -v
  │   /home/ubuntu/work/event_flask_app/static/img:/home/ubuntu/work/event_fla
  │   sk_app/static/img -w /app -e OPERATION=0 -e DOCKER_CONFIG=/tmp/.docker
  │   -e HOME=/tmp -e TARGET_CITY -e TARGET_SCRAPER -e
  │   DAG_RUN_URL="${DAGU_BASE_URL:-}/dags/${DAG_NAME}?dagRunId=${DAG_RUN_ID}"
  │   -e
  │   DAG_RUN_LOG_URL="${DAGU_BASE_URL:-}/dags/${DAG_NAME}/log?remoteNode=loca
  │   l&step=tarea_1&dagRunId=${DAG_RUN_ID}" fisgon_scraper:1.0'
  │
  ├─stdout:
  │   RUNNING VARS →
  │   CITY=Almeria,
  │   OPERATION=0,
  │   CREATE_SESSION=0,
  │   CLOSE_SESSION=0,
  │   SESSION=None,
  │   IMAGES=0,
  │   GET_SCRAPERS=
  │   SCRAPER=Entradium
  │   DAG_RUN_URL=/dags/FisgonTaskSelenium/log?remoteNode=local&step=tarea_1&d
  │   agRunId=019d5985-1776-760d-8112-f28bd5411209
  │   Running for Almeria: Entradium
  │   Entradium
  │   RUNNING SESSION =  2026_04_04_17_17_Sabado
  │   Starting WebDriver...
  │   http://localhost:4444/wd/hub
  │   sleeping 5
  │   clicking
  │   sleeping 3
  │   sleeping 1.5
  │   sleeping 3
  │   ******
  │   xpath
  │   /html/body/header/div[2]/div[1]/div/div/form/div/div/button/span/i
  │   clicking
  │   sleeping 3
  │   sleeping 8
  │   Getting content
  │   *** SCRAPED 23 URLS WITH EVENTS **
  │   New url events = 1
  │   0 / 1
  │   Getting
  │   https://entradium.com/es/events/alicia-en-el-pais-de-las-maravillas-alme
  │   ria-sala-emma-escuela-municipal-de-musica
  │   Sleep 4
  │   ['24.05.2026', '17:00']
  │   --------------------
  │   {'id': '54db3b81', 'show': 1, 'in_city': 1, 'one_day': 1,
  │   'wrong_date_time': 0, 'event': 'Alicia en El País De Las Maravillas',
  │   'slug': 'alicia-en-el-pais-de-las-maravillas', 'category':
  │   '__NOT_DEFINIED__', 'id_venue': '7qHRF9LM', 'venue': 'Sala EMMA (Escuela
  │   municipal de música)', 'std_venue': 'Sala Escuela Municipal de Música
  │   & Artes', 'start_date': '2026-05-24', 'start_time': '17:00:00',
  │   'end_date': '__NOT_DEFINIED__', 'end_time': '__NOT_DEFINIED__',
  │   'description': 'Pasa una tarde inolvidable con tu familia y amigos en
  │   este musical interactivo pensado para los más pequeños de la casa.
  │   Diversión, música y baile garantizados.Ayudad a Alicia a salvar el
  │   País de las Maravillas, Wonderland, de la tiranía de la Reina de
  │   Corazones, con la ayuda de sus nuevos amigos el Sombrerero Loco, el Gato
  │   Risón, el Conejo Blanco y algún personaje sorpresa. ¿Conseguiremos
  │   juntos que la felicidad vuelva a Wonderland?Duración: 1 hora aprox.',
  │   'others': {}, 'source': 'Entradium', 'exec_time': '20260404T172313',
  │   'session': '2026_04_04_17_17_Sabado', 'image':
  │   'https://d2il8hfach02z9.cloudfront.net/uploads/event/poster/854f4e934e1c
  │   182bb31e1260f54e52ec06552a75/event_m_1000041662.jpg?v=1775309630',
  │   'url':
  │   'https://entradium.com/es/events/alicia-en-el-pais-de-las-maravillas-alm
  │   eria-sala-emma-escuela-municipal-de-musica'}
  │   ****************************
  │   Saving 1 new events
  │   Saving in
  │   /home/ubuntu/data_storage/Almeria/2026_04_04_17_17_Sabado/0_raw/20260404
  │   _1723_Entradium.json
  │   Saving 1 master url
  │   Appending to /home/ubuntu/data_storage/Almeria/00_master/master_url.json
  └─stderr:
      /usr/local/lib/python3.11/site-packages/urllib3/connectionpool.py:1097:
      InsecureRequestWarning: Unverified HTTPS request is being made to host
      'entradium.com'. Adding certificate verification is strongly advised. See:
      https://urllib3.readthedocs.io/en/latest/advanced-usage.html#tls-warnings
      warnings.warn(

Result: Succeeded

Launching scraper: TodasLasEntradas
Succeeded - 2026-04-04T17:23:48Z

dag: FisgonTaskSelenium (9.0s)
│
└─tarea_1 (9.0s) [succeeded]
  ├─bash -lc 'set -eo pipefail; export DOCKER_CONFIG=/tmp/.docker HOME=/tmp;
  │   SELENIUM_NAME="selenium_${DAG_RUN_ID:-$$}_$(date +%s)"; cleanup() {
  │   docker rm -f "$SELENIUM_NAME" >/dev/null 2>&1 || true; }; trap cleanup
  │   EXIT; docker run -d --rm --name "$SELENIUM_NAME" --shm-size=2g -e
  │   SE_NODE_MAX_SESSIONS=1 -e SE_NODE_OVERRIDE_MAX_SESSIONS=true
  │   selenium/standalone-chrome:latest >/dev/null; docker exec
  │   "$SELENIUM_NAME" bash -c "for i in \$(seq 1 60); do (echo >
  │   /dev/tcp/127.0.0.1/4444) >/dev/null 2>&1 && exit 0; sleep 1; done; exit
  │   1"; docker run --rm --network container:"$SELENIUM_NAME" -v
  │   /home/ubuntu/work/fisgon:/app -v
  │   /home/ubuntu/data_storage:/home/ubuntu/data_storage -v
  │   /home/ubuntu/work/event_flask_app/static/img:/home/ubuntu/work/event_fla
  │   sk_app/static/img -w /app -e OPERATION=0 -e DOCKER_CONFIG=/tmp/.docker
  │   -e HOME=/tmp -e TARGET_CITY -e TARGET_SCRAPER -e
  │   DAG_RUN_URL="${DAGU_BASE_URL:-}/dags/${DAG_NAME}?dagRunId=${DAG_RUN_ID}"
  │   -e
  │   DAG_RUN_LOG_URL="${DAGU_BASE_URL:-}/dags/${DAG_NAME}/log?remoteNode=loca
  │   l&step=tarea_1&dagRunId=${DAG_RUN_ID}" fisgon_scraper:1.0'
  │
  └─stdout:
      RUNNING VARS →
      CITY=Almeria,
      OPERATION=0,
      CREATE_SESSION=0,
      CLOSE_SESSION=0,
      SESSION=None,
      IMAGES=0,
      GET_SCRAPERS=
      SCRAPER=TodasLasEntradas
      DAG_RUN_URL=/dags/FisgonTaskSelenium/log?remoteNode=local&step=tarea_1&dag
      RunId=019d5985-b6bf-7270-8f75-17a8d155b3fb
      Running for Almeria: TodasLasEntradas
      TodasLasEntradas
      RUNNING SESSION =  2026_04_04_17_17_Sabado
      Starting WebDriver...
      http://localhost:4444/wd/hub
      Getting content
      *** SCRAPED 10 URLS WITH EVENTS **
      New url events = 0
      #######################
      No new urls/events extracted. No new events to save
      #######################

Result: Succeeded

Launching scraper: RedBibliotecas
Succeeded - 2026-04-04T17:23:57Z

dag: FisgonTaskSelenium (10.0s)
│
└─tarea_1 (10.0s) [succeeded]
  ├─bash -lc 'set -eo pipefail; export DOCKER_CONFIG=/tmp/.docker HOME=/tmp;
  │   SELENIUM_NAME="selenium_${DAG_RUN_ID:-$$}_$(date +%s)"; cleanup() {
  │   docker rm -f "$SELENIUM_NAME" >/dev/null 2>&1 || true; }; trap cleanup
  │   EXIT; docker run -d --rm --name "$SELENIUM_NAME" --shm-size=2g -e
  │   SE_NODE_MAX_SESSIONS=1 -e SE_NODE_OVERRIDE_MAX_SESSIONS=true
  │   selenium/standalone-chrome:latest >/dev/null; docker exec
  │   "$SELENIUM_NAME" bash -c "for i in \$(seq 1 60); do (echo >
  │   /dev/tcp/127.0.0.1/4444) >/dev/null 2>&1 && exit 0; sleep 1; done; exit
  │   1"; docker run --rm --network container:"$SELENIUM_NAME" -v
  │   /home/ubuntu/work/fisgon:/app -v
  │   /home/ubuntu/data_storage:/home/ubuntu/data_storage -v
  │   /home/ubuntu/work/event_flask_app/static/img:/home/ubuntu/work/event_fla
  │   sk_app/static/img -w /app -e OPERATION=0 -e DOCKER_CONFIG=/tmp/.docker
  │   -e HOME=/tmp -e TARGET_CITY -e TARGET_SCRAPER -e
  │   DAG_RUN_URL="${DAGU_BASE_URL:-}/dags/${DAG_NAME}?dagRunId=${DAG_RUN_ID}"
  │   -e
  │   DAG_RUN_LOG_URL="${DAGU_BASE_URL:-}/dags/${DAG_NAME}/log?remoteNode=loca
  │   l&step=tarea_1&dagRunId=${DAG_RUN_ID}" fisgon_scraper:1.0'
  │
  └─stdout:
      RUNNING VARS →
      CITY=Almeria,
      OPERATION=0,
      CREATE_SESSION=0,
      CLOSE_SESSION=0,
      SESSION=None,
      IMAGES=0,
      GET_SCRAPERS=
      SCRAPER=RedBibliotecas
      DAG_RUN_URL=/dags/FisgonTaskSelenium/log?remoteNode=local&step=tarea_1&dag
      RunId=019d5985-d934-76fb-81e8-913a5528973b
      Running for Almeria: RedBibliotecas
      RedBibliotecas
      RUNNING SESSION =  2026_04_04_17_17_Sabado
      START
      Starting WebDriver...
      http://localhost:4444/wd/hub
      page=1
      Getting content
      ['https://www.bibliotecaspublicas.es/almeria/actividades/Agenda/ta-172-tej
      iendo.html',
      'https://www.bibliotecaspublicas.es/almeria/actividades/Agenda/cci-140-lob
      os.html',
      'https://www.bibliotecaspublicas.es/almeria/actividades/Agenda/ta-marcapag
      inas.html',
      'https://www.bibliotecaspublicas.es/almeria/actividades/Agenda/cci-143-lob
      os.html',
      'https://www.bibliotecaspublicas.es/almeria/actividades/Agenda/pl-172-aris
      tides.html',
      'https://www.bibliotecaspublicas.es/almeria/actividades/Agenda/pl-143.html
      ',
      'https://www.bibliotecaspublicas.es/almeria/actividades/Agenda/bbc-bc-clar
      a.html',
      'https://www.bibliotecaspublicas.es/almeria/actividades/Agenda/cl-172.html
      ',
      'https://www.bibliotecaspublicas.es/almeria/actividades/Agenda/ti-140-rato
      ncitos.html',
      'https://www.bibliotecaspublicas.es/almeria/actividades/Agenda/pl-140.html
      ',
      'https://www.bibliotecaspublicas.es/almeria/actividades/Agenda/pl-172-gita
      nos.html',
      'https://www.bibliotecaspublicas.es/almeria/actividades/Agenda/ti-141-rato
      ncitos.html',
      'https://www.bibliotecaspublicas.es/almeria/actividades/Agenda/charla-bc.h
      tml',
      'https://www.bibliotecaspublicas.es/almeria/actividades/Agenda/cl-cabo.htm
      l',
      'https://www.bibliotecaspublicas.es/almeria/actividades/Agenda/cci-172-lob
      os.html',
      'https://www.bibliotecaspublicas.es/almeria/actividades/Agenda/ti-142-rato
      ncitos.html',
      'https://www.bibliotecaspublicas.es/almeria/actividades/Agenda/cci-141-lob
      os.html',
      'https://www.bibliotecaspublicas.es/almeria/actividades/Agenda/ti-143-rato
      ncitos.html',
      'https://www.bibliotecaspublicas.es/almeria/actividades/Agenda/cci-142.htm
      l',
      'https://www.bibliotecaspublicas.es/almeria/actividades/Agenda/tf-172-rato
      ncitos.html']
      page=2
      Getting content
      ['https://www.bibliotecaspublicas.es/almeria/actividades/Agenda/ta-172-tej
      iendo.html',
      'https://www.bibliotecaspublicas.es/almeria/actividades/Agenda/cci-140-lob
      os.html',
      'https://www.bibliotecaspublicas.es/almeria/actividades/Agenda/ta-marcapag
      inas.html',
      'https://www.bibliotecaspublicas.es/almeria/actividades/Agenda/cci-143-lob
      os.html',
      'https://www.bibliotecaspublicas.es/almeria/actividades/Agenda/pl-172-aris
      tides.html',
      'https://www.bibliotecaspublicas.es/almeria/actividades/Agenda/pl-143.html
      ',
      'https://www.bibliotecaspublicas.es/almeria/actividades/Agenda/bbc-bc-clar
      a.html',
      'https://www.bibliotecaspublicas.es/almeria/actividades/Agenda/cl-172.html
      ',
      'https://www.bibliotecaspublicas.es/almeria/actividades/Agenda/ti-140-rato
      ncitos.html',
      'https://www.bibliotecaspublicas.es/almeria/actividades/Agenda/pl-140.html
      ',
      'https://www.bibliotecaspublicas.es/almeria/actividades/Agenda/pl-172-gita
      nos.html',
      'https://www.bibliotecaspublicas.es/almeria/actividades/Agenda/ti-141-rato
      ncitos.html',
      'https://www.bibliotecaspublicas.es/almeria/actividades/Agenda/charla-bc.h
      tml',
      'https://www.bibliotecaspublicas.es/almeria/actividades/Agenda/cl-cabo.htm
      l',
      'https://www.bibliotecaspublicas.es/almeria/actividades/Agenda/cci-172-lob
      os.html',
      'https://www.bibliotecaspublicas.es/almeria/actividades/Agenda/ti-142-rato
      ncitos.html',
      'https://www.bibliotecaspublicas.es/almeria/actividades/Agenda/cci-141-lob
      os.html',
      'https://www.bibliotecaspublicas.es/almeria/actividades/Agenda/ti-143-rato
      ncitos.html',
      'https://www.bibliotecaspublicas.es/almeria/actividades/Agenda/cci-142.htm
      l',
      'https://www.bibliotecaspublicas.es/almeria/actividades/Agenda/tf-172-rato
      ncitos.html',
      'https://www.bibliotecaspublicas.es/almeria/actividades/Agenda/ta-172-teji
      endo.html',
      'https://www.bibliotecaspublicas.es/almeria/actividades/Agenda/cci-140-lob
      os.html',
      'https://www.bibliotecaspublicas.es/almeria/actividades/Agenda/ta-marcapag
      inas.html',
      'https://www.bibliotecaspublicas.es/almeria/actividades/Agenda/cci-143-lob
      os.html',
      'https://www.bibliotecaspublicas.es/almeria/actividades/Agenda/pl-172-aris
      tides.html',
      'https://www.bibliotecaspublicas.es/almeria/actividades/Agenda/pl-143.html
      ',
      'https://www.bibliotecaspublicas.es/almeria/actividades/Agenda/bbc-bc-clar
      a.html',
      'https://www.bibliotecaspublicas.es/almeria/actividades/Agenda/cl-172.html
      ',
      'https://www.bibliotecaspublicas.es/almeria/actividades/Agenda/ti-140-rato
      ncitos.html',
      'https://www.bibliotecaspublicas.es/almeria/actividades/Agenda/pl-140.html
      ',
      'https://www.bibliotecaspublicas.es/almeria/actividades/Agenda/pl-172-gita
      nos.html',
      'https://www.bibliotecaspublicas.es/almeria/actividades/Agenda/ti-141-rato
      ncitos.html',
      'https://www.bibliotecaspublicas.es/almeria/actividades/Agenda/charla-bc.h
      tml',
      'https://www.bibliotecaspublicas.es/almeria/actividades/Agenda/cl-cabo.htm
      l',
      'https://www.bibliotecaspublicas.es/almeria/actividades/Agenda/cci-172-lob
      os.html',
      'https://www.bibliotecaspublicas.es/almeria/actividades/Agenda/ti-142-rato
      ncitos.html',
      'https://www.bibliotecaspublicas.es/almeria/actividades/Agenda/cci-141-lob
      os.html',
      'https://www.bibliotecaspublicas.es/almeria/actividades/Agenda/ti-143-rato
      ncitos.html',
      'https://www.bibliotecaspublicas.es/almeria/actividades/Agenda/cci-142.htm
      l',
      'https://www.bibliotecaspublicas.es/almeria/actividades/Agenda/tf-172-rato
      ncitos.html']
      page=3
      Getting content
      ['https://www.bibliotecaspublicas.es/almeria/actividades/Agenda/ta-172-tej
      iendo.html',
      'https://www.bibliotecaspublicas.es/almeria/actividades/Agenda/cci-140-lob
      os.html',
      'https://www.bibliotecaspublicas.es/almeria/actividades/Agenda/ta-marcapag
      inas.html',
      'https://www.bibliotecaspublicas.es/almeria/actividades/Agenda/cci-143-lob
      os.html',
      'https://www.bibliotecaspublicas.es/almeria/actividades/Agenda/pl-172-aris
      tides.html',
      'https://www.bibliotecaspublicas.es/almeria/actividades/Agenda/pl-143.html
      ',
      'https://www.bibliotecaspublicas.es/almeria/actividades/Agenda/bbc-bc-clar
      a.html',
      'https://www.bibliotecaspublicas.es/almeria/actividades/Agenda/cl-172.html
      ',
      'https://www.bibliotecaspublicas.es/almeria/actividades/Agenda/ti-140-rato
      ncitos.html',
      'https://www.bibliotecaspublicas.es/almeria/actividades/Agenda/pl-140.html
      ',
      'https://www.bibliotecaspublicas.es/almeria/actividades/Agenda/pl-172-gita
      nos.html',
      'https://www.bibliotecaspublicas.es/almeria/actividades/Agenda/ti-141-rato
      ncitos.html',
      'https://www.bibliotecaspublicas.es/almeria/actividades/Agenda/charla-bc.h
      tml',
      'https://www.bibliotecaspublicas.es/almeria/actividades/Agenda/cl-cabo.htm
      l',
      'https://www.bibliotecaspublicas.es/almeria/actividades/Agenda/cci-172-lob
      os.html',
      'https://www.bibliotecaspublicas.es/almeria/actividades/Agenda/ti-142-rato
      ncitos.html',
      'https://www.bibliotecaspublicas.es/almeria/actividades/Agenda/cci-141-lob
      os.html',
      'https://www.bibliotecaspublicas.es/almeria/actividades/Agenda/ti-143-rato
      ncitos.html',
      'https://www.bibliotecaspublicas.es/almeria/actividades/Agenda/cci-142.htm
      l',
      'https://www.bibliotecaspublicas.es/almeria/actividades/Agenda/tf-172-rato
      ncitos.html',
      'https://www.bibliotecaspublicas.es/almeria/actividades/Agenda/ta-172-teji
      endo.html',
      'https://www.bibliotecaspublicas.es/almeria/actividades/Agenda/cci-140-lob
      os.html',
      'https://www.bibliotecaspublicas.es/almeria/actividades/Agenda/ta-marcapag
      inas.html',
      'https://www.bibliotecaspublicas.es/almeria/actividades/Agenda/cci-143-lob
      os.html',
      'https://www.bibliotecaspublicas.es/almeria/actividades/Agenda/pl-172-aris
      tides.html',
      'https://www.bibliotecaspublicas.es/almeria/actividades/Agenda/pl-143.html
      ',
      'https://www.bibliotecaspublicas.es/almeria/actividades/Agenda/bbc-bc-clar
      a.html',
      'https://www.bibliotecaspublicas.es/almeria/actividades/Agenda/cl-172.html
      ',
      'https://www.bibliotecaspublicas.es/almeria/actividades/Agenda/ti-140-rato
      ncitos.html',
      'https://www.bibliotecaspublicas.es/almeria/actividades/Agenda/pl-140.html
      ',
      'https://www.bibliotecaspublicas.es/almeria/actividades/Agenda/pl-172-gita
      nos.html',
      'https://www.bibliotecaspublicas.es/almeria/actividades/Agenda/ti-141-rato
      ncitos.html',
      'https://www.bibliotecaspublicas.es/almeria/actividades/Agenda/charla-bc.h
      tml',
      'https://www.bibliotecaspublicas.es/almeria/actividades/Agenda/cl-cabo.htm
      l',
      'https://www.bibliotecaspublicas.es/almeria/actividades/Agenda/cci-172-lob
      os.html',
      'https://www.bibliotecaspublicas.es/almeria/actividades/Agenda/ti-142-rato
      ncitos.html',
      'https://www.bibliotecaspublicas.es/almeria/actividades/Agenda/cci-141-lob
      os.html',
      'https://www.bibliotecaspublicas.es/almeria/actividades/Agenda/ti-143-rato
      ncitos.html',
      'https://www.bibliotecaspublicas.es/almeria/actividades/Agenda/cci-142.htm
      l',
      'https://www.bibliotecaspublicas.es/almeria/actividades/Agenda/tf-172-rato
      ncitos.html',
      'https://www.bibliotecaspublicas.es/almeria/actividades/Agenda/ta-172-teji
      endo.html',
      'https://www.bibliotecaspublicas.es/almeria/actividades/Agenda/cci-140-lob
      os.html',
      'https://www.bibliotecaspublicas.es/almeria/actividades/Agenda/ta-marcapag
      inas.html',
      'https://www.bibliotecaspublicas.es/almeria/actividades/Agenda/cci-143-lob
      os.html',
      'https://www.bibliotecaspublicas.es/almeria/actividades/Agenda/pl-172-aris
      tides.html',
      'https://www.bibliotecaspublicas.es/almeria/actividades/Agenda/pl-143.html
      ',
      'https://www.bibliotecaspublicas.es/almeria/actividades/Agenda/bbc-bc-clar
      a.html',
      'https://www.bibliotecaspublicas.es/almeria/actividades/Agenda/cl-172.html
      ',
      'https://www.bibliotecaspublicas.es/almeria/actividades/Agenda/ti-140-rato
      ncitos.html',
      'https://www.bibliotecaspublicas.es/almeria/actividades/Agenda/pl-140.html
      ',
      'https://www.bibliotecaspublicas.es/almeria/actividades/Agenda/pl-172-gita
      nos.html',
      'https://www.bibliotecaspublicas.es/almeria/actividades/Agenda/ti-141-rato
      ncitos.html',
      'https://www.bibliotecaspublicas.es/almeria/actividades/Agenda/charla-bc.h
      tml',
      'https://www.bibliotecaspublicas.es/almeria/actividades/Agenda/cl-cabo.htm
      l',
      'https://www.bibliotecaspublicas.es/almeria/actividades/Agenda/cci-172-lob
      os.html',
      'https://www.bibliotecaspublicas.es/almeria/actividades/Agenda/ti-142-rato
      ncitos.html',
      'https://www.bibliotecaspublicas.es/almeria/actividades/Agenda/cci-141-lob
      os.html',
      'https://www.bibliotecaspublicas.es/almeria/actividades/Agenda/ti-143-rato
      ncitos.html',
      'https://www.bibliotecaspublicas.es/almeria/actividades/Agenda/cci-142.htm
      l',
      'https://www.bibliotecaspublicas.es/almeria/actividades/Agenda/tf-172-rato
      ncitos.html']
      *** SCRAPED 60 URLS WITH EVENTS **
      New url events = 0
      #######################
      No new urls/events extracted. No new events to save
      #######################

Result: Succeeded

Launching scraper: SalaEmma
Succeeded - 2026-04-04T17:24:07Z

dag: FisgonTaskSelenium (20.0s)
│
└─tarea_1 (20.0s) [succeeded]
  ├─bash -lc 'set -eo pipefail; export DOCKER_CONFIG=/tmp/.docker HOME=/tmp;
  │   SELENIUM_NAME="selenium_${DAG_RUN_ID:-$$}_$(date +%s)"; cleanup() {
  │   docker rm -f "$SELENIUM_NAME" >/dev/null 2>&1 || true; }; trap cleanup
  │   EXIT; docker run -d --rm --name "$SELENIUM_NAME" --shm-size=2g -e
  │   SE_NODE_MAX_SESSIONS=1 -e SE_NODE_OVERRIDE_MAX_SESSIONS=true
  │   selenium/standalone-chrome:latest >/dev/null; docker exec
  │   "$SELENIUM_NAME" bash -c "for i in \$(seq 1 60); do (echo >
  │   /dev/tcp/127.0.0.1/4444) >/dev/null 2>&1 && exit 0; sleep 1; done; exit
  │   1"; docker run --rm --network container:"$SELENIUM_NAME" -v
  │   /home/ubuntu/work/fisgon:/app -v
  │   /home/ubuntu/data_storage:/home/ubuntu/data_storage -v
  │   /home/ubuntu/work/event_flask_app/static/img:/home/ubuntu/work/event_fla
  │   sk_app/static/img -w /app -e OPERATION=0 -e DOCKER_CONFIG=/tmp/.docker
  │   -e HOME=/tmp -e TARGET_CITY -e TARGET_SCRAPER -e
  │   DAG_RUN_URL="${DAGU_BASE_URL:-}/dags/${DAG_NAME}?dagRunId=${DAG_RUN_ID}"
  │   -e
  │   DAG_RUN_LOG_URL="${DAGU_BASE_URL:-}/dags/${DAG_NAME}/log?remoteNode=loca
  │   l&step=tarea_1&dagRunId=${DAG_RUN_ID}" fisgon_scraper:1.0'
  │
  └─stdout: ... (9 more lines)
      DAG_RUN_URL=/dags/FisgonTaskSelenium/log?remoteNode=local&step=tarea_1&dag
      RunId=019d5986-00bb-712a-9521-58696b9a236d
      Running for Almeria: SalaEmma
      SalaEmma
      RUNNING SESSION =  2026_04_04_17_17_Sabado
      Starting WebDriver...
      http://localhost:4444/wd/hub
      sleeping 10
      Getting content
      --------------------
      {'id': '8f99ef2e', 'show': 1, 'in_city': 1, 'one_day': 1,
      'wrong_date_time': 0, 'event': 'Melocotón en Almíbar', 'slug':
      'melocoton-en-almibar', 'category': '__NOT_DEFINIED__', 'id_venue':
      '7qHRF9LM', 'venue': 'Sala EMMA', 'std_venue': 'Sala Escuela Municipal de
      Música & Artes', 'start_date': '2026-05-09', 'start_time': '20:00:00',
      'end_date': '__NOT_FOUND__', 'end_time': '__NOT_FOUND__', 'description':
      'Sábado, 9 de Mayo, 2026 8:00 PM 12.00 €', 'others': {}, 'source':
      'SalaEmma', 'exec_time': '20260404T172412', 'session':
      '2026_04_04_17_17_Sabado', 'image':
      '/home/ubuntu/work/event_flask_app/static/img/e6423133.jpg', 'url':
      'https://entradasemma.azurewebsites.net/'}
      --------------------
      {'id': 'd0f5f06a', 'show': 1, 'in_city': 1, 'one_day': 1,
      'wrong_date_time': 0, 'event': 'Alvarito', 'slug': 'alvarito', 'category':
      '__NOT_DEFINIED__', 'id_venue': '7qHRF9LM', 'venue': 'Sala EMMA',
      'std_venue': 'Sala Escuela Municipal de Música & Artes', 'start_date':
      '2026-06-06', 'start_time': '20:00:00', 'end_date': '__NOT_FOUND__',
      'end_time': '__NOT_FOUND__', 'description': 'Sábado, 6 de Junio, 2026
      8:00 PM 12.00 €', 'others': {}, 'source': 'SalaEmma', 'exec_time':
      '20260404T172412', 'session': '2026_04_04_17_17_Sabado', 'image':
      '/home/ubuntu/work/event_flask_app/static/img/ac11936f.jpg', 'url':
      'https://entradasemma.azurewebsites.net/'}
      --------------------
      {'id': '02b648f2', 'show': 1, 'in_city': 1, 'one_day': 1,
      'wrong_date_time': 0, 'event': 'Kikín Fernández Y Fernando Labordeta',
      'slug': 'kikin-fernandez-y-fernando-labordeta', 'category':
      '__NOT_DEFINIED__', 'id_venue': '7qHRF9LM', 'venue': 'Sala EMMA',
      'std_venue': 'Sala Escuela Municipal de Música & Artes', 'start_date':
      '2026-05-16', 'start_time': '20:00:00', 'end_date': '__NOT_FOUND__',
      'end_time': '__NOT_FOUND__', 'description': 'Sábado, 16 de Mayo, 2026
      8:00 PM 12.00 €', 'others': {}, 'source': 'SalaEmma', 'exec_time':
      '20260404T172412', 'session': '2026_04_04_17_17_Sabado', 'image':
      '/home/ubuntu/work/event_flask_app/static/img/5c8cb4d1.jpg', 'url':
      'https://entradasemma.azurewebsites.net/'}
      --------------------
      {'id': 'dae0b9fa', 'show': 1, 'in_city': 1, 'one_day': 1,
      'wrong_date_time': 0, 'event': 'Humor De Casados (Mariano Ypunto Y La
      Nena)', 'slug': 'humor-de-casados-mariano-ypunto-y-la-nena', 'category':
      '__NOT_DEFINIED__', 'id_venue': '7qHRF9LM', 'venue': 'Sala EMMA',
      'std_venue': 'Sala Escuela Municipal de Música & Artes', 'start_date':
      '2026-06-13', 'start_time': '20:00:00', 'end_date': '__NOT_FOUND__',
      'end_time': '__NOT_FOUND__', 'description': 'Sábado, 13 de Junio, 2026
      8:00 PM 15.00 €', 'others': {}, 'source': 'SalaEmma', 'exec_time':
      '20260404T172412', 'session': '2026_04_04_17_17_Sabado', 'image':
      '/home/ubuntu/work/event_flask_app/static/img/ce08a31e.jpg', 'url':
      'https://entradasemma.azurewebsites.net/'}
      --------------------
      {'id': 'dd0545ee', 'show': 1, 'in_city': 1, 'one_day': 1,
      'wrong_date_time': 0, 'event': 'Menos Es Más (Alumnos Emma)', 'slug':
      'menos-es-mas-alumnos-emma', 'category': '__NOT_DEFINIED__', 'id_venue':
      '7qHRF9LM', 'venue': 'Sala EMMA', 'std_venue': 'Sala Escuela Municipal de
      Música & Artes', 'start_date': '2026-05-22', 'start_time': '20:00:00',
      'end_date': '__NOT_FOUND__', 'end_time': '__NOT_FOUND__', 'description':
      'Viernes, 22 de Mayo, 2026 8:00 PM 8.00 €', 'others': {}, 'source':
      'SalaEmma', 'exec_time': '20260404T172412', 'session':
      '2026_04_04_17_17_Sabado', 'image':
      '/home/ubuntu/work/event_flask_app/static/img/2c028f93.jpg', 'url':
      'https://entradasemma.azurewebsites.net/'}
      --------------------
      {'id': '962a637b', 'show': 1, 'in_city': 1, 'one_day': 1,
      'wrong_date_time': 0, 'event': '¡corten! Una Comedia De Cine', 'slug':
      'corten-una-comedia-de-cine', 'category': '__NOT_DEFINIED__', 'id_venue':
      '7qHRF9LM', 'venue': 'Sala EMMA', 'std_venue': 'Sala Escuela Municipal de
      Música & Artes', 'start_date': '2026-04-25', 'start_time': '20:00:00',
      'end_date': '__NOT_FOUND__', 'end_time': '__NOT_FOUND__', 'description':
      'Sábado, 25 de Abril, 2026 8:00 PM 12.00 €', 'others': {}, 'source':
      'SalaEmma', 'exec_time': '20260404T172412', 'session':
      '2026_04_04_17_17_Sabado', 'image':
      '/home/ubuntu/work/event_flask_app/static/img/d36ef1e9.jpg', 'url':
      'https://entradasemma.azurewebsites.net/'}
      --------------------
      {'id': '93b07028', 'show': 1, 'in_city': 1, 'one_day': 1,
      'wrong_date_time': 0, 'event': 'Menos Es Más', 'slug': 'menos-es-mas',
      'category': '__NOT_DEFINIED__', 'id_venue': '7qHRF9LM', 'venue': 'Sala
      EMMA', 'std_venue': 'Sala Escuela Municipal de Música & Artes',
      'start_date': '2026-05-22', 'start_time': '20:00:00', 'end_date':
      '__NOT_FOUND__', 'end_time': '__NOT_FOUND__', 'description': 'Viernes, 22
      de Mayo, 2026 8:00 PM "Menos es Mas" es un formato diferente para amenizar
      tu evento. Este proyecto combina rock, jazz, pop...y su finalidad es
      transmitir emociones a través del instrumento. Juanmi Viñolo ha
      preparado una selección de temas de grandes clásicos de artistas como
      Frank Sinatra, Carlos\nSantana, Luis Salinas...\nSi te gusta la guitarra
      eléctrica, no te lo puedes perder 10.00 €', 'others': {}, 'source':
      'SalaEmma', 'exec_time': '20260404T172412', 'session':
      '2026_04_04_17_17_Sabado', 'image':
      '/home/ubuntu/work/event_flask_app/static/img/922796b0.jpg', 'url':
      'https://entradasemma.azurewebsites.net/'}
      --------------------
      {'id': 'a535826b', 'show': 1, 'in_city': 1, 'one_day': 1,
      'wrong_date_time': 0, 'event': 'Victor Castigao Descontrolao', 'slug':
      'victor-castigao-descontrolao', 'category': '__NOT_DEFINIED__',
      'id_venue': '7qHRF9LM', 'venue': 'Sala EMMA', 'std_venue': 'Sala Escuela
      Municipal de Música & Artes', 'start_date': '2026-04-18', 'start_time':
      '20:00:00', 'end_date': '__NOT_FOUND__', 'end_time': '__NOT_FOUND__',
      'description': 'Sábado, 18 de Abril, 2026 8:00 PM 12.00 €', 'others':
      {}, 'source': 'SalaEmma', 'exec_time': '20260404T172412', 'session':
      '2026_04_04_17_17_Sabado', 'image':
      '/home/ubuntu/work/event_flask_app/static/img/50d0951c.jpg', 'url':
      'https://entradasemma.azurewebsites.net/'}
      --------------------
      {'id': '33d006ad', 'show': 1, 'in_city': 1, 'one_day': 1,
      'wrong_date_time': 0, 'event': 'El Mentalista Canalla', 'slug':
      'el-mentalista-canalla', 'category': '__NOT_DEFINIED__', 'id_venue':
      '7qHRF9LM', 'venue': 'Sala EMMA', 'std_venue': 'Sala Escuela Municipal de
      Música & Artes', 'start_date': '2026-04-24', 'start_time': '20:00:00',
      'end_date': '__NOT_FOUND__', 'end_time': '__NOT_FOUND__', 'description':
      'Viernes, 24 de Abril, 2026 8:00 PM 12.00 €', 'others': {}, 'source':
      'SalaEmma', 'exec_time': '20260404T172412', 'session':
      '2026_04_04_17_17_Sabado', 'image':
      '/home/ubuntu/work/event_flask_app/static/img/85d8a503.jpg', 'url':
      'https://entradasemma.azurewebsites.net/'}
      --------------------
      {'id': 'b0446231', 'show': 1, 'in_city': 1, 'one_day': 1,
      'wrong_date_time': 0, 'event': 'Pepe El Caja', 'slug': 'pepe-el-caja',
      'category': '__NOT_DEFINIED__', 'id_venue': '7qHRF9LM', 'venue': 'Sala
      EMMA', 'std_venue': 'Sala Escuela Municipal de Música & Artes',
      'start_date': '2026-05-23', 'start_time': '20:00:00', 'end_date':
      '__NOT_FOUND__', 'end_time': '__NOT_FOUND__', 'description': 'Sábado, 23
      de Mayo, 2026 8:00 PM 15.00 €', 'others': {}, 'source': 'SalaEmma',
      'exec_time': '20260404T172412', 'session': '2026_04_04_17_17_Sabado',
      'image': '/home/ubuntu/work/event_flask_app/static/img/8975fb1c.jpg',
      'url': 'https://entradasemma.azurewebsites.net/'}
      --------------------
      {'id': 'c92d0f42', 'show': 1, 'in_city': 1, 'one_day': 1,
      'wrong_date_time': 0, 'event': 'Manolo Lera', 'slug': 'manolo-lera',
      'category': '__NOT_DEFINIED__', 'id_venue': '7qHRF9LM', 'venue': 'Sala
      EMMA', 'std_venue': 'Sala Escuela Municipal de Música & Artes',
      'start_date': '2026-04-11', 'start_time': '20:00:00', 'end_date':
      '__NOT_FOUND__', 'end_time': '__NOT_FOUND__', 'description': 'Sábado, 11
      de Abril, 2026 8:00 PM 12.00 €', 'others': {}, 'source': 'SalaEmma',
      'exec_time': '20260404T172412', 'session': '2026_04_04_17_17_Sabado',
      'image': '/home/ubuntu/work/event_flask_app/static/img/4e2d0b74.jpg',
      'url': 'https://entradasemma.azurewebsites.net/'}
      Checking unique event dict.
      Reading /home/ubuntu/data_storage/Almeria/00_master/master_events.json...
      *******
      [('Rafa Tornado Punkústico', 'Sala EMMA', '2026-03-15', '17:00:00'),
      ('Una De Imrpo! Dela Mujer', 'Sala EMMA', '2026-03-26', '21:00:00'),
      ('¡corten! Una Comedia De Cine', 'Sala EMMA', '2026-04-25', '20:00:00'),
      ('Melocotón en Almíbar', 'Sala EMMA', '2026-05-09', '20:00:00'),
      ('Kikín Fernández Y Fernando Labordeta', 'Sala EMMA', '2026-05-16',
      '20:00:00'), ('Menos Es Más', 'Sala EMMA', '2026-05-22', '20:00:00'),
      ('Pepe El Caja', 'Sala EMMA', '2026-05-23', '20:00:00'), ('Alvarito',
      'Sala EMMA', '2026-06-06', '20:00:00'), ('Humor De Casados (Mariano Ypunto
      Y La Nena)', 'Sala EMMA', '2026-06-13', '20:00:00')]
      ('Melocotón en Almíbar', 'Sala EMMA', '2026-05-09', '20:00:00')
      ('Alvarito', 'Sala EMMA', '2026-06-06', '20:00:00')
      ('Kikín Fernández Y Fernando Labordeta', 'Sala EMMA', '2026-05-16',
      '20:00:00')
      ('Humor De Casados (Mariano Ypunto Y La Nena)', 'Sala EMMA', '2026-06-13',
      '20:00:00')
      ('Menos Es Más (Alumnos Emma)', 'Sala EMMA', '2026-05-22', '20:00:00')
      ('¡corten! Una Comedia De Cine', 'Sala EMMA', '2026-04-25', '20:00:00')
      ('Menos Es Más', 'Sala EMMA', '2026-05-22', '20:00:00')
      ('Victor Castigao Descontrolao', 'Sala EMMA', '2026-04-18', '20:00:00')
      ('El Mentalista Canalla', 'Sala EMMA', '2026-04-24', '20:00:00')
      ('Pepe El Caja', 'Sala EMMA', '2026-05-23', '20:00:00')
      ('Manolo Lera', 'Sala EMMA', '2026-04-11', '20:00:00')
      ****************************
      Saving 4 new events
      Saving in
      /home/ubuntu/data_storage/Almeria/2026_04_04_17_17_Sabado/0_raw/20260404_1
      724_SalaEmma.json
      Saving 4 master url
      Appending to  /home/ubuntu/data_storage/Almeria/00_master/master_url.json

Result: Succeeded

