Launching scraper: KuverProducciones
Succeeded - 2026-04-04T17:17:25Z

dag: FisgonTaskRequest (4.0s)
│
└─tarea_1 (4.0s) [succeeded]
  ├─bash -lc 'docker run --rm --network host -v
  │   /home/ubuntu/work/fisgon:/app -v
  │   /home/ubuntu/data_storage:/home/ubuntu/data_storage -v
  │   /home/ubuntu/work/event_flask_app/static/img:/home/ubuntu/work/event_fla
  │   sk_app/static/img -w /app -e OPERATION=0 -e DOCKER_CONFIG=/tmp/.docker
  │   -e HOME=/tmp -e TARGET_CITY -e TARGET_SCRAPER -e
  │   DAG_RUN_URL="${DAGU_BASE_URL}/dags/${DAG_NAME}?dagRunId=${DAG_RUN_ID}"
  │   -e
  │   DAG_RUN_LOG_URL="${DAGU_BASE_URL}/dags/${DAG_NAME}/log?remoteNode=local&
  │   step=tarea_1&dagRunId=${DAG_RUN_ID}" fisgon_scraper:1.0; rc=$?; exit
  │   $rc'
  │
  ├─stdout:
  │   RUNNING VARS →
  │   CITY=Almeria,
  │   OPERATION=0,
  │   CREATE_SESSION=0,
  │   CLOSE_SESSION=0,
  │   SESSION=None,
  │   IMAGES=0,
  │   GET_SCRAPERS=
  │   SCRAPER=KuverProducciones
  │   DAG_RUN_URL=/dags/FisgonTaskRequest/log?remoteNode=local&step=tarea_1&da
  │   gRunId=019d597f-dcb9-7090-a8df-0e2aec91454b
  │   Running for Almeria: KuverProducciones
  │   KuverProducciones
  │   Creating rawfolder...
  │   RUNNING SESSION =  2026_04_04_17_17_Sabado
  │   Getting https://kuverproducciones.com/proximos-eventos/
  │   Sleep 1
  │   *** SCRAPED 54 URLS WITH EVENTS **
  │   New url events = 0
  │   #######################
  │   No new urls/events extracted. No new events to save
  │   #######################
  └─stderr:
      /usr/local/lib/python3.11/site-packages/urllib3/connectionpool.py:1097:
      InsecureRequestWarning: Unverified HTTPS request is being made to host
      'kuverproducciones.com'. Adding certificate verification is strongly
      advised. See:
      https://urllib3.readthedocs.io/en/latest/advanced-usage.html#tls-warnings
      warnings.warn(

Result: Succeeded

Launching scraper: SalaBerlin
Succeeded - 2026-04-04T17:17:29Z

dag: FisgonTaskRequest (5.0s)
│
└─tarea_1 (5.0s) [succeeded]
  ├─bash -lc 'docker run --rm --network host -v
  │   /home/ubuntu/work/fisgon:/app -v
  │   /home/ubuntu/data_storage:/home/ubuntu/data_storage -v
  │   /home/ubuntu/work/event_flask_app/static/img:/home/ubuntu/work/event_fla
  │   sk_app/static/img -w /app -e OPERATION=0 -e DOCKER_CONFIG=/tmp/.docker
  │   -e HOME=/tmp -e TARGET_CITY -e TARGET_SCRAPER -e
  │   DAG_RUN_URL="${DAGU_BASE_URL}/dags/${DAG_NAME}?dagRunId=${DAG_RUN_ID}"
  │   -e
  │   DAG_RUN_LOG_URL="${DAGU_BASE_URL}/dags/${DAG_NAME}/log?remoteNode=local&
  │   step=tarea_1&dagRunId=${DAG_RUN_ID}" fisgon_scraper:1.0; rc=$?; exit
  │   $rc'
  │
  ├─stdout:
  │   RUNNING VARS →
  │   CITY=Almeria,
  │   OPERATION=0,
  │   CREATE_SESSION=0,
  │   CLOSE_SESSION=0,
  │   SESSION=None,
  │   IMAGES=0,
  │   GET_SCRAPERS=
  │   SCRAPER=SalaBerlin
  │   DAG_RUN_URL=/dags/FisgonTaskRequest/log?remoteNode=local&step=tarea_1&da
  │   gRunId=019d597f-eee6-7783-8434-3f19fa57e779
  │   Running for Almeria: SalaBerlin
  │   SalaBerlin
  │   RUNNING SESSION =  2026_04_04_17_17_Sabado
  │   Getting https://berlinalmeria.com/eventos/
  │   Sleep 1
  │   *** SCRAPED 12 URLS WITH EVENTS **
  │   New url events = 0
  │   #######################
  │   No new urls/events extracted. No new events to save
  │   #######################
  └─stderr:
      /usr/local/lib/python3.11/site-packages/urllib3/connectionpool.py:1097:
      InsecureRequestWarning: Unverified HTTPS request is being made to host
      'berlinalmeria.com'. Adding certificate verification is strongly advised.
      See:
      https://urllib3.readthedocs.io/en/latest/advanced-usage.html#tls-warnings
      warnings.warn(

Result: Succeeded

Launching scraper: LaGuajira
Succeeded - 2026-04-04T17:17:34Z

dag: FisgonTaskRequest (1m 0s)
│
└─tarea_1 (1m 0s) [succeeded]
  ├─bash -lc 'docker run --rm --network host -v
  │   /home/ubuntu/work/fisgon:/app -v
  │   /home/ubuntu/data_storage:/home/ubuntu/data_storage -v
  │   /home/ubuntu/work/event_flask_app/static/img:/home/ubuntu/work/event_fla
  │   sk_app/static/img -w /app -e OPERATION=0 -e DOCKER_CONFIG=/tmp/.docker
  │   -e HOME=/tmp -e TARGET_CITY -e TARGET_SCRAPER -e
  │   DAG_RUN_URL="${DAGU_BASE_URL}/dags/${DAG_NAME}?dagRunId=${DAG_RUN_ID}"
  │   -e
  │   DAG_RUN_LOG_URL="${DAGU_BASE_URL}/dags/${DAG_NAME}/log?remoteNode=local&
  │   step=tarea_1&dagRunId=${DAG_RUN_ID}" fisgon_scraper:1.0; rc=$?; exit
  │   $rc'
  │
  ├─stdout: ... (36 more lines)
  │   Sleep 16
  │   --------------------
  │   {'id': '25c52df5', 'show': 1, 'in_city': 1, 'one_day': 1,
  │   'wrong_date_time': 0, 'event': 'Curso De Teatro Con Julio Béjar',
  │   'slug': 'curso-de-teatro-con-julio-bejar', 'category':
  │   '__NOT_DEFINIED__', 'id_venue': 'NhNQFPQh', 'venue': 'La Guajira',
  │   'std_venue': 'La Guajira', 'start_date': '2026-04-13', 'start_time':
  │   '19:30:00', 'end_date': '2026-04-13', 'end_time': '21:30:00',
  │   'description': 'De noviembre de 2025 a junio de 2026, el dramaturgo y
  │   director Julio Béjar impartirá en La Guajira un curso regular de
  │   creación escénica pensado para quienes quieran explorar los distintos
  │   oficios del teatro y desarrollar su propia pieza. Durante ocho meses, el
  │   grupo —de entre 10 y 20 participantes— recorrerá todos los aspectos
  │   del ...', 'others': {'ticket': '__NOT_FOUND__', 'price':
  │   '__NOT_FOUND__', 'location': 'La Guajira, C/ Cruces Bajas, 1, Almería,
  │   España'}, 'source': 'LaGuajira', 'exec_time': '20260404T171734',
  │   'session': '2026_04_04_17_17_Sabado', 'image':
  │   'https://laguajiradealmeria.com/wp-content/uploads/2025/10/Taller-de-cre
  │   acion-escenica-con-Julio-Bejar.png', 'url':
  │   'https://laguajiradealmeria.com/evento/taller-de-creacion-escenica-con-j
  │   ulio-bejar/2026-04-13/'}
  │   --------------------
  │   {'id': '6f89b50a', 'show': 1, 'in_city': 1, 'one_day': 1,
  │   'wrong_date_time': 0, 'event': 'La Hora Del Vermú Con Wendy Night Y
  │   Coki Blues', 'slug': 'la-hora-del-vermu-con-wendy-night-y-coki-blues',
  │   'category': '__NOT_DEFINIED__', 'id_venue': 'NhNQFPQh', 'venue': 'La
  │   Guajira', 'std_venue': 'La Guajira', 'start_date': '2026-04-18',
  │   'start_time': '13:00:00', 'end_date': '2026-04-18', 'end_time':
  │   '16:00:00', 'description': '¡Vuelve nuestro juglar favorito! Si hubiese
  │   nacido en el feudalismo seguro que habría estado en la corte de algún
  │   Rey hasta perder la cabeza por hacer alguna broma. Con su capacidad para
  │   reírse y tocar de todo, seguro que nos hará pasar una gran hora del
  │   vermú. ¡Y más teniendo en cuenta que es su ...', 'others': {'ticket':
  │   '__NOT_FOUND__', 'price': '__NOT_FOUND__', 'location': 'La Guajira, C/
  │   Cruces Bajas, 1, Almería, España'}, 'source': 'LaGuajira',
  │   'exec_time': '20260404T171734', 'session': '2026_04_04_17_17_Sabado',
  │   'image':
  │   'https://laguajiradealmeria.com/wp-content/uploads/2026/02/Vermu-Wendy-N
  │   ight-y-Coki-blues.png', 'url':
  │   'https://laguajiradealmeria.com/evento/la-hora-del-vermu-con-wendy-night
  │   -y-coki-blues/'}
  │   --------------------
  │   {'id': 'b21bc69d', 'show': 1, 'in_city': 1, 'one_day': 1,
  │   'wrong_date_time': 0, 'event': '«Poetry Reading» Con La Escuela
  │   Oficial De Idiomas', 'slug':
  │   'poetry-reading-con-la-escuela-oficial-de-idiomas', 'category':
  │   '__NOT_DEFINIED__', 'id_venue': 'NhNQFPQh', 'venue': 'La Guajira',
  │   'std_venue': 'La Guajira', 'start_date': '2026-04-17', 'start_time':
  │   '18:30:00', 'end_date': '2026-04-17', 'end_time': '20:30:00',
  │   'description': 'Este año celebramos el vigésimo aniversario del
  │   Recital de Poesía que cada año organiza el Departamento de inglés de
  │   la Escuela Oficial de Idiomas de Almería. Se trata, sin duda alguna, de
  │   una cita importante para todos, una jornada de convivencia entre
  │   aquellos que compartimos el gusto por la lectura. En esta ocasión se
  │   recitarán ...', 'others': {'ticket': '__NOT_FOUND__', 'price':
  │   '__NOT_FOUND__', 'location': 'La Guajira, C/ Cruces Bajas, 1, Almería,
  │   España'}, 'source': 'LaGuajira', 'exec_time': '20260404T171734',
  │   'session': '2026_04_04_17_17_Sabado', 'image':
  │   'https://laguajiradealmeria.com/wp-content/uploads/2026/03/Poetry-Readin
  │   d-con-la-Escuela-Oficial-de-Idiomas.png', 'url':
  │   'https://laguajiradealmeria.com/evento/poetry-reading-con-la-escuela-ofi
  │   cial-de-idiomas/'}
  │   --------------------
  │   {'id': '5e870f2b', 'show': 1, 'in_city': 1, 'one_day': 1,
  │   'wrong_date_time': 0, 'event': 'Taller De Salsa Con Angy Ruiz', 'slug':
  │   'taller-de-salsa-con-angy-ruiz', 'category': '__NOT_DEFINIED__',
  │   'id_venue': 'NhNQFPQh', 'venue': 'La Guajira', 'std_venue': 'La
  │   Guajira', 'start_date': '2026-04-17', 'start_time': '21:00:00',
  │   'end_date': '2026-04-17', 'end_time': '22:00:00', 'description': 'Ven a
  │   disfrutar de nuestro taller de salsa con Angy Ruiz. No necesitas
  │   experiencia, ¡solo ganas de pasarlo bien, moverte y dejarte llevar por
  │   la música en un ambiente lleno de energía! ¿Te lo vas a perder?',
  │   'others': {'ticket': '__NOT_FOUND__', 'price': '__NOT_FOUND__',
  │   'location': 'La Guajira, C/ Cruces Bajas, 1, Almería, España'},
  │   'source': 'LaGuajira', 'exec_time': '20260404T171734', 'session':
  │   '2026_04_04_17_17_Sabado', 'image':
  │   'https://laguajiradealmeria.com/wp-content/uploads/2026/03/Angy-Ruiz.png
  │   ', 'url':
  │   'https://laguajiradealmeria.com/evento/taller-de-salsa-con-angy-ruiz/'}
  │   --------------------
  │   {'id': 'f148637d', 'show': 1, 'in_city': 1, 'one_day': 1,
  │   'wrong_date_time': 0, 'event': 'Meetup – Intercambio De Idiomas',
  │   'slug': 'meetup-intercambio-de-idiomas', 'category': '__NOT_DEFINIED__',
  │   'id_venue': 'NhNQFPQh', 'venue': 'La Guajira', 'std_venue': 'La
  │   Guajira', 'start_date': '2026-04-17', 'start_time': '20:30:00',
  │   'end_date': '2026-04-17', 'end_time': '22:30:00', 'description':
  │   '🇪🇸Cada viernes a las 20:30h en la terraza de La Guajira para
  │   practicar idiomas en un ambiente relajado y abierto a todo el mundo. No
  │   hace falta venir acompañado ni tener un nivel perfecto: solo ganas de
  │   charlar, conocer gente nueva y pasar un buen rato. Busca un sitio libre,
  │   pide algo en la barra… ...', 'others': {'ticket': '__NOT_FOUND__',
  │   'price': '__NOT_FOUND__', 'location': 'La Guajira, C/ Cruces Bajas, 1,
  │   Almería, España'}, 'source': 'LaGuajira', 'exec_time':
  │   '20260404T171734', 'session': '2026_04_04_17_17_Sabado', 'image':
  │   'https://laguajiradealmeria.com/wp-content/uploads/2024/05/meetup-meet-u
  │   p-intercambio-de-idiomas-web.png', 'url':
  │   'https://laguajiradealmeria.com/evento/meetup-intercambio-de-idiomas-2/2
  │   026-04-17/'}
  │   --------------------
  │   {'id': '87615744', 'show': 1, 'in_city': 1, 'one_day': 1,
  │   'wrong_date_time': 0, 'event': 'Coro Combo De La Guajira Con Julián
  │   Sánchez', 'slug': 'coro-combo-de-la-guajira-con-julian-sanchez',
  │   'category': '__NOT_DEFINIED__', 'id_venue': 'NhNQFPQh', 'venue': 'La
  │   Guajira', 'std_venue': 'La Guajira', 'start_date': '2026-04-14',
  │   'start_time': '20:00:00', 'end_date': '2026-04-14', 'end_time':
  │   '21:30:00', 'description': '¡Llega el Coro-Combo de La Guajira! Si te
  │   gusta cantar, tocar un instrumento o simplemente compartir la música
  │   como experiencia colectiva, este proyecto es para ti. El Coro-Combo de
  │   La Guajira nace con la idea de crear un espacio artístico estable,
  │   intercultural e intergeneracional, abierto a todas las personas que
  │   quieran sumarse. La propuesta es ...', 'others': {'ticket':
  │   '__NOT_FOUND__', 'price': '__NOT_FOUND__', 'location': 'La Guajira, C/
  │   Cruces Bajas, 1, Almería, España'}, 'source': 'LaGuajira',
  │   'exec_time': '20260404T171734', 'session': '2026_04_04_17_17_Sabado',
  │   'image':
  │   'https://laguajiradealmeria.com/wp-content/uploads/2025/10/CORO-COMBO.pn
  │   g', 'url':
  │   'https://laguajiradealmeria.com/evento/coro-combo-de-la-guajira-con-juli
  │   an-sanchez/2026-04-14/'}
  │   --------------------
  │   {'id': '4f155a2d', 'show': 1, 'in_city': 1, 'one_day': 1,
  │   'wrong_date_time': 0, 'event': 'Sinergia Solidaria Con ACCEM', 'slug':
  │   'sinergia-solidaria-con-accem', 'category': '__NOT_DEFINIED__',
  │   'id_venue': 'NhNQFPQh', 'venue': 'La Guajira', 'std_venue': 'La
  │   Guajira', 'start_date': '2026-04-12', 'start_time': '12:00:00',
  │   'end_date': '2026-04-12', 'end_time': '18:00:00', 'description':
  │   'Celebramos la temporada de primavera con la Sinergia Solidaria
  │   impulsada por Accem, la organización para el desarrollo social que
  │   protege los derechos y dignidad de cada persona en situación de
  │   vulnerabilidad, acompañándolas en su camino, paso a paso. Te ofrecemos
  │   un espacio de encuentro intercultural el domingo 12 de abril de 12:00 a
  │   18:00 en ...', 'others': {'ticket': '__NOT_FOUND__', 'price':
  │   '__NOT_FOUND__', 'location': 'La Guajira, C/ Cruces Bajas, 1, Almería,
  │   España'}, 'source': 'LaGuajira', 'exec_time': '20260404T171734',
  │   'session': '2026_04_04_17_17_Sabado', 'image':
  │   'https://laguajiradealmeria.com/wp-content/uploads/2026/03/Sinergia-Soli
  │   daria-ACCEM-3.png', 'url':
  │   'https://laguajiradealmeria.com/evento/sinergia-solidaria-con-accem/'}
  │   --------------------
  │   {'id': '91dc6280', 'show': 1, 'in_city': 1, 'one_day': 1,
  │   'wrong_date_time': 0, 'event': 'María Villena', 'slug':
  │   'maria-villena', 'category': '__NOT_DEFINIED__', 'id_venue': 'NhNQFPQh',
  │   'venue': 'La Guajira', 'std_venue': 'La Guajira', 'start_date':
  │   '2026-04-15', 'start_time': '22:00:00', 'end_date': '2026-04-15',
  │   'end_time': '23:30:00', 'description': 'María Villena, bailaora de
  │   Granada, comenzó a bailar con tan solo 4 años y hoy el flamenco es su
  │   trabajo diario. Además de actuar en varios tablaos de Granada, imparte
  │   clases de flamenco para todas las edades. También participa en
  │   espectáculos ecuestres, incluyendo actuaciones en SICAB, la feria
  │   internacional del caballo. Ganadora del concurso de ...', 'others':
  │   {'ticket':
  │   'https://laguajiradealmeria.com/evento/maria-villena/#tribe-tickets__tic
  │   kets-form', 'price': '6,00€ – 12,00€', 'location': 'La Guajira, C/
  │   Cruces Bajas, 1, Almería, España'}, 'source': 'LaGuajira',
  │   'exec_time': '20260404T171734', 'session': '2026_04_04_17_17_Sabado',
  │   'image':
  │   'https://laguajiradealmeria.com/wp-content/uploads/2026/03/Maria-Villena
  │   .png', 'url': 'https://laguajiradealmeria.com/evento/maria-villena/'}
  │   --------------------
  │   {'id': '8d93c7af', 'show': 1, 'in_city': 1, 'one_day': 1,
  │   'wrong_date_time': 0, 'event': 'VI Memorial Ana Gaviera', 'slug':
  │   'vi-memorial-ana-gaviera', 'category': '__NOT_DEFINIED__', 'id_venue':
  │   'NhNQFPQh', 'venue': 'La Guajira', 'std_venue': 'La Guajira',
  │   'start_date': '2026-04-11', 'start_time': '21:30:00', 'end_date':
  │   '2026-04-12', 'end_time': '01:30:00', 'description': 'Las actividades
  │   del VI Memorial Ana Gaviera, homenaje a la figura de la editora Ana
  │   Santos, fallecida en 2014. Ana Santos Payán fue una figura
  │   transcendental en la escena artística almeriense de principios de este
  │   siglo. Creadora de la editorial El Gaviero, estamos ante una auténtica
  │   agitadora cultural que removió los cimientos de la ciudad, ...',
  │   'others': {'ticket': '__NOT_FOUND__', 'price': '__NOT_FOUND__',
  │   'location': 'La Guajira, C/ Cruces Bajas, 1, Almería, España'},
  │   'source': 'LaGuajira', 'exec_time': '20260404T171734', 'session':
  │   '2026_04_04_17_17_Sabado', 'image':
  │   'https://laguajiradealmeria.com/wp-content/uploads/2026/03/Web-2026-2.pn
  │   g', 'url':
  │   'https://laguajiradealmeria.com/evento/vi-memorial-ana-gaviera/'}
  │   --------------------
  │   {'id': '7a9d27e6', 'show': 1, 'in_city': 1, 'one_day': 1,
  │   'wrong_date_time': 0, 'event': 'Terraceo Con Amaya Annikki', 'slug':
  │   'terraceo-con-amaya-annikki', 'category': '__NOT_DEFINIED__',
  │   'id_venue': 'NhNQFPQh', 'venue': 'La Guajira', 'std_venue': 'La
  │   Guajira', 'start_date': '2026-04-11', 'start_time': '16:00:00',
  │   'end_date': '2026-04-11', 'end_time': '19:00:00', 'description': 'Ritmos
  │   rotos y rotundos, con un recorrido desde techno atmosférico pasando por
  │   estilos como Break UK, electro, y EBM con Amaya Annikki, ¡perfecto para
  │   pasar un tardeo galáctico!', 'others': {'ticket': '__NOT_FOUND__',
  │   'price': '__NOT_FOUND__', 'location': 'La Guajira, C/ Cruces Bajas, 1,
  │   Almería, España'}, 'source': 'LaGuajira', 'exec_time':
  │   '20260404T171734', 'session': '2026_04_04_17_17_Sabado', 'image':
  │   'https://laguajiradealmeria.com/wp-content/uploads/2026/03/Amaya-Annikki
  │   .png', 'url':
  │   'https://laguajiradealmeria.com/evento/terraceo-con-amaya-annikki/'}
  │   Getting https://laguajiradealmeria.com/programacion/lista/página/3/
  │   Sleep 16
  │   --------------------
  │   {'id': '418e3144', 'show': 1, 'in_city': 1, 'one_day': 1,
  │   'wrong_date_time': 0, 'event': 'Coro Combo De La Guajira Con Julián
  │   Sánchez', 'slug': 'coro-combo-de-la-guajira-con-julian-sanchez',
  │   'category': '__NOT_DEFINIED__', 'id_venue': 'NhNQFPQh', 'venue': 'La
  │   Guajira', 'std_venue': 'La Guajira', 'start_date': '2026-04-21',
  │   'start_time': '20:00:00', 'end_date': '2026-04-21', 'end_time':
  │   '21:30:00', 'description': '¡Llega el Coro-Combo de La Guajira! Si te
  │   gusta cantar, tocar un instrumento o simplemente compartir la música
  │   como experiencia colectiva, este proyecto es para ti. El Coro-Combo de
  │   La Guajira nace con la idea de crear un espacio artístico estable,
  │   intercultural e intergeneracional, abierto a todas las personas que
  │   quieran sumarse. La propuesta es ...', 'others': {'ticket':
  │   '__NOT_FOUND__', 'price': '__NOT_FOUND__', 'location': 'La Guajira, C/
  │   Cruces Bajas, 1, Almería, España'}, 'source': 'LaGuajira',
  │   'exec_time': '20260404T171734', 'session': '2026_04_04_17_17_Sabado',
  │   'image':
  │   'https://laguajiradealmeria.com/wp-content/uploads/2025/10/CORO-COMBO.pn
  │   g', 'url':
  │   'https://laguajiradealmeria.com/evento/coro-combo-de-la-guajira-con-juli
  │   an-sanchez/2026-04-21/'}
  │   --------------------
  │   {'id': '98608a72', 'show': 1, 'in_city': 1, 'one_day': 1,
  │   'wrong_date_time': 0, 'event': 'Nóveles Flamencos ACAAF', 'slug':
  │   'noveles-flamencos-acaaf', 'category': '__NOT_DEFINIED__', 'id_venue':
  │   'NhNQFPQh', 'venue': 'La Guajira', 'std_venue': 'La Guajira',
  │   'start_date': '2026-04-29', 'start_time': '19:00:00', 'end_date':
  │   '2026-04-29', 'end_time': '20:30:00', 'description': 'Esta noche, el
  │   Espacio Creativo ACAAF abre sus puertas para presentar a las alumnas del
  │   Taller de Lenguaje de Tablao de Inka Díaz. Un encuentro escénico donde
  │   se pone en valor el aprendizaje, la entrega y la pasión de una nueva
  │   generación de bailaoras.', 'others': {'ticket':
  │   'https://laguajiradealmeria.com/evento/noveles-flamencos-acaaf/#tribe-ti
  │   ckets__tickets-form', 'price': '4,00€ – 8,00€', 'location': 'La
  │   Guajira, C/ Cruces Bajas, 1, Almería, España'}, 'source': 'LaGuajira',
  │   'exec_time': '20260404T171734', 'session': '2026_04_04_17_17_Sabado',
  │   'image':
  │   'https://laguajiradealmeria.com/wp-content/uploads/2026/04/ACAAF.png',
  │   'url': 'https://laguajiradealmeria.com/evento/noveles-flamencos-acaaf/'}
  │   --------------------
  │   {'id': '9e29f999', 'show': 1, 'in_city': 1, 'one_day': 1,
  │   'wrong_date_time': 0, 'event': 'Meetup – Intercambio De Idiomas',
  │   'slug': 'meetup-intercambio-de-idiomas', 'category': '__NOT_DEFINIED__',
  │   'id_venue': 'NhNQFPQh', 'venue': 'La Guajira', 'std_venue': 'La
  │   Guajira', 'start_date': '2026-04-24', 'start_time': '20:30:00',
  │   'end_date': '2026-04-24', 'end_time': '22:30:00', 'description':
  │   '🇪🇸Cada viernes a las 20:30h en la terraza de La Guajira para
  │   practicar idiomas en un ambiente relajado y abierto a todo el mundo. No
  │   hace falta venir acompañado ni tener un nivel perfecto: solo ganas de
  │   charlar, conocer gente nueva y pasar un buen rato. Busca un sitio libre,
  │   pide algo en la barra… ...', 'others': {'ticket': '__NOT_FOUND__',
  │   'price': '__NOT_FOUND__', 'location': 'La Guajira, C/ Cruces Bajas, 1,
  │   Almería, España'}, 'source': 'LaGuajira', 'exec_time':
  │   '20260404T171734', 'session': '2026_04_04_17_17_Sabado', 'image':
  │   'https://laguajiradealmeria.com/wp-content/uploads/2024/05/meetup-meet-u
  │   p-intercambio-de-idiomas-web.png', 'url':
  │   'https://laguajiradealmeria.com/evento/meetup-intercambio-de-idiomas-2/2
  │   026-04-24/'}
  │   --------------------
  │   {'id': 'dca2d244', 'show': 1, 'in_city': 1, 'one_day': 1,
  │   'wrong_date_time': 0, 'event': 'Ángel Peñalver', 'slug':
  │   'angel-penalver', 'category': '__NOT_DEFINIED__', 'id_venue':
  │   'NhNQFPQh', 'venue': 'La Guajira', 'std_venue': 'La Guajira',
  │   'start_date': '2026-04-30', 'start_time': '22:00:00', 'end_date':
  │   '2026-04-30', 'end_time': '23:30:00', 'description': 'Arión es un viaje
  │   interior, una experiencia inmersiva donde música, narración e
  │   imágenes se entrelazan para crear un espacio fuera del tiempo. Más que
  │   un concierto, es una invitación a detenerse, a escuchar de otra manera
  │   y a dejarse llevar por un hilo de melodías que acompaña una búsqueda
  │   artística y personal. Ángel Peñalver comenzó su ...', 'others':
  │   {'ticket':
  │   'https://laguajiradealmeria.com/evento/angel-penalver/#tribe-tickets__ti
  │   ckets-form', 'price': '4,00€ – 8,00€', 'location': 'La Guajira, C/
  │   Cruces Bajas, 1, Almería, España'}, 'source': 'LaGuajira',
  │   'exec_time': '20260404T171734', 'session': '2026_04_04_17_17_Sabado',
  │   'image':
  │   'https://laguajiradealmeria.com/wp-content/uploads/2026/03/angel-penalve
  │   r.png', 'url': 'https://laguajiradealmeria.com/evento/angel-penalver/'}
  │   --------------------
  │   {'id': 'b4c4439a', 'show': 1, 'in_city': 1, 'one_day': 1,
  │   'wrong_date_time': 0, 'event': 'Atardece Que No Es Poco Con Del Aguila',
  │   'slug': 'atardece-que-no-es-poco-con-del-aguila', 'category':
  │   '__NOT_DEFINIED__', 'id_venue': 'NhNQFPQh', 'venue': 'La Guajira',
  │   'std_venue': 'La Guajira', 'start_date': '2026-04-18', 'start_time':
  │   '20:00:00', 'end_date': '2026-04-18', 'end_time': '22:00:00',
  │   'description': 'Yo también quería defender a los americanos porque
  │   tienen cosas positivas. - Vete a la mierda. Cantante, guitarrista y
  │   pianista almeriense. Creador de canciones y evocador de memorias, Del
  │   Águila presenta un show acústico donde mezcla canciones propias y
  │   versiones que homenajean el espíritu de los años 60 y 70. Folk, pop y
  │   psicodelia se ...', 'others': {'ticket': '__NOT_FOUND__', 'price':
  │   '__NOT_FOUND__', 'location': 'La Guajira, C/ Cruces Bajas, 1, Almería,
  │   España'}, 'source': 'LaGuajira', 'exec_time': '20260404T171734',
  │   'session': '2026_04_04_17_17_Sabado', 'image':
  │   'https://laguajiradealmeria.com/wp-content/uploads/2026/03/Atardece-con-
  │   Del-Aguila.png', 'url':
  │   'https://laguajiradealmeria.com/evento/atardece-que-no-es-poco-con-del-a
  │   guila-2/'}
  │   --------------------
  │   {'id': '35fb0ab5', 'show': 1, 'in_city': 1, 'one_day': 1,
  │   'wrong_date_time': 0, 'event': 'Curso De Teatro Con Julio Béjar',
  │   'slug': 'curso-de-teatro-con-julio-bejar', 'category':
  │   '__NOT_DEFINIED__', 'id_venue': 'NhNQFPQh', 'venue': 'La Guajira',
  │   'std_venue': 'La Guajira', 'start_date': '2026-04-27', 'start_time':
  │   '19:30:00', 'end_date': '2026-04-27', 'end_time': '21:30:00',
  │   'description': 'De noviembre de 2025 a junio de 2026, el dramaturgo y
  │   director Julio Béjar impartirá en La Guajira un curso regular de
  │   creación escénica pensado para quienes quieran explorar los distintos
  │   oficios del teatro y desarrollar su propia pieza. Durante ocho meses, el
  │   grupo —de entre 10 y 20 participantes— recorrerá todos los aspectos
  │   del ...', 'others': {'ticket': '__NOT_FOUND__', 'price':
  │   '__NOT_FOUND__', 'location': 'La Guajira, C/ Cruces Bajas, 1, Almería,
  │   España'}, 'source': 'LaGuajira', 'exec_time': '20260404T171734',
  │   'session': '2026_04_04_17_17_Sabado', 'image':
  │   'https://laguajiradealmeria.com/wp-content/uploads/2025/10/Taller-de-cre
  │   acion-escenica-con-Julio-Bejar.png', 'url':
  │   'https://laguajiradealmeria.com/evento/taller-de-creacion-escenica-con-j
  │   ulio-bejar/2026-04-27/'}
  │   --------------------
  │   {'id': '200d5cc9', 'show': 1, 'in_city': 1, 'one_day': 1,
  │   'wrong_date_time': 0, 'event': 'Manuel Jimenez & Mari Angeles
  │   Hernández', 'slug': 'manuel-jimenez-mari-angeles-hernandez',
  │   'category': '__NOT_DEFINIED__', 'id_venue': 'NhNQFPQh', 'venue': 'La
  │   Guajira', 'std_venue': 'La Guajira', 'start_date': '2026-04-22',
  │   'start_time': '22:00:00', 'end_date': '2026-04-22', 'end_time':
  │   '23:30:00', 'description': 'A los 18 años, Manuel Jiménez se trasladó
  │   a Madrid, terminando sus estudios en el Conservatorio Superior de Danza
  │   María de Ávila, en la especialidad de Pedagogía de Baile Flamenco. Ha
  │   formado parte durante años del Ballet Flamenco de Andalucía,
  │   realizando giras en países como Asia, América y gran parte de Europa.
  │   Ha colaborado con ...', 'others': {'ticket':
  │   'https://laguajiradealmeria.com/evento/manuel-jimenez-mari-angeles-herna
  │   ndez/#tribe-tickets__tickets-form', 'price': '8,00€ – 15,00€',
  │   'location': 'La Guajira, C/ Cruces Bajas, 1, Almería, España'},
  │   'source': 'LaGuajira', 'exec_time': '20260404T171734', 'session':
  │   '2026_04_04_17_17_Sabado', 'image':
  │   'https://laguajiradealmeria.com/wp-content/uploads/2026/03/Manuel-Jimene
  │   z-Ma-Angeles-Hernandez.png', 'url':
  │   'https://laguajiradealmeria.com/evento/manuel-jimenez-mari-angeles-herna
  │   ndez/'}
  │   --------------------
  │   {'id': '7389693f', 'show': 1, 'in_city': 1, 'one_day': 1,
  │   'wrong_date_time': 0, 'event': 'Curso De Teatro Con Julio Béjar',
  │   'slug': 'curso-de-teatro-con-julio-bejar', 'category':
  │   '__NOT_DEFINIED__', 'id_venue': 'NhNQFPQh', 'venue': 'La Guajira',
  │   'std_venue': 'La Guajira', 'start_date': '2026-04-20', 'start_time':
  │   '19:30:00', 'end_date': '2026-04-20', 'end_time': '21:30:00',
  │   'description': 'De noviembre de 2025 a junio de 2026, el dramaturgo y
  │   director Julio Béjar impartirá en La Guajira un curso regular de
  │   creación escénica pensado para quienes quieran explorar los distintos
  │   oficios del teatro y desarrollar su propia pieza. Durante ocho meses, el
  │   grupo —de entre 10 y 20 participantes— recorrerá todos los aspectos
  │   del ...', 'others': {'ticket': '__NOT_FOUND__', 'price':
  │   '__NOT_FOUND__', 'location': 'La Guajira, C/ Cruces Bajas, 1, Almería,
  │   España'}, 'source': 'LaGuajira', 'exec_time': '20260404T171734',
  │   'session': '2026_04_04_17_17_Sabado', 'image':
  │   'https://laguajiradealmeria.com/wp-content/uploads/2025/10/Taller-de-cre
  │   acion-escenica-con-Julio-Bejar.png', 'url':
  │   'https://laguajiradealmeria.com/evento/taller-de-creacion-escenica-con-j
  │   ulio-bejar/2026-04-20/'}
  │   --------------------
  │   {'id': '8abc9f6e', 'show': 1, 'in_city': 1, 'one_day': 1,
  │   'wrong_date_time': 0, 'event': 'Meetup – Intercambio De Idiomas',
  │   'slug': 'meetup-intercambio-de-idiomas', 'category': '__NOT_DEFINIED__',
  │   'id_venue': 'NhNQFPQh', 'venue': 'La Guajira', 'std_venue': 'La
  │   Guajira', 'start_date': '2026-05-01', 'start_time': '20:30:00',
  │   'end_date': '2026-05-01', 'end_time': '22:30:00', 'description':
  │   '🇪🇸Cada viernes a las 20:30h en la terraza de La Guajira para
  │   practicar idiomas en un ambiente relajado y abierto a todo el mundo. No
  │   hace falta venir acompañado ni tener un nivel perfecto: solo ganas de
  │   charlar, conocer gente nueva y pasar un buen rato. Busca un sitio libre,
  │   pide algo en la barra… ...', 'others': {'ticket': '__NOT_FOUND__',
  │   'price': '__NOT_FOUND__', 'location': 'La Guajira, C/ Cruces Bajas, 1,
  │   Almería, España'}, 'source': 'LaGuajira', 'exec_time':
  │   '20260404T171734', 'session': '2026_04_04_17_17_Sabado', 'image':
  │   'https://laguajiradealmeria.com/wp-content/uploads/2024/05/meetup-meet-u
  │   p-intercambio-de-idiomas-web.png', 'url':
  │   'https://laguajiradealmeria.com/evento/meetup-intercambio-de-idiomas-2/2
  │   026-05-01/'}
  │   --------------------
  │   {'id': '056ad621', 'show': 1, 'in_city': 1, 'one_day': 1,
  │   'wrong_date_time': 0, 'event': 'Coro Combo De La Guajira Con Julián
  │   Sánchez', 'slug': 'coro-combo-de-la-guajira-con-julian-sanchez',
  │   'category': '__NOT_DEFINIED__', 'id_venue': 'NhNQFPQh', 'venue': 'La
  │   Guajira', 'std_venue': 'La Guajira', 'start_date': '2026-04-28',
  │   'start_time': '20:00:00', 'end_date': '2026-04-28', 'end_time':
  │   '21:30:00', 'description': '¡Llega el Coro-Combo de La Guajira! Si te
  │   gusta cantar, tocar un instrumento o simplemente compartir la música
  │   como experiencia colectiva, este proyecto es para ti. El Coro-Combo de
  │   La Guajira nace con la idea de crear un espacio artístico estable,
  │   intercultural e intergeneracional, abierto a todas las personas que
  │   quieran sumarse. La propuesta es ...', 'others': {'ticket':
  │   '__NOT_FOUND__', 'price': '__NOT_FOUND__', 'location': 'La Guajira, C/
  │   Cruces Bajas, 1, Almería, España'}, 'source': 'LaGuajira',
  │   'exec_time': '20260404T171734', 'session': '2026_04_04_17_17_Sabado',
  │   'image':
  │   'https://laguajiradealmeria.com/wp-content/uploads/2025/10/CORO-COMBO.pn
  │   g', 'url':
  │   'https://laguajiradealmeria.com/evento/coro-combo-de-la-guajira-con-juli
  │   an-sanchez/2026-04-28/'}
  │   Checking unique event url.
  │   New url events = 2
  │   ****************************
  │   Saving 2 new events
  │   Saving in
  │   /home/ubuntu/data_storage/Almeria/2026_04_04_17_17_Sabado/0_raw/20260404
  │   _1717_LaGuajira.json
  │   Saving 2 master url
  │   Appending to /home/ubuntu/data_storage/Almeria/00_master/master_url.json
  └─stderr:
      /usr/local/lib/python3.11/site-packages/urllib3/connectionpool.py:1097:
      InsecureRequestWarning: Unverified HTTPS request is being made to host
      'laguajiradealmeria.com'. Adding certificate verification is strongly
      advised. See:
      https://urllib3.readthedocs.io/en/latest/advanced-usage.html#tls-warnings
      warnings.warn(
      /usr/local/lib/python3.11/site-packages/urllib3/connectionpool.py:1097:
      InsecureRequestWarning: Unverified HTTPS request is being made to host
      'laguajiradealmeria.com'. Adding certificate verification is strongly
      advised. See:
      https://urllib3.readthedocs.io/en/latest/advanced-usage.html#tls-warnings
      warnings.warn(
      /usr/local/lib/python3.11/site-packages/urllib3/connectionpool.py:1097:
      InsecureRequestWarning: Unverified HTTPS request is being made to host
      'laguajiradealmeria.com'. Adding certificate verification is strongly
      advised. See:
      https://urllib3.readthedocs.io/en/latest/advanced-usage.html#tls-warnings
      warnings.warn(

Result: Succeeded

Launching scraper: ConciertosClub
Succeeded - 2026-04-04T17:18:34Z

dag: FisgonTaskRequest (24.0s)
│
└─tarea_1 (23.0s) [succeeded]
  ├─bash -lc 'docker run --rm --network host -v
  │   /home/ubuntu/work/fisgon:/app -v
  │   /home/ubuntu/data_storage:/home/ubuntu/data_storage -v
  │   /home/ubuntu/work/event_flask_app/static/img:/home/ubuntu/work/event_fla
  │   sk_app/static/img -w /app -e OPERATION=0 -e DOCKER_CONFIG=/tmp/.docker
  │   -e HOME=/tmp -e TARGET_CITY -e TARGET_SCRAPER -e
  │   DAG_RUN_URL="${DAGU_BASE_URL}/dags/${DAG_NAME}?dagRunId=${DAG_RUN_ID}"
  │   -e
  │   DAG_RUN_LOG_URL="${DAGU_BASE_URL}/dags/${DAG_NAME}/log?remoteNode=local&
  │   step=tarea_1&dagRunId=${DAG_RUN_ID}" fisgon_scraper:1.0; rc=$?; exit
  │   $rc'
  │
  ├─stdout:
  │   RUNNING VARS →
  │   CITY=Almeria,
  │   OPERATION=0,
  │   CREATE_SESSION=0,
  │   CLOSE_SESSION=0,
  │   SESSION=None,
  │   IMAGES=0,
  │   GET_SCRAPERS=
  │   SCRAPER=ConciertosClub
  │   DAG_RUN_URL=/dags/FisgonTaskRequest/log?remoteNode=local&step=tarea_1&da
  │   gRunId=019d5980-edec-7dea-b68a-bb3a990169d1
  │   Running for Almeria: ConciertosClub
  │   ConciertosClub
  │   RUNNING SESSION =  2026_04_04_17_17_Sabado
  │   Getting https://conciertos.club/almeria
  │   Sleep 1
  │   *** SCRAPED 102 URLS WITH EVENTS **
  │   New url events = 4
  │   0 / 4
  │   Getting https://conciertos.club/almeria/conciertos/114177-lero
  │   Sleep 4
  │   --------------------
  │   {'id': '8b98e208', 'show': 1, 'in_city': 1, 'one_day': 1,
  │   'wrong_date_time': 0, 'event': 'Lero', 'slug': 'lero', 'category':
  │   'conciertos', 'id_venue': 'Q6b6LRjT', 'venue': 'Clasijazz Café',
  │   'std_venue': 'Clasijazz', 'start_date': '2026-05-30', 'start_time':
  │   '22:00:00', 'end_date': '2026-05-30', 'end_time': '__NOT_DEFINIED__',
  │   'description': '__NOT_FOUND__', 'others': {'category': 'Urbana',
  │   'price': '8', 'place_url':
  │   'https://conciertos.club/almeria/locales/clasijazz-cafe', 'town':
  │   'Almería'}, 'source': 'ConciertosClub', 'exec_time': '20260404T171835',
  │   'session': '2026_04_04_17_17_Sabado', 'image': '__NOT_FOUND__', 'url':
  │   'https://conciertos.club/almeria/conciertos/114177-lero'}
  │   1 / 4
  │   Getting
  │   https://conciertos.club/almeria/conciertos/113429-gorka-benitez-quartet
  │   Sleep 4
  │   --------------------
  │   {'id': 'dc2859d4', 'show': 1, 'in_city': 1, 'one_day': 1,
  │   'wrong_date_time': 0, 'event': 'Gorka Benítez Quartet', 'slug':
  │   'gorka-benitez-quartet', 'category': 'conciertos', 'id_venue':
  │   'Q6b6LRjT', 'venue': 'Clasijazz Café', 'std_venue': 'Clasijazz',
  │   'start_date': '2026-05-29', 'start_time': '22:00:00', 'end_date':
  │   '2026-05-29', 'end_time': '__NOT_DEFINIED__', 'description': 'Gorka
  │   Benítez Quartet. Concierto en Clasijazz Café, Almería (Almería) el
  │   Viernes 29 de Mayo de 2026. Es una actuación de estilo Jazz/Swing.',
  │   'others': {'category': 'Jazz', 'price': '20', 'place_url':
  │   'https://conciertos.club/almeria/locales/clasijazz-cafe', 'town':
  │   'Almería'}, 'source': 'ConciertosClub', 'exec_time': '20260404T171835',
  │   'session': '2026_04_04_17_17_Sabado', 'image': '__NOT_FOUND__', 'url':
  │   'https://conciertos.club/almeria/conciertos/113429-gorka-benitez-quartet
  │   '}
  │   2 / 4
  │   Getting
  │   https://conciertos.club/almeria/conciertos/113402-jueves-flamencos
  │   Sleep 4
  │   --------------------
  │   {'id': '4176f29e', 'show': 1, 'in_city': 1, 'one_day': 1,
  │   'wrong_date_time': 0, 'event': 'Jueves Flamencos', 'slug':
  │   'jueves-flamencos', 'category': 'conciertos', 'id_venue': 'ddgm4gQP',
  │   'venue': 'Port Of Spain', 'std_venue': 'Port Of Spain', 'start_date':
  │   '2026-05-28', 'start_time': '22:00:00', 'end_date': '2026-05-28',
  │   'end_time': '__NOT_DEFINIED__', 'description': '__NOT_FOUND__',
  │   'others': {'category': 'Mestizaje', 'price': 'Entrada libre',
  │   'place_url': 'https://conciertos.club/almeria/locales/port-of-spain',
  │   'town': 'Almería'}, 'source': 'ConciertosClub', 'exec_time':
  │   '20260404T171835', 'session': '2026_04_04_17_17_Sabado', 'image':
  │   'https://conciertos.club/doc/c/2026/c_portofspainflamenco.jpg', 'url':
  │   'https://conciertos.club/almeria/conciertos/113402-jueves-flamencos'}
  │   3 / 4
  │   Getting https://conciertos.club/almeria/conciertos/112717-paula-koops
  │   Sleep 4
  │   --------------------
  │   {'id': 'd227b182', 'show': 1, 'in_city': 1, 'one_day': 1,
  │   'wrong_date_time': 0, 'event': 'Paula Koops', 'slug': 'paula-koops',
  │   'category': 'conciertos', 'id_venue': 'NmPqTrh6', 'venue': 'Berlín
  │   Social Club', 'std_venue': 'Berlin Social Club', 'start_date':
  │   '2026-05-29', 'start_time': '22:00:00', 'end_date': '2026-05-29',
  │   'end_time': '__NOT_DEFINIED__', 'description': '\nCONCIERTO PAULA KOOPS
  │   (GPS) - ALMERÍA - SALA BERLIN SOCIAL CLUB - VIERNES 29 DE MAYO ',
  │   'others': {'category': 'Urbana', 'price': '12', 'place_url':
  │   'https://conciertos.club/almeria/locales/berlin-social-club', 'town':
  │   'Almería'}, 'source': 'ConciertosClub', 'exec_time': '20260404T171835',
  │   'session': '2026_04_04_17_17_Sabado', 'image':
  │   'https://conciertos.club/doc/a/2023/a_paulakoops.jpg', 'url':
  │   'https://conciertos.club/almeria/conciertos/112717-paula-koops'}
  │   ****************************
  │   Saving 4 new events
  │   Saving in
  │   /home/ubuntu/data_storage/Almeria/2026_04_04_17_17_Sabado/0_raw/20260404
  │   _1718_ConciertosClub.json
  │   Saving 4 master url
  │   Appending to /home/ubuntu/data_storage/Almeria/00_master/master_url.json
  └─stderr:
      /usr/local/lib/python3.11/site-packages/urllib3/connectionpool.py:1097:
      InsecureRequestWarning: Unverified HTTPS request is being made to host
      'conciertos.club'. Adding certificate verification is strongly advised.
      See:
      https://urllib3.readthedocs.io/en/latest/advanced-usage.html#tls-warnings
      warnings.warn(
      /usr/local/lib/python3.11/site-packages/urllib3/connectionpool.py:1097:
      InsecureRequestWarning: Unverified HTTPS request is being made to host
      'conciertos.club'. Adding certificate verification is strongly advised.
      See:
      https://urllib3.readthedocs.io/en/latest/advanced-usage.html#tls-warnings
      warnings.warn(
      /usr/local/lib/python3.11/site-packages/urllib3/connectionpool.py:1097:
      InsecureRequestWarning: Unverified HTTPS request is being made to host
      'conciertos.club'. Adding certificate verification is strongly advised.
      See:
      https://urllib3.readthedocs.io/en/latest/advanced-usage.html#tls-warnings
      warnings.warn(
      /usr/local/lib/python3.11/site-packages/urllib3/connectionpool.py:1097:
      InsecureRequestWarning: Unverified HTTPS request is being made to host
      'conciertos.club'. Adding certificate verification is strongly advised.
      See:
      https://urllib3.readthedocs.io/en/latest/advanced-usage.html#tls-warnings
      warnings.warn(
      /usr/local/lib/python3.11/site-packages/urllib3/connectionpool.py:1097:
      InsecureRequestWarning: Unverified HTTPS request is being made to host
      'conciertos.club'. Adding certificate verification is strongly advised.
      See:
      https://urllib3.readthedocs.io/en/latest/advanced-usage.html#tls-warnings
      warnings.warn(

Result: Succeeded

Launching scraper: JacksonLive
Failed - 2026-04-04T17:18:58Z

dag: FisgonTaskRequest (3.0s)
│
└─tarea_1 (3.0s) [failed]
  ├─bash -lc 'docker run --rm --network host -v
  │   /home/ubuntu/work/fisgon:/app -v
  │   /home/ubuntu/data_storage:/home/ubuntu/data_storage -v
  │   /home/ubuntu/work/event_flask_app/static/img:/home/ubuntu/work/event_fla
  │   sk_app/static/img -w /app -e OPERATION=0 -e DOCKER_CONFIG=/tmp/.docker
  │   -e HOME=/tmp -e TARGET_CITY -e TARGET_SCRAPER -e
  │   DAG_RUN_URL="${DAGU_BASE_URL}/dags/${DAG_NAME}?dagRunId=${DAG_RUN_ID}"
  │   -e
  │   DAG_RUN_LOG_URL="${DAGU_BASE_URL}/dags/${DAG_NAME}/log?remoteNode=local&
  │   step=tarea_1&dagRunId=${DAG_RUN_ID}" fisgon_scraper:1.0; rc=$?; exit
  │   $rc'
  │
  ├─stdout:
  │   RUNNING VARS →
  │   CITY=Almeria,
  │   OPERATION=0,
  │   CREATE_SESSION=0,
  │   CLOSE_SESSION=0,
  │   SESSION=None,
  │   IMAGES=0,
  │   GET_SCRAPERS=
  │   SCRAPER=JacksonLive
  │   DAG_RUN_URL=/dags/FisgonTaskRequest/log?remoteNode=local&step=tarea_1&da
  │   gRunId=019d5981-4923-7c78-94fa-fd9a327a558c
  │   Running for Almeria: JacksonLive
  │   JacksonLive
  │   RUNNING SESSION =  2026_04_04_17_17_Sabado
  │   Getting https://www.jacksonlive.es/almeria
  │   Sleep 1
  ├─stderr:
  │   /usr/local/lib/python3.11/site-packages/urllib3/connectionpool.py:1097:
  │   InsecureRequestWarning: Unverified HTTPS request is being made to host
  │   'www.jacksonlive.es'. Adding certificate verification is strongly
  │   advised. See:
  │   https://urllib3.readthedocs.io/en/latest/advanced-usage.html#tls-warning
  │   s
  │   warnings.warn(
  │   Traceback (most recent call last):
  │   File "/app/run.py", line 137, in <module>
  │   run_one(events_extractors, TARGET_SCRAPER, session_manager, TARGET_CITY)
  │   File "/app/run.py", line 18, in run_one
  │   ev.run()
  │   File "/app/scraper/extractors/main_pages/abc_main_pages_extractor.py",
  │   line 17, in run
  │   result = self.iterate_pages_clean_events()
  │   ^^^^^^^^^^^^^^^^^^^^^^^^^^^^^^^^^
  │   File "/app/scraper/extractors/main_pages/jackson_live.py", line 19, in
  │   iterate_pages_clean_events
  │   events_cleaned = self.clean_main_page(main_page_soup)
  │   ^^^^^^^^^^^^^^^^^^^^^^^^^^^^^^^^^^^^
  │   File "/app/scraper/extractors/main_pages/abc_main_pages_extractor.py",
  │   line 60, in clean_main_page
  │   info_list = self.get_info_list(main_page_soup, tuple_url)
  │   ^^^^^^^^^^^^^^^^^^^^^^^^^^^^^^^^^^^^^^^^^^^^^
  │   File "/app/scraper/extractors/main_pages/jackson_live.py", line 24, in
  │   get_info_list
  │   data_page = main_page_soup.find('div', {'data-page': True})['data-page']
  │   ~~~~~~~~~~~~~~~~~~~~~~~~~~~~~~~~~~~~~~~~~~~~~~~^^^^^^^^^^^^^
  │   TypeError: 'NoneType' object is not subscriptable
  │
  └─error: failed to execute step "tarea_1": exit status 1

Result: Failed

Launching scraper: BibliotecaAgenda
Succeeded - 2026-04-04T17:19:01Z

dag: FisgonTaskRequest (28.0s)
│
└─tarea_1 (28.0s) [succeeded]
  ├─bash -lc 'docker run --rm --network host -v
  │   /home/ubuntu/work/fisgon:/app -v
  │   /home/ubuntu/data_storage:/home/ubuntu/data_storage -v
  │   /home/ubuntu/work/event_flask_app/static/img:/home/ubuntu/work/event_fla
  │   sk_app/static/img -w /app -e OPERATION=0 -e DOCKER_CONFIG=/tmp/.docker
  │   -e HOME=/tmp -e TARGET_CITY -e TARGET_SCRAPER -e
  │   DAG_RUN_URL="${DAGU_BASE_URL}/dags/${DAG_NAME}?dagRunId=${DAG_RUN_ID}"
  │   -e
  │   DAG_RUN_LOG_URL="${DAGU_BASE_URL}/dags/${DAG_NAME}/log?remoteNode=local&
  │   step=tarea_1&dagRunId=${DAG_RUN_ID}" fisgon_scraper:1.0; rc=$?; exit
  │   $rc'
  │
  ├─stdout: ... (15 more lines)
  │   0 / 16
  │   Getting
  │   https://www.bibliotecasdeandalucia.es/web/biblioteca-del-estado-publica-
  │   provincial-de-almeria/actividades/agenda?p_p_id=eventosportlet_WAR_cultu
  │   raportlet_INSTANCE_rPywOIojLvBh&p_p_lifecycle=0&p_p_state=normal&p_p_mod
  │   e=view&p_p_col_id=column-1&p_p_col_pos=1&p_p_col_count=2&date=17/04/26&a
  │   ction=showDay
  │   Sleep 1
  │   1 / 16
  │   Getting
  │   https://www.bibliotecasdeandalucia.es/web/biblioteca-del-estado-publica-
  │   provincial-de-almeria/actividades/agenda?p_p_id=eventosportlet_WAR_cultu
  │   raportlet_INSTANCE_rPywOIojLvBh&p_p_lifecycle=0&p_p_state=normal&p_p_mod
  │   e=view&p_p_col_id=column-1&p_p_col_pos=1&p_p_col_count=2&date=03/04/26&a
  │   ction=showDay
  │   Sleep 1
  │   2 / 16
  │   Getting
  │   https://www.bibliotecasdeandalucia.es/web/biblioteca-del-estado-publica-
  │   provincial-de-almeria/actividades/agenda?p_p_id=eventosportlet_WAR_cultu
  │   raportlet_INSTANCE_rPywOIojLvBh&p_p_lifecycle=0&p_p_state=normal&p_p_mod
  │   e=view&p_p_col_id=column-1&p_p_col_pos=1&p_p_col_count=2&date=19/04/26&a
  │   ction=showDay
  │   Sleep 1
  │   3 / 16
  │   Getting
  │   https://www.bibliotecasdeandalucia.es/web/biblioteca-del-estado-publica-
  │   provincial-de-almeria/actividades/agenda?p_p_id=eventosportlet_WAR_cultu
  │   raportlet_INSTANCE_rPywOIojLvBh&p_p_lifecycle=0&p_p_state=normal&p_p_mod
  │   e=view&p_p_col_id=column-1&p_p_col_pos=1&p_p_col_count=2&date=07/04/26&a
  │   ction=showDay
  │   Sleep 1
  │   4 / 16
  │   Getting
  │   https://www.bibliotecasdeandalucia.es/web/biblioteca-del-estado-publica-
  │   provincial-de-almeria/actividades/agenda?p_p_id=eventosportlet_WAR_cultu
  │   raportlet_INSTANCE_rPywOIojLvBh&p_p_lifecycle=0&p_p_state=normal&p_p_mod
  │   e=view&p_p_col_id=column-1&p_p_col_pos=1&p_p_col_count=2&date=16/04/26&a
  │   ction=showDay
  │   Sleep 1
  │   5 / 16
  │   Getting
  │   https://www.bibliotecasdeandalucia.es/web/biblioteca-del-estado-publica-
  │   provincial-de-almeria/actividades/agenda?p_p_id=eventosportlet_WAR_cultu
  │   raportlet_INSTANCE_rPywOIojLvBh&p_p_lifecycle=0&p_p_state=normal&p_p_mod
  │   e=view&p_p_col_id=column-1&p_p_col_pos=1&p_p_col_count=2&date=28/04/26&a
  │   ction=showDay
  │   Sleep 1
  │   6 / 16
  │   Getting
  │   https://www.bibliotecasdeandalucia.es/web/biblioteca-del-estado-publica-
  │   provincial-de-almeria/actividades/agenda?p_p_id=eventosportlet_WAR_cultu
  │   raportlet_INSTANCE_rPywOIojLvBh&p_p_lifecycle=0&p_p_state=normal&p_p_mod
  │   e=view&p_p_col_id=column-1&p_p_col_pos=1&p_p_col_count=2&date=04/04/26&a
  │   ction=showDay
  │   Sleep 1
  │   7 / 16
  │   Getting
  │   https://www.bibliotecasdeandalucia.es/web/biblioteca-del-estado-publica-
  │   provincial-de-almeria/actividades/agenda?p_p_id=eventosportlet_WAR_cultu
  │   raportlet_INSTANCE_rPywOIojLvBh&p_p_lifecycle=0&p_p_state=normal&p_p_mod
  │   e=view&p_p_col_id=column-1&p_p_col_pos=1&p_p_col_count=2&date=02/04/26&a
  │   ction=showDay
  │   Sleep 1
  │   8 / 16
  │   Getting
  │   https://www.bibliotecasdeandalucia.es/web/biblioteca-del-estado-publica-
  │   provincial-de-almeria/actividades/agenda?p_p_id=eventosportlet_WAR_cultu
  │   raportlet_INSTANCE_rPywOIojLvBh&p_p_lifecycle=0&p_p_state=normal&p_p_mod
  │   e=view&p_p_col_id=column-1&p_p_col_pos=1&p_p_col_count=2&date=26/04/26&a
  │   ction=showDay
  │   Sleep 1
  │   9 / 16
  │   Getting
  │   https://www.bibliotecasdeandalucia.es/web/biblioteca-del-estado-publica-
  │   provincial-de-almeria/actividades/agenda?p_p_id=eventosportlet_WAR_cultu
  │   raportlet_INSTANCE_rPywOIojLvBh&p_p_lifecycle=0&p_p_state=normal&p_p_mod
  │   e=view&p_p_col_id=column-1&p_p_col_pos=1&p_p_col_count=2&date=01/04/26&a
  │   ction=showDay
  │   Sleep 1
  │   10 / 16
  │   Getting
  │   https://www.bibliotecasdeandalucia.es/web/biblioteca-del-estado-publica-
  │   provincial-de-almeria/actividades/agenda?p_p_id=eventosportlet_WAR_cultu
  │   raportlet_INSTANCE_rPywOIojLvBh&p_p_lifecycle=0&p_p_state=normal&p_p_mod
  │   e=view&p_p_col_id=column-1&p_p_col_pos=1&p_p_col_count=2&date=30/04/26&a
  │   ction=showDay
  │   Sleep 1
  │   11 / 16
  │   Getting
  │   https://www.bibliotecasdeandalucia.es/web/biblioteca-del-estado-publica-
  │   provincial-de-almeria/actividades/agenda?p_p_id=eventosportlet_WAR_cultu
  │   raportlet_INSTANCE_rPywOIojLvBh&p_p_lifecycle=0&p_p_state=normal&p_p_mod
  │   e=view&p_p_col_id=column-1&p_p_col_pos=1&p_p_col_count=2&date=05/04/26&a
  │   ction=showDay
  │   Sleep 1
  │   12 / 16
  │   Getting
  │   https://www.bibliotecasdeandalucia.es/web/biblioteca-del-estado-publica-
  │   provincial-de-almeria/actividades/agenda?p_p_id=eventosportlet_WAR_cultu
  │   raportlet_INSTANCE_rPywOIojLvBh&p_p_lifecycle=0&p_p_state=normal&p_p_mod
  │   e=view&p_p_col_id=column-1&p_p_col_pos=1&p_p_col_count=2&date=14/04/26&a
  │   ction=showDay
  │   Sleep 1
  │   13 / 16
  │   Getting
  │   https://www.bibliotecasdeandalucia.es/web/biblioteca-del-estado-publica-
  │   provincial-de-almeria/actividades/agenda?p_p_id=eventosportlet_WAR_cultu
  │   raportlet_INSTANCE_rPywOIojLvBh&p_p_lifecycle=0&p_p_state=normal&p_p_mod
  │   e=view&p_p_col_id=column-1&p_p_col_pos=1&p_p_col_count=2&date=18/04/26&a
  │   ction=showDay
  │   Sleep 1
  │   14 / 16
  │   Getting
  │   https://www.bibliotecasdeandalucia.es/web/biblioteca-del-estado-publica-
  │   provincial-de-almeria/actividades/agenda?p_p_id=eventosportlet_WAR_cultu
  │   raportlet_INSTANCE_rPywOIojLvBh&p_p_lifecycle=0&p_p_state=normal&p_p_mod
  │   e=view&p_p_col_id=column-1&p_p_col_pos=1&p_p_col_count=2&date=12/04/26&a
  │   ction=showDay
  │   Sleep 1
  │   15 / 16
  │   Getting
  │   https://www.bibliotecasdeandalucia.es/web/biblioteca-del-estado-publica-
  │   provincial-de-almeria/actividades/agenda?p_p_id=eventosportlet_WAR_cultu
  │   raportlet_INSTANCE_rPywOIojLvBh&p_p_lifecycle=0&p_p_state=normal&p_p_mod
  │   e=view&p_p_col_id=column-1&p_p_col_pos=1&p_p_col_count=2&date=22/04/26&a
  │   ction=showDay
  │   Sleep 1
  │   No new events to save
  │   **************************
  └─stderr:
      /usr/local/lib/python3.11/site-packages/urllib3/connectionpool.py:1097:
      InsecureRequestWarning: Unverified HTTPS request is being made to host
      'www.bibliotecasdeandalucia.es'. Adding certificate verification is
      strongly advised. See:
      https://urllib3.readthedocs.io/en/latest/advanced-usage.html#tls-warnings
      warnings.warn(
      /usr/local/lib/python3.11/site-packages/urllib3/connectionpool.py:1097:
      InsecureRequestWarning: Unverified HTTPS request is being made to host
      'www.bibliotecasdeandalucia.es'. Adding certificate verification is
      strongly advised. See:
      https://urllib3.readthedocs.io/en/latest/advanced-usage.html#tls-warnings
      warnings.warn(
      /usr/local/lib/python3.11/site-packages/urllib3/connectionpool.py:1097:
      InsecureRequestWarning: Unverified HTTPS request is being made to host
      'www.bibliotecasdeandalucia.es'. Adding certificate verification is
      strongly advised. See:
      https://urllib3.readthedocs.io/en/latest/advanced-usage.html#tls-warnings
      warnings.warn(
      /usr/local/lib/python3.11/site-packages/urllib3/connectionpool.py:1097:
      InsecureRequestWarning: Unverified HTTPS request is being made to host
      'www.bibliotecasdeandalucia.es'. Adding certificate verification is
      strongly advised. See:
      https://urllib3.readthedocs.io/en/latest/advanced-usage.html#tls-warnings
      warnings.warn(
      /usr/local/lib/python3.11/site-packages/urllib3/connectionpool.py:1097:
      InsecureRequestWarning: Unverified HTTPS request is being made to host
      'www.bibliotecasdeandalucia.es'. Adding certificate verification is
      strongly advised. See:
      https://urllib3.readthedocs.io/en/latest/advanced-usage.html#tls-warnings
      warnings.warn(
      /usr/local/lib/python3.11/site-packages/urllib3/connectionpool.py:1097:
      InsecureRequestWarning: Unverified HTTPS request is being made to host
      'www.bibliotecasdeandalucia.es'. Adding certificate verification is
      strongly advised. See:
      https://urllib3.readthedocs.io/en/latest/advanced-usage.html#tls-warnings
      warnings.warn(
      /usr/local/lib/python3.11/site-packages/urllib3/connectionpool.py:1097:
      InsecureRequestWarning: Unverified HTTPS request is being made to host
      'www.bibliotecasdeandalucia.es'. Adding certificate verification is
      strongly advised. See:
      https://urllib3.readthedocs.io/en/latest/advanced-usage.html#tls-warnings
      warnings.warn(
      /usr/local/lib/python3.11/site-packages/urllib3/connectionpool.py:1097:
      InsecureRequestWarning: Unverified HTTPS request is being made to host
      'www.bibliotecasdeandalucia.es'. Adding certificate verification is
      strongly advised. See:
      https://urllib3.readthedocs.io/en/latest/advanced-usage.html#tls-warnings
      warnings.warn(
      /usr/local/lib/python3.11/site-packages/urllib3/connectionpool.py:1097:
      InsecureRequestWarning: Unverified HTTPS request is being made to host
      'www.bibliotecasdeandalucia.es'. Adding certificate verification is
      strongly advised. See:
      https://urllib3.readthedocs.io/en/latest/advanced-usage.html#tls-warnings
      warnings.warn(
      /usr/local/lib/python3.11/site-packages/urllib3/connectionpool.py:1097:
      InsecureRequestWarning: Unverified HTTPS request is being made to host
      'www.bibliotecasdeandalucia.es'. Adding certificate verification is
      strongly advised. See:
      https://urllib3.readthedocs.io/en/latest/advanced-usage.html#tls-warnings
      warnings.warn(
      /usr/local/lib/python3.11/site-packages/urllib3/connectionpool.py:1097:
      InsecureRequestWarning: Unverified HTTPS request is being made to host
      'www.bibliotecasdeandalucia.es'. Adding certificate verification is
      strongly advised. See:
      https://urllib3.readthedocs.io/en/latest/advanced-usage.html#tls-warnings
      warnings.warn(
      /usr/local/lib/python3.11/site-packages/urllib3/connectionpool.py:1097:
      InsecureRequestWarning: Unverified HTTPS request is being made to host
      'www.bibliotecasdeandalucia.es'. Adding certificate verification is
      strongly advised. See:
      https://urllib3.readthedocs.io/en/latest/advanced-usage.html#tls-warnings
      warnings.warn(
      /usr/local/lib/python3.11/site-packages/urllib3/connectionpool.py:1097:
      InsecureRequestWarning: Unverified HTTPS request is being made to host
      'www.bibliotecasdeandalucia.es'. Adding certificate verification is
      strongly advised. See:
      https://urllib3.readthedocs.io/en/latest/advanced-usage.html#tls-warnings
      warnings.warn(
      /usr/local/lib/python3.11/site-packages/urllib3/connectionpool.py:1097:
      InsecureRequestWarning: Unverified HTTPS request is being made to host
      'www.bibliotecasdeandalucia.es'. Adding certificate verification is
      strongly advised. See:
      https://urllib3.readthedocs.io/en/latest/advanced-usage.html#tls-warnings
      warnings.warn(
      /usr/local/lib/python3.11/site-packages/urllib3/connectionpool.py:1097:
      InsecureRequestWarning: Unverified HTTPS request is being made to host
      'www.bibliotecasdeandalucia.es'. Adding certificate verification is
      strongly advised. See:
      https://urllib3.readthedocs.io/en/latest/advanced-usage.html#tls-warnings
      warnings.warn(
      /usr/local/lib/python3.11/site-packages/urllib3/connectionpool.py:1097:
      InsecureRequestWarning: Unverified HTTPS request is being made to host
      'www.bibliotecasdeandalucia.es'. Adding certificate verification is
      strongly advised. See:
      https://urllib3.readthedocs.io/en/latest/advanced-usage.html#tls-warnings
      warnings.warn(

Result: Succeeded

