
RUNNING VARS → 
        CITY=Almeria, 

        OPERATION=0,
            CREATE_SESSION=0,
            CLOSE_SESSION=0,
            SESSION=None,
            IMAGES=0,
            GET_SCRAPERS=

        SCRAPER=Entradium
        DAG_RUN_URL=/dags/FisgonTaskSelenium/log?remoteNode=local&step=tarea_1&dagRunId=019d5985-1776-760d-8112-f28bd5411209

Running for Almeria: Entradium
Entradium
RUNNING SESSION =  2026_04_04_17_17_Sabado
Starting WebDriver...
http://localhost:4444/wd/hub
sleeping 5
clicking
sleeping 3
sleeping 1.5
sleeping 3
******
xpath
/html/body/header/div[2]/div[1]/div/div/form/div/div/button/span/i
clicking
sleeping 3
sleeping 8
Getting content
*** SCRAPED 23 URLS WITH EVENTS **
New url events = 1
0 / 1
Getting https://entradium.com/es/events/alicia-en-el-pais-de-las-maravillas-almeria-sala-emma-escuela-municipal-de-musica
Sleep 4
['24.05.2026', '17:00']
--------------------
{'id': '54db3b81', 'show': 1, 'in_city': 1, 'one_day': 1, 'wrong_date_time': 0, 'event': 'Alicia en El País De Las Maravillas', 'slug': 'alicia-en-el-pais-de-las-maravillas', 'category': '__NOT_DEFINIED__', 'id_venue': '7qHRF9LM', 'venue': 'Sala EMMA (Escuela municipal de música)', 'std_venue': 'Sala Escuela Municipal de Música & Artes', 'start_date': '2026-05-24', 'start_time': '17:00:00', 'end_date': '__NOT_DEFINIED__', 'end_time': '__NOT_DEFINIED__', 'description': 'Pasa una tarde inolvidable con tu familia y amigos en este musical interactivo pensado para los más pequeños de la casa. Diversión, música y baile garantizados.Ayudad a Alicia a salvar el País de las Maravillas, Wonderland, de la tiranía de la Reina de Corazones, con la ayuda de sus nuevos amigos el Sombrerero Loco, el Gato Risón, el Conejo Blanco y algún personaje sorpresa. ¿Conseguiremos juntos que la felicidad vuelva a Wonderland?Duración: 1 hora aprox.', 'others': {}, 'source': 'Entradium', 'exec_time': '20260404T172313', 'session': '2026_04_04_17_17_Sabado', 'image': 'https://d2il8hfach02z9.cloudfront.net/uploads/event/poster/854f4e934e1c182bb31e1260f54e52ec06552a75/event_m_1000041662.jpg?v=1775309630', 'url': 'https://entradium.com/es/events/alicia-en-el-pais-de-las-maravillas-almeria-sala-emma-escuela-municipal-de-musica'}
****************************
Saving 1 new events
Saving in  /home/ubuntu/data_storage/Almeria/2026_04_04_17_17_Sabado/0_raw/20260404_1723_Entradium.json
Saving 1 master url
Appending to  /home/ubuntu/data_storage/Almeria/00_master/master_url.json
