
RUNNING VARS → 
        CITY=Almeria, 

        OPERATION=0,
            CREATE_SESSION=0,
            CLOSE_SESSION=0,
            SESSION=None,
            IMAGES=0,
            GET_SCRAPERS=

        SCRAPER=SalaEmma
        DAG_RUN_URL=/dags/FisgonTaskSelenium/log?remoteNode=local&step=tarea_1&dagRunId=019c9108-7c5c-7060-9f88-d99a43febfa2

Running for Almeria: SalaEmma
SalaEmma
RUNNING SESSION =  2026_02_24_18_31_Martes
Starting WebDriver...
http://localhost:4444/wd/hub
sleeping 10
Getting content
--------------------
{'id': '92583468', 'show': 1, 'in_city': 1, 'one_day': 1, 'wrong_date_time': 0, 'event': 'Christian Garcia (10 Años Dando Guerra)', 'slug': 'christian-garcia-10-anos-dando-guerra', 'category': '__NOT_DEFINIED__', 'id_venue': '7qHRF9LM', 'venue': 'Sala EMMA', 'std_venue': 'Sala Escuela Municipal de Música & Artes', 'start_date': '2026-03-14', 'start_time': '20:00:00', 'end_date': '__NOT_FOUND__', 'end_time': '__NOT_FOUND__', 'description': 'Sábado, 14 de Marzo, 2026 8:00 PM  15.00 €', 'others': {}, 'source': 'SalaEmma', 'exec_time': '20260224T190302', 'session': '2026_02_24_18_31_Martes', 'image': '/home/ubuntu/work/event_flask_app/static/img/7ea88b28.jpg', 'url': 'https://entradasemma.azurewebsites.net/'}
--------------------
{'id': '8cf71ed1', 'show': 1, 'in_city': 1, 'one_day': 1, 'wrong_date_time': 0, 'event': 'Kikín Fernández Y Fernando Labordeta', 'slug': 'kikin-fernandez-y-fernando-labordeta', 'category': '__NOT_DEFINIED__', 'id_venue': '7qHRF9LM', 'venue': 'Sala EMMA', 'std_venue': 'Sala Escuela Municipal de Música & Artes', 'start_date': '2026-05-16', 'start_time': '20:00:00', 'end_date': '__NOT_FOUND__', 'end_time': '__NOT_FOUND__', 'description': 'Sábado, 16 de Mayo, 2026 8:00 PM  12.00 €', 'others': {}, 'source': 'SalaEmma', 'exec_time': '20260224T190302', 'session': '2026_02_24_18_31_Martes', 'image': '/home/ubuntu/work/event_flask_app/static/img/1fc9f471.jpg', 'url': 'https://entradasemma.azurewebsites.net/'}
--------------------
{'id': '1ccf90e8', 'show': 1, 'in_city': 1, 'one_day': 1, 'wrong_date_time': 0, 'event': 'Humor De Casados (Mariano Ypunto Y La Nena)', 'slug': 'humor-de-casados-mariano-ypunto-y-la-nena', 'category': '__NOT_DEFINIED__', 'id_venue': '7qHRF9LM', 'venue': 'Sala EMMA', 'std_venue': 'Sala Escuela Municipal de Música & Artes', 'start_date': '2026-06-13', 'start_time': '20:00:00', 'end_date': '__NOT_FOUND__', 'end_time': '__NOT_FOUND__', 'description': 'Sábado, 13 de Junio, 2026 8:00 PM  15.00 €', 'others': {}, 'source': 'SalaEmma', 'exec_time': '20260224T190302', 'session': '2026_02_24_18_31_Martes', 'image': '/home/ubuntu/work/event_flask_app/static/img/75d03588.jpg', 'url': 'https://entradasemma.azurewebsites.net/'}
--------------------
{'id': '5f10fa75', 'show': 1, 'in_city': 1, 'one_day': 1, 'wrong_date_time': 0, 'event': 'EDÉN SERRANO El Show', 'slug': 'eden-serrano-el-show', 'category': '__NOT_DEFINIED__', 'id_venue': '7qHRF9LM', 'venue': 'Sala EMMA', 'std_venue': 'Sala Escuela Municipal de Música & Artes', 'start_date': '2026-03-06', 'start_time': '20:00:00', 'end_date': '__NOT_FOUND__', 'end_time': '__NOT_FOUND__', 'description': 'Viernes, 6 de Marzo, 2026 8:00 PM  12.00 €', 'others': {}, 'source': 'SalaEmma', 'exec_time': '20260224T190302', 'session': '2026_02_24_18_31_Martes', 'image': '/home/ubuntu/work/event_flask_app/static/img/d05b3a71.jpg', 'url': 'https://entradasemma.azurewebsites.net/'}
--------------------
{'id': '44f1b7ca', 'show': 1, 'in_city': 1, 'one_day': 1, 'wrong_date_time': 0, 'event': 'Victor Castigao Descontrolao', 'slug': 'victor-castigao-descontrolao', 'category': '__NOT_DEFINIED__', 'id_venue': '7qHRF9LM', 'venue': 'Sala EMMA', 'std_venue': 'Sala Escuela Municipal de Música & Artes', 'start_date': '2026-04-18', 'start_time': '20:00:00', 'end_date': '__NOT_FOUND__', 'end_time': '__NOT_FOUND__', 'description': 'Sábado, 18 de Abril, 2026 8:00 PM  12.00 €', 'others': {}, 'source': 'SalaEmma', 'exec_time': '20260224T190302', 'session': '2026_02_24_18_31_Martes', 'image': '/home/ubuntu/work/event_flask_app/static/img/3c67020a.jpg', 'url': 'https://entradasemma.azurewebsites.net/'}
--------------------
{'id': 'e21f7383', 'show': 1, 'in_city': 1, 'one_day': 1, 'wrong_date_time': 0, 'event': '¡comedia!  “Malas  Y Maldecías Tocata Y Fuga”', 'slug': 'comedia-malas-y-maldecias-tocata-y-fuga', 'category': '__NOT_DEFINIED__', 'id_venue': '7qHRF9LM', 'venue': 'Sala EMMA', 'std_venue': 'Sala Escuela Municipal de Música & Artes', 'start_date': '2026-03-07', 'start_time': '20:00:00', 'end_date': '__NOT_FOUND__', 'end_time': '__NOT_FOUND__', 'description': 'Sábado, 7 de Marzo, 2026 8:00 PM  12.00 €', 'others': {}, 'source': 'SalaEmma', 'exec_time': '20260224T190302', 'session': '2026_02_24_18_31_Martes', 'image': '/home/ubuntu/work/event_flask_app/static/img/e905622d.jpg', 'url': 'https://entradasemma.azurewebsites.net/'}
--------------------
{'id': '5f8f166a', 'show': 1, 'in_city': 1, 'one_day': 1, 'wrong_date_time': 0, 'event': 'Alvarito', 'slug': 'alvarito', 'category': '__NOT_DEFINIED__', 'id_venue': '7qHRF9LM', 'venue': 'Sala EMMA', 'std_venue': 'Sala Escuela Municipal de Música & Artes', 'start_date': '2026-06-06', 'start_time': '20:00:00', 'end_date': '__NOT_FOUND__', 'end_time': '__NOT_FOUND__', 'description': 'Sábado, 6 de Junio, 2026 8:00 PM  12.00 €', 'others': {}, 'source': 'SalaEmma', 'exec_time': '20260224T190302', 'session': '2026_02_24_18_31_Martes', 'image': '/home/ubuntu/work/event_flask_app/static/img/d1576989.jpg', 'url': 'https://entradasemma.azurewebsites.net/'}
--------------------
{'id': 'a09f8f33', 'show': 1, 'in_city': 1, 'one_day': 1, 'wrong_date_time': 0, 'event': 'Una De Impro', 'slug': 'una-de-impro', 'category': '__NOT_DEFINIED__', 'id_venue': '7qHRF9LM', 'venue': 'Sala EMMA', 'std_venue': 'Sala Escuela Municipal de Música & Artes', 'start_date': '2026-02-26', 'start_time': '21:00:00', 'end_date': '__NOT_FOUND__', 'end_time': '__NOT_FOUND__', 'description': 'Jueves, 26 de Febrero, 2026 9:00 PM  10.00 € Anticipada: 8.00 € hasta el Jueves, 26 de Febrero, 2026', 'others': {}, 'source': 'SalaEmma', 'exec_time': '20260224T190302', 'session': '2026_02_24_18_31_Martes', 'image': '/home/ubuntu/work/event_flask_app/static/img/6d6e672f.jpg', 'url': 'https://entradasemma.azurewebsites.net/'}
--------------------
{'id': 'a053b52a', 'show': 1, 'in_city': 1, 'one_day': 1, 'wrong_date_time': 0, 'event': 'Pepe El Caja', 'slug': 'pepe-el-caja', 'category': '__NOT_DEFINIED__', 'id_venue': '7qHRF9LM', 'venue': 'Sala EMMA', 'std_venue': 'Sala Escuela Municipal de Música & Artes', 'start_date': '2026-05-23', 'start_time': '20:00:00', 'end_date': '__NOT_FOUND__', 'end_time': '__NOT_FOUND__', 'description': 'Sábado, 23 de Mayo, 2026 8:00 PM  15.00 €', 'others': {}, 'source': 'SalaEmma', 'exec_time': '20260224T190302', 'session': '2026_02_24_18_31_Martes', 'image': '/home/ubuntu/work/event_flask_app/static/img/40d96c8d.jpg', 'url': 'https://entradasemma.azurewebsites.net/'}
--------------------
{'id': 'a9040c3b', 'show': 1, 'in_city': 1, 'one_day': 1, 'wrong_date_time': 0, 'event': 'El Mentalista Canalla', 'slug': 'el-mentalista-canalla', 'category': '__NOT_DEFINIED__', 'id_venue': '7qHRF9LM', 'venue': 'Sala EMMA', 'std_venue': 'Sala Escuela Municipal de Música & Artes', 'start_date': '2026-04-24', 'start_time': '20:00:00', 'end_date': '__NOT_FOUND__', 'end_time': '__NOT_FOUND__', 'description': 'Viernes, 24 de Abril, 2026 8:00 PM  12.00 €', 'others': {}, 'source': 'SalaEmma', 'exec_time': '20260224T190302', 'session': '2026_02_24_18_31_Martes', 'image': '/home/ubuntu/work/event_flask_app/static/img/4dcd92d8.jpg', 'url': 'https://entradasemma.azurewebsites.net/'}
--------------------
{'id': '21d1feec', 'show': 1, 'in_city': 1, 'one_day': 1, 'wrong_date_time': 0, 'event': '¡corten! Una Comedia De Cine', 'slug': 'corten-una-comedia-de-cine', 'category': '__NOT_DEFINIED__', 'id_venue': '7qHRF9LM', 'venue': 'Sala EMMA', 'std_venue': 'Sala Escuela Municipal de Música & Artes', 'start_date': '2026-04-25', 'start_time': '20:00:00', 'end_date': '__NOT_FOUND__', 'end_time': '__NOT_FOUND__', 'description': 'Sábado, 25 de Abril, 2026 8:00 PM  12.00 €', 'others': {}, 'source': 'SalaEmma', 'exec_time': '20260224T190302', 'session': '2026_02_24_18_31_Martes', 'image': '/home/ubuntu/work/event_flask_app/static/img/b0037dc7.jpg', 'url': 'https://entradasemma.azurewebsites.net/'}
--------------------
{'id': '59c03940', 'show': 1, 'in_city': 1, 'one_day': 1, 'wrong_date_time': 0, 'event': 'Melocotón en Almíbar', 'slug': 'melocoton-en-almibar', 'category': '__NOT_DEFINIED__', 'id_venue': '7qHRF9LM', 'venue': 'Sala EMMA', 'std_venue': 'Sala Escuela Municipal de Música & Artes', 'start_date': '2026-05-09', 'start_time': '20:00:00', 'end_date': '__NOT_FOUND__', 'end_time': '__NOT_FOUND__', 'description': 'Sábado, 9 de Mayo, 2026 8:00 PM  12.00 €', 'others': {}, 'source': 'SalaEmma', 'exec_time': '20260224T190302', 'session': '2026_02_24_18_31_Martes', 'image': '/home/ubuntu/work/event_flask_app/static/img/377bc2e2.jpg', 'url': 'https://entradasemma.azurewebsites.net/'}
--------------------
{'id': '6ec193d2', 'show': 1, 'in_city': 1, 'one_day': 1, 'wrong_date_time': 0, 'event': 'Manolo Lera', 'slug': 'manolo-lera', 'category': '__NOT_DEFINIED__', 'id_venue': '7qHRF9LM', 'venue': 'Sala EMMA', 'std_venue': 'Sala Escuela Municipal de Música & Artes', 'start_date': '2026-04-11', 'start_time': '20:00:00', 'end_date': '__NOT_FOUND__', 'end_time': '__NOT_FOUND__', 'description': 'Sábado, 11 de Abril, 2026 8:00 PM  12.00 €', 'others': {}, 'source': 'SalaEmma', 'exec_time': '20260224T190302', 'session': '2026_02_24_18_31_Martes', 'image': '/home/ubuntu/work/event_flask_app/static/img/a5793ff9.jpg', 'url': 'https://entradasemma.azurewebsites.net/'}
Checking unique event dict.
Reading /home/ubuntu/data_storage/Almeria/00_master/master_events.json...
*******
[]
('Christian Garcia (10 Años Dando Guerra)', 'Sala EMMA', '2026-03-14', '20:00:00')
('Kikín Fernández Y Fernando Labordeta', 'Sala EMMA', '2026-05-16', '20:00:00')
('Humor De Casados (Mariano Ypunto Y La Nena)', 'Sala EMMA', '2026-06-13', '20:00:00')
('EDÉN SERRANO El Show', 'Sala EMMA', '2026-03-06', '20:00:00')
('Victor Castigao Descontrolao', 'Sala EMMA', '2026-04-18', '20:00:00')
('¡comedia!  “Malas  Y Maldecías Tocata Y Fuga”', 'Sala EMMA', '2026-03-07', '20:00:00')
('Alvarito', 'Sala EMMA', '2026-06-06', '20:00:00')
('Una De Impro', 'Sala EMMA', '2026-02-26', '21:00:00')
('Pepe El Caja', 'Sala EMMA', '2026-05-23', '20:00:00')
('El Mentalista Canalla', 'Sala EMMA', '2026-04-24', '20:00:00')
('¡corten! Una Comedia De Cine', 'Sala EMMA', '2026-04-25', '20:00:00')
('Melocotón en Almíbar', 'Sala EMMA', '2026-05-09', '20:00:00')
('Manolo Lera', 'Sala EMMA', '2026-04-11', '20:00:00')
****************************
Saving 13 new events
Saving in  /home/ubuntu/data_storage/Almeria/2026_02_24_18_31_Martes/0_raw/20260224_1903_SalaEmma.json
Saving 13 master url
Appending to  /home/ubuntu/data_storage/Almeria/00_master/master_url.json
