
RUNNING VARS → 
        CITY=Almeria, 

        OPERATION=0,
            CREATE_SESSION=0,
            CLOSE_SESSION=0,
            SESSION=None,
            IMAGES=0,
            GET_SCRAPERS=

        SCRAPER=ConciertosClub
        DAG_RUN_URL=/dags/FisgonTaskRequest/log?remoteNode=local&step=tarea_1&dagRunId=019d152c-c737-7ae1-8e94-a8e07afc0893

Running for Almeria: ConciertosClub
ConciertosClub
RUNNING SESSION =  2026_03_22_10_51_Domingo
Getting https://conciertos.club/almeria
Sleep 1
*** SCRAPED 123 URLS WITH EVENTS **
New url events = 2
0 / 2
Getting https://conciertos.club/almeria/conciertos/98968-el-ultimo-de-la-fila
Sleep 4
--------------------
{'id': 'f82c0955', 'show': 1, 'in_city': 0, 'one_day': 1, 'wrong_date_time': 0, 'event': 'El Último De La Fila', 'slug': 'el-ultimo-de-la-fila', 'category': 'conciertos', 'id_venue': None, 'venue': 'Estadio Municipal Antonio Peroles', 'std_venue': None, 'start_date': '2026-05-16', 'start_time': '21:00:00', 'end_date': '2026-05-16', 'end_time': '__NOT_DEFINIED__', 'description': '\nEl Último de la Fila \n\n\n\nEl Último de la Fila volverá a los escenarios en 2026 en una gira que comenzará en abril en Marenostrum Fuengirola y recorrerá al menos 8 ciudades más: Barcelona, Roquetas de Mar, Madrid, Donostia/San Sebastián, A Coruña, Avilés, Sevilla y Valencia. Las entradas ya están a la venta en Ticketmaster\nEste retorno es uno de los eventos más esperados en el panorama musical, ya que la banda ha sido una de las más influyentes en la historia del pop rock español, y en 2023 volvieron a reunirse en el estudio para regrabar algunas canciones añejas, dándoles otro envoltorio. La primera fue ‘Lejos de las leyes de los hombres’, que olvida su raíz árabe y se muestra más pop. Las imágenes de García y Portet en el estudio de grabación los mostraban relajados y felices.\nEl cantante Manolo García y el guitarrista Quimi Portet, que ya habían coincidido en Los Burros, formaron en 1984 El Último de la Fila, triunfaron a lo grande y lo dejaron en 1998.\nAunque los dos componentes continuaron en solitario, el vocalista llenando pabellones y plazas de toros y el guitarrista de manera más modesta, haciendo algo muy distinto y empleando el catalán como vehículo de expresión, lo cierto es que los partidarios del retorno son muchísimos.\nLa fórmula de Él Último de la Fila empezó de manera titubeante pero terminó arrasando. Sus dos primeros discos -‘Cuando la pobreza entra por la puerta, el amor salta por la ventana (1985)’ y ‘Enemigos de lo ajeno (1986)’- presentaban a un grupo con una propuesta novedosa. Aportaban elementos del pop de toda la vida, guitarrazos rockeros y un deje aflamencado.\nEran ellos los que componían, pero a su lado hubo desde el principio músicos fieles como el bajista Antonio Fidel o el percusionista y teclista Juan Carlos García Guillermo contribuyeron a crear un sonido tanto en estudio como en directo que fue ganando fieles paulatinamente, hasta el punto de que ‘Como la cabeza al sombrero’ (1988), su tercer largo -o el cuarto, si se incluye el de remezclas de sus dos primeros elepés-, ya fue un superventas en toda regla.\nCon ‘Pequeño catálogo de seres y estares’, publicado en 1990, cambiaron de siglas y cambiaron de la independiente PDI a la multinacional EMI. Supuso eso una mejor distribución y una mayor difusión de sus canciones, que a su vez empezaron a tener una orientación más comercial.\nEl disco fue número uno en ventas, la gira que lo siguió congregó a más de 750.000 personas en recintos que antes ni imaginaban que podrían llenar y, en fin, se abrió su época dorada, no ya sólo en España sino también en Iberoamérica. Hasta fueron teloneros de Tina Turner, aunque eso no les abrió la puerta del mercado anglosajón.\nNo obstante, les siguió yendo francamente bien. ‘Astronomía razonable’, lanzado en 1992, vendió la friolera de un millón de copias y del disco se extrajeron nada menos que seis singles, entre el que estaba la que probablemente ha sido su canción más radiada, ‘Como un burro amarrado a la puerta del baile’.\n‘La rebelión de los hombres ranas’, que vio la luz en 1995, les pilló un poco cansados, saturados de todo ese trajín que conlleva el éxito masivo. El disco vendió mucho, peor más por inercia que por el contenido. El dúo lo interpretó como la señal de que había que parar y empezó a hacerlo de forma escalonada, sin grabar nuevo material pero tocando en directo. Manolo García y Quimi Portet empezaron a hacer cosas por su cuenta y a principios de 1998 anunciaron que su sociedad se disolvía, que no daba más de sí.\nPero como les pasa a muchos otros, después, mucho después, han caído en la tentación de regresar, para regocijo de sus numerosos seguidores.\n', 'others': {'category': 'Pop-rock', 'price': '__NOT_FOUND__', 'place_url': 'https://conciertos.club/almeria/locales/estadio-municipal-antonio-peroles', 'town': 'Roquetas de Mar (Almería)'}, 'source': 'ConciertosClub', 'exec_time': '20260322T105229', 'session': '2026_03_22_10_51_Domingo', 'image': 'https://conciertos.club/doc/c/2025/c_elultimodelafila2026.jpg', 'url': 'https://conciertos.club/almeria/conciertos/98968-el-ultimo-de-la-fila'}
1 / 2
Getting https://conciertos.club/almeria/conciertos/113460-el-arrebato
Sleep 4
--------------------
{'id': '8f2c5809', 'show': 1, 'in_city': 0, 'one_day': 1, 'wrong_date_time': 0, 'event': 'El Arrebato', 'slug': 'el-arrebato', 'category': 'conciertos', 'id_venue': None, 'venue': 'Teatro Auditorio Roquetas de Mar', 'std_venue': None, 'start_date': '2026-05-16', 'start_time': '21:00:00', 'end_date': '2026-05-16', 'end_time': '__NOT_DEFINIED__', 'description': '\nEl Arrebato \n\n\nPor más que dure su trayectoria y por exitosa que ésta sea, el nombre de El Arrebato va a quedar para siempre ligado al fútbol en general y al Sevilla Fútbol Club en particular, porque Javier Labandón, que tal es el nombre que le consta a este sevillano en el Registro Civil, le compuso al equipo de sus amores un himno que, desde el año 2004, ha sonado en los mejores campos de Europa. Y por supuesto en el estadio Ramón Sánchez Pizjuán, donde lo corean miles de seguidores cada vez que el conjunto hispalense juega en casa.\n¿Pero no es injusto reducir los méritos de El Arrebato a ese himno tan conocido? Sin duda lo es, porque su trayectoria, que arranca en 1998, está jalonada de canciones que han tenido un indudable éxito, como ‘Poquito a poco’ (2001), ‘Búscate un hombre que te quiera’ (2004) o ‘Primaveras en el pelo’ (2019), por citar algunas. Media España cantó lo deseable que sería que “ese hombre que te quiera” no se limite a eso, sino que también “te tenga llenita la nevera”.\nSu influencia más clara es la rumba y su grupo de referencia posiblemente sea Camela, una formación en la que quiso tocar cuando empezaba. No fue posible, pero la discográfica EMI sí que apostó por él y la jugada le ha salido bien. Lleva publicados once discos, incluyendo un recopilatorio, y de su último trabajo, ‘Abrazos’ (Universal Records), sacó una primera edición en 2019, en la que regrababa éxitos de sus veinte años de carrera junto a dos temas inéditos y en el que colaboraban, entre otros, El Barrio, Miguel Poveda o India Martínez.\nTan bien le fue con ese disco que en 2020 decidió hacer una edición especial, con más material y, sobre todo, con la revisión de su primer hit ‘Poquito a poco’ acompañado de sus idolatrados Camela. Con lo cual, en cierto modo, se cierra un círculo. Pero eso no significa ni mucho menos el final de la carrera de este talentoso compositor. Que seguirá sonando, eso por supuesto, en cada partido del conjunto sevillista.\n', 'others': {'category': 'Mestizaje', 'price': '38,50', 'place_url': 'https://conciertos.club/almeria/locales/teatro-auditorio-roquetas-de-mar', 'town': 'Roquetas de Mar (Almería)'}, 'source': 'ConciertosClub', 'exec_time': '20260322T105229', 'session': '2026_03_22_10_51_Domingo', 'image': 'https://conciertos.club/doc/a/2019/a_elarrebato.jpg', 'url': 'https://conciertos.club/almeria/conciertos/113460-el-arrebato'}
****************************
Saving 2 new events
Saving in  /home/ubuntu/data_storage/Almeria/2026_03_22_10_51_Domingo/0_raw/20260322_1052_ConciertosClub.json
Saving 2 master url
Appending to  /home/ubuntu/data_storage/Almeria/00_master/master_url.json
