
> build:css
> tailwindcss -i ./src/tailwind.css -o ./static/css/tailwind.css --minify

Images: need download 29 (skipped=345)
Images: 1/29 (downloaded=0 failed=0)
Images: 25/29 (downloaded=3 failed=21)
Images: 29/29 (downloaded=3 failed=25)
Images: {'events_total': 374, 'events_with_remote': 29, 'skipped_already_present': 345, 'to_download': 29, 'downloaded': 3, 'failed_download': 26, 'failed_decode': 0, 'written': 6} -> /app/dist/almeria/static/img/events
HTML: rendering 404 pages
HTML: 1/404
HTML: 25/404
HTML: 50/404
HTML: 75/404
HTML: 100/404
HTML: 125/404
HTML: 150/404
HTML: 175/404
HTML: 200/404
HTML: 225/404
HTML: 250/404
HTML: 275/404
HTML: 300/404
HTML: 325/404
HTML: 350/404
HTML: 375/404
HTML: 400/404
HTML: 404/404
Built 1 month pages + 403 other pages into /app/dist/almeria
Wrote /app/dist/almeria/sitemap.xml
Wrote /app/dist/almeria/robots.txt
