
RUNNING VARS → 
        CITY=Almeria, 

        OPERATION=0,
            CREATE_SESSION=0,
            CLOSE_SESSION=0,
            SESSION=None,
            IMAGES=0,
            GET_SCRAPERS=

        SCRAPER=TodasLasEntradas
        DAG_RUN_URL=/dags/FisgonTaskSelenium/log?remoteNode=local&step=tarea_1&dagRunId=019d318a-ee36-7191-b81f-c67c348f53e2

Running for Almeria: TodasLasEntradas
TodasLasEntradas
RUNNING SESSION =  2026_03_27_22_57_Viernes
Starting WebDriver...
http://localhost:4444/wd/hub
Getting content
*** SCRAPED 12 URLS WITH EVENTS **
New url events = 1
0 / 1
Getting content
{'id': '6527255f', 'show': 1, 'in_city': 1, 'one_day': 1, 'wrong_date_time': 0, 'event': 'Hipnotista', 'slug': 'hipnotista', 'category': '__NOT_DEFINIED__', 'id_venue': 'DgpfFbPt', 'venue': 'Teatro Cervantes Almería ', 'std_venue': 'Teatro Cervantes', 'start_date': '2026-05-16', 'start_time': '19:00:00', 'end_date': '2026-05-16', 'end_time': '__NOT_DEFINIED__', 'description': 'El Hipnotista es un show donde la risa y el poder de la mente se encuentran en el mismo escenario. Vivir la Hipnosis nunca fue tan divertido. Los voluntarios del público que lo deseen se convertirán en las auténticas estrellas del espectáculo, protagonizando las situaciones más disparatadas. Y todo dentro de un ambiente lleno de buen rollo y, sobre todo, de respeto. Podrás ser hipnotizado o disfrutar desde tu butaca del asombroso poder de la mente humana. Aryel Altamar no es un mentalista más. Es el artista que está redefiniendo el Mentalismo y la Hipnosis con espectáculos únicos, aclamados por el público y la crítica. Con millones de seguidores y un talento descomunal, ha convertido cada función en una experiencia inolvidable. Su participación...Leer más', 'others': {}, 'source': 'TodasLasEntradas', 'exec_time': '20260327T230447', 'session': '2026_03_27_22_57_Viernes', 'image': 'https://eolstage.blob.core.windows.net/eol/475152%2Fce1ffb-WhatsApp%20Image%202026-03-13%20at%2019.02.59.jpeg', 'url': 'https://www.todaslasentradas.com/par-public/rest/evento/id/8162159'}
-------------
****************************
Saving 1 new events
Saving in  /home/ubuntu/data_storage/Almeria/2026_03_27_22_57_Viernes/0_raw/20260327_2304_TodasLasEntradas.json
Saving 1 master url
Appending to  /home/ubuntu/data_storage/Almeria/00_master/master_url.json
