Succeeded - 2026-04-01T21:29:44Z

dag: FisgonSession (1.0s)
│
└─session (1.0s) [succeeded]
  ├─bash -lc 'docker run --rm --network host -v
  │   /home/ubuntu/work/fisgon:/app -v
  │   /home/ubuntu/data_storage:/home/ubuntu/data_storage -w /app -e
  │   OPERATION=1 -e DOCKER_CONFIG=/tmp/.docker -e HOME=/tmp -e TARGET_CITY -e
  │   CREATE_SESSION -e CLOSE_SESSION -e
  │   DAG_RUN_URL="${DAGU_BASE_URL}/dags/${DAG_NAME}?dagRunId=${DAG_RUN_ID}"
  │   -e
  │   DAG_RUN_LOG_URL="${DAGU_BASE_URL}/dags/${DAG_NAME}/log?remoteNode=local&
  │   step=session&dagRunId=${DAG_RUN_ID}" fisgon_scraper:1.0; rc=$?; exit
  │   $rc'
  │
  └─stdout:
      RUNNING VARS →
      CITY=Almeria,
      OPERATION=1,
      CREATE_SESSION=0,
      CLOSE_SESSION=1,
      SESSION=None,
      IMAGES=0,
      GET_SCRAPERS=
      SCRAPER=
      DAG_RUN_URL=/dags/FisgonSession/log?remoteNode=local&step=session&dagRunId
      =019d4af3-cb4f-7063-b221-fbbd789a181a
      Executing final task with session: 2026_04_01_21_21_Miercoles
      Reading
      /home/ubuntu/data_storage/Almeria/2026_04_01_21_21_Miercoles/0_raw/2026040
      1_2121_LaGuajira.json...
      Reading
      /home/ubuntu/data_storage/Almeria/2026_04_01_21_21_Miercoles/0_raw/2026040
      1_2123_BibliotecaAgenda.json...
      Reading
      /home/ubuntu/data_storage/Almeria/2026_04_01_21_21_Miercoles/0_raw/2026040
      1_2127_ClassicJazz.json...
      Reading
      /home/ubuntu/data_storage/Almeria/2026_04_01_21_21_Miercoles/0_raw/2026040
      1_2129_SalaEmma.json...
      Reading
      /home/ubuntu/data_storage/Almeria/2026_04_01_21_21_Miercoles/0_raw/2026040
      1_2124_AlmeriaCiudad.json...
      Reading
      /home/ubuntu/data_storage/Almeria/2026_04_01_21_21_Miercoles/0_raw/2026040
      1_2125_JuntaAndaluciaAgenda.json...
      Reading
      /home/ubuntu/data_storage/Almeria/2026_04_01_21_21_Miercoles/0_raw/2026040
      1_2125_AlmeriaTurismo.json...
      Reading
      /home/ubuntu/data_storage/Almeria/2026_04_01_21_21_Miercoles/0_raw/2026040
      1_2128_Entradium.json...
      Saving 61 new events
      Saving in
      /home/ubuntu/data_storage/Almeria/2026_04_01_21_21_Miercoles/0_raw/Merged.
      json

Result: Succeeded

