time=2026-04-01T21:21:46.456Z level=INFO msg="Executing root dag-run" dag=FisgonTaskRequest run-id=019d4aec-7fd5-7e94-afcb-7e119e39f71c params=""
time=2026-04-01T21:21:46.478Z level=INFO msg="DAG run started" name=FisgonTaskRequest run-id=019d4aec-7fd5-7e94-afcb-7e119e39f71c attempt-id="" dag=FisgonTaskRequest run-id=019d4aec-7fd5-7e94-afcb-7e119e39f71c params="[TARGET_CITY=Almeria TARGET_SCRAPER=KuverProducciones 3=DAGU_BASE_URL=]"
time=2026-04-01T21:21:46.482Z level=INFO msg="Step started" name=FisgonTaskRequest run-id=019d4aec-7fd5-7e94-afcb-7e119e39f71c attempt-id="" dag=FisgonTaskRequest run-id=019d4aec-7fd5-7e94-afcb-7e119e39f71c step=tarea_1
time=2026-04-01T21:21:51.527Z level=INFO msg="DAG run finished" name=FisgonTaskRequest run-id=019d4aec-7fd5-7e94-afcb-7e119e39f71c attempt-id="" dag=FisgonTaskRequest run-id=019d4aec-7fd5-7e94-afcb-7e119e39f71c status=succeeded started-at=2026-04-01T21:21:46Z finished-at=2026-04-01T21:21:51Z
time=2026-04-01T21:21:51.564Z level=INFO msg="Executing root dag-run" dag=FisgonTaskRequest run-id=019d4aec-93c9-7eb6-9e02-3bce680cce73 params=""
time=2026-04-01T21:21:51.577Z level=INFO msg="DAG run started" name=FisgonTaskRequest run-id=019d4aec-93c9-7eb6-9e02-3bce680cce73 attempt-id="" dag=FisgonTaskRequest run-id=019d4aec-93c9-7eb6-9e02-3bce680cce73 params="[TARGET_CITY=Almeria TARGET_SCRAPER=SalaBerlin 3=DAGU_BASE_URL=]"
time=2026-04-01T21:21:51.581Z level=INFO msg="Step started" name=FisgonTaskRequest run-id=019d4aec-93c9-7eb6-9e02-3bce680cce73 attempt-id="" dag=FisgonTaskRequest run-id=019d4aec-93c9-7eb6-9e02-3bce680cce73 step=tarea_1
time=2026-04-01T21:21:56.400Z level=INFO msg="DAG run finished" name=FisgonTaskRequest run-id=019d4aec-93c9-7eb6-9e02-3bce680cce73 attempt-id="" dag=FisgonTaskRequest run-id=019d4aec-93c9-7eb6-9e02-3bce680cce73 status=succeeded started-at=2026-04-01T21:21:51Z finished-at=2026-04-01T21:21:56Z
time=2026-04-01T21:21:56.438Z level=INFO msg="Executing root dag-run" dag=FisgonTaskRequest run-id=019d4aec-a6d4-79d4-bf25-48d0a7aefef7 params=""
time=2026-04-01T21:21:56.452Z level=INFO msg="DAG run started" name=FisgonTaskRequest run-id=019d4aec-a6d4-79d4-bf25-48d0a7aefef7 attempt-id="" dag=FisgonTaskRequest run-id=019d4aec-a6d4-79d4-bf25-48d0a7aefef7 params="[TARGET_CITY=Almeria TARGET_SCRAPER=LaGuajira 3=DAGU_BASE_URL=]"
time=2026-04-01T21:21:56.456Z level=INFO msg="Step started" name=FisgonTaskRequest run-id=019d4aec-a6d4-79d4-bf25-48d0a7aefef7 attempt-id="" dag=FisgonTaskRequest run-id=019d4aec-a6d4-79d4-bf25-48d0a7aefef7 step=tarea_1
time=2026-04-01T21:23:00.863Z level=INFO msg="DAG run finished" name=FisgonTaskRequest run-id=019d4aec-a6d4-79d4-bf25-48d0a7aefef7 attempt-id="" dag=FisgonTaskRequest run-id=019d4aec-a6d4-79d4-bf25-48d0a7aefef7 status=succeeded started-at=2026-04-01T21:21:56Z finished-at=2026-04-01T21:23:00Z
time=2026-04-01T21:23:00.902Z level=INFO msg="Executing root dag-run" dag=FisgonTaskRequest run-id=019d4aed-a2a4-74f7-b45e-793adbda77de params=""
time=2026-04-01T21:23:00.915Z level=INFO msg="DAG run started" name=FisgonTaskRequest run-id=019d4aed-a2a4-74f7-b45e-793adbda77de attempt-id="" dag=FisgonTaskRequest run-id=019d4aed-a2a4-74f7-b45e-793adbda77de params="[TARGET_CITY=Almeria TARGET_SCRAPER=ConciertosClub 3=DAGU_BASE_URL=]"
time=2026-04-01T21:23:00.918Z level=INFO msg="Step started" name=FisgonTaskRequest run-id=019d4aed-a2a4-74f7-b45e-793adbda77de attempt-id="" dag=FisgonTaskRequest run-id=019d4aed-a2a4-74f7-b45e-793adbda77de step=tarea_1
time=2026-04-01T21:23:03.284Z level=INFO msg="DAG run finished" name=FisgonTaskRequest run-id=019d4aed-a2a4-74f7-b45e-793adbda77de attempt-id="" dag=FisgonTaskRequest run-id=019d4aed-a2a4-74f7-b45e-793adbda77de status=succeeded started-at=2026-04-01T21:23:00Z finished-at=2026-04-01T21:23:03Z
time=2026-04-01T21:23:03.320Z level=INFO msg="Executing root dag-run" dag=FisgonTaskRequest run-id=019d4aed-ac16-7291-bd86-ab50ef0c76c4 params=""
time=2026-04-01T21:23:03.333Z level=INFO msg="DAG run started" name=FisgonTaskRequest run-id=019d4aed-ac16-7291-bd86-ab50ef0c76c4 attempt-id="" dag=FisgonTaskRequest run-id=019d4aed-ac16-7291-bd86-ab50ef0c76c4 params="[TARGET_CITY=Almeria TARGET_SCRAPER=JacksonLive 3=DAGU_BASE_URL=]"
time=2026-04-01T21:23:03.337Z level=INFO msg="Step started" name=FisgonTaskRequest run-id=019d4aed-ac16-7291-bd86-ab50ef0c76c4 attempt-id="" dag=FisgonTaskRequest run-id=019d4aed-ac16-7291-bd86-ab50ef0c76c4 step=tarea_1
time=2026-04-01T21:23:07.162Z level=INFO msg="DAG run finished" name=FisgonTaskRequest run-id=019d4aed-ac16-7291-bd86-ab50ef0c76c4 attempt-id="" dag=FisgonTaskRequest run-id=019d4aed-ac16-7291-bd86-ab50ef0c76c4 status=failed started-at=2026-04-01T21:23:03Z finished-at=2026-04-01T21:23:07Z
time=2026-04-01T21:23:07.174Z level=ERROR msg="Failed to execute dag-run" dag=FisgonTaskRequest run-id=019d4aed-ac16-7291-bd86-ab50ef0c76c4 err="failed to execute step \"tarea_1\": exit status 1\nrecent stderr (tail):\nactors, TARGET_SCRAPER, session_manager, TARGET_CITY)\n  File \"/app/run.py\", line 18, in run_one\n    ev.run()\n  File \"/app/scraper/extractors/main_pages/abc_main_pages_extractor.py\", line 17, in run\n    result = self.iterate_pages_clean_events()\n             ^^^^^^^^^^^^^^^^^^^^^^^^^^^^^^^^^\n  File \"/app/scraper/extractors/main_pages/jackson_live.py\", line 19, in iterate_pages_clean_events\n    events_cleaned = self.clean_main_page(main_page_soup)\n                     ^^^^^^^^^^^^^^^^^^^^^^^^^^^^^^^^^^^^\n  File \"/app/scraper/extractors/main_pages/abc_main_pages_extractor.py\", line 60, in clean_main_page\n    info_list = self.get_info_list(main_page_soup, tuple_url)\n                ^^^^^^^^^^^^^^^^^^^^^^^^^^^^^^^^^^^^^^^^^^^^^\n  File \"/app/scraper/extractors/main_pages/jackson_live.py\", line 24, in get_info_list\n    data_page = main_page_soup.find('div', {'data-page': True})['data-page']\n                ~~~~~~~~~~~~~~~~~~~~~~~~~~~~~~~~~~~~~~~~~~~~~~~^^^^^^^^^^^^^\nTypeError: 'NoneType' object is not subscriptable\n"
Error: failed to execute the dag-run FisgonTaskRequest (dag-run ID: 019d4aed-ac16-7291-bd86-ab50ef0c76c4): failed to execute step "tarea_1": exit status 1
recent stderr (tail):
actors, TARGET_SCRAPER, session_manager, TARGET_CITY)
  File "/app/run.py", line 18, in run_one
    ev.run()
  File "/app/scraper/extractors/main_pages/abc_main_pages_extractor.py", line 17, in run
    result = self.iterate_pages_clean_events()
             ^^^^^^^^^^^^^^^^^^^^^^^^^^^^^^^^^
  File "/app/scraper/extractors/main_pages/jackson_live.py", line 19, in iterate_pages_clean_events
    events_cleaned = self.clean_main_page(main_page_soup)
                     ^^^^^^^^^^^^^^^^^^^^^^^^^^^^^^^^^^^^
  File "/app/scraper/extractors/main_pages/abc_main_pages_extractor.py", line 60, in clean_main_page
    info_list = self.get_info_list(main_page_soup, tuple_url)
                ^^^^^^^^^^^^^^^^^^^^^^^^^^^^^^^^^^^^^^^^^^^^^
  File "/app/scraper/extractors/main_pages/jackson_live.py", line 24, in get_info_list
    data_page = main_page_soup.find('div', {'data-page': True})['data-page']
                ~~~~~~~~~~~~~~~~~~~~~~~~~~~~~~~~~~~~~~~~~~~~~~~^^^^^^^^^^^^^
TypeError: 'NoneType' object is not subscriptable

time=2026-04-01T21:23:07.201Z level=INFO msg="Executing root dag-run" dag=FisgonTaskRequest run-id=019d4aed-bb3f-7888-a29c-1b26e8ce4b7a params=""
time=2026-04-01T21:23:07.216Z level=INFO msg="DAG run started" name=FisgonTaskRequest run-id=019d4aed-bb3f-7888-a29c-1b26e8ce4b7a attempt-id="" dag=FisgonTaskRequest run-id=019d4aed-bb3f-7888-a29c-1b26e8ce4b7a params="[TARGET_CITY=Almeria TARGET_SCRAPER=BibliotecaAgenda 3=DAGU_BASE_URL=]"
time=2026-04-01T21:23:07.219Z level=INFO msg="Step started" name=FisgonTaskRequest run-id=019d4aed-bb3f-7888-a29c-1b26e8ce4b7a attempt-id="" dag=FisgonTaskRequest run-id=019d4aed-bb3f-7888-a29c-1b26e8ce4b7a step=tarea_1
time=2026-04-01T21:23:56.248Z level=INFO msg="DAG run finished" name=FisgonTaskRequest run-id=019d4aed-bb3f-7888-a29c-1b26e8ce4b7a attempt-id="" dag=FisgonTaskRequest run-id=019d4aed-bb3f-7888-a29c-1b26e8ce4b7a status=succeeded started-at=2026-04-01T21:23:07Z finished-at=2026-04-01T21:23:56Z
