time=2026-04-01T21:23:56.309Z level=INFO msg="Executing root dag-run" dag=FisgonTaskSelenium run-id=019d4aee-7b13-7183-84c6-f401668cd145 params=""
time=2026-04-01T21:23:56.338Z level=INFO msg="DAG run started" name=FisgonTaskSelenium run-id=019d4aee-7b13-7183-84c6-f401668cd145 attempt-id="" dag=FisgonTaskSelenium run-id=019d4aee-7b13-7183-84c6-f401668cd145 params="[TARGET_CITY=Almeria TARGET_SCRAPER=AlmeriaCiudad 3=DAGU_BASE_URL=]"
time=2026-04-01T21:23:56.341Z level=INFO msg="Step started" name=FisgonTaskSelenium run-id=019d4aee-7b13-7183-84c6-f401668cd145 attempt-id="" dag=FisgonTaskSelenium run-id=019d4aee-7b13-7183-84c6-f401668cd145 step=tarea_1
time=2026-04-01T21:25:00.289Z level=INFO msg="DAG run finished" name=FisgonTaskSelenium run-id=019d4aee-7b13-7183-84c6-f401668cd145 attempt-id="" dag=FisgonTaskSelenium run-id=019d4aee-7b13-7183-84c6-f401668cd145 status=succeeded started-at=2026-04-01T21:23:56Z finished-at=2026-04-01T21:25:00Z
time=2026-04-01T21:25:00.406Z level=INFO msg="Executing root dag-run" dag=FisgonTaskSelenium run-id=019d4aef-7571-7d53-b739-4a5fb69c8853 params=""
time=2026-04-01T21:25:00.423Z level=INFO msg="DAG run started" name=FisgonTaskSelenium run-id=019d4aef-7571-7d53-b739-4a5fb69c8853 attempt-id="" dag=FisgonTaskSelenium run-id=019d4aef-7571-7d53-b739-4a5fb69c8853 params="[TARGET_CITY=Almeria TARGET_SCRAPER=AlmeriaTurismo 3=DAGU_BASE_URL=]"
time=2026-04-01T21:25:00.427Z level=INFO msg="Step started" name=FisgonTaskSelenium run-id=019d4aef-7571-7d53-b739-4a5fb69c8853 attempt-id="" dag=FisgonTaskSelenium run-id=019d4aef-7571-7d53-b739-4a5fb69c8853 step=tarea_1
time=2026-04-01T21:25:40.037Z level=INFO msg="DAG run finished" name=FisgonTaskSelenium run-id=019d4aef-7571-7d53-b739-4a5fb69c8853 attempt-id="" dag=FisgonTaskSelenium run-id=019d4aef-7571-7d53-b739-4a5fb69c8853 status=succeeded started-at=2026-04-01T21:25:00Z finished-at=2026-04-01T21:25:40Z
time=2026-04-01T21:25:40.090Z level=INFO msg="Executing root dag-run" dag=FisgonTaskSelenium run-id=019d4af0-1078-731e-9a73-56271710e5d4 params=""
time=2026-04-01T21:25:40.105Z level=INFO msg="DAG run started" name=FisgonTaskSelenium run-id=019d4af0-1078-731e-9a73-56271710e5d4 attempt-id="" dag=FisgonTaskSelenium run-id=019d4af0-1078-731e-9a73-56271710e5d4 params="[TARGET_CITY=Almeria TARGET_SCRAPER=JuntaAndaluciaAgenda 3=DAGU_BASE_URL=]"
time=2026-04-01T21:25:40.108Z level=INFO msg="Step started" name=FisgonTaskSelenium run-id=019d4af0-1078-731e-9a73-56271710e5d4 attempt-id="" dag=FisgonTaskSelenium run-id=019d4af0-1078-731e-9a73-56271710e5d4 step=tarea_1
time=2026-04-01T21:27:16.057Z level=INFO msg="DAG run finished" name=FisgonTaskSelenium run-id=019d4af0-1078-731e-9a73-56271710e5d4 attempt-id="" dag=FisgonTaskSelenium run-id=019d4af0-1078-731e-9a73-56271710e5d4 status=succeeded started-at=2026-04-01T21:25:40Z finished-at=2026-04-01T21:27:16Z
time=2026-04-01T21:27:16.175Z level=INFO msg="Executing root dag-run" dag=FisgonTaskSelenium run-id=019d4af1-87c8-7ea9-9086-aa9e357a2fda params=""
time=2026-04-01T21:27:16.215Z level=INFO msg="DAG run started" name=FisgonTaskSelenium run-id=019d4af1-87c8-7ea9-9086-aa9e357a2fda attempt-id="" dag=FisgonTaskSelenium run-id=019d4af1-87c8-7ea9-9086-aa9e357a2fda params="[TARGET_CITY=Almeria TARGET_SCRAPER=ClassicJazz 3=DAGU_BASE_URL=]"
time=2026-04-01T21:27:16.219Z level=INFO msg="Step started" name=FisgonTaskSelenium run-id=019d4af1-87c8-7ea9-9086-aa9e357a2fda attempt-id="" dag=FisgonTaskSelenium run-id=019d4af1-87c8-7ea9-9086-aa9e357a2fda step=tarea_1
time=2026-04-01T21:28:17.194Z level=INFO msg="DAG run finished" name=FisgonTaskSelenium run-id=019d4af1-87c8-7ea9-9086-aa9e357a2fda attempt-id="" dag=FisgonTaskSelenium run-id=019d4af1-87c8-7ea9-9086-aa9e357a2fda status=succeeded started-at=2026-04-01T21:27:16Z finished-at=2026-04-01T21:28:17Z
time=2026-04-01T21:28:17.245Z level=INFO msg="Executing root dag-run" dag=FisgonTaskSelenium run-id=019d4af2-765a-7846-af82-d1cdd2e6337d params=""
time=2026-04-01T21:28:17.259Z level=INFO msg="DAG run started" name=FisgonTaskSelenium run-id=019d4af2-765a-7846-af82-d1cdd2e6337d attempt-id="" dag=FisgonTaskSelenium run-id=019d4af2-765a-7846-af82-d1cdd2e6337d params="[TARGET_CITY=Almeria TARGET_SCRAPER=Entradium 3=DAGU_BASE_URL=]"
time=2026-04-01T21:28:17.263Z level=INFO msg="Step started" name=FisgonTaskSelenium run-id=019d4af2-765a-7846-af82-d1cdd2e6337d attempt-id="" dag=FisgonTaskSelenium run-id=019d4af2-765a-7846-af82-d1cdd2e6337d step=tarea_1
time=2026-04-01T21:29:06.765Z level=INFO msg="DAG run finished" name=FisgonTaskSelenium run-id=019d4af2-765a-7846-af82-d1cdd2e6337d attempt-id="" dag=FisgonTaskSelenium run-id=019d4af2-765a-7846-af82-d1cdd2e6337d status=succeeded started-at=2026-04-01T21:28:17Z finished-at=2026-04-01T21:29:06Z
time=2026-04-01T21:29:06.819Z level=INFO msg="Executing root dag-run" dag=FisgonTaskSelenium run-id=019d4af3-37ff-72c3-9855-479de736e82d params=""
time=2026-04-01T21:29:06.834Z level=INFO msg="DAG run started" name=FisgonTaskSelenium run-id=019d4af3-37ff-72c3-9855-479de736e82d attempt-id="" dag=FisgonTaskSelenium run-id=019d4af3-37ff-72c3-9855-479de736e82d params="[TARGET_CITY=Almeria TARGET_SCRAPER=TodasLasEntradas 3=DAGU_BASE_URL=]"
time=2026-04-01T21:29:06.837Z level=INFO msg="Step started" name=FisgonTaskSelenium run-id=019d4af3-37ff-72c3-9855-479de736e82d attempt-id="" dag=FisgonTaskSelenium run-id=019d4af3-37ff-72c3-9855-479de736e82d step=tarea_1
time=2026-04-01T21:29:16.468Z level=INFO msg="DAG run finished" name=FisgonTaskSelenium run-id=019d4af3-37ff-72c3-9855-479de736e82d attempt-id="" dag=FisgonTaskSelenium run-id=019d4af3-37ff-72c3-9855-479de736e82d status=succeeded started-at=2026-04-01T21:29:06Z finished-at=2026-04-01T21:29:16Z
time=2026-04-01T21:29:16.531Z level=INFO msg="Executing root dag-run" dag=FisgonTaskSelenium run-id=019d4af3-5ded-7176-b694-f6c652365ac1 params=""
time=2026-04-01T21:29:16.547Z level=INFO msg="DAG run started" name=FisgonTaskSelenium run-id=019d4af3-5ded-7176-b694-f6c652365ac1 attempt-id="" dag=FisgonTaskSelenium run-id=019d4af3-5ded-7176-b694-f6c652365ac1 params="[TARGET_CITY=Almeria TARGET_SCRAPER=RedBibliotecas 3=DAGU_BASE_URL=]"
time=2026-04-01T21:29:16.550Z level=INFO msg="Step started" name=FisgonTaskSelenium run-id=019d4af3-5ded-7176-b694-f6c652365ac1 attempt-id="" dag=FisgonTaskSelenium run-id=019d4af3-5ded-7176-b694-f6c652365ac1 step=tarea_1
time=2026-04-01T21:29:25.541Z level=INFO msg="DAG run finished" name=FisgonTaskSelenium run-id=019d4af3-5ded-7176-b694-f6c652365ac1 attempt-id="" dag=FisgonTaskSelenium run-id=019d4af3-5ded-7176-b694-f6c652365ac1 status=succeeded started-at=2026-04-01T21:29:16Z finished-at=2026-04-01T21:29:25Z
time=2026-04-01T21:29:25.584Z level=INFO msg="Executing root dag-run" dag=FisgonTaskSelenium run-id=019d4af3-814e-7258-baf9-3acba441d19d params=""
time=2026-04-01T21:29:25.598Z level=INFO msg="DAG run started" name=FisgonTaskSelenium run-id=019d4af3-814e-7258-baf9-3acba441d19d attempt-id="" dag=FisgonTaskSelenium run-id=019d4af3-814e-7258-baf9-3acba441d19d params="[TARGET_CITY=Almeria TARGET_SCRAPER=SalaEmma 3=DAGU_BASE_URL=]"
time=2026-04-01T21:29:25.602Z level=INFO msg="Step started" name=FisgonTaskSelenium run-id=019d4af3-814e-7258-baf9-3acba441d19d attempt-id="" dag=FisgonTaskSelenium run-id=019d4af3-814e-7258-baf9-3acba441d19d step=tarea_1
time=2026-04-01T21:29:44.474Z level=INFO msg="DAG run finished" name=FisgonTaskSelenium run-id=019d4af3-814e-7258-baf9-3acba441d19d attempt-id="" dag=FisgonTaskSelenium run-id=019d4af3-814e-7258-baf9-3acba441d19d status=succeeded started-at=2026-04-01T21:29:25Z finished-at=2026-04-01T21:29:44Z
