
RUNNING VARS → 
        CITY=Almeria, 

        OPERATION=0,
            CREATE_SESSION=0,
            CLOSE_SESSION=0,
            SESSION=None,
            IMAGES=0,
            GET_SCRAPERS=

        SCRAPER=JuntaAndaluciaAgenda
        DAG_RUN_URL=/dags/FisgonTaskSelenium/log?remoteNode=local&step=tarea_1&dagRunId=019d3ef1-8fd2-7445-8172-c9c10ee737df

Running for Almeria: JuntaAndaluciaAgenda
JuntaAndaluciaAgenda
RUNNING SESSION =  2026_03_30_13_28_Lunes
Starting WebDriver...
http://localhost:4444/wd/hub
******
css selector
.view-display-id-page_search_activities > ul:nth-child(3) > li:nth-child(1) > a:nth-child(1)
clicking
sleeping 3
Scrolling...
sleeping 1
sleeping 7
******
css selector
.view-display-id-page_search_activities > ul:nth-child(3) > li:nth-child(1) > a:nth-child(1)
clicking
sleeping 3
Scrolling...
sleeping 1
sleeping 7
******
css selector
.view-display-id-page_search_activities > ul:nth-child(3) > li:nth-child(1) > a:nth-child(1)
clicking
sleeping 3
Scrolling...
sleeping 1
sleeping 7
******
css selector
.view-display-id-page_search_activities > ul:nth-child(3) > li:nth-child(1) > a:nth-child(1)
clicking
sleeping 3
Scrolling...
sleeping 1
sleeping 7
******
css selector
.view-display-id-page_search_activities > ul:nth-child(3) > li:nth-child(1) > a:nth-child(1)
clicking
sleeping 3
Scrolling...
sleeping 1
sleeping 7
******
css selector
.view-display-id-page_search_activities > ul:nth-child(3) > li:nth-child(1) > a:nth-child(1)
.view-display-id-page_search_activities > ul:nth-child(3) > li:nth-child(1) > a:nth-child(1) Not found
Getting content
*** SCRAPED 69 URLS WITH EVENTS **
New url events = 1
0 / 1
Getting https://www.juntadeandalucia.es/cultura/agendaculturaldeandalucia/evento/crece-con-la-villaespesa-conoces-las-aves-de-tu-entorno-con-francisco-garcia-romero
Sleep 4
--------------------
{'id': 'c81b283c', 'show': 1, 'in_city': 1, 'one_day': 1, 'wrong_date_time': 0, 'event': 'Crece Con La Villaespesa. "¿Conoces Las Aves De Tu Entorno?", Con Francisco García Romero', 'slug': 'crece-con-la-villaespesa-conoces-las-aves-de-tu-entorno-con-francisco-garcia-rom', 'category': '__NOT_DEFINIED__', 'id_venue': 'TjmFnJdD', 'venue': 'Biblioteca Pública del Estado-Biblioteca Provincial de Almería Francisco Villaespesa', 'std_venue': 'Biblioteca Pública Francisco Villaespesa', 'start_date': '2026-04-08', 'start_time': '12:00:00', 'end_date': '2026-04-08', 'end_time': '__NOT_DEFINIED__', 'description': 'Crece con la Villaespesa. "¿Conoces las aves de tu entorno?", con Francisco García Romero. A través de la presentación de diapositivas en las que se darán a conocer características y algunos de los aspectos más curiosos de las aves que conviven con nosotros/as, se iniciará un diálogo con el alumnado con el objetivo de que conozcan las aves que ven en su día a día, sensibilizar sobre la importancia de la conservación de las aves de nuestro entorno y despertar el interés en el alumnado sobre el mundo de las aves en libertad. Miércoles 8 de abril 12:00h. Salón de actos. Actividad concertada con centros educativos.', 'others': {'location_url': '/cultura/agendaculturaldeandalucia/espacios/biblioteca-publica-del-estado-biblioteca-provincial-de-almeria-francisco-villaespesa', 'location2': 'Biblioteca Pública del Estado-Biblioteca Provincial de Almería Francisco Villaespesa', 'duration': '__NOT_FOUND__', 'datetime_details': '08 de Abril del 2026, 12:00 h.', 'town': '__NOT_FOUND__', 'location': 'Calle Hermanos Machado, s/n, Almería. Almería', 'duration_days': '__NOT_FOUND__'}, 'source': 'JuntaAndaluciaAgenda', 'exec_time': '20260330T133157', 'session': '2026_03_30_13_28_Lunes', 'image': 'https://www.juntadeandalucia.es/cultura/agendaculturaldeandalucia/sites/default/files/styles/header_activity_ext_2xl/public/2026-03/CARTEL_6.png.webp?itok=eVl_6GtA', 'url': 'https://www.juntadeandalucia.es/cultura/agendaculturaldeandalucia/evento/crece-con-la-villaespesa-conoces-las-aves-de-tu-entorno-con-francisco-garcia-romero'}
****************************
Saving 1 new events
Saving in  /home/ubuntu/data_storage/Almeria/2026_03_30_13_28_Lunes/0_raw/20260330_1331_JuntaAndaluciaAgenda.json
Saving 1 master url
Appending to  /home/ubuntu/data_storage/Almeria/00_master/master_url.json
