
RUNNING VARS → 
        CITY=Almeria, 

        OPERATION=0,
            CREATE_SESSION=0,
            CLOSE_SESSION=0,
            SESSION=None,
            IMAGES=0,
            GET_SCRAPERS=

        SCRAPER=Entradium
        DAG_RUN_URL=/dags/FisgonTaskSelenium/log?remoteNode=local&step=tarea_1&dagRunId=019cb8e9-db42-793a-a460-1aaa5804e3ae

Running for Almeria: Entradium
Entradium
RUNNING SESSION =  2026_03_04_12_48_Miercoles
Starting WebDriver...
http://localhost:4444/wd/hub
sleeping 5
clicking
sleeping 3
sleeping 1.5
sleeping 3
******
xpath
/html/body/header/div[2]/div[1]/div/div/form/div/div/button/span/i
clicking
sleeping 3
sleeping 8
Getting content
*** SCRAPED 28 URLS WITH EVENTS **
New url events = 3
0 / 3
Getting https://entradium.com/es/events/la-casa-de-bernarda-alba-8bc45f7a-029d-4cfd-b08d-a7826b434ffb
Sleep 4
['10.04.2026', '20:30']
--------------------
{'id': 'c826b8a3', 'show': 1, 'in_city': 1, 'one_day': 1, 'wrong_date_time': 0, 'event': 'La Casa De Bernarda Alba', 'slug': 'la-casa-de-bernarda-alba', 'category': '__NOT_DEFINIED__', 'id_venue': '7qHRF9LM', 'venue': 'Sala Emma', 'std_venue': 'Sala Escuela Municipal de Música & Artes', 'start_date': '2026-04-10', 'start_time': '20:30:00', 'end_date': '__NOT_DEFINIED__', 'end_time': '__NOT_DEFINIED__', 'description': 'Tras la muerte de su segundo marido, Bernarda Alba impone a sus cinco hijas un luto riguroso de ocho años. La tensión estalla con la aparición de Pepe el Romano, quien pretende casarse con una de las hermanas. Mientras tanto, las demás vivirán en una atmósfera de represión y contención en la que se desatará una tormenta de celos, rebeldía y una lucha entre la autoridad de una madre con firmes principios y el deseo de libertad de sus hijas que las llevará a un destino que ninguna podrá evitar.', 'others': {}, 'source': 'Entradium', 'exec_time': '20260304T125425', 'session': '2026_03_04_12_48_Miercoles', 'image': 'https://d2il8hfach02z9.cloudfront.net/uploads/event/poster/558f3957122a4f46dd0d9d6c647541631a558bd4/event_m_WhatsApp_Image_2026-02-25_at_10.33.03.jpeg?v=1772534656', 'url': 'https://entradium.com/es/events/la-casa-de-bernarda-alba-8bc45f7a-029d-4cfd-b08d-a7826b434ffb'}
1 / 3
Getting https://entradium.com/es/events/poca-broma-un-especial-de-comedia-aparentemente
Sleep 4
['23.03.2026', '20:00']
--------------------
{'id': 'c52b5a40', 'show': 1, 'in_city': 0, 'one_day': 1, 'wrong_date_time': 0, 'event': 'Poca Broma - Un Especial De Comedia, Aparentemente', 'slug': 'poca-broma-un-especial-de-comedia-aparentemente', 'category': '__NOT_DEFINIED__', 'id_venue': None, 'venue': "Golem'S (Almeria Teatre)", 'std_venue': None, 'start_date': '2026-03-23', 'start_time': '20:00:00', 'end_date': '__NOT_DEFINIED__', 'end_time': '__NOT_DEFINIED__', 'description': 'Llega POCA BROMA, la noche debut de la camada 2026 del curso de stand up de Martin Piñol. Ocho cómicos en potencia se presentan por primera (y esperemos que no última) vez sobre el escenario del Golem’S.Será como quitarse una tirita: corto, rápido y, por momentos, ligeramente doloroso.Al micro artistas emergentes desde Catalunya, Argentina, Dinamarca, Burgos, Valencia hasta Murcia: Edu Roma, María Petit, El Varri, Ferran Jiménez, Max Martí, Camila Montaldo, Silvia Pain y Adrián Buenaventura.Ven a presenciar el momento exacto en el que alguien descubre si esto era una buena idea. O no.', 'others': {}, 'source': 'Entradium', 'exec_time': '20260304T125425', 'session': '2026_03_04_12_48_Miercoles', 'image': 'https://d2il8hfach02z9.cloudfront.net/uploads/event/poster/b66ba39748009fafba2e8b531128c8d71a218f6f/event_m_POCA_BROMA_POSTER.jpg?v=1772554153', 'url': 'https://entradium.com/es/events/poca-broma-un-especial-de-comedia-aparentemente'}
2 / 3
Getting https://entradium.com/es/events/fiesta-graduacion-17-junio-berlin-social-club
Sleep 4
['17.06.2026', '23:59']
--------------------
{'id': 'd84e5b29', 'show': 1, 'in_city': 1, 'one_day': 1, 'wrong_date_time': 0, 'event': 'Fiesta Graduación 17 Junio Berlín Social Club', 'slug': 'fiesta-graduacion-17-junio-berlin-social-club', 'category': '__NOT_DEFINIED__', 'id_venue': 'NmPqTrh6', 'venue': 'Berlin Social Club', 'std_venue': 'Berlin Social Club', 'start_date': '2026-06-17', 'start_time': '23:59:00', 'end_date': '__NOT_DEFINIED__', 'end_time': '__NOT_DEFINIED__', 'description': 'FIESTA DE GRADUACIONESMIERCOLES 17 JUNIO 2026ENTRADAS 20€/3 consumiciones', 'others': {}, 'source': 'Entradium', 'exec_time': '20260304T125425', 'session': '2026_03_04_12_48_Miercoles', 'image': 'https://d2il8hfach02z9.cloudfront.net/uploads/event/poster/9fe9abe65a5a62ee3397d5fc827520ea8ad7cf29/event_m_IMG_3099.png?v=1772556474', 'url': 'https://entradium.com/es/events/fiesta-graduacion-17-junio-berlin-social-club'}
****************************
Saving 3 new events
Saving in  /home/ubuntu/data_storage/Almeria/2026_03_04_12_48_Miercoles/0_raw/20260304_1254_Entradium.json
Saving 3 master url
Appending to  /home/ubuntu/data_storage/Almeria/00_master/master_url.json
