
RUNNING VARS → 
        CITY=Almeria, 

        OPERATION=0,
            CREATE_SESSION=0,
            CLOSE_SESSION=0,
            SESSION=None,
            IMAGES=0,
            GET_SCRAPERS=

        SCRAPER=Entradium
        DAG_RUN_URL=/dags/FisgonTaskSelenium/log?remoteNode=local&step=tarea_1&dagRunId=019d318a-1df7-7694-95d7-935217504a19

Running for Almeria: Entradium
Entradium
RUNNING SESSION =  2026_03_27_22_57_Viernes
Starting WebDriver...
http://localhost:4444/wd/hub
sleeping 5
clicking
sleeping 3
sleeping 1.5
sleeping 3
******
xpath
/html/body/header/div[2]/div[1]/div/div/form/div/div/button/span/i
clicking
sleeping 3
sleeping 8
Getting content
*** SCRAPED 22 URLS WITH EVENTS **
New url events = 4
0 / 4
Getting https://entradium.com/es/events/el-lere-en-almeria
Sleep 4
['24.04.2026', '21:30']
--------------------
{'id': 'bd990da3', 'show': 1, 'in_city': 1, 'one_day': 1, 'wrong_date_time': 0, 'event': 'El Lere en Almeria', 'slug': 'el-lere-en-almeria', 'category': '__NOT_DEFINIED__', 'id_venue': 'trpmPB62', 'venue': 'El zaguán', 'std_venue': 'Zaguán', 'start_date': '2026-04-24', 'start_time': '21:30:00', 'end_date': '__NOT_DEFINIED__', 'end_time': '__NOT_DEFINIED__', 'description': 'El Lere es un músico multiinstrumentista y compositor en constante evolución, que reside en Málaga desde hace 15 años. Su carrera está vinculada de forma íntima con Muchachito Bombo Infierno, aunque ha tocado con bandas y artistas de muchos estilos, desde rumba, jazz, swing o rockabilly. Desde hace unos años desarrolla su faceta artística componiendo canciones que defiende en directo con un curioso formato de cantautor / hombre orquesta. En 2022 publicó un LP "cosecha propia" con la colaboración especial de Santero y los muchachos en el single "Por eso". Actualmente está inmerso en la creación de su próximo trabajo y en una gira calentamiento"', 'others': {}, 'source': 'Entradium', 'exec_time': '20260327T230353', 'session': '2026_03_27_22_57_Viernes', 'image': 'https://d2il8hfach02z9.cloudfront.net/uploads/event/poster/f9f118345a3e87ed1a53432970a4d6f78cd32ba3/event_m_1000153353.jpg?v=1774630067', 'url': 'https://entradium.com/es/events/el-lere-en-almeria'}
1 / 4
Getting https://entradium.com/es/events/leonardo-garcia-en-el-zaguan
Sleep 4
['15.04.2026', '21:00']
--------------------
{'id': '06c6e670', 'show': 1, 'in_city': 1, 'one_day': 1, 'wrong_date_time': 0, 'event': 'Leonardo García en El Zaguán', 'slug': 'leonardo-garcia-en-el-zaguan', 'category': '__NOT_DEFINIED__', 'id_venue': 'trpmPB62', 'venue': 'Cervecería Internacional El Zaguán', 'std_venue': 'Zaguán', 'start_date': '2026-04-15', 'start_time': '21:00:00', 'end_date': '__NOT_DEFINIED__', 'end_time': '__NOT_DEFINIED__', 'description': 'Leonardo García, trovador cubano, fundador de la Trovuntivitis, 5 discos editados y varias colaboraciones. Ha compartido escenarios con Silvio Rodríguez, Frank Delgado, Gerardo Alfonso, Gema Corredera, Martirio, Silvia Pérez Cruz, Alberto Alcalá y Muerdo entre otros. Sus canciones recorren géneros cubanos y foráneos siempre partiendo de un trabajo guitarrístitico cuidadoso, que acompaña su bien timbrada voz con eficacia. Un concierto que recorrerá su discografía, además de algunas canciones inéditas suyas y de Marta Valdés.', 'others': {}, 'source': 'Entradium', 'exec_time': '20260327T230353', 'session': '2026_03_27_22_57_Viernes', 'image': 'https://d2il8hfach02z9.cloudfront.net/uploads/event/poster/cd10a0d7ed2600a4b50f6ee5aa323339f117113a/event_m_WhatsApp_Image_2026-03-26_at_07.23.53.jpeg?v=1774524592', 'url': 'https://entradium.com/es/events/leonardo-garcia-en-el-zaguan'}
2 / 4
Getting https://entradium.com/es/events/concierto-pajaro-cruz-en-almeria-sala-el-zaguan
Sleep 4
['8.05.2026', '22:00']
--------------------
{'id': 'c7cee3e3', 'show': 1, 'in_city': 1, 'one_day': 1, 'wrong_date_time': 0, 'event': 'Concierto Pájaro Cruz en Almería (Sala El Zaguán)', 'slug': 'concierto-pajaro-cruz-en-almeria-sala-el-zaguan', 'category': '__NOT_DEFINIED__', 'id_venue': 'trpmPB62', 'venue': 'Sala El Zaguán', 'std_venue': 'Zaguán', 'start_date': '2026-05-08', 'start_time': '22:00:00', 'end_date': '__NOT_DEFINIED__', 'end_time': '__NOT_DEFINIED__', 'description': 'Con más de dos décadas recorriendo los escenarios de toda España, Juan Miguel Cruz Capel (Almería, 1976) inicia una nueva etapa y vuelve a la carretera. Tras consolidar una extensa discografía como líder y vocalista de El Lunático, el músico almeriense regresa bajo el seudónimo de Pájaro Cruz, con un proyecto en solitario que destila madurez y toda la experiencia acumulada en su carrera, ofreciendo un propuesta que reivindica su legado musical mientras explora nuevos horizontes.', 'others': {}, 'source': 'Entradium', 'exec_time': '20260327T230353', 'session': '2026_03_27_22_57_Viernes', 'image': 'https://d2il8hfach02z9.cloudfront.net/uploads/event/poster/fb06fb52df6324d24bd1af66741de21509f465a5/event_m_IMG_6856.png?v=1774544114', 'url': 'https://entradium.com/es/events/concierto-pajaro-cruz-en-almeria-sala-el-zaguan'}
3 / 4
Getting https://entradium.com/es/events/casa-pepa-berlin-social-club-9-mayo
Sleep 4
['9.05.2026', '23:59']
--------------------
{'id': 'f5ad6311', 'show': 1, 'in_city': 1, 'one_day': 1, 'wrong_date_time': 0, 'event': 'Casa Pepa - Berlín Social Club - 9 Mayo', 'slug': 'casa-pepa-berlin-social-club-9-mayo', 'category': '__NOT_DEFINIED__', 'id_venue': 'NmPqTrh6', 'venue': 'Berlin Social Club', 'std_venue': 'Berlin Social Club', 'start_date': '2026-05-09', 'start_time': '23:59:00', 'end_date': '__NOT_DEFINIED__', 'end_time': '__NOT_DEFINIED__', 'description': 'CASA PEPABERLIN SOCIAL CLUB (Almería)SABADO 9 MAYO 00:00ENTRADAS PROMOCIONALES 10€/1 consumicion', 'others': {}, 'source': 'Entradium', 'exec_time': '20260327T230353', 'session': '2026_03_27_22_57_Viernes', 'image': 'https://d2il8hfach02z9.cloudfront.net/uploads/event/poster/fed3e045f0307229a3ee8aaa74bf7122f7fe22f2/event_m_acc6517e-69dc-468c-9bb8-81e455cd4e7b.jpeg?v=1774553045', 'url': 'https://entradium.com/es/events/casa-pepa-berlin-social-club-9-mayo'}
****************************
Saving 4 new events
Saving in  /home/ubuntu/data_storage/Almeria/2026_03_27_22_57_Viernes/0_raw/20260327_2303_Entradium.json
Saving 4 master url
Appending to  /home/ubuntu/data_storage/Almeria/00_master/master_url.json
