
RUNNING VARS → 
        CITY=Almeria, 

        OPERATION=0,
            CREATE_SESSION=0,
            CLOSE_SESSION=0,
            SESSION=None,
            IMAGES=0,
            GET_SCRAPERS=

        SCRAPER=ClassicJazz
        DAG_RUN_URL=/dags/FisgonTaskSelenium/log?remoteNode=local&step=tarea_1&dagRunId=019d270a-5c69-7e9d-af84-498f570dac36

Running for Almeria: ClassicJazz
ClassicJazz
RUNNING SESSION =  2026_03_25_22_02_Miercoles
Starting WebDriver...
http://localhost:4444/wd/hub
*********************times =1
sleeping 7
Scrolling...
sleeping 1
Getting content
clicking
sleeping 3
sleeping 7
*********************times =2
sleeping 7
Scrolling...
sleeping 1
Getting content
clicking
sleeping 3
sleeping 7
*** SCRAPED 174 URLS WITH EVENTS **
New url events = 0
#######################
No new urls/events extracted. No new events to save
#######################
