
RUNNING VARS → 
        CITY=Almeria, 

        OPERATION=0,
            CREATE_SESSION=0,
            CLOSE_SESSION=0,
            SESSION=None,
            IMAGES=0,
            GET_SCRAPERS=

        SCRAPER=JuntaAndaluciaAgenda
        DAG_RUN_URL=/dags/FisgonTaskSelenium/log?remoteNode=local&step=tarea_1&dagRunId=019d1be1-dfec-78b4-8575-020b20e9e1b3

Running for Almeria: JuntaAndaluciaAgenda
JuntaAndaluciaAgenda
RUNNING SESSION =  2026_03_23_18_03_Lunes
Starting WebDriver...
http://localhost:4444/wd/hub
******
css selector
.view-display-id-page_search_activities > ul:nth-child(3) > li:nth-child(1) > a:nth-child(1)
clicking
sleeping 3
Scrolling...
sleeping 1
sleeping 7
******
css selector
.view-display-id-page_search_activities > ul:nth-child(3) > li:nth-child(1) > a:nth-child(1)
clicking
sleeping 3
Scrolling...
sleeping 1
sleeping 7
******
css selector
.view-display-id-page_search_activities > ul:nth-child(3) > li:nth-child(1) > a:nth-child(1)
clicking
sleeping 3
Scrolling...
sleeping 1
sleeping 7
******
css selector
.view-display-id-page_search_activities > ul:nth-child(3) > li:nth-child(1) > a:nth-child(1)
clicking
sleeping 3
Scrolling...
sleeping 1
sleeping 7
******
css selector
.view-display-id-page_search_activities > ul:nth-child(3) > li:nth-child(1) > a:nth-child(1)
clicking
sleeping 3
Scrolling...
sleeping 1
sleeping 7
******
css selector
.view-display-id-page_search_activities > ul:nth-child(3) > li:nth-child(1) > a:nth-child(1)
.view-display-id-page_search_activities > ul:nth-child(3) > li:nth-child(1) > a:nth-child(1) Not found
Getting content
*** SCRAPED 73 URLS WITH EVENTS **
New url events = 1
0 / 1
Getting https://www.juntadeandalucia.es/cultura/agendaculturaldeandalucia/evento/almeria-exposicion-las-vinetas-de-graficas-25
Sleep 4
--------------------
{'id': '33b288e9', 'show': 1, 'in_city': 1, 'one_day': 0, 'wrong_date_time': 1, 'event': 'Almería. Exposición Las Viñetas De Gráficas! 25', 'slug': 'almeria-exposicion-las-vinetas-de-graficas-25', 'category': '__NOT_DEFINIED__', 'id_venue': 'J8tbTLH7', 'venue': 'Librería Picasso Comics', 'std_venue': 'Librería Picasso', 'start_date': '2026-04-06', 'start_time': '__NOT_FOUND__', 'end_date': '2026-05-30', 'end_time': '__NOT_DEFINIED__', 'description': 'El Centro Andaluz de las Letras les invita a visitar la exposición Las viñetas de Gráficas! 25 , que permanecerá abierta al público en la Librería Picasso Cómics de Almería del 6 de abril al 30 de mayo de 2026. La muestra consta de 19 obras de las autoras Flavita Banana, Cristina Durán, Rocío Quillahuaman, Irene Márquez, Ilu Ros, Zainab Fasiki, Bàrbara Alca, Natalia Velarde, Camille Vannier, Yudori, Raquel Gu, Carmen Carnero, Layayaletuca, María Corredera, Irene Olmo, Irene Mala, Xian Nu Studio, Sandra Carmona, Pepa Anguiano. A través de estas obras, la exposición quiere ser un escaparate de creadoras y autoras de cómics para mostrar su profesionalidad y dar mayor visibilidad a sus trabajos. Esta muestra nos ofrece una parte de la obra de las distintas autoras que han participado en nuestro programa Gráficas! , celebrado en noviembre de 2025, pero además es una vía para demostrar que el cómic va más allá de los espacios a los que siempre se le reduce porque es una expresión artística más, otro lenguaje cultural, repleto de hilos que lo conectan con otras artes.', 'others': {'location_url': '/cultura/agendaculturaldeandalucia/espacios/libreria-picasso-comics', 'location2': 'Librería Picasso Comics', 'duration': '__NOT_FOUND__', 'datetime_details': '06 de Abril del 2026 - 30 de Mayo del 2026, De lunes a viernes de 10:00 a 14:00 y de 17:00 a 21:00. Sábados de 10:00 a 14:00 y de 17:30 a 20:30..\n', 'town': '__NOT_FOUND__', 'location': 'Calle Minero 11, Almería. Almería', 'duration_days': '__NOT_FOUND__'}, 'source': 'JuntaAndaluciaAgenda', 'exec_time': '20260323T180807', 'session': '2026_03_23_18_03_Lunes', 'image': 'https://www.juntadeandalucia.es/cultura/agendaculturaldeandalucia/sites/default/files/styles/header_activity_ext_2xl/public/external_images/graficas_4.jpg.webp?itok=W-pfpL1N', 'url': 'https://www.juntadeandalucia.es/cultura/agendaculturaldeandalucia/evento/almeria-exposicion-las-vinetas-de-graficas-25'}
****************************
Saving 1 new events
Saving in  /home/ubuntu/data_storage/Almeria/2026_03_23_18_03_Lunes/0_raw/20260323_1808_JuntaAndaluciaAgenda.json
Saving 1 master url
Appending to  /home/ubuntu/data_storage/Almeria/00_master/master_url.json
