
RUNNING VARS → 
        CITY=Almeria, 

        OPERATION=0,
            CREATE_SESSION=0,
            CLOSE_SESSION=0,
            SESSION=None,
            IMAGES=0,
            GET_SCRAPERS=

        SCRAPER=FlowteTaquillaCultural
        DAG_RUN_URL=/dags/FisgonTaskSelenium/log?remoteNode=local&step=tarea_1&dagRunId=019c2444-c475-77da-8ee4-8a218da63e40

Running for Almeria: FlowteTaquillaCultural
FlowteTaquillaCultural
RUNNING SESSION =  2026_02_03_15_59_Martes
Starting WebDriver...
http://localhost:4444/wd/hub
sleeping 5
******
xpath
/html/body/div[6]/div[4]/div[1]/div[3]/div/div[1]/div[3]/h5
clicking
sleeping 3
sleeping 3
Getting content
sleeping 1
b_str =' 7 Feb 2026 19:00'
{'id': 'e258e304', 'show': 1, 'in_city': 1, 'one_day': 1, 'wrong_date_time': 0, 'event': '1ª SEMIFINAL - CARNAVAL DE ALMERÍA 2026', 'id_venue': '27qNP7DH', 'venue': 'auditorio municipal maestro padilla.', 'std_venue': 'Auditorio Municipal Maestro Padilla', 'start_date': '2026-02-07', 'start_time': '19:00:00', 'end_date': '2026-02-07', 'end_time': '__NOT_DEFINIED__', 'description': 'CARNAVAL DE ALMERÍA 2026. Agrupaciones: -CHIRIGOTA. "LOS QUE TE DAN EL ÚLTIMO VIAJE". -COMPARSA. "EL NACIMIENTO DE LA TRAGEDIA". -CHIRIGOTA. "QUÉ PESAITA ERES HIJA MÍA". -PARODIA. "EL CUARTETO DEL JOSÉ: SÉ LO QUE HICÍSTEIS EL ÚLTIMO VERANO". -CHIRIGOTA. "AGRUPACIÓN MUSICAL DEL REDOBLE PERPÉTUO". -COMPARSA. "LOS REBELDES". -CHIRIGOTA. "LAS MALAS INFLUENCIAS". PRECIO DE LAS ENTRADAS: 5 EUROS. Debido a la normativa vigente, todos los asistentes deben adquirir entrada, incluidos niños y adultos, independientemente de la edad y de si ocupan butaca o no. Para cualquier incidencia derivada de la compra online puede contactar a través del correo electrónico: info@flowte.es', 'others': {'price': '__NOT_FOUND__'}, 'source': 'FlowteTaquillaCultural', 'exec_time': '20260203T161013', 'session': '2026_02_03_15_59_Martes', 'image': 'https://www.flowte.me/cabinet/event/img/37028-1769519107.8147.png', 'url': 'https://www.flowte.me/storefront/almeria-cultura-401?cc'}
-------------
******
xpath
/html/body/div[6]/div[4]/div[1]/div[3]/div/div[2]/div[3]/h5
clicking
sleeping 3
sleeping 3
Getting content
sleeping 1
b_str =' 7 Feb 2026 21:00'
{'id': 'ef04de4d', 'show': 1, 'in_city': 1, 'one_day': 1, 'wrong_date_time': 0, 'event': 'ROCÍO SEGURA', 'id_venue': 'tQfq78jF', 'venue': 'teatro apolo almeria', 'std_venue': 'Teatro Apolo', 'start_date': '2026-02-07', 'start_time': '21:00:00', 'end_date': '2026-02-07', 'end_time': '__NOT_DEFINIED__', 'description': 'MIS 30 AÑOS DE CANTE. 30 años de cante. 30 años de escenarios. 30 años de Amor, Pasión y compromiso con el flamenco y el arte, Se dice pronto pero son tantas y tantas vivencias, de compartir, de viajes y escenarios... Guitarrista: David de la Fragua. Percusionista: Johny Cortés. Palmeros: Juan Andrés Heredia, Tony Santiago y Antonio Pescaito. PRECIO DE LAS ENTRADAS: 10 EUROS. Debido a la normativa vigente, todos los asistentes deben adquirir entrada, incluidos niños y adultos, independientemente de la edad y de si ocupan butaca o no. Para cualquier incidencia derivada de la compra online puede contactar a través del correo electrónico: info@flowte.es', 'others': {'price': 'PRECIO\xa0DE LAS ENTRADAS: 10 EUROS'}, 'source': 'FlowteTaquillaCultural', 'exec_time': '20260203T161013', 'session': '2026_02_03_15_59_Martes', 'image': 'https://www.flowte.me/cabinet/event/img/36919-1768300485.9929.png', 'url': 'https://www.flowte.me/storefront/almeria-cultura-401?cc'}
-------------
******
xpath
/html/body/div[6]/div[4]/div[1]/div[3]/div/div[3]/div[3]/h5
clicking
sleeping 3
sleeping 3
Getting content
sleeping 1
b_str =' 8 Feb 2026 17:30'
{'id': '9de816d1', 'show': 1, 'in_city': 1, 'one_day': 1, 'wrong_date_time': 0, 'event': '2ª SEMIFINAL - CARNAVAL DE ALMERÍA 2026', 'id_venue': '27qNP7DH', 'venue': 'auditorio municipal maestro padilla.', 'std_venue': 'Auditorio Municipal Maestro Padilla', 'start_date': '2026-02-08', 'start_time': '17:30:00', 'end_date': '2026-02-08', 'end_time': '__NOT_DEFINIED__', 'description': 'CARNAVAL DE ALMERÍA 2026. Agrupaciones: -CHIRIGOTA. "LOS DALÍ DE MÁS PA ALLÁ DE SUFLÍ". -COMPARSA. "LA PARTIDA". -CHIRIGOTA. "LOS AHUMAOS". -COMPARSA. "LOS COLORAOS". -CHIRIGOTA. "LOS HOMBRES DE PACO CANDELA". -CHIRIGOTA. "LOS COLEGAS DEL BARRIO". PRECIO DE LAS ENTRADAS: 5 EUROS. Debido a la normativa vigente, todos los asistentes deben adquirir entrada, incluidos niños y adultos, independientemente de la edad y de si ocupan butaca o no. Para cualquier incidencia derivada de la compra online puede contactar a través del correo electrónico: info@flowte.es', 'others': {'price': '__NOT_FOUND__'}, 'source': 'FlowteTaquillaCultural', 'exec_time': '20260203T161013', 'session': '2026_02_03_15_59_Martes', 'image': 'https://www.flowte.me/cabinet/event/img/37029-1769520453.5591.png', 'url': 'https://www.flowte.me/storefront/almeria-cultura-401?cc'}
-------------
******
xpath
/html/body/div[6]/div[4]/div[1]/div[3]/div/div[4]/div[3]/h5
clicking
sleeping 3
sleeping 3
Getting content
sleeping 1
b_str ='11 Feb 2026 20:30'
{'id': '5ddf06cd', 'show': 1, 'in_city': 1, 'one_day': 1, 'wrong_date_time': 0, 'event': 'GALLOPERRO', 'id_venue': 'tQfq78jF', 'venue': 'teatro apolo almeria', 'std_venue': 'Teatro Apolo', 'start_date': '2026-02-11', 'start_time': '20:30:00', 'end_date': '2026-02-11', 'end_time': '__NOT_DEFINIED__', 'description': 'Galloperro se sitúa en los años de la reforma psiquiátrica en nuestro país y pretende mostrar el antes (la vida dentro de los hospitales) y el después (la vida fuera de esos centros) de algunos enfermos psiquiátricos. Una procesión del Corpus Christi en los pasillos del hospital sirve de punto de partida para ir descubriendo la naturaleza de cada uno de los personajes principales. Posteriormente, una atolondrada excursión a Ceuta permitirá comprobar el nulo aprendizaje social que nuestros protagonistas han ido adquiriendo a lo largo de sus vidas plenas de aislamiento y soledad. La segunda parte de la obra divide el escenario en tres zonas: por un lado, la vivienda en la que habitan nuestros protagonistas; por otro, el exterior, simbolizado en un banco cualquiera de un parque; por último, el antiguo hospital reconvertido en espacio de consulta médica por donde van pasando los distintos personajes. La obra no pretende inclinarse hacia la bondad o la vileza de uno u otro modelo, sino exponer ciertas vivencias de sus personajes dentro de los hospitales y fuera de ellos. La vida de estos personajes no es ni blanca ni negra sino gris (no son ni perros ni gallos, sino tristes galloperros). Será el público el que juzgue si el viaje iniciado en los años 80 mereció o no la pena. PRECIO DE LAS ENTRADAS: 10 EUROS. Debido a la normativa vigente, todos los asistentes deben adquirir entrada, incluidos niños y adultos, independientemente de la edad y de si ocupan butaca o no. Para cualquier incidencia derivada de la compra online puede contactar a través del correo electrónico: info@flowte.es', 'others': {'price': 'PRECIO\xa0DE LAS ENTRADAS: 10 EUROS'}, 'source': 'FlowteTaquillaCultural', 'exec_time': '20260203T161013', 'session': '2026_02_03_15_59_Martes', 'image': 'https://www.flowte.me/cabinet/event/img/36718-1763458588.8008.png', 'url': 'https://www.flowte.me/storefront/almeria-cultura-401?cc'}
-------------
******
xpath
/html/body/div[6]/div[4]/div[1]/div[3]/div/div[5]/div[3]/h5
clicking
sleeping 3
sleeping 3
Getting content
sleeping 1
b_str ='13 Feb 2026 20:30'
{'id': '305b4e73', 'show': 1, 'in_city': 1, 'one_day': 1, 'wrong_date_time': 0, 'event': 'LA DANZAORA', 'id_venue': 'tQfq78jF', 'venue': 'teatro apolo almeria', 'std_venue': 'Teatro Apolo', 'start_date': '2026-02-13', 'start_time': '20:30:00', 'end_date': '2026-02-13', 'end_time': '__NOT_DEFINIED__', 'description': 'CICLO TRASLADANZA 2026. La Danzaora nace en el límite, entre lo que se sostiene y lo que se abandona, entre la raíz y el vértigo. No baila una forma, sino una memoria que se transforma. Cuerpo que recuerda, cuerpo que inventa. En su danza habitan silencios que hablan más que cualquier palabra, la duda y la certeza de ser muchas y una sola. La Danzaora busca su nombre en el movimiento, y en cada gesto se reconoce —y se pierde— otra vez. LAS ENTRADAS PARA CADA EVENTO DE FORMA INDIVIDUAL ESTARÁN DISPONIBLES PARA LA VENTA A PARTIR DEL 01 DE ENERO DE 2026, HASTA ENTONCES SOLO SE PODRÁN ADQUIRIR LOS ABONOS. PRECIO DE LAS ENTRADAS: ANTICIPADA: 12 EUROS. GENERAL: 15 EUROS. Debido a la normativa vigente, todos los asistentes deben adquirir entrada, incluidos niños y adultos, independientemente de la edad y de si ocupan butaca o no. Para cualquier incidencia derivada de la compra online puede contactar a través del correo electrónico: info@flowte.es', 'others': {'price': 'PRECIO DE LAS ENTRADAS:\xa0ANTICIPADA: 12 EUROSGENERAL: 15 EUROS'}, 'source': 'FlowteTaquillaCultural', 'exec_time': '20260203T161013', 'session': '2026_02_03_15_59_Martes', 'image': 'https://www.flowte.me/cabinet/event/img/36819-1765269591.5004.png', 'url': 'https://www.flowte.me/storefront/almeria-cultura-401?cc'}
-------------
******
xpath
/html/body/div[6]/div[4]/div[1]/div[3]/div/div[6]/div[3]/h5
clicking
sleeping 3
sleeping 3
Getting content
sleeping 1
b_str ='14 Feb 2026 18:00'
{'id': '0ac013b2', 'show': 1, 'in_city': 1, 'one_day': 1, 'wrong_date_time': 0, 'event': 'EL POZO DE LOS DESEOS', 'id_venue': 'tQfq78jF', 'venue': 'teatro apolo almeria', 'std_venue': 'Teatro Apolo', 'start_date': '2026-02-14', 'start_time': '18:00:00', 'end_date': '2026-02-14', 'end_time': '__NOT_DEFINIED__', 'description': 'En una pequeña ciudad olvidada viven Tom y Shelly, un matrimonio que regenta una carnicería. Según la señora Ivory, la  panadera, Tom y Shelly son un par de vagos a los que nos les gusta trabajar. Shelly está harta de la pequeña ciudad y su deseo es ser rica y huir de allí para siempre. Un buen día tiene una idea: lanzar una moneda a un pozo que hay en la plaza. Según cuenta la leyenda el pozo hace realidad todos tus deseos. Tom no lo tiene claro, además solo les quedan un par de monedas. Shelly convence a Tom y tiran una moneda al pozo. De inmediato aparece un hombre misterioso que les dice que él hará realidad todos sus deseos. Shelly lo tiene claro, quiere ser rica y sin dudarlo acompaña al hombre dentro de su mansión. Pero Tom decide quedarse en la puerta y es allí dónde comenzará su aventura. Primero conocerá al Jinete sin cabeza quién le invita a visitar el cementerio para que pueda conocer el terrible secreto sobre el hombre misterioso. Luego una mujer anciana le guiará hasta el panteón de Emily Kimley y allí es dónde Tom conocerá un terrible secreto. Esta nueva aventura musical de En la luna teatro nos lleva a sumergirnos en los cuentos de Washington Irving a través de una historia que posee todos los ingredientes para que el público disfrute de una experiencia mágica. Musical familiar recomendado para niños/as partir de 6 años. PRECIO DE LAS ENTRADAS: GENERAL: 14 EUROS. PACK FAMILIAR: 12 EUROS. (Por la compra de 3 o 4 entradas, se le aplicará un descuento de 2 euros por entrada). Debido a la normativa vigente, todos los asistentes deben adquirir entrada, incluidos niños y adultos, independientemente de la edad y de si ocupan butaca o no. Para cualquier incidencia derivada de la compra online puede contactar a través del correo electrónico: info@flowte.es', 'others': {'price': 'PRECIO\xa0DE LAS ENTRADAS:GENERAL: 14 EUROSPACK FAMILIAR: 12 EUROS'}, 'source': 'FlowteTaquillaCultural', 'exec_time': '20260203T161013', 'session': '2026_02_03_15_59_Martes', 'image': 'https://www.flowte.me/cabinet/event/img/36942-1768383261.1866.png', 'url': 'https://www.flowte.me/storefront/almeria-cultura-401?cc'}
-------------
******
xpath
/html/body/div[6]/div[4]/div[1]/div[3]/div/div[7]/div[3]/h5
clicking
sleeping 3
sleeping 3
Getting content
sleeping 1
b_str ='20 Feb 2026 18:00'
{'id': '63a2381a', 'show': 1, 'in_city': 1, 'one_day': 1, 'wrong_date_time': 0, 'event': 'EL ESTÓMAGO DE LA BALLENA', 'id_venue': 'tQfq78jF', 'venue': 'teatro apolo almeria', 'std_venue': 'Teatro Apolo', 'start_date': '2026-02-20', 'start_time': '18:00:00', 'end_date': '2026-02-20', 'end_time': '__NOT_DEFINIED__', 'description': 'Lucía viaja con su papá a una isla muy, muy rara.. ¡hecha de plásticos que flotan a la deriva!. Allí vive su abuela Carmen, una señora un poco extraña y muy valiente, que tiene una misión importantísima: ¡salvar a una ballena que se ha tragado montones de plásticos!. Mientras su papá no para de limpiar y limpiar la casa de la abuela, Lucía intenta ayudarla, aunque a veces no la entiende Por el camino, descubrirá que su abuela es más especial de lo que jamás imaginó. PRECIO DE LAS ENTRADAS: 12 EUROS. Debido a la normativa vigente, todos los asistentes deben adquirir entrada, incluidos niños y adultos, independientemente de la edad y de si ocupan butaca o no. Para cualquier incidencia derivada de la compra online puede contactar a través del correo electrónico: info@flowte.es', 'others': {'price': 'PRECIO\xa0DE LAS ENTRADAS: 12 EUROS'}, 'source': 'FlowteTaquillaCultural', 'exec_time': '20260203T161013', 'session': '2026_02_03_15_59_Martes', 'image': 'https://www.flowte.me/cabinet/event/img/36893-1768215921.419.png', 'url': 'https://www.flowte.me/storefront/almeria-cultura-401?cc'}
-------------
******
xpath
/html/body/div[6]/div[4]/div[1]/div[3]/div/div[8]/div[3]/h5
clicking
sleeping 3
sleeping 3
Getting content
sleeping 1
b_str ='22 Feb 2026 12:30'
{'id': 'c3adccfe', 'show': 1, 'in_city': 1, 'one_day': 1, 'wrong_date_time': 0, 'event': 'OCAL - PURA LUZ', 'id_venue': '27qNP7DH', 'venue': 'auditorio municipal maestro padilla.', 'std_venue': 'Auditorio Municipal Maestro Padilla', 'start_date': '2026-02-22', 'start_time': '12:30:00', 'end_date': '2026-02-22', 'end_time': '__NOT_DEFINIED__', 'description': 'Concierto conmemorativo por el 75o aniversario de la coronación de la Santísima Virgen del Mar, en beneficio de la restauración del Santuario. J. C. ARRIAGA -. Obertura de los esclavos felices. J. HAYDN -. Sinfonía de los adioses. W. A. MOZART -. Sinfonía n.40. PRECIO DE LAS ENTRADAS: NIVEL A: 12 EUROS. NIVEL B: 10 EUROS. ESTUDIANTES DE CONSERVATORIO: 5 EUROS (DEBERÁN PRESENTAR LA ACREDITACIÓN PERTINENTE EN LA TAQUILLA). Debido a la normativa vigente, todos los asistentes deben adquirir entrada, incluidos niños y adultos, independientemente de la edad y de si ocupan butaca o no. Para cualquier incidencia derivada de la compra online puede contactar a través del correo electrónico: info@babiloniacomunicacion.com', 'others': {'price': 'PRECIO DE LAS ENTRADAS:\xa0NIVEL A: 12 EUROSNIVEL B: 10 EUROSESTUDIANTES DE CONSERVATORIO: 5 EUROS (DEBERÁN PRESENTAR LA ACREDITACIÓN PERTINENTE EN LA TAQUILLA)'}, 'source': 'FlowteTaquillaCultural', 'exec_time': '20260203T161013', 'session': '2026_02_03_15_59_Martes', 'image': 'https://www.flowte.me/cabinet/event/img/36979-1768821497.5702.png', 'url': 'https://www.flowte.me/storefront/almeria-cultura-401?cc'}
-------------
******
xpath
/html/body/div[6]/div[4]/div[1]/div[3]/div/div[9]/div[3]/h5
clicking
sleeping 3
sleeping 3
Getting content
sleeping 1
b_str ='26 Feb 2026 20:30'
{'id': '968e7a34', 'show': 1, 'in_city': 1, 'one_day': 1, 'wrong_date_time': 0, 'event': 'ALETHEIA', 'id_venue': 'tQfq78jF', 'venue': 'teatro apolo almeria', 'std_venue': 'Teatro Apolo', 'start_date': '2026-02-26', 'start_time': '20:30:00', 'end_date': '2026-02-26', 'end_time': '__NOT_DEFINIED__', 'description': 'DELICATESSEN INVIERNO 2026. ALETHEIA. es un. varieté contemporáneo. que abarca diferentes lenguajes y disciplinas artísticas: Teatro, Flamenco, Música, Humor y Circo. Una. explosiva mezcla de formatos. hilados desde la raíz y la esencia, a la experimentación fresca y desenfadada. Las Poderío tienen la convicción de desvelar a través del arte la verdad de su. existencia como mujeres, hijas, nietas y madres. . Plantando semillas de transformación. honrando la historia y la memoria. Premios de la compañía: -Nominada IX Premios Lorca. -Premio Fetén. -Premio de la Cultura en Marbella. -PRECIO DE LAS ENTRADAS: 14 EUROS. -ABONO DELICATESSEN INVIERNO 2026 (INCLUYE "ETER, DANZA DE LUCES", "ALETHEIA" Y "LORCAS ́INDÓMITA"): 33 EUROS. PULSE AQUÍ PARA ACCEDER A LA COMPRA DEL ABONO DELICATESSEN INVIERNO 2026. Debido a la normativa vigente, todos los asistentes deben adquirir entrada. , incluidos niños y adultos, independientemente de la edad y de si ocupan butaca o no. Para cualquier incidencia derivada de la compra online puede contactar a través del correo electrónico: info@babiloniacomunicacion.com', 'others': {'price': '-PRECIO DE LAS ENTRADAS: 14\xa0EUROS'}, 'source': 'FlowteTaquillaCultural', 'exec_time': '20260203T161013', 'session': '2026_02_03_15_59_Martes', 'image': 'https://www.flowte.me/cabinet/event/img/36660-1764664218.8912.png', 'url': 'https://www.flowte.me/storefront/almeria-cultura-401?cc'}
-------------
******
xpath
/html/body/div[6]/div[4]/div[1]/div[3]/div/div[10]/div[3]/h5
clicking
sleeping 3
sleeping 3
Getting content
sleeping 1
b_str ='27 Feb 2026 20:30'
{'id': '2b3120bd', 'show': 1, 'in_city': 1, 'one_day': 1, 'wrong_date_time': 0, 'event': 'VICENTE AMIGO', 'id_venue': '27qNP7DH', 'venue': 'auditorio municipal maestro padilla.', 'std_venue': 'Auditorio Municipal Maestro Padilla', 'start_date': '2026-02-27', 'start_time': '20:30:00', 'end_date': '2026-02-27', 'end_time': '__NOT_DEFINIED__', 'description': 'Vicente Amigo presenta su gira Andenes del tiempo. Un sexteto de lujo nos interpretará y nos hará disfrutar de la música y personales composiciones que han hecho de su dilatada y exitosa carrera artística una referencia indiscutible en el mundo de la música y del flamenco. Creador de un estilo propio e inconfundible. Sus composiciones, transmisión y sentido estético provocan una interpretación con la guitarra que sobresalen de manera sublime en cada concierto como pocos lo pueden lograr. En este nuevo espectáculo se incluirán tanto temas de discos anteriores, como de su nuevo y último lanzamiento discográfico “Andenesdel Tiempo“. Álbum que vio la luz en 2024; obteniendo una nueva nominación en los pasados Latin Grammy del 2024. PRECIO DE LAS ENTRADAS: NIVEL A: 35 EUROS. NIVEL B: 25 EUROS. Debido a la normativa vigente, todos los asistentes deben adquirir entrada, incluidos niños y adultos, independientemente de la edad y de si ocupan butaca o no. Para cualquier incidencia derivada de la compra online puede contactar a través del correo electrónico: info@flowte.es', 'others': {'price': 'PRECIO\xa0DE LAS ENTRADAS:NIVEL A: 35 EUROSNIVEL B: 25\xa0EUROS'}, 'source': 'FlowteTaquillaCultural', 'exec_time': '20260203T161013', 'session': '2026_02_03_15_59_Martes', 'image': 'https://www.flowte.me/cabinet/event/img/36890-1768213883.8578.png', 'url': 'https://www.flowte.me/storefront/almeria-cultura-401?cc'}
-------------
******
xpath
/html/body/div[6]/div[4]/div[1]/div[3]/div/div[11]/div[3]/h5
clicking
sleeping 3
sleeping 3
Getting content
sleeping 1
b_str =' 1 Mar 2026 12:30'
{'id': '3cf3134c', 'show': 1, 'in_city': 1, 'one_day': 1, 'wrong_date_time': 0, 'event': 'UNITY GOSPEL CHOIR CON CLASIJAZZ BIG BAND', 'id_venue': '27qNP7DH', 'venue': 'auditorio municipal maestro padilla.', 'std_venue': 'Auditorio Municipal Maestro Padilla', 'start_date': '2026-03-01', 'start_time': '12:30:00', 'end_date': '2026-03-01', 'end_time': '__NOT_DEFINIED__', 'description': 'Lo más potente que se ha hecho jamás en Almería en cuanto al Gospel se refiere. La presentación del Coro Europeo más artistas de Chicago, Dinamarca, África. Una auténtica pasada que pondrá a Almería en el foco Internacional del Gospel . Además de los cientos de alumnos venidos de toda España para presentar un espectáculo único con solistas internacionales. Unity Mass Choir (Coro de los matriculados) + Bazil Meade y Cinque Cullar, Gospel meets Africa. Unity Gospel Choir & Clasijazz Big Band & Didier Likeng & N’Fali Kouyaté, dirigido por Ramon Escalé, New Jungle Orchestra. Como seña de identidad, Unity quiere hacer del Gospel una música transversal en constante evolución y relacionándose de manera natural con otras músicas, en este caso, la africana. Presentación en público por primera vez del Unity Choir, formado por cantantes seleccionados de 12 países europeos. El concierto es parte del Unity Clasijazz Gospel Festival. Se realiza como una primera edición y está dedicada a África. PRECIO DE LAS ENTRADAS: NIVEL A: 25 EUROS. NIVEL B: 20 EUROS. Debido a la normativa vigente, todos los asistentes deben adquirir entrada, incluidos niños y adultos, independientemente de la edad y de si ocupan butaca o no. Para cualquier incidencia derivada de la compra online puede contactar a través del correo electrónico: info@flowte.es', 'others': {'price': 'PRECIO\xa0DE LAS ENTRADAS:NIVEL A: 25 EUROSNIVEL B: 20 EUROS'}, 'source': 'FlowteTaquillaCultural', 'exec_time': '20260203T161013', 'session': '2026_02_03_15_59_Martes', 'image': 'https://www.flowte.me/cabinet/event/img/36943-1768990903.872.png', 'url': 'https://www.flowte.me/storefront/almeria-cultura-401?cc'}
-------------
******
xpath
/html/body/div[6]/div[4]/div[1]/div[3]/div/div[12]/div[3]/h5
clicking
sleeping 3
sleeping 3
Getting content
sleeping 1
b_str =' 7 Mar 2026 21:00 '
{'id': '31205370', 'show': 1, 'in_city': 1, 'one_day': 1, 'wrong_date_time': 0, 'event': 'LUZ CASAL', 'id_venue': '27qNP7DH', 'venue': 'auditorio municipal maestro padilla.', 'std_venue': 'Auditorio Municipal Maestro Padilla', 'start_date': '2026-03-07', 'start_time': '21:00:00', 'end_date': '2026-03-07', 'end_time': '__NOT_DEFINIED__', 'description': 'Luz Casal presenta en gira su nuevo disco ‘Me voy a permitir’, el trabajo más ecléctico e inclasificable de su carrera, se concede el antojo de mostrar diez caras, tantas como canciones: diez actitudes, diez miradas, diez formas de entender el mundo. Se mueve con la libertad de quien ya no tiene que demostrar nada. Enseña sus cartas como dama de la chanson francesa y voz contemporánea del cancionero latinoamericano. Como cronista de lo cotidiano y rockera que jamás colgó los pantalones de cuero. Ya lo advirtió Pablo Guerrero: Luz puede acariciar como la seda o desgarrar como los colmillos de un animal herido. Capaz de cantar desde el despecho o la esperanza, canalla o luminosa, libérrima siempre. Este nuevo espectáculo es un puente entre pasado y futuro, certifica su doble condición de compositora intuitiva y talentosa e intérprete excepcional, capaz no solo de cantar sino de habitar las canciones, sean suyas o ajenas. Ajena a la pirotecnia y los artificios, se permite no seguir más señales que las de su propio instinto, una libertad que le ha brindado la admiración del público, el respeto de la crítica y la complicidad de sus colegas, un triple reconocimiento que se produce en contadas ocasiones. PRECIO DE LAS ENTRADAS: NIVEL A: 60 EUROS. NIVEL B: 55 EUROS. Debido a la normativa vigente, todos los asistentes deben adquirir entrada, incluidos niños y adultos, independientemente de la edad y de si ocupan butaca o no. Para cualquier incidencia derivada de la compra online puede contactar a través del correo electrónico: info@flowte.es', 'others': {'price': 'NIVEL A: 60\xa0EUROSNIVEL B: 55\xa0EUROS'}, 'source': 'FlowteTaquillaCultural', 'exec_time': '20260203T161013', 'session': '2026_02_03_15_59_Martes', 'image': 'https://www.flowte.me/cabinet/event/img/36733-1763723396.6461.png', 'url': 'https://www.flowte.me/storefront/almeria-cultura-401?cc'}
-------------
******
xpath
/html/body/div[6]/div[4]/div[1]/div[3]/div/div[13]/div[3]/h5
clicking
sleeping 3
sleeping 3
Getting content
sleeping 1
b_str ='11 Mar 2026 20:30'
{'id': '560a9a85', 'show': 1, 'in_city': 1, 'one_day': 1, 'wrong_date_time': 0, 'event': 'DINERO NEGRO', 'id_venue': 'tQfq78jF', 'venue': 'teatro apolo almeria', 'std_venue': 'Teatro Apolo', 'start_date': '2026-03-11', 'start_time': '20:30:00', 'end_date': '2026-03-11', 'end_time': '__NOT_DEFINIED__', 'description': 'La trama gira en torno a Carlos, que inesperadamente se encuentra con un maletín lleno de 10 millones de euros pertenecientes a la mafia rusa. Carlos, inicialmente un empleado de banco sin mayores sobresaltos, ve esta situación como una oportunidad para cambiar su vida y decide escapar con su esposa. Sin embargo, su intento de fuga se complica por la aparición de vecinos, un inspector de policía, y la amenaza de los dueños originales del dinero. La obra, por lo tanto, se desarrolla en medio de situaciones cómicas y enredos provocados por la inesperada. PRECIO DE LAS ENTRADAS: 10 EUROS. Debido a la normativa vigente, todos los asistentes deben adquirir entrada, incluidos niños y adultos, independientemente de la edad y de si ocupan butaca o no. Para cualquier incidencia derivada de la compra online puede contactar a través del correo electrónico: info@flowte.es', 'others': {'price': 'PRECIO\xa0DE LAS ENTRADAS: 10 EUROS'}, 'source': 'FlowteTaquillaCultural', 'exec_time': '20260203T161013', 'session': '2026_02_03_15_59_Martes', 'image': 'https://www.flowte.me/cabinet/event/img/36719-1763460389.3681.png', 'url': 'https://www.flowte.me/storefront/almeria-cultura-401?cc'}
-------------
******
xpath
/html/body/div[6]/div[4]/div[1]/div[3]/div/div[14]/div[3]/h5
clicking
sleeping 3
sleeping 3
Getting content
sleeping 1
b_str ='13 Mar 2026 20:30'
{'id': '31673dcd', 'show': 1, 'in_city': 1, 'one_day': 1, 'wrong_date_time': 0, 'event': 'BAILE DE BESTIAS', 'id_venue': 'tQfq78jF', 'venue': 'teatro apolo almeria', 'std_venue': 'Teatro Apolo', 'start_date': '2026-03-13', 'start_time': '20:30:00', 'end_date': '2026-03-13', 'end_time': '__NOT_DEFINIED__', 'description': 'CICLO TRASLADANZA 2026. Baile de Bestias, es la nueva propuesta de Jesús Carmona. Un espectáculo que nace de la necesidad de dar un paso más hacia la verdad más absoluta del artista. La vuelta hacía el movimiento primario y su aceptación, para después alejarse de él y mirarlo con perspectiva tras la complejidad adquirida con la experiencia de los años. Para este trabajo camina junto al multi-instrumentista Manu Masaedo, quien creará espacios sonoros y lugares musicales con los que viajar a un mundo onírico. Un bosque de sentimientos donde dos individuos dialogan y desafían a sus bestias interiores para terminar convirtiéndolas en movimiento, emoción y belleza. LAS ENTRADAS PARA CADA EVENTO DE FORMA INDIVIDUAL ESTARÁN DISPONIBLES PARA LA VENTA A PARTIR DEL 01 DE ENERO DE 2026, HASTA ENTONCES SOLO SE PODRÁN ADQUIRIR LOS ABONOS. PRECIO DE LAS ENTRADAS: ANTICIPADA: 12 EUROS. GENERAL: 15 EUROS. Debido a la normativa vigente, todos los asistentes deben adquirir entrada, incluidos niños y adultos, independientemente de la edad y de si ocupan butaca o no. Para cualquier incidencia derivada de la compra online puede contactar a través del correo electrónico: info@flowte.es', 'others': {'price': 'PRECIO DE LAS ENTRADAS:\xa0ANTICIPADA: 12 EUROSGENERAL: 15 EUROS'}, 'source': 'FlowteTaquillaCultural', 'exec_time': '20260203T161013', 'session': '2026_02_03_15_59_Martes', 'image': 'https://www.flowte.me/cabinet/event/img/36820-1765275586.3575.png', 'url': 'https://www.flowte.me/storefront/almeria-cultura-401?cc'}
-------------
******
xpath
/html/body/div[6]/div[4]/div[1]/div[3]/div/div[15]/div[3]/h5
clicking
sleeping 3
sleeping 3
Getting content
sleeping 1
b_str ='14 Mar 2026 20:30'
{'id': '3a99733a', 'show': 1, 'in_city': 1, 'one_day': 1, 'wrong_date_time': 0, 'event': 'ORQUESTA FILARMÓNICA DE MÁLAGA', 'id_venue': '27qNP7DH', 'venue': 'auditorio municipal maestro padilla.', 'std_venue': 'Auditorio Municipal Maestro Padilla', 'start_date': '2026-03-14', 'start_time': '20:30:00', 'end_date': '2026-03-14', 'end_time': '__NOT_DEFINIED__', 'description': '#ALLEGRO. ALLEGRO. es una propuesta diferente y divertida dentro del formato de los conciertos familiares y pedagógicos, el objetivo, acercar la música clásica a todo tipo de público a través de un repertorio popular, la risa y el juego escénico como guión del concierto. ALLEGRO, como su propia etimología musical indica, pretende contagiar al público con un repertorio positivo de alto ritmo escénico y presentado por un excéntrico maestro de ceremonias que nos provocará  la risa con su torpe pretensión, rompiendo cariñosamente los protocolos del concierto e involucrando a la orquesta y público en situaciones cómicas e imprevisibles.. Repertorio: Obertura Guillermo Tell - G. Rossini. The Entertainer - S. Joplin. Marcha Funebre - Chopin. La primavera - A. Vivaldi. West Side History - L. Bernstein. Danubio Azul - J. Strauss. The Empire Strikes Back - J. Williams. Can Can - J. Offenbach\u200b. PRECIO DE LAS ENTRADAS: NIVEL A: 15 EUROS. NIVEL B:12 EUROS. Aprovecha un descuento del 10% en el precio de tus entradas para colectivos especiales (jubilados, desempleados, personas con movilidad reducida, familia numerosa o monoparental, etc) y centros educativos y conservatorios, presentando en la taquilla física la documentación pertinente. Debido a la normativa vigente, todos los asistentes deben adquirir entrada, incluidos niños y adultos, independientemente de la edad y de si ocupan butaca o no. Para cualquier incidencia derivada de la compra online puede contactar a través del correo electrónico: info@flowte.es', 'others': {'price': 'PRECIO DE LAS ENTRADAS:\xa0NIVEL A: 15 EUROSNIVEL B:12 EUROS'}, 'source': 'FlowteTaquillaCultural', 'exec_time': '20260203T161013', 'session': '2026_02_03_15_59_Martes', 'image': 'https://www.flowte.me/cabinet/event/img/36989-1769072679.0689.png', 'url': 'https://www.flowte.me/storefront/almeria-cultura-401?cc'}
-------------
******
xpath
/html/body/div[6]/div[4]/div[1]/div[3]/div/div[16]/div[3]/h5
clicking
sleeping 3
sleeping 3
Getting content
sleeping 1
b_str ='15 Mar 2026 20:00'
{'id': 'c684f65b', 'show': 1, 'in_city': 1, 'one_day': 1, 'wrong_date_time': 0, 'event': 'MARWÁN', 'id_venue': 'tQfq78jF', 'venue': 'teatro apolo almeria', 'std_venue': 'Teatro Apolo', 'start_date': '2026-03-15', 'start_time': '20:00:00', 'end_date': '2026-03-15', 'end_time': '__NOT_DEFINIED__', 'description': '"Un encuentro más allá de las canciones". En febrero y marzo de 2026, Marwán se embarca en una gira muy especial y puntual, pensada como una experiencia de cercanía y conexión real con su público. Serán conciertos de aforo muy reducido en los que el artista irá más allá del formato habitual: cantará, recitará y conversará con el público, compartiendo historias, curiosidades y dinámicas que transforman cada cita en un encuentro irrepetible. Cada ciudad contará con momentos y acciones creadas expresamente para su contexto y su gente, haciendo que ningún concierto sea igual a otro. Un formato íntimo, a solas, cara a cara con el público y con un set exclusivo. Esto ocurre mientras Marwán compone y graba su próximo disco de estudio. Una oportunidad única para descubrir al artista en estado puro antes del lanzamiento del nuevo álbum, previsto para finales de 2026, y del arranque de su próxima gran gira por salas y festivales. PRECIO DE LAS ENTRADAS: 35 EUROS. Debido a la normativa vigente, todos los asistentes deben adquirir entrada, incluidos niños y adultos, independientemente de la edad y de si ocupan butaca o no. Para cualquier incidencia derivada de la compra online puede contactar a través del correo electrónico: info@flowte.es', 'others': {'price': 'PRECIO\xa0DE LAS ENTRADAS: 35 EUROS'}, 'source': 'FlowteTaquillaCultural', 'exec_time': '20260203T161013', 'session': '2026_02_03_15_59_Martes', 'image': 'https://www.flowte.me/cabinet/event/img/36982-1768901567.1392.png', 'url': 'https://www.flowte.me/storefront/almeria-cultura-401?cc'}
-------------
******
xpath
/html/body/div[6]/div[4]/div[1]/div[3]/div/div[17]/div[3]/h5
clicking
sleeping 3
sleeping 3
Getting content
sleeping 1
b_str ='20 Mar 2026 20:30'
{'id': '4654fba8', 'show': 1, 'in_city': 1, 'one_day': 1, 'wrong_date_time': 0, 'event': '500 NOCHES - TRIBUTO A SABINA', 'id_venue': '27qNP7DH', 'venue': 'auditorio municipal maestro padilla.', 'std_venue': 'Auditorio Municipal Maestro Padilla', 'start_date': '2026-03-20', 'start_time': '20:30:00', 'end_date': '2026-03-20', 'end_time': '__NOT_DEFINIED__', 'description': 'TRIBUTO A JOAQUÍN SABINA. 500 NOCHES lleva tiempo demostrando los motivos por los que es considerado EL MEJOR ESPECTÁCULO HOMENAJE AL MAESTRO SABINA. Su espectáculo "Sabina en las Venas" supone un recorrido muy cuidado por la trayectoria del genio de Úbeda y un homenaje a su música, que sumado a la calidad y profesionalidad indiscutible de los músicos que componen 500 NOCHES les permite ofrecer un espectáculo de primer nivel a la altura de un homenaje al gran Joaquín Sabina y que les ha valido el reconocimiento de crítica y público. 500 NOCHES nos sería posible sin la pasión, admiración y profundo conocimiento de las canciones del maestro Sabina que atesora Darío Luís, voz principal y líder de este ambicioso proyecto. El espectáculo fue presentado por primera vez en la primavera de 2016 en el Teatro Arlequín de la Gran Vía de Madrid donde realizaron 5 fechas consecutivas. Debido a su excelente acogida, desde entonces no han parado de recorrer la geografía española siendo referentes en la programación de las más importantes fiestas nacionales y obteniendo llenos en los principales espacios escénicos y teatros del país tales como la Plaza de Toros de Úbeda, Escenario Madrid Rio, el Teatro Cervantes de Almería, Auditorio Adolfo Marsillach de San Sebastián de los Reyes, el Teatro Buaro Vallejo de Alcorcón, Auditorio Lago de Coslada, Auditorio Juan Carlos I de Pinto, Auditorio Charco de Sán Ginés en Lanzarote, Lienzo Norte de Ávila, o el Auditorio Mar de Vigo entre otros. PRECIO DE LAS ENTRADAS: ANTICIPADA NIVEL A: 25 EUROS. ANTICIPADA NIVEL B: 20 EUROS. GENERAL DÍA DEL EVENTO (NIVEL A Y B): 30 EUROS. Debido a la normativa vigente, todos los asistentes deben adquirir entrada, incluidos niños y adultos, independientemente de la edad y de si ocupan butaca o no. Para cualquier incidencia derivada de la compra online puede contactar a través del correo electrónico: info@flowte.es', 'others': {'price': 'PRECIO\xa0DE LAS ENTRADAS:\xa0ANTICIPADA NIVEL A: 25 EUROSANTICIPADA NIVEL B: 20 EUROSGENERAL DÍA DEL EVENTO (NIVEL A Y B): 30 EUROS'}, 'source': 'FlowteTaquillaCultural', 'exec_time': '20260203T161013', 'session': '2026_02_03_15_59_Martes', 'image': 'https://www.flowte.me/cabinet/event/img/36875-1767019292.9.png', 'url': 'https://www.flowte.me/storefront/almeria-cultura-401?cc'}
-------------
******
xpath
/html/body/div[6]/div[4]/div[1]/div[3]/div/div[18]/div[3]/h5
clicking
sleeping 3
sleeping 3
Getting content
sleeping 1
b_str ='26 Mar 2026 20:30'
{'id': '9d14e5ba', 'show': 1, 'in_city': 1, 'one_day': 1, 'wrong_date_time': 0, 'event': 'LORCAS´INDÓMITA', 'id_venue': 'tQfq78jF', 'venue': 'teatro apolo almeria', 'std_venue': 'Teatro Apolo', 'start_date': '2026-03-26', 'start_time': '20:30:00', 'end_date': '2026-03-26', 'end_time': '__NOT_DEFINIED__', 'description': 'DELICATESSEN INVIERNO 2026. “Cállate”. primera palabra de La zapatera prodigiosa; Bodas de sangre: el Padre de la Novia. elogia a su hija que no habla nunca. ; a Yerma su marido le aconseja que cuando le den conversación, cierre la boca, pues. la palabra pertenece a los hombres. ; y, por supuesto, en La casa de Bernarda Alba. la palabra que más se repite es “silencio”. que resultaría ser una premonición de lo que sucedería en España poco después. A ese silencio se oponen las mujeres indómitas de García Lorca, mujeres lorquianas que. no fueron creadas para permanecer mudas. , ni para resignarse. Premios de la compañía: -Premio Nacional de Teatro 2008. -Premio Lorca de Honor. -97 galardones internacionales. -PRECIO DE LAS ENTRADAS: 14 EUROS. -ABONO DELICATESSEN INVIERNO 2026 (INCLUYE "ETER, DANZA DE LUCES", "ALETHEIA" Y "LORCAS ́INDÓMITA"): 33 EUROS. PULSE AQUÍ PARA ACCEDER A LA COMPRA DEL ABONO DELICATESSEN INVIERNO 2026. Debido a la normativa vigente, todos los asistentes deben adquirir entrada. , incluidos niños y adultos, independientemente de la edad y de si ocupan butaca o no. Para cualquier incidencia derivada de la compra online puede contactar a través del correo electrónico: info@babiloniacomunicacion.com', 'others': {'price': '-PRECIO DE LAS ENTRADAS: 14\xa0EUROS'}, 'source': 'FlowteTaquillaCultural', 'exec_time': '20260203T161013', 'session': '2026_02_03_15_59_Martes', 'image': 'https://www.flowte.me/cabinet/event/img/36661-1764669531.8836.png', 'url': 'https://www.flowte.me/storefront/almeria-cultura-401?cc'}
-------------
******
xpath
/html/body/div[6]/div[4]/div[1]/div[3]/div/div[19]/div[3]/h5
clicking
sleeping 3
sleeping 3
Getting content
sleeping 1
b_str ='27 Mar 2026 20:30'
{'id': '12568dfa', 'show': 1, 'in_city': 1, 'one_day': 1, 'wrong_date_time': 0, 'event': 'MORRICONE ROCK EXPERIENCE', 'id_venue': '27qNP7DH', 'venue': 'auditorio municipal maestro padilla.', 'std_venue': 'Auditorio Municipal Maestro Padilla', 'start_date': '2026-03-27', 'start_time': '20:30:00', 'end_date': '2026-03-27', 'end_time': '__NOT_DEFINIED__', 'description': 'De producción española, llega este espectáculo creado en Italia para rendir homenaje al gran Ennio Morricone. El cine no habría sido igual sin su música. Morricone Rock Experience. reune a músicos y voces que experimentan con instrumentos eléctricos nuevas tecnologías para presentar un viaje al mundo del cine, a través de las bandas sonoras más exitosas del gran Ennio Morricone. Y se estrena en la provincia de Almería, lugar de inspiración del gran maestro de las bandas sonoras para muchas de las películas que llevaron su sello musical. PRECIO DE LAS ENTRADAS: 28 EUROS. Debido a la normativa vigente, todos los asistentes deben adquirir entrada, incluidos niños y adultos, independientemente de la edad y de si ocupan butaca o no. Para cualquier incidencia derivada de la compra online puede contactar a través del correo electrónico: info@flowte.es', 'others': {'price': 'PRECIO\xa0DE LAS ENTRADAS:\xa028 EUROS'}, 'source': 'FlowteTaquillaCultural', 'exec_time': '20260203T161013', 'session': '2026_02_03_15_59_Martes', 'image': 'https://www.flowte.me/cabinet/event/img/36873-1767018129.0975.png', 'url': 'https://www.flowte.me/storefront/almeria-cultura-401?cc'}
-------------
******
xpath
/html/body/div[6]/div[4]/div[1]/div[3]/div/div[20]/div[3]/h5
clicking
sleeping 3
sleeping 3
Getting content
sleeping 1
b_str ='28 Mar 2026 21:00'
{'id': 'ffadb22e', 'show': 1, 'in_city': 1, 'one_day': 1, 'wrong_date_time': 0, 'event': 'PACO CANDELA', 'id_venue': '27qNP7DH', 'venue': 'auditorio municipal maestro padilla.', 'std_venue': 'Auditorio Municipal Maestro Padilla', 'start_date': '2026-03-28', 'start_time': '21:00:00', 'end_date': '2026-03-28', 'end_time': '__NOT_DEFINIED__', 'description': 'Paco Candela celebra por todo lo alto. 30 años de carrera con una nueva gira que será la más importante y emocionante para el artista. , una serie de conciertos únicos rodeado por un gran elenco de músicos que hacen de cada noche una nueva fiesta interpretando sus mejores temas como sólo en directo se puede hacer. “30” es un nuevo proyecto muy especial para Paco Candela y sus “candelistas” con una serie de grandes acontecimientos que se irán anunciando, entre ellos y además de esta gran gira un. nuevo disco del mismo nombre “30”. , un viaje desde las raíces y comienzos del artista hasta su faceta más actual. Entre sus nuevos temas podremos esperar sevillanas o fandangos que buscan transportarnos a sus inicios como el primer single. “Pa que yo te perdonara”. grabado en la “Gruta de las Maravillas”, en Aracena (Huelva), únicamente acompañado de la guitarra de Domi Serralbo, un lugar espectacular entre varios de los elegidos para la grabación de “30”. Además, en el disco inmortalizará sus populares “popurrís”, exclusivos de los directos donde reinterpreta sus mejores canciones de una manera única y muy especial y que ahora graba para el disfrute de todos sus fans; hasta temas inéditos como baladas, tangos o rumbas, que experimentan nuevos ritmos y nos sorprenderán con el Paco más actual que se reinventa año tras año. Una nueva etapa y una nueva gira llena de sorpresas, un viaje por la música flamenca, sevillanas con mensajes comprometidos y canciones con estilos variados que harán emocionarnos. Pura emoción y puro sentimiento, es Paco Candela. Después de 16 discos de estudio, nominado a los Latin Grammy y Premios Odeón, premiado como Andaluz del Año o Referente para la Juventud en el Parlamento de Andalucía, Paco Candela ha logrado ser. una de las voces referentes a nivel nacional e internacional de música flamenca y popular. . Considerado por muchos. “el cantaor del pueblo”. presenta esta gira donde se celebra 30 años de carrera con sus “candelistas”, como así se autodenominan sus fans, una multitud que crece cada día, en buena medida tras acudir a sus conciertos y descubrir su carisma, cercanía y como no su gran voz. Acompañado de un excelente elenco de músicos y técnicos que hacen de cada actuación una noche que el público no puede olvidar, pura emoción y puro sentimiento, es Paco Candela. PRECIO DE LAS ENTRADAS: NIVEL A: 38 EUROS. NIVEL B: 35 EUROS. Debido a la normativa vigente, todos los asistentes deben adquirir entrada, incluidos niños y adultos, independientemente de la edad y de si ocupan butaca o no. Para cualquier incidencia derivada de la compra online puede contactar a través del correo electrónico: info@flowte.es', 'others': {'price': 'PRECIO\xa0DE LAS ENTRADAS:'}, 'source': 'FlowteTaquillaCultural', 'exec_time': '20260203T161013', 'session': '2026_02_03_15_59_Martes', 'image': 'https://www.flowte.me/cabinet/event/img/36941-1768378587.959.png', 'url': 'https://www.flowte.me/storefront/almeria-cultura-401?cc'}
-------------
******
xpath
/html/body/div[6]/div[4]/div[1]/div[3]/div/div[21]/div[3]/h5
clicking
sleeping 3
sleeping 3
Getting content
sleeping 1
b_str ='10 Apr 2026 21:00'
{'id': '32688f25', 'show': 1, 'in_city': 1, 'one_day': 1, 'wrong_date_time': 0, 'event': 'CAFÉ QUIJANO', 'id_venue': '27qNP7DH', 'venue': 'auditorio municipal maestro padilla.', 'std_venue': 'Auditorio Municipal Maestro Padilla', 'start_date': '2026-04-10', 'start_time': '21:00:00', 'end_date': '2026-04-10', 'end_time': '__NOT_DEFINIED__', 'description': 'MIAMI 1990” - TOUR 2026. “Miami 1990” es sorprendente! es un paseo por recuerdos que señalaron el punto de partida del viaje más increíble de tres hermanos, la aventura de Café Quijano. Canciones que siguen la estela, en forma y sonoridad, a las que marcaron una época con “La Taberna del buda” (2001) y, posteriormente, a la colección de historias contadas y cantadas en su último álbum “Manhattan” (2021). Este último trabajo, “Miami 1990”, es una fresca continuación del sonido Quijano más auténtico no sin ciertos retazos sonoros noventeros. Nuevos cortometrajes convertidos en canciones que siguen sembrando la duda sobre si ellos son los protagonistas de semejantes historias. Como quiera que sea, disfrutemos de esta nueva colección de temas que llevados al directo prometen hacer aún más espectacular su extraordinario show. PRECIO DE LAS ENTRADAS: NIVEL A: 42 EUROS. NIVEL B: 38 EUROS. Debido a la normativa vigente, todos los asistentes deben adquirir entrada, incluidos niños y adultos, independientemente de la edad y de si ocupan butaca o no. Para cualquier incidencia derivada de la compra online puede contactar a través del correo electrónico: info@flowte.es', 'others': {'price': 'PRECIO\xa0DE LAS ENTRADAS:'}, 'source': 'FlowteTaquillaCultural', 'exec_time': '20260203T161013', 'session': '2026_02_03_15_59_Martes', 'image': 'https://www.flowte.me/cabinet/event/img/36549-1759837505.3407.png', 'url': 'https://www.flowte.me/storefront/almeria-cultura-401?cc'}
-------------
******
xpath
/html/body/div[6]/div[4]/div[1]/div[3]/div/div[22]/div[3]/h5
clicking
sleeping 3
sleeping 3
Getting content
sleeping 1
b_str ='17 Apr 2026 20:30'
{'id': 'a095a479', 'show': 1, 'in_city': 1, 'one_day': 1, 'wrong_date_time': 0, 'event': 'NEXT TO MY SKIN', 'id_venue': 'tQfq78jF', 'venue': 'teatro apolo almeria', 'std_venue': 'Teatro Apolo', 'start_date': '2026-04-17', 'start_time': '20:30:00', 'end_date': '2026-04-17', 'end_time': '__NOT_DEFINIED__', 'description': 'CICLO TRASLADANZA 2026. Bajo los latidos de nuestros cuerpos, nuestras pieles se fusionan para convertirse  en una sola. Cada abrazo, cada gesto, transforma, muda, rasga y regenera la corteza del otro dejándose caer, hasta que las cicatrices más profundas acarician nuestro  contacto. LAS ENTRADAS PARA CADA EVENTO DE FORMA INDIVIDUAL ESTARÁN DISPONIBLES PARA LA VENTA A PARTIR DEL 01 DE ENERO DE 2026, HASTA ENTONCES SOLO SE PODRÁN ADQUIRIR LOS ABONOS. PRECIO DE LAS ENTRADAS: ANTICIPADA: 12 EUROS. GENERAL: 15 EUROS. Debido a la normativa vigente, todos los asistentes deben adquirir entrada, incluidos niños y adultos, independientemente de la edad y de si ocupan butaca o no. Para cualquier incidencia derivada de la compra online puede contactar a través del correo electrónico: info@flowte.es', 'others': {'price': 'PRECIO DE LAS ENTRADAS:\xa0ANTICIPADA: 12 EUROSGENERAL: 15 EUROS'}, 'source': 'FlowteTaquillaCultural', 'exec_time': '20260203T161013', 'session': '2026_02_03_15_59_Martes', 'image': 'https://www.flowte.me/cabinet/event/img/36821-1765283828.5201.png', 'url': 'https://www.flowte.me/storefront/almeria-cultura-401?cc'}
-------------
******
xpath
/html/body/div[6]/div[4]/div[1]/div[3]/div/div[23]/div[3]/h5
clicking
sleeping 3
sleeping 3
Getting content
sleeping 1
b_str ='18 Apr 2026 20:30'
{'id': '4241b64f', 'show': 1, 'in_city': 1, 'one_day': 1, 'wrong_date_time': 0, 'event': 'LAURA GALLEGO', 'id_venue': '27qNP7DH', 'venue': 'auditorio municipal maestro padilla.', 'std_venue': 'Auditorio Municipal Maestro Padilla', 'start_date': '2026-04-18', 'start_time': '20:30:00', 'end_date': '2026-04-18', 'end_time': '__NOT_DEFINIED__', 'description': 'Laura Gallego, con su carisma y autenticidad, logra conectar con el público de todas las edades, haciendo vibrar a quienes añoran las voces de artistas como Rocío Jurado, Marifé de Triana o Concha Piquer, a la vez que capta la atención de una nueva generación. Este espectáculo destaca no solo por su calidad vocal e interpretativa, sino también por su capacidad para reavivar un género que parecía olvidado. PRECIO DE LAS ENTRADAS: NIVEL A: 45 EUROS. NIVEL B: 42 EUROS. Debido a la normativa vigente, todos los asistentes deben adquirir entrada, incluidos niños y adultos, independientemente de la edad y de si ocupan butaca o no. Para cualquier incidencia derivada de la compra online puede contactar a través del correo electrónico: info@flowte.es', 'others': {'price': 'PRECIO\xa0DE LAS ENTRADAS:NIVEL A: 45\xa0EUROSNIVEL B: 42\xa0EUROS'}, 'source': 'FlowteTaquillaCultural', 'exec_time': '20260203T161013', 'session': '2026_02_03_15_59_Martes', 'image': 'https://www.flowte.me/cabinet/event/img/36411-1757674869.6845.png', 'url': 'https://www.flowte.me/storefront/almeria-cultura-401?cc'}
-------------
******
xpath
/html/body/div[6]/div[4]/div[1]/div[3]/div/div[24]/div[3]/h5
clicking
sleeping 3
sleeping 3
Getting content
sleeping 1
b_str ='25 Apr 2026 20:00'
{'id': '1b228cd1', 'show': 1, 'in_city': 1, 'one_day': 1, 'wrong_date_time': 0, 'event': 'CAMPEONES 2 EN EL TEATRO', 'id_venue': '27qNP7DH', 'venue': 'auditorio municipal maestro padilla.', 'std_venue': 'Auditorio Municipal Maestro Padilla', 'start_date': '2026-04-25', 'start_time': '20:00:00', 'end_date': '2026-04-25', 'end_time': '__NOT_DEFINIED__', 'description': 'Claudia se reencuentra con Gloria después de diez años de ausencia y sus miedos se diluyen al instante. Gloria la recibe con los brazos abiertos. Gloria hace teatro en el grupo del centro de ocio de su barrio con sus compañeros de piso, Alberto y Emilio, que sueñan con que alguien descubra el talento que ellos creen tener y los saque de sus rutinarias vidas. El grupo lo dirige Juan que también tiene una discapacidad y sabe muy bien lo que es la fama y sus consecuencias: en su momento pudo ser una estrella. Pero un día, Juan lo dejó todo sin dar explicaciones y volvió a su barrio. Desde entonces y para los demás Juan no es el mismo. Juan recela de Claudia. Él intuye por qué ha vuelto y no quiere que Gloria sufra. PRECIO DE LAS ENTRADAS: NIVEL A: 25 EUROS. NIVEL B: 24 EUROS. Debido a la normativa vigente, todos los asistentes deben adquirir entrada, incluidos niños y adultos, independientemente de la edad y de si ocupan butaca o no. Para cualquier incidencia derivada de la compra online puede contactar a través del correo electrónico: info@flowte.es', 'others': {'price': 'PRECIO\xa0DE LAS ENTRADAS:NIVEL A: 25 EUROSNIVEL B: 24 EUROS'}, 'source': 'FlowteTaquillaCultural', 'exec_time': '20260203T161013', 'session': '2026_02_03_15_59_Martes', 'image': 'https://www.flowte.me/cabinet/event/img/36177-1761290223.2001.png', 'url': 'https://www.flowte.me/storefront/almeria-cultura-401?cc'}
-------------
******
xpath
/html/body/div[6]/div[4]/div[1]/div[3]/div/div[25]/div[3]/h5
clicking
sleeping 3
sleeping 3
Getting content
sleeping 1
b_str ='22 May 2026 20:30'
{'id': 'c5186152', 'show': 1, 'in_city': 1, 'one_day': 1, 'wrong_date_time': 0, 'event': 'PLEITA', 'id_venue': 'tQfq78jF', 'venue': 'teatro apolo almeria', 'std_venue': 'Teatro Apolo', 'start_date': '2026-05-22', 'start_time': '20:30:00', 'end_date': '2026-05-22', 'end_time': '__NOT_DEFINIED__', 'description': 'CICLO TRASLADANZA 2026. Pleita, es un viaje escénico que une la fuerza del flamenco con la memoria viva del  folklore, la tradición artesana con la expresión contemporánea. El esparto, como símbolo y testigo de una cultura tejida a mano, paso a paso, con  sudor, canto y resistencia, es el vinculo con la tierra, y se convierte aquí en  metáfora de las relaciones humanas y de la memoria compartida de un pueblo para rendir homenaje a la memoria de Níjar. Es un canto a la tierra seca que florece en esfuerzo, al arte que nace de un pueblo, a la materia que se convierte en identidad. LAS ENTRADAS PARA CADA EVENTO DE FORMA INDIVIDUAL ESTARÁN DISPONIBLES PARA LA VENTA A PARTIR DEL 01 DE ENERO DE 2026, HASTA ENTONCES SOLO SE PODRÁN ADQUIRIR LOS ABONOS. . PRECIO DE LAS ENTRADAS: ANTICIPADA: 12 EUROS. GENERAL: 15 EUROS. Debido a la normativa vigente, todos los asistentes deben adquirir entrada, incluidos niños y adultos, independientemente de la edad y de si ocupan butaca o no. Para cualquier incidencia derivada de la compra online puede contactar a través del correo electrónico: info@flowte.es', 'others': {'price': 'PRECIO DE LAS ENTRADAS:\xa0ANTICIPADA: 12 EUROSGENERAL: 15 EUROS'}, 'source': 'FlowteTaquillaCultural', 'exec_time': '20260203T161013', 'session': '2026_02_03_15_59_Martes', 'image': 'https://www.flowte.me/cabinet/event/img/36822-1765278970.893.png', 'url': 'https://www.flowte.me/storefront/almeria-cultura-401?cc'}
-------------
******
xpath
/html/body/div[6]/div[4]/div[1]/div[3]/div/div[26]/div[3]/h5
clicking
sleeping 3
sleeping 3
Getting content
sleeping 1
b_str ='12 Jun 2026 20:30'
{'id': 'd109e244', 'show': 1, 'in_city': 1, 'one_day': 1, 'wrong_date_time': 0, 'event': 'UN PATÉTICO AMOR DESCONOCIDO', 'id_venue': 'tQfq78jF', 'venue': 'teatro apolo almeria', 'std_venue': 'Teatro Apolo', 'start_date': '2026-06-12', 'start_time': '20:30:00', 'end_date': '2026-06-12', 'end_time': '__NOT_DEFINIED__', 'description': 'CICLO TRASLADANZA 2026. En un escenario vibrante donde convergen danza contemporánea, teatro, acrobacias y danza española, tres personajes exploran un amor lleno de contradicciones y situaciones ridiculas, pero también conmovedoras. A través de una trama que combina la música en directo con toques de dramatismo y comedia, la obra invita al público a reflexionar sobre la naturaleza del amor y la identidad. LAS ENTRADAS PARA CADA EVENTO DE FORMA INDIVIDUAL ESTARÁN DISPONIBLES PARA LA VENTA A PARTIR DEL 01 DE ENERO DE 2026, HASTA ENTONCES SOLO SE PODRÁN ADQUIRIR ABONOS. PRECIO DE LAS ENTRADAS: ANTICIPADA: 12 EUROS. GENERAL: 15 EUROS. Debido a la normativa vigente, todos los asistentes deben adquirir entrada, incluidos niños y adultos, independientemente de la edad y de si ocupan butaca o no. Para cualquier incidencia derivada de la compra online puede contactar a través del correo electrónico: info@flowte.es', 'others': {'price': 'PRECIO DE LAS ENTRADAS:\xa0ANTICIPADA: 12 EUROSGENERAL: 15 EUROS'}, 'source': 'FlowteTaquillaCultural', 'exec_time': '20260203T161013', 'session': '2026_02_03_15_59_Martes', 'image': 'https://www.flowte.me/cabinet/event/img/36823-1765281217.4386.png', 'url': 'https://www.flowte.me/storefront/almeria-cultura-401?cc'}
-------------
******
xpath
/html/body/div[6]/div[4]/div[1]/div[3]/div/div[27]/div[3]/h5
/html/body/div[6]/div[4]/div[1]/div[3]/div/div[27]/div[3]/h5 Not found
Checking unique event dict.
Reading /home/ubuntu/data_storage/Almeria/00_master/master_events.json...
*******
[]
('1ª SEMIFINAL - CARNAVAL DE ALMERÍA 2026', 'auditorio municipal maestro padilla.', '2026-02-07', '19:00:00')
('ROCÍO SEGURA', 'teatro apolo almeria', '2026-02-07', '21:00:00')
('2ª SEMIFINAL - CARNAVAL DE ALMERÍA 2026', 'auditorio municipal maestro padilla.', '2026-02-08', '17:30:00')
('GALLOPERRO', 'teatro apolo almeria', '2026-02-11', '20:30:00')
('LA DANZAORA', 'teatro apolo almeria', '2026-02-13', '20:30:00')
('EL POZO DE LOS DESEOS', 'teatro apolo almeria', '2026-02-14', '18:00:00')
('EL ESTÓMAGO DE LA BALLENA', 'teatro apolo almeria', '2026-02-20', '18:00:00')
('OCAL - PURA LUZ', 'auditorio municipal maestro padilla.', '2026-02-22', '12:30:00')
('ALETHEIA', 'teatro apolo almeria', '2026-02-26', '20:30:00')
('VICENTE AMIGO', 'auditorio municipal maestro padilla.', '2026-02-27', '20:30:00')
('UNITY GOSPEL CHOIR CON CLASIJAZZ BIG BAND', 'auditorio municipal maestro padilla.', '2026-03-01', '12:30:00')
('LUZ CASAL', 'auditorio municipal maestro padilla.', '2026-03-07', '21:00:00')
('DINERO NEGRO', 'teatro apolo almeria', '2026-03-11', '20:30:00')
('BAILE DE BESTIAS', 'teatro apolo almeria', '2026-03-13', '20:30:00')
('ORQUESTA FILARMÓNICA DE MÁLAGA', 'auditorio municipal maestro padilla.', '2026-03-14', '20:30:00')
('MARWÁN', 'teatro apolo almeria', '2026-03-15', '20:00:00')
('500 NOCHES - TRIBUTO A SABINA', 'auditorio municipal maestro padilla.', '2026-03-20', '20:30:00')
('LORCAS´INDÓMITA', 'teatro apolo almeria', '2026-03-26', '20:30:00')
('MORRICONE ROCK EXPERIENCE', 'auditorio municipal maestro padilla.', '2026-03-27', '20:30:00')
('PACO CANDELA', 'auditorio municipal maestro padilla.', '2026-03-28', '21:00:00')
('CAFÉ QUIJANO', 'auditorio municipal maestro padilla.', '2026-04-10', '21:00:00')
('NEXT TO MY SKIN', 'teatro apolo almeria', '2026-04-17', '20:30:00')
('LAURA GALLEGO', 'auditorio municipal maestro padilla.', '2026-04-18', '20:30:00')
('CAMPEONES 2 EN EL TEATRO', 'auditorio municipal maestro padilla.', '2026-04-25', '20:00:00')
('PLEITA', 'teatro apolo almeria', '2026-05-22', '20:30:00')
('UN PATÉTICO AMOR DESCONOCIDO', 'teatro apolo almeria', '2026-06-12', '20:30:00')
****************************
Saving 26 new events
Saving in  /home/ubuntu/data_storage/Almeria/2026_02_03_15_59_Martes/0_raw/20260203_1610_FlowteTaquillaCultural.json
Saving 26 master url
Appending to  /home/ubuntu/data_storage/Almeria/00_master/master_url.json
***===*** SCRAPER DONE, RESTARTING SELENIUM ***===***
selenium
