Succeeded - 2026-02-04T09:16:13Z

dag: FisgonSession (1.0s)
│
└─session (1.0s) [succeeded]
  ├─bash -lc 'docker run --rm --network host -v
  │   /home/ubuntu/work/fisgon:/app -v
  │   /home/ubuntu/data_storage:/home/ubuntu/data_storage -w /app -e
  │   OPERATION=1 -e DOCKER_CONFIG=/tmp/.docker -e HOME=/tmp -e TARGET_CITY -e
  │   CREATE_SESSION -e CLOSE_SESSION -e
  │   DAG_RUN_URL="${DAGU_BASE_URL}/dags/${DAG_NAME}?dagRunId=${DAG_RUN_ID}"
  │   -e
  │   DAG_RUN_LOG_URL="${DAGU_BASE_URL}/dags/${DAG_NAME}/log?remoteNode=local&
  │   step=session&dagRunId=${DAG_RUN_ID}" fisgon_scraper:1.0; rc=$?; exit
  │   $rc'
  │
  └─stdout:
      RUNNING VARS →
      CITY=Jaen,
      OPERATION=1,
      CREATE_SESSION=0,
      CLOSE_SESSION=1,
      SESSION=None,
      IMAGES=0,
      GET_SCRAPERS=
      SCRAPER=
      DAG_RUN_URL=/dags/FisgonSession/log?remoteNode=local&step=session&dagRunId
      =019c27f0-1d34-7b0b-bc32-43d3fc099369
      Executing final task with session: 2026_02_04_09_04_Miercoles
      Reading
      /home/ubuntu/data_storage/Jaen/2026_02_04_09_04_Miercoles/0_raw/20260204_0
      904_ConciertosClub.json...
      Reading
      /home/ubuntu/data_storage/Jaen/2026_02_04_09_04_Miercoles/0_raw/20260204_0
      906_JacksonLive.json...
      Reading
      /home/ubuntu/data_storage/Jaen/2026_02_04_09_04_Miercoles/0_raw/20260204_0
      907_JuntaAndaluciaAgenda.json...
      Reading
      /home/ubuntu/data_storage/Jaen/2026_02_04_09_04_Miercoles/0_raw/20260204_0
      913_Entradium.json...
      Reading
      /home/ubuntu/data_storage/Jaen/2026_02_04_09_04_Miercoles/0_raw/20260204_0
      906_Eventick.json...
      Saving 104 new events
      Saving in
      /home/ubuntu/data_storage/Jaen/2026_02_04_09_04_Miercoles/0_raw/Merged.jso
      n

Result: Succeeded

