time=2026-02-04T09:07:28.177Z level=INFO msg="Executing root dag-run" dag=FisgonTaskSelenium run-id=019c27e8-192f-7d18-87a3-5bfc0ca584ad params=""
time=2026-02-04T09:07:28.183Z level=INFO msg="DAG run started" name=FisgonTaskSelenium run-id=019c27e8-192f-7d18-87a3-5bfc0ca584ad attempt-id="" dag=FisgonTaskSelenium run-id=019c27e8-192f-7d18-87a3-5bfc0ca584ad params="[TARGET_CITY=Jaen TARGET_SCRAPER=JuntaAndaluciaAgenda 3=DAGU_BASE_URL=]"
time=2026-02-04T09:07:28.185Z level=INFO msg="Step started" name=FisgonTaskSelenium run-id=019c27e8-192f-7d18-87a3-5bfc0ca584ad attempt-id="" dag=FisgonTaskSelenium run-id=019c27e8-192f-7d18-87a3-5bfc0ca584ad step=tarea_1
time=2026-02-04T09:13:32.743Z level=INFO msg="DAG run finished" name=FisgonTaskSelenium run-id=019c27e8-192f-7d18-87a3-5bfc0ca584ad attempt-id="" dag=FisgonTaskSelenium run-id=019c27e8-192f-7d18-87a3-5bfc0ca584ad status=succeeded started-at=2026-02-04T09:07:28Z finished-at=2026-02-04T09:13:32Z
time=2026-02-04T09:13:32.830Z level=INFO msg="Executing root dag-run" dag=FisgonTaskSelenium run-id=019c27ed-a99c-79d7-81eb-57a55fd2b516 params=""
time=2026-02-04T09:13:32.836Z level=INFO msg="DAG run started" name=FisgonTaskSelenium run-id=019c27ed-a99c-79d7-81eb-57a55fd2b516 attempt-id="" dag=FisgonTaskSelenium run-id=019c27ed-a99c-79d7-81eb-57a55fd2b516 params="[TARGET_CITY=Jaen TARGET_SCRAPER=Entradium 3=DAGU_BASE_URL=]"
time=2026-02-04T09:13:32.838Z level=INFO msg="Step started" name=FisgonTaskSelenium run-id=019c27ed-a99c-79d7-81eb-57a55fd2b516 attempt-id="" dag=FisgonTaskSelenium run-id=019c27ed-a99c-79d7-81eb-57a55fd2b516 step=tarea_1
time=2026-02-04T09:15:31.201Z level=INFO msg="DAG run finished" name=FisgonTaskSelenium run-id=019c27ed-a99c-79d7-81eb-57a55fd2b516 attempt-id="" dag=FisgonTaskSelenium run-id=019c27ed-a99c-79d7-81eb-57a55fd2b516 status=succeeded started-at=2026-02-04T09:13:32Z finished-at=2026-02-04T09:15:31Z
time=2026-02-04T09:15:31.249Z level=INFO msg="Executing root dag-run" dag=FisgonTaskSelenium run-id=019c27ef-7830-73b2-96a3-f912da712734 params=""
time=2026-02-04T09:15:31.256Z level=INFO msg="DAG run started" name=FisgonTaskSelenium run-id=019c27ef-7830-73b2-96a3-f912da712734 attempt-id="" dag=FisgonTaskSelenium run-id=019c27ef-7830-73b2-96a3-f912da712734 params="[TARGET_CITY=Jaen TARGET_SCRAPER=SalaLaPaca 3=DAGU_BASE_URL=]"
time=2026-02-04T09:15:31.258Z level=INFO msg="Step started" name=FisgonTaskSelenium run-id=019c27ef-7830-73b2-96a3-f912da712734 attempt-id="" dag=FisgonTaskSelenium run-id=019c27ef-7830-73b2-96a3-f912da712734 step=tarea_1
time=2026-02-04T09:16:13.414Z level=INFO msg="DAG run finished" name=FisgonTaskSelenium run-id=019c27ef-7830-73b2-96a3-f912da712734 attempt-id="" dag=FisgonTaskSelenium run-id=019c27ef-7830-73b2-96a3-f912da712734 status=failed started-at=2026-02-04T09:15:31Z finished-at=2026-02-04T09:16:13Z
time=2026-02-04T09:16:13.421Z level=ERROR msg="Failed to execute dag-run" dag=FisgonTaskSelenium run-id=019c27ef-7830-73b2-96a3-f912da712734 err="failed to execute step \"tarea_1\": exit status 1\nrecent stderr (tail):\nTraceback (most recent call last):\n  File \"/app/run.py\", line 137, in <module>\n    run_one(events_extractors, TARGET_SCRAPER, session_manager, TARGET_CITY)\n  File \"/app/run.py\", line 18, in run_one\n    ev.run()\n  File \"/app/scraper/extractors/main_pages/abc_main_pages_extractor.py\", line 28, in run\n    clean_event_list = self.filter_unique_not_extracted_url(result)\n                       ^^^^^^^^^^^^^^^^^^^^^^^^^^^^^^^^^^^^^^^^^^^^\n  File \"/app/scraper/extractors/abc_base_extractor.py\", line 154, in filter_unique_not_extracted_url\n    if isinstance(url_event_list[0], dict):\n                  ~~~~~~~~~~~~~~^^^\nIndexError: list index out of range\n"
Error: failed to execute the dag-run FisgonTaskSelenium (dag-run ID: 019c27ef-7830-73b2-96a3-f912da712734): failed to execute step "tarea_1": exit status 1
recent stderr (tail):
Traceback (most recent call last):
  File "/app/run.py", line 137, in <module>
    run_one(events_extractors, TARGET_SCRAPER, session_manager, TARGET_CITY)
  File "/app/run.py", line 18, in run_one
    ev.run()
  File "/app/scraper/extractors/main_pages/abc_main_pages_extractor.py", line 28, in run
    clean_event_list = self.filter_unique_not_extracted_url(result)
                       ^^^^^^^^^^^^^^^^^^^^^^^^^^^^^^^^^^^^^^^^^^^^
  File "/app/scraper/extractors/abc_base_extractor.py", line 154, in filter_unique_not_extracted_url
    if isinstance(url_event_list[0], dict):
                  ~~~~~~~~~~~~~~^^^
IndexError: list index out of range

