
RUNNING VARS → 
        CITY=Almeria, 

        OPERATION=0,
            CREATE_SESSION=0,
            SESSION=None,
            IMAGES=0,

        SCRAPER=AlmeriaCiudad
        DAG_RUN_URL=/dags/FisgonTaskSelenium?dagRunId=019c22d6-f65d-7420-b0f6-1da3f3631c4d

Running for Almeria: AlmeriaCiudad
AlmeriaCiudad
RUNNING SESSION =  2026_02_02_15_32_Lunes
Starting WebDriver...
http://localhost:4444/wd/hub
sleeping 5
Getting content
page = 0 -----------https://almeriaciudad.es/cultura/agenda?page=0--------------- len 12
sleeping 5
Getting content
page = 1 -----------https://almeriaciudad.es/cultura/agenda?page=1--------------- len 12
sleeping 5
Getting content
page = 2 -----------https://almeriaciudad.es/cultura/agenda?page=2--------------- len 2
sleeping 5
Getting content
page = 3 -----------https://almeriaciudad.es/cultura/agenda?page=3--------------- len 0
*** SCRAPED 26 URLS WITH EVENTS **
New url events = 18
0 / 18
Getting https://almeriaciudad.es//cultura/evento/la-danzaora
Sleep 4
--------------------
{'id': '9f9c4c10', 'show': 1, 'in_city': 1, 'one_day': 1, 'wrong_date_time': 0, 'event': 'LA DANZAORA', 'id_venue': 'tQfq78jF', 'venue': 'Teatro Apolo', 'std_venue': 'Teatro Apolo', 'start_date': '2026-02-13', 'start_time': '20:30:00', 'end_date': '2026-02-13', 'end_time': '22:00:00', 'description': 'La Danzaora nace en el límite, entre lo que se sostiene y lo que se abandona, entre la raíz y el vértigo. No baila una forma, sino una memoria que se transforma. Cuerpo que recuerda, cuerpo que inventa. En su danza habitan silencios que hablan más que cualquier palabra, la duda y la certeza de ser muchas y una sola. La Danzaora busca su nombre en el movimiento, y en cada gesto se reconoce —y se pierde— otra vez.', 'others': {'organizer': 'Teatro Apolo', 'price': 'ANTICIPADA: 12 EUROS | GENERAL: 15 EUROS | ABONO: 50 EUROS', 'category': 'Danza', 'audience_age': 'Todas las edades'}, 'source': 'AlmeriaCiudad', 'exec_time': '20260203T093039', 'session': '2026_02_02_15_32_Lunes', 'image': 'https://almeriaciudad.es/uploads/styles/large/public/media/image/funez_tld_a4_26.jpg?itok=gULjbnAo', 'url': 'https://almeriaciudad.es//cultura/evento/la-danzaora'}
1 / 18
Getting https://almeriaciudad.es//cultura/evento/ocal-pura-luz
Sleep 4
--------------------
{'id': 'd95b011b', 'show': 1, 'in_city': 1, 'one_day': 1, 'wrong_date_time': 0, 'event': 'OCAL - PURA LUZ', 'id_venue': '27qNP7DH', 'venue': 'Auditorio Municipal Maestro Padilla', 'std_venue': 'Auditorio Municipal Maestro Padilla', 'start_date': '2026-02-22', 'start_time': '12:30:00', 'end_date': '2026-02-22', 'end_time': '14:00:00', 'description': '', 'others': {'organizer': 'Auditorio Municipal Maestro Padilla', 'price': 'NIVEL A: 12 EUROS | NIVEL B: 10 EUROS | ESTUDIANTE CONSERVATORIO: 5 EUROS', 'category': 'Concierto|Música|Orquesta', 'audience_age': 'Todas las edades'}, 'source': 'AlmeriaCiudad', 'exec_time': '20260203T093039', 'session': '2026_02_02_15_32_Lunes', 'image': 'https://almeriaciudad.es/uploads/styles/large/public/media/image/cartel_ocal_concierto-22febrero_web_page-0001.jpg?itok=n8R36Z9I', 'url': 'https://almeriaciudad.es//cultura/evento/ocal-pura-luz'}
2 / 18
Getting https://almeriaciudad.es//cultura/evento/el-pozo-de-los-deseos
Sleep 4
--------------------
{'id': '7a84fe76', 'show': 1, 'in_city': 1, 'one_day': 1, 'wrong_date_time': 0, 'event': 'EL POZO DE LOS DESEOS', 'id_venue': 'tQfq78jF', 'venue': 'Teatro Apolo', 'std_venue': 'Teatro Apolo', 'start_date': '2026-02-14', 'start_time': '18:00:00', 'end_date': '2026-02-14', 'end_time': '19:30:00', 'description': 'En una pequeña ciudad olvidada viven Tom y Shelly, un matrimonio que regenta una carnicería. Según la señora Ivory, la  panadera, Tom y Shelly son un par de vagos a los que nos les gusta trabajar. Shelly está harta de la pequeña ciudad y su deseo es ser rica y huir de allí para siempre. Un buen día tiene una idea: lanzar una moneda a un pozo que hay en la plaza. Según cuenta la leyenda el pozo hace realidad todos tus deseos. Tom no lo tiene claro, además solo les quedan un par de monedas. Shelly convence a Tom y tiran una moneda al pozo. De inmediato aparece un hombre misterioso que les dice que él hará realidad todos sus deseos. Shelly lo tiene claro, quiere ser rica y sin dudarlo acompaña al hombre dentro de su mansión. Pero Tom decide quedarse en la puerta y es allí dónde comenzará su aventura. Primero conocerá al Jinete sin cabeza quién le invita a visitar el cementerio para que pueda conocer el terrible secreto sobre el hombre misterioso. Luego una mujer anciana le guiará hasta el panteón de Emily Kimley y allí es dónde Tom conocerá un terrible secreto. Esta nueva aventura musical de En la luna teatro nos lleva a sumergirnos en los cuentos de Washington Irving a través de una historia que posee todos los ingredientes para que el público disfrute de una experiencia mágica. Musical familiar recomendado para niños/as partir de 6 años.', 'others': {'organizer': '__NOT_FOUND__', 'price': 'PRECIO\xa0DE LAS ENTRADAS:\xa014 EUROS', 'category': 'Infantil|Música', 'audience_age': 'Todas las edades'}, 'source': 'AlmeriaCiudad', 'exec_time': '20260203T093039', 'session': '2026_02_02_15_32_Lunes', 'image': 'https://almeriaciudad.es/uploads/styles/large/public/media/image/dossier_artistico_page-0001.jpg?itok=1ZD-1K1l', 'url': 'https://almeriaciudad.es//cultura/evento/el-pozo-de-los-deseos'}
3 / 18
Getting https://almeriaciudad.es//cultura/evento/unity-gospel-choir-con-clasijazz-big-band
Sleep 4
--------------------
{'id': '905bfb2a', 'show': 1, 'in_city': 1, 'one_day': 1, 'wrong_date_time': 0, 'event': 'UNITY GOSPEL CHOIR CON CLASIJAZZ BIG BAND', 'id_venue': '27qNP7DH', 'venue': 'Auditorio Municipal Maestro Padilla', 'std_venue': 'Auditorio Municipal Maestro Padilla', 'start_date': '2026-03-01', 'start_time': '12:30:00', 'end_date': '2026-03-01', 'end_time': '14:00:00', 'description': 'Unity Gospel Choir con Clasijazz Big Band, Unity Mass Choir (Coro de los matriculados) + Bazil Meade y Cinque Culla Didier Likeng & Ramon Escalé + Invitados Internacionales. Lo más potente que se ha hecho jamás en Almería en cuanto al Gospel se refiere. La presentación del Coro Europeo más artistas de Chicago, Dinamarca, África. Una auténtica pasada que pondrá a Almería en el foco Internacional del Gospel . Además de los cientos de alumnos venidos de toda España para presentar un espectáculo único con solistas internacionales. Unity Mass Choir (Coro de los matriculados) + Bazil Meade y Cinque Cullar, Gospel meets Africa. Unity Gospel Choir & Clasijazz Big Band & Didier Likeng & N’Fali Kouyaté, dirigido por Ramon Escalé, New Jungle Orchestra. Como seña de identidad, Unity quiere hacer del Gospel una música transversal en constante evolución y relacionándose de manera natural con otras músicas, en este caso, la africana. Presentación en público por primera vez del Unity Choir, formado por cantantes seleccionados de 12 países europeos. El concierto es parte del Unity Clasijazz Gospel Festival. Se realiza como una primera edición y está dedicada a África.', 'others': {'organizer': '__NOT_FOUND__', 'price': 'NIVEL A: 25 EUROS | NIVEL B: 20 EUROS', 'category': 'Concierto|Música', 'audience_age': '__NOT_FOUND__'}, 'source': 'AlmeriaCiudad', 'exec_time': '20260203T093039', 'session': '2026_02_02_15_32_Lunes', 'image': 'https://almeriaciudad.es/uploads/styles/large/public/media/image/unity_gospel_choir.jpg?itok=Fp6-tJ1r', 'url': 'https://almeriaciudad.es//cultura/evento/unity-gospel-choir-con-clasijazz-big-band'}
4 / 18
Getting https://almeriaciudad.es//cultura/evento/el-estomago-de-la-ballena
Sleep 4
--------------------
{'id': '673d3639', 'show': 1, 'in_city': 1, 'one_day': 1, 'wrong_date_time': 0, 'event': 'EL ESTÓMAGO DE LA BALLENA', 'id_venue': 'tQfq78jF', 'venue': 'Teatro Apolo', 'std_venue': 'Teatro Apolo', 'start_date': '2026-02-20', 'start_time': '18:00:00', 'end_date': '2026-02-20', 'end_time': '19:00:00', 'description': 'Lucía viaja con su papá a una isla muy, muy rara.. ¡hecha de plásticos que flotan a la deriva!. Allí vive su abuela Carmen, una señora un poco extraña y muy valiente, que tiene una misión importantísima: ¡salvar a una ballena que se ha tragado montones de plásticos!. Mientras su papá no para de limpiar y limpiar la casa de la abuela, Lucía intenta ayudarla, aunque a veces no la entiende Por el camino, descubrirá que su abuela es más especial de lo que jamás imaginó.', 'others': {'organizer': 'Teatro Apolo', 'price': 'GENERAL: 12 EUROS', 'category': 'Infantil', 'audience_age': 'Todas las edades'}, 'source': 'AlmeriaCiudad', 'exec_time': '20260203T093039', 'session': '2026_02_02_15_32_Lunes', 'image': 'https://almeriaciudad.es/uploads/styles/large/public/media/image/agagafgdafas.png?itok=ivZbmpui', 'url': 'https://almeriaciudad.es//cultura/evento/el-estomago-de-la-ballena'}
5 / 18
Getting https://almeriaciudad.es//cultura/evento/morricone-rock-experience
Sleep 4
--------------------
{'id': '77fbf2cf', 'show': 1, 'in_city': 1, 'one_day': 1, 'wrong_date_time': 0, 'event': 'MORRICONE ROCK EXPERIENCE', 'id_venue': '27qNP7DH', 'venue': 'Auditorio Municipal Maestro Padilla', 'std_venue': 'Auditorio Municipal Maestro Padilla', 'start_date': '2026-03-27', 'start_time': '20:30:00', 'end_date': '2026-03-27', 'end_time': '22:00:00', 'description': 'De producción española, llega este espectáculo creado en Italia para rendir homenaje al gran Ennio Morricone. El cine no habría sido igual sin su música. Morricone Rock Experience. reune a músicos y voces que experimentan con instrumentos eléctricos nuevas tecnologías para presentar un viaje al mundo del cine, a través de las bandas sonoras más exitosas del gran Ennio Morricone. Y se estrena en la provincia de Almería, lugar de inspiración del gran maestro de las bandas sonoras para muchas de las películas que llevaron su sello musical.', 'others': {'organizer': '__NOT_FOUND__', 'price': 'PRECIO\xa0DE LAS ENTRADAS:\xa028 EUROS', 'category': 'Música', 'audience_age': '__NOT_FOUND__'}, 'source': 'AlmeriaCiudad', 'exec_time': '20260203T093039', 'session': '2026_02_02_15_32_Lunes', 'image': 'https://almeriaciudad.es/uploads/styles/large/public/media/image/img-20251228-wa0006.jpg?itok=20WdnhsT', 'url': 'https://almeriaciudad.es//cultura/evento/morricone-rock-experience'}
6 / 18
Getting https://almeriaciudad.es//cultura/evento/marwan
Sleep 4
--------------------
{'id': 'cb1baea7', 'show': 1, 'in_city': 1, 'one_day': 1, 'wrong_date_time': 0, 'event': 'MARWÁN', 'id_venue': 'tQfq78jF', 'venue': 'Teatro Apolo', 'std_venue': 'Teatro Apolo', 'start_date': '2026-03-15', 'start_time': '20:00:00', 'end_date': '2026-03-15', 'end_time': '21:30:00', 'description': '"Un encuentro más allá de las canciones". En febrero y marzo de 2026, Marwán se embarca en una gira muy especial y puntual, pensada como una experiencia de cercanía y conexión real con su público. Serán conciertos de aforo muy reducido en los que el artista irá más allá del formato habitual: cantará, recitará y conversará con el público, compartiendo historias, curiosidades y dinámicas que transforman cada cita en un encuentro irrepetible. Cada ciudad contará con momentos y acciones creadas expresamente para su contexto y su gente, haciendo que ningún concierto sea igual a otro. Un formato íntimo, a solas, cara a cara con el público y con un set exclusivo. Esto ocurre mientras Marwán compone y graba su próximo disco de estudio. Una oportunidad única para descubrir al artista en estado puro antes del lanzamiento del nuevo álbum, previsto para finales de 2026, y del arranque de su próxima gran gira por salas y festivales.', 'others': {'organizer': 'Teatro Apolo', 'price': 'GENERAL: 35 EUROS', 'category': 'Concierto', 'audience_age': 'Todas las edades'}, 'source': 'AlmeriaCiudad', 'exec_time': '20260203T093039', 'session': '2026_02_02_15_32_Lunes', 'image': 'https://almeriaciudad.es/uploads/styles/large/public/media/image/almeria-2026-scaled.jpg?itok=zBTaGiu7', 'url': 'https://almeriaciudad.es//cultura/evento/marwan'}
7 / 18
Getting https://almeriaciudad.es//cultura/evento/500-noches-tributo-sabina
Sleep 4
--------------------
{'id': '1b3aa5ec', 'show': 1, 'in_city': 1, 'one_day': 1, 'wrong_date_time': 0, 'event': '500 NOCHES - TRIBUTO A SABINA', 'id_venue': '27qNP7DH', 'venue': 'Auditorio Municipal Maestro Padilla', 'std_venue': 'Auditorio Municipal Maestro Padilla', 'start_date': '2026-03-20', 'start_time': '20:30:00', 'end_date': '2026-03-20', 'end_time': '22:00:00', 'description': '500 NOCHES lleva tiempo demostrando los motivos por los que es considerado EL MEJOR ESPECTÁCULO HOMENAJE AL MAESTRO SABINA. Su espectáculo "Sabina en las Venas" supone un recorrido muy cuidado por la trayectoria del genio de Úbeda y un homenaje a su música, que sumado a la calidad y profesionalidad indiscutible de los músicos que componen 500 NOCHES les permite ofrecer un espectáculo de primer nivel a la altura de un homenaje al gran Joaquín Sabina y que les ha valido el reconocimiento de crítica y público. 500 NOCHES nos sería posible sin la pasión, admiración y profundo conocimiento de las canciones del maestro Sabina que atesora Darío Luís, voz principal y líder de este ambicioso proyecto. El espectáculo fue presentado por primera vez en la primavera de 2016 en el Teatro Arlequín de la Gran Vía de Madrid donde realizaron 5 fechas consecutivas. Debido a su excelente acogida, desde entonces no han parado de recorrer la geografía española siendo referentes en la programación de las más importantes fiestas nacionales y obteniendo llenos en los principales espacios escénicos y teatros del país tales como la Plaza de Toros de Úbeda, Escenario Madrid Rio, el Teatro Cervantes de Almería, Auditorio Adolfo Marsillach de San Sebastián de los Reyes, el Teatro Buaro Vallejo de Alcorcón, Auditorio Lago de Coslada, Auditorio Juan Carlos I de Pinto, Auditorio Charco de Sán Ginés en Lanzarote, Lienzo Norte de Ávila, o el Auditorio Mar de Vigo entre otros.', 'others': {'organizer': '__NOT_FOUND__', 'price': 'PRECIO\xa0DE LAS ENTRADAS:\xa0 ANTICIPADA NIVEL A: 25 EUROS ANTICIPADA NIVEL B: 20 EUROS GENERAL DÍA DEL EVENTO (NIVEL A Y B): 30 EUROS', 'category': 'Música', 'audience_age': '__NOT_FOUND__'}, 'source': 'AlmeriaCiudad', 'exec_time': '20260203T093039', 'session': '2026_02_02_15_32_Lunes', 'image': 'https://almeriaciudad.es/uploads/styles/large/public/media/image/img-20251228-wa0010.jpg?itok=ZVJwTU_s', 'url': 'https://almeriaciudad.es//cultura/evento/500-noches-tributo-sabina'}
8 / 18
Getting https://almeriaciudad.es//cultura/evento/vicente-amigo
Sleep 4
--------------------
{'id': 'ca623fa8', 'show': 1, 'in_city': 1, 'one_day': 1, 'wrong_date_time': 0, 'event': 'VICENTE AMIGO', 'id_venue': '27qNP7DH', 'venue': 'Auditorio Municipal Maestro Padilla', 'std_venue': 'Auditorio Municipal Maestro Padilla', 'start_date': '2026-02-27', 'start_time': '20:30:00', 'end_date': '2026-02-27', 'end_time': '22:00:00', 'description': 'Vicente Amigo presenta su gira Andenes del tiempo. Un sexteto de lujo nos interpretará y nos hará disfrutar de la música y personales composiciones que han hecho de su dilatada y exitosa carrera artística una referencia indiscutible en el mundo de la música y del flamenco. Creador de un estilo propio e inconfundible. Sus composiciones, transmisión y sentido estético provocan una interpretación con la guitarra que sobresalen de manera sublime en cada concierto como pocos lo pueden lograr. En este nuevo espectáculo se incluirán tanto temas de discos anteriores, como de su nuevo y último lanzamiento discográfico “Andenesdel Tiempo“. Álbum que vio la luz en 2024; obteniendo una nueva nominación en los pasados Latin Grammy del 2024.', 'others': {'organizer': '__NOT_FOUND__', 'price': 'NIVEL A: 35 EUROS | NIVEL B: 25 EUROS', 'category': 'Concierto', 'audience_age': '__NOT_FOUND__'}, 'source': 'AlmeriaCiudad', 'exec_time': '20260203T093039', 'session': '2026_02_02_15_32_Lunes', 'image': 'https://almeriaciudad.es/uploads/styles/large/public/media/image/captura-de-pantalla-2026-01-12-112818.png?itok=AtNv6R4F', 'url': 'https://almeriaciudad.es//cultura/evento/vicente-amigo'}
9 / 18
Getting https://almeriaciudad.es//cultura/evento/orquesta-filarmonica-de-malaga-0
Sleep 4
--------------------
{'id': '8503e7eb', 'show': 1, 'in_city': 1, 'one_day': 1, 'wrong_date_time': 0, 'event': 'ORQUESTA FILARMÓNICA DE MÁLAGA', 'id_venue': '27qNP7DH', 'venue': 'Auditorio Municipal Maestro Padilla', 'std_venue': 'Auditorio Municipal Maestro Padilla', 'start_date': '2026-03-14', 'start_time': '20:30:00', 'end_date': '2026-03-14', 'end_time': '22:00:00', 'description': 'ORQUESTA FILARMÓNICA DE MÁLAGA. #ALLEGRO. ALLEGRO. es una propuesta diferente y divertida dentro del formato de los conciertos familiares y pedagógicos, el objetivo, acercar la música clásica a todo tipo de público a través de un repertorio popular, la risa y el juego escénico como guión del concierto. ALLEGRO, como su propia etimología musical indica, pretende contagiar al público con un repertorio positivo de alto ritmo escénico y presentado por un excéntrico maestro de ceremonias que nos provocará  la risa con su torpe pretensión, rompiendo cariñosamente los protocolos del concierto e involucrando a la orquesta y público en situaciones cómicas e imprevisibles.. Repertorio: Obertura Guillermo Tell - G. Rossini. The Entertainer - S. Joplin. Marcha Funebre - Chopin. La primavera - A. Vivaldi. West Side History - L. Bernstein. Danubio Azul - J. Strauss. The Empire Strikes Back - J. Williams. Can Can - J. Offenbach\u200b', 'others': {'organizer': '__NOT_FOUND__', 'price': 'NIVEL A: 15 EUROS | NIVEL B: 12 EUROS', 'category': 'Orquesta', 'audience_age': '__NOT_FOUND__'}, 'source': 'AlmeriaCiudad', 'exec_time': '20260203T093039', 'session': '2026_02_02_15_32_Lunes', 'image': 'https://almeriaciudad.es/uploads/styles/large/public/media/image/andalucia-sinfonica_2026-03-14.jpg?itok=Jx043W4i', 'url': 'https://almeriaciudad.es//cultura/evento/orquesta-filarmonica-de-malaga-0'}
10 / 18
Getting https://almeriaciudad.es//cultura/evento/segunda-semifinal-de-carnaval-de-almeria
Sleep 4
--------------------
{'id': '041705eb', 'show': 1, 'in_city': 1, 'one_day': 1, 'wrong_date_time': 0, 'event': 'SEGUNDA SEMIFINAL DE CARNAVAL DE ALMERÍA', 'id_venue': '27qNP7DH', 'venue': 'Auditorio Municipal Maestro Padilla', 'std_venue': 'Auditorio Municipal Maestro Padilla', 'start_date': '2026-02-08', 'start_time': '17:30:00', 'end_date': '2026-02-08', 'end_time': '19:30:00', 'description': 'SEGUNDA SEMIFINAL - CERTAMEN DE ADULTOS. CARNAVAL DE ALMERÍA 2026. Agrupaciones: -CHIRIGOTA. "LOS DALÍ DE MÁS PA ALLÁ DE SUFLÍ". -COMPARSA. "LA PARTIDA". -CHIRIGOTA. "LOS AHUMAOS". -COMPARSA. "LOS COLORAOS". -CHIRIGOTA. "LOS HOMBRES DE PACO CANDELA". -CHIRIGOTA. "LOS COLEGAS DEL BARRIO"', 'others': {'organizer': '__NOT_FOUND__', 'price': 'PRECIO\xa0DE LAS ENTRADAS:\xa05 EUROS', 'category': 'Carnaval', 'audience_age': '__NOT_FOUND__'}, 'source': 'AlmeriaCiudad', 'exec_time': '20260203T093039', 'session': '2026_02_02_15_32_Lunes', 'image': 'https://almeriaciudad.es/uploads/styles/large/public/media/image/a03f18ab-9ead-428d-9936-83f3065885e0.jpeg?itok=rDMhhbkG', 'url': 'https://almeriaciudad.es//cultura/evento/segunda-semifinal-de-carnaval-de-almeria'}
11 / 18
Getting https://almeriaciudad.es//cultura/evento/pleita
Sleep 4
--------------------
{'id': 'ca661674', 'show': 1, 'in_city': 1, 'one_day': 1, 'wrong_date_time': 0, 'event': 'PLEITA', 'id_venue': 'tQfq78jF', 'venue': 'Teatro Apolo', 'std_venue': 'Teatro Apolo', 'start_date': '2026-05-22', 'start_time': '20:30:00', 'end_date': '2026-05-22', 'end_time': '22:00:00', 'description': 'Pleita, es un viaje escénico que une la fuerza del flamenco con la memoria viva del  folklore, la tradición artesana con la expresión contemporánea. El esparto, como símbolo y testigo de una cultura tejida a mano, paso a paso, con  sudor, canto y resistencia, es el vinculo con la tierra, y se convierte aquí en  metáfora de las relaciones humanas y de la memoria compartida de un pueblo para rendir homenaje a la memoria de Níjar. Es un canto a la tierra seca que florece en esfuerzo, al arte que nace de un pueblo, a la materia que se convierte en identidad.', 'others': {'organizer': 'Teatro Apolo', 'price': 'ANTICIPADA: 12 EUROS | GENERAL: 15 EUROS | ABONO: 50 EUROS', 'category': 'Danza', 'audience_age': 'Todas las edades'}, 'source': 'AlmeriaCiudad', 'exec_time': '20260203T093039', 'session': '2026_02_02_15_32_Lunes', 'image': 'https://almeriaciudad.es/uploads/styles/large/public/media/image/pleita_tld_a4_26.jpg?itok=wfgkP3_P', 'url': 'https://almeriaciudad.es//cultura/evento/pleita'}
12 / 18
Getting https://almeriaciudad.es//cultura/evento/un-patetico-amor-desconocido
Sleep 4
--------------------
{'id': 'b6151ec4', 'show': 1, 'in_city': 1, 'one_day': 1, 'wrong_date_time': 0, 'event': 'UN PATÉTICO AMOR DESCONOCIDO', 'id_venue': 'tQfq78jF', 'venue': 'Teatro Apolo', 'std_venue': 'Teatro Apolo', 'start_date': '2026-06-12', 'start_time': '20:30:00', 'end_date': '2026-06-12', 'end_time': '22:00:00', 'description': 'En un escenario vibrante donde convergen danza contemporánea, teatro, acrobacias y danza española, tres personajes exploran un amor lleno de contradicciones y situaciones ridiculas, pero también conmovedoras. A través de una trama que combina la música en directo con toques de dramatismo y comedia, la obra invita al público a reflexionar sobre la naturaleza del amor y la identidad.', 'others': {'organizer': 'Teatro Apolo', 'price': 'ANTICIPADA: 12 EUROS | GENERAL: 15 EUROS | ABONO: 50 EUROS', 'category': 'Danza', 'audience_age': 'Todas las edades'}, 'source': 'AlmeriaCiudad', 'exec_time': '20260203T093039', 'session': '2026_02_02_15_32_Lunes', 'image': 'https://almeriaciudad.es/uploads/styles/large/public/media/image/ridicula_tld_a4_26.jpg?itok=_ZWSlBhw', 'url': 'https://almeriaciudad.es//cultura/evento/un-patetico-amor-desconocido'}
13 / 18
Getting https://almeriaciudad.es//cultura/evento/next-my-skin
Sleep 4
--------------------
{'id': '83f2b102', 'show': 1, 'in_city': 1, 'one_day': 1, 'wrong_date_time': 0, 'event': 'NEXT TO MY SKIN', 'id_venue': 'tQfq78jF', 'venue': 'Teatro Apolo', 'std_venue': 'Teatro Apolo', 'start_date': '2026-04-17', 'start_time': '20:30:00', 'end_date': '2026-04-17', 'end_time': '22:00:00', 'description': 'Bajo los latidos de nuestros cuerpos, nuestras pieles se fusionan para convertirse  en una sola. Cada abrazo, cada gesto, transforma, muda, rasga y regenera la corteza del otro dejándose caer, hasta que las cicatrices más profundas acarician nuestro  contacto.', 'others': {'organizer': 'Teatro Apolo', 'price': 'ANTICIPADA: 12 EUROS | GENERAL: 15 EUROS | ABONO: 50 EUROS', 'category': 'Danza', 'audience_age': 'Todas las edades'}, 'source': 'AlmeriaCiudad', 'exec_time': '20260203T093039', 'session': '2026_02_02_15_32_Lunes', 'image': 'https://almeriaciudad.es/uploads/styles/large/public/media/image/lamonto_tld_a4_26.jpg?itok=fhn64Yz8', 'url': 'https://almeriaciudad.es//cultura/evento/next-my-skin'}
14 / 18
Getting https://almeriaciudad.es//cultura/evento/primera-semifinal-de-carnaval-de-almeria
Sleep 4
--------------------
{'id': '6e70bfaf', 'show': 1, 'in_city': 1, 'one_day': 1, 'wrong_date_time': 0, 'event': 'PRIMERA SEMIFINAL DE CARNAVAL DE ALMERÍA', 'id_venue': '27qNP7DH', 'venue': 'Auditorio Municipal Maestro Padilla', 'std_venue': 'Auditorio Municipal Maestro Padilla', 'start_date': '2026-02-07', 'start_time': '19:00:00', 'end_date': '2026-02-07', 'end_time': '21:00:00', 'description': 'PRIMERA SEMIFINAL - CERTAMEN DE ADULTOS. CARNAVAL DE ALMERÍA 2026. Agrupaciones: -CHIRIGOTA. "LOS QUE TE DAN EL ÚLTIMO VIAJE". -COMPARSA. "EL NACIMIENTO DE LA TRAGEDIA". -CHIRIGOTA. "QUÉ PESAITA ERES HIJA MÍA". -PARODIA. "EL CUARTETO DEL JOSÉ: SÉ LO QUE HICÍSTEIS EL ÚLTIMO VERANO". -CHIRIGOTA. "AGRUPACIÓN MUSICAL DEL REDOBLE PERPÉTUO". -COMPARSA. "LOS REBELDES". -CHIRIGOTA. "LAS MALAS INFLUENCIAS"', 'others': {'organizer': '__NOT_FOUND__', 'price': 'PRECIO\xa0DE LAS ENTRADAS:\xa05 EUROS', 'category': 'Carnaval', 'audience_age': '__NOT_FOUND__'}, 'source': 'AlmeriaCiudad', 'exec_time': '20260203T093039', 'session': '2026_02_02_15_32_Lunes', 'image': 'https://almeriaciudad.es/uploads/styles/large/public/media/image/909c0cab-006c-4ab6-93f3-5b97e9cc2bf0.jpeg?itok=kbjmBPyR', 'url': 'https://almeriaciudad.es//cultura/evento/primera-semifinal-de-carnaval-de-almeria'}
15 / 18
Getting https://almeriaciudad.es//cultura/evento/rocio-segura
Sleep 4
--------------------
{'id': '71df3b1f', 'show': 1, 'in_city': 1, 'one_day': 1, 'wrong_date_time': 0, 'event': 'ROCIO SEGURA', 'id_venue': 'tQfq78jF', 'venue': 'Teatro Apolo', 'std_venue': 'Teatro Apolo', 'start_date': '2026-02-07', 'start_time': '21:00:00', 'end_date': '2026-02-07', 'end_time': '22:30:00', 'description': 'MIS 30 AÑOS DE CANTE. 30 años de cante. 30 años de escenarios. 30 años de Amor, Pasión y compromiso con el flamenco y el arte, Se dice pronto pero son tantas y tantas vivencias, de compartir, de viajes y escenarios... Guitarrista: David de la Fragua. Percusionista: Johny Cortés. Palmeros: Juan Andrés Heredia, Tony Santiago y Antonio Pescaito', 'others': {'organizer': '__NOT_FOUND__', 'price': 'PRECIO\xa0DE LAS ENTRADAS:\xa010 EUROS', 'category': 'Flamenco', 'audience_age': '__NOT_FOUND__'}, 'source': 'AlmeriaCiudad', 'exec_time': '20260203T093039', 'session': '2026_02_02_15_32_Lunes', 'image': 'https://almeriaciudad.es/uploads/styles/large/public/media/image/whatsapp-image-2026-01-09-at-09.23.17.jpeg?itok=rPKHs4oJ', 'url': 'https://almeriaciudad.es//cultura/evento/rocio-segura'}
16 / 18
Getting https://almeriaciudad.es//cultura/evento/baile-de-bestias
Sleep 4
--------------------
{'id': 'b306bbcd', 'show': 1, 'in_city': 1, 'one_day': 1, 'wrong_date_time': 0, 'event': 'BAILE DE BESTIAS', 'id_venue': 'tQfq78jF', 'venue': 'Teatro Apolo', 'std_venue': 'Teatro Apolo', 'start_date': '2026-03-13', 'start_time': '20:30:00', 'end_date': '2026-03-13', 'end_time': '22:00:00', 'description': 'Baile de Bestias, es la nueva propuesta de Jesús Carmona. Un espectáculo que nace de la necesidad de dar un paso más hacia la verdad más absoluta del artista. La vuelta hacía el movimiento primario y su aceptación, para después alejarse de él y mirarlo con perspectiva tras la complejidad adquirida con la experiencia de los años. Para este trabajo camina junto al multi-instrumentista Manu Masaedo, quien creará espacios sonoros y lugares musicales con los que viajar a un mundo onírico. Un bosque de sentimientos donde dos individuos dialogan y desafían a sus bestias interiores para terminar convirtiéndolas en movimiento, emoción y belleza.', 'others': {'organizer': 'Teatro Apolo', 'price': 'ANTICIPADA: 12 EUROS | GENERAL: 15 EUROS | ABONO: 50 EUROS', 'category': '__NOT_FOUND__', 'audience_age': 'Todas las edades'}, 'source': 'AlmeriaCiudad', 'exec_time': '20260203T093039', 'session': '2026_02_02_15_32_Lunes', 'image': 'https://almeriaciudad.es/uploads/styles/large/public/media/image/jesus_tld_a4_26.jpg?itok=EYFDX_c0', 'url': 'https://almeriaciudad.es//cultura/evento/baile-de-bestias'}
17 / 18
Getting https://almeriaciudad.es//cultura/evento/paco-candela
Sleep 4
--------------------
{'id': '85ffc9d1', 'show': 1, 'in_city': 1, 'one_day': 1, 'wrong_date_time': 0, 'event': 'PACO CANDELA', 'id_venue': '27qNP7DH', 'venue': 'Auditorio Municipal Maestro Padilla', 'std_venue': 'Auditorio Municipal Maestro Padilla', 'start_date': '2026-03-28', 'start_time': '21:00:00', 'end_date': '2026-03-28', 'end_time': '22:30:00', 'description': 'Paco Candela celebra por todo lo alto. 30 años de carrera con una nueva gira que será la más importante y emocionante para el artista. , una serie de conciertos únicos rodeado por un gran elenco de músicos que hacen de cada noche una nueva fiesta interpretando sus mejores temas como sólo en directo se puede hacer. “30” es un nuevo proyecto muy especial para Paco Candela y sus “candelistas” con una serie de grandes acontecimientos que se irán anunciando, entre ellos y además de esta gran gira un. nuevo disco del mismo nombre “30”. , un viaje desde las raíces y comienzos del artista hasta su faceta más actual. Entre sus nuevos temas podremos esperar sevillanas o fandangos que buscan transportarnos a sus inicios como el primer single. “Pa que yo te perdonara”. grabado en la “Gruta de las Maravillas”, en Aracena (Huelva), únicamente acompañado de la guitarra de Domi Serralbo, un lugar espectacular entre varios de los elegidos para la grabación de “30”. Además, en el disco inmortalizará sus populares “popurrís”, exclusivos de los directos donde reinterpreta sus mejores canciones de una manera única y muy especial y que ahora graba para el disfrute de todos sus fans; hasta temas inéditos como baladas, tangos o rumbas, que experimentan nuevos ritmos y nos sorprenderán con el Paco más actual que se reinventa año tras año. Una nueva etapa y una nueva gira llena de sorpresas, un viaje por la música flamenca, sevillanas con mensajes comprometidos y canciones con estilos variados que harán emocionarnos. Pura emoción y puro sentimiento, es Paco Candela. Después de 16 discos de estudio, nominado a los Latin Grammy y Premios Odeón, premiado como Andaluz del Año o Referente para la Juventud en el Parlamento de Andalucía, Paco Candela ha logrado ser. una de las voces referentes a nivel nacional e internacional de música flamenca y popular. . Considerado por muchos. “el cantaor del pueblo”. presenta esta gira donde se celebra 30 años de carrera con sus “candelistas”, como así se autodenominan sus fans, una multitud que crece cada día, en buena medida tras acudir a sus conciertos y descubrir su carisma, cercanía y como no su gran voz. Acompañado de un excelente elenco de músicos y técnicos que hacen de cada actuación una noche que el público no puede olvidar, pura emoción y puro sentimiento, es Paco Candela.', 'others': {'organizer': '__NOT_FOUND__', 'price': 'NIVEL A: 38 EUROS | NIVEL B: 35 EUROS', 'category': 'Flamenco', 'audience_age': '__NOT_FOUND__'}, 'source': 'AlmeriaCiudad', 'exec_time': '20260203T093039', 'session': '2026_02_02_15_32_Lunes', 'image': 'https://almeriaciudad.es/uploads/styles/large/public/media/image/post_pacocandela.png?itok=eNbnDtCP', 'url': 'https://almeriaciudad.es//cultura/evento/paco-candela'}
****************************
Saving 18 new events
Saving in  /home/ubuntu/data_storage/Almeria/2026_02_02_15_32_Lunes/0_raw/20260203_0930_AlmeriaCiudad.json
Saving 18 master url
Appending to  /home/ubuntu/data_storage/Almeria/00_master/master_url.json
***===*** SCRAPER DONE, RESTARTING SELENIUM ***===***
selenium
