
RUNNING VARS → 
        CITY=Almeria, 

        OPERATION=0,
            CREATE_SESSION=0,
            CLOSE_SESSION=0,
            SESSION=None,
            IMAGES=0,
            GET_SCRAPERS=

        SCRAPER=ConciertosClub
        DAG_RUN_URL=/dags/FisgonTaskRequest/log?remoteNode=local&step=tarea_1&dagRunId=019cb8e5-3d84-75e2-82bb-34bbb6b68850

Running for Almeria: ConciertosClub
ConciertosClub
RUNNING SESSION =  2026_03_04_12_48_Miercoles
Getting https://conciertos.club/almeria
Sleep 1
*** SCRAPED 150 URLS WITH EVENTS **
New url events = 1
0 / 1
Getting https://conciertos.club/almeria/conciertos/115310-musgo
Sleep 4
--------------------
{'id': '47ea96f3', 'show': 1, 'in_city': 1, 'one_day': 1, 'wrong_date_time': 0, 'event': 'Musgö', 'slug': 'musgo', 'category': 'conciertos', 'id_venue': 'Q6b6LRjT', 'venue': 'Clasijazz Café', 'std_venue': 'Clasijazz', 'start_date': '2026-04-10', 'start_time': '22:00:00', 'end_date': '2026-04-10', 'end_time': '__NOT_DEFINIED__', 'description': "\nGPS16: Musgö en Clasijazz (Almería)\nMusgö presenta en Almería su nuevo álbum 'La grieta'.\xa0 ", 'others': {'category': 'Música experimental', 'price': '12', 'place_url': 'https://conciertos.club/almeria/locales/clasijazz-cafe', 'town': 'Almería'}, 'source': 'ConciertosClub', 'exec_time': '20260304T124917', 'session': '2026_03_04_12_48_Miercoles', 'image': '__NOT_FOUND__', 'url': 'https://conciertos.club/almeria/conciertos/115310-musgo'}
****************************
Saving 1 new events
Saving in  /home/ubuntu/data_storage/Almeria/2026_03_04_12_48_Miercoles/0_raw/20260304_1249_ConciertosClub.json
Saving 1 master url
Appending to  /home/ubuntu/data_storage/Almeria/00_master/master_url.json
