
RUNNING VARS → 
        CITY=Almeria, 

        OPERATION=0,
            CREATE_SESSION=0,
            CLOSE_SESSION=0,
            SESSION=None,
            IMAGES=0,
            GET_SCRAPERS=

        SCRAPER=Entradium
        DAG_RUN_URL=/dags/FisgonTaskSelenium/log?remoteNode=local&step=tarea_1&dagRunId=019ca937-b40a-7f2a-937f-dc6c6da9ce4f

Running for Almeria: Entradium
Entradium
RUNNING SESSION =  2026_03_01_11_33_Domingo
Starting WebDriver...
http://localhost:4444/wd/hub
sleeping 5
clicking
sleeping 3
sleeping 1.5
sleeping 3
******
xpath
/html/body/header/div[2]/div[1]/div/div/form/div/div/button/span/i
clicking
sleeping 3
sleeping 8
Getting content
*** SCRAPED 26 URLS WITH EVENTS **
New url events = 3
0 / 3
Getting https://entradium.com/es/events/casting-el-musical-lo-eliges-tu-almeria
Sleep 4
['12.04.2026', '17:00']
--------------------
{'id': '0ffcd581', 'show': 1, 'in_city': 1, 'one_day': 1, 'wrong_date_time': 0, 'event': 'Casting - El Musical Lo Eliges Tú', 'slug': 'casting-el-musical-lo-eliges-tu', 'category': '__NOT_DEFINIED__', 'id_venue': '7qHRF9LM', 'venue': 'Sala Emma', 'std_venue': 'Sala Escuela Municipal de Música & Artes', 'start_date': '2026-04-12', 'start_time': '17:00:00', 'end_date': '__NOT_DEFINIED__', 'end_time': '__NOT_DEFINIED__', 'description': 'CastingLumenia Teatro llega con una propuesta diferente, divertida y participativa desde el Teatro Musical.Un grupo de artistas tiene que decidir su próximo montaje pero no logran ponerse de acuerdo, la solución está clara: hacer un casting en directo y que el público decida que musical ganará.Os esperamos a todos en esta obra en la que el nuevo musical "¡LO ELIGES TÚ!"', 'others': {}, 'source': 'Entradium', 'exec_time': '20260301T114531', 'session': '2026_03_01_11_33_Domingo', 'image': 'https://d2il8hfach02z9.cloudfront.net/uploads/event/poster/440834db10d23dc95753f95992884686c6c0d4ef/event_m_1000143383.png?v=1772138139', 'url': 'https://entradium.com/es/events/casting-el-musical-lo-eliges-tu-almeria'}
1 / 3
Getting https://entradium.com/es/events/sinergia-solidaria-noesso-en-la-guajira-almeria
Sleep 4
['22.03.2026', '12:00']
--------------------
{'id': '497f5b92', 'show': 1, 'in_city': 1, 'one_day': 1, 'wrong_date_time': 0, 'event': 'Sinergia Solidaria Noesso en La Guajira', 'slug': 'sinergia-solidaria-noesso-en-la-guajira', 'category': '__NOT_DEFINIED__', 'id_venue': 'NhNQFPQh', 'venue': 'ASOCIACION CULTURAL LA GUAJIRA', 'std_venue': 'La Guajira', 'start_date': '2026-03-22', 'start_time': '12:00:00', 'end_date': '__NOT_DEFINIED__', 'end_time': '__NOT_DEFINIED__', 'description': 'Esta sexta Sinergia Solidaria la celebramos con la Asociación NOESSO, una entidad que acompaña a personas y familias en momentos de especial vulnerabilidad, trabajando en áreas como adicciones, menores e inserción sociolaboral.En esta edición, nos convoca una pregunta urgente y contemporánea: qué hacemos con las mentiras que se convierten en violencia. Bajo el título «Mejor sin mentiras. Hablamos de personas migrantes», dedicaremos la jornada a la reflexión y la sensibilización en torno al discurso de odio: mensajes que deslegitiman, estigmatizan o excluyen a personas y colectivos por su origen, identidad cultural o situación migratoria.Contaremos con la intervención de Fernando Plaza, delegado en Almería de la Asociación Pro Derechos Humanos de Andalucía, para situar el debate con rigor y derechos humanos. También habrá una actuación musical de Alba Sorroche & Damián Sánchez, que pone cuerpo y emoción a lo que a veces no sabemos nombrar.Viviremos un taller de Teatro del Oprimido con dos actos de la obra «Moscas en el paraíso», dirigida por Adán Torres, y cerraremos la jornada con la música en directo de Loudly.El despliegue de actividades aquí:12.00 a 12.30 | Recepción y bienvenidaApertura del evento por parte de la Asociación NOESSOPresentación del Proyecto ReTo por parte de La Guajira12.30 a 13.00 | Charla sobre discurso de odio: «Mejor sin mentiras. Hablamos de personas migrantes», con Fernando Plaza.13.00 a 14.00 | Actuación Alba Sorroche y Damián Sánchez14.00 a 16.00 | Sesión DJ16.00 a 17.00 | Taller de Teatro del Oprimido17.00 a 18.00 | Concierto Loudly18.00 | Despedida y cierreLa entrada tiene un coste de 10€ en beneficio de la Asociación NOESSO.', 'others': {}, 'source': 'Entradium', 'exec_time': '20260301T114531', 'session': '2026_03_01_11_33_Domingo', 'image': 'https://d2il8hfach02z9.cloudfront.net/uploads/event/poster/86bb036fcc3652c126d02189e639f2891f2322fd/event_m_sinergia_solidaria_vertical.png?v=1772095678', 'url': 'https://entradium.com/es/events/sinergia-solidaria-noesso-en-la-guajira-almeria'}
2 / 3
Getting https://entradium.com/es/events/stand-up-comedy-artenvacio-kikin-fernandez
Sleep 4
['6.03.2026', '19:00']
--------------------
{'id': '50a4cf66', 'show': 1, 'in_city': 1, 'one_day': 1, 'wrong_date_time': 0, 'event': 'Kikin Fernandez', 'slug': 'kikin-fernandez', 'category': '__NOT_DEFINIED__', 'id_venue': '9B7gDFP7', 'venue': 'Sala Stand Up Artenvacio', 'std_venue': 'Sala Artenvacio', 'start_date': '2026-03-06', 'start_time': '19:00:00', 'end_date': '__NOT_DEFINIED__', 'end_time': '__NOT_DEFINIED__', 'description': 'STAND UP COMEDY ARTENVACIO - KIKIN FERNANDEZ“Kikín Fernández es un cómico con un pasado muy prometedor. Casi 30 años de escenarios han dado para mucho. Paramount Comedy, Comedy Central, Teatro, televisión y cine. El mismísimo Broncano confesó tenerlo entre sus cómicos favoritos. Ahora Kikín escribe para otros cómicos y dirige espectáculos de comedia que se estrenan en la Gran vía Madrileña.Pero a Kikín le gusta actuar en sitios pequeños. Y si puede ser en Almería, mejor.“BUENOPOSYASTA” es una expresión que sirve para casi todo, para hablar de lo que te da la gana y para no escuchar lo que no te apetece. Lo importante es reírse.Apertura de puertas a las: 18:30 h Espectáculo a las: 19:00 h Entradas en Entradium: 10€ Entradas en puerta: 12€', 'others': {}, 'source': 'Entradium', 'exec_time': '20260301T114531', 'session': '2026_03_01_11_33_Domingo', 'image': 'https://d2il8hfach02z9.cloudfront.net/uploads/event/poster/0bec0d8b5a459c9a3a446e7422b20a2f099067c2/event_m_dj_flyer_-_Hecho_con_PosterMyWall.jpg?v=1772097436', 'url': 'https://entradium.com/es/events/stand-up-comedy-artenvacio-kikin-fernandez'}
****************************
Saving 3 new events
Saving in  /home/ubuntu/data_storage/Almeria/2026_03_01_11_33_Domingo/0_raw/20260301_1145_Entradium.json
Saving 3 master url
Appending to  /home/ubuntu/data_storage/Almeria/00_master/master_url.json
