
RUNNING VARS → 
        CITY=Almeria, 

        OPERATION=0,
            CREATE_SESSION=0,
            CLOSE_SESSION=0,
            SESSION=None,
            IMAGES=0,
            GET_SCRAPERS=

        SCRAPER=AlmeriaCiudad
        DAG_RUN_URL=/dags/FisgonTaskSelenium/log?remoteNode=local&step=tarea_1&dagRunId=019cd4ff-c6e0-766f-958e-33fefa7d0e22

Running for Almeria: AlmeriaCiudad
AlmeriaCiudad
RUNNING SESSION =  2026_03_09_23_45_Lunes
Starting WebDriver...
http://localhost:4444/wd/hub
sleeping 5
Getting content
page = 0 -----------https://almeriaciudad.es/cultura/agenda?page=0--------------- len 12
sleeping 5
Getting content
page = 1 -----------https://almeriaciudad.es/cultura/agenda?page=1--------------- len 12
sleeping 5
Getting content
page = 2 -----------https://almeriaciudad.es/cultura/agenda?page=2--------------- len 10
sleeping 5
Getting content
page = 3 -----------https://almeriaciudad.es/cultura/agenda?page=3--------------- len 0
*** SCRAPED 34 URLS WITH EVENTS **
New url events = 0
#######################
No new urls/events extracted. No new events to save
#######################
