
RUNNING VARS → 
        CITY=Almeria, 

        OPERATION=0,
            CREATE_SESSION=0,
            SESSION=None,
            IMAGES=0,

        SCRAPER=ClassicJazz
        DAG_RUN_URL=/dags/FisgonTask?dagRunId=019c22d2-9cdd-79a6-97ce-38c72c47182b

Running for Almeria: ClassicJazz
ClassicJazz
RUNNING SESSION =  2026_02_02_15_32_Lunes
Starting WebDriver...
http://localhost:4444/wd/hub
*********************times =1
sleeping 7
Scrolling...
sleeping 1
Scrolling...
sleeping 1
Getting content
clicking
sleeping 3
sleeping 7
*********************times =2
sleeping 7
Scrolling...
sleeping 1
Getting content
clicking
sleeping 3
sleeping 7
*** SCRAPED 118 URLS WITH EVENTS **
New url events = 0
#######################
No new urls/events extracted. No new events to save
#######################
***===*** SCRAPER DONE, RESTARTING SELENIUM ***===***
selenium
