
RUNNING VARS → 
        CITY=Almeria, 

        OPERATION=0,
            CREATE_SESSION=0,
            CLOSE_SESSION=0,
            SESSION=None,
            IMAGES=0,
            GET_SCRAPERS=

        SCRAPER=JuntaAndaluciaAgenda
        DAG_RUN_URL=/dags/FisgonTaskSelenium/log?remoteNode=local&step=tarea_1&dagRunId=019d152e-bc5d-7c39-b2ac-77661240561f

Running for Almeria: JuntaAndaluciaAgenda
JuntaAndaluciaAgenda
RUNNING SESSION =  2026_03_22_10_51_Domingo
Starting WebDriver...
http://localhost:4444/wd/hub
******
css selector
.view-display-id-page_search_activities > ul:nth-child(3) > li:nth-child(1) > a:nth-child(1)
clicking
sleeping 3
Scrolling...
sleeping 1
sleeping 7
******
css selector
.view-display-id-page_search_activities > ul:nth-child(3) > li:nth-child(1) > a:nth-child(1)
clicking
sleeping 3
Scrolling...
sleeping 1
