
RUNNING VARS → 
        CITY=Almeria, 

        OPERATION=0,
            CREATE_SESSION=0,
            CLOSE_SESSION=0,
            SESSION=None,
            IMAGES=0,
            GET_SCRAPERS=

        SCRAPER=BibliotecaAgenda
        DAG_RUN_URL=/dags/FisgonTaskRequest/log?remoteNode=local&step=tarea_1&dagRunId=019ca92e-6438-72ca-ad24-a183e21d63ae

Running for Almeria: BibliotecaAgenda
BibliotecaAgenda
RUNNING SESSION =  2026_03_01_11_33_Domingo
*** SCRAPED 31 URLS WITH EVENTS **
New url events = 31
0 / 31
Getting https://www.bibliotecasdeandalucia.es/web/biblioteca-del-estado-publica-provincial-de-almeria/actividades/agenda?p_p_id=eventosportlet_WAR_culturaportlet_INSTANCE_rPywOIojLvBh&p_p_lifecycle=0&p_p_state=normal&p_p_mode=view&p_p_col_id=column-1&p_p_col_pos=1&p_p_col_count=2&date=15/03/26&action=showDay
Sleep 1
1 / 31
Getting https://www.bibliotecasdeandalucia.es/web/biblioteca-del-estado-publica-provincial-de-almeria/actividades/agenda?p_p_id=eventosportlet_WAR_culturaportlet_INSTANCE_rPywOIojLvBh&p_p_lifecycle=0&p_p_state=normal&p_p_mode=view&p_p_col_id=column-1&p_p_col_pos=1&p_p_col_count=2&date=24/03/26&action=showDay
Sleep 1
2 / 31
Getting https://www.bibliotecasdeandalucia.es/web/biblioteca-del-estado-publica-provincial-de-almeria/actividades/agenda?p_p_id=eventosportlet_WAR_culturaportlet_INSTANCE_rPywOIojLvBh&p_p_lifecycle=0&p_p_state=normal&p_p_mode=view&p_p_col_id=column-1&p_p_col_pos=1&p_p_col_count=2&date=12/03/26&action=showDay
Sleep 1
3 / 31
Getting https://www.bibliotecasdeandalucia.es/web/biblioteca-del-estado-publica-provincial-de-almeria/actividades/agenda?p_p_id=eventosportlet_WAR_culturaportlet_INSTANCE_rPywOIojLvBh&p_p_lifecycle=0&p_p_state=normal&p_p_mode=view&p_p_col_id=column-1&p_p_col_pos=1&p_p_col_count=2&date=05/03/26&action=showDay
Sleep 1
--------------------
{'id': '90f0e9aa', 'show': 1, 'in_city': 1, 'one_day': 1, 'wrong_date_time': 0, 'event': 'Crece Con La Villaespesa. Encuentro Con Helena Moreno Padilla Con Su Obra "Más Allá De La Muralla"', 'slug': 'crece-con-la-villaespesa-encuentro-con-helena-moreno-padilla-con-su-obra-mas-all', 'category': '__NOT_DEFINIED__', 'id_venue': 'TjmFnJdD', 'venue': 'Biblioteca Publica Provincial Francisco Villaespesa', 'std_venue': 'Biblioteca Pública Francisco Villaespesa', 'start_date': '2026-03-05', 'start_time': '11:00:00', 'end_date': '2026-03-05', 'end_time': '__NOT_DEFINIED__', 'description': 'Crece con la Villaespesa. Encuentro con Helena Moreno Padilla con su obra "Más allá de la muralla". La joven escritora almeriense Helena Moreno Padilla ha ganado el XX Premio Jordi Sierra i Fabra para jóvenes de la editorial SM con una obra de fantasía "Más allá de la muralla", una historia de aventuras mitológicas. Helena ha escrito varias novelas y relatos. Es una notable dibujante. En su futuro se ve como ilustradora, escritora y cineasta. Jueves 5 de marzo11:00h. Salón de actos. Actividad concertada con centros educativos.', 'others': {'duration': '__NOT_DEFINIED__'}, 'source': 'BibliotecaAgenda', 'exec_time': '20260301T113516', 'session': '2026_03_01_11_33_Domingo', 'image': 'https://www.bibliotecasdeandalucia.es/image/journal/article?img_id=501843185&t=1772027002947', 'url': 'https://www.bibliotecasdeandalucia.es/web/biblioteca-del-estado-publica-provincial-de-almeria/actividades/agenda?p_p_id=eventosportlet_WAR_culturaportlet_INSTANCE_rPywOIojLvBh&p_p_lifecycle=0&p_p_state=normal&p_p_mode=view&p_p_col_id=column-1&p_p_col_pos=1&p_p_col_count=2&date=05/03/26&action=showDay'}
--------------------
{'id': '1cce3504', 'show': 1, 'in_city': 1, 'one_day': 1, 'wrong_date_time': 0, 'event': 'Celebración Del Certamen De Carnaval De Los Centros De Participación Activa De Almería', 'slug': 'celebracion-del-certamen-de-carnaval-de-los-centros-de-participacion-activa-de-a', 'category': '__NOT_DEFINIED__', 'id_venue': 'TjmFnJdD', 'venue': 'Biblioteca Publica Provincial Francisco Villaespesa', 'std_venue': 'Biblioteca Pública Francisco Villaespesa', 'start_date': '2026-03-05', 'start_time': '17:00:00', 'end_date': '2026-03-05', 'end_time': '__NOT_DEFINIED__', 'description': 'Celebración del Certamen de Carnaval de los Centros de Participación Activa de Almería. La actividad se desarrollará en formato de certamen, con un orden de actuación establecido para las comparsas participantes. Cada comparsa interpretará tres temas de su repertorio de Carnaval, actuando por turnos. El acto contará con una presentación inicial, en la que se dará la bienvenida al público y se explicará el desarrollo del certamen. El encuentro tendrá un carácter festivo, participativo y convivencial, dirigido a las personas socias de los CPAs. Jueves 5 de marzo17:00h. Salón de actos. Entrada con invitación del CPA (600147259).', 'others': {'duration': '__NOT_DEFINIED__'}, 'source': 'BibliotecaAgenda', 'exec_time': '20260301T113516', 'session': '2026_03_01_11_33_Domingo', 'image': 'https://www.bibliotecasdeandalucia.es/image/journal/article?img_id=502117284&t=1772092095861', 'url': 'https://www.bibliotecasdeandalucia.es/web/biblioteca-del-estado-publica-provincial-de-almeria/actividades/agenda?p_p_id=eventosportlet_WAR_culturaportlet_INSTANCE_rPywOIojLvBh&p_p_lifecycle=0&p_p_state=normal&p_p_mode=view&p_p_col_id=column-1&p_p_col_pos=1&p_p_col_count=2&date=05/03/26&action=showDay'}
4 / 31
Getting https://www.bibliotecasdeandalucia.es/web/biblioteca-del-estado-publica-provincial-de-almeria/actividades/agenda?p_p_id=eventosportlet_WAR_culturaportlet_INSTANCE_rPywOIojLvBh&p_p_lifecycle=0&p_p_state=normal&p_p_mode=view&p_p_col_id=column-1&p_p_col_pos=1&p_p_col_count=2&date=26/03/26&action=showDay
Sleep 1
5 / 31
Getting https://www.bibliotecasdeandalucia.es/web/biblioteca-del-estado-publica-provincial-de-almeria/actividades/agenda?p_p_id=eventosportlet_WAR_culturaportlet_INSTANCE_rPywOIojLvBh&p_p_lifecycle=0&p_p_state=normal&p_p_mode=view&p_p_col_id=column-1&p_p_col_pos=1&p_p_col_count=2&date=22/03/26&action=showDay
Sleep 1
6 / 31
Getting https://www.bibliotecasdeandalucia.es/web/biblioteca-del-estado-publica-provincial-de-almeria/actividades/agenda?p_p_id=eventosportlet_WAR_culturaportlet_INSTANCE_rPywOIojLvBh&p_p_lifecycle=0&p_p_state=normal&p_p_mode=view&p_p_col_id=column-1&p_p_col_pos=1&p_p_col_count=2&date=23/03/26&action=showDay
Sleep 1
--------------------
{'id': '1aec1bcc', 'show': 1, 'in_city': 1, 'one_day': 1, 'wrong_date_time': 0, 'event': 'Película "La Mitad De Óscar". Filmoteca De Andalucía', 'slug': 'pelicula-la-mitad-de-oscar-filmoteca-de-andalucia', 'category': '__NOT_DEFINIED__', 'id_venue': 'TjmFnJdD', 'venue': 'Biblioteca Publica Provincial Francisco Villaespesa', 'std_venue': 'Biblioteca Pública Francisco Villaespesa', 'start_date': '2026-03-23', 'start_time': '19:00:00', 'end_date': '2026-03-23', 'end_time': '__NOT_DEFINIED__', 'description': 'Proyección de la película "La mitad de Óscar", de Manuel Martín Cuenca.Óscar es guardia de seguridad en una salina. Tiene treinta años, vive solo y su existencia no pude ser más gris y monótona. Cada día, cuando termina su turno, vuelve a casa y lo primero que hace es mirar el buzón, pero nunca llega la carta que espera. Un día la rutina se rompe: Óscar va a la residencia de ancianos donde vive su abuelo, enfermo de Alzheimer, y resulta que ha sido trasladado al hospital. Cuando la directora le anuncia que han avisado a su hermana, se queda petrificado porque hace dos años que no sabe nada de ella.Duración: 82 min.País: EspañaDirección: Manuel Martín Cuenca', 'others': {'duration': '82'}, 'source': 'BibliotecaAgenda', 'exec_time': '20260301T113516', 'session': '2026_03_01_11_33_Domingo', 'image': '__NOT_FOUND__', 'url': 'https://www.bibliotecasdeandalucia.es/web/biblioteca-del-estado-publica-provincial-de-almeria/actividades/agenda?p_p_id=eventosportlet_WAR_culturaportlet_INSTANCE_rPywOIojLvBh&p_p_lifecycle=0&p_p_state=normal&p_p_mode=view&p_p_col_id=column-1&p_p_col_pos=1&p_p_col_count=2&date=23/03/26&action=showDay'}
7 / 31
Getting https://www.bibliotecasdeandalucia.es/web/biblioteca-del-estado-publica-provincial-de-almeria/actividades/agenda?p_p_id=eventosportlet_WAR_culturaportlet_INSTANCE_rPywOIojLvBh&p_p_lifecycle=0&p_p_state=normal&p_p_mode=view&p_p_col_id=column-1&p_p_col_pos=1&p_p_col_count=2&date=08/03/26&action=showDay
Sleep 1
8 / 31
Getting https://www.bibliotecasdeandalucia.es/web/biblioteca-del-estado-publica-provincial-de-almeria/actividades/agenda?p_p_id=eventosportlet_WAR_culturaportlet_INSTANCE_rPywOIojLvBh&p_p_lifecycle=0&p_p_state=normal&p_p_mode=view&p_p_col_id=column-1&p_p_col_pos=1&p_p_col_count=2&date=10/03/26&action=showDay
Sleep 1
9 / 31
Getting https://www.bibliotecasdeandalucia.es/web/biblioteca-del-estado-publica-provincial-de-almeria/actividades/agenda?p_p_id=eventosportlet_WAR_culturaportlet_INSTANCE_rPywOIojLvBh&p_p_lifecycle=0&p_p_state=normal&p_p_mode=view&p_p_col_id=column-1&p_p_col_pos=1&p_p_col_count=2&date=17/03/26&action=showDay
Sleep 1
10 / 31
Getting https://www.bibliotecasdeandalucia.es/web/biblioteca-del-estado-publica-provincial-de-almeria/actividades/agenda?p_p_id=eventosportlet_WAR_culturaportlet_INSTANCE_rPywOIojLvBh&p_p_lifecycle=0&p_p_state=normal&p_p_mode=view&p_p_col_id=column-1&p_p_col_pos=1&p_p_col_count=2&date=07/03/26&action=showDay
Sleep 1
11 / 31
Getting https://www.bibliotecasdeandalucia.es/web/biblioteca-del-estado-publica-provincial-de-almeria/actividades/agenda?p_p_id=eventosportlet_WAR_culturaportlet_INSTANCE_rPywOIojLvBh&p_p_lifecycle=0&p_p_state=normal&p_p_mode=view&p_p_col_id=column-1&p_p_col_pos=1&p_p_col_count=2&date=02/03/26&action=showDay
Sleep 1
--------------------
{'id': '907b9a16', 'show': 1, 'in_city': 1, 'one_day': 1, 'wrong_date_time': 0, 'event': 'Película "Un Mundo Perfecto". Filmoteca De Andalucía', 'slug': 'pelicula-un-mundo-perfecto-filmoteca-de-andalucia', 'category': '__NOT_DEFINIED__', 'id_venue': 'TjmFnJdD', 'venue': 'Biblioteca Publica Provincial Francisco Villaespesa', 'std_venue': 'Biblioteca Pública Francisco Villaespesa', 'start_date': '2026-03-02', 'start_time': '19:00:00', 'end_date': '2026-03-02', 'end_time': '__NOT_DEFINIED__', 'description': 'Proyección de la película "Un mundo perfecto", de Clint Eastwood.Texas, año 1963. Butch Haynes (Kevin Costner) es un peligroso e inteligente asesino que se ha escapado de la cárcel en compañía de otro preso. Durante la huida ambos se ven obligados a tomar como rehén al joven Philip (T.J. Lowther), un niño de ocho años que vive con su devota madre, Testigo de Jehová, y sus dos hermanas. El Ranger Red Garnett (Clint Eastwood) y una criminóloga (Laura Dern) irán sobre la pista de los fugados, al tiempo que el secuestro adquiere para el niño cada vez más el carácter de una aventura.Duración: 138 min.País: Estados UnidosDirección: Clint Eastwood', 'others': {'duration': '138'}, 'source': 'BibliotecaAgenda', 'exec_time': '20260301T113516', 'session': '2026_03_01_11_33_Domingo', 'image': '__NOT_FOUND__', 'url': 'https://www.bibliotecasdeandalucia.es/web/biblioteca-del-estado-publica-provincial-de-almeria/actividades/agenda?p_p_id=eventosportlet_WAR_culturaportlet_INSTANCE_rPywOIojLvBh&p_p_lifecycle=0&p_p_state=normal&p_p_mode=view&p_p_col_id=column-1&p_p_col_pos=1&p_p_col_count=2&date=02/03/26&action=showDay'}
12 / 31
Getting https://www.bibliotecasdeandalucia.es/web/biblioteca-del-estado-publica-provincial-de-almeria/actividades/agenda?p_p_id=eventosportlet_WAR_culturaportlet_INSTANCE_rPywOIojLvBh&p_p_lifecycle=0&p_p_state=normal&p_p_mode=view&p_p_col_id=column-1&p_p_col_pos=1&p_p_col_count=2&date=03/03/26&action=showDay
Sleep 1
--------------------
{'id': 'dbe5f12d', 'show': 1, 'in_city': 1, 'one_day': 1, 'wrong_date_time': 0, 'event': 'Sesión De Narración Oral "Cuentos Del Mar De Alborán", Con El Árbol De Las Piruletas', 'slug': 'sesion-de-narracion-oral-cuentos-del-mar-de-alboran-con-el-arbol-de-las-piruleta', 'category': '__NOT_DEFINIED__', 'id_venue': 'TjmFnJdD', 'venue': 'Biblioteca Publica Provincial Francisco Villaespesa', 'std_venue': 'Biblioteca Pública Francisco Villaespesa', 'start_date': '2026-03-03', 'start_time': '10:00:00', 'end_date': '2026-03-03', 'end_time': '__NOT_DEFINIED__', 'description': 'Sesión de narración oral "Cuentos del mar de Alborán", con El árbol de las piruletas. La actividad consiste en una sesión de narración oral donde se utilizarán los cuentos ambientados en los espacios naturales de Almería: El árbol de las piruletas, Un delfín entre las estrellas, Carla y el nido de tortuga boba, Julita, la pirata del mar de Alborán y El Corazón del Gigante. La narración, realizada por el autor de los cuentos, se apoyará en muestras de animales y plantas como caballitos de mar, huevos de tiburón, pelotas de posidonia, erizos y estrellas de mar entre otras. Los cuentos pretenden dar a conocer la biodiversidad más cercana, los espacios protegidos, los problemas ambientales a los que se enfrentan y la importancia del mar de Alborán, que es uno de los grandes puntos calientes de biodiversidad del planeta. Martes 3 de marzo10:00h. Sala de exposiciones.Actividad concertada con centros educativos.', 'others': {'duration': '__NOT_DEFINIED__'}, 'source': 'BibliotecaAgenda', 'exec_time': '20260301T113516', 'session': '2026_03_01_11_33_Domingo', 'image': 'https://www.bibliotecasdeandalucia.es/image/journal/article?img_id=501840976&t=1772026493703', 'url': 'https://www.bibliotecasdeandalucia.es/web/biblioteca-del-estado-publica-provincial-de-almeria/actividades/agenda?p_p_id=eventosportlet_WAR_culturaportlet_INSTANCE_rPywOIojLvBh&p_p_lifecycle=0&p_p_state=normal&p_p_mode=view&p_p_col_id=column-1&p_p_col_pos=1&p_p_col_count=2&date=03/03/26&action=showDay'}
13 / 31
Getting https://www.bibliotecasdeandalucia.es/web/biblioteca-del-estado-publica-provincial-de-almeria/actividades/agenda?p_p_id=eventosportlet_WAR_culturaportlet_INSTANCE_rPywOIojLvBh&p_p_lifecycle=0&p_p_state=normal&p_p_mode=view&p_p_col_id=column-1&p_p_col_pos=1&p_p_col_count=2&date=20/03/26&action=showDay
Sleep 1
--------------------
{'id': 'f3f05578', 'show': 1, 'in_city': 1, 'one_day': 1, 'wrong_date_time': 0, 'event': 'Celebración Del Día Mundial De La Poesía. Crece Con La Villaespesa. "La Fábrica De Rimas", Con María Del Mar Saldaña Asensio', 'slug': 'celebracion-del-dia-mundial-de-la-poesia-crece-con-la-villaespesa-la-fabrica-de', 'category': '__NOT_DEFINIED__', 'id_venue': 'TjmFnJdD', 'venue': 'Biblioteca Publica Provincial Francisco Villaespesa', 'std_venue': 'Biblioteca Pública Francisco Villaespesa', 'start_date': '2026-03-20', 'start_time': '09:30:00', 'end_date': '2026-03-20', 'end_time': '__NOT_DEFINIED__', 'description': 'Celebración del Día Mundial de la Poesía. Crece con la Villaespesa. "La fábrica de rimas", con María del Mar Saldaña Asensio. Aprenderemos poesía de una manera divertida con imágenes y juegos destinados al aprendizaje lúdico, donde se fomentará la lectura poética y se hablará del trabajo del escritor mediante los poemarios "Zoorrimalógico Estrambótico" y "La Fábrica de Disparates". Viernes 20 de marzo9:30h. Sala de exposiciones.Actividad concertada con centros educativos.', 'others': {'duration': '__NOT_DEFINIED__'}, 'source': 'BibliotecaAgenda', 'exec_time': '20260301T113516', 'session': '2026_03_01_11_33_Domingo', 'image': 'https://www.bibliotecasdeandalucia.es/image/journal/article?img_id=502205353&t=1772110965008', 'url': 'https://www.bibliotecasdeandalucia.es/web/biblioteca-del-estado-publica-provincial-de-almeria/actividades/agenda?p_p_id=eventosportlet_WAR_culturaportlet_INSTANCE_rPywOIojLvBh&p_p_lifecycle=0&p_p_state=normal&p_p_mode=view&p_p_col_id=column-1&p_p_col_pos=1&p_p_col_count=2&date=20/03/26&action=showDay'}
--------------------
{'id': 'fbf78242', 'show': 1, 'in_city': 1, 'one_day': 1, 'wrong_date_time': 0, 'event': 'En La Villaespesa Hablamos De IA. Presentación Del Libro: "Inteligencia Artificial: ¿Más Listos O Más Tontos?" De Ramón González Sánchez', 'slug': 'en-la-villaespesa-hablamos-de-ia-presentacion-del-libro-inteligencia-artificial', 'category': '__NOT_DEFINIED__', 'id_venue': 'TjmFnJdD', 'venue': 'Biblioteca Publica Provincial Francisco Villaespesa', 'std_venue': 'Biblioteca Pública Francisco Villaespesa', 'start_date': '2026-03-20', 'start_time': '17:30:00', 'end_date': '2026-03-20', 'end_time': '__NOT_DEFINIED__', 'description': 'En la Villaespesa hablamos de IA. Presentación del libro: "Inteligencia Artificial: ¿Más Listos o Más Tontos?" de Ramón González Sánchez. Ramón González Sánchez presenta su nuevo libro: "Inteligencia Artificial: ¿Más Listos o Más Tontos?" de la editorial Díaz de Santos. Ingeniero Informático y Doctorado en Robótica por la Universidad de Almería, Ramón González Sánchez ha compatibilizado su tarea docente en la Universidad de Almería y en la Universidad de Zaragoza con su faceta investigadora en el Instituto Tecnológico de Massachusetts (MIT) y en proyectos de I+D para agencias como la NASA o la OTAN. Actualmente es el fundador y CEO de Robonity, empresa que nace en 2019 para revolucionar la digitalización de la agricultura. Ramón también es fundador y Director de Tecnología, Producto y Compliance de Mentomy, empresa de inteligencia artificial nacida en 2026 y responsable de una plataforma de IA privada y soberana. Viernes 20 de marzo17:30h. Salón de actos. Entrada libre hasta completar aforo.', 'others': {'duration': '__NOT_DEFINIED__'}, 'source': 'BibliotecaAgenda', 'exec_time': '20260301T113516', 'session': '2026_03_01_11_33_Domingo', 'image': 'https://www.bibliotecasdeandalucia.es/image/journal/article?img_id=502209344&t=1772112014250', 'url': 'https://www.bibliotecasdeandalucia.es/web/biblioteca-del-estado-publica-provincial-de-almeria/actividades/agenda?p_p_id=eventosportlet_WAR_culturaportlet_INSTANCE_rPywOIojLvBh&p_p_lifecycle=0&p_p_state=normal&p_p_mode=view&p_p_col_id=column-1&p_p_col_pos=1&p_p_col_count=2&date=20/03/26&action=showDay'}
14 / 31
Getting https://www.bibliotecasdeandalucia.es/web/biblioteca-del-estado-publica-provincial-de-almeria/actividades/agenda?p_p_id=eventosportlet_WAR_culturaportlet_INSTANCE_rPywOIojLvBh&p_p_lifecycle=0&p_p_state=normal&p_p_mode=view&p_p_col_id=column-1&p_p_col_pos=1&p_p_col_count=2&date=25/03/26&action=showDay
Sleep 1
15 / 31
Getting https://www.bibliotecasdeandalucia.es/web/biblioteca-del-estado-publica-provincial-de-almeria/actividades/agenda?p_p_id=eventosportlet_WAR_culturaportlet_INSTANCE_rPywOIojLvBh&p_p_lifecycle=0&p_p_state=normal&p_p_mode=view&p_p_col_id=column-1&p_p_col_pos=1&p_p_col_count=2&date=01/03/26&action=showDay
Sleep 1
16 / 31
Getting https://www.bibliotecasdeandalucia.es/web/biblioteca-del-estado-publica-provincial-de-almeria/actividades/agenda?p_p_id=eventosportlet_WAR_culturaportlet_INSTANCE_rPywOIojLvBh&p_p_lifecycle=0&p_p_state=normal&p_p_mode=view&p_p_col_id=column-1&p_p_col_pos=1&p_p_col_count=2&date=19/03/26&action=showDay
Sleep 1
17 / 31
Getting https://www.bibliotecasdeandalucia.es/web/biblioteca-del-estado-publica-provincial-de-almeria/actividades/agenda?p_p_id=eventosportlet_WAR_culturaportlet_INSTANCE_rPywOIojLvBh&p_p_lifecycle=0&p_p_state=normal&p_p_mode=view&p_p_col_id=column-1&p_p_col_pos=1&p_p_col_count=2&date=31/03/26&action=showDay
Sleep 1
18 / 31
Getting https://www.bibliotecasdeandalucia.es/web/biblioteca-del-estado-publica-provincial-de-almeria/actividades/agenda?p_p_id=eventosportlet_WAR_culturaportlet_INSTANCE_rPywOIojLvBh&p_p_lifecycle=0&p_p_state=normal&p_p_mode=view&p_p_col_id=column-1&p_p_col_pos=1&p_p_col_count=2&date=14/03/26&action=showDay
Sleep 1
19 / 31
Getting https://www.bibliotecasdeandalucia.es/web/biblioteca-del-estado-publica-provincial-de-almeria/actividades/agenda?p_p_id=eventosportlet_WAR_culturaportlet_INSTANCE_rPywOIojLvBh&p_p_lifecycle=0&p_p_state=normal&p_p_mode=view&p_p_col_id=column-1&p_p_col_pos=1&p_p_col_count=2&date=09/03/26&action=showDay
Sleep 1
--------------------
{'id': 'aeab7d35', 'show': 1, 'in_city': 1, 'one_day': 1, 'wrong_date_time': 0, 'event': 'Sesión De Narración Oral "Cuentos Del Mar De Alborán", Con El Árbol De Las Piruletas', 'slug': 'sesion-de-narracion-oral-cuentos-del-mar-de-alboran-con-el-arbol-de-las-piruleta', 'category': '__NOT_DEFINIED__', 'id_venue': 'TjmFnJdD', 'venue': 'Biblioteca Publica Provincial Francisco Villaespesa', 'std_venue': 'Biblioteca Pública Francisco Villaespesa', 'start_date': '2026-03-09', 'start_time': '10:00:00', 'end_date': '2026-03-09', 'end_time': '__NOT_DEFINIED__', 'description': 'Sesión de narración oral "Cuentos del mar de Alborán", con El árbol de las piruletas. La actividad consiste en una sesión de narración oral donde se utilizarán los cuentos ambientados en los espacios naturales de Almería: El árbol de las piruletas, Un delfín entre las estrellas, Carla y el nido de tortuga boba, Julita, la pirata del mar de Alborán y El Corazón del Gigante. La narración, realizada por el autor de los cuentos, se apoyará en muestras de animales y plantas como caballitos de mar, huevos de tiburón, pelotas de posidonia, erizos y estrellas de mar entre otras. Los cuentos pretenden dar a conocer la biodiversidad más cercana, los espacios protegidos, los problemas ambientales a los que se enfrentan y la importancia del mar de Alborán, que es uno de los grandes puntos calientes de biodiversidad del planeta. Lunes 9 de marzo10:00h. Sala de exposiciones.Actividad concertada con centros educativos.', 'others': {'duration': '__NOT_DEFINIED__'}, 'source': 'BibliotecaAgenda', 'exec_time': '20260301T113516', 'session': '2026_03_01_11_33_Domingo', 'image': 'https://www.bibliotecasdeandalucia.es/image/journal/article?img_id=502119117&t=1772092457556', 'url': 'https://www.bibliotecasdeandalucia.es/web/biblioteca-del-estado-publica-provincial-de-almeria/actividades/agenda?p_p_id=eventosportlet_WAR_culturaportlet_INSTANCE_rPywOIojLvBh&p_p_lifecycle=0&p_p_state=normal&p_p_mode=view&p_p_col_id=column-1&p_p_col_pos=1&p_p_col_count=2&date=09/03/26&action=showDay'}
--------------------
{'id': 'b5fe616a', 'show': 1, 'in_city': 1, 'one_day': 1, 'wrong_date_time': 0, 'event': 'Película "La Petición". Filmoteca De Andalucía', 'slug': 'pelicula-la-peticion-filmoteca-de-andalucia', 'category': '__NOT_DEFINIED__', 'id_venue': 'TjmFnJdD', 'venue': 'Biblioteca Publica Provincial Francisco Villaespesa', 'std_venue': 'Biblioteca Pública Francisco Villaespesa', 'start_date': '2026-03-09', 'start_time': '19:00:00', 'end_date': '2026-03-09', 'end_time': '__NOT_DEFINIED__', 'description': 'Proyección de la película ¿La petición¿, de Pilar Miró.Año 1900. Teresa, hija única de una acomodada familia del norte de España, solo piensa en sí misma. Ya desde niña, lograba disimular sus pequeñas maldades y conseguía que otros pagasen por ellas. Cuando Miguel, su amante secreto, muere accidentalmente en sus brazos, Teresa recurre a Julián, su mudo y obediente vecino, enamorado de ella desde siempre. Este se compromete a sacar el cuerpo de la habitación bajo la promesa de su amor. Sin embargo, Mauricio, un joven aristócrata, pide la mano de la muchacha y Teresa matará para conservar su armonía social. Sus secretos y sus víctimas permanecerán hundidos en el fondo del lago.Duración: 92 min.País: EspañaDirección: Pilar Miró', 'others': {'duration': '92'}, 'source': 'BibliotecaAgenda', 'exec_time': '20260301T113516', 'session': '2026_03_01_11_33_Domingo', 'image': '__NOT_FOUND__', 'url': 'https://www.bibliotecasdeandalucia.es/web/biblioteca-del-estado-publica-provincial-de-almeria/actividades/agenda?p_p_id=eventosportlet_WAR_culturaportlet_INSTANCE_rPywOIojLvBh&p_p_lifecycle=0&p_p_state=normal&p_p_mode=view&p_p_col_id=column-1&p_p_col_pos=1&p_p_col_count=2&date=09/03/26&action=showDay'}
20 / 31
Getting https://www.bibliotecasdeandalucia.es/web/biblioteca-del-estado-publica-provincial-de-almeria/actividades/agenda?p_p_id=eventosportlet_WAR_culturaportlet_INSTANCE_rPywOIojLvBh&p_p_lifecycle=0&p_p_state=normal&p_p_mode=view&p_p_col_id=column-1&p_p_col_pos=1&p_p_col_count=2&date=18/03/26&action=showDay
Sleep 1
--------------------
{'id': 'd54fbe79', 'show': 1, 'in_city': 1, 'one_day': 1, 'wrong_date_time': 0, 'event': 'Encuentro Con El Escritor Francisco Morales Lomas Con Motivo De La Publicación De Su Libro "Un Siglo Llamado Invierno", Centro Andaluz De Las Letras', 'slug': 'encuentro-con-el-escritor-francisco-morales-lomas-con-motivo-de-la-publicacion-d', 'category': '__NOT_DEFINIED__', 'id_venue': 'TjmFnJdD', 'venue': 'Biblioteca Publica Provincial Francisco Villaespesa', 'std_venue': 'Biblioteca Pública Francisco Villaespesa', 'start_date': '2026-03-18', 'start_time': '19:00:00', 'end_date': '2026-03-18', 'end_time': '__NOT_DEFINIED__', 'description': 'Encuentro con el escritor Francisco Morales Lomas con motivo de la publicación de su libro "Un siglo llamado invierno", Centro Andaluz de las Letras El Centro Andaluz de las Letras organiza en Almería un encuentro con el escritor Francisco Morales Lomas con motivo de la publicación de su libro Un siglo llamado invierno (Ed. Esdrújula). Francisco Morales Lomas, prolífico escritor de diversos géneros y presidente de honor de la Asociación Andaluza de Escritores y Críticos literarios, conversará con el profesor e investigador de la UAL José Vallés Calatrava, sobre la historia de amor entre dos grandes personajes del siglo XX: la filósofa judía Hannah Arendt y su maestro el filósofo nazi Martin Heidegger. Miércoles 18 de marzo19:00h. Salón de actos. Entrada libre hasta completar aforo.', 'others': {'duration': '__NOT_DEFINIED__'}, 'source': 'BibliotecaAgenda', 'exec_time': '20260301T113516', 'session': '2026_03_01_11_33_Domingo', 'image': '__NOT_FOUND__', 'url': 'https://www.bibliotecasdeandalucia.es/web/biblioteca-del-estado-publica-provincial-de-almeria/actividades/agenda?p_p_id=eventosportlet_WAR_culturaportlet_INSTANCE_rPywOIojLvBh&p_p_lifecycle=0&p_p_state=normal&p_p_mode=view&p_p_col_id=column-1&p_p_col_pos=1&p_p_col_count=2&date=18/03/26&action=showDay'}
21 / 31
Getting https://www.bibliotecasdeandalucia.es/web/biblioteca-del-estado-publica-provincial-de-almeria/actividades/agenda?p_p_id=eventosportlet_WAR_culturaportlet_INSTANCE_rPywOIojLvBh&p_p_lifecycle=0&p_p_state=normal&p_p_mode=view&p_p_col_id=column-1&p_p_col_pos=1&p_p_col_count=2&date=29/03/26&action=showDay
Sleep 1
22 / 31
Getting https://www.bibliotecasdeandalucia.es/web/biblioteca-del-estado-publica-provincial-de-almeria/actividades/agenda?p_p_id=eventosportlet_WAR_culturaportlet_INSTANCE_rPywOIojLvBh&p_p_lifecycle=0&p_p_state=normal&p_p_mode=view&p_p_col_id=column-1&p_p_col_pos=1&p_p_col_count=2&date=28/03/26&action=showDay
Sleep 1
23 / 31
Getting https://www.bibliotecasdeandalucia.es/web/biblioteca-del-estado-publica-provincial-de-almeria/actividades/agenda?p_p_id=eventosportlet_WAR_culturaportlet_INSTANCE_rPywOIojLvBh&p_p_lifecycle=0&p_p_state=normal&p_p_mode=view&p_p_col_id=column-1&p_p_col_pos=1&p_p_col_count=2&date=27/03/26&action=showDay
Sleep 1
24 / 31
Getting https://www.bibliotecasdeandalucia.es/web/biblioteca-del-estado-publica-provincial-de-almeria/actividades/agenda?p_p_id=eventosportlet_WAR_culturaportlet_INSTANCE_rPywOIojLvBh&p_p_lifecycle=0&p_p_state=normal&p_p_mode=view&p_p_col_id=column-1&p_p_col_pos=1&p_p_col_count=2&date=13/03/26&action=showDay
Sleep 1
--------------------
{'id': 'c56be653', 'show': 1, 'in_city': 1, 'one_day': 1, 'wrong_date_time': 0, 'event': 'Crece Con La Villaespesa. Taller "Las Constelaciones Como Cuaderno Vital", Con Aulasputnik', 'slug': 'crece-con-la-villaespesa-taller-las-constelaciones-como-cuaderno-vital-con-aulas', 'category': '__NOT_DEFINIED__', 'id_venue': 'TjmFnJdD', 'venue': 'Biblioteca Publica Provincial Francisco Villaespesa', 'std_venue': 'Biblioteca Pública Francisco Villaespesa', 'start_date': '2026-03-13', 'start_time': '09:30:00', 'end_date': '2026-03-13', 'end_time': '__NOT_DEFINIED__', 'description': 'Crece con la Villaespesa. Taller "Las constelaciones como cuaderno vital", con Aulasputnik El objetivo principal de esta actividad es entender que el cielo nocturno ha jugado y juega un papel clave en la vida humana, tanto para la comprensión del paso del tiempo, la organización de la actividad agrícola y la transmisión de conocimiento. Dependiendo del ciclo en el que se efectúe este taller se realizarán dos actividades principales o una. La primera sienta las bases y se centra en la comprensión del cielo nocturno como soporte de transmisión de conocimiento a través de un cuento especialmente preparado para el taller, además de la posterior redacción de una historia propia. La segunda actividad conlleva la identificación de las constelaciones trabajadas y la creación de la suya propia. De este modo, con la combinación de ambas actividades podemos adaptarnos a los requerimientos formativos de cada ciclo al que nos dirigimos. Viernes 13 de marzo9:30h. Sala de exposiciones.Actividad concertada con centros educativos.', 'others': {'duration': '__NOT_DEFINIED__'}, 'source': 'BibliotecaAgenda', 'exec_time': '20260301T113516', 'session': '2026_03_01_11_33_Domingo', 'image': 'https://www.bibliotecasdeandalucia.es/image/journal/article?img_id=502123293&t=1772093196583', 'url': 'https://www.bibliotecasdeandalucia.es/web/biblioteca-del-estado-publica-provincial-de-almeria/actividades/agenda?p_p_id=eventosportlet_WAR_culturaportlet_INSTANCE_rPywOIojLvBh&p_p_lifecycle=0&p_p_state=normal&p_p_mode=view&p_p_col_id=column-1&p_p_col_pos=1&p_p_col_count=2&date=13/03/26&action=showDay'}
--------------------
{'id': '931472da', 'show': 1, 'in_city': 1, 'one_day': 1, 'wrong_date_time': 0, 'event': 'V Ciclo De Lecturas Dramatizadas Dramaturgas a Escena: "Halma", De Yolanda García Serrano', 'slug': 'v-ciclo-de-lecturas-dramatizadas-dramaturgas-a-escena-halma-de-yolanda-garcia-se', 'category': '__NOT_DEFINIED__', 'id_venue': 'TjmFnJdD', 'venue': 'Biblioteca Publica Provincial Francisco Villaespesa', 'std_venue': 'Biblioteca Pública Francisco Villaespesa', 'start_date': '2026-03-13', 'start_time': '19:00:00', 'end_date': '2026-03-13', 'end_time': '__NOT_DEFINIED__', 'description': 'V Ciclo de Lecturas Dramatizadas Dramaturgas a Escena: "Halma", de Yolanda García Serrano Halma transcurre en 1938, cuando la prestigiosa autora Halma Angélico acaba de estrenar "Ak y la humanidad", con gran éxito de público y crítica. Hasta sus propios colegas de la CNT la acusan de contrarrevolucionaria y estúpida por defender la educación y la cultura en tiempos de guerra. Son tantas las presiones, que ella misma se plantea retirar la obra del Teatro Español. Y así se lo cuenta al protagonista y director de su obra. El enfrentamiento dialéctico entre los dos constituye la base de Halma. Dirección: Ascensión Rodríguez.Interpretación: Paco Cañizares y Ascensión Rodríguez.Coloquio al terminar la lectura con la intervención de Yolanda García Serrano. Viernes 13 de marzo19:00 h., Salón de actosEntrada libre hasta completar aforo.', 'others': {'duration': '__NOT_DEFINIED__'}, 'source': 'BibliotecaAgenda', 'exec_time': '20260301T113516', 'session': '2026_03_01_11_33_Domingo', 'image': 'https://www.bibliotecasdeandalucia.es/image/journal/article?img_id=502128596&t=1772094274396', 'url': 'https://www.bibliotecasdeandalucia.es/web/biblioteca-del-estado-publica-provincial-de-almeria/actividades/agenda?p_p_id=eventosportlet_WAR_culturaportlet_INSTANCE_rPywOIojLvBh&p_p_lifecycle=0&p_p_state=normal&p_p_mode=view&p_p_col_id=column-1&p_p_col_pos=1&p_p_col_count=2&date=13/03/26&action=showDay'}
25 / 31
Getting https://www.bibliotecasdeandalucia.es/web/biblioteca-del-estado-publica-provincial-de-almeria/actividades/agenda?p_p_id=eventosportlet_WAR_culturaportlet_INSTANCE_rPywOIojLvBh&p_p_lifecycle=0&p_p_state=normal&p_p_mode=view&p_p_col_id=column-1&p_p_col_pos=1&p_p_col_count=2&date=06/03/26&action=showDay
Sleep 1
--------------------
{'id': '79f9ce3c', 'show': 1, 'in_city': 1, 'one_day': 1, 'wrong_date_time': 0, 'event': 'Crece Con La Villaespesa. Taller "La Mujer en El Sector Aeroespacial", Con Aulasputnik', 'slug': 'crece-con-la-villaespesa-taller-la-mujer-en-el-sector-aeroespacial-con-aulasputn', 'category': '__NOT_DEFINIED__', 'id_venue': 'TjmFnJdD', 'venue': 'Biblioteca Publica Provincial Francisco Villaespesa', 'std_venue': 'Biblioteca Pública Francisco Villaespesa', 'start_date': '2026-03-06', 'start_time': '09:30:00', 'end_date': '2026-03-06', 'end_time': '__NOT_DEFINIED__', 'description': 'Crece con la Villaespesa. Taller "La mujer en el sector aeroespacial", con Aulasputnik El objetivo principal de esta actividad es reflexionar sobre los estereotipos en las profesiones STEM y dar visibilidad a la mujer dentro de la ciencia y la tecnología aeroespacial. El propósito es inspirar y motivar a niñas a seguir sus sueños y acompañar a los niños a romper con sus creencias limitantes y hacerles partícipes de ese mensaje. Se realizarán dos actividades principales en este taller. La primera se centrará en reflexionar y detectar conductas y prejuicios inconscientes sobre el papel de la mujer en el sector aeroespacial. La segunda actividad se propondrá realizar un juego de cartas para conocer la trayectoria y vida profesional de algunas mujeres importantes del sector, y así, crear referentes. Viernes 6 de marzo9:30h. Sala de exposiciones.Actividad concertada con centros educativos.', 'others': {'duration': '__NOT_DEFINIED__'}, 'source': 'BibliotecaAgenda', 'exec_time': '20260301T113516', 'session': '2026_03_01_11_33_Domingo', 'image': 'https://www.bibliotecasdeandalucia.es/image/journal/article?img_id=502118103&t=1772092274020', 'url': 'https://www.bibliotecasdeandalucia.es/web/biblioteca-del-estado-publica-provincial-de-almeria/actividades/agenda?p_p_id=eventosportlet_WAR_culturaportlet_INSTANCE_rPywOIojLvBh&p_p_lifecycle=0&p_p_state=normal&p_p_mode=view&p_p_col_id=column-1&p_p_col_pos=1&p_p_col_count=2&date=06/03/26&action=showDay'}
26 / 31
Getting https://www.bibliotecasdeandalucia.es/web/biblioteca-del-estado-publica-provincial-de-almeria/actividades/agenda?p_p_id=eventosportlet_WAR_culturaportlet_INSTANCE_rPywOIojLvBh&p_p_lifecycle=0&p_p_state=normal&p_p_mode=view&p_p_col_id=column-1&p_p_col_pos=1&p_p_col_count=2&date=21/03/26&action=showDay
Sleep 1
--------------------
{'id': 'a80ff02d', 'show': 1, 'in_city': 1, 'one_day': 1, 'wrong_date_time': 0, 'event': 'Celebración Del Día Mundial De La Poesía Y Del Día Internacional De Los Bosques. "Recuerdos De Un Bosque Interior", Taller Con Tórculo Con Estela Castillo', 'slug': 'celebracion-del-dia-mundial-de-la-poesia-y-del-dia-internacional-de-los-bosques', 'category': '__NOT_DEFINIED__', 'id_venue': 'TjmFnJdD', 'venue': 'Biblioteca Publica Provincial Francisco Villaespesa', 'std_venue': 'Biblioteca Pública Francisco Villaespesa', 'start_date': '2026-03-21', 'start_time': '10:00:00', 'end_date': '2026-03-21', 'end_time': '__NOT_DEFINIED__', 'description': 'Celebración del Día Mundial de la Poesía y del Día Internacional de los Bosques. "Recuerdos de un bosque interior", taller con tórculo con Estela Castillo. Utilizando la técnica de punta seca veremos ejemplos y referencias sobre los resultados que ofrece este tipo de grabado. Trabajaremos los bocetos hasta conseguir una imagen que trasladaremos al acetato y/o brick. Se pasará al proceso de creación de la plancha explicando cómo realizar diferentes trazos con el punzón y como conseguir superficies planas o diferentes texturas combinando el uso del cúter, punzón y lija. Se procederá al entintado y estampación con tarlatana y estampar mediante tórculo. Al final, trataremos de hacer composiciones con varias planchas haciendo pequeños grupos de 3 o 4 personas para crear estampas colectivas. Dirigido a público adulto.Aforo máximo: 15 participantes.Duración: 3:30 horas. Sábado 21 de marzo10:00h. Sala de exposiciones. Inscripción previa. Formulario de inscripción', 'others': {'duration': '__NOT_DEFINIED__'}, 'source': 'BibliotecaAgenda', 'exec_time': '20260301T113516', 'session': '2026_03_01_11_33_Domingo', 'image': 'https://www.bibliotecasdeandalucia.es/image/journal/article?img_id=502210629&t=1772112282745', 'url': 'https://www.bibliotecasdeandalucia.es/web/biblioteca-del-estado-publica-provincial-de-almeria/actividades/agenda?p_p_id=eventosportlet_WAR_culturaportlet_INSTANCE_rPywOIojLvBh&p_p_lifecycle=0&p_p_state=normal&p_p_mode=view&p_p_col_id=column-1&p_p_col_pos=1&p_p_col_count=2&date=21/03/26&action=showDay'}
27 / 31
Getting https://www.bibliotecasdeandalucia.es/web/biblioteca-del-estado-publica-provincial-de-almeria/actividades/agenda?p_p_id=eventosportlet_WAR_culturaportlet_INSTANCE_rPywOIojLvBh&p_p_lifecycle=0&p_p_state=normal&p_p_mode=view&p_p_col_id=column-1&p_p_col_pos=1&p_p_col_count=2&date=16/03/26&action=showDay
Sleep 1
--------------------
{'id': 'e201a9d2', 'show': 1, 'in_city': 1, 'one_day': 1, 'wrong_date_time': 0, 'event': 'Película "Mystic River". Filmoteca De Andalucía', 'slug': 'pelicula-mystic-river-filmoteca-de-andalucia', 'category': '__NOT_DEFINIED__', 'id_venue': 'TjmFnJdD', 'venue': 'Biblioteca Publica Provincial Francisco Villaespesa', 'std_venue': 'Biblioteca Pública Francisco Villaespesa', 'start_date': '2026-03-16', 'start_time': '19:00:00', 'end_date': '2026-03-16', 'end_time': '__NOT_DEFINIED__', 'description': 'Proyección de la película "Mystic River", de Clint Eastwood.Cuando Jimmy Markum (Sean Penn), Dave Boyle (Tim Robbins) y Sean Devine (Kevin Bacon) eran unos niños que crecían juntos en un peligroso barrio obrero de Boston, pasaban los días jugando al hockey en la calle. Pero, un día, a Dave le ocurrió algo que marcó para siempre su vida y la de sus amigos. Veinticinco años más tarde, otra tragedia los vuelve a unir: el asesinato de Katie (Emmy Rossum), la hija de 19 años de Jimmy. A Sean, que es policía, le asignan el caso; pero también tiene que estar muy pendiente de Jimmy porque, en su desesperación, está intentando tomarse la justicia por su mano.Duración: 137 min.País: Estados UnidosDirección: Clint Eastwood', 'others': {'duration': '137'}, 'source': 'BibliotecaAgenda', 'exec_time': '20260301T113516', 'session': '2026_03_01_11_33_Domingo', 'image': '__NOT_FOUND__', 'url': 'https://www.bibliotecasdeandalucia.es/web/biblioteca-del-estado-publica-provincial-de-almeria/actividades/agenda?p_p_id=eventosportlet_WAR_culturaportlet_INSTANCE_rPywOIojLvBh&p_p_lifecycle=0&p_p_state=normal&p_p_mode=view&p_p_col_id=column-1&p_p_col_pos=1&p_p_col_count=2&date=16/03/26&action=showDay'}
28 / 31
Getting https://www.bibliotecasdeandalucia.es/web/biblioteca-del-estado-publica-provincial-de-almeria/actividades/agenda?p_p_id=eventosportlet_WAR_culturaportlet_INSTANCE_rPywOIojLvBh&p_p_lifecycle=0&p_p_state=normal&p_p_mode=view&p_p_col_id=column-1&p_p_col_pos=1&p_p_col_count=2&date=04/03/26&action=showDay
Sleep 1
--------------------
{'id': 'ff6c0688', 'show': 1, 'in_city': 1, 'one_day': 1, 'wrong_date_time': 0, 'event': 'V Ciclo De Lecturas Dramatizadas Dramaturgas a Escena: "Lo Único Que Verdaderamente Quise Toda La Vida Es Ser Delgada", De Esther Carrodeguas', 'slug': 'v-ciclo-de-lecturas-dramatizadas-dramaturgas-a-escena-lo-unico-que-verdaderament', 'category': '__NOT_DEFINIED__', 'id_venue': 'TjmFnJdD', 'venue': 'Biblioteca Publica Provincial Francisco Villaespesa', 'std_venue': 'Biblioteca Pública Francisco Villaespesa', 'start_date': '2026-03-04', 'start_time': '19:00:00', 'end_date': '2026-03-04', 'end_time': '__NOT_DEFINIED__', 'description': 'V Ciclo de Lecturas Dramatizadas Dramaturgas a Escena: "Lo único que verdaderamente quise toda la vida es ser delgada", de Esther Carrodeguas Iniciamos el V Ciclo de Lecturas Dramatizadas Dramaturgas a Escena con la obra "Lo único que verdaderamente quise toda la vida es ser delgada", de Esther Carrodeguas. Con una sinceridad cruda, en este texto de auto[NO]ficción, Carrodeguas aborda la relación con su cuerpo, marcada por la gordofobia que se respira en cualquier pequeña esquinita de esta nuestra apasionante sociedad de la hermosura. Porque por mucho que te escondas, la gordofobia sigue siempre a tu lado. Sobre todo porque está en ti. Dirección e interpretación Eva López.Coloquio al terminar la lectura con la intervención de Esther Carrodeguas. Miércoles 4 de marzo19:00 h., Salón de actosEntrada libre hasta completar aforo.', 'others': {'duration': '__NOT_DEFINIED__'}, 'source': 'BibliotecaAgenda', 'exec_time': '20260301T113516', 'session': '2026_03_01_11_33_Domingo', 'image': 'https://www.bibliotecasdeandalucia.es/image/journal/article?img_id=502113545&t=1772091093628', 'url': 'https://www.bibliotecasdeandalucia.es/web/biblioteca-del-estado-publica-provincial-de-almeria/actividades/agenda?p_p_id=eventosportlet_WAR_culturaportlet_INSTANCE_rPywOIojLvBh&p_p_lifecycle=0&p_p_state=normal&p_p_mode=view&p_p_col_id=column-1&p_p_col_pos=1&p_p_col_count=2&date=04/03/26&action=showDay'}
29 / 31
Getting https://www.bibliotecasdeandalucia.es/web/biblioteca-del-estado-publica-provincial-de-almeria/actividades/agenda?p_p_id=eventosportlet_WAR_culturaportlet_INSTANCE_rPywOIojLvBh&p_p_lifecycle=0&p_p_state=normal&p_p_mode=view&p_p_col_id=column-1&p_p_col_pos=1&p_p_col_count=2&date=11/03/26&action=showDay
Sleep 1
30 / 31
Getting https://www.bibliotecasdeandalucia.es/web/biblioteca-del-estado-publica-provincial-de-almeria/actividades/agenda?p_p_id=eventosportlet_WAR_culturaportlet_INSTANCE_rPywOIojLvBh&p_p_lifecycle=0&p_p_state=normal&p_p_mode=view&p_p_col_id=column-1&p_p_col_pos=1&p_p_col_count=2&date=30/03/26&action=showDay
Sleep 1
****************************
Saving 16 new events
Saving in  /home/ubuntu/data_storage/Almeria/2026_03_01_11_33_Domingo/0_raw/20260301_1135_BibliotecaAgenda.json
Saving 16 master url
Appending to  /home/ubuntu/data_storage/Almeria/00_master/master_url.json
