
RUNNING VARS → 
        CITY=Almeria, 

        OPERATION=0,
            CREATE_SESSION=0,
            CLOSE_SESSION=0,
            SESSION=None,
            IMAGES=0,
            GET_SCRAPERS=

        SCRAPER=ConciertosClub
        DAG_RUN_URL=/dags/FisgonTaskRequest/log?remoteNode=local&step=tarea_1&dagRunId=019d4aed-a2a4-74f7-b45e-793adbda77de

Running for Almeria: ConciertosClub
ConciertosClub
RUNNING SESSION =  2026_04_01_21_21_Miercoles
Getting https://conciertos.club/almeria
Sleep 1
*** SCRAPED 93 URLS WITH EVENTS **
New url events = 0
#######################
No new urls/events extracted. No new events to save
#######################
