
RUNNING VARS → 
        CITY=Almeria, 

        OPERATION=0,
            CREATE_SESSION=0,
            CLOSE_SESSION=0,
            SESSION=None,
            IMAGES=0,
            GET_SCRAPERS=

        SCRAPER=JuntaAndaluciaAgenda
        DAG_RUN_URL=/dags/FisgonTaskSelenium/log?remoteNode=local&step=tarea_1&dagRunId=019ccf78-bc16-7d30-871d-03224ec80954

Running for Almeria: JuntaAndaluciaAgenda
JuntaAndaluciaAgenda
RUNNING SESSION =  2026_03_08_21_58_Domingo
Starting WebDriver...
http://localhost:4444/wd/hub
******
css selector
.view-display-id-page_search_activities > ul:nth-child(3) > li:nth-child(1) > a:nth-child(1)
clicking
sleeping 3
Scrolling...
sleeping 1
sleeping 7
******
css selector
.view-display-id-page_search_activities > ul:nth-child(3) > li:nth-child(1) > a:nth-child(1)
clicking
sleeping 3
Scrolling...
sleeping 1
sleeping 7
******
css selector
.view-display-id-page_search_activities > ul:nth-child(3) > li:nth-child(1) > a:nth-child(1)
clicking
sleeping 3
Scrolling...
sleeping 1
sleeping 7
******
css selector
.view-display-id-page_search_activities > ul:nth-child(3) > li:nth-child(1) > a:nth-child(1)
clicking
sleeping 3
Scrolling...
sleeping 1
sleeping 7
******
css selector
.view-display-id-page_search_activities > ul:nth-child(3) > li:nth-child(1) > a:nth-child(1)
clicking
sleeping 3
Scrolling...
sleeping 1
sleeping 7
******
css selector
.view-display-id-page_search_activities > ul:nth-child(3) > li:nth-child(1) > a:nth-child(1)
.view-display-id-page_search_activities > ul:nth-child(3) > li:nth-child(1) > a:nth-child(1) Not found
Getting content
*** SCRAPED 66 URLS WITH EVENTS **
New url events = 1
0 / 1
Getting https://www.juntadeandalucia.es/cultura/agendaculturaldeandalucia/evento/sesion-de-narracion-oral-cuentos-del-mar-de-alboran-con-el-arbol-de-las-piruletas-0
Sleep 4
--------------------
{'id': '1ee1042a', 'show': 1, 'in_city': 1, 'one_day': 1, 'wrong_date_time': 0, 'event': 'Sesión De Narración Oral "Cuentos Del Mar De Alborán", Con El Árbol De Las Piruletas', 'slug': 'sesion-de-narracion-oral-cuentos-del-mar-de-alboran-con-el-arbol-de-las-piruleta', 'category': '__NOT_DEFINIED__', 'id_venue': 'TjmFnJdD', 'venue': 'Biblioteca Pública del Estado-Biblioteca Provincial de Almería Francisco Villaespesa', 'std_venue': 'Biblioteca Pública Francisco Villaespesa', 'start_date': '2026-03-09', 'start_time': '10:00:00', 'end_date': '2026-03-09', 'end_time': '__NOT_DEFINIED__', 'description': 'Sesión de narración oral "Cuentos del mar de Alborán", con El árbol de las piruletas. La actividad consiste en una sesión de narración oral donde se utilizarán los cuentos ambientados en los espacios naturales de Almería: El árbol de las piruletas, Un delfín entre las estrellas, Carla y el nido de tortuga boba, Julita, la pirata del mar de Alborán y El Corazón del Gigante. La narración, realizada por el autor de los cuentos, se apoyará en muestras de animales y plantas como caballitos de mar, huevos de tiburón, pelotas de posidonia, erizos y estrellas de mar entre otras. Los cuentos pretenden dar a conocer la biodiversidad más cercana, los espacios protegidos, los problemas ambientales a los que se enfrentan y la importancia del mar de Alborán, que es uno de los grandes puntos calientes de biodiversidad del planeta. Lunes 9 de marzo 10:00h. Sala de exposiciones. Actividad concertada con centros educativos.', 'others': {'location_url': '/cultura/agendaculturaldeandalucia/espacios/biblioteca-publica-del-estado-biblioteca-provincial-de-almeria-francisco-villaespesa', 'location2': 'Biblioteca Pública del Estado-Biblioteca Provincial de Almería Francisco Villaespesa', 'duration': '__NOT_FOUND__', 'datetime_details': '09 de Marzo del 2026, 10:00 h.', 'town': '__NOT_FOUND__', 'location': 'Calle Hermanos Machado, s/n, Almería. Almería', 'duration_days': '__NOT_FOUND__'}, 'source': 'JuntaAndaluciaAgenda', 'exec_time': '20260308T220207', 'session': '2026_03_08_21_58_Domingo', 'image': 'https://www.juntadeandalucia.es/cultura/agendaculturaldeandalucia/sites/default/files/styles/header_activity_ext_2xl/public/2026-03/9_CARTEL.jpg.webp?itok=1wgY_rCs', 'url': 'https://www.juntadeandalucia.es/cultura/agendaculturaldeandalucia/evento/sesion-de-narracion-oral-cuentos-del-mar-de-alboran-con-el-arbol-de-las-piruletas-0'}
****************************
Saving 1 new events
Saving in  /home/ubuntu/data_storage/Almeria/2026_03_08_21_58_Domingo/0_raw/20260308_2202_JuntaAndaluciaAgenda.json
Saving 1 master url
Appending to  /home/ubuntu/data_storage/Almeria/00_master/master_url.json
