
RUNNING VARS → 
        CITY=Almeria, 

        OPERATION=0,
            CREATE_SESSION=0,
            CLOSE_SESSION=0,
            SESSION=None,
            IMAGES=0,
            GET_SCRAPERS=

        SCRAPER=KuverProducciones
        DAG_RUN_URL=/dags/FisgonTaskRequest/log?remoteNode=local&step=tarea_1&dagRunId=019d0ac3-9bd0-79a5-8280-67c5795ac08e

Running for Almeria: KuverProducciones
KuverProducciones
Creating rawfolder...
RUNNING SESSION =  2026_03_20_10_21_Viernes
Getting https://kuverproducciones.com/proximos-eventos/
Sleep 1
*** SCRAPED 60 URLS WITH EVENTS **
New url events = 0
#######################
No new urls/events extracted. No new events to save
#######################
