
RUNNING VARS → 
        CITY=Almeria, 

        OPERATION=0,
            CREATE_SESSION=0,
            CLOSE_SESSION=0,
            SESSION=None,
            IMAGES=0,
            GET_SCRAPERS=

        SCRAPER=ClassicJazz
        DAG_RUN_URL=/dags/FisgonTaskSelenium/log?remoteNode=local&step=tarea_1&dagRunId=019cd501-e527-7d34-be8f-f152b4553a0c

Running for Almeria: ClassicJazz
ClassicJazz
RUNNING SESSION =  2026_03_09_23_45_Lunes
Starting WebDriver...
http://localhost:4444/wd/hub
*********************times =1
sleeping 7
Scrolling...
sleeping 1
Getting content
clicking
sleeping 3
sleeping 7
*********************times =2
sleeping 7
Scrolling...
sleeping 1
Getting content
clicking
sleeping 3
sleeping 7
*** SCRAPED 139 URLS WITH EVENTS **
New url events = 2
0 / 2
Getting https://clasijazz.com/evento/concierto-alicia-tamariz-jose-carra-el-molino-clasijazz-rural/
Sleep 4
2026-03-28T13:00:00 2026-03-28T14:30:00
--------------------
{'id': '5211849a', 'show': 1, 'in_city': 1, 'one_day': 1, 'wrong_date_time': 0, 'event': 'Concierto Alicia Tamariz + José Carra – «El Molino» Clasijazz Rural', 'slug': 'concierto-alicia-tamariz-jose-carra-el-molino-clasijazz-rural', 'category': '__NOT_DEFINIED__', 'id_venue': 'Q6b6LRjT', 'venue': 'Sede Clasijazz', 'std_venue': 'Clasijazz', 'start_date': '2026-03-28', 'start_time': '13:00:00', 'end_date': '2026-03-28', 'end_time': '14:30:00', 'description': '«El Molino» Clasijazz Rural ENTRADA/DONATIVO: 5 euros (no socias/os) 3 euros (socias/os y residentes Terque) Concierto Alicia Tamariz y José Carra', 'others': {'price': '__NOT_DEFINIED__', 'category': 'Programación', 'location_url': 'https://clasijazz.com/local/sede-clasijazz/', 'location': 'Maestro Serrano 9, Almería'}, 'source': 'ClassicJazz', 'exec_time': '20260309T235001', 'session': '2026_03_09_23_45_Lunes', 'image': 'https://clasijazz.com/wp-content/uploads/2026/03/Alicia-Tamariz-y-Jose-Carra-1.png', 'url': 'https://clasijazz.com/evento/concierto-alicia-tamariz-jose-carra-el-molino-clasijazz-rural/'}
1 / 2
Getting https://clasijazz.com/evento/concierto-oscar-sanchez-la-caguamaconda-el-molino-de-terque_clasijazz-rural/
Sleep 4
2026-03-22T13:00:00 2026-03-22T14:30:00
--------------------
{'id': 'c15e155a', 'show': 1, 'in_city': 1, 'one_day': 1, 'wrong_date_time': 0, 'event': 'Concierto Óscar Sánchez: «La Caguamaconda» – El Molino De Terque_Clasijazz Rural', 'slug': 'concierto-oscar-sanchez-la-caguamaconda-el-molino-de-terque-clasijazz-rural', 'category': '__NOT_DEFINIED__', 'id_venue': 'Q6b6LRjT', 'venue': 'El Molino – Clasijazz rural', 'std_venue': 'Clasijazz', 'start_date': '2026-03-22', 'start_time': '13:00:00', 'end_date': '2026-03-22', 'end_time': '14:30:00', 'description': 'El Molino de Terque_Clasijazz Rural 5 euros: no socias/os 3 euros: socias/os y residentes Terque OSCAR SÁNCHEZ (1986, Cuba). Figura destacada en el panorama de la canción de autor contemporánea cubana. Ejecuta la guitarra, el tres y la marímbula, e incursiona en diversos géneros de la música cubana (son, bolero, changüí, nengón), no solo en sus formas puras, sino también a través de su hibridación. Su más reciente disco, Acqua di Oscaretto (2023), producido de forma independiente y con el apoyo de Silvio Rodríguez, fue nominado al premio Cubadisco y ha recibido destacadas críticas en medios de prensa especializados. Fue seleccionado por la revista Magazine AMPM como uno de los diez mejores fonogramas cubanos de 2023. Ha compuesto música para obras de teatro e integró la agrupación Habana Roots Ensemble, bajo la dirección de Andrés Levín. En septiembre de 2019 fue invitado por Silvio Rodríguez a participar en el concierto 104 de la Gira Interminable por los Barrios. De julio a noviembre de 2022, tras recibir una beca de movilidad de Ibermúsicas, realizó su primera gira internacional en México. Allí recibió la residencia artística Zyanya, que finalizó con «Caguamacondeo pictórico», su primera exposición personal. Tiene, además, tres fonogramas producidos de manera independiente –Unknown artist (2015), Ojos que te vieron Go, Never te verán Come Back (2017), en colaboración con Marbis Manzanet, y Crowdfunding criollo (2020).', 'others': {'price': '__NOT_DEFINIED__', 'category': 'Programación', 'location_url': 'https://clasijazz.com/local/el-molino/', 'location': 'X9MW+8V, Terque'}, 'source': 'ClassicJazz', 'exec_time': '20260309T235001', 'session': '2026_03_09_23_45_Lunes', 'image': 'https://clasijazz.com/wp-content/uploads/2026/03/Concierto-Oscar-Sanchez.png', 'url': 'https://clasijazz.com/evento/concierto-oscar-sanchez-la-caguamaconda-el-molino-de-terque_clasijazz-rural/'}
****************************
Saving 2 new events
Saving in  /home/ubuntu/data_storage/Almeria/2026_03_09_23_45_Lunes/0_raw/20260309_2350_ClassicJazz.json
Saving 2 master url
Appending to  /home/ubuntu/data_storage/Almeria/00_master/master_url.json
