
RUNNING VARS → 
        CITY=Almeria, 

        OPERATION=0,
            CREATE_SESSION=0,
            CLOSE_SESSION=0,
            SESSION=None,
            IMAGES=0,
            GET_SCRAPERS=

        SCRAPER=RedBibliotecas
        DAG_RUN_URL=/dags/FisgonTaskSelenium/log?remoteNode=local&step=tarea_1&dagRunId=019d029a-c6ac-7199-aa5a-5189e4b08f23

Running for Almeria: RedBibliotecas
RedBibliotecas
RUNNING SESSION =  2026_03_18_20_12_Miercoles
START
Starting WebDriver...
http://localhost:4444/wd/hub
page=1
Getting content
['https://www.bibliotecaspublicas.es/almeria/actividades/Agenda/ta-172-tejiendo.html', 'https://www.bibliotecaspublicas.es/almeria/actividades/Agenda/ta-172-gimnasia.html', 'https://www.bibliotecaspublicas.es/almeria/actividades/Agenda/cci-143-hoy0.html', 'https://www.bibliotecaspublicas.es/almeria/actividades/Agenda/pl-172a.html', 'https://www.bibliotecaspublicas.es/almeria/actividades/Agenda/cl-alquian1.html', 'https://www.bibliotecaspublicas.es/almeria/actividades/Agenda/ti-172-garabatos.html', 'https://www.bibliotecaspublicas.es/almeria/actividades/Agenda/ti-141-garabatos.html', 'https://www.bibliotecaspublicas.es/almeria/actividades/Agenda/ti-143-garabatos.html', 'https://www.bibliotecaspublicas.es/almeria/actividades/Agenda/ti-140-garabatos.html', 'https://www.bibliotecaspublicas.es/almeria/actividades/Agenda/cl-cabo.html', 'https://www.bibliotecaspublicas.es/almeria/actividades/Agenda/pl-arias.html']
page=2
Getting content
['https://www.bibliotecaspublicas.es/almeria/actividades/Agenda/ta-172-tejiendo.html', 'https://www.bibliotecaspublicas.es/almeria/actividades/Agenda/ta-172-gimnasia.html', 'https://www.bibliotecaspublicas.es/almeria/actividades/Agenda/cci-143-hoy0.html', 'https://www.bibliotecaspublicas.es/almeria/actividades/Agenda/pl-172a.html', 'https://www.bibliotecaspublicas.es/almeria/actividades/Agenda/cl-alquian1.html', 'https://www.bibliotecaspublicas.es/almeria/actividades/Agenda/ti-172-garabatos.html', 'https://www.bibliotecaspublicas.es/almeria/actividades/Agenda/ti-141-garabatos.html', 'https://www.bibliotecaspublicas.es/almeria/actividades/Agenda/ti-143-garabatos.html', 'https://www.bibliotecaspublicas.es/almeria/actividades/Agenda/ti-140-garabatos.html', 'https://www.bibliotecaspublicas.es/almeria/actividades/Agenda/cl-cabo.html', 'https://www.bibliotecaspublicas.es/almeria/actividades/Agenda/pl-arias.html', 'https://www.bibliotecaspublicas.es/almeria/actividades/Agenda/ta-172-tejiendo.html', 'https://www.bibliotecaspublicas.es/almeria/actividades/Agenda/ta-172-gimnasia.html', 'https://www.bibliotecaspublicas.es/almeria/actividades/Agenda/cci-143-hoy0.html', 'https://www.bibliotecaspublicas.es/almeria/actividades/Agenda/pl-172a.html', 'https://www.bibliotecaspublicas.es/almeria/actividades/Agenda/cl-alquian1.html', 'https://www.bibliotecaspublicas.es/almeria/actividades/Agenda/ti-172-garabatos.html', 'https://www.bibliotecaspublicas.es/almeria/actividades/Agenda/ti-141-garabatos.html', 'https://www.bibliotecaspublicas.es/almeria/actividades/Agenda/ti-143-garabatos.html', 'https://www.bibliotecaspublicas.es/almeria/actividades/Agenda/ti-140-garabatos.html', 'https://www.bibliotecaspublicas.es/almeria/actividades/Agenda/cl-cabo.html', 'https://www.bibliotecaspublicas.es/almeria/actividades/Agenda/pl-arias.html']
page=3
Getting content
['https://www.bibliotecaspublicas.es/almeria/actividades/Agenda/ta-172-tejiendo.html', 'https://www.bibliotecaspublicas.es/almeria/actividades/Agenda/ta-172-gimnasia.html', 'https://www.bibliotecaspublicas.es/almeria/actividades/Agenda/cci-143-hoy0.html', 'https://www.bibliotecaspublicas.es/almeria/actividades/Agenda/pl-172a.html', 'https://www.bibliotecaspublicas.es/almeria/actividades/Agenda/cl-alquian1.html', 'https://www.bibliotecaspublicas.es/almeria/actividades/Agenda/ti-172-garabatos.html', 'https://www.bibliotecaspublicas.es/almeria/actividades/Agenda/ti-141-garabatos.html', 'https://www.bibliotecaspublicas.es/almeria/actividades/Agenda/ti-143-garabatos.html', 'https://www.bibliotecaspublicas.es/almeria/actividades/Agenda/ti-140-garabatos.html', 'https://www.bibliotecaspublicas.es/almeria/actividades/Agenda/cl-cabo.html', 'https://www.bibliotecaspublicas.es/almeria/actividades/Agenda/pl-arias.html', 'https://www.bibliotecaspublicas.es/almeria/actividades/Agenda/ta-172-tejiendo.html', 'https://www.bibliotecaspublicas.es/almeria/actividades/Agenda/ta-172-gimnasia.html', 'https://www.bibliotecaspublicas.es/almeria/actividades/Agenda/cci-143-hoy0.html', 'https://www.bibliotecaspublicas.es/almeria/actividades/Agenda/pl-172a.html', 'https://www.bibliotecaspublicas.es/almeria/actividades/Agenda/cl-alquian1.html', 'https://www.bibliotecaspublicas.es/almeria/actividades/Agenda/ti-172-garabatos.html', 'https://www.bibliotecaspublicas.es/almeria/actividades/Agenda/ti-141-garabatos.html', 'https://www.bibliotecaspublicas.es/almeria/actividades/Agenda/ti-143-garabatos.html', 'https://www.bibliotecaspublicas.es/almeria/actividades/Agenda/ti-140-garabatos.html', 'https://www.bibliotecaspublicas.es/almeria/actividades/Agenda/cl-cabo.html', 'https://www.bibliotecaspublicas.es/almeria/actividades/Agenda/pl-arias.html', 'https://www.bibliotecaspublicas.es/almeria/actividades/Agenda/ta-172-tejiendo.html', 'https://www.bibliotecaspublicas.es/almeria/actividades/Agenda/ta-172-gimnasia.html', 'https://www.bibliotecaspublicas.es/almeria/actividades/Agenda/cci-143-hoy0.html', 'https://www.bibliotecaspublicas.es/almeria/actividades/Agenda/pl-172a.html', 'https://www.bibliotecaspublicas.es/almeria/actividades/Agenda/cl-alquian1.html', 'https://www.bibliotecaspublicas.es/almeria/actividades/Agenda/ti-172-garabatos.html', 'https://www.bibliotecaspublicas.es/almeria/actividades/Agenda/ti-141-garabatos.html', 'https://www.bibliotecaspublicas.es/almeria/actividades/Agenda/ti-143-garabatos.html', 'https://www.bibliotecaspublicas.es/almeria/actividades/Agenda/ti-140-garabatos.html', 'https://www.bibliotecaspublicas.es/almeria/actividades/Agenda/cl-cabo.html', 'https://www.bibliotecaspublicas.es/almeria/actividades/Agenda/pl-arias.html']
*** SCRAPED 33 URLS WITH EVENTS **
New url events = 0
#######################
No new urls/events extracted. No new events to save
#######################
