
RUNNING VARS → 
        CITY=Almeria, 

        OPERATION=0,
            CREATE_SESSION=0,
            CLOSE_SESSION=0,
            SESSION=None,
            IMAGES=0,
            GET_SCRAPERS=

        SCRAPER=ConciertosClub
        DAG_RUN_URL=/dags/FisgonTaskRequest/log?remoteNode=local&step=tarea_1&dagRunId=019d0295-42aa-7534-a881-a5fd6fea7ab0

Running for Almeria: ConciertosClub
ConciertosClub
RUNNING SESSION =  2026_03_18_20_12_Miercoles
Getting https://conciertos.club/almeria
Sleep 1
*** SCRAPED 132 URLS WITH EVENTS **
New url events = 1
0 / 1
Getting https://conciertos.club/almeria/conciertos/113428-bonilla-sipiagin-ny-brass-quintet
Sleep 4
--------------------
{'id': '0360f2c5', 'show': 1, 'in_city': 1, 'one_day': 1, 'wrong_date_time': 0, 'event': 'Bonilla / Sipiagin NY Brass Quintet', 'slug': 'bonilla-sipiagin-ny-brass-quintet', 'category': 'conciertos', 'id_venue': 'Q6b6LRjT', 'venue': 'Clasijazz Café', 'std_venue': 'Clasijazz', 'start_date': '2026-05-13', 'start_time': '22:00:00', 'end_date': '2026-05-13', 'end_time': '__NOT_DEFINIED__', 'description': '__NOT_FOUND__', 'others': {'category': 'Jazz', 'price': '25', 'place_url': 'https://conciertos.club/almeria/locales/clasijazz-cafe', 'town': 'Almería'}, 'source': 'ConciertosClub', 'exec_time': '20260318T201350', 'session': '2026_03_18_20_12_Miercoles', 'image': '__NOT_FOUND__', 'url': 'https://conciertos.club/almeria/conciertos/113428-bonilla-sipiagin-ny-brass-quintet'}
****************************
Saving 1 new events
Saving in  /home/ubuntu/data_storage/Almeria/2026_03_18_20_12_Miercoles/0_raw/20260318_2013_ConciertosClub.json
Saving 1 master url
Appending to  /home/ubuntu/data_storage/Almeria/00_master/master_url.json
