
RUNNING VARS → 
        CITY=Almeria, 

        OPERATION=1,
            CREATE_SESSION=0,
            CLOSE_SESSION=1,
            SESSION=None,
            IMAGES=0,
            GET_SCRAPERS=

        SCRAPER=
        DAG_RUN_URL=/dags/FisgonSession/log?remoteNode=local&step=session&dagRunId=019ccf7c-2651-769a-a4be-f413fc776790

Executing final task with session: 2026_03_08_21_58_Domingo
Reading /home/ubuntu/data_storage/Almeria/2026_03_08_21_58_Domingo/0_raw/20260308_2159_LaGuajira.json...
Reading /home/ubuntu/data_storage/Almeria/2026_03_08_21_58_Domingo/0_raw/20260308_2205_SalaEmma.json...
Reading /home/ubuntu/data_storage/Almeria/2026_03_08_21_58_Domingo/0_raw/20260308_2203_ClassicJazz.json...
Reading /home/ubuntu/data_storage/Almeria/2026_03_08_21_58_Domingo/0_raw/20260308_2200_AlmeriaCiudad.json...
Reading /home/ubuntu/data_storage/Almeria/2026_03_08_21_58_Domingo/0_raw/20260308_2204_Entradium.json...
Reading /home/ubuntu/data_storage/Almeria/2026_03_08_21_58_Domingo/0_raw/20260308_2159_SalaBerlin.json...
Reading /home/ubuntu/data_storage/Almeria/2026_03_08_21_58_Domingo/0_raw/20260308_2200_ConciertosClub.json...
Reading /home/ubuntu/data_storage/Almeria/2026_03_08_21_58_Domingo/0_raw/20260308_2202_JuntaAndaluciaAgenda.json...
Saving 28 new events
Saving in  /home/ubuntu/data_storage/Almeria/2026_03_08_21_58_Domingo/0_raw/Merged.json
