
RUNNING VARS → 
        CITY=Almeria, 

        OPERATION=0,
            CREATE_SESSION=0,
            CLOSE_SESSION=0,
            SESSION=None,
            IMAGES=0,
            GET_SCRAPERS=

        SCRAPER=ClassicJazz
        DAG_RUN_URL=/dags/FisgonTaskSelenium/log?remoteNode=local&step=tarea_1&dagRunId=019d1530-07a6-7996-872a-2ad83affe0a3

Running for Almeria: ClassicJazz
ClassicJazz
RUNNING SESSION =  2026_03_22_10_51_Domingo
Starting WebDriver...
http://localhost:4444/wd/hub
*********************times =1
sleeping 7
Scrolling...
sleeping 1
Getting content
clicking
sleeping 3
sleeping 7
*********************times =2
sleeping 7
Scrolling...
sleeping 1
Getting content
clicking
sleeping 3
sleeping 7
*** SCRAPED 171 URLS WITH EVENTS **
New url events = 5
0 / 5
Getting https://clasijazz.com/evento/salsa-latin-jam-port-of-spain-4/2026-05-14/
Sleep 4
2026-05-14T22:00:00 2026-05-14T23:30:00
--------------------
{'id': 'd7e3115a', 'show': 1, 'in_city': 1, 'one_day': 1, 'wrong_date_time': 0, 'event': 'Salsa & Latín Jam', 'slug': 'salsa-latin-jam', 'category': '__NOT_DEFINIED__', 'id_venue': 'ddgm4gQP', 'venue': 'Port Of Spain', 'std_venue': 'Port Of Spain', 'start_date': '2026-05-14', 'start_time': '22:00:00', 'end_date': '2026-05-14', 'end_time': '23:30:00', 'description': 'Port of Spain Entrada Libre ¿Te gusta la salsa y la música caribeña? ¡JAM WITH US! Esta temporada Seguimos con las Salsa Jam y con el 29 Aniversario de la llegada de la Salsa Almeria. Si eres cantante o de los que cantan en la ducha, si eres músico profesional o de los que dan la nota, si sabes bailar o simplemente te apetece menear el esqueleto, ven a compartir con buena energía junto a los integrantes de Chévere Music Group. A partir de las 22:00. Te esperamos en Port of Spain. ¡Entrada Libre! ¡No nos faltes! Queremos ver lo mejor de ti MÁS INFO Y CONFIRMACIONES AL: 633 120 150 @marcelarnalot @cheveremusicgroup www.cheveremusicgroup.com', 'others': {'price': '__NOT_DEFINIED__', 'category': 'Programación', 'location_url': 'https://clasijazz.com/local/port-of-spain/', 'location': 'Parque Nicolás Salmeron 20, Almería'}, 'source': 'ClassicJazz', 'exec_time': '20260322T105607', 'session': '2026_03_22_10_51_Domingo', 'image': 'https://clasijazz.com/wp-content/uploads/2025/09/salsa_jam.jpg', 'url': 'https://clasijazz.com/evento/salsa-latin-jam-port-of-spain-4/2026-05-14/'}
1 / 5
Getting https://clasijazz.com/evento/carsten-dahl-trio/
Sleep 4
2026-05-09T22:00:00 2026-05-09T23:30:00
--------------------
{'id': 'a2f5f1be', 'show': 1, 'in_city': 1, 'one_day': 1, 'wrong_date_time': 0, 'event': 'Carsten Dahl Trio', 'slug': 'carsten-dahl-trio', 'category': '__NOT_DEFINIED__', 'id_venue': 'Q6b6LRjT', 'venue': 'Sede Clasijazz', 'std_venue': 'Clasijazz', 'start_date': '2026-05-09', 'start_time': '22:00:00', 'end_date': '2026-05-09', 'end_time': '23:30:00', 'description': '30 € NS / 20 € S Sala Principal Por fin casi 20 años después viene a Almeria Carsten Dahl , uno de los más sorprendentes pianistas y creadores europeos. Uno de los grandes de la Historia del Jazz de Dinamarca. Vino hace casi 20 años con las leyendas Mads Vinding y el recientemente fallecido hace un año Alex Riel. Fué un concierto histórico. Pues ahora lo tenemos con nuestro querido e increible batería Martin Andersen y el gran contrabajista Daniel Franck. Va a ser un concierto brutal para el recuerdo. Carsten Dahl Trio Carsten Dahl Trio featuring Daniel Franck / contrabajo Martin Andersen / batería v¡Es poético, conmovedor, swingueante, salvaje y polifónico! Carsten Dahl Trio interpreta jazz de clase mundial con un enfoque abierto y curioso hacia la interacción musical, pero con los pies firmemente plantados en la tradición. El trío busca constantemente un equilibrio colectivo y avanza impulsado por la falta de concesiones de cada uno de los tres músicos y por su comprensión mutua, con el objetivo natural y sin artificios de crear la música del instante. Carsten Dahl es uno de los pocos pianistas verdaderamente únicos capaces de expresarse libremente dentro de múltiples lenguajes musicales. ¡Es intrépido, explorador y profundamente sincero! El swing profundo y el acceso ilimitado a los estilos es el lugar donde más le gusta estar. En los conciertos, el trío interpreta composiciones propias y estándares bien conocidos. Todo está unido por una energía abierta y poderosa y por una capacidad virtuosa de crear composiciones vivas en interacción con el público presente. Este trío es el más reciente de muchos que Carsten Dahl ha formado a lo largo de los años. Desde su creación en la primavera de 2025, ya ha ofrecido una larga serie de conciertos con entradas agotadas y excelentes críticas en Dinamarca, Suecia, Noruega, Liechtenstein, Portugal y España. En la primavera de 2026, el trío lanzará su primera publicación en el sello propio de Carsten Dahl, Musique Phénoménale, bajo el título The Composer’s Suite, y posteriormente realizará una extensa gira por toda Europa.', 'others': {'price': '20,00€ – 30,00€', 'category': 'Programación', 'location_url': 'https://clasijazz.com/local/sede-clasijazz/', 'location': 'Maestro Serrano 9, Almería'}, 'source': 'ClassicJazz', 'exec_time': '20260322T105607', 'session': '2026_03_22_10_51_Domingo', 'image': 'https://clasijazz.com/wp-content/uploads/2026/01/DAHL-MARETTI-FRANCK-4_lille.jpg.avif', 'url': 'https://clasijazz.com/evento/carsten-dahl-trio/'}
2 / 5
Getting https://clasijazz.com/evento/intercambio-de-idiomas-5/2026-05-14/
Sleep 4
2026-05-14T21:00:00 2026-05-14T23:00:00
--------------------
{'id': '2c97b064', 'show': 1, 'in_city': 1, 'one_day': 1, 'wrong_date_time': 0, 'event': 'Intercambio De Idiomas', 'slug': 'intercambio-de-idiomas', 'category': '__NOT_DEFINIED__', 'id_venue': 'Q6b6LRjT', 'venue': 'Clasijazz', 'std_venue': 'Clasijazz', 'start_date': '2026-05-14', 'start_time': '21:00:00', 'end_date': '2026-05-14', 'end_time': '23:00:00', 'description': 'Sala Industrial Clasijazz Entrada Libre ¿Quieres conocer gente nueva y compartir ideas, experiencias y opiniones mientras practicas tus habilidades lingüísticas? ¡Hablaremos de todo: culturas, profesiones, arte y música! ¿Nivel avanzado? ¿Intermedio? ¿Principiante? ¡Hay espacio para todos! Únete a la comunidad del Intercambio de Idiomas y deja que la magia deja que la magia de los idiomas te atrape. Desde Octubre y todos los jueves 21:00-23:00', 'others': {'price': '__NOT_DEFINIED__', 'category': 'Programación', 'location_url': 'https://clasijazz.com/local/clasijazz/', 'location': 'C/Maestro Serrano nº9, Almería'}, 'source': 'ClassicJazz', 'exec_time': '20260322T105607', 'session': '2026_03_22_10_51_Domingo', 'image': 'https://clasijazz.com/wp-content/uploads/2025/09/Intercambio-de-Idiomas.jpg', 'url': 'https://clasijazz.com/evento/intercambio-de-idiomas-5/2026-05-14/'}
3 / 5
Getting https://clasijazz.com/evento/match-de-impro-2/2026-05-08/
Sleep 4
2026-05-08T20:00:00 2026-05-08T21:15:00
--------------------
{'id': '75cd456e', 'show': 1, 'in_city': 1, 'one_day': 1, 'wrong_date_time': 0, 'event': 'Match De Impro', 'slug': 'match-de-impro', 'category': '__NOT_DEFINIED__', 'id_venue': 'Q6b6LRjT', 'venue': 'Sala Industrial Clasijazz', 'std_venue': 'Clasijazz', 'start_date': '2026-05-08', 'start_time': '20:00:00', 'end_date': '2026-05-08', 'end_time': '21:15:00', 'description': '3 € NS / GS Sala Industrial MATCH DE IMPRO Esta temporada, los alumnos de improvisación de la escuela Las Cruces Teatro / Clasijazz se enfrentarán una vez al mes en dos equipos por el favor del público creando historias delirantes improvisadas en el acto. No te las pierdas, la participación del público es clave en este show.', 'others': {'price': 'Free – €3', 'category': 'Programación', 'location_url': 'https://clasijazz.com/local/sala-industrial-clasijazz/', 'location': 'Maestro Serrano 9, Almería'}, 'source': 'ClassicJazz', 'exec_time': '20260322T105607', 'session': '2026_03_22_10_51_Domingo', 'image': 'https://clasijazz.com/wp-content/uploads/2026/01/Match-Impro-generico.png', 'url': 'https://clasijazz.com/evento/match-de-impro-2/2026-05-08/'}
4 / 5
Getting https://clasijazz.com/evento/jam-session-4/2026-05-13/
Sleep 4
2026-05-13T22:00:00 2026-05-13T23:30:00
--------------------
{'id': '5ebdec4e', 'show': 1, 'in_city': 1, 'one_day': 1, 'wrong_date_time': 0, 'event': 'Jam Session', 'slug': 'jam-session', 'category': '__NOT_DEFINIED__', 'id_venue': 'Q6b6LRjT', 'venue': 'Sede Clasijazz', 'std_venue': 'Clasijazz', 'start_date': '2026-05-13', 'start_time': '22:00:00', 'end_date': '2026-05-13', 'end_time': '23:30:00', 'description': '3 € No Soci@ / gratuito Soci@ Sala Principal Cada miércoles puedes disfrutar de una Jam Session. Uno de los eventos más seguidos en Almería y por el que han pasado muchísimos músicos y público. ¡Disfruta de esta maravilla de Jam Session!', 'others': {'price': '__NOT_DEFINIED__', 'category': 'Programación', 'location_url': 'https://clasijazz.com/local/sede-clasijazz/', 'location': 'Maestro Serrano 9, Almería'}, 'source': 'ClassicJazz', 'exec_time': '20260322T105607', 'session': '2026_03_22_10_51_Domingo', 'image': 'https://clasijazz.com/wp-content/uploads/2025/09/PANA5800-scaled.jpg', 'url': 'https://clasijazz.com/evento/jam-session-4/2026-05-13/'}
****************************
Saving 5 new events
Saving in  /home/ubuntu/data_storage/Almeria/2026_03_22_10_51_Domingo/0_raw/20260322_1056_ClassicJazz.json
Saving 5 master url
Appending to  /home/ubuntu/data_storage/Almeria/00_master/master_url.json
