
RUNNING VARS → 
        CITY=Almeria, 

        OPERATION=0,
            CREATE_SESSION=0,
            CLOSE_SESSION=0,
            SESSION=None,
            IMAGES=0,
            GET_SCRAPERS=

        SCRAPER=ConciertosClub
        DAG_RUN_URL=/dags/FisgonTaskRequest/log?remoteNode=local&step=tarea_1&dagRunId=019ca92e-0a8a-7a03-808a-169bcc86082d

Running for Almeria: ConciertosClub
ConciertosClub
RUNNING SESSION =  2026_03_01_11_33_Domingo
Getting https://conciertos.club/almeria
Sleep 1
*** SCRAPED 150 URLS WITH EVENTS **
New url events = 3
0 / 3
Getting https://conciertos.club/almeria/conciertos/113459-una-noche-de-amor-desesperada-homenaje-a-triana
Sleep 4
--------------------
{'id': '3053ff1f', 'show': 1, 'in_city': 0, 'one_day': 1, 'wrong_date_time': 0, 'event': 'Una Noche De Amor Desesperada. Homenaje a Triana', 'slug': 'una-noche-de-amor-desesperada-homenaje-a-triana', 'category': 'conciertos', 'id_venue': None, 'venue': 'Teatro Auditorio Roquetas de Mar', 'std_venue': None, 'start_date': '2026-04-25', 'start_time': '21:00:00', 'end_date': '2026-04-25', 'end_time': '__NOT_DEFINIED__', 'description': '\nUna noche de amor desesperada. Homenaje a TrianaEspectáculo basado en las canciones de\xa0los “Eternos" Triana, uno de los grupos españoles de rock más influyentes de todos los tiempos. Creado desde el más absoluto respeto y admiración hacia la banda original sevillana. Dos cantantes y una banda hacen suyos los temas más grandes del grupo fundado por\xa0Jesús de la Rosa, Eduardo Rodríguez Rodway y Juan José Palacios “Tele”: ‘El lago’, ‘Abre la puerta’, ‘Una noche de amor’, ‘Hijos del agobio’, ‘Luminosa mañana’, ‘Tu frialdad’...\n', 'others': {'category': 'Versiones', 'price': '25', 'place_url': 'https://conciertos.club/almeria/locales/teatro-auditorio-roquetas-de-mar', 'town': 'Roquetas de Mar (Almería)'}, 'source': 'ConciertosClub', 'exec_time': '20260301T113453', 'session': '2026_03_01_11_33_Domingo', 'image': '__NOT_FOUND__', 'url': 'https://conciertos.club/almeria/conciertos/113459-una-noche-de-amor-desesperada-homenaje-a-triana'}
1 / 3
Getting https://conciertos.club/almeria/conciertos/113425-pia-tedesco-y-coni-lechner
Sleep 4
