
RUNNING VARS → 
        CITY=Almeria, 

        OPERATION=0,
            CREATE_SESSION=0,
            CLOSE_SESSION=0,
            SESSION=None,
            IMAGES=0,
            GET_SCRAPERS=

        SCRAPER=ConciertosClub
        DAG_RUN_URL=/dags/FisgonTaskRequest/log?remoteNode=local&step=tarea_1&dagRunId=019c243c-5eab-7a98-9298-45713065c505

Running for Almeria: ConciertosClub
ConciertosClub
RUNNING SESSION =  2026_02_03_15_59_Martes
Getting https://conciertos.club/almeria
Sleep 1
*** SCRAPED 198 URLS WITH EVENTS **
New url events = 0
#######################
No new urls/events extracted. No new events to save
#######################
