
RUNNING VARS → 
        CITY=Jaen, 

        OPERATION=0,
            CREATE_SESSION=0,
            CLOSE_SESSION=0,
            SESSION=None,
            IMAGES=0,
            GET_SCRAPERS=

        SCRAPER=JuntaAndaluciaAgenda
        DAG_RUN_URL=/dags/FisgonTaskRequest/log?remoteNode=local&step=tarea_1&dagRunId=019c2845-f9da-7d44-9392-037853b7b8a2

Running for Jaen: JuntaAndaluciaAgenda
JuntaAndaluciaAgenda
RUNNING SESSION =  2026_02_04_09_04_Miercoles
Starting WebDriver...
http://localhost:4444/wd/hub
******
css selector
.view-display-id-page_search_activities > ul:nth-child(3) > li:nth-child(1) > a:nth-child(1)
clicking
sleeping 3
Scrolling...
sleeping 1
Scrolling...
sleeping 1
sleeping 7
******
css selector
.view-display-id-page_search_activities > ul:nth-child(3) > li:nth-child(1) > a:nth-child(1)
clicking
sleeping 3
Scrolling...
sleeping 1
sleeping 7
******
css selector
.view-display-id-page_search_activities > ul:nth-child(3) > li:nth-child(1) > a:nth-child(1)
clicking
sleeping 3
Scrolling...
sleeping 1
sleeping 7
******
css selector
.view-display-id-page_search_activities > ul:nth-child(3) > li:nth-child(1) > a:nth-child(1)
.view-display-id-page_search_activities > ul:nth-child(3) > li:nth-child(1) > a:nth-child(1) Not found
Getting content
*** SCRAPED 32 URLS WITH EVENTS **
New url events = 32
0 / 32
Getting https://www.juntadeandalucia.es/cultura/agendaculturaldeandalucia/evento/las-guerreras-k-pop-en-concierto
Sleep 4
--------------------
{'id': '0f509427', 'show': 1, 'in_city': 0, 'one_day': 1, 'wrong_date_time': 0, 'event': 'Las guerreras K-pop en concierto', 'id_venue': None, 'venue': 'Plaza de Toros de Úbeda', 'std_venue': None, 'start_date': '2026-07-26', 'start_time': '21:30:00', 'end_date': '2026-07-26', 'end_time': '__NOT_DEFINIED__', 'description': 'LAS GUERRERAS K-POP EN CONCIERTO - ÚBEDA', 'others': {'location_url': '/cultura/agendaculturaldeandalucia/espacios/plaza-de-toros-de-ubeda', 'location2': 'Plaza de Toros de Úbeda', 'duration': '__NOT_FOUND__', 'datetime_details': '26 de Julio del 2026, 21:30 horas', 'town': '__NOT_FOUND__', 'location': 'Calle Sagasta, s/n, Úbeda. Jaén', 'duration_days': '__NOT_FOUND__'}, 'source': 'JuntaAndaluciaAgenda', 'exec_time': '20260204T105002', 'session': '2026_02_04_09_04_Miercoles', 'image': 'https://www.juntadeandalucia.es/cultura/agendaculturaldeandalucia/sites/default/files/styles/header_activity_ext_2xl/public/2026-01/guerreras_ubeda.jpg.webp?itok=UfG01xvj', 'url': 'https://www.juntadeandalucia.es/cultura/agendaculturaldeandalucia/evento/las-guerreras-k-pop-en-concierto'}
1 / 32
Getting https://www.juntadeandalucia.es/cultura/agendaculturaldeandalucia/evento/imagina-funk-festival-sierra-magina-torres-jaen
Sleep 4
--------------------
{'id': 'ffba2520', 'show': 1, 'in_city': 0, 'one_day': 0, 'wrong_date_time': 1, 'event': 'Imágina Funk Festival Sierra Mágina (Torres, Jaén)', 'id_venue': None, 'venue': 'Varios lugares en el municipio, Pozo Alcón, Jaén', 'std_venue': None, 'start_date': '2026-07-31', 'start_time': '__NOT_FOUND__', 'end_date': '2026-08-01', 'end_time': '__NOT_DEFINIED__', 'description': 'Imagina funk es un Festival de música Funk que se celebrará en Sierra Mágina, Torres, Jaén. Del 31 de julio al 1 de agosto la localidad de Pozo Alcón acogerá un año más el Imagina Funk, el festival, único de funk en Europa, que rinde homenaje a la música negra, al funk, al soul, al afrobeat, con una ambición humilde pero muy clara: ser un punto de encuentro para amantes del groove más auténtico.', 'others': {'location_url': '/cultura/agendaculturaldeandalucia/espacios/varios-lugares-en-el-municipio-pozo-alcon-jaen', 'location2': 'Facebook del festival Instagram del festival Twitter del festival Youtube del festival Varios lugares en el municipio, Pozo Alcón, Jaén', 'duration': '__NOT_FOUND__', 'datetime_details': '31 de Julio del 2026 - 01 de Agosto del 2026, Consultar', 'town': '__NOT_FOUND__', 'location': ', Pozo Alcón. Jaén', 'duration_days': '__NOT_FOUND__'}, 'source': 'JuntaAndaluciaAgenda', 'exec_time': '20260204T105002', 'session': '2026_02_04_09_04_Miercoles', 'image': 'https://www.juntadeandalucia.es/cultura/agendaculturaldeandalucia/sites/default/files/styles/header_activity_ext_2xl/public/2026-01/imagina_funk.jpg.webp?itok=mazWH0Td', 'url': 'https://www.juntadeandalucia.es/cultura/agendaculturaldeandalucia/evento/imagina-funk-festival-sierra-magina-torres-jaen'}
2 / 32
Getting https://www.juntadeandalucia.es/cultura/agendaculturaldeandalucia/evento/teatro-infanta-leonor-de-jaen
Sleep 4
--------------------
{'id': 'c344341f', 'show': 1, 'in_city': 0, 'one_day': 1, 'wrong_date_time': 1, 'event': 'Teatro Infanta Leonor', 'id_venue': None, 'venue': '__NOT_FOUND__', 'std_venue': None, 'start_date': '__NOT_FOUND__', 'start_time': '__NOT_FOUND__', 'end_date': '__NOT_FOUND__', 'end_time': '__NOT_DEFINIED__', 'description': 'Se recomienda consultar horario de cada evento.', 'others': {'location_url': '__NOT_FOUND__', 'location2': 'C/ Molino de Condesa, s/n 953 219 116 informacioncultura@aytojaen.es Visitar la pagina web', 'duration': '__NOT_FOUND__', 'datetime_details': '__NOT_FOUND__', 'town': '__NOT_FOUND__', 'location': 'C/ Molino de Condesa, s/n, Jaén, Jaén', 'duration_days': '__NOT_FOUND__'}, 'source': 'JuntaAndaluciaAgenda', 'exec_time': '20260204T105002', 'session': '2026_02_04_09_04_Miercoles', 'image': 'https://www.juntadeandalucia.es/cultura/agendaculturaldeandalucia/sites/default/files/styles/header_activity_ext_2xl/public/image/2017/02/infantaleonor2_0.jpg.webp?itok=ubQbLcG2', 'url': 'https://www.juntadeandalucia.es/cultura/agendaculturaldeandalucia/evento/teatro-infanta-leonor-de-jaen'}
3 / 32
Getting https://www.juntadeandalucia.es/cultura/agendaculturaldeandalucia/evento/credo-linares-cantores-de-hispalis-en-linares
Sleep 4
--------------------
{'id': '2c010749', 'show': 1, 'in_city': 0, 'one_day': 1, 'wrong_date_time': 0, 'event': 'Credo Linares - Cantores de Híspalis en Linares', 'id_venue': None, 'venue': 'Plaza de Toros de Linares', 'std_venue': None, 'start_date': '2026-03-21', 'start_time': '20:00:00', 'end_date': '2026-03-21', 'end_time': '__NOT_DEFINIED__', 'description': 'El espectáculo está interpretado por los inconfundibles Cantores de Híspalis, referentes de la música cofrade contemporánea y pioneros en llevar las raíces andaluzas a los grandes escenarios. Su repertorio, profundamente vinculado a la religiosidad popular, se enriquece en esta ocasión con colaboraciones excepcionales que elevan la propuesta artística a un nuevo nivel. Credo , que se completa con un cuidado montaje audiovisual, es una declaración de fe escénica, que emociona tanto al creyente como al amante de la cultura, y que reivindica la vigencia artística de nuestras tradiciones más profundas. Su objetivo no es solo conmover, sino también dignificar la herencia. En este evento participarán la Agrupación Musical La Pasión de Linares, el saetero Manuel Cuevas, M. Ángeles Cruzado, y el pregonero Enrique Casellas.', 'others': {'location_url': '/cultura/agendaculturaldeandalucia/espacios/plaza-de-toros-de-linares', 'location2': 'Sigue las noticias de Cantores de Híspalis en Facebook Sigue las noticias de Cantores de Híspalis en Twitter Sigue las noticias de Cantores de Híspalis en Instagram Plaza de Toros de Linares', 'duration': '__NOT_FOUND__', 'datetime_details': '21 de Marzo del 2026, 20:00 horas', 'town': '__NOT_FOUND__', 'location': ' C. Argüelles, s/n, Linares. Jaén', 'duration_days': '__NOT_FOUND__'}, 'source': 'JuntaAndaluciaAgenda', 'exec_time': '20260204T105002', 'session': '2026_02_04_09_04_Miercoles', 'image': 'https://www.juntadeandalucia.es/cultura/agendaculturaldeandalucia/sites/default/files/styles/header_activity_ext_2xl/public/2025-11/credo_linares.jpg.webp?itok=VurBMWlh', 'url': 'https://www.juntadeandalucia.es/cultura/agendaculturaldeandalucia/evento/credo-linares-cantores-de-hispalis-en-linares'}
4 / 32
Getting https://www.juntadeandalucia.es/cultura/agendaculturaldeandalucia/evento/david-navarro-no-tengo-remedio-en-sevilla-1
Sleep 4
--------------------
{'id': 'aafbc329', 'show': 1, 'in_city': 0, 'one_day': 1, 'wrong_date_time': 0, 'event': "David Navarro 'No tengo remedio' en Sevilla", 'id_venue': None, 'venue': 'Teatro Cervantes de Linares (Jaén)', 'std_venue': None, 'start_date': '2026-03-20', 'start_time': '21:00:00', 'end_date': '2026-03-20', 'end_time': '__NOT_DEFINIED__', 'description': 'Público Recomendado: Mayores de 18 años', 'others': {'location_url': '/cultura/agendaculturaldeandalucia/espacios/evento/teatro-cervantes-de-linares', 'location2': 'Canal oficial de David Navarro en Facebook Canal oficial de David Navarro en Instagram Canal oficial de David Navarro en TikTok Teatro Cervantes de Linares (Jaén)', 'duration': '__NOT_FOUND__', 'datetime_details': '20 de Marzo del 2026, 21:00 horas', 'town': '__NOT_FOUND__', 'location': 'Calle Cervantes, s/n, Linares. Jaén', 'duration_days': '__NOT_FOUND__'}, 'source': 'JuntaAndaluciaAgenda', 'exec_time': '20260204T105002', 'session': '2026_02_04_09_04_Miercoles', 'image': 'https://www.juntadeandalucia.es/cultura/agendaculturaldeandalucia/sites/default/files/styles/header_activity_ext_2xl/public/2026-01/david_navarro_1.jpg.webp?itok=Vo-Flo5C', 'url': 'https://www.juntadeandalucia.es/cultura/agendaculturaldeandalucia/evento/david-navarro-no-tengo-remedio-en-sevilla-1'}
5 / 32
Getting https://www.juntadeandalucia.es/cultura/agendaculturaldeandalucia/evento/los-humanos-comparsa-de-antonio-martinez-ares
Sleep 4
--------------------
{'id': '71264f11', 'show': 1, 'in_city': 0, 'one_day': 1, 'wrong_date_time': 0, 'event': 'Los humanos, comparsa de Antonio Martínez Ares', 'id_venue': None, 'venue': 'Teatro Safa', 'std_venue': None, 'start_date': '2026-03-15', 'start_time': '16:00:00', 'end_date': '2026-03-15', 'end_time': '__NOT_DEFINIED__', 'description': '"Los Humanos" es la comparsa con la que el autor gaditano Antonio Martínez Ares regresa al COAC 2026, después de un año de ausencia debido a problemas de salud. La comparsa fue pospuesta en 2025 y en su lugar se presentó la antología "Los Cuervos".', 'others': {'location_url': '/cultura/agendaculturaldeandalucia/espacios/teatro-safa', 'location2': 'Teatro Safa', 'duration': '__NOT_FOUND__', 'datetime_details': '15 de Marzo del 2026, 16:00 horas', 'town': '__NOT_FOUND__', 'location': 'Avenida Cristo Rey 23, Úbeda. Jaén', 'duration_days': '__NOT_FOUND__'}, 'source': 'JuntaAndaluciaAgenda', 'exec_time': '20260204T105002', 'session': '2026_02_04_09_04_Miercoles', 'image': 'https://www.juntadeandalucia.es/cultura/agendaculturaldeandalucia/sites/default/files/styles/header_activity_ext_2xl/public/2025-11/ares_ubeda.jpg.webp?itok=4yi8I1Oc', 'url': 'https://www.juntadeandalucia.es/cultura/agendaculturaldeandalucia/evento/los-humanos-comparsa-de-antonio-martinez-ares'}
6 / 32
Getting https://www.juntadeandalucia.es/cultura/agendaculturaldeandalucia/evento/el-bosque-de-coco-5
Sleep 4
--------------------
{'id': '89a0c147', 'show': 1, 'in_city': 0, 'one_day': 1, 'wrong_date_time': 0, 'event': 'el bosque de coco', 'id_venue': None, 'venue': 'Teatro Municipal Maestro Álvarez Alonso', 'std_venue': None, 'start_date': '2026-03-18', 'start_time': '10:00:00', 'end_date': '2026-03-18', 'end_time': '__NOT_DEFINIED__', 'description': 'COMPAÑÍA: la buena compañia DURACIÓN: 50 Existe un bosque cuyos árboles se iluminan con la chispa que genera el pensamiento. Un lugar mágico donde habitan las ideas, los recuerdos o las emociones. Un bosque misterioso dentro de nuestra cabeza que nos ayuda a entender el mundo. Y todo lo que habita en este bosque forma parte de ti. Coco está viviendo un cambio de situación familiar significativo en la vida de cualquier niño. Para hablar de cómo afecta este cambio a su cerebro y, por tanto, a su comportamiento y gestión emocional, la acción se sitúa dentro de un bosque. Un bosque que no es otro que el bosque neuronal del que hablaba Ramón y Cajal.', 'others': {'location_url': '/cultura/agendaculturaldeandalucia/espacios/teatro-municipal-maestro-alvarez-alonso', 'location2': 'Teatro Municipal Maestro Álvarez Alonso', 'duration': '50', 'datetime_details': '18 de Marzo del 2026, 10:00\n', 'town': '__NOT_FOUND__', 'location': 'Parque Manuel Carrasco, s/n, Martos. Jaén', 'duration_days': '__NOT_FOUND__'}, 'source': 'JuntaAndaluciaAgenda', 'exec_time': '20260204T105002', 'session': '2026_02_04_09_04_Miercoles', 'image': 'https://www.juntadeandalucia.es/cultura/agendaculturaldeandalucia/sites/default/files/styles/header_activity_ext_2xl/public/external_images/WhatsAppImage2025-09-19at14.45.511.jpeg.webp?itok=mDQXJC64', 'url': 'https://www.juntadeandalucia.es/cultura/agendaculturaldeandalucia/evento/el-bosque-de-coco-5'}
7 / 32
Getting https://www.juntadeandalucia.es/cultura/agendaculturaldeandalucia/evento/andalucia-sinfonica-la-orquesta-ciudad-de-granada-en-ubeda
Sleep 4
--------------------
{'id': '4e2f2939', 'show': 1, 'in_city': 0, 'one_day': 1, 'wrong_date_time': 0, 'event': 'Andalucía Sinfónica: la Orquesta Ciudad de Granada en Úbeda', 'id_venue': None, 'venue': 'Auditorio del centro Cultural Hospital de Santiago', 'std_venue': None, 'start_date': '2026-05-28', 'start_time': '21:30:00', 'end_date': '2026-05-28', 'end_time': '__NOT_DEFINIED__', 'description': "El programa 'Andalucía Sinfónica' se llevará desde septiembre de 2025 y hasta junio de 2026 y consiste en una gira de conciertos por la comunidad andaluza de las siguientes orquestas institucionales: Orquesta de Córdoba Orquesta Ciudad de Granada Orquesta Filarmónica de Málaga Real Orquesta Sinfónica de Sevilla Almería, Cádiz, Huelva, Jaén, Roquetas de Mar, El Ejido, Linares, Úbeda, Baeza y Jerez de la Frontera serán escenarios de esta gira cuyo fin es dar visibilidad y difusión a la música sinfónica andaluza entre la mayor población posible. Jueves 28 de mayo de 2026 Auditorio del Hospital de Santiago, 21.30h- ÚBEDA (Jaén) FESTIVAL INTERNACIONALDE MÚSICA Y DANZA DE ÚBEDA Programa: DEL NUEVO MUNDO Samuel BARBER Concierto para violín, op. 14 Antonín DVOŘÁK Sinfonía núm. 9 en Mi menor, op. 95, B 178, “Del nuevo mundo” FRANCESCA DEGO violín Director: LUCAS MACÍAS", 'others': {'location_url': '/cultura/agendaculturaldeandalucia/espacios/auditorio-del-centro-cultural-hospital-de-santiago', 'location2': 'Orquesta de Córdoba Orquesta Ciudad de Granada Orquesta Filarmónica de Málaga Real Orquesta Sinfónica de Sevilla Auditorio del centro Cultural Hospital de Santiago', 'duration': '__NOT_FOUND__', 'datetime_details': '28 de Mayo del 2026, 21:30 horas', 'town': '__NOT_FOUND__', 'location': 'Obispo Cobos, 28, Úbeda. Jaén', 'duration_days': '__NOT_FOUND__'}, 'source': 'JuntaAndaluciaAgenda', 'exec_time': '20260204T105002', 'session': '2026_02_04_09_04_Miercoles', 'image': 'https://www.juntadeandalucia.es/cultura/agendaculturaldeandalucia/sites/default/files/styles/header_activity_ext_2xl/public/2025-09/AS_posts_general_16_9.jpg.webp?itok=anC0h2_s', 'url': 'https://www.juntadeandalucia.es/cultura/agendaculturaldeandalucia/evento/andalucia-sinfonica-la-orquesta-ciudad-de-granada-en-ubeda'}
8 / 32
Getting https://www.juntadeandalucia.es/cultura/agendaculturaldeandalucia/evento/nuevo-dia-0
Sleep 4
--------------------
{'id': '3d9798b4', 'show': 1, 'in_city': 0, 'one_day': 1, 'wrong_date_time': 0, 'event': 'Nuevo día', 'id_venue': None, 'venue': 'Piscina de Amurjo', 'std_venue': None, 'start_date': '2026-07-03', 'start_time': '22:00:00', 'end_date': '2026-07-03', 'end_time': '__NOT_DEFINIED__', 'description': 'COMPAÑÍA: Alba Molina DURACIÓN: 75m Alba Molina presenta “Nuevo día”, un nuevo proyecto donde nos ofrece una visión del repertorio de Lole y Manuel y de otros grandes clásicos como nunca se había escuchado hasta ahora. La aterciopelada voz de Alba Molina junto al piano del maestro Álvaro Gandul nos acompañarán en un concierto donde podremos disfrutar de temas tan únicos como “La mariposa”, “Un nuevo día” y otros muchos, en una versión elegante, con algunos toques jazzy, pero sin perder su sabor original. 1- Dime 2- Balcón 3- Almutamid 4- Todo es de color 5- Nuevo día 6- La mariposa 7- Que nadie vaya a llorar 8- Loca me llaman 9- Volver al lugar querido 10- Dicen', 'others': {'location_url': '/cultura/agendaculturaldeandalucia/espacios/piscina-de-amurjo', 'location2': 'Piscina de Amurjo', 'duration': '75m', 'datetime_details': '03 de Julio del 2026, 22:00\n', 'town': '__NOT_FOUND__', 'location': 'Paraje de Amurjo, Orcera. Jaén', 'duration_days': '__NOT_FOUND__'}, 'source': 'JuntaAndaluciaAgenda', 'exec_time': '20260204T105002', 'session': '2026_02_04_09_04_Miercoles', 'image': 'https://www.juntadeandalucia.es/cultura/agendaculturaldeandalucia/sites/default/files/styles/header_activity_ext_2xl/public/external_images/nofoto.jpg.webp?itok=mRRQb91u', 'url': 'https://www.juntadeandalucia.es/cultura/agendaculturaldeandalucia/evento/nuevo-dia-0'}
9 / 32
Getting https://www.juntadeandalucia.es/cultura/agendaculturaldeandalucia/evento/los-humanos-comparsa-de-antonio-martinez-ares-0
Sleep 4
--------------------
{'id': '1b5b9338', 'show': 1, 'in_city': 0, 'one_day': 1, 'wrong_date_time': 0, 'event': 'Los humanos, comparsa de Antonio Martínez Ares', 'id_venue': None, 'venue': 'Teatro-Cine Regio Villanueva del Arzobisco', 'std_venue': None, 'start_date': '2026-03-15', 'start_time': '19:00:00', 'end_date': '2026-03-15', 'end_time': '__NOT_DEFINIED__', 'description': '"Los Humanos" es la comparsa con la que el autor gaditano Antonio Martínez Ares regresa al COAC 2026, después de un año de ausencia debido a problemas de salud. La comparsa fue pospuesta en 2025 y en su lugar se presentó la antología "Los Cuervos".', 'others': {'location_url': '/cultura/agendaculturaldeandalucia/espacios/teatro-cine-regio-villanueva-del-arzobisco', 'location2': 'Teatro-Cine Regio Villanueva del Arzobisco', 'duration': '__NOT_FOUND__', 'datetime_details': '15 de Marzo del 2026, 19:00 horas', 'town': '__NOT_FOUND__', 'location': 'Calle Hermanos Quintero, 14D, Villanueva del Arzobispo. Jaén', 'duration_days': '__NOT_FOUND__'}, 'source': 'JuntaAndaluciaAgenda', 'exec_time': '20260204T105002', 'session': '2026_02_04_09_04_Miercoles', 'image': 'https://www.juntadeandalucia.es/cultura/agendaculturaldeandalucia/sites/default/files/styles/header_activity_ext_2xl/public/2025-11/ares_villanueva.jpg.webp?itok=ay5owmjn', 'url': 'https://www.juntadeandalucia.es/cultura/agendaculturaldeandalucia/evento/los-humanos-comparsa-de-antonio-martinez-ares-0'}
10 / 32
Getting https://www.juntadeandalucia.es/cultura/agendaculturaldeandalucia/evento/3-de-40
Sleep 4
--------------------
{'id': 'fe28dd7a', 'show': 1, 'in_city': 1, 'one_day': 1, 'wrong_date_time': 0, 'event': '3 de 40', 'id_venue': '5023dbce', 'venue': 'SALALApaca', 'std_venue': 'SalalaPaca', 'start_date': '2026-03-27', 'start_time': '21:00:00', 'end_date': '2026-03-27', 'end_time': '__NOT_DEFINIED__', 'description': 'Tras la muerte de la matriarca, las tres hijas de ésta se reúnen en la casa del pueblo después del entierro de su entierro. Pepa, la hija menor que vivió y cuidó a su madre hasta sus últimos días, se encuentra ilusionada ante este reencuentro; su intención es recuperar el amor entre las hermanas perdido con los años. Al mismo tiempo, Pepa quiere conservar y seguir viviendo en la casa del pueblo y que las hermanas vengan a ésta siempre que quieran, como punto de unión entre ellas. Pero Reme y Lola tienen otros planes, vender la casa, repartirse el dinero y vivir cada una su vida. Los planes de cada una de ellas se verán alterados cuando, reunidas tras el entierro de su madre, secretos, verdades y mentiras salen a la luz en lo que se considera una noche de catarsis familiar. Como si de un aquelarre se tratara, las hermanas nos llevarán por unos laberintos de emociones, dramas, comedias y situaciones grotescas que se funden con el costumbrismo más español, las galletas de marihuana, los fantasmas que habitan en la casa, el orujo de pueblo y la búsqueda de una ruptura hacia una modernidad donde las mujeres quieren destruir lo establecido, liberarse y empoderarse. Una obra de mujeres, para mujeres y necesaria para los hombres. Duración: 95 minutos.', 'others': {'location_url': '/cultura/agendaculturaldeandalucia/espacios/salalapaca', 'location2': 'SALALApaca', 'duration': '95', 'datetime_details': '27 de Marzo del 2026, 21:00 horas', 'town': '__NOT_FOUND__', 'location': 'C/ Manuel Caballero Venzalá, 22, Jaén. Jaén', 'duration_days': '__NOT_FOUND__'}, 'source': 'JuntaAndaluciaAgenda', 'exec_time': '20260204T105002', 'session': '2026_02_04_09_04_Miercoles', 'image': 'https://www.juntadeandalucia.es/cultura/agendaculturaldeandalucia/sites/default/files/styles/header_activity_ext_2xl/public/2026-01/3-de-40%20%281%29.jpg.webp?itok=ZA4wxeFG', 'url': 'https://www.juntadeandalucia.es/cultura/agendaculturaldeandalucia/evento/3-de-40'}
11 / 32
Getting https://www.juntadeandalucia.es/cultura/agendaculturaldeandalucia/evento/festival-internacional-de-musica-y-danza-ciudad-de-ubeda
Sleep 4
--------------------
{'id': '2166fa99', 'show': 1, 'in_city': 0, 'one_day': 0, 'wrong_date_time': 1, 'event': "Festival Internacional de Música y Danza 'Ciudad de Úbeda'", 'id_venue': None, 'venue': 'Auditorio del centro Cultural Hospital de Santiago', 'std_venue': None, 'start_date': '2026-05-15', 'start_time': '__NOT_FOUND__', 'end_date': '2026-06-20', 'end_time': '__NOT_DEFINIED__', 'description': 'El Festival Internacional de Música y Danza “Ciudad de Úbeda” 2026 celebra del 15 de mayo al 20 de junio su 38a edición y vuelve a situar a la ciudad Patrimonio de la Humanidad como uno de los grandes epicentros culturales de España, con una programación de primer nivel que reúne a orquestas, solistas y compañías de danza de prestigio internacional', 'others': {'location_url': '/cultura/agendaculturaldeandalucia/espacios/auditorio-del-centro-cultural-hospital-de-santiago', 'location2': 'Facebook Twitter Auditorio del centro Cultural Hospital de Santiago', 'duration': '__NOT_FOUND__', 'datetime_details': '15 de Mayo del 2026 - 20 de Junio del 2026, Se recomienda consultar programación.\xa0', 'town': '__NOT_FOUND__', 'location': 'Obispo Cobos, 28, Úbeda. Jaén', 'duration_days': '__NOT_FOUND__'}, 'source': 'JuntaAndaluciaAgenda', 'exec_time': '20260204T105002', 'session': '2026_02_04_09_04_Miercoles', 'image': 'https://www.juntadeandalucia.es/cultura/agendaculturaldeandalucia/sites/default/files/styles/header_activity_ext_2xl/public/2026-01/logo_festival_de_ubeda_amarillo_header.png.webp?itok=XeeGE-A1', 'url': 'https://www.juntadeandalucia.es/cultura/agendaculturaldeandalucia/evento/festival-internacional-de-musica-y-danza-ciudad-de-ubeda'}
12 / 32
Getting https://www.juntadeandalucia.es/cultura/agendaculturaldeandalucia/evento/jaen-encuentro-con-david-jimenez-blanco
Sleep 4
--------------------
{'id': '5b5f4aa8', 'show': 1, 'in_city': 1, 'one_day': 1, 'wrong_date_time': 0, 'event': 'Jaén. Encuentro con David Jiménez-Blanco', 'id_venue': 'b2bab125', 'venue': 'Biblioteca Pública del Estado - Biblioteca Provincial de Jaén', 'std_venue': 'Biblioteca Pública Provincial', 'start_date': '2026-02-24', 'start_time': '19:00:00', 'end_date': '2026-02-24', 'end_time': '__NOT_DEFINIED__', 'description': 'El Centro Andaluz de las Letras organiza en Jaén un encuentro con el economista y escritor David Jiménez-Blanco en torno a su libro Conversos. De Salomón Leví, rabino, a Pablo de Santa María, obispo. Una historia sobre nuestros orígenes (Ed. Almuzara). David Jiménez-Blanco , que debuta en el mundo literario con esta obra, conversará con el profesor de la UJA y director de la Real Sociedad Económica de Amigos del País de Jaén, José Ángel Marín Gámez, sobre las culturas que se han desarrollado alrededor del Mediterráneo y la coexistencia entre judíos, musulmanes y cristianos que se dio, no sin dificultades, en España hasta el final de la Edad Media. La cita será el martes 24 de febrero a las 19:00 horas en la Biblioteca Pública Provincial de Jaén (C/ Santo Reino, no 1). Entrada libre y gratuita hasta completar aforo.', 'others': {'location_url': '/cultura/agendaculturaldeandalucia/espacios/biblioteca-publica-del-estado-biblioteca-provincial-de-jaen', 'location2': 'Biblioteca Pública del Estado - Biblioteca Provincial de Jaén', 'duration': '__NOT_FOUND__', 'datetime_details': '24 de Febrero del 2026, 19:00 horas\n', 'town': '__NOT_FOUND__', 'location': 'Calle Santo Reino, 1, Jaén. Jaén', 'duration_days': '__NOT_FOUND__'}, 'source': 'JuntaAndaluciaAgenda', 'exec_time': '20260204T105002', 'session': '2026_02_04_09_04_Miercoles', 'image': 'https://www.juntadeandalucia.es/cultura/agendaculturaldeandalucia/sites/default/files/styles/header_activity_ext_2xl/public/external_images/david_jimenez-blanco.jpg.webp?itok=n9j-ZQL-', 'url': 'https://www.juntadeandalucia.es/cultura/agendaculturaldeandalucia/evento/jaen-encuentro-con-david-jimenez-blanco'}
13 / 32
Getting https://www.juntadeandalucia.es/cultura/agendaculturaldeandalucia/evento/sin-lengua-en-los-pelos
Sleep 4
--------------------
{'id': '4f990f59', 'show': 1, 'in_city': 1, 'one_day': 1, 'wrong_date_time': 0, 'event': 'Sin lengua en los pelos', 'id_venue': '5023dbce', 'venue': 'SALALApaca', 'std_venue': 'SalalaPaca', 'start_date': '2026-03-14', 'start_time': '20:00:00', 'end_date': '2026-03-14', 'end_time': '__NOT_DEFINIED__', 'description': 'Sin lengua en los pelos es el nuevo espectáculo de comedia del artista sevillano Jesús Piña . Un monólogo donde el cómico no se corta y cuenta todo tal y como lo ve con su marcado acento andaluz.', 'others': {'location_url': '/cultura/agendaculturaldeandalucia/espacios/salalapaca', 'location2': 'SALALApaca', 'duration': '__NOT_FOUND__', 'datetime_details': '14 de Marzo del 2026, 20:00 horas', 'town': '__NOT_FOUND__', 'location': 'C/ Manuel Caballero Venzalá, 22, Jaén. Jaén', 'duration_days': '__NOT_FOUND__'}, 'source': 'JuntaAndaluciaAgenda', 'exec_time': '20260204T105002', 'session': '2026_02_04_09_04_Miercoles', 'image': 'https://www.juntadeandalucia.es/cultura/agendaculturaldeandalucia/sites/default/files/styles/header_activity_ext_2xl/public/2026-01/sin-lengua-en-los-pelos.jpg.webp?itok=r8MmdjXA', 'url': 'https://www.juntadeandalucia.es/cultura/agendaculturaldeandalucia/evento/sin-lengua-en-los-pelos'}
14 / 32
Getting https://www.juntadeandalucia.es/cultura/agendaculturaldeandalucia/evento/andalucia-sinfonica-la-orquesta-filarmonica-de-malaga-en-baeza
Sleep 4
--------------------
{'id': 'fe0571ab', 'show': 1, 'in_city': 0, 'one_day': 1, 'wrong_date_time': 1, 'event': 'Andalucía Sinfónica: la Orquesta Filarmónica de Málaga en Baeza', 'id_venue': None, 'venue': 'Antigua Universidad de Baeza', 'std_venue': None, 'start_date': '__NOT_FOUND__', 'start_time': '__NOT_FOUND__', 'end_date': '__NOT_FOUND__', 'end_time': '__NOT_DEFINIED__', 'description': "El programa 'Andalucía Sinfónica' se llevará desde septiembre de 2025 y hasta junio de 2026 y consiste en una gira de conciertos por la comunidad andaluza de las siguientes orquestas institucionales: Orquesta de Córdoba Orquesta Ciudad de Granada Orquesta Filarmónica de Málaga Real Orquesta Sinfónica de Sevilla Almería, Cádiz, Huelva, Jaén, Roquetas de Mar, El Ejido, Linares, Úbeda, Baeza y Jerez de la Frontera serán escenarios de esta gira cuyo fin es dar visibilidad y difusión a la música sinfónica andaluza entre la mayor población posible. Sábado 30 de mayo de 2026 Patio de la Antigua Universidad- BAEZA Programa: Primera parte MANUEL BUSTO Invocación Bolera * Soniquete. Sinfonía... de lo jondo no 1 para mesa de percusión y orquesta ** Percusión flamenca Agustín Diassera Segunda parte JOAQUIN TURINA Sinfonía Sevillana, Op. 23 Panorama Por el río Guadalquivir Fiesta en San Juan de Aznalfarache Director: Manuel Bustos", 'others': {'location_url': '/cultura/agendaculturaldeandalucia/espacios/antigua-universidad-de-baeza', 'location2': 'Orquesta de Córdoba Orquesta Ciudad de Granada Orquesta Filarmónica de Málaga Real Orquesta Sinfónica de Sevilla Antigua Universidad de Baeza', 'duration': '__NOT_FOUND__', 'datetime_details': '30 de Mayo del 2026', 'town': '__NOT_FOUND__', 'location': 'Calle Conde Romanones, 1, Baeza. Jaén', 'duration_days': '__NOT_FOUND__'}, 'source': 'JuntaAndaluciaAgenda', 'exec_time': '20260204T105002', 'session': '2026_02_04_09_04_Miercoles', 'image': 'https://www.juntadeandalucia.es/cultura/agendaculturaldeandalucia/sites/default/files/styles/header_activity_ext_2xl/public/2025-09/AS_posts_general_16_9.jpg.webp?itok=anC0h2_s', 'url': 'https://www.juntadeandalucia.es/cultura/agendaculturaldeandalucia/evento/andalucia-sinfonica-la-orquesta-filarmonica-de-malaga-en-baeza'}
15 / 32
Getting https://www.juntadeandalucia.es/cultura/agendaculturaldeandalucia/evento/jose-luis-calero-humorista-de-guardia-en-cazorla
Sleep 4
--------------------
{'id': '39f9b7bf', 'show': 1, 'in_city': 0, 'one_day': 1, 'wrong_date_time': 0, 'event': 'José Luis Calero. Humorista de guardia, en Cazorla', 'id_venue': None, 'venue': 'Teatro de la Merced de Cazorla', 'std_venue': None, 'start_date': '2026-09-12', 'start_time': '21:00:00', 'end_date': '2026-09-12', 'end_time': '__NOT_DEFINIED__', 'description': 'Tras el gran éxito cosechado en sus anteriores giras nacionales con Mi gran noche de humor y Vivir Así es Morir de Humor , José Luis Calero vuelve de nuevo a los escenarios con su nuevo espectáculo HUMORISTA DE GUARDIA Con más de 1 millón y medio de seguidores y vídeos que han llegado a alcanzar los 12 millones de visualizaciones, además de ser un rostro habitual en programas de Telecinco o Canal Sur Radio, el humorista andaluz llega a los teatros para contarle al público su alocada y surrealista vida repleta de anécdotas y disparates. Una vida llena de comedia y de situaciones cotidianas que te hará sentir fielmente reflejado y que te obligará a decir frases como: "Y es verdad..." "esa es mi madre" o "eso me ha pasado a mi"... HUMORISTA DE GUARDIA. En nuestros días, los problemas son protagonistas en nuestras vidas. Problemas de trabajo, problemas familiares, problemas económicos y, lo que es peor, problemas de salud. Por todo esto, el joven humorista andaluz piensa que hoy más que nunca, el público necesita un humorista de guardia.', 'others': {'location_url': '/cultura/agendaculturaldeandalucia/espacios/teatro-de-la-merced-de-cazorla', 'location2': 'Más información de José Luis Calero en Facebook Más información de José Luis Calero en Instagram Más información de José Luis Calero en TikTok Más información de José Luis Calero en Twitter Teatro de la Merced de Cazorla', 'duration': '__NOT_FOUND__', 'datetime_details': '12 de Septiembre del 2026, 21:00 horas', 'town': '__NOT_FOUND__', 'location': 'C/ Francisco Martínez, 1, Cazorla. Jaén', 'duration_days': '__NOT_FOUND__'}, 'source': 'JuntaAndaluciaAgenda', 'exec_time': '20260204T105002', 'session': '2026_02_04_09_04_Miercoles', 'image': 'https://www.juntadeandalucia.es/cultura/agendaculturaldeandalucia/sites/default/files/styles/header_activity_ext_2xl/public/2025-01/calero_general.png.webp?itok=9o-UFOXN', 'url': 'https://www.juntadeandalucia.es/cultura/agendaculturaldeandalucia/evento/jose-luis-calero-humorista-de-guardia-en-cazorla'}
16 / 32
Getting https://www.juntadeandalucia.es/cultura/agendaculturaldeandalucia/espacios/evento/teatro-cervantes-de-linares
Sleep 4
--------------------
{'id': '5172007d', 'show': 1, 'in_city': 0, 'one_day': 1, 'wrong_date_time': 1, 'event': 'Teatro Cervantes de Linares (Jaén)', 'id_venue': None, 'venue': '__NOT_FOUND__', 'std_venue': None, 'start_date': '__NOT_FOUND__', 'start_time': '__NOT_FOUND__', 'end_date': '__NOT_FOUND__', 'end_time': '__NOT_DEFINIED__', 'description': 'Se recomienda consultar horario de cada evento.', 'others': {'location_url': '__NOT_FOUND__', 'location2': 'Calle Cervantes, s/n 953 69 20 57 cultura@aytolinares.es Visitar la pagina web', 'duration': '__NOT_FOUND__', 'datetime_details': '__NOT_FOUND__', 'town': '__NOT_FOUND__', 'location': 'Calle Cervantes, s/n, Linares, Jaén', 'duration_days': '__NOT_FOUND__'}, 'source': 'JuntaAndaluciaAgenda', 'exec_time': '20260204T105002', 'session': '2026_02_04_09_04_Miercoles', 'image': 'https://www.juntadeandalucia.es/cultura/agendaculturaldeandalucia/sites/default/files/styles/header_activity_2xl/public/image/2019/10/teatro_cervantes_linares_ayuntamiento_de_linares.jpg.webp?itok=DzuI_Md8', 'url': 'https://www.juntadeandalucia.es/cultura/agendaculturaldeandalucia/espacios/evento/teatro-cervantes-de-linares'}
17 / 32
Getting https://www.juntadeandalucia.es/cultura/agendaculturaldeandalucia/evento/concierto-de-galvan-real-en-jaen-gira-10-aniversario
Sleep 4
--------------------
{'id': '07432804', 'show': 1, 'in_city': 0, 'one_day': 1, 'wrong_date_time': 1, 'event': 'Concierto de Galván Real en Jaén. Gira 10 Aniversario', 'id_venue': None, 'venue': 'Úbeda. Recinto Ferial', 'std_venue': None, 'start_date': '2026-07-25', 'start_time': '__NOT_FOUND__', 'end_date': '2026-07-25', 'end_time': '__NOT_DEFINIED__', 'description': 'El concierto de Galván Real - Gira 10 Aniversario en Jaén está programado para el 25 de julio de 2026 en el Recinto Ferial de Úbeda a las 22:00 horas.', 'others': {'location_url': '/cultura/agendaculturaldeandalucia/espacios/ubeda-recinto-ferial', 'location2': 'Úbeda. Recinto Ferial', 'duration': '__NOT_FOUND__', 'datetime_details': '25 de Julio del 2026, A las 22:00h.', 'town': '__NOT_FOUND__', 'location': 'C/ Corredera de San Fernando, 32, Úbeda. Jaén', 'duration_days': '__NOT_FOUND__'}, 'source': 'JuntaAndaluciaAgenda', 'exec_time': '20260204T105002', 'session': '2026_02_04_09_04_Miercoles', 'image': 'https://www.juntadeandalucia.es/cultura/agendaculturaldeandalucia/sites/default/files/styles/header_activity_ext_2xl/public/2025-11/galvan-ubeda_400x504.jpg.webp?itok=adqK5Vdj', 'url': 'https://www.juntadeandalucia.es/cultura/agendaculturaldeandalucia/evento/concierto-de-galvan-real-en-jaen-gira-10-aniversario'}
18 / 32
Getting https://www.juntadeandalucia.es/cultura/agendaculturaldeandalucia/evento/flamencos-y-mestizos-ciudad-de-ubeda-0
Sleep 4
--------------------
{'id': 'adf57815', 'show': 1, 'in_city': 0, 'one_day': 0, 'wrong_date_time': 1, 'event': 'Flamencos y Mestizos, Ciudad de Úbeda', 'id_venue': None, 'venue': 'Centro Cultural del Hospital de Santiago', 'std_venue': None, 'start_date': '2026-04-24', 'start_time': '__NOT_FOUND__', 'end_date': '2026-05-10', 'end_time': '__NOT_DEFINIED__', 'description': "Programación: DORANTES: 'SCARLATTIANAS' Jornada inaugural: 24 de abril - 21h - Hospital de Santiago LAS MIGAS 25 de abril - 21h - La Central RANCAPINO CHICO // MORENITO DE ILLORA 30 de Abril - 21h - Iglesia de San Lorenzo LUCÍA 'LA PIÑONA' 1 de mayo - 21h - Hospital de Santiago MARÍA TERREMOTO 'MANIFIESTO' 2 de mayo - 21h - Hospital de Santiago NURÍA BARRIOS - Conferencia: SAN JUAN DE LA CRUZ EN EL FLAMENCO con la colab. Especial de José Romero “Torro” a la guitarra y Belén Vega al cante 7 de mayo - 21h - Museo San Juan de La Cruz ANDRÉS BARRIOS Con las colaboraciones especiales de: CARMEN YOUNG (bailaora) y EL YIYO (Bailaor) 8 de mayo - 21h - Hospital de Santiago \u2063JOSÉ MERCÉ 9 de mayo - 21h - Hospital de Santiago DALIA SÁNCHEZ 10 de mayo - 12h - Museo Andalusí Flamencos y mestizos Ciudad de Úbeda, dirigido por Paco Ortega. \u2063", 'others': {'location_url': '__NOT_FOUND__', 'location2': 'Centro Cultural del Hospital de Santiago Iglesia de San Lorenzo. Ubéda ', 'duration': '__NOT_FOUND__', 'datetime_details': '24 de Abril del 2026 - 10 de Mayo del 2026, 21:00 horas', 'town': '__NOT_FOUND__', 'location': 'Múltiples espacios', 'duration_days': '__NOT_FOUND__'}, 'source': 'JuntaAndaluciaAgenda', 'exec_time': '20260204T105002', 'session': '2026_02_04_09_04_Miercoles', 'image': 'https://www.juntadeandalucia.es/cultura/agendaculturaldeandalucia/sites/default/files/styles/header_activity_ext_2xl/public/2026-02/623259350_1416551613676130_5713685782396653868_n.jpg.webp?itok=0ebluwxt', 'url': 'https://www.juntadeandalucia.es/cultura/agendaculturaldeandalucia/evento/flamencos-y-mestizos-ciudad-de-ubeda-0'}
19 / 32
Getting https://www.juntadeandalucia.es/cultura/agendaculturaldeandalucia/evento/eva-y-que-en-bailen-me-teneis-frita
Sleep 4
--------------------
{'id': 'd3dbacf2', 'show': 1, 'in_city': 0, 'one_day': 1, 'wrong_date_time': 0, 'event': 'Eva y qué en Bailén: Me tenéis Frita', 'id_venue': None, 'venue': 'Casa de la Cultura de Bailén', 'std_venue': None, 'start_date': '2026-04-11', 'start_time': '19:00:00', 'end_date': '2026-04-11', 'end_time': '__NOT_DEFINIED__', 'description': '"Me tenéis Frita" es el espectáculo de monólogos de la humorista jiennense Eva y Qué , donde con humor directo y cercano se ríe de la vida moderna, el amor maduro y los temas cotidianos, invitando al público a desconectar y olvidarse de las preocupaciones, siendo un show lleno de "puro, intenso y con mucho cuerpo" como el buen aceite de oliva, con fechas de gira por España.', 'others': {'location_url': '/cultura/agendaculturaldeandalucia/espacios/casa-de-la-cultura-de-bailen', 'location2': 'Casa de la Cultura de Bailén', 'duration': '__NOT_FOUND__', 'datetime_details': '11 de Abril del 2026, 19:00 horas', 'town': '__NOT_FOUND__', 'location': 'C. Héroes de Bailén, 18, Bailén. Jaén', 'duration_days': '__NOT_FOUND__'}, 'source': 'JuntaAndaluciaAgenda', 'exec_time': '20260204T105002', 'session': '2026_02_04_09_04_Miercoles', 'image': 'https://www.juntadeandalucia.es/cultura/agendaculturaldeandalucia/sites/default/files/styles/header_activity_ext_2xl/public/2026-01/frita_bailen.jpg.webp?itok=nhn-7bgi', 'url': 'https://www.juntadeandalucia.es/cultura/agendaculturaldeandalucia/evento/eva-y-que-en-bailen-me-teneis-frita'}
20 / 32
Getting https://www.juntadeandalucia.es/cultura/agendaculturaldeandalucia/evento/dona-rosita-la-soltera-de-federico-garcia-lorca-0
Sleep 4
--------------------
{'id': '6690dae4', 'show': 1, 'in_city': 1, 'one_day': 1, 'wrong_date_time': 1, 'event': '"Doña Rosita la soltera", de Federico García Lorca', 'id_venue': 'b2bab125', 'venue': 'Biblioteca Pública Provincial de Jaén', 'std_venue': 'Biblioteca Pública Provincial', 'start_date': '2026-02-18', 'start_time': '__NOT_FOUND__', 'end_date': '2026-02-18', 'end_time': '__NOT_DEFINIED__', 'description': '#clublecturatextosdramaticos en colaboración con la Biblioteca Pública Provincial de Jaén y coordinado por la directora y autora dramática Lola Vico . El texto escogido para este mes es Doña Rosita la soltera , de Federico García Lorca . Es su última obra estrenada en vida, el 13 de diciembre de 1935, y narra los pesares de una chica provinciana, doña Rosita, que se ve abocada por las circunstancias laborales de su novio a separarse de él. Ella mantiene su amor intacto gracias a las cartas de amor que le llegan periódicamente de su amado. Poco a poco esas cartas van distanciándose en el tiempo, hasta el día en que recibe una con la ruptura definitiva de su relación, ya que su novio se ha casado con otra. Como comentaba el propio Lorca: “Doña Rosita es la vida mansa por fuera y requemada por dentro de una doncella granadina, que poco a poco se va convirtiendo en esa cosa grotesca y conmovedora que es una soltera en España”. Actividad #leeteatro en el marco de la programación cultural mensual del CIRAE #elcentroAescena.', 'others': {'location_url': '/cultura/agendaculturaldeandalucia/espacios/biblioteca-publica-provincial-de-jaen', 'location2': 'Biblioteca Pública Provincial de Jaén', 'duration': '__NOT_FOUND__', 'datetime_details': '18 de Febrero del 2026, De 18:30 a 20:00h\n', 'town': '__NOT_FOUND__', 'location': 'C/ Santo Reino, 1, Jaén. Jaén', 'duration_days': '__NOT_FOUND__'}, 'source': 'JuntaAndaluciaAgenda', 'exec_time': '20260204T105002', 'session': '2026_02_04_09_04_Miercoles', 'image': 'https://www.juntadeandalucia.es/cultura/agendaculturaldeandalucia/sites/default/files/styles/header_activity_ext_2xl/public/external_images/dO%25C3%2591A%2520ROSITA%2520Cl%2520Ja%25C3%25A9n.jpg.webp?itok=5Eh9ndvV', 'url': 'https://www.juntadeandalucia.es/cultura/agendaculturaldeandalucia/evento/dona-rosita-la-soltera-de-federico-garcia-lorca-0'}
21 / 32
Getting https://www.juntadeandalucia.es/cultura/agendaculturaldeandalucia/evento/comandante-lara-cia-en-martos
Sleep 4
--------------------
{'id': 'eb4ee6e6', 'show': 1, 'in_city': 0, 'one_day': 1, 'wrong_date_time': 1, 'event': 'Comandante Lara & CÍA en Martos', 'id_venue': None, 'venue': 'Teatro Municipal Maestro Álvarez Alonso', 'std_venue': None, 'start_date': '2026-03-28', 'start_time': '__NOT_FOUND__', 'end_date': '2026-03-28', 'end_time': '__NOT_DEFINIED__', 'description': 'Viaje con nosotros con el Comandante Lara & Cía , un viaje lleno de chascarrilos y risas con Vicente Ruidos y Jesús Tapia como personal de cabina. Siéntate en tu asiento y recibirás las instrucciones de seguridad para poder emprender el viaje hacia el país de la carcajada de un modo divertido y fácil. El mejor vuelo de tu vida.', 'others': {'location_url': '/cultura/agendaculturaldeandalucia/espacios/teatro-municipal-maestro-alvarez-alonso', 'location2': 'Teatro Municipal Maestro Álvarez Alonso', 'duration': '__NOT_FOUND__', 'datetime_details': '28 de Marzo del 2026, A las 18:00 y a las 21:00 horas', 'town': '__NOT_FOUND__', 'location': 'Parque Manuel Carrasco, s/n, Martos. Jaén', 'duration_days': '__NOT_FOUND__'}, 'source': 'JuntaAndaluciaAgenda', 'exec_time': '20260204T105002', 'session': '2026_02_04_09_04_Miercoles', 'image': 'https://www.juntadeandalucia.es/cultura/agendaculturaldeandalucia/sites/default/files/styles/header_activity_ext_2xl/public/2026-01/comandante_lara.jpg.webp?itok=dRRcpJmv', 'url': 'https://www.juntadeandalucia.es/cultura/agendaculturaldeandalucia/evento/comandante-lara-cia-en-martos'}
22 / 32
Getting https://www.juntadeandalucia.es/cultura/agendaculturaldeandalucia/evento/madre-caballo-de-antonio-onetti-2
Sleep 4
--------------------
{'id': 'e61e041c', 'show': 1, 'in_city': 1, 'one_day': 1, 'wrong_date_time': 1, 'event': '"Madre Caballo", de Antonio Onetti', 'id_venue': '410590a8', 'venue': 'Museo Arqueológico de Úbeda', 'std_venue': 'Museo Arqueológico', 'start_date': '2026-02-26', 'start_time': '__NOT_FOUND__', 'end_date': '2026-02-26', 'end_time': '__NOT_DEFINIED__', 'description': '#clublecturatextosdarmaticos en el Museo Arqueológico de Úbeda (Jaén) , y de la mano de Nati Villar , autora y directora. En colaboración con la Escuela Municipal de Teatro " Ricardo Iniesta " de Úbeda . Este mes se comentará la obra Madre Caballo , de Antonio Onetti , guionista de cine y televisión, dramaturgo, director de escena y profesor de dramaturgia. Desde el 30 de abril de 2020 está al frente de la Sociedad General de Autores y Editores (SGAE). Un fiel reflejo del problema de la droga y del sacrificio de una madre por sacar a su hijo de ese mundo. Esta obra fue llevada a escena por el Centro Andaluz de Teatro en 1997. Actividad #leeteatro en el marco de la programación cultural del CIRAE, #elcentroAescena.', 'others': {'location_url': '/cultura/agendaculturaldeandalucia/espacios/museo-arqueologico-de-ubeda', 'location2': 'Museo Arqueológico de Úbeda', 'duration': '__NOT_FOUND__', 'datetime_details': '26 de Febrero del 2026, De 18:00 a 19:30h\n', 'town': '__NOT_FOUND__', 'location': 'Casa Mudéjar. Calle Cervantes , 6, Úbeda. Jaén', 'duration_days': '__NOT_FOUND__'}, 'source': 'JuntaAndaluciaAgenda', 'exec_time': '20260204T105002', 'session': '2026_02_04_09_04_Miercoles', 'image': 'https://www.juntadeandalucia.es/cultura/agendaculturaldeandalucia/sites/default/files/styles/header_activity_ext_2xl/public/external_images/Madre%2520Caballo%2520%25C3%259Abedarrss.jpg.webp?itok=xnXEgTuJ', 'url': 'https://www.juntadeandalucia.es/cultura/agendaculturaldeandalucia/evento/madre-caballo-de-antonio-onetti-2'}
23 / 32
Getting https://www.juntadeandalucia.es/cultura/agendaculturaldeandalucia/evento/eva-y-que-en-bailen-me-teneis-frita-0
Sleep 4
--------------------
{'id': '3b67e779', 'show': 1, 'in_city': 0, 'one_day': 1, 'wrong_date_time': 0, 'event': 'Eva y qué en Bailén: Me tenéis Frita', 'id_venue': None, 'venue': 'Auditorio municipal de Jamilena', 'std_venue': None, 'start_date': '2026-05-16', 'start_time': '19:00:00', 'end_date': '2026-05-16', 'end_time': '__NOT_DEFINIED__', 'description': '"Me tenéis Frita" es el espectáculo de monólogos de la humorista jiennense Eva y Qué , donde con humor directo y cercano se ríe de la vida moderna, el amor maduro y los temas cotidianos, invitando al público a desconectar y olvidarse de las preocupaciones, siendo un show lleno de "puro, intenso y con mucho cuerpo" como el buen aceite de oliva, con fechas de gira por España.', 'others': {'location_url': '/cultura/agendaculturaldeandalucia/espacios/auditorio-municipal-de-jamilena', 'location2': 'Auditorio municipal de Jamilena', 'duration': '__NOT_FOUND__', 'datetime_details': '16 de Mayo del 2026, 19:00 horas', 'town': '__NOT_FOUND__', 'location': 'Calle Murillo 2, Jamilena. Jaén', 'duration_days': '__NOT_FOUND__'}, 'source': 'JuntaAndaluciaAgenda', 'exec_time': '20260204T105002', 'session': '2026_02_04_09_04_Miercoles', 'image': 'https://www.juntadeandalucia.es/cultura/agendaculturaldeandalucia/sites/default/files/styles/header_activity_ext_2xl/public/2026-01/3-83595x1-0vq1c.jpg.webp?itok=Iwmk8qgi', 'url': 'https://www.juntadeandalucia.es/cultura/agendaculturaldeandalucia/evento/eva-y-que-en-bailen-me-teneis-frita-0'}
24 / 32
Getting https://www.juntadeandalucia.es/cultura/agendaculturaldeandalucia/evento/el-hijo-del-hombre
Sleep 4
--------------------
{'id': '633cdee2', 'show': 1, 'in_city': 0, 'one_day': 1, 'wrong_date_time': 0, 'event': 'El hijo del hombre', 'id_venue': None, 'venue': 'Teatro Municipal de Alcaudete', 'std_venue': None, 'start_date': '2026-03-15', 'start_time': '18:00:00', 'end_date': '2026-03-15', 'end_time': '__NOT_DEFINIED__', 'description': '“El Hijo del Hombre” es un espectáculo que fusiona teatro, música en vivo y arte , consiguiendo emocionar al espectador en una experiencia íntima con Jesús de Nazaret . La vida de Jesús contada desde un punto de vista histórico, en la que, por primera vez, los personajes más influyentes, cuentan, en primera persona, todos sus pensamientos y motivos que le llevaron a defender o acusar a Jesús de Nazaret. Un recorrido por la vida del Nazareno, desde su Nacimiento, Bautismo y Muerte, hasta su anunciada Resurrección . “El Hijo del Hombre” plantea al público una doble narrativa en su dramaturgia. Dos contextos distintos para conocer la Gran Historia que transcurre en el interior de una escenografía con video mapping. Un viaje inmersivo a través del Arte, en la que el espectador conocerá la versión de los hechos ofrecida por autores como Miguel Ángel, Goya, Velázquez, Tiziano o El Greco . Todo alumbrado bajo la luz atenta de las velas y con una selección de música cofrade adaptada e interpretada con piano, violín, violonchelo y trompeta .', 'others': {'location_url': '/cultura/agendaculturaldeandalucia/espacios/teatro-municipal-de-alcaudete', 'location2': 'Teatro Municipal de Alcaudete', 'duration': '__NOT_FOUND__', 'datetime_details': '15 de Marzo del 2026, 18:00 horas', 'town': '__NOT_FOUND__', 'location': 'Calle Arroyo, 2, Alcaudete. Jaén', 'duration_days': '__NOT_FOUND__'}, 'source': 'JuntaAndaluciaAgenda', 'exec_time': '20260204T105002', 'session': '2026_02_04_09_04_Miercoles', 'image': 'https://www.juntadeandalucia.es/cultura/agendaculturaldeandalucia/sites/default/files/styles/header_activity_ext_2xl/public/2026-01/hijo_hombrei.jpeg.webp?itok=M0idp1hi', 'url': 'https://www.juntadeandalucia.es/cultura/agendaculturaldeandalucia/evento/el-hijo-del-hombre'}
25 / 32
Getting https://www.juntadeandalucia.es/cultura/agendaculturaldeandalucia/evento/festival-ibero-joven-en-jaen
Sleep 4
--------------------
{'id': '6d0f68fb', 'show': 1, 'in_city': 0, 'one_day': 1, 'wrong_date_time': 0, 'event': 'Festival Ibero Joven en Jaén', 'id_venue': None, 'venue': 'Peal de Becerro', 'std_venue': None, 'start_date': '2026-03-28', 'start_time': '18:00:00', 'end_date': '2026-03-28', 'end_time': '__NOT_DEFINIED__', 'description': 'Por el escenario del Ibero Joven pasarán, entre otros artistas y grupos: Sanguijuelas del Guadiana, Carmen y María, Flowtiago, La Década Prodigiosa, Miguel Bastida, SDM, Antonio Díaz DJ y el DJ Miras.', 'others': {'location_url': '/cultura/agendaculturaldeandalucia/espacios/peal-de-becerro', 'location2': 'Peal de Becerro', 'duration': '__NOT_FOUND__', 'datetime_details': '28 de Marzo del 2026, 18:00 horas', 'town': '__NOT_FOUND__', 'location': '23460 Peal de Becerro , Peal de Becerro. Jaén', 'duration_days': '__NOT_FOUND__'}, 'source': 'JuntaAndaluciaAgenda', 'exec_time': '20260204T105002', 'session': '2026_02_04_09_04_Miercoles', 'image': 'https://www.juntadeandalucia.es/cultura/agendaculturaldeandalucia/sites/default/files/styles/header_activity_ext_2xl/public/2026-01/ibero%20joven.jpg.webp?itok=nx3QPBi-', 'url': 'https://www.juntadeandalucia.es/cultura/agendaculturaldeandalucia/evento/festival-ibero-joven-en-jaen'}
26 / 32
Getting https://www.juntadeandalucia.es/cultura/agendaculturaldeandalucia/evento/maestros-de-la-magia-0
Sleep 4
--------------------
{'id': '17d4d0ce', 'show': 1, 'in_city': 1, 'one_day': 1, 'wrong_date_time': 0, 'event': 'Maestros de la magia', 'id_venue': '1bb137d9', 'venue': 'Teatro Infanta Leonor', 'std_venue': 'Teatro Infanta Leonor', 'start_date': '2026-03-07', 'start_time': '20:00:00', 'end_date': '2026-03-07', 'end_time': '__NOT_DEFINIED__', 'description': 'Edad recomendada: a partir de 4 años.', 'others': {'location_url': '/cultura/agendaculturaldeandalucia/evento/teatro-infanta-leonor-de-jaen', 'location2': 'Teatro Infanta Leonor', 'duration': '__NOT_FOUND__', 'datetime_details': '07 de Marzo del 2026, 20:00 horas', 'town': '__NOT_FOUND__', 'location': 'C/ Molino de Condesa, s/n, Jaén. Jaén', 'duration_days': '__NOT_FOUND__'}, 'source': 'JuntaAndaluciaAgenda', 'exec_time': '20260204T105002', 'session': '2026_02_04_09_04_Miercoles', 'image': 'https://www.juntadeandalucia.es/cultura/agendaculturaldeandalucia/sites/default/files/styles/header_activity_ext_2xl/public/2026-01/Maestros%20de%20la%20Magia%20-%20Teatro%20Infanta%20Leonor.jpg.webp?itok=jL71WnJ6', 'url': 'https://www.juntadeandalucia.es/cultura/agendaculturaldeandalucia/evento/maestros-de-la-magia-0'}
27 / 32
Getting https://www.juntadeandalucia.es/cultura/agendaculturaldeandalucia/evento/turismointerior-teatrointerior-9
Sleep 4
--------------------
{'id': 'abdd9a46', 'show': 1, 'in_city': 0, 'one_day': 1, 'wrong_date_time': 0, 'event': 'turismointerior (teatrointerior)', 'id_venue': None, 'venue': 'Teatro Municipal Maestro Álvarez Alonso', 'std_venue': None, 'start_date': '2026-04-15', 'start_time': '10:00:00', 'end_date': '2026-04-15', 'end_time': '__NOT_DEFINIED__', 'description': 'COMPAÑÍA: David Montero / La Suite DURACIÓN: 60 min Misma de la convocatoria anterior', 'others': {'location_url': '/cultura/agendaculturaldeandalucia/espacios/teatro-municipal-maestro-alvarez-alonso', 'location2': 'Teatro Municipal Maestro Álvarez Alonso', 'duration': '60', 'datetime_details': '15 de Abril del 2026, 10:00\n', 'town': '__NOT_FOUND__', 'location': 'Parque Manuel Carrasco, s/n, Martos. Jaén', 'duration_days': '__NOT_FOUND__'}, 'source': 'JuntaAndaluciaAgenda', 'exec_time': '20260204T105002', 'session': '2026_02_04_09_04_Miercoles', 'image': 'https://www.juntadeandalucia.es/cultura/agendaculturaldeandalucia/sites/default/files/styles/header_activity_ext_2xl/public/external_images/WhatsAppImage2025-09-19at14.43.40.jpeg.webp?itok=xRlls3N8', 'url': 'https://www.juntadeandalucia.es/cultura/agendaculturaldeandalucia/evento/turismointerior-teatrointerior-9'}
28 / 32
Getting https://www.juntadeandalucia.es/cultura/agendaculturaldeandalucia/evento/el-brujo-con-comico
Sleep 4
--------------------
{'id': '52b2fbc5', 'show': 1, 'in_city': 0, 'one_day': 1, 'wrong_date_time': 0, 'event': "El Brujo, con 'Cómico'", 'id_venue': None, 'venue': 'Auditorio Municipal de Mengíbar', 'std_venue': None, 'start_date': '2026-03-15', 'start_time': '19:00:00', 'end_date': '2026-03-15', 'end_time': '__NOT_DEFINIED__', 'description': 'Es una propuesta escénica brillante en la que el ingenio, el humor y la palabra se entrelazan de la mano de un maestro absoluto. Un teatro en estado puro, sin artificios, donde El Brujo reflexiona y comparte su particular mirada sobre la vida y el oficio, guiando al público por su larga trayectoria sobre los escenarios y mostrando, como él mismo afirma, “el andamiaje” que sostiene el teatro. Una velada excepcional e irrepetible, pensada para disfrutar, pensar y abandonarse al talento de uno de los grandes nombres del teatro español.', 'others': {'location_url': '/cultura/agendaculturaldeandalucia/espacios/auditorio-municipal-de-mengibar', 'location2': 'Auditorio Municipal de Mengíbar', 'duration': '__NOT_FOUND__', 'datetime_details': '15 de Marzo del 2026, 19:00 horas', 'town': '__NOT_FOUND__', 'location': 'Avenida Francisco Pretel de Gámez, 4 , Mengíbar. Jaén', 'duration_days': '__NOT_FOUND__'}, 'source': 'JuntaAndaluciaAgenda', 'exec_time': '20260204T105002', 'session': '2026_02_04_09_04_Miercoles', 'image': 'https://www.juntadeandalucia.es/cultura/agendaculturaldeandalucia/sites/default/files/styles/header_activity_ext_2xl/public/2026-01/brujo.png.webp?itok=gQaX0sIa', 'url': 'https://www.juntadeandalucia.es/cultura/agendaculturaldeandalucia/evento/el-brujo-con-comico'}
29 / 32
Getting https://www.juntadeandalucia.es/cultura/agendaculturaldeandalucia/evento/andalucia-sinfonica-concierto-de-la-real-orquesta-sinfonica-de-sevilla-en-linares
Sleep 4
--------------------
{'id': '20ac2150', 'show': 1, 'in_city': 0, 'one_day': 1, 'wrong_date_time': 1, 'event': 'Andalucía Sinfónica: Concierto de la Real Orquesta Sinfónica de Sevilla en Linares', 'id_venue': None, 'venue': 'Teatro Cervantes de Linares (Jaén)', 'std_venue': None, 'start_date': '__NOT_FOUND__', 'start_time': '__NOT_FOUND__', 'end_date': '__NOT_FOUND__', 'end_time': '__NOT_DEFINIED__', 'description': 'Concierto en Linares de la Real Orquesta Sinfónica de Sevilla', 'others': {'location_url': '/cultura/agendaculturaldeandalucia/espacios/evento/teatro-cervantes-de-linares', 'location2': 'Orquesta de Córdoba Orquesta Ciudad de Granada Orquesta Filarmónica de Málaga Real Orquesta Sinfónica de Sevilla Teatro Cervantes de Linares (Jaén)', 'duration': '__NOT_FOUND__', 'datetime_details': '09 de Mayo del 2026', 'town': '__NOT_FOUND__', 'location': 'Calle Cervantes, s/n, Linares. Jaén', 'duration_days': '__NOT_FOUND__'}, 'source': 'JuntaAndaluciaAgenda', 'exec_time': '20260204T105002', 'session': '2026_02_04_09_04_Miercoles', 'image': 'https://www.juntadeandalucia.es/cultura/agendaculturaldeandalucia/sites/default/files/styles/header_activity_ext_2xl/public/2025-09/AS_posts_general_16_9.jpg.webp?itok=anC0h2_s', 'url': 'https://www.juntadeandalucia.es/cultura/agendaculturaldeandalucia/evento/andalucia-sinfonica-concierto-de-la-real-orquesta-sinfonica-de-sevilla-en-linares'}
30 / 32
Getting https://www.juntadeandalucia.es/cultura/agendaculturaldeandalucia/evento/sentir-baeza-aove-fest-0
Sleep 4
--------------------
{'id': '872bde79', 'show': 1, 'in_city': 0, 'one_day': 0, 'wrong_date_time': 1, 'event': 'Sentir Baeza AOVE Fest', 'id_venue': None, 'venue': 'Recinto Ferial de Baeza', 'std_venue': None, 'start_date': '2026-06-12', 'start_time': '__NOT_FOUND__', 'end_date': '2026-06-13', 'end_time': '__NOT_DEFINIED__', 'description': 'Baeza se prepara para celebrar un fin de semana de música, cultura y gastronomía. La cuarta edición del Sentir Baeza AOVE Fest 2026 se celebrará los días 12 y 13 de junio en el Recinto Ferial de la ciudad .', 'others': {'location_url': '/cultura/agendaculturaldeandalucia/espacios/recinto-ferial-de-baeza', 'location2': 'Facebook del festival Instagram del festival Recinto Ferial de Baeza', 'duration': '__NOT_FOUND__', 'datetime_details': '12 de Junio del 2026 - 13 de Junio del 2026, Consultar horarios', 'town': '__NOT_FOUND__', 'location': 'Calle Panamá, s/n, Baeza. Jaén', 'duration_days': '__NOT_FOUND__'}, 'source': 'JuntaAndaluciaAgenda', 'exec_time': '20260204T105002', 'session': '2026_02_04_09_04_Miercoles', 'image': 'https://www.juntadeandalucia.es/cultura/agendaculturaldeandalucia/sites/default/files/styles/header_activity_ext_2xl/public/2026-01/sentir-baeza-2026.jpg.webp?itok=V_6FRT4N', 'url': 'https://www.juntadeandalucia.es/cultura/agendaculturaldeandalucia/evento/sentir-baeza-aove-fest-0'}
31 / 32
Getting https://www.juntadeandalucia.es/cultura/agendaculturaldeandalucia/evento/jose-luis-calero-humorista-de-guardia-en-jaen
Sleep 4
--------------------
{'id': '38c544f3', 'show': 1, 'in_city': 1, 'one_day': 1, 'wrong_date_time': 0, 'event': 'José Luis Calero. Humorista de guardia, en Jaén', 'id_venue': '1bb137d9', 'venue': 'Teatro Infanta Leonor', 'std_venue': 'Teatro Infanta Leonor', 'start_date': '2026-02-20', 'start_time': '21:00:00', 'end_date': '2026-02-20', 'end_time': '__NOT_DEFINIED__', 'description': 'Tras el gran éxito cosechado en sus anteriores giras nacionales con Mi gran noche de humor y Vivir Así es Morir de Humor , José Luis Calero vuelve de nuevo a los escenarios con su nuevo espectáculo HUMORISTA DE GUARDIA Con más de 1 millón y medio de seguidores y vídeos que han llegado a alcanzar los 12 millones de visualizaciones, además de ser un rostro habitual en programas de Telecinco o Canal Sur Radio, el humorista andaluz llega a los teatros para contarle al público su alocada y surrealista vida repleta de anécdotas y disparates. Una vida llena de comedia y de situaciones cotidianas que te hará sentir fielmente reflejado y que te obligará a decir frases como: "Y es verdad..." "esa es mi madre" o "eso me ha pasado a mi"... HUMORISTA DE GUARDIA. En nuestros días, los problemas son protagonistas en nuestras vidas. Problemas de trabajo, problemas familiares, problemas económicos y, lo que es peor, problemas de salud. Por todo esto, el joven humorista andaluz piensa que hoy más que nunca, el público necesita un humorista de guardia.', 'others': {'location_url': '/cultura/agendaculturaldeandalucia/evento/teatro-infanta-leonor-de-jaen', 'location2': 'Más información de José Luis Calero en Facebook Más información de José Luis Calero en Instagram Más información de José Luis Calero en TikTok Más información de José Luis Calero en Twitter Teatro Infanta Leonor', 'duration': '__NOT_FOUND__', 'datetime_details': '20 de Febrero del 2026, 21:00 horas', 'town': '__NOT_FOUND__', 'location': 'C/ Molino de Condesa, s/n, Jaén. Jaén', 'duration_days': '__NOT_FOUND__'}, 'source': 'JuntaAndaluciaAgenda', 'exec_time': '20260204T105002', 'session': '2026_02_04_09_04_Miercoles', 'image': 'https://www.juntadeandalucia.es/cultura/agendaculturaldeandalucia/sites/default/files/styles/header_activity_ext_2xl/public/2025-01/calero_general.png.webp?itok=9o-UFOXN', 'url': 'https://www.juntadeandalucia.es/cultura/agendaculturaldeandalucia/evento/jose-luis-calero-humorista-de-guardia-en-jaen'}
****************************
Saving 32 new events
Saving in  /home/ubuntu/data_storage/Jaen/2026_02_04_09_04_Miercoles/0_raw/20260204_1050_JuntaAndaluciaAgenda.json
Saving 32 master url
Appending to  /home/ubuntu/data_storage/Jaen/00_master/master_url.json
