Launching scraper: AlmeriaCiudad
Failed - 2026-02-24T18:18:01Z

dag: FisgonTaskSelenium (8.0s)
│
└─tarea_1 (8.0s) [failed]
  ├─bash -lc 'set -eo pipefail; export DOCKER_CONFIG=/tmp/.docker HOME=/tmp;
  │   SELENIUM_NAME="selenium_${DAG_RUN_ID:-$$}_$(date +%s)"; cleanup() {
  │   docker rm -f "$SELENIUM_NAME" >/dev/null 2>&1 || true; }; trap cleanup
  │   EXIT; docker run -d --rm --name "$SELENIUM_NAME" --shm-size=2g -e
  │   SE_NODE_MAX_SESSIONS=1 -e SE_NODE_OVERRIDE_MAX_SESSIONS=true
  │   selenium/standalone-chrome:latest >/dev/null; docker exec
  │   "$SELENIUM_NAME" bash -c "for i in \$(seq 1 60); do (echo >
  │   /dev/tcp/127.0.0.1/4444) >/dev/null 2>&1 && exit 0; sleep 1; done; exit
  │   1"; docker run --rm --network container:"$SELENIUM_NAME" -v
  │   /home/ubuntu/work/fisgon:/app -v
  │   /home/ubuntu/data_storage:/home/ubuntu/data_storage -v
  │   /home/ubuntu/work/event_flask_app/static/img:/home/ubuntu/work/event_fla
  │   sk_app/static/img -w /app -e OPERATION=0 -e DOCKER_CONFIG=/tmp/.docker
  │   -e HOME=/tmp -e TARGET_CITY -e TARGET_SCRAPER -e
  │   DAG_RUN_URL="${DAGU_BASE_URL:-}/dags/${DAG_NAME}?dagRunId=${DAG_RUN_ID}"
  │   -e
  │   DAG_RUN_LOG_URL="${DAGU_BASE_URL:-}/dags/${DAG_NAME}/log?remoteNode=loca
  │   l&step=tarea_1&dagRunId=${DAG_RUN_ID}" fisgon_scraper:1.0'
  │
  ├─stdout:
  │   RUNNING VARS →
  │   CITY=Almeria,
  │   OPERATION=0,
  │   CREATE_SESSION=0,
  │   CLOSE_SESSION=0,
  │   SESSION=None,
  │   IMAGES=0,
  │   GET_SCRAPERS=
  │   SCRAPER=AlmeriaCiudad
  │   DAG_RUN_URL=/dags/FisgonTaskSelenium/log?remoteNode=local&step=tarea_1&d
  │   agRunId=019c90df-54cd-7360-8490-bdeeba524cd2
  ├─stderr:
  │   Traceback (most recent call last):
  │   File "/app/run.py", line 118, in <module>
  │   from orchestration.almeria import events_extractors
  │   File "/app/orchestration/almeria.py", line 1, in <module>
  │   from scraper.extractors.url_iterator.fical import Fical
  │   File "/app/scraper/extractors/url_iterator/fical.py", line 6, in
  │   <module>
  │   from scraper.extractors.url_iterator.abc_url_iterator_extractor import
  │   UrlIteratorExtractor
  │   File
  │   "/app/scraper/extractors/url_iterator/abc_url_iterator_extractor.py",
  │   line 5, in <module>
  │   from scraper.extractors.abc_event_model_extractor import
  │   EventModelExtractor
  │   File "/app/scraper/extractors/abc_event_model_extractor.py", line 5, in
  │   <module>
  │   from titlecase import titlecase
  │   ModuleNotFoundError: No module named 'titlecase'
  │
  └─error: failed to execute step "tarea_1": exit status 1

Result: Failed

Launching scraper: AlmeriaTurismo
Failed - 2026-02-24T18:18:09Z

dag: FisgonTaskSelenium (5.0s)
│
└─tarea_1 (5.0s) [failed]
  ├─bash -lc 'set -eo pipefail; export DOCKER_CONFIG=/tmp/.docker HOME=/tmp;
  │   SELENIUM_NAME="selenium_${DAG_RUN_ID:-$$}_$(date +%s)"; cleanup() {
  │   docker rm -f "$SELENIUM_NAME" >/dev/null 2>&1 || true; }; trap cleanup
  │   EXIT; docker run -d --rm --name "$SELENIUM_NAME" --shm-size=2g -e
  │   SE_NODE_MAX_SESSIONS=1 -e SE_NODE_OVERRIDE_MAX_SESSIONS=true
  │   selenium/standalone-chrome:latest >/dev/null; docker exec
  │   "$SELENIUM_NAME" bash -c "for i in \$(seq 1 60); do (echo >
  │   /dev/tcp/127.0.0.1/4444) >/dev/null 2>&1 && exit 0; sleep 1; done; exit
  │   1"; docker run --rm --network container:"$SELENIUM_NAME" -v
  │   /home/ubuntu/work/fisgon:/app -v
  │   /home/ubuntu/data_storage:/home/ubuntu/data_storage -v
  │   /home/ubuntu/work/event_flask_app/static/img:/home/ubuntu/work/event_fla
  │   sk_app/static/img -w /app -e OPERATION=0 -e DOCKER_CONFIG=/tmp/.docker
  │   -e HOME=/tmp -e TARGET_CITY -e TARGET_SCRAPER -e
  │   DAG_RUN_URL="${DAGU_BASE_URL:-}/dags/${DAG_NAME}?dagRunId=${DAG_RUN_ID}"
  │   -e
  │   DAG_RUN_LOG_URL="${DAGU_BASE_URL:-}/dags/${DAG_NAME}/log?remoteNode=loca
  │   l&step=tarea_1&dagRunId=${DAG_RUN_ID}" fisgon_scraper:1.0'
  │
  ├─stdout:
  │   RUNNING VARS →
  │   CITY=Almeria,
  │   OPERATION=0,
  │   CREATE_SESSION=0,
  │   CLOSE_SESSION=0,
  │   SESSION=None,
  │   IMAGES=0,
  │   GET_SCRAPERS=
  │   SCRAPER=AlmeriaTurismo
  │   DAG_RUN_URL=/dags/FisgonTaskSelenium/log?remoteNode=local&step=tarea_1&d
  │   agRunId=019c90df-7623-7c4e-a051-e0ee59f2945e
  ├─stderr:
  │   Traceback (most recent call last):
  │   File "/app/run.py", line 118, in <module>
  │   from orchestration.almeria import events_extractors
  │   File "/app/orchestration/almeria.py", line 1, in <module>
  │   from scraper.extractors.url_iterator.fical import Fical
  │   File "/app/scraper/extractors/url_iterator/fical.py", line 6, in
  │   <module>
  │   from scraper.extractors.url_iterator.abc_url_iterator_extractor import
  │   UrlIteratorExtractor
  │   File
  │   "/app/scraper/extractors/url_iterator/abc_url_iterator_extractor.py",
  │   line 5, in <module>
  │   from scraper.extractors.abc_event_model_extractor import
  │   EventModelExtractor
  │   File "/app/scraper/extractors/abc_event_model_extractor.py", line 5, in
  │   <module>
  │   from titlecase import titlecase
  │   ModuleNotFoundError: No module named 'titlecase'
  │
  └─error: failed to execute step "tarea_1": exit status 1

Result: Failed

Launching scraper: JuntaAndaluciaAgenda
Failed - 2026-02-24T18:18:14Z

dag: FisgonTaskSelenium (6.0s)
│
└─tarea_1 (6.0s) [failed]
  ├─bash -lc 'set -eo pipefail; export DOCKER_CONFIG=/tmp/.docker HOME=/tmp;
  │   SELENIUM_NAME="selenium_${DAG_RUN_ID:-$$}_$(date +%s)"; cleanup() {
  │   docker rm -f "$SELENIUM_NAME" >/dev/null 2>&1 || true; }; trap cleanup
  │   EXIT; docker run -d --rm --name "$SELENIUM_NAME" --shm-size=2g -e
  │   SE_NODE_MAX_SESSIONS=1 -e SE_NODE_OVERRIDE_MAX_SESSIONS=true
  │   selenium/standalone-chrome:latest >/dev/null; docker exec
  │   "$SELENIUM_NAME" bash -c "for i in \$(seq 1 60); do (echo >
  │   /dev/tcp/127.0.0.1/4444) >/dev/null 2>&1 && exit 0; sleep 1; done; exit
  │   1"; docker run --rm --network container:"$SELENIUM_NAME" -v
  │   /home/ubuntu/work/fisgon:/app -v
  │   /home/ubuntu/data_storage:/home/ubuntu/data_storage -v
  │   /home/ubuntu/work/event_flask_app/static/img:/home/ubuntu/work/event_fla
  │   sk_app/static/img -w /app -e OPERATION=0 -e DOCKER_CONFIG=/tmp/.docker
  │   -e HOME=/tmp -e TARGET_CITY -e TARGET_SCRAPER -e
  │   DAG_RUN_URL="${DAGU_BASE_URL:-}/dags/${DAG_NAME}?dagRunId=${DAG_RUN_ID}"
  │   -e
  │   DAG_RUN_LOG_URL="${DAGU_BASE_URL:-}/dags/${DAG_NAME}/log?remoteNode=loca
  │   l&step=tarea_1&dagRunId=${DAG_RUN_ID}" fisgon_scraper:1.0'
  │
  ├─stdout:
  │   RUNNING VARS →
  │   CITY=Almeria,
  │   OPERATION=0,
  │   CREATE_SESSION=0,
  │   CLOSE_SESSION=0,
  │   SESSION=None,
  │   IMAGES=0,
  │   GET_SCRAPERS=
  │   SCRAPER=JuntaAndaluciaAgenda
  │   DAG_RUN_URL=/dags/FisgonTaskSelenium/log?remoteNode=local&step=tarea_1&d
  │   agRunId=019c90df-882a-765c-947a-4adfbde5d4a1
  ├─stderr:
  │   Traceback (most recent call last):
  │   File "/app/run.py", line 118, in <module>
  │   from orchestration.almeria import events_extractors
  │   File "/app/orchestration/almeria.py", line 1, in <module>
  │   from scraper.extractors.url_iterator.fical import Fical
  │   File "/app/scraper/extractors/url_iterator/fical.py", line 6, in
  │   <module>
  │   from scraper.extractors.url_iterator.abc_url_iterator_extractor import
  │   UrlIteratorExtractor
  │   File
  │   "/app/scraper/extractors/url_iterator/abc_url_iterator_extractor.py",
  │   line 5, in <module>
  │   from scraper.extractors.abc_event_model_extractor import
  │   EventModelExtractor
  │   File "/app/scraper/extractors/abc_event_model_extractor.py", line 5, in
  │   <module>
  │   from titlecase import titlecase
  │   ModuleNotFoundError: No module named 'titlecase'
  │
  └─error: failed to execute step "tarea_1": exit status 1

Result: Failed

Launching scraper: ClassicJazz
Failed - 2026-02-24T18:18:20Z

dag: FisgonTaskSelenium (4.0s)
│
└─tarea_1 (4.0s) [failed]
  ├─bash -lc 'set -eo pipefail; export DOCKER_CONFIG=/tmp/.docker HOME=/tmp;
  │   SELENIUM_NAME="selenium_${DAG_RUN_ID:-$$}_$(date +%s)"; cleanup() {
  │   docker rm -f "$SELENIUM_NAME" >/dev/null 2>&1 || true; }; trap cleanup
  │   EXIT; docker run -d --rm --name "$SELENIUM_NAME" --shm-size=2g -e
  │   SE_NODE_MAX_SESSIONS=1 -e SE_NODE_OVERRIDE_MAX_SESSIONS=true
  │   selenium/standalone-chrome:latest >/dev/null; docker exec
  │   "$SELENIUM_NAME" bash -c "for i in \$(seq 1 60); do (echo >
  │   /dev/tcp/127.0.0.1/4444) >/dev/null 2>&1 && exit 0; sleep 1; done; exit
  │   1"; docker run --rm --network container:"$SELENIUM_NAME" -v
  │   /home/ubuntu/work/fisgon:/app -v
  │   /home/ubuntu/data_storage:/home/ubuntu/data_storage -v
  │   /home/ubuntu/work/event_flask_app/static/img:/home/ubuntu/work/event_fla
  │   sk_app/static/img -w /app -e OPERATION=0 -e DOCKER_CONFIG=/tmp/.docker
  │   -e HOME=/tmp -e TARGET_CITY -e TARGET_SCRAPER -e
  │   DAG_RUN_URL="${DAGU_BASE_URL:-}/dags/${DAG_NAME}?dagRunId=${DAG_RUN_ID}"
  │   -e
  │   DAG_RUN_LOG_URL="${DAGU_BASE_URL:-}/dags/${DAG_NAME}/log?remoteNode=loca
  │   l&step=tarea_1&dagRunId=${DAG_RUN_ID}" fisgon_scraper:1.0'
  │
  ├─stdout:
  │   RUNNING VARS →
  │   CITY=Almeria,
  │   OPERATION=0,
  │   CREATE_SESSION=0,
  │   CLOSE_SESSION=0,
  │   SESSION=None,
  │   IMAGES=0,
  │   GET_SCRAPERS=
  │   SCRAPER=ClassicJazz
  │   DAG_RUN_URL=/dags/FisgonTaskSelenium/log?remoteNode=local&step=tarea_1&d
  │   agRunId=019c90df-9ee7-7a7f-b9c1-c3c8890edf8d
  ├─stderr:
  │   Traceback (most recent call last):
  │   File "/app/run.py", line 118, in <module>
  │   from orchestration.almeria import events_extractors
  │   File "/app/orchestration/almeria.py", line 1, in <module>
  │   from scraper.extractors.url_iterator.fical import Fical
  │   File "/app/scraper/extractors/url_iterator/fical.py", line 6, in
  │   <module>
  │   from scraper.extractors.url_iterator.abc_url_iterator_extractor import
  │   UrlIteratorExtractor
  │   File
  │   "/app/scraper/extractors/url_iterator/abc_url_iterator_extractor.py",
  │   line 5, in <module>
  │   from scraper.extractors.abc_event_model_extractor import
  │   EventModelExtractor
  │   File "/app/scraper/extractors/abc_event_model_extractor.py", line 5, in
  │   <module>
  │   from titlecase import titlecase
  │   ModuleNotFoundError: No module named 'titlecase'
  │
  └─error: failed to execute step "tarea_1": exit status 1

Result: Failed

Launching scraper: FlowteTaquillaCultural
Failed - 2026-02-24T18:18:24Z

dag: FisgonTaskSelenium (7.0s)
│
└─tarea_1 (7.0s) [failed]
  ├─bash -lc 'set -eo pipefail; export DOCKER_CONFIG=/tmp/.docker HOME=/tmp;
  │   SELENIUM_NAME="selenium_${DAG_RUN_ID:-$$}_$(date +%s)"; cleanup() {
  │   docker rm -f "$SELENIUM_NAME" >/dev/null 2>&1 || true; }; trap cleanup
  │   EXIT; docker run -d --rm --name "$SELENIUM_NAME" --shm-size=2g -e
  │   SE_NODE_MAX_SESSIONS=1 -e SE_NODE_OVERRIDE_MAX_SESSIONS=true
  │   selenium/standalone-chrome:latest >/dev/null; docker exec
  │   "$SELENIUM_NAME" bash -c "for i in \$(seq 1 60); do (echo >
  │   /dev/tcp/127.0.0.1/4444) >/dev/null 2>&1 && exit 0; sleep 1; done; exit
  │   1"; docker run --rm --network container:"$SELENIUM_NAME" -v
  │   /home/ubuntu/work/fisgon:/app -v
  │   /home/ubuntu/data_storage:/home/ubuntu/data_storage -v
  │   /home/ubuntu/work/event_flask_app/static/img:/home/ubuntu/work/event_fla
  │   sk_app/static/img -w /app -e OPERATION=0 -e DOCKER_CONFIG=/tmp/.docker
  │   -e HOME=/tmp -e TARGET_CITY -e TARGET_SCRAPER -e
  │   DAG_RUN_URL="${DAGU_BASE_URL:-}/dags/${DAG_NAME}?dagRunId=${DAG_RUN_ID}"
  │   -e
  │   DAG_RUN_LOG_URL="${DAGU_BASE_URL:-}/dags/${DAG_NAME}/log?remoteNode=loca
  │   l&step=tarea_1&dagRunId=${DAG_RUN_ID}" fisgon_scraper:1.0'
  │
  ├─stdout:
  │   RUNNING VARS →
  │   CITY=Almeria,
  │   OPERATION=0,
  │   CREATE_SESSION=0,
  │   CLOSE_SESSION=0,
  │   SESSION=None,
  │   IMAGES=0,
  │   GET_SCRAPERS=
  │   SCRAPER=FlowteTaquillaCultural
  │   DAG_RUN_URL=/dags/FisgonTaskSelenium/log?remoteNode=local&step=tarea_1&d
  │   agRunId=019c90df-b114-7047-b0a6-2cd264d3b4ae
  ├─stderr:
  │   Traceback (most recent call last):
  │   File "/app/run.py", line 118, in <module>
  │   from orchestration.almeria import events_extractors
  │   File "/app/orchestration/almeria.py", line 1, in <module>
  │   from scraper.extractors.url_iterator.fical import Fical
  │   File "/app/scraper/extractors/url_iterator/fical.py", line 6, in
  │   <module>
  │   from scraper.extractors.url_iterator.abc_url_iterator_extractor import
  │   UrlIteratorExtractor
  │   File
  │   "/app/scraper/extractors/url_iterator/abc_url_iterator_extractor.py",
  │   line 5, in <module>
  │   from scraper.extractors.abc_event_model_extractor import
  │   EventModelExtractor
  │   File "/app/scraper/extractors/abc_event_model_extractor.py", line 5, in
  │   <module>
  │   from titlecase import titlecase
  │   ModuleNotFoundError: No module named 'titlecase'
  │
  └─error: failed to execute step "tarea_1": exit status 1

Result: Failed

Launching scraper: Entradium
Failed - 2026-02-24T18:18:31Z

dag: FisgonTaskSelenium (4.0s)
│
└─tarea_1 (4.0s) [failed]
  ├─bash -lc 'set -eo pipefail; export DOCKER_CONFIG=/tmp/.docker HOME=/tmp;
  │   SELENIUM_NAME="selenium_${DAG_RUN_ID:-$$}_$(date +%s)"; cleanup() {
  │   docker rm -f "$SELENIUM_NAME" >/dev/null 2>&1 || true; }; trap cleanup
  │   EXIT; docker run -d --rm --name "$SELENIUM_NAME" --shm-size=2g -e
  │   SE_NODE_MAX_SESSIONS=1 -e SE_NODE_OVERRIDE_MAX_SESSIONS=true
  │   selenium/standalone-chrome:latest >/dev/null; docker exec
  │   "$SELENIUM_NAME" bash -c "for i in \$(seq 1 60); do (echo >
  │   /dev/tcp/127.0.0.1/4444) >/dev/null 2>&1 && exit 0; sleep 1; done; exit
  │   1"; docker run --rm --network container:"$SELENIUM_NAME" -v
  │   /home/ubuntu/work/fisgon:/app -v
  │   /home/ubuntu/data_storage:/home/ubuntu/data_storage -v
  │   /home/ubuntu/work/event_flask_app/static/img:/home/ubuntu/work/event_fla
  │   sk_app/static/img -w /app -e OPERATION=0 -e DOCKER_CONFIG=/tmp/.docker
  │   -e HOME=/tmp -e TARGET_CITY -e TARGET_SCRAPER -e
  │   DAG_RUN_URL="${DAGU_BASE_URL:-}/dags/${DAG_NAME}?dagRunId=${DAG_RUN_ID}"
  │   -e
  │   DAG_RUN_LOG_URL="${DAGU_BASE_URL:-}/dags/${DAG_NAME}/log?remoteNode=loca
  │   l&step=tarea_1&dagRunId=${DAG_RUN_ID}" fisgon_scraper:1.0'
  │
  ├─stdout:
  │   RUNNING VARS →
  │   CITY=Almeria,
  │   OPERATION=0,
  │   CREATE_SESSION=0,
  │   CLOSE_SESSION=0,
  │   SESSION=None,
  │   IMAGES=0,
  │   GET_SCRAPERS=
  │   SCRAPER=Entradium
  │   DAG_RUN_URL=/dags/FisgonTaskSelenium/log?remoteNode=local&step=tarea_1&d
  │   agRunId=019c90df-c992-7ccb-8ee4-95874b111795
  ├─stderr:
  │   Traceback (most recent call last):
  │   File "/app/run.py", line 118, in <module>
  │   from orchestration.almeria import events_extractors
  │   File "/app/orchestration/almeria.py", line 1, in <module>
  │   from scraper.extractors.url_iterator.fical import Fical
  │   File "/app/scraper/extractors/url_iterator/fical.py", line 6, in
  │   <module>
  │   from scraper.extractors.url_iterator.abc_url_iterator_extractor import
  │   UrlIteratorExtractor
  │   File
  │   "/app/scraper/extractors/url_iterator/abc_url_iterator_extractor.py",
  │   line 5, in <module>
  │   from scraper.extractors.abc_event_model_extractor import
  │   EventModelExtractor
  │   File "/app/scraper/extractors/abc_event_model_extractor.py", line 5, in
  │   <module>
  │   from titlecase import titlecase
  │   ModuleNotFoundError: No module named 'titlecase'
  │
  └─error: failed to execute step "tarea_1": exit status 1

Result: Failed

Launching scraper: TodasLasEntradas
Failed - 2026-02-24T18:18:35Z

dag: FisgonTaskSelenium (6.0s)
│
└─tarea_1 (6.0s) [failed]
  ├─bash -lc 'set -eo pipefail; export DOCKER_CONFIG=/tmp/.docker HOME=/tmp;
  │   SELENIUM_NAME="selenium_${DAG_RUN_ID:-$$}_$(date +%s)"; cleanup() {
  │   docker rm -f "$SELENIUM_NAME" >/dev/null 2>&1 || true; }; trap cleanup
  │   EXIT; docker run -d --rm --name "$SELENIUM_NAME" --shm-size=2g -e
  │   SE_NODE_MAX_SESSIONS=1 -e SE_NODE_OVERRIDE_MAX_SESSIONS=true
  │   selenium/standalone-chrome:latest >/dev/null; docker exec
  │   "$SELENIUM_NAME" bash -c "for i in \$(seq 1 60); do (echo >
  │   /dev/tcp/127.0.0.1/4444) >/dev/null 2>&1 && exit 0; sleep 1; done; exit
  │   1"; docker run --rm --network container:"$SELENIUM_NAME" -v
  │   /home/ubuntu/work/fisgon:/app -v
  │   /home/ubuntu/data_storage:/home/ubuntu/data_storage -v
  │   /home/ubuntu/work/event_flask_app/static/img:/home/ubuntu/work/event_fla
  │   sk_app/static/img -w /app -e OPERATION=0 -e DOCKER_CONFIG=/tmp/.docker
  │   -e HOME=/tmp -e TARGET_CITY -e TARGET_SCRAPER -e
  │   DAG_RUN_URL="${DAGU_BASE_URL:-}/dags/${DAG_NAME}?dagRunId=${DAG_RUN_ID}"
  │   -e
  │   DAG_RUN_LOG_URL="${DAGU_BASE_URL:-}/dags/${DAG_NAME}/log?remoteNode=loca
  │   l&step=tarea_1&dagRunId=${DAG_RUN_ID}" fisgon_scraper:1.0'
  │
  ├─stdout:
  │   RUNNING VARS →
  │   CITY=Almeria,
  │   OPERATION=0,
  │   CREATE_SESSION=0,
  │   CLOSE_SESSION=0,
  │   SESSION=None,
  │   IMAGES=0,
  │   GET_SCRAPERS=
  │   SCRAPER=TodasLasEntradas
  │   DAG_RUN_URL=/dags/FisgonTaskSelenium/log?remoteNode=local&step=tarea_1&d
  │   agRunId=019c90df-dbbb-7731-9009-add5fb0d357c
  ├─stderr:
  │   Traceback (most recent call last):
  │   File "/app/run.py", line 118, in <module>
  │   from orchestration.almeria import events_extractors
  │   File "/app/orchestration/almeria.py", line 1, in <module>
  │   from scraper.extractors.url_iterator.fical import Fical
  │   File "/app/scraper/extractors/url_iterator/fical.py", line 6, in
  │   <module>
  │   from scraper.extractors.url_iterator.abc_url_iterator_extractor import
  │   UrlIteratorExtractor
  │   File
  │   "/app/scraper/extractors/url_iterator/abc_url_iterator_extractor.py",
  │   line 5, in <module>
  │   from scraper.extractors.abc_event_model_extractor import
  │   EventModelExtractor
  │   File "/app/scraper/extractors/abc_event_model_extractor.py", line 5, in
  │   <module>
  │   from titlecase import titlecase
  │   ModuleNotFoundError: No module named 'titlecase'
  │
  └─error: failed to execute step "tarea_1": exit status 1

Result: Failed

Launching scraper: RedBibliotecas
Failed - 2026-02-24T18:18:41Z

dag: FisgonTaskSelenium (5.0s)
│
└─tarea_1 (5.0s) [failed]
  ├─bash -lc 'set -eo pipefail; export DOCKER_CONFIG=/tmp/.docker HOME=/tmp;
  │   SELENIUM_NAME="selenium_${DAG_RUN_ID:-$$}_$(date +%s)"; cleanup() {
  │   docker rm -f "$SELENIUM_NAME" >/dev/null 2>&1 || true; }; trap cleanup
  │   EXIT; docker run -d --rm --name "$SELENIUM_NAME" --shm-size=2g -e
  │   SE_NODE_MAX_SESSIONS=1 -e SE_NODE_OVERRIDE_MAX_SESSIONS=true
  │   selenium/standalone-chrome:latest >/dev/null; docker exec
  │   "$SELENIUM_NAME" bash -c "for i in \$(seq 1 60); do (echo >
  │   /dev/tcp/127.0.0.1/4444) >/dev/null 2>&1 && exit 0; sleep 1; done; exit
  │   1"; docker run --rm --network container:"$SELENIUM_NAME" -v
  │   /home/ubuntu/work/fisgon:/app -v
  │   /home/ubuntu/data_storage:/home/ubuntu/data_storage -v
  │   /home/ubuntu/work/event_flask_app/static/img:/home/ubuntu/work/event_fla
  │   sk_app/static/img -w /app -e OPERATION=0 -e DOCKER_CONFIG=/tmp/.docker
  │   -e HOME=/tmp -e TARGET_CITY -e TARGET_SCRAPER -e
  │   DAG_RUN_URL="${DAGU_BASE_URL:-}/dags/${DAG_NAME}?dagRunId=${DAG_RUN_ID}"
  │   -e
  │   DAG_RUN_LOG_URL="${DAGU_BASE_URL:-}/dags/${DAG_NAME}/log?remoteNode=loca
  │   l&step=tarea_1&dagRunId=${DAG_RUN_ID}" fisgon_scraper:1.0'
  │
  ├─stdout:
  │   RUNNING VARS →
  │   CITY=Almeria,
  │   OPERATION=0,
  │   CREATE_SESSION=0,
  │   CLOSE_SESSION=0,
  │   SESSION=None,
  │   IMAGES=0,
  │   GET_SCRAPERS=
  │   SCRAPER=RedBibliotecas
  │   DAG_RUN_URL=/dags/FisgonTaskSelenium/log?remoteNode=local&step=tarea_1&d
  │   agRunId=019c90df-f234-7aa4-bc77-4bd603a526f5
  ├─stderr:
  │   Traceback (most recent call last):
  │   File "/app/run.py", line 118, in <module>
  │   from orchestration.almeria import events_extractors
  │   File "/app/orchestration/almeria.py", line 1, in <module>
  │   from scraper.extractors.url_iterator.fical import Fical
  │   File "/app/scraper/extractors/url_iterator/fical.py", line 6, in
  │   <module>
  │   from scraper.extractors.url_iterator.abc_url_iterator_extractor import
  │   UrlIteratorExtractor
  │   File
  │   "/app/scraper/extractors/url_iterator/abc_url_iterator_extractor.py",
  │   line 5, in <module>
  │   from scraper.extractors.abc_event_model_extractor import
  │   EventModelExtractor
  │   File "/app/scraper/extractors/abc_event_model_extractor.py", line 5, in
  │   <module>
  │   from titlecase import titlecase
  │   ModuleNotFoundError: No module named 'titlecase'
  │
  └─error: failed to execute step "tarea_1": exit status 1

Result: Failed

Launching scraper: SalaEmma
Failed - 2026-02-24T18:18:46Z

dag: FisgonTaskSelenium (4.0s)
│
└─tarea_1 (4.0s) [failed]
  ├─bash -lc 'set -eo pipefail; export DOCKER_CONFIG=/tmp/.docker HOME=/tmp;
  │   SELENIUM_NAME="selenium_${DAG_RUN_ID:-$$}_$(date +%s)"; cleanup() {
  │   docker rm -f "$SELENIUM_NAME" >/dev/null 2>&1 || true; }; trap cleanup
  │   EXIT; docker run -d --rm --name "$SELENIUM_NAME" --shm-size=2g -e
  │   SE_NODE_MAX_SESSIONS=1 -e SE_NODE_OVERRIDE_MAX_SESSIONS=true
  │   selenium/standalone-chrome:latest >/dev/null; docker exec
  │   "$SELENIUM_NAME" bash -c "for i in \$(seq 1 60); do (echo >
  │   /dev/tcp/127.0.0.1/4444) >/dev/null 2>&1 && exit 0; sleep 1; done; exit
  │   1"; docker run --rm --network container:"$SELENIUM_NAME" -v
  │   /home/ubuntu/work/fisgon:/app -v
  │   /home/ubuntu/data_storage:/home/ubuntu/data_storage -v
  │   /home/ubuntu/work/event_flask_app/static/img:/home/ubuntu/work/event_fla
  │   sk_app/static/img -w /app -e OPERATION=0 -e DOCKER_CONFIG=/tmp/.docker
  │   -e HOME=/tmp -e TARGET_CITY -e TARGET_SCRAPER -e
  │   DAG_RUN_URL="${DAGU_BASE_URL:-}/dags/${DAG_NAME}?dagRunId=${DAG_RUN_ID}"
  │   -e
  │   DAG_RUN_LOG_URL="${DAGU_BASE_URL:-}/dags/${DAG_NAME}/log?remoteNode=loca
  │   l&step=tarea_1&dagRunId=${DAG_RUN_ID}" fisgon_scraper:1.0'
  │
  ├─stdout:
  │   RUNNING VARS →
  │   CITY=Almeria,
  │   OPERATION=0,
  │   CREATE_SESSION=0,
  │   CLOSE_SESSION=0,
  │   SESSION=None,
  │   IMAGES=0,
  │   GET_SCRAPERS=
  │   SCRAPER=SalaEmma
  │   DAG_RUN_URL=/dags/FisgonTaskSelenium/log?remoteNode=local&step=tarea_1&d
  │   agRunId=019c90e0-040e-7281-a93c-7ebde5b5967c
  ├─stderr:
  │   Traceback (most recent call last):
  │   File "/app/run.py", line 118, in <module>
  │   from orchestration.almeria import events_extractors
  │   File "/app/orchestration/almeria.py", line 1, in <module>
  │   from scraper.extractors.url_iterator.fical import Fical
  │   File "/app/scraper/extractors/url_iterator/fical.py", line 6, in
  │   <module>
  │   from scraper.extractors.url_iterator.abc_url_iterator_extractor import
  │   UrlIteratorExtractor
  │   File
  │   "/app/scraper/extractors/url_iterator/abc_url_iterator_extractor.py",
  │   line 5, in <module>
  │   from scraper.extractors.abc_event_model_extractor import
  │   EventModelExtractor
  │   File "/app/scraper/extractors/abc_event_model_extractor.py", line 5, in
  │   <module>
  │   from titlecase import titlecase
  │   ModuleNotFoundError: No module named 'titlecase'
  │
  └─error: failed to execute step "tarea_1": exit status 1

Result: Failed

