Launching scraper: KuverProducciones
Failed - 2026-02-24T18:17:55Z

dag: FisgonTaskRequest (0s)
│
└─tarea_1 (0s) [failed]
  ├─bash -lc 'docker run --rm --network host -v
  │   /home/ubuntu/work/fisgon:/app -v
  │   /home/ubuntu/data_storage:/home/ubuntu/data_storage -v
  │   /home/ubuntu/work/event_flask_app/static/img:/home/ubuntu/work/event_fla
  │   sk_app/static/img -w /app -e OPERATION=0 -e DOCKER_CONFIG=/tmp/.docker
  │   -e HOME=/tmp -e TARGET_CITY -e TARGET_SCRAPER -e
  │   DAG_RUN_URL="${DAGU_BASE_URL}/dags/${DAG_NAME}?dagRunId=${DAG_RUN_ID}"
  │   -e
  │   DAG_RUN_LOG_URL="${DAGU_BASE_URL}/dags/${DAG_NAME}/log?remoteNode=local&
  │   step=tarea_1&dagRunId=${DAG_RUN_ID}" fisgon_scraper:1.0; rc=$?; exit
  │   $rc'
  │
  ├─stdout:
  │   RUNNING VARS →
  │   CITY=Almeria,
  │   OPERATION=0,
  │   CREATE_SESSION=0,
  │   CLOSE_SESSION=0,
  │   SESSION=None,
  │   IMAGES=0,
  │   GET_SCRAPERS=
  │   SCRAPER=KuverProducciones
  │   DAG_RUN_URL=/dags/FisgonTaskRequest/log?remoteNode=local&step=tarea_1&da
  │   gRunId=019c90df-3c3e-78c2-b38b-14fb8c966632
  ├─stderr:
  │   Traceback (most recent call last):
  │   File "/app/run.py", line 118, in <module>
  │   from orchestration.almeria import events_extractors
  │   File "/app/orchestration/almeria.py", line 1, in <module>
  │   from scraper.extractors.url_iterator.fical import Fical
  │   File "/app/scraper/extractors/url_iterator/fical.py", line 6, in
  │   <module>
  │   from scraper.extractors.url_iterator.abc_url_iterator_extractor import
  │   UrlIteratorExtractor
  │   File
  │   "/app/scraper/extractors/url_iterator/abc_url_iterator_extractor.py",
  │   line 5, in <module>
  │   from scraper.extractors.abc_event_model_extractor import
  │   EventModelExtractor
  │   File "/app/scraper/extractors/abc_event_model_extractor.py", line 5, in
  │   <module>
  │   from titlecase import titlecase
  │   ModuleNotFoundError: No module named 'titlecase'
  │
  └─error: failed to execute step "tarea_1": exit status 1

Result: Failed

Launching scraper: SalaBerlin
Failed - 2026-02-24T18:17:55Z

dag: FisgonTaskRequest (1.0s)
│
└─tarea_1 (1.0s) [failed]
  ├─bash -lc 'docker run --rm --network host -v
  │   /home/ubuntu/work/fisgon:/app -v
  │   /home/ubuntu/data_storage:/home/ubuntu/data_storage -v
  │   /home/ubuntu/work/event_flask_app/static/img:/home/ubuntu/work/event_fla
  │   sk_app/static/img -w /app -e OPERATION=0 -e DOCKER_CONFIG=/tmp/.docker
  │   -e HOME=/tmp -e TARGET_CITY -e TARGET_SCRAPER -e
  │   DAG_RUN_URL="${DAGU_BASE_URL}/dags/${DAG_NAME}?dagRunId=${DAG_RUN_ID}"
  │   -e
  │   DAG_RUN_LOG_URL="${DAGU_BASE_URL}/dags/${DAG_NAME}/log?remoteNode=local&
  │   step=tarea_1&dagRunId=${DAG_RUN_ID}" fisgon_scraper:1.0; rc=$?; exit
  │   $rc'
  │
  ├─stdout:
  │   RUNNING VARS →
  │   CITY=Almeria,
  │   OPERATION=0,
  │   CREATE_SESSION=0,
  │   CLOSE_SESSION=0,
  │   SESSION=None,
  │   IMAGES=0,
  │   GET_SCRAPERS=
  │   SCRAPER=SalaBerlin
  │   DAG_RUN_URL=/dags/FisgonTaskRequest/log?remoteNode=local&step=tarea_1&da
  │   gRunId=019c90df-3fed-7b66-898a-dd8645a4a378
  ├─stderr:
  │   Traceback (most recent call last):
  │   File "/app/run.py", line 118, in <module>
  │   from orchestration.almeria import events_extractors
  │   File "/app/orchestration/almeria.py", line 1, in <module>
  │   from scraper.extractors.url_iterator.fical import Fical
  │   File "/app/scraper/extractors/url_iterator/fical.py", line 6, in
  │   <module>
  │   from scraper.extractors.url_iterator.abc_url_iterator_extractor import
  │   UrlIteratorExtractor
  │   File
  │   "/app/scraper/extractors/url_iterator/abc_url_iterator_extractor.py",
  │   line 5, in <module>
  │   from scraper.extractors.abc_event_model_extractor import
  │   EventModelExtractor
  │   File "/app/scraper/extractors/abc_event_model_extractor.py", line 5, in
  │   <module>
  │   from titlecase import titlecase
  │   ModuleNotFoundError: No module named 'titlecase'
  │
  └─error: failed to execute step "tarea_1": exit status 1

Result: Failed

Launching scraper: LaGuajira
Failed - 2026-02-24T18:17:56Z

dag: FisgonTaskRequest (1.0s)
│
└─tarea_1 (1.0s) [failed]
  ├─bash -lc 'docker run --rm --network host -v
  │   /home/ubuntu/work/fisgon:/app -v
  │   /home/ubuntu/data_storage:/home/ubuntu/data_storage -v
  │   /home/ubuntu/work/event_flask_app/static/img:/home/ubuntu/work/event_fla
  │   sk_app/static/img -w /app -e OPERATION=0 -e DOCKER_CONFIG=/tmp/.docker
  │   -e HOME=/tmp -e TARGET_CITY -e TARGET_SCRAPER -e
  │   DAG_RUN_URL="${DAGU_BASE_URL}/dags/${DAG_NAME}?dagRunId=${DAG_RUN_ID}"
  │   -e
  │   DAG_RUN_LOG_URL="${DAGU_BASE_URL}/dags/${DAG_NAME}/log?remoteNode=local&
  │   step=tarea_1&dagRunId=${DAG_RUN_ID}" fisgon_scraper:1.0; rc=$?; exit
  │   $rc'
  │
  ├─stdout:
  │   RUNNING VARS →
  │   CITY=Almeria,
  │   OPERATION=0,
  │   CREATE_SESSION=0,
  │   CLOSE_SESSION=0,
  │   SESSION=None,
  │   IMAGES=0,
  │   GET_SCRAPERS=
  │   SCRAPER=LaGuajira
  │   DAG_RUN_URL=/dags/FisgonTaskRequest/log?remoteNode=local&step=tarea_1&da
  │   gRunId=019c90df-43be-7393-a379-2c8feead521f
  ├─stderr:
  │   Traceback (most recent call last):
  │   File "/app/run.py", line 118, in <module>
  │   from orchestration.almeria import events_extractors
  │   File "/app/orchestration/almeria.py", line 1, in <module>
  │   from scraper.extractors.url_iterator.fical import Fical
  │   File "/app/scraper/extractors/url_iterator/fical.py", line 6, in
  │   <module>
  │   from scraper.extractors.url_iterator.abc_url_iterator_extractor import
  │   UrlIteratorExtractor
  │   File
  │   "/app/scraper/extractors/url_iterator/abc_url_iterator_extractor.py",
  │   line 5, in <module>
  │   from scraper.extractors.abc_event_model_extractor import
  │   EventModelExtractor
  │   File "/app/scraper/extractors/abc_event_model_extractor.py", line 5, in
  │   <module>
  │   from titlecase import titlecase
  │   ModuleNotFoundError: No module named 'titlecase'
  │
  └─error: failed to execute step "tarea_1": exit status 1

Result: Failed

Launching scraper: ConciertosClub
Failed - 2026-02-24T18:17:57Z

dag: FisgonTaskRequest (1.0s)
│
└─tarea_1 (1.0s) [failed]
  ├─bash -lc 'docker run --rm --network host -v
  │   /home/ubuntu/work/fisgon:/app -v
  │   /home/ubuntu/data_storage:/home/ubuntu/data_storage -v
  │   /home/ubuntu/work/event_flask_app/static/img:/home/ubuntu/work/event_fla
  │   sk_app/static/img -w /app -e OPERATION=0 -e DOCKER_CONFIG=/tmp/.docker
  │   -e HOME=/tmp -e TARGET_CITY -e TARGET_SCRAPER -e
  │   DAG_RUN_URL="${DAGU_BASE_URL}/dags/${DAG_NAME}?dagRunId=${DAG_RUN_ID}"
  │   -e
  │   DAG_RUN_LOG_URL="${DAGU_BASE_URL}/dags/${DAG_NAME}/log?remoteNode=local&
  │   step=tarea_1&dagRunId=${DAG_RUN_ID}" fisgon_scraper:1.0; rc=$?; exit
  │   $rc'
  │
  ├─stdout:
  │   RUNNING VARS →
  │   CITY=Almeria,
  │   OPERATION=0,
  │   CREATE_SESSION=0,
  │   CLOSE_SESSION=0,
  │   SESSION=None,
  │   IMAGES=0,
  │   GET_SCRAPERS=
  │   SCRAPER=ConciertosClub
  │   DAG_RUN_URL=/dags/FisgonTaskRequest/log?remoteNode=local&step=tarea_1&da
  │   gRunId=019c90df-472c-79a7-812a-98db05ccfbbd
  ├─stderr:
  │   Traceback (most recent call last):
  │   File "/app/run.py", line 118, in <module>
  │   from orchestration.almeria import events_extractors
  │   File "/app/orchestration/almeria.py", line 1, in <module>
  │   from scraper.extractors.url_iterator.fical import Fical
  │   File "/app/scraper/extractors/url_iterator/fical.py", line 6, in
  │   <module>
  │   from scraper.extractors.url_iterator.abc_url_iterator_extractor import
  │   UrlIteratorExtractor
  │   File
  │   "/app/scraper/extractors/url_iterator/abc_url_iterator_extractor.py",
  │   line 5, in <module>
  │   from scraper.extractors.abc_event_model_extractor import
  │   EventModelExtractor
  │   File "/app/scraper/extractors/abc_event_model_extractor.py", line 5, in
  │   <module>
  │   from titlecase import titlecase
  │   ModuleNotFoundError: No module named 'titlecase'
  │
  └─error: failed to execute step "tarea_1": exit status 1

Result: Failed

Launching scraper: LaPlaza
Failed - 2026-02-24T18:17:58Z

dag: FisgonTaskRequest (1.0s)
│
└─tarea_1 (1.0s) [failed]
  ├─bash -lc 'docker run --rm --network host -v
  │   /home/ubuntu/work/fisgon:/app -v
  │   /home/ubuntu/data_storage:/home/ubuntu/data_storage -v
  │   /home/ubuntu/work/event_flask_app/static/img:/home/ubuntu/work/event_fla
  │   sk_app/static/img -w /app -e OPERATION=0 -e DOCKER_CONFIG=/tmp/.docker
  │   -e HOME=/tmp -e TARGET_CITY -e TARGET_SCRAPER -e
  │   DAG_RUN_URL="${DAGU_BASE_URL}/dags/${DAG_NAME}?dagRunId=${DAG_RUN_ID}"
  │   -e
  │   DAG_RUN_LOG_URL="${DAGU_BASE_URL}/dags/${DAG_NAME}/log?remoteNode=local&
  │   step=tarea_1&dagRunId=${DAG_RUN_ID}" fisgon_scraper:1.0; rc=$?; exit
  │   $rc'
  │
  ├─stdout:
  │   RUNNING VARS →
  │   CITY=Almeria,
  │   OPERATION=0,
  │   CREATE_SESSION=0,
  │   CLOSE_SESSION=0,
  │   SESSION=None,
  │   IMAGES=0,
  │   GET_SCRAPERS=
  │   SCRAPER=LaPlaza
  │   DAG_RUN_URL=/dags/FisgonTaskRequest/log?remoteNode=local&step=tarea_1&da
  │   gRunId=019c90df-4a15-7907-8caa-828fc9428937
  ├─stderr:
  │   Traceback (most recent call last):
  │   File "/app/run.py", line 118, in <module>
  │   from orchestration.almeria import events_extractors
  │   File "/app/orchestration/almeria.py", line 1, in <module>
  │   from scraper.extractors.url_iterator.fical import Fical
  │   File "/app/scraper/extractors/url_iterator/fical.py", line 6, in
  │   <module>
  │   from scraper.extractors.url_iterator.abc_url_iterator_extractor import
  │   UrlIteratorExtractor
  │   File
  │   "/app/scraper/extractors/url_iterator/abc_url_iterator_extractor.py",
  │   line 5, in <module>
  │   from scraper.extractors.abc_event_model_extractor import
  │   EventModelExtractor
  │   File "/app/scraper/extractors/abc_event_model_extractor.py", line 5, in
  │   <module>
  │   from titlecase import titlecase
  │   ModuleNotFoundError: No module named 'titlecase'
  │
  └─error: failed to execute step "tarea_1": exit status 1

Result: Failed

Launching scraper: JacksonLive
Failed - 2026-02-24T18:17:59Z

dag: FisgonTaskRequest (1.0s)
│
└─tarea_1 (1.0s) [failed]
  ├─bash -lc 'docker run --rm --network host -v
  │   /home/ubuntu/work/fisgon:/app -v
  │   /home/ubuntu/data_storage:/home/ubuntu/data_storage -v
  │   /home/ubuntu/work/event_flask_app/static/img:/home/ubuntu/work/event_fla
  │   sk_app/static/img -w /app -e OPERATION=0 -e DOCKER_CONFIG=/tmp/.docker
  │   -e HOME=/tmp -e TARGET_CITY -e TARGET_SCRAPER -e
  │   DAG_RUN_URL="${DAGU_BASE_URL}/dags/${DAG_NAME}?dagRunId=${DAG_RUN_ID}"
  │   -e
  │   DAG_RUN_LOG_URL="${DAGU_BASE_URL}/dags/${DAG_NAME}/log?remoteNode=local&
  │   step=tarea_1&dagRunId=${DAG_RUN_ID}" fisgon_scraper:1.0; rc=$?; exit
  │   $rc'
  │
  ├─stdout:
  │   RUNNING VARS →
  │   CITY=Almeria,
  │   OPERATION=0,
  │   CREATE_SESSION=0,
  │   CLOSE_SESSION=0,
  │   SESSION=None,
  │   IMAGES=0,
  │   GET_SCRAPERS=
  │   SCRAPER=JacksonLive
  │   DAG_RUN_URL=/dags/FisgonTaskRequest/log?remoteNode=local&step=tarea_1&da
  │   gRunId=019c90df-4d0d-7992-9c4b-4775784bf9ff
  ├─stderr:
  │   Traceback (most recent call last):
  │   File "/app/run.py", line 118, in <module>
  │   from orchestration.almeria import events_extractors
  │   File "/app/orchestration/almeria.py", line 1, in <module>
  │   from scraper.extractors.url_iterator.fical import Fical
  │   File "/app/scraper/extractors/url_iterator/fical.py", line 6, in
  │   <module>
  │   from scraper.extractors.url_iterator.abc_url_iterator_extractor import
  │   UrlIteratorExtractor
  │   File
  │   "/app/scraper/extractors/url_iterator/abc_url_iterator_extractor.py",
  │   line 5, in <module>
  │   from scraper.extractors.abc_event_model_extractor import
  │   EventModelExtractor
  │   File "/app/scraper/extractors/abc_event_model_extractor.py", line 5, in
  │   <module>
  │   from titlecase import titlecase
  │   ModuleNotFoundError: No module named 'titlecase'
  │
  └─error: failed to execute step "tarea_1": exit status 1

Result: Failed

Launching scraper: BibliotecaAgenda
Failed - 2026-02-24T18:18:00Z

dag: FisgonTaskRequest (1.0s)
│
└─tarea_1 (1.0s) [failed]
  ├─bash -lc 'docker run --rm --network host -v
  │   /home/ubuntu/work/fisgon:/app -v
  │   /home/ubuntu/data_storage:/home/ubuntu/data_storage -v
  │   /home/ubuntu/work/event_flask_app/static/img:/home/ubuntu/work/event_fla
  │   sk_app/static/img -w /app -e OPERATION=0 -e DOCKER_CONFIG=/tmp/.docker
  │   -e HOME=/tmp -e TARGET_CITY -e TARGET_SCRAPER -e
  │   DAG_RUN_URL="${DAGU_BASE_URL}/dags/${DAG_NAME}?dagRunId=${DAG_RUN_ID}"
  │   -e
  │   DAG_RUN_LOG_URL="${DAGU_BASE_URL}/dags/${DAG_NAME}/log?remoteNode=local&
  │   step=tarea_1&dagRunId=${DAG_RUN_ID}" fisgon_scraper:1.0; rc=$?; exit
  │   $rc'
  │
  ├─stdout:
  │   RUNNING VARS →
  │   CITY=Almeria,
  │   OPERATION=0,
  │   CREATE_SESSION=0,
  │   CLOSE_SESSION=0,
  │   SESSION=None,
  │   IMAGES=0,
  │   GET_SCRAPERS=
  │   SCRAPER=BibliotecaAgenda
  │   DAG_RUN_URL=/dags/FisgonTaskRequest/log?remoteNode=local&step=tarea_1&da
  │   gRunId=019c90df-5079-7378-857b-2fe39690eda5
  ├─stderr:
  │   Traceback (most recent call last):
  │   File "/app/run.py", line 118, in <module>
  │   from orchestration.almeria import events_extractors
  │   File "/app/orchestration/almeria.py", line 1, in <module>
  │   from scraper.extractors.url_iterator.fical import Fical
  │   File "/app/scraper/extractors/url_iterator/fical.py", line 6, in
  │   <module>
  │   from scraper.extractors.url_iterator.abc_url_iterator_extractor import
  │   UrlIteratorExtractor
  │   File
  │   "/app/scraper/extractors/url_iterator/abc_url_iterator_extractor.py",
  │   line 5, in <module>
  │   from scraper.extractors.abc_event_model_extractor import
  │   EventModelExtractor
  │   File "/app/scraper/extractors/abc_event_model_extractor.py", line 5, in
  │   <module>
  │   from titlecase import titlecase
  │   ModuleNotFoundError: No module named 'titlecase'
  │
  └─error: failed to execute step "tarea_1": exit status 1

Result: Failed

