time=2026-02-24T18:18:01.294Z level=INFO msg="Executing root dag-run" dag=FisgonTaskSelenium run-id=019c90df-54cd-7360-8490-bdeeba524cd2 params=""
time=2026-02-24T18:18:01.307Z level=INFO msg="DAG run started" name=FisgonTaskSelenium run-id=019c90df-54cd-7360-8490-bdeeba524cd2 attempt-id="" dag=FisgonTaskSelenium run-id=019c90df-54cd-7360-8490-bdeeba524cd2 params="[TARGET_CITY=Almeria TARGET_SCRAPER=AlmeriaCiudad 3=DAGU_BASE_URL=]"
time=2026-02-24T18:18:01.311Z level=INFO msg="Step started" name=FisgonTaskSelenium run-id=019c90df-54cd-7360-8490-bdeeba524cd2 attempt-id="" dag=FisgonTaskSelenium run-id=019c90df-54cd-7360-8490-bdeeba524cd2 step=tarea_1
time=2026-02-24T18:18:09.710Z level=INFO msg="DAG run finished" name=FisgonTaskSelenium run-id=019c90df-54cd-7360-8490-bdeeba524cd2 attempt-id="" dag=FisgonTaskSelenium run-id=019c90df-54cd-7360-8490-bdeeba524cd2 status=failed started-at=2026-02-24T18:18:01Z finished-at=2026-02-24T18:18:09Z
time=2026-02-24T18:18:09.734Z level=ERROR msg="Failed to execute dag-run" dag=FisgonTaskSelenium run-id=019c90df-54cd-7360-8490-bdeeba524cd2 err="failed to execute step \"tarea_1\": exit status 1\nrecent stderr (tail):\nTraceback (most recent call last):\n  File \"/app/run.py\", line 118, in <module>\n    from orchestration.almeria import events_extractors\n  File \"/app/orchestration/almeria.py\", line 1, in <module>\n    from scraper.extractors.url_iterator.fical import Fical\n  File \"/app/scraper/extractors/url_iterator/fical.py\", line 6, in <module>\n    from scraper.extractors.url_iterator.abc_url_iterator_extractor import UrlIteratorExtractor\n  File \"/app/scraper/extractors/url_iterator/abc_url_iterator_extractor.py\", line 5, in <module>\n    from scraper.extractors.abc_event_model_extractor import EventModelExtractor\n  File \"/app/scraper/extractors/abc_event_model_extractor.py\", line 5, in <module>\n    from titlecase import titlecase\nModuleNotFoundError: No module named 'titlecase'\n"
Error: failed to execute the dag-run FisgonTaskSelenium (dag-run ID: 019c90df-54cd-7360-8490-bdeeba524cd2): failed to execute step "tarea_1": exit status 1
recent stderr (tail):
Traceback (most recent call last):
  File "/app/run.py", line 118, in <module>
    from orchestration.almeria import events_extractors
  File "/app/orchestration/almeria.py", line 1, in <module>
    from scraper.extractors.url_iterator.fical import Fical
  File "/app/scraper/extractors/url_iterator/fical.py", line 6, in <module>
    from scraper.extractors.url_iterator.abc_url_iterator_extractor import UrlIteratorExtractor
  File "/app/scraper/extractors/url_iterator/abc_url_iterator_extractor.py", line 5, in <module>
    from scraper.extractors.abc_event_model_extractor import EventModelExtractor
  File "/app/scraper/extractors/abc_event_model_extractor.py", line 5, in <module>
    from titlecase import titlecase
ModuleNotFoundError: No module named 'titlecase'

time=2026-02-24T18:18:09.834Z level=INFO msg="Executing root dag-run" dag=FisgonTaskSelenium run-id=019c90df-7623-7c4e-a051-e0ee59f2945e params=""
time=2026-02-24T18:18:09.848Z level=INFO msg="DAG run started" name=FisgonTaskSelenium run-id=019c90df-7623-7c4e-a051-e0ee59f2945e attempt-id="" dag=FisgonTaskSelenium run-id=019c90df-7623-7c4e-a051-e0ee59f2945e params="[TARGET_CITY=Almeria TARGET_SCRAPER=AlmeriaTurismo 3=DAGU_BASE_URL=]"
time=2026-02-24T18:18:09.852Z level=INFO msg="Step started" name=FisgonTaskSelenium run-id=019c90df-7623-7c4e-a051-e0ee59f2945e attempt-id="" dag=FisgonTaskSelenium run-id=019c90df-7623-7c4e-a051-e0ee59f2945e step=tarea_1
time=2026-02-24T18:18:14.388Z level=INFO msg="DAG run finished" name=FisgonTaskSelenium run-id=019c90df-7623-7c4e-a051-e0ee59f2945e attempt-id="" dag=FisgonTaskSelenium run-id=019c90df-7623-7c4e-a051-e0ee59f2945e status=failed started-at=2026-02-24T18:18:09Z finished-at=2026-02-24T18:18:14Z
time=2026-02-24T18:18:14.413Z level=ERROR msg="Failed to execute dag-run" dag=FisgonTaskSelenium run-id=019c90df-7623-7c4e-a051-e0ee59f2945e err="failed to execute step \"tarea_1\": exit status 1\nrecent stderr (tail):\nTraceback (most recent call last):\n  File \"/app/run.py\", line 118, in <module>\n    from orchestration.almeria import events_extractors\n  File \"/app/orchestration/almeria.py\", line 1, in <module>\n    from scraper.extractors.url_iterator.fical import Fical\n  File \"/app/scraper/extractors/url_iterator/fical.py\", line 6, in <module>\n    from scraper.extractors.url_iterator.abc_url_iterator_extractor import UrlIteratorExtractor\n  File \"/app/scraper/extractors/url_iterator/abc_url_iterator_extractor.py\", line 5, in <module>\n    from scraper.extractors.abc_event_model_extractor import EventModelExtractor\n  File \"/app/scraper/extractors/abc_event_model_extractor.py\", line 5, in <module>\n    from titlecase import titlecase\nModuleNotFoundError: No module named 'titlecase'\n"
Error: failed to execute the dag-run FisgonTaskSelenium (dag-run ID: 019c90df-7623-7c4e-a051-e0ee59f2945e): failed to execute step "tarea_1": exit status 1
recent stderr (tail):
Traceback (most recent call last):
  File "/app/run.py", line 118, in <module>
    from orchestration.almeria import events_extractors
  File "/app/orchestration/almeria.py", line 1, in <module>
    from scraper.extractors.url_iterator.fical import Fical
  File "/app/scraper/extractors/url_iterator/fical.py", line 6, in <module>
    from scraper.extractors.url_iterator.abc_url_iterator_extractor import UrlIteratorExtractor
  File "/app/scraper/extractors/url_iterator/abc_url_iterator_extractor.py", line 5, in <module>
    from scraper.extractors.abc_event_model_extractor import EventModelExtractor
  File "/app/scraper/extractors/abc_event_model_extractor.py", line 5, in <module>
    from titlecase import titlecase
ModuleNotFoundError: No module named 'titlecase'

time=2026-02-24T18:18:14.443Z level=INFO msg="Executing root dag-run" dag=FisgonTaskSelenium run-id=019c90df-882a-765c-947a-4adfbde5d4a1 params=""
time=2026-02-24T18:18:14.456Z level=INFO msg="DAG run started" name=FisgonTaskSelenium run-id=019c90df-882a-765c-947a-4adfbde5d4a1 attempt-id="" dag=FisgonTaskSelenium run-id=019c90df-882a-765c-947a-4adfbde5d4a1 params="[TARGET_CITY=Almeria TARGET_SCRAPER=JuntaAndaluciaAgenda 3=DAGU_BASE_URL=]"
time=2026-02-24T18:18:14.460Z level=INFO msg="Step started" name=FisgonTaskSelenium run-id=019c90df-882a-765c-947a-4adfbde5d4a1 attempt-id="" dag=FisgonTaskSelenium run-id=019c90df-882a-765c-947a-4adfbde5d4a1 step=tarea_1
time=2026-02-24T18:18:20.186Z level=INFO msg="DAG run finished" name=FisgonTaskSelenium run-id=019c90df-882a-765c-947a-4adfbde5d4a1 attempt-id="" dag=FisgonTaskSelenium run-id=019c90df-882a-765c-947a-4adfbde5d4a1 status=failed started-at=2026-02-24T18:18:14Z finished-at=2026-02-24T18:18:20Z
time=2026-02-24T18:18:20.210Z level=ERROR msg="Failed to execute dag-run" dag=FisgonTaskSelenium run-id=019c90df-882a-765c-947a-4adfbde5d4a1 err="failed to execute step \"tarea_1\": exit status 1\nrecent stderr (tail):\nTraceback (most recent call last):\n  File \"/app/run.py\", line 118, in <module>\n    from orchestration.almeria import events_extractors\n  File \"/app/orchestration/almeria.py\", line 1, in <module>\n    from scraper.extractors.url_iterator.fical import Fical\n  File \"/app/scraper/extractors/url_iterator/fical.py\", line 6, in <module>\n    from scraper.extractors.url_iterator.abc_url_iterator_extractor import UrlIteratorExtractor\n  File \"/app/scraper/extractors/url_iterator/abc_url_iterator_extractor.py\", line 5, in <module>\n    from scraper.extractors.abc_event_model_extractor import EventModelExtractor\n  File \"/app/scraper/extractors/abc_event_model_extractor.py\", line 5, in <module>\n    from titlecase import titlecase\nModuleNotFoundError: No module named 'titlecase'\n"
Error: failed to execute the dag-run FisgonTaskSelenium (dag-run ID: 019c90df-882a-765c-947a-4adfbde5d4a1): failed to execute step "tarea_1": exit status 1
recent stderr (tail):
Traceback (most recent call last):
  File "/app/run.py", line 118, in <module>
    from orchestration.almeria import events_extractors
  File "/app/orchestration/almeria.py", line 1, in <module>
    from scraper.extractors.url_iterator.fical import Fical
  File "/app/scraper/extractors/url_iterator/fical.py", line 6, in <module>
    from scraper.extractors.url_iterator.abc_url_iterator_extractor import UrlIteratorExtractor
  File "/app/scraper/extractors/url_iterator/abc_url_iterator_extractor.py", line 5, in <module>
    from scraper.extractors.abc_event_model_extractor import EventModelExtractor
  File "/app/scraper/extractors/abc_event_model_extractor.py", line 5, in <module>
    from titlecase import titlecase
ModuleNotFoundError: No module named 'titlecase'

time=2026-02-24T18:18:20.265Z level=INFO msg="Executing root dag-run" dag=FisgonTaskSelenium run-id=019c90df-9ee7-7a7f-b9c1-c3c8890edf8d params=""
time=2026-02-24T18:18:20.281Z level=INFO msg="DAG run started" name=FisgonTaskSelenium run-id=019c90df-9ee7-7a7f-b9c1-c3c8890edf8d attempt-id="" dag=FisgonTaskSelenium run-id=019c90df-9ee7-7a7f-b9c1-c3c8890edf8d params="[TARGET_CITY=Almeria TARGET_SCRAPER=ClassicJazz 3=DAGU_BASE_URL=]"
time=2026-02-24T18:18:20.285Z level=INFO msg="Step started" name=FisgonTaskSelenium run-id=019c90df-9ee7-7a7f-b9c1-c3c8890edf8d attempt-id="" dag=FisgonTaskSelenium run-id=019c90df-9ee7-7a7f-b9c1-c3c8890edf8d step=tarea_1
time=2026-02-24T18:18:24.864Z level=INFO msg="DAG run finished" name=FisgonTaskSelenium run-id=019c90df-9ee7-7a7f-b9c1-c3c8890edf8d attempt-id="" dag=FisgonTaskSelenium run-id=019c90df-9ee7-7a7f-b9c1-c3c8890edf8d status=failed started-at=2026-02-24T18:18:20Z finished-at=2026-02-24T18:18:24Z
time=2026-02-24T18:18:24.887Z level=ERROR msg="Failed to execute dag-run" dag=FisgonTaskSelenium run-id=019c90df-9ee7-7a7f-b9c1-c3c8890edf8d err="failed to execute step \"tarea_1\": exit status 1\nrecent stderr (tail):\nTraceback (most recent call last):\n  File \"/app/run.py\", line 118, in <module>\n    from orchestration.almeria import events_extractors\n  File \"/app/orchestration/almeria.py\", line 1, in <module>\n    from scraper.extractors.url_iterator.fical import Fical\n  File \"/app/scraper/extractors/url_iterator/fical.py\", line 6, in <module>\n    from scraper.extractors.url_iterator.abc_url_iterator_extractor import UrlIteratorExtractor\n  File \"/app/scraper/extractors/url_iterator/abc_url_iterator_extractor.py\", line 5, in <module>\n    from scraper.extractors.abc_event_model_extractor import EventModelExtractor\n  File \"/app/scraper/extractors/abc_event_model_extractor.py\", line 5, in <module>\n    from titlecase import titlecase\nModuleNotFoundError: No module named 'titlecase'\n"
Error: failed to execute the dag-run FisgonTaskSelenium (dag-run ID: 019c90df-9ee7-7a7f-b9c1-c3c8890edf8d): failed to execute step "tarea_1": exit status 1
recent stderr (tail):
Traceback (most recent call last):
  File "/app/run.py", line 118, in <module>
    from orchestration.almeria import events_extractors
  File "/app/orchestration/almeria.py", line 1, in <module>
    from scraper.extractors.url_iterator.fical import Fical
  File "/app/scraper/extractors/url_iterator/fical.py", line 6, in <module>
    from scraper.extractors.url_iterator.abc_url_iterator_extractor import UrlIteratorExtractor
  File "/app/scraper/extractors/url_iterator/abc_url_iterator_extractor.py", line 5, in <module>
    from scraper.extractors.abc_event_model_extractor import EventModelExtractor
  File "/app/scraper/extractors/abc_event_model_extractor.py", line 5, in <module>
    from titlecase import titlecase
ModuleNotFoundError: No module named 'titlecase'

time=2026-02-24T18:18:24.917Z level=INFO msg="Executing root dag-run" dag=FisgonTaskSelenium run-id=019c90df-b114-7047-b0a6-2cd264d3b4ae params=""
time=2026-02-24T18:18:24.929Z level=INFO msg="DAG run started" name=FisgonTaskSelenium run-id=019c90df-b114-7047-b0a6-2cd264d3b4ae attempt-id="" dag=FisgonTaskSelenium run-id=019c90df-b114-7047-b0a6-2cd264d3b4ae params="[TARGET_CITY=Almeria TARGET_SCRAPER=FlowteTaquillaCultural 3=DAGU_BASE_URL=]"
time=2026-02-24T18:18:24.933Z level=INFO msg="Step started" name=FisgonTaskSelenium run-id=019c90df-b114-7047-b0a6-2cd264d3b4ae attempt-id="" dag=FisgonTaskSelenium run-id=019c90df-b114-7047-b0a6-2cd264d3b4ae step=tarea_1
time=2026-02-24T18:18:31.041Z level=INFO msg="DAG run finished" name=FisgonTaskSelenium run-id=019c90df-b114-7047-b0a6-2cd264d3b4ae attempt-id="" dag=FisgonTaskSelenium run-id=019c90df-b114-7047-b0a6-2cd264d3b4ae status=failed started-at=2026-02-24T18:18:24Z finished-at=2026-02-24T18:18:31Z
time=2026-02-24T18:18:31.130Z level=ERROR msg="Failed to execute dag-run" dag=FisgonTaskSelenium run-id=019c90df-b114-7047-b0a6-2cd264d3b4ae err="failed to execute step \"tarea_1\": exit status 1\nrecent stderr (tail):\nTraceback (most recent call last):\n  File \"/app/run.py\", line 118, in <module>\n    from orchestration.almeria import events_extractors\n  File \"/app/orchestration/almeria.py\", line 1, in <module>\n    from scraper.extractors.url_iterator.fical import Fical\n  File \"/app/scraper/extractors/url_iterator/fical.py\", line 6, in <module>\n    from scraper.extractors.url_iterator.abc_url_iterator_extractor import UrlIteratorExtractor\n  File \"/app/scraper/extractors/url_iterator/abc_url_iterator_extractor.py\", line 5, in <module>\n    from scraper.extractors.abc_event_model_extractor import EventModelExtractor\n  File \"/app/scraper/extractors/abc_event_model_extractor.py\", line 5, in <module>\n    from titlecase import titlecase\nModuleNotFoundError: No module named 'titlecase'\n"
Error: failed to execute the dag-run FisgonTaskSelenium (dag-run ID: 019c90df-b114-7047-b0a6-2cd264d3b4ae): failed to execute step "tarea_1": exit status 1
recent stderr (tail):
Traceback (most recent call last):
  File "/app/run.py", line 118, in <module>
    from orchestration.almeria import events_extractors
  File "/app/orchestration/almeria.py", line 1, in <module>
    from scraper.extractors.url_iterator.fical import Fical
  File "/app/scraper/extractors/url_iterator/fical.py", line 6, in <module>
    from scraper.extractors.url_iterator.abc_url_iterator_extractor import UrlIteratorExtractor
  File "/app/scraper/extractors/url_iterator/abc_url_iterator_extractor.py", line 5, in <module>
    from scraper.extractors.abc_event_model_extractor import EventModelExtractor
  File "/app/scraper/extractors/abc_event_model_extractor.py", line 5, in <module>
    from titlecase import titlecase
ModuleNotFoundError: No module named 'titlecase'

time=2026-02-24T18:18:31.189Z level=INFO msg="Executing root dag-run" dag=FisgonTaskSelenium run-id=019c90df-c992-7ccb-8ee4-95874b111795 params=""
time=2026-02-24T18:18:31.203Z level=INFO msg="DAG run started" name=FisgonTaskSelenium run-id=019c90df-c992-7ccb-8ee4-95874b111795 attempt-id="" dag=FisgonTaskSelenium run-id=019c90df-c992-7ccb-8ee4-95874b111795 params="[TARGET_CITY=Almeria TARGET_SCRAPER=Entradium 3=DAGU_BASE_URL=]"
time=2026-02-24T18:18:31.206Z level=INFO msg="Step started" name=FisgonTaskSelenium run-id=019c90df-c992-7ccb-8ee4-95874b111795 attempt-id="" dag=FisgonTaskSelenium run-id=019c90df-c992-7ccb-8ee4-95874b111795 step=tarea_1
time=2026-02-24T18:18:35.763Z level=INFO msg="DAG run finished" name=FisgonTaskSelenium run-id=019c90df-c992-7ccb-8ee4-95874b111795 attempt-id="" dag=FisgonTaskSelenium run-id=019c90df-c992-7ccb-8ee4-95874b111795 status=failed started-at=2026-02-24T18:18:31Z finished-at=2026-02-24T18:18:35Z
time=2026-02-24T18:18:35.799Z level=ERROR msg="Failed to execute dag-run" dag=FisgonTaskSelenium run-id=019c90df-c992-7ccb-8ee4-95874b111795 err="failed to execute step \"tarea_1\": exit status 1\nrecent stderr (tail):\nTraceback (most recent call last):\n  File \"/app/run.py\", line 118, in <module>\n    from orchestration.almeria import events_extractors\n  File \"/app/orchestration/almeria.py\", line 1, in <module>\n    from scraper.extractors.url_iterator.fical import Fical\n  File \"/app/scraper/extractors/url_iterator/fical.py\", line 6, in <module>\n    from scraper.extractors.url_iterator.abc_url_iterator_extractor import UrlIteratorExtractor\n  File \"/app/scraper/extractors/url_iterator/abc_url_iterator_extractor.py\", line 5, in <module>\n    from scraper.extractors.abc_event_model_extractor import EventModelExtractor\n  File \"/app/scraper/extractors/abc_event_model_extractor.py\", line 5, in <module>\n    from titlecase import titlecase\nModuleNotFoundError: No module named 'titlecase'\n"
Error: failed to execute the dag-run FisgonTaskSelenium (dag-run ID: 019c90df-c992-7ccb-8ee4-95874b111795): failed to execute step "tarea_1": exit status 1
recent stderr (tail):
Traceback (most recent call last):
  File "/app/run.py", line 118, in <module>
    from orchestration.almeria import events_extractors
  File "/app/orchestration/almeria.py", line 1, in <module>
    from scraper.extractors.url_iterator.fical import Fical
  File "/app/scraper/extractors/url_iterator/fical.py", line 6, in <module>
    from scraper.extractors.url_iterator.abc_url_iterator_extractor import UrlIteratorExtractor
  File "/app/scraper/extractors/url_iterator/abc_url_iterator_extractor.py", line 5, in <module>
    from scraper.extractors.abc_event_model_extractor import EventModelExtractor
  File "/app/scraper/extractors/abc_event_model_extractor.py", line 5, in <module>
    from titlecase import titlecase
ModuleNotFoundError: No module named 'titlecase'

time=2026-02-24T18:18:35.839Z level=INFO msg="Executing root dag-run" dag=FisgonTaskSelenium run-id=019c90df-dbbb-7731-9009-add5fb0d357c params=""
time=2026-02-24T18:18:35.854Z level=INFO msg="DAG run started" name=FisgonTaskSelenium run-id=019c90df-dbbb-7731-9009-add5fb0d357c attempt-id="" dag=FisgonTaskSelenium run-id=019c90df-dbbb-7731-9009-add5fb0d357c params="[TARGET_CITY=Almeria TARGET_SCRAPER=TodasLasEntradas 3=DAGU_BASE_URL=]"
time=2026-02-24T18:18:35.857Z level=INFO msg="Step started" name=FisgonTaskSelenium run-id=019c90df-dbbb-7731-9009-add5fb0d357c attempt-id="" dag=FisgonTaskSelenium run-id=019c90df-dbbb-7731-9009-add5fb0d357c step=tarea_1
time=2026-02-24T18:18:41.536Z level=INFO msg="DAG run finished" name=FisgonTaskSelenium run-id=019c90df-dbbb-7731-9009-add5fb0d357c attempt-id="" dag=FisgonTaskSelenium run-id=019c90df-dbbb-7731-9009-add5fb0d357c status=failed started-at=2026-02-24T18:18:35Z finished-at=2026-02-24T18:18:41Z
time=2026-02-24T18:18:41.562Z level=ERROR msg="Failed to execute dag-run" dag=FisgonTaskSelenium run-id=019c90df-dbbb-7731-9009-add5fb0d357c err="failed to execute step \"tarea_1\": exit status 1\nrecent stderr (tail):\nTraceback (most recent call last):\n  File \"/app/run.py\", line 118, in <module>\n    from orchestration.almeria import events_extractors\n  File \"/app/orchestration/almeria.py\", line 1, in <module>\n    from scraper.extractors.url_iterator.fical import Fical\n  File \"/app/scraper/extractors/url_iterator/fical.py\", line 6, in <module>\n    from scraper.extractors.url_iterator.abc_url_iterator_extractor import UrlIteratorExtractor\n  File \"/app/scraper/extractors/url_iterator/abc_url_iterator_extractor.py\", line 5, in <module>\n    from scraper.extractors.abc_event_model_extractor import EventModelExtractor\n  File \"/app/scraper/extractors/abc_event_model_extractor.py\", line 5, in <module>\n    from titlecase import titlecase\nModuleNotFoundError: No module named 'titlecase'\n"
Error: failed to execute the dag-run FisgonTaskSelenium (dag-run ID: 019c90df-dbbb-7731-9009-add5fb0d357c): failed to execute step "tarea_1": exit status 1
recent stderr (tail):
Traceback (most recent call last):
  File "/app/run.py", line 118, in <module>
    from orchestration.almeria import events_extractors
  File "/app/orchestration/almeria.py", line 1, in <module>
    from scraper.extractors.url_iterator.fical import Fical
  File "/app/scraper/extractors/url_iterator/fical.py", line 6, in <module>
    from scraper.extractors.url_iterator.abc_url_iterator_extractor import UrlIteratorExtractor
  File "/app/scraper/extractors/url_iterator/abc_url_iterator_extractor.py", line 5, in <module>
    from scraper.extractors.abc_event_model_extractor import EventModelExtractor
  File "/app/scraper/extractors/abc_event_model_extractor.py", line 5, in <module>
    from titlecase import titlecase
ModuleNotFoundError: No module named 'titlecase'

time=2026-02-24T18:18:41.591Z level=INFO msg="Executing root dag-run" dag=FisgonTaskSelenium run-id=019c90df-f234-7aa4-bc77-4bd603a526f5 params=""
time=2026-02-24T18:18:41.604Z level=INFO msg="DAG run started" name=FisgonTaskSelenium run-id=019c90df-f234-7aa4-bc77-4bd603a526f5 attempt-id="" dag=FisgonTaskSelenium run-id=019c90df-f234-7aa4-bc77-4bd603a526f5 params="[TARGET_CITY=Almeria TARGET_SCRAPER=RedBibliotecas 3=DAGU_BASE_URL=]"
time=2026-02-24T18:18:41.607Z level=INFO msg="Step started" name=FisgonTaskSelenium run-id=019c90df-f234-7aa4-bc77-4bd603a526f5 attempt-id="" dag=FisgonTaskSelenium run-id=019c90df-f234-7aa4-bc77-4bd603a526f5 step=tarea_1
time=2026-02-24T18:18:46.102Z level=INFO msg="DAG run finished" name=FisgonTaskSelenium run-id=019c90df-f234-7aa4-bc77-4bd603a526f5 attempt-id="" dag=FisgonTaskSelenium run-id=019c90df-f234-7aa4-bc77-4bd603a526f5 status=failed started-at=2026-02-24T18:18:41Z finished-at=2026-02-24T18:18:46Z
time=2026-02-24T18:18:46.126Z level=ERROR msg="Failed to execute dag-run" dag=FisgonTaskSelenium run-id=019c90df-f234-7aa4-bc77-4bd603a526f5 err="failed to execute step \"tarea_1\": exit status 1\nrecent stderr (tail):\nTraceback (most recent call last):\n  File \"/app/run.py\", line 118, in <module>\n    from orchestration.almeria import events_extractors\n  File \"/app/orchestration/almeria.py\", line 1, in <module>\n    from scraper.extractors.url_iterator.fical import Fical\n  File \"/app/scraper/extractors/url_iterator/fical.py\", line 6, in <module>\n    from scraper.extractors.url_iterator.abc_url_iterator_extractor import UrlIteratorExtractor\n  File \"/app/scraper/extractors/url_iterator/abc_url_iterator_extractor.py\", line 5, in <module>\n    from scraper.extractors.abc_event_model_extractor import EventModelExtractor\n  File \"/app/scraper/extractors/abc_event_model_extractor.py\", line 5, in <module>\n    from titlecase import titlecase\nModuleNotFoundError: No module named 'titlecase'\n"
Error: failed to execute the dag-run FisgonTaskSelenium (dag-run ID: 019c90df-f234-7aa4-bc77-4bd603a526f5): failed to execute step "tarea_1": exit status 1
recent stderr (tail):
Traceback (most recent call last):
  File "/app/run.py", line 118, in <module>
    from orchestration.almeria import events_extractors
  File "/app/orchestration/almeria.py", line 1, in <module>
    from scraper.extractors.url_iterator.fical import Fical
  File "/app/scraper/extractors/url_iterator/fical.py", line 6, in <module>
    from scraper.extractors.url_iterator.abc_url_iterator_extractor import UrlIteratorExtractor
  File "/app/scraper/extractors/url_iterator/abc_url_iterator_extractor.py", line 5, in <module>
    from scraper.extractors.abc_event_model_extractor import EventModelExtractor
  File "/app/scraper/extractors/abc_event_model_extractor.py", line 5, in <module>
    from titlecase import titlecase
ModuleNotFoundError: No module named 'titlecase'

time=2026-02-24T18:18:46.159Z level=INFO msg="Executing root dag-run" dag=FisgonTaskSelenium run-id=019c90e0-040e-7281-a93c-7ebde5b5967c params=""
time=2026-02-24T18:18:46.172Z level=INFO msg="DAG run started" name=FisgonTaskSelenium run-id=019c90e0-040e-7281-a93c-7ebde5b5967c attempt-id="" dag=FisgonTaskSelenium run-id=019c90e0-040e-7281-a93c-7ebde5b5967c params="[TARGET_CITY=Almeria TARGET_SCRAPER=SalaEmma 3=DAGU_BASE_URL=]"
time=2026-02-24T18:18:46.175Z level=INFO msg="Step started" name=FisgonTaskSelenium run-id=019c90e0-040e-7281-a93c-7ebde5b5967c attempt-id="" dag=FisgonTaskSelenium run-id=019c90e0-040e-7281-a93c-7ebde5b5967c step=tarea_1
time=2026-02-24T18:18:50.635Z level=INFO msg="DAG run finished" name=FisgonTaskSelenium run-id=019c90e0-040e-7281-a93c-7ebde5b5967c attempt-id="" dag=FisgonTaskSelenium run-id=019c90e0-040e-7281-a93c-7ebde5b5967c status=failed started-at=2026-02-24T18:18:46Z finished-at=2026-02-24T18:18:50Z
time=2026-02-24T18:18:50.647Z level=ERROR msg="Failed to execute dag-run" dag=FisgonTaskSelenium run-id=019c90e0-040e-7281-a93c-7ebde5b5967c err="failed to execute step \"tarea_1\": exit status 1\nrecent stderr (tail):\nTraceback (most recent call last):\n  File \"/app/run.py\", line 118, in <module>\n    from orchestration.almeria import events_extractors\n  File \"/app/orchestration/almeria.py\", line 1, in <module>\n    from scraper.extractors.url_iterator.fical import Fical\n  File \"/app/scraper/extractors/url_iterator/fical.py\", line 6, in <module>\n    from scraper.extractors.url_iterator.abc_url_iterator_extractor import UrlIteratorExtractor\n  File \"/app/scraper/extractors/url_iterator/abc_url_iterator_extractor.py\", line 5, in <module>\n    from scraper.extractors.abc_event_model_extractor import EventModelExtractor\n  File \"/app/scraper/extractors/abc_event_model_extractor.py\", line 5, in <module>\n    from titlecase import titlecase\nModuleNotFoundError: No module named 'titlecase'\n"
Error: failed to execute the dag-run FisgonTaskSelenium (dag-run ID: 019c90e0-040e-7281-a93c-7ebde5b5967c): failed to execute step "tarea_1": exit status 1
recent stderr (tail):
Traceback (most recent call last):
  File "/app/run.py", line 118, in <module>
    from orchestration.almeria import events_extractors
  File "/app/orchestration/almeria.py", line 1, in <module>
    from scraper.extractors.url_iterator.fical import Fical
  File "/app/scraper/extractors/url_iterator/fical.py", line 6, in <module>
    from scraper.extractors.url_iterator.abc_url_iterator_extractor import UrlIteratorExtractor
  File "/app/scraper/extractors/url_iterator/abc_url_iterator_extractor.py", line 5, in <module>
    from scraper.extractors.abc_event_model_extractor import EventModelExtractor
  File "/app/scraper/extractors/abc_event_model_extractor.py", line 5, in <module>
    from titlecase import titlecase
ModuleNotFoundError: No module named 'titlecase'

