
RUNNING VARS → 
        CITY=Almeria, 

        OPERATION=0,
            CREATE_SESSION=0,
            CLOSE_SESSION=0,
            SESSION=None,
            IMAGES=0,
            GET_SCRAPERS=

        SCRAPER=BibliotecaAgenda
        DAG_RUN_URL=/dags/FisgonTaskRequest/log?remoteNode=local&step=tarea_1&dagRunId=019d4aed-bb3f-7888-a29c-1b26e8ce4b7a

Running for Almeria: BibliotecaAgenda
BibliotecaAgenda
RUNNING SESSION =  2026_04_01_21_21_Miercoles
*** SCRAPED 30 URLS WITH EVENTS **
New url events = 30
0 / 30
Getting https://www.bibliotecasdeandalucia.es/web/biblioteca-del-estado-publica-provincial-de-almeria/actividades/agenda?p_p_id=eventosportlet_WAR_culturaportlet_INSTANCE_rPywOIojLvBh&p_p_lifecycle=0&p_p_state=normal&p_p_mode=view&p_p_col_id=column-1&p_p_col_pos=1&p_p_col_count=2&date=15/04/26&action=showDay
Sleep 1
--------------------
{'id': '577dd725', 'show': 1, 'in_city': 1, 'one_day': 1, 'wrong_date_time': 0, 'event': 'La Biblioteca Humana Llega a La Villaespesa, Con Paula Mandarina', 'slug': 'la-biblioteca-humana-llega-a-la-villaespesa-con-paula-mandarina', 'category': '__NOT_DEFINIED__', 'id_venue': 'TjmFnJdD', 'venue': 'Biblioteca Publica Provincial Francisco Villaespesa', 'std_venue': 'Biblioteca Pública Francisco Villaespesa', 'start_date': '2026-04-15', 'start_time': '10:30:00', 'end_date': '2026-04-15', 'end_time': '__NOT_DEFINIED__', 'description': 'La Biblioteca Humana llega a la Villaespesa, con Paula Mandarina La Biblioteca Humana llega a la Biblioteca Villaespesa como un espacio único de encuentro donde las personas se convierten en libros y las historias se leen escuchando. En esta experiencia, voluntarios y voluntarias compartirán vivencias reales, abriendo conversaciones cercanas, respetuosas y sin juicios. El tema de esta edición es ¿Abuelos, portadores de historias¿, un homenaje vivo a la memoria, la experiencia y las anécdotas que solo los años saben guardar. Quienes participen podrán traer esa historia curiosa, emocionante o divertida que hayan vivido con sus abuelos y darle forma para narrarla ante lectores que deseen escuchar. Las personas participantes recibirán orientación previa para comunicar su historia de forma clara, respetuosa y segura, aprendiendo a gestionar emociones, establecer límites personales y fortalecer su confianza. La actividad fomenta la empatía, el diálogo abierto y la comprensión de otras realidades, creando un entorno seguro donde cada voz cuenta. Edad mínima: 16 añosAforo: máximo 10 participantes Si te gusta hablar, recordar y conectar con otras personas, esta es tu oportunidad:ven y conviértete en un libro humano. Miércoles 8 de abril19:00 h. Sala de exposicionesInscripción previa.', 'others': {'duration': '__NOT_DEFINIED__'}, 'source': 'BibliotecaAgenda', 'exec_time': '20260401T212307', 'session': '2026_04_01_21_21_Miercoles', 'image': 'https://www.bibliotecasdeandalucia.es/image/journal/article?img_id=511666868&t=1774856232907', 'url': 'https://www.bibliotecasdeandalucia.es/web/biblioteca-del-estado-publica-provincial-de-almeria/actividades/agenda?p_p_id=eventosportlet_WAR_culturaportlet_INSTANCE_rPywOIojLvBh&p_p_lifecycle=0&p_p_state=normal&p_p_mode=view&p_p_col_id=column-1&p_p_col_pos=1&p_p_col_count=2&date=15/04/26&action=showDay'}
1 / 30
Getting https://www.bibliotecasdeandalucia.es/web/biblioteca-del-estado-publica-provincial-de-almeria/actividades/agenda?p_p_id=eventosportlet_WAR_culturaportlet_INSTANCE_rPywOIojLvBh&p_p_lifecycle=0&p_p_state=normal&p_p_mode=view&p_p_col_id=column-1&p_p_col_pos=1&p_p_col_count=2&date=08/04/26&action=showDay
Sleep 1
--------------------
{'id': 'd6cae32e', 'show': 1, 'in_city': 1, 'one_day': 1, 'wrong_date_time': 0, 'event': 'La Biblioteca Humana Llega a La Villaespesa, Con Paula Mandarina', 'slug': 'la-biblioteca-humana-llega-a-la-villaespesa-con-paula-mandarina', 'category': '__NOT_DEFINIED__', 'id_venue': 'TjmFnJdD', 'venue': 'Biblioteca Publica Provincial Francisco Villaespesa', 'std_venue': 'Biblioteca Pública Francisco Villaespesa', 'start_date': '2026-04-08', 'start_time': '10:30:00', 'end_date': '2026-04-08', 'end_time': '__NOT_DEFINIED__', 'description': 'La Biblioteca Humana llega a la Villaespesa, con Paula Mandarina La Biblioteca Humana llega a la Biblioteca Villaespesa como un espacio único de encuentro donde las personas se convierten en libros y las historias se leen escuchando. En esta experiencia, voluntarios y voluntarias compartirán vivencias reales, abriendo conversaciones cercanas, respetuosas y sin juicios. El tema de esta edición es ¿Abuelos, portadores de historias¿, un homenaje vivo a la memoria, la experiencia y las anécdotas que solo los años saben guardar. Quienes participen podrán traer esa historia curiosa, emocionante o divertida que hayan vivido con sus abuelos y darle forma para narrarla ante lectores que deseen escuchar. Las personas participantes recibirán orientación previa para comunicar su historia de forma clara, respetuosa y segura, aprendiendo a gestionar emociones, establecer límites personales y fortalecer su confianza. La actividad fomenta la empatía, el diálogo abierto y la comprensión de otras realidades, creando un entorno seguro donde cada voz cuenta. Edad mínima: 16 añosAforo: máximo 10 participantes Si te gusta hablar, recordar y conectar con otras personas, esta es tu oportunidad:ven y conviértete en un libro humano. Miércoles 8 de abril19:00 h. Sala de exposicionesInscripción previa.', 'others': {'duration': '__NOT_DEFINIED__'}, 'source': 'BibliotecaAgenda', 'exec_time': '20260401T212307', 'session': '2026_04_01_21_21_Miercoles', 'image': 'https://www.bibliotecasdeandalucia.es/image/journal/article?img_id=511667008&t=1774856249477', 'url': 'https://www.bibliotecasdeandalucia.es/web/biblioteca-del-estado-publica-provincial-de-almeria/actividades/agenda?p_p_id=eventosportlet_WAR_culturaportlet_INSTANCE_rPywOIojLvBh&p_p_lifecycle=0&p_p_state=normal&p_p_mode=view&p_p_col_id=column-1&p_p_col_pos=1&p_p_col_count=2&date=08/04/26&action=showDay'}
--------------------
{'id': '58b5ee59', 'show': 1, 'in_city': 1, 'one_day': 1, 'wrong_date_time': 0, 'event': 'Crece Con La Villaespesa. "¿Conoces Las Aves De Tu Entorno?", Con Francisco García Romero', 'slug': 'crece-con-la-villaespesa-conoces-las-aves-de-tu-entorno-con-francisco-garcia-rom', 'category': '__NOT_DEFINIED__', 'id_venue': 'TjmFnJdD', 'venue': 'Biblioteca Publica Provincial Francisco Villaespesa', 'std_venue': 'Biblioteca Pública Francisco Villaespesa', 'start_date': '2026-04-08', 'start_time': '12:00:00', 'end_date': '2026-04-08', 'end_time': '__NOT_DEFINIED__', 'description': 'Crece con la Villaespesa. "¿Conoces las aves de tu entorno?", con Francisco García Romero. A través de la presentación de diapositivas en las que se darán a conocer características y algunos de los aspectos más curiosos de las aves que conviven con nosotros/as, se iniciará un diálogo con el alumnado con el objetivo de que conozcan las aves que ven en su día a día, sensibilizar sobre la importancia de la conservación de las aves de nuestro entorno y despertar el interés en el alumnado sobre el mundo de las aves en libertad. Miércoles 8 de abril12:00h. Salón de actos. Actividad concertada con centros educativos.', 'others': {'duration': '__NOT_DEFINIED__'}, 'source': 'BibliotecaAgenda', 'exec_time': '20260401T212307', 'session': '2026_04_01_21_21_Miercoles', 'image': 'https://www.bibliotecasdeandalucia.es/image/journal/article?img_id=511666801&t=1774856223486', 'url': 'https://www.bibliotecasdeandalucia.es/web/biblioteca-del-estado-publica-provincial-de-almeria/actividades/agenda?p_p_id=eventosportlet_WAR_culturaportlet_INSTANCE_rPywOIojLvBh&p_p_lifecycle=0&p_p_state=normal&p_p_mode=view&p_p_col_id=column-1&p_p_col_pos=1&p_p_col_count=2&date=08/04/26&action=showDay'}
--------------------
{'id': 'fb9f8dc3', 'show': 1, 'in_city': 1, 'one_day': 1, 'wrong_date_time': 0, 'event': 'Presentación De La Novela "Cae La Noche en Mónsul", De Fernando Martínez López', 'slug': 'presentacion-de-la-novela-cae-la-noche-en-monsul-de-fernando-martinez-lopez', 'category': '__NOT_DEFINIED__', 'id_venue': 'TjmFnJdD', 'venue': 'Biblioteca Publica Provincial Francisco Villaespesa', 'std_venue': 'Biblioteca Pública Francisco Villaespesa', 'start_date': '2026-04-08', 'start_time': '19:00:00', 'end_date': '2026-04-08', 'end_time': '__NOT_DEFINIED__', 'description': 'Presentación de la novela "Cae la noche en Mónsul", de Fernando Martínez López. Encuentro con Fernando Martínez López a propósito de su última novela "Cae la noche en Mónsul", publicada por Extravertida Editorial. Le acompañará M.ª Carmen López Saracho. La novela se concibe como un relato metaliterario donde dos hilos narrativos se entretejen hasta conformar un todo común, una historia en la que se muestra cómo la ausencia de amor esculpe con el cincel equivocado al ser humano conduciéndolo por los caminos que se abisman en el infierno. Miércoles 8 de abril19:00h. Salón de actos. Entrada libre hasta completar aforo (200 personas).', 'others': {'duration': '__NOT_DEFINIED__'}, 'source': 'BibliotecaAgenda', 'exec_time': '20260401T212307', 'session': '2026_04_01_21_21_Miercoles', 'image': 'https://www.bibliotecasdeandalucia.es/image/journal/article?img_id=511667240&t=1774856331659', 'url': 'https://www.bibliotecasdeandalucia.es/web/biblioteca-del-estado-publica-provincial-de-almeria/actividades/agenda?p_p_id=eventosportlet_WAR_culturaportlet_INSTANCE_rPywOIojLvBh&p_p_lifecycle=0&p_p_state=normal&p_p_mode=view&p_p_col_id=column-1&p_p_col_pos=1&p_p_col_count=2&date=08/04/26&action=showDay'}
2 / 30
Getting https://www.bibliotecasdeandalucia.es/web/biblioteca-del-estado-publica-provincial-de-almeria/actividades/agenda?p_p_id=eventosportlet_WAR_culturaportlet_INSTANCE_rPywOIojLvBh&p_p_lifecycle=0&p_p_state=normal&p_p_mode=view&p_p_col_id=column-1&p_p_col_pos=1&p_p_col_count=2&date=18/04/26&action=showDay
Sleep 1
3 / 30
Getting https://www.bibliotecasdeandalucia.es/web/biblioteca-del-estado-publica-provincial-de-almeria/actividades/agenda?p_p_id=eventosportlet_WAR_culturaportlet_INSTANCE_rPywOIojLvBh&p_p_lifecycle=0&p_p_state=normal&p_p_mode=view&p_p_col_id=column-1&p_p_col_pos=1&p_p_col_count=2&date=30/04/26&action=showDay
Sleep 1
4 / 30
Getting https://www.bibliotecasdeandalucia.es/web/biblioteca-del-estado-publica-provincial-de-almeria/actividades/agenda?p_p_id=eventosportlet_WAR_culturaportlet_INSTANCE_rPywOIojLvBh&p_p_lifecycle=0&p_p_state=normal&p_p_mode=view&p_p_col_id=column-1&p_p_col_pos=1&p_p_col_count=2&date=02/04/26&action=showDay
Sleep 1
5 / 30
Getting https://www.bibliotecasdeandalucia.es/web/biblioteca-del-estado-publica-provincial-de-almeria/actividades/agenda?p_p_id=eventosportlet_WAR_culturaportlet_INSTANCE_rPywOIojLvBh&p_p_lifecycle=0&p_p_state=normal&p_p_mode=view&p_p_col_id=column-1&p_p_col_pos=1&p_p_col_count=2&date=17/04/26&action=showDay
Sleep 1
6 / 30
Getting https://www.bibliotecasdeandalucia.es/web/biblioteca-del-estado-publica-provincial-de-almeria/actividades/agenda?p_p_id=eventosportlet_WAR_culturaportlet_INSTANCE_rPywOIojLvBh&p_p_lifecycle=0&p_p_state=normal&p_p_mode=view&p_p_col_id=column-1&p_p_col_pos=1&p_p_col_count=2&date=01/04/26&action=showDay
Sleep 1
7 / 30
Getting https://www.bibliotecasdeandalucia.es/web/biblioteca-del-estado-publica-provincial-de-almeria/actividades/agenda?p_p_id=eventosportlet_WAR_culturaportlet_INSTANCE_rPywOIojLvBh&p_p_lifecycle=0&p_p_state=normal&p_p_mode=view&p_p_col_id=column-1&p_p_col_pos=1&p_p_col_count=2&date=28/04/26&action=showDay
Sleep 1
8 / 30
Getting https://www.bibliotecasdeandalucia.es/web/biblioteca-del-estado-publica-provincial-de-almeria/actividades/agenda?p_p_id=eventosportlet_WAR_culturaportlet_INSTANCE_rPywOIojLvBh&p_p_lifecycle=0&p_p_state=normal&p_p_mode=view&p_p_col_id=column-1&p_p_col_pos=1&p_p_col_count=2&date=25/04/26&action=showDay
Sleep 1
--------------------
{'id': 'd682dff4', 'show': 1, 'in_city': 1, 'one_day': 1, 'wrong_date_time': 0, 'event': 'Scape Room. "¿Dónde Está Julio Verne?", Con Paula Mandarina', 'slug': 'scape-room-donde-esta-julio-verne-con-paula-mandarina', 'category': '__NOT_DEFINIED__', 'id_venue': 'TjmFnJdD', 'venue': 'Biblioteca Publica Provincial Francisco Villaespesa', 'std_venue': 'Biblioteca Pública Francisco Villaespesa', 'start_date': '2026-04-25', 'start_time': '12:00:00', 'end_date': '2026-04-25', 'end_time': '__NOT_DEFINIED__', 'description': 'Celebración de Día Internacional del Libro. Scape room. "¿Dónde está Julio Verne?", con Paula Mandarina. Si tienes entre 10 y 100 años ven a sumergirte en un viaje apasionante. Conoce a Julio Verne y descubre su paradero, conviértete en un detective de la historia. Actividad familiarAforo máximo: 24 participantes.Duración: 40-45 min. Sábado 25 de abril12:00h. Inscripción previa.', 'others': {'duration': '__NOT_DEFINIED__'}, 'source': 'BibliotecaAgenda', 'exec_time': '20260401T212307', 'session': '2026_04_01_21_21_Miercoles', 'image': 'https://www.bibliotecasdeandalucia.es/image/journal/article?img_id=511671986&t=1774857442384', 'url': 'https://www.bibliotecasdeandalucia.es/web/biblioteca-del-estado-publica-provincial-de-almeria/actividades/agenda?p_p_id=eventosportlet_WAR_culturaportlet_INSTANCE_rPywOIojLvBh&p_p_lifecycle=0&p_p_state=normal&p_p_mode=view&p_p_col_id=column-1&p_p_col_pos=1&p_p_col_count=2&date=25/04/26&action=showDay'}
9 / 30
Getting https://www.bibliotecasdeandalucia.es/web/biblioteca-del-estado-publica-provincial-de-almeria/actividades/agenda?p_p_id=eventosportlet_WAR_culturaportlet_INSTANCE_rPywOIojLvBh&p_p_lifecycle=0&p_p_state=normal&p_p_mode=view&p_p_col_id=column-1&p_p_col_pos=1&p_p_col_count=2&date=12/04/26&action=showDay
Sleep 1
10 / 30
Getting https://www.bibliotecasdeandalucia.es/web/biblioteca-del-estado-publica-provincial-de-almeria/actividades/agenda?p_p_id=eventosportlet_WAR_culturaportlet_INSTANCE_rPywOIojLvBh&p_p_lifecycle=0&p_p_state=normal&p_p_mode=view&p_p_col_id=column-1&p_p_col_pos=1&p_p_col_count=2&date=20/04/26&action=showDay
Sleep 1
--------------------
{'id': '279c9951', 'show': 1, 'in_city': 1, 'one_day': 1, 'wrong_date_time': 0, 'event': 'Película "Lawrence De Arabia". Filmoteca De Andalucía', 'slug': 'pelicula-lawrence-de-arabia-filmoteca-de-andalucia', 'category': '__NOT_DEFINIED__', 'id_venue': 'TjmFnJdD', 'venue': 'Biblioteca Publica Provincial Francisco Villaespesa', 'std_venue': 'Biblioteca Pública Francisco Villaespesa', 'start_date': '2026-04-20', 'start_time': '19:00:00', 'end_date': '2026-04-20', 'end_time': '__NOT_DEFINIED__', 'description': "Proyección de la película ¿Lawrence de Arabia¿, de David Lean.El Cairo, 1917. Durante la Gran Guerra (1914-1918), T.E. Lawrence (Peter O'Toole), un conflictivo y enigmático oficial británico, es enviado al desierto para participar en una campaña de apoyo a los árabes contra Turquía. Él y su amigo Sherif Alí (Omar Sharif) pondrán en esta misión toda su alma. Los nativos adoran a Lawrence porque ha demostrado sobradamente ser un amante del desierto y del pueblo árabe. En cambio, sus superiores británicos creen que se ha vuelto loco.Duración: 222 min.País: Reino UnidoDirección: David Lean", 'others': {'duration': '222'}, 'source': 'BibliotecaAgenda', 'exec_time': '20260401T212307', 'session': '2026_04_01_21_21_Miercoles', 'image': 'https://www.bibliotecasdeandalucia.es/image/journal/article?img_id=511673053&t=1774857722258', 'url': 'https://www.bibliotecasdeandalucia.es/web/biblioteca-del-estado-publica-provincial-de-almeria/actividades/agenda?p_p_id=eventosportlet_WAR_culturaportlet_INSTANCE_rPywOIojLvBh&p_p_lifecycle=0&p_p_state=normal&p_p_mode=view&p_p_col_id=column-1&p_p_col_pos=1&p_p_col_count=2&date=20/04/26&action=showDay'}
11 / 30
Getting https://www.bibliotecasdeandalucia.es/web/biblioteca-del-estado-publica-provincial-de-almeria/actividades/agenda?p_p_id=eventosportlet_WAR_culturaportlet_INSTANCE_rPywOIojLvBh&p_p_lifecycle=0&p_p_state=normal&p_p_mode=view&p_p_col_id=column-1&p_p_col_pos=1&p_p_col_count=2&date=14/04/26&action=showDay
Sleep 1
12 / 30
Getting https://www.bibliotecasdeandalucia.es/web/biblioteca-del-estado-publica-provincial-de-almeria/actividades/agenda?p_p_id=eventosportlet_WAR_culturaportlet_INSTANCE_rPywOIojLvBh&p_p_lifecycle=0&p_p_state=normal&p_p_mode=view&p_p_col_id=column-1&p_p_col_pos=1&p_p_col_count=2&date=13/04/26&action=showDay
Sleep 1
--------------------
{'id': '2b47c5d4', 'show': 1, 'in_city': 1, 'one_day': 1, 'wrong_date_time': 0, 'event': 'V Película "Cartas Desde Iwo Jima". Filmoteca De Andalucía', 'slug': 'v-pelicula-cartas-desde-iwo-jima-filmoteca-de-andalucia', 'category': '__NOT_DEFINIED__', 'id_venue': 'TjmFnJdD', 'venue': 'Biblioteca Publica Provincial Francisco Villaespesa', 'std_venue': 'Biblioteca Pública Francisco Villaespesa', 'start_date': '2026-04-13', 'start_time': '19:00:00', 'end_date': '2026-04-13', 'end_time': '__NOT_DEFINIED__', 'description': 'Segunda Proyección de la película "Cartas desde Iwo Jima", de Clint Eastwood.Segunda Guerra Mundial (1939-1945). Rodada íntegramente en japonés, la película ofrece la versión nipona de la batalla de Iwo Jima, el episodio más cruento de la guerra del Pacífico, en el que murieron más de 20.000 japoneses y 7.000 estadounidenses. El objetivo de la batalla para los japoneses era conservar un islote insignificante, pero de gran valor estratégico, pues desde allí defendían la integridad de su territorio. El mismo año, Eastwood dirigió también \'\'Banderas de nuestros padres\'\', que narra la misma batalla desde el punto de vista norteamericano. La versión japonesa muestra cómo el general Tadamichi Kuribayashi (Ken Watanabe) organizó la resistencia a través de un sistema de túneles.Duración: 141 min.País: Estados UnidosDirección: Clint EastwoodGuion: Paul Haggis, Iris Yamahsita', 'others': {'duration': '141'}, 'source': 'BibliotecaAgenda', 'exec_time': '20260401T212307', 'session': '2026_04_01_21_21_Miercoles', 'image': 'https://www.bibliotecasdeandalucia.es/image/journal/article?img_id=511673959&t=1774857934462', 'url': 'https://www.bibliotecasdeandalucia.es/web/biblioteca-del-estado-publica-provincial-de-almeria/actividades/agenda?p_p_id=eventosportlet_WAR_culturaportlet_INSTANCE_rPywOIojLvBh&p_p_lifecycle=0&p_p_state=normal&p_p_mode=view&p_p_col_id=column-1&p_p_col_pos=1&p_p_col_count=2&date=13/04/26&action=showDay'}
13 / 30
Getting https://www.bibliotecasdeandalucia.es/web/biblioteca-del-estado-publica-provincial-de-almeria/actividades/agenda?p_p_id=eventosportlet_WAR_culturaportlet_INSTANCE_rPywOIojLvBh&p_p_lifecycle=0&p_p_state=normal&p_p_mode=view&p_p_col_id=column-1&p_p_col_pos=1&p_p_col_count=2&date=06/04/26&action=showDay
Sleep 1
--------------------
{'id': '802af624', 'show': 1, 'in_city': 1, 'one_day': 1, 'wrong_date_time': 0, 'event': 'Película "Banderas De Nuestros Padres". Filmoteca De Andalucía', 'slug': 'pelicula-banderas-de-nuestros-padres-filmoteca-de-andalucia', 'category': '__NOT_DEFINIED__', 'id_venue': 'TjmFnJdD', 'venue': 'Biblioteca Publica Provincial Francisco Villaespesa', 'std_venue': 'Biblioteca Pública Francisco Villaespesa', 'start_date': '2026-04-06', 'start_time': '19:00:00', 'end_date': '2026-04-06', 'end_time': '__NOT_DEFINIED__', 'description': 'Proyección de la película "Banderas de nuestros padres", de Clint Eastwood.Segunda Guerra Mundial (1939-1945). La batalla de Iwo Jima (1945), el episodio más cruento de la guerra del Pacífico, quedó inmortalizada en la foto de unos soldados que izaban una bandera norteamericana. El objetivo de esta batalla era la toma de un islote insignificante, pero de gran valor estratégico, pues desde allí los japoneses defendían su territorio. En la contienda cayeron más de 20.000 japoneses y 7.000 estadounidenses. Mientras tanto, en los Estados Unidos la célebre foto en la que seis soldados izaban la bandera americana fue un instrumento propagandístico para conseguir fondos que permitieran seguir sufragando los gastos de la guerra. El mismo año el propio Eastwood dirigió "Cartas desde Iwo Jima", que narra la misma batalla desde el punto de vista japonés.Duración: 132 min.País: Estados UnidosDirección: Clint EastwoodGuión: William Broyles Jr., Paul Haggis. Libro: James Bradley, Ron Powers', 'others': {'duration': '132'}, 'source': 'BibliotecaAgenda', 'exec_time': '20260401T212307', 'session': '2026_04_01_21_21_Miercoles', 'image': 'https://www.bibliotecasdeandalucia.es/image/journal/article?img_id=510615278&t=1774600332871', 'url': 'https://www.bibliotecasdeandalucia.es/web/biblioteca-del-estado-publica-provincial-de-almeria/actividades/agenda?p_p_id=eventosportlet_WAR_culturaportlet_INSTANCE_rPywOIojLvBh&p_p_lifecycle=0&p_p_state=normal&p_p_mode=view&p_p_col_id=column-1&p_p_col_pos=1&p_p_col_count=2&date=06/04/26&action=showDay'}
14 / 30
Getting https://www.bibliotecasdeandalucia.es/web/biblioteca-del-estado-publica-provincial-de-almeria/actividades/agenda?p_p_id=eventosportlet_WAR_culturaportlet_INSTANCE_rPywOIojLvBh&p_p_lifecycle=0&p_p_state=normal&p_p_mode=view&p_p_col_id=column-1&p_p_col_pos=1&p_p_col_count=2&date=07/04/26&action=showDay
Sleep 1
15 / 30
Getting https://www.bibliotecasdeandalucia.es/web/biblioteca-del-estado-publica-provincial-de-almeria/actividades/agenda?p_p_id=eventosportlet_WAR_culturaportlet_INSTANCE_rPywOIojLvBh&p_p_lifecycle=0&p_p_state=normal&p_p_mode=view&p_p_col_id=column-1&p_p_col_pos=1&p_p_col_count=2&date=22/04/26&action=showDay
Sleep 1
16 / 30
Getting https://www.bibliotecasdeandalucia.es/web/biblioteca-del-estado-publica-provincial-de-almeria/actividades/agenda?p_p_id=eventosportlet_WAR_culturaportlet_INSTANCE_rPywOIojLvBh&p_p_lifecycle=0&p_p_state=normal&p_p_mode=view&p_p_col_id=column-1&p_p_col_pos=1&p_p_col_count=2&date=21/04/26&action=showDay
Sleep 1
--------------------
{'id': '708bf147', 'show': 1, 'in_city': 1, 'one_day': 1, 'wrong_date_time': 0, 'event': 'Crece Con La Villaespesa. "IA Para Estudiantes: Estudia Mejor, Aprende Más", Con Ramón González Sánchez, De Robonity', 'slug': 'crece-con-la-villaespesa-ia-para-estudiantes-estudia-mejor-aprende-mas-con-ramon', 'category': '__NOT_DEFINIED__', 'id_venue': 'TjmFnJdD', 'venue': 'Biblioteca Publica Provincial Francisco Villaespesa', 'std_venue': 'Biblioteca Pública Francisco Villaespesa', 'start_date': '2026-04-21', 'start_time': '10:00:00', 'end_date': '2026-04-21', 'end_time': '__NOT_DEFINIED__', 'description': 'Crece con la Villaespesa. "IA para estudiantes: estudia mejor, aprende más", con Ramón González Sánchez, de Robonity. ¿Quieres aprender más rápido y mejor? Potencia tu aprendizaje con las herramientas de IA que descubrirás en este taller de la mano de Ramón González, Doctor en Inteligencia Artificial y Robótica y autor de Inteligencia Artificial: ¿Más listos o más tontos?, que nos mostrará los avances en Inteligencia Artificial aplicada al aprendizaje. Martes 21 de abril10:00h. Sala de exposicionesActividad concertada con centros educativos', 'others': {'duration': '__NOT_DEFINIED__'}, 'source': 'BibliotecaAgenda', 'exec_time': '20260401T212307', 'session': '2026_04_01_21_21_Miercoles', 'image': 'https://www.bibliotecasdeandalucia.es/image/journal/article?img_id=511669802&t=1774856954621', 'url': 'https://www.bibliotecasdeandalucia.es/web/biblioteca-del-estado-publica-provincial-de-almeria/actividades/agenda?p_p_id=eventosportlet_WAR_culturaportlet_INSTANCE_rPywOIojLvBh&p_p_lifecycle=0&p_p_state=normal&p_p_mode=view&p_p_col_id=column-1&p_p_col_pos=1&p_p_col_count=2&date=21/04/26&action=showDay'}
17 / 30
Getting https://www.bibliotecasdeandalucia.es/web/biblioteca-del-estado-publica-provincial-de-almeria/actividades/agenda?p_p_id=eventosportlet_WAR_culturaportlet_INSTANCE_rPywOIojLvBh&p_p_lifecycle=0&p_p_state=normal&p_p_mode=view&p_p_col_id=column-1&p_p_col_pos=1&p_p_col_count=2&date=11/04/26&action=showDay
Sleep 1
--------------------
{'id': 'a27cc873', 'show': 1, 'in_city': 1, 'one_day': 1, 'wrong_date_time': 0, 'event': 'Sesión De Cuentos "Los Cuentos Conocen La Ciudad", Con Paula Mandarina.', 'slug': 'sesion-de-cuentos-los-cuentos-conocen-la-ciudad-con-paula-mandarina', 'category': '__NOT_DEFINIED__', 'id_venue': 'TjmFnJdD', 'venue': 'Biblioteca Publica Provincial Francisco Villaespesa', 'std_venue': 'Biblioteca Pública Francisco Villaespesa', 'start_date': '2026-04-11', 'start_time': '11:00:00', 'end_date': '2026-04-11', 'end_time': '__NOT_DEFINIED__', 'description': 'Sesión de cuentos "Los cuentos conocen la ciudad", con Paula Mandarina. Ha llegado el día que los libros esperan impacientes, un año más sacamos a los libros de la biblioteca para que conozcan la ciudad. Acompáñanos a contar cuentos en los rincones más chulos de Almería. Dirigido a público familiar.Aforo máximo: 50 personas.Duración: 1 hora. Sábado 11 de abril11:00h. Inscripción previa.', 'others': {'duration': '1'}, 'source': 'BibliotecaAgenda', 'exec_time': '20260401T212307', 'session': '2026_04_01_21_21_Miercoles', 'image': 'https://www.bibliotecasdeandalucia.es/image/journal/article?img_id=511668916&t=1774856681300', 'url': 'https://www.bibliotecasdeandalucia.es/web/biblioteca-del-estado-publica-provincial-de-almeria/actividades/agenda?p_p_id=eventosportlet_WAR_culturaportlet_INSTANCE_rPywOIojLvBh&p_p_lifecycle=0&p_p_state=normal&p_p_mode=view&p_p_col_id=column-1&p_p_col_pos=1&p_p_col_count=2&date=11/04/26&action=showDay'}
--------------------
{'id': '7c468014', 'show': 1, 'in_city': 1, 'one_day': 1, 'wrong_date_time': 0, 'event': 'Presentación Del Poemario "El Manifiesto Del Mirlo", De Eduardo Antonio Hernández Escobar', 'slug': 'presentacion-del-poemario-el-manifiesto-del-mirlo-de-eduardo-antonio-hernandez-e', 'category': '__NOT_DEFINIED__', 'id_venue': 'TjmFnJdD', 'venue': 'Biblioteca Publica Provincial Francisco Villaespesa', 'std_venue': 'Biblioteca Pública Francisco Villaespesa', 'start_date': '2026-04-11', 'start_time': '11:30:00', 'end_date': '2026-04-11', 'end_time': '__NOT_DEFINIED__', 'description': 'Presentación del poemario "El manifiesto del Mirlo", de Eduardo Antonio Hernández Escobar. Eduardo Hernández presenta en la Villaespesa su último poemario, "El manifiesto del mirlo", publicado por Libroindie, acompañado del escritor Adrián López Cerdán y el pintor Cristóbal Pardo.¿Qué sucede cuando un poeta se rompe ante los ojos de sus lectores? ¿Puede surgir el canto firme desde la ceniza más oscura?El Manifiesto del Mirlo es un descenso al abismo y un vuelo serpenteante hacia la luz que recoge un viaje introspectivo fragmentado en cuatro actos: caída, refugio, kintsugi y vuelo.Desde un rico universo de simbolismos y cargado con una voz afilada, melancólica y de corte romanticista, Eduardo Hernández encuentra en estos versos el desarrollo y la madurez en su voz poética.Estamos ante un libro que se siente, ante un espejo roto que encaja para dar brillo a la idea de que a veces, para aprender a volar, hay que caer. Sábado 11 de abril11:30h. Sala de exposicionesEntrada libre hasta completar aforo (60 personas)', 'others': {'duration': '__NOT_DEFINIED__'}, 'source': 'BibliotecaAgenda', 'exec_time': '20260401T212307', 'session': '2026_04_01_21_21_Miercoles', 'image': 'https://www.bibliotecasdeandalucia.es/image/journal/article?img_id=511669575&t=1774856855216', 'url': 'https://www.bibliotecasdeandalucia.es/web/biblioteca-del-estado-publica-provincial-de-almeria/actividades/agenda?p_p_id=eventosportlet_WAR_culturaportlet_INSTANCE_rPywOIojLvBh&p_p_lifecycle=0&p_p_state=normal&p_p_mode=view&p_p_col_id=column-1&p_p_col_pos=1&p_p_col_count=2&date=11/04/26&action=showDay'}
18 / 30
Getting https://www.bibliotecasdeandalucia.es/web/biblioteca-del-estado-publica-provincial-de-almeria/actividades/agenda?p_p_id=eventosportlet_WAR_culturaportlet_INSTANCE_rPywOIojLvBh&p_p_lifecycle=0&p_p_state=normal&p_p_mode=view&p_p_col_id=column-1&p_p_col_pos=1&p_p_col_count=2&date=19/04/26&action=showDay
Sleep 1
19 / 30
Getting https://www.bibliotecasdeandalucia.es/web/biblioteca-del-estado-publica-provincial-de-almeria/actividades/agenda?p_p_id=eventosportlet_WAR_culturaportlet_INSTANCE_rPywOIojLvBh&p_p_lifecycle=0&p_p_state=normal&p_p_mode=view&p_p_col_id=column-1&p_p_col_pos=1&p_p_col_count=2&date=09/04/26&action=showDay
Sleep 1
--------------------
{'id': 'd80af6ef', 'show': 1, 'in_city': 1, 'one_day': 1, 'wrong_date_time': 0, 'event': 'Conferencia "Nutrición Y Hábitos Saludables en Procesos Oncológicos" De La Doctora Odile Fernández Con Proyecto Mariposa', 'slug': 'conferencia-nutricion-y-habitos-saludables-en-procesos-oncologicos-de-la-doctora', 'category': '__NOT_DEFINIED__', 'id_venue': 'TjmFnJdD', 'venue': 'Biblioteca Publica Provincial Francisco Villaespesa', 'std_venue': 'Biblioteca Pública Francisco Villaespesa', 'start_date': '2026-04-09', 'start_time': '18:00:00', 'end_date': '2026-04-09', 'end_time': '__NOT_DEFINIED__', 'description': 'Conferencia "Nutrición y hábitos saludables en procesos oncológicos" de la Doctora Odile Fernández con Proyecto Mariposa. La doctora Odile Fernández es reconocida internacionalmente como experta en hábitos nutricionales y de vida, que afectan a la salud de la población y con especial afectación en la generación de procesos oncológicos. Nuestra Asociación como entidad cuyo fin es la ayuda, información y acompañamiento en terapias complementarias al tratamiento del cáncer, contamos con el Doctora Fernández para informar y dar a conocer hábitos saludables para tratamiento y prevención del cáncer. Jueves 9 de abril18:00h. Salón de actos. Entrada libre hasta completar aforo (200 personas).', 'others': {'duration': '__NOT_DEFINIED__'}, 'source': 'BibliotecaAgenda', 'exec_time': '20260401T212307', 'session': '2026_04_01_21_21_Miercoles', 'image': 'https://www.bibliotecasdeandalucia.es/image/journal/article?img_id=511667625&t=1774856414625', 'url': 'https://www.bibliotecasdeandalucia.es/web/biblioteca-del-estado-publica-provincial-de-almeria/actividades/agenda?p_p_id=eventosportlet_WAR_culturaportlet_INSTANCE_rPywOIojLvBh&p_p_lifecycle=0&p_p_state=normal&p_p_mode=view&p_p_col_id=column-1&p_p_col_pos=1&p_p_col_count=2&date=09/04/26&action=showDay'}
20 / 30
Getting https://www.bibliotecasdeandalucia.es/web/biblioteca-del-estado-publica-provincial-de-almeria/actividades/agenda?p_p_id=eventosportlet_WAR_culturaportlet_INSTANCE_rPywOIojLvBh&p_p_lifecycle=0&p_p_state=normal&p_p_mode=view&p_p_col_id=column-1&p_p_col_pos=1&p_p_col_count=2&date=24/04/26&action=showDay
Sleep 1
--------------------
{'id': 'db430c0c', 'show': 1, 'in_city': 1, 'one_day': 1, 'wrong_date_time': 0, 'event': 'Taller "Recitar a Miguel Hernández, La Vida en Poesía", Con María Del Mar Poyatos', 'slug': 'taller-recitar-a-miguel-hernandez-la-vida-en-poesia-con-maria-del-mar-poyatos', 'category': '__NOT_DEFINIED__', 'id_venue': 'TjmFnJdD', 'venue': 'Biblioteca Publica Provincial Francisco Villaespesa', 'std_venue': 'Biblioteca Pública Francisco Villaespesa', 'start_date': '2026-04-24', 'start_time': '19:00:00', 'end_date': '2026-04-24', 'end_time': '__NOT_DEFINIED__', 'description': 'Celebración del Día Internacional del libro. Taller "Recitar a Miguel Hernández, la vida en poesía", con María del Mar Poyatos. "Recitar a Miguel Hernández" es un taller de música y poesía que profundiza en la sensibilidad hernandiana con el fin de conocer más profundamente una experiencia que nos irradia a todos. De manera práctica los asistentes exploran su voz hablada en el recitado poético mientras son acompañados por música de piano en directo, facilitando un espacio de expresión, sensibilidad y disfrute a partir de la belleza de sus versos. Viernes 24 de abril19:00h. Salón de actos.Inscripción previa (30 personas)', 'others': {'duration': '__NOT_DEFINIED__'}, 'source': 'BibliotecaAgenda', 'exec_time': '20260401T212307', 'session': '2026_04_01_21_21_Miercoles', 'image': 'https://www.bibliotecasdeandalucia.es/image/journal/article?img_id=511671732&t=1774857376424', 'url': 'https://www.bibliotecasdeandalucia.es/web/biblioteca-del-estado-publica-provincial-de-almeria/actividades/agenda?p_p_id=eventosportlet_WAR_culturaportlet_INSTANCE_rPywOIojLvBh&p_p_lifecycle=0&p_p_state=normal&p_p_mode=view&p_p_col_id=column-1&p_p_col_pos=1&p_p_col_count=2&date=24/04/26&action=showDay'}
21 / 30
Getting https://www.bibliotecasdeandalucia.es/web/biblioteca-del-estado-publica-provincial-de-almeria/actividades/agenda?p_p_id=eventosportlet_WAR_culturaportlet_INSTANCE_rPywOIojLvBh&p_p_lifecycle=0&p_p_state=normal&p_p_mode=view&p_p_col_id=column-1&p_p_col_pos=1&p_p_col_count=2&date=05/04/26&action=showDay
Sleep 1
22 / 30
Getting https://www.bibliotecasdeandalucia.es/web/biblioteca-del-estado-publica-provincial-de-almeria/actividades/agenda?p_p_id=eventosportlet_WAR_culturaportlet_INSTANCE_rPywOIojLvBh&p_p_lifecycle=0&p_p_state=normal&p_p_mode=view&p_p_col_id=column-1&p_p_col_pos=1&p_p_col_count=2&date=03/04/26&action=showDay
Sleep 1
23 / 30
Getting https://www.bibliotecasdeandalucia.es/web/biblioteca-del-estado-publica-provincial-de-almeria/actividades/agenda?p_p_id=eventosportlet_WAR_culturaportlet_INSTANCE_rPywOIojLvBh&p_p_lifecycle=0&p_p_state=normal&p_p_mode=view&p_p_col_id=column-1&p_p_col_pos=1&p_p_col_count=2&date=16/04/26&action=showDay
Sleep 1
24 / 30
Getting https://www.bibliotecasdeandalucia.es/web/biblioteca-del-estado-publica-provincial-de-almeria/actividades/agenda?p_p_id=eventosportlet_WAR_culturaportlet_INSTANCE_rPywOIojLvBh&p_p_lifecycle=0&p_p_state=normal&p_p_mode=view&p_p_col_id=column-1&p_p_col_pos=1&p_p_col_count=2&date=27/04/26&action=showDay
Sleep 1
--------------------
{'id': '87c96f3f', 'show': 1, 'in_city': 1, 'one_day': 1, 'wrong_date_time': 0, 'event': 'Película "Manuela". Filmoteca De Andalucía', 'slug': 'pelicula-manuela-filmoteca-de-andalucia', 'category': '__NOT_DEFINIED__', 'id_venue': 'TjmFnJdD', 'venue': 'Biblioteca Publica Provincial Francisco Villaespesa', 'std_venue': 'Biblioteca Pública Francisco Villaespesa', 'start_date': '2026-04-27', 'start_time': '19:00:00', 'end_date': '2026-04-27', 'end_time': '__NOT_DEFINIED__', 'description': 'Proyección de la película "Manuela", de Gonzalo García Pelayo.Manuela, hija de un cazador furtivo, se casa con el criado del rico Don Ramón, quien está enamorado de ella. Su belleza natural y su sensualidad a flor de piel encienden pasiones que desencadenan toda clase de conflictos.Duración: 105 min.País: EspañaDirección: Gonzalo García Pelayo', 'others': {'duration': '105'}, 'source': 'BibliotecaAgenda', 'exec_time': '20260401T212307', 'session': '2026_04_01_21_21_Miercoles', 'image': 'https://www.bibliotecasdeandalucia.es/image/journal/article?img_id=511673873&t=1774857917895', 'url': 'https://www.bibliotecasdeandalucia.es/web/biblioteca-del-estado-publica-provincial-de-almeria/actividades/agenda?p_p_id=eventosportlet_WAR_culturaportlet_INSTANCE_rPywOIojLvBh&p_p_lifecycle=0&p_p_state=normal&p_p_mode=view&p_p_col_id=column-1&p_p_col_pos=1&p_p_col_count=2&date=27/04/26&action=showDay'}
25 / 30
Getting https://www.bibliotecasdeandalucia.es/web/biblioteca-del-estado-publica-provincial-de-almeria/actividades/agenda?p_p_id=eventosportlet_WAR_culturaportlet_INSTANCE_rPywOIojLvBh&p_p_lifecycle=0&p_p_state=normal&p_p_mode=view&p_p_col_id=column-1&p_p_col_pos=1&p_p_col_count=2&date=04/04/26&action=showDay
Sleep 1
26 / 30
Getting https://www.bibliotecasdeandalucia.es/web/biblioteca-del-estado-publica-provincial-de-almeria/actividades/agenda?p_p_id=eventosportlet_WAR_culturaportlet_INSTANCE_rPywOIojLvBh&p_p_lifecycle=0&p_p_state=normal&p_p_mode=view&p_p_col_id=column-1&p_p_col_pos=1&p_p_col_count=2&date=23/04/26&action=showDay
Sleep 1
--------------------
{'id': 'a2703e4e', 'show': 1, 'in_city': 1, 'one_day': 1, 'wrong_date_time': 0, 'event': 'Celebración Del Día Internacional Del Libro. Lectura Continuada De Un Clásico De La Literatura Infantil, Down Almería - Asalsido', 'slug': 'celebracion-del-dia-internacional-del-libro-lectura-continuada-de-un-clasico-de', 'category': '__NOT_DEFINIED__', 'id_venue': 'TjmFnJdD', 'venue': 'Biblioteca Publica Provincial Francisco Villaespesa', 'std_venue': 'Biblioteca Pública Francisco Villaespesa', 'start_date': '2026-04-23', 'start_time': '17:00:00', 'end_date': '2026-04-23', 'end_time': '__NOT_DEFINIED__', 'description': 'Celebración del Día Internacional del Libro. Lectura continuada de un clásico de la literatura infantil, Down Almería - Asalsido. Con motivo de la celebración del Día Internacional del Libro, la Asociación Down Almería - Asalsido, en colaboración con la Biblioteca Pública Francisco Villaespesa, realiza una lectura inclusiva de alguno de los clásicos de la literatura universal. Jueves 23 de abril17:00h. Salón de actos.Entrada libre hasta completar aforo (200 personas)', 'others': {'duration': '__NOT_DEFINIED__'}, 'source': 'BibliotecaAgenda', 'exec_time': '20260401T212307', 'session': '2026_04_01_21_21_Miercoles', 'image': 'https://www.bibliotecasdeandalucia.es/image/journal/article?img_id=511670137&t=1774857013723', 'url': 'https://www.bibliotecasdeandalucia.es/web/biblioteca-del-estado-publica-provincial-de-almeria/actividades/agenda?p_p_id=eventosportlet_WAR_culturaportlet_INSTANCE_rPywOIojLvBh&p_p_lifecycle=0&p_p_state=normal&p_p_mode=view&p_p_col_id=column-1&p_p_col_pos=1&p_p_col_count=2&date=23/04/26&action=showDay'}
27 / 30
Getting https://www.bibliotecasdeandalucia.es/web/biblioteca-del-estado-publica-provincial-de-almeria/actividades/agenda?p_p_id=eventosportlet_WAR_culturaportlet_INSTANCE_rPywOIojLvBh&p_p_lifecycle=0&p_p_state=normal&p_p_mode=view&p_p_col_id=column-1&p_p_col_pos=1&p_p_col_count=2&date=29/04/26&action=showDay
Sleep 1
--------------------
{'id': 'b1b7abf7', 'show': 1, 'in_city': 1, 'one_day': 1, 'wrong_date_time': 0, 'event': 'María Teresa León Y Concha Méndez. Piano, Recital Y Danza, Con Mar Bernal, Ascensión Rodríguez Y Leticia Valle', 'slug': 'maria-teresa-leon-y-concha-mendez-piano-recital-y-danza-con-mar-bernal-ascension', 'category': '__NOT_DEFINIED__', 'id_venue': 'TjmFnJdD', 'venue': 'Biblioteca Publica Provincial Francisco Villaespesa', 'std_venue': 'Biblioteca Pública Francisco Villaespesa', 'start_date': '2026-04-29', 'start_time': '19:30:00', 'end_date': '2026-04-29', 'end_time': '__NOT_DEFINIED__', 'description': 'Celebración del Centenario de la Generación del 27. María Teresa león y Concha Méndez. Piano, recital y danza, con Mar Bernal, Ascensión Rodríguez y Leticia Valle. Concierto de Piano, recital y danza en torno a los poemas de María Teresa León y Concha Méndez interpretados por Mar Bernal al piano, Ascensión Rodríguez en la interpretación y Leticia Valle mediante danza. Miércoles 29 de abril19:30h. Sala de exposiciones.Entrada libre hasta completar aforo (60 personas)', 'others': {'duration': '__NOT_DEFINIED__'}, 'source': 'BibliotecaAgenda', 'exec_time': '20260401T212307', 'session': '2026_04_01_21_21_Miercoles', 'image': 'https://www.bibliotecasdeandalucia.es/image/journal/article?img_id=511672267&t=1774857519177', 'url': 'https://www.bibliotecasdeandalucia.es/web/biblioteca-del-estado-publica-provincial-de-almeria/actividades/agenda?p_p_id=eventosportlet_WAR_culturaportlet_INSTANCE_rPywOIojLvBh&p_p_lifecycle=0&p_p_state=normal&p_p_mode=view&p_p_col_id=column-1&p_p_col_pos=1&p_p_col_count=2&date=29/04/26&action=showDay'}
28 / 30
Getting https://www.bibliotecasdeandalucia.es/web/biblioteca-del-estado-publica-provincial-de-almeria/actividades/agenda?p_p_id=eventosportlet_WAR_culturaportlet_INSTANCE_rPywOIojLvBh&p_p_lifecycle=0&p_p_state=normal&p_p_mode=view&p_p_col_id=column-1&p_p_col_pos=1&p_p_col_count=2&date=10/04/26&action=showDay
Sleep 1
--------------------
{'id': '3175dca4', 'show': 1, 'in_city': 1, 'one_day': 1, 'wrong_date_time': 0, 'event': 'Crece Con La Villaespesa. Taller "La Biología en El Espacio: ¿Cómo Son Los Aliens?", Con Aulasputnik', 'slug': 'crece-con-la-villaespesa-taller-la-biologia-en-el-espacio-como-son-los-aliens-co', 'category': '__NOT_DEFINIED__', 'id_venue': 'TjmFnJdD', 'venue': 'Biblioteca Publica Provincial Francisco Villaespesa', 'std_venue': 'Biblioteca Pública Francisco Villaespesa', 'start_date': '2026-04-10', 'start_time': '09:30:00', 'end_date': '2026-04-10', 'end_time': '__NOT_DEFINIED__', 'description': 'Crece con la Villaespesa. Taller "La biología en el espacio: ¿Cómo son los aliens?", con Aulasputnik El objetivo principal de esta actividad es explorar la astrobiología y comprender cómo podría ser la vida en otros planetas en función de su entorno. A través de una introducción teórica y una actividad práctica, los participantes descubrirán los conceptos clave de la búsqueda de vida extraterrestre y cómo las condiciones ambientales determinan la evolución de los seres vivos. El taller combina explicaciones interactivas sobre cómo buscamos vida fuera de la Tierra y cómo se representan los alienígenas en la cultura popular, con una dinámica práctica en la que los alumnos trabajarán en grupos para imaginar y diseñar un ser alienígena basado en las características de un planeta ficticio. Esta estructura permite adaptarse a diferentes niveles educativos, fomentando el pensamiento crítico, la creatividad y el trabajo en equipo. Viernes 13 de marzo9:30h. Sala de exposiciones.Actividad concertada con centros educativos.', 'others': {'duration': '__NOT_DEFINIED__'}, 'source': 'BibliotecaAgenda', 'exec_time': '20260401T212307', 'session': '2026_04_01_21_21_Miercoles', 'image': 'https://www.bibliotecasdeandalucia.es/image/journal/article?img_id=511668554&t=1774856599435', 'url': 'https://www.bibliotecasdeandalucia.es/web/biblioteca-del-estado-publica-provincial-de-almeria/actividades/agenda?p_p_id=eventosportlet_WAR_culturaportlet_INSTANCE_rPywOIojLvBh&p_p_lifecycle=0&p_p_state=normal&p_p_mode=view&p_p_col_id=column-1&p_p_col_pos=1&p_p_col_count=2&date=10/04/26&action=showDay'}
29 / 30
Getting https://www.bibliotecasdeandalucia.es/web/biblioteca-del-estado-publica-provincial-de-almeria/actividades/agenda?p_p_id=eventosportlet_WAR_culturaportlet_INSTANCE_rPywOIojLvBh&p_p_lifecycle=0&p_p_state=normal&p_p_mode=view&p_p_col_id=column-1&p_p_col_pos=1&p_p_col_count=2&date=26/04/26&action=showDay
Sleep 1
****************************
Saving 17 new events
Saving in  /home/ubuntu/data_storage/Almeria/2026_04_01_21_21_Miercoles/0_raw/20260401_2123_BibliotecaAgenda.json
Saving 17 master url
Appending to  /home/ubuntu/data_storage/Almeria/00_master/master_url.json
