
RUNNING VARS → 
        CITY=Almeria, 

        OPERATION=0,
            CREATE_SESSION=0,
            CLOSE_SESSION=0,
            SESSION=None,
            IMAGES=0,
            GET_SCRAPERS=

        SCRAPER=KuverProducciones
        DAG_RUN_URL=/dags/FisgonTaskRequest/log?remoteNode=local&step=tarea_1&dagRunId=019cb8e4-267d-736b-ab31-08c0f4dd2906

Running for Almeria: KuverProducciones
KuverProducciones
Creating rawfolder...
RUNNING SESSION =  2026_03_04_12_48_Miercoles
Getting https://kuverproducciones.com/proximos-eventos/
Sleep 1
*** SCRAPED 84 URLS WITH EVENTS **
New url events = 1
0 / 1
Getting https://kuverproducciones.com/evento/fundacion-unicaja-judith-collel-frontera-teatro-cervantes-almeria/
Unavailable https://kuverproducciones.com/evento/fundacion-unicaja-judith-collel-frontera-teatro-cervantes-almeria/
No new events to save
**************************
