
RUNNING VARS → 
        CITY=Almeria, 

        OPERATION=0,
            CREATE_SESSION=0,
            CLOSE_SESSION=0,
            SESSION=None,
            IMAGES=0,
            GET_SCRAPERS=

        SCRAPER=TodasLasEntradas
        DAG_RUN_URL=/dags/FisgonTaskSelenium/log?remoteNode=local&step=tarea_1&dagRunId=019cb8ea-9cd8-7c9e-946f-58b83dd89c31

Running for Almeria: TodasLasEntradas
TodasLasEntradas
RUNNING SESSION =  2026_03_04_12_48_Miercoles
Starting WebDriver...
http://localhost:4444/wd/hub
Getting content
*** SCRAPED 18 URLS WITH EVENTS **
New url events = 0
#######################
No new urls/events extracted. No new events to save
#######################
