
> build:css
> tailwindcss -i ./src/tailwind.css -o ./static/css/tailwind.css --minify

Images: need download 29 (skipped=348)
Images: 1/29 (downloaded=0 failed=0)
Images: 25/29 (downloaded=5 failed=19)
Images: 29/29 (downloaded=5 failed=23)
Images: {'events_total': 377, 'events_with_remote': 29, 'skipped_already_present': 348, 'to_download': 29, 'downloaded': 5, 'failed_download': 24, 'failed_decode': 0, 'written': 10} -> /app/dist/almeria/static/img/events
HTML: rendering 407 pages
HTML: 1/407
HTML: 25/407
HTML: 50/407
HTML: 75/407
HTML: 100/407
HTML: 125/407
HTML: 150/407
HTML: 175/407
HTML: 200/407
HTML: 225/407
HTML: 250/407
HTML: 275/407
HTML: 300/407
HTML: 325/407
HTML: 350/407
HTML: 375/407
HTML: 400/407
HTML: 407/407
Built 1 month pages + 406 other pages into /app/dist/almeria
Wrote /app/dist/almeria/sitemap.xml
Wrote /app/dist/almeria/robots.txt
