Succeeded - 2026-03-09T23:52:11Z

dag: FisgonSession (0s)
│
└─session (0s) [succeeded]
  ├─bash -lc 'docker run --rm --network host -v
  │   /home/ubuntu/work/fisgon:/app -v
  │   /home/ubuntu/data_storage:/home/ubuntu/data_storage -w /app -e
  │   OPERATION=1 -e DOCKER_CONFIG=/tmp/.docker -e HOME=/tmp -e TARGET_CITY -e
  │   CREATE_SESSION -e CLOSE_SESSION -e
  │   DAG_RUN_URL="${DAGU_BASE_URL}/dags/${DAG_NAME}?dagRunId=${DAG_RUN_ID}"
  │   -e
  │   DAG_RUN_LOG_URL="${DAGU_BASE_URL}/dags/${DAG_NAME}/log?remoteNode=local&
  │   step=session&dagRunId=${DAG_RUN_ID}" fisgon_scraper:1.0; rc=$?; exit
  │   $rc'
  │
  └─stdout:
      RUNNING VARS →
      CITY=Almeria,
      OPERATION=1,
      CREATE_SESSION=0,
      CLOSE_SESSION=1,
      SESSION=None,
      IMAGES=0,
      GET_SCRAPERS=
      SCRAPER=
      DAG_RUN_URL=/dags/FisgonSession/log?remoteNode=local&step=session&dagRunId
      =019cd503-f075-7dd0-8fa9-afc2d411e427
      Executing final task with session: 2026_03_09_23_45_Lunes
      Reading
      /home/ubuntu/data_storage/Almeria/2026_03_09_23_45_Lunes/0_raw/20260309_23
      48_AlmeriaTurismo.json...
      Reading
      /home/ubuntu/data_storage/Almeria/2026_03_09_23_45_Lunes/0_raw/20260309_23
      50_ClassicJazz.json...
      Reading
      /home/ubuntu/data_storage/Almeria/2026_03_09_23_45_Lunes/0_raw/20260309_23
      45_LaGuajira.json...
      Reading
      /home/ubuntu/data_storage/Almeria/2026_03_09_23_45_Lunes/0_raw/20260309_23
      47_BibliotecaAgenda.json...
      Reading
      /home/ubuntu/data_storage/Almeria/2026_03_09_23_45_Lunes/0_raw/20260309_23
      51_SalaEmma.json...
      Reading
      /home/ubuntu/data_storage/Almeria/2026_03_09_23_45_Lunes/0_raw/20260309_23
      48_JuntaAndaluciaAgenda.json...
      Reading
      /home/ubuntu/data_storage/Almeria/2026_03_09_23_45_Lunes/0_raw/20260309_23
      45_KuverProducciones.json...
      Reading
      /home/ubuntu/data_storage/Almeria/2026_03_09_23_45_Lunes/0_raw/20260309_23
      50_Entradium.json...
      Saving 42 new events
      Saving in
      /home/ubuntu/data_storage/Almeria/2026_03_09_23_45_Lunes/0_raw/Merged.json

Result: Succeeded

