Launching scraper: AlmeriaCiudad
Succeeded - 2026-03-09T23:47:38Z

dag: FisgonTaskSelenium (36.0s)
│
└─tarea_1 (36.0s) [succeeded]
  ├─bash -lc 'set -eo pipefail; export DOCKER_CONFIG=/tmp/.docker HOME=/tmp;
  │   SELENIUM_NAME="selenium_${DAG_RUN_ID:-$$}_$(date +%s)"; cleanup() {
  │   docker rm -f "$SELENIUM_NAME" >/dev/null 2>&1 || true; }; trap cleanup
  │   EXIT; docker run -d --rm --name "$SELENIUM_NAME" --shm-size=2g -e
  │   SE_NODE_MAX_SESSIONS=1 -e SE_NODE_OVERRIDE_MAX_SESSIONS=true
  │   selenium/standalone-chrome:latest >/dev/null; docker exec
  │   "$SELENIUM_NAME" bash -c "for i in \$(seq 1 60); do (echo >
  │   /dev/tcp/127.0.0.1/4444) >/dev/null 2>&1 && exit 0; sleep 1; done; exit
  │   1"; docker run --rm --network container:"$SELENIUM_NAME" -v
  │   /home/ubuntu/work/fisgon:/app -v
  │   /home/ubuntu/data_storage:/home/ubuntu/data_storage -v
  │   /home/ubuntu/work/event_flask_app/static/img:/home/ubuntu/work/event_fla
  │   sk_app/static/img -w /app -e OPERATION=0 -e DOCKER_CONFIG=/tmp/.docker
  │   -e HOME=/tmp -e TARGET_CITY -e TARGET_SCRAPER -e
  │   DAG_RUN_URL="${DAGU_BASE_URL:-}/dags/${DAG_NAME}?dagRunId=${DAG_RUN_ID}"
  │   -e
  │   DAG_RUN_LOG_URL="${DAGU_BASE_URL:-}/dags/${DAG_NAME}/log?remoteNode=loca
  │   l&step=tarea_1&dagRunId=${DAG_RUN_ID}" fisgon_scraper:1.0'
  │
  └─stdout:
      RUNNING VARS →
      CITY=Almeria,
      OPERATION=0,
      CREATE_SESSION=0,
      CLOSE_SESSION=0,
      SESSION=None,
      IMAGES=0,
      GET_SCRAPERS=
      SCRAPER=AlmeriaCiudad
      DAG_RUN_URL=/dags/FisgonTaskSelenium/log?remoteNode=local&step=tarea_1&dag
      RunId=019cd4ff-c6e0-766f-958e-33fefa7d0e22
      Running for Almeria: AlmeriaCiudad
      AlmeriaCiudad
      RUNNING SESSION =  2026_03_09_23_45_Lunes
      Starting WebDriver...
      http://localhost:4444/wd/hub
      sleeping 5
      Getting content
      page = 0
      -----------https://almeriaciudad.es/cultura/agenda?page=0---------------
      len 12
      sleeping 5
      Getting content
      page = 1
      -----------https://almeriaciudad.es/cultura/agenda?page=1---------------
      len 12
      sleeping 5
      Getting content
      page = 2
      -----------https://almeriaciudad.es/cultura/agenda?page=2---------------
      len 10
      sleeping 5
      Getting content
      page = 3
      -----------https://almeriaciudad.es/cultura/agenda?page=3---------------
      len 0
      *** SCRAPED 34 URLS WITH EVENTS **
      New url events = 0
      #######################
      No new urls/events extracted. No new events to save
      #######################

Result: Succeeded

Launching scraper: AlmeriaTurismo
Succeeded - 2026-03-09T23:48:14Z

dag: FisgonTaskSelenium (39.0s)
│
└─tarea_1 (39.0s) [succeeded]
  ├─bash -lc 'set -eo pipefail; export DOCKER_CONFIG=/tmp/.docker HOME=/tmp;
  │   SELENIUM_NAME="selenium_${DAG_RUN_ID:-$$}_$(date +%s)"; cleanup() {
  │   docker rm -f "$SELENIUM_NAME" >/dev/null 2>&1 || true; }; trap cleanup
  │   EXIT; docker run -d --rm --name "$SELENIUM_NAME" --shm-size=2g -e
  │   SE_NODE_MAX_SESSIONS=1 -e SE_NODE_OVERRIDE_MAX_SESSIONS=true
  │   selenium/standalone-chrome:latest >/dev/null; docker exec
  │   "$SELENIUM_NAME" bash -c "for i in \$(seq 1 60); do (echo >
  │   /dev/tcp/127.0.0.1/4444) >/dev/null 2>&1 && exit 0; sleep 1; done; exit
  │   1"; docker run --rm --network container:"$SELENIUM_NAME" -v
  │   /home/ubuntu/work/fisgon:/app -v
  │   /home/ubuntu/data_storage:/home/ubuntu/data_storage -v
  │   /home/ubuntu/work/event_flask_app/static/img:/home/ubuntu/work/event_fla
  │   sk_app/static/img -w /app -e OPERATION=0 -e DOCKER_CONFIG=/tmp/.docker
  │   -e HOME=/tmp -e TARGET_CITY -e TARGET_SCRAPER -e
  │   DAG_RUN_URL="${DAGU_BASE_URL:-}/dags/${DAG_NAME}?dagRunId=${DAG_RUN_ID}"
  │   -e
  │   DAG_RUN_LOG_URL="${DAGU_BASE_URL:-}/dags/${DAG_NAME}/log?remoteNode=loca
  │   l&step=tarea_1&dagRunId=${DAG_RUN_ID}" fisgon_scraper:1.0'
  │
  └─stdout: ... (487 more lines)
      {'id': '519a8099', 'show': 1, 'in_city': 1, 'one_day': 1,
      'wrong_date_time': 0, 'event': 'Leonardo Torres Quevedo: El Ingeniero
      Total', 'slug': 'leonardo-torres-quevedo-el-ingeniero-total', 'category':
      '__NOT_DEFINIED__', 'id_venue': '8g4nLPqF', 'venue': 'Aulario IV de la
      Universidad de Almería', 'std_venue': 'Paraninfo de la Universidad de
      Almería', 'start_date': '2026-04-22', 'start_time': '09:00:00',
      'end_date': '2026-04-22', 'end_time': '21:00:00', 'description':
      'Exposición sobre Leonardo Torres Quevedo, destacando su contribución a
      la ingeniería. Presentada por Francisco A. González Redondo, se llevará
      a cabo en el Hall Aulario IV de la Universidad de Almería.', 'others':
      {'category': 'Exposición Divulgación Científica', 'hour':
      '__NOT_FOUND__', 'startDate': '2026-4-22T09:00+2:00', 'endDate':
      '2026-4-22T21:00+2:00', 'duration_days': 0, 'location': '04120 La Cañada,
      Almería'}, 'source': 'AlmeriaTurismo', 'exec_time': '20260309T234819',
      'session': '2026_03_09_23_45_Lunes', 'image':
      'https://www.turismodealmeria.org/wp-content/uploads/2026/02/Leonardo-Torr
      es-Quevedo-El-ingeniero-total.jpg', 'url':
      'https://www.turismodealmeria.org/evento/leonardo-torres-quevedo-el-ingeni
      ero-total/var/ri-3.l-L1'}
      --------------------
      {'id': 'c247d49c', 'show': 1, 'in_city': 1, 'one_day': 1,
      'wrong_date_time': 0, 'event': 'Sentimental Value', 'slug':
      'sentimental-value', 'category': '__NOT_DEFINIED__', 'id_venue':
      'tQfq78jF', 'venue': 'Teatro Apolo', 'std_venue': 'Teatro Apolo',
      'start_date': '2026-04-22', 'start_time': '20:00:00', 'end_date':
      '2026-04-22', 'end_time': '22:00:00', 'description': 'Las hermanas Nora y
      Agnes se reencuentran con su distanciado padre, el carismático Gustav, un
      antiguo director de renombre que le ofrece a su hija Nora, actriz de
      teatro, un papel en su próxima película. Nora lo rechaza y pronto
      descubre que le ha dado su papel a una joven y entusiasta estrella de
      Hollywood. De repente, las dos hermanas deben sortear su complicada
      relación con su padre y lidiar con una estrella estadounidense que se
      encuentra en medio de su compleja dinámica familiar.. Duración:. 2 horas
      15 mins', 'others': {'category': 'Teatro Apolo Almería', 'hour':
      '__NOT_FOUND__', 'startDate': '2026-4-22T20:00+2:00', 'endDate':
      '2026-4-22T22:00+2:00', 'duration_days': 0, 'location': 'Rambla Obispo
      Orbera, 25,04001 Almería'}, 'source': 'AlmeriaTurismo', 'exec_time':
      '20260309T234819', 'session': '2026_03_09_23_45_Lunes', 'image':
      'https://www.turismodealmeria.org/wp-content/uploads/2026/02/Captura-de-pa
      ntalla-2026-02-24-134540.jpg', 'url':
      'https://www.turismodealmeria.org/evento/sentimental-value/'}
      --------------------
      {'id': 'd851674c', 'show': 1, 'in_city': 1, 'one_day': 1,
      'wrong_date_time': 0, 'event': 'Leonardo Torres Quevedo: El Ingeniero
      Total', 'slug': 'leonardo-torres-quevedo-el-ingeniero-total', 'category':
      '__NOT_DEFINIED__', 'id_venue': '8g4nLPqF', 'venue': 'Aulario IV de la
      Universidad de Almería', 'std_venue': 'Paraninfo de la Universidad de
      Almería', 'start_date': '2026-04-23', 'start_time': '09:00:00',
      'end_date': '2026-04-23', 'end_time': '21:00:00', 'description':
      'Exposición sobre Leonardo Torres Quevedo, destacando su contribución a
      la ingeniería. Presentada por Francisco A. González Redondo, se llevará
      a cabo en el Hall Aulario IV de la Universidad de Almería.', 'others':
      {'category': 'Exposición Divulgación Científica', 'hour':
      '__NOT_FOUND__', 'startDate': '2026-4-23T09:00+2:00', 'endDate':
      '2026-4-23T21:00+2:00', 'duration_days': 0, 'location': '04120 La Cañada,
      Almería'}, 'source': 'AlmeriaTurismo', 'exec_time': '20260309T234819',
      'session': '2026_03_09_23_45_Lunes', 'image':
      'https://www.turismodealmeria.org/wp-content/uploads/2026/02/Leonardo-Torr
      es-Quevedo-El-ingeniero-total.jpg', 'url':
      'https://www.turismodealmeria.org/evento/leonardo-torres-quevedo-el-ingeni
      ero-total/var/ri-4.l-L1'}
      --------------------
      {'id': 'dcf8101a', 'show': 1, 'in_city': 1, 'one_day': 1,
      'wrong_date_time': 0, 'event': 'Por ELLAS, Por TODAS Beijing +30', 'slug':
      'por-ellas-por-todas-beijing-30', 'category': '__NOT_DEFINIED__',
      'id_venue': None, 'venue': '__NOT_FOUND__', 'std_venue': None,
      'start_date': '2026-04-23', 'start_time': '11:00:00', 'end_date':
      '2026-04-23', 'end_time': '13:00:00', 'description': 'Exposición sobre la
      influencia del evento Beijing +30, centrada en la reivindicación de los
      derechos de las mujeres. Se llevará a cabo en el Paraninfo, Sala de
      exposiciones de la Universidad de Almería del 6 al 27 de abril de 2026.',
      'others': {'category': 'Exposición y divulgación científica', 'hour':
      '(Jueves) 11:00 am - 13:00 pm', 'startDate': '2026-4-23T11:00+2:00',
      'endDate': '2026-4-23T13:00+2:00', 'duration_days': 0, 'location':
      '__NOT_FOUND__'}, 'source': 'AlmeriaTurismo', 'exec_time':
      '20260309T234819', 'session': '2026_03_09_23_45_Lunes', 'image':
      'https://www.turismodealmeria.org/wp-content/uploads/2026/03/Por-ELLAS-por
      -TODAS-Beijing-30.jpg', 'url':
      'https://www.turismodealmeria.org/evento/por-ellas-por-todas-beijing-30/va
      r/ri-6.l-L1'}
      --------------------
      {'id': 'c6265450', 'show': 1, 'in_city': 1, 'one_day': 1,
      'wrong_date_time': 0, 'event': 'Actualidad Astronómica Con Jorge
      Iglesias', 'slug': 'actualidad-astronomica-con-jorge-iglesias',
      'category': '__NOT_DEFINIED__', 'id_venue': '8g4nLPqF', 'venue':
      'Universidad de Almería (UAL)', 'std_venue': 'Paraninfo de la Universidad
      de Almería', 'start_date': '2026-04-23', 'start_time': '12:00:00',
      'end_date': '2026-04-23', 'end_time': '13:30:00', 'description': 'El ciclo
      de tertulias sobre astronomía vuelve este año con Jorge Iglesias, quien
      presentará y debatirá sobre las novedades más importantes en el ámbito
      astronómico. Las sesiones se llevarán a cabo en el Edificio de
      Psicología, Sala de Grados, a las 12:00h. Fechas: 19 de febrero, 19 de
      marzo, 23 de abril y 21 de mayo.', 'others': {'category': 'Edificio de
      Psicología, Sala de Grados, Universidad de Almería', 'hour':
      '__NOT_FOUND__', 'startDate': '2026-4-23T12:00+2:00', 'endDate':
      '2026-4-23T13:30+2:00', 'duration_days': 0, 'location': 'Carr. Sacramento,
      s/n, 04120 La Cañada, Almería'}, 'source': 'AlmeriaTurismo',
      'exec_time': '20260309T234819', 'session': '2026_03_09_23_45_Lunes',
      'image':
      'https://www.turismodealmeria.org/wp-content/uploads/2026/02/Actualidad-as
      tronomica-con-Jorge-Iglesias.jpg', 'url':
      'https://www.turismodealmeria.org/evento/actualidad-astronomica-con-jorge-
      iglesias/var/ri-2.l-L1'}
      --------------------
      {'id': '5b5cd997', 'show': 1, 'in_city': 1, 'one_day': 1,
      'wrong_date_time': 0, 'event': 'Cuentacuentos: Un Amigo Como Tú', 'slug':
      'cuentacuentos-un-amigo-como-tu', 'category': '__NOT_DEFINIED__',
      'id_venue': 'J8tbTLH7', 'venue': 'Librería Picasso', 'std_venue':
      'Librería Picasso', 'start_date': '2026-04-23', 'start_time': '17:00:00',
      'end_date': '2026-04-23', 'end_time': '19:00:00', 'description':
      'Participa en el cuentacuentos para niños a partir de 3 años basado en
      el libro ‘Un Amigo Como Tú’ de Andrea Schomburg y Barbara Röttgen.
      Te esperamos en Librerías Picasso, Almería.', 'others': {'category': 'Un
      Amigo Como Tú', 'hour': '__NOT_FOUND__', 'startDate':
      '2026-4-23T17:00+2:00', 'endDate': '2026-4-23T19:00+2:00',
      'duration_days': 0, 'location': 'Calle Reyes Católicos, 18, 04001
      Almería'}, 'source': 'AlmeriaTurismo', 'exec_time': '20260309T234819',
      'session': '2026_03_09_23_45_Lunes', 'image':
      'https://www.turismodealmeria.org/wp-content/uploads/2026/02/Cuentacuentos
      -Un-Amigo-Como-Tu.jpg', 'url':
      'https://www.turismodealmeria.org/evento/cuentacuentos-un-amigo-como-tu/'}
      --------------------
      {'id': 'd51a8df8', 'show': 1, 'in_city': 1, 'one_day': 1,
      'wrong_date_time': 0, 'event': 'Leonardo Torres Quevedo: El Ingeniero
      Total', 'slug': 'leonardo-torres-quevedo-el-ingeniero-total', 'category':
      '__NOT_DEFINIED__', 'id_venue': '8g4nLPqF', 'venue': 'Aulario IV de la
      Universidad de Almería', 'std_venue': 'Paraninfo de la Universidad de
      Almería', 'start_date': '2026-04-24', 'start_time': '09:00:00',
      'end_date': '2026-04-24', 'end_time': '21:00:00', 'description':
      'Exposición sobre Leonardo Torres Quevedo, destacando su contribución a
      la ingeniería. Presentada por Francisco A. González Redondo, se llevará
      a cabo en el Hall Aulario IV de la Universidad de Almería.', 'others':
      {'category': 'Exposición Divulgación Científica', 'hour':
      '__NOT_FOUND__', 'startDate': '2026-4-24T09:00+2:00', 'endDate':
      '2026-4-24T21:00+2:00', 'duration_days': 0, 'location': '04120 La Cañada,
      Almería'}, 'source': 'AlmeriaTurismo', 'exec_time': '20260309T234819',
      'session': '2026_03_09_23_45_Lunes', 'image':
      'https://www.turismodealmeria.org/wp-content/uploads/2026/02/Leonardo-Torr
      es-Quevedo-El-ingeniero-total.jpg', 'url':
      'https://www.turismodealmeria.org/evento/leonardo-torres-quevedo-el-ingeni
      ero-total/var/ri-5.l-L1'}
      --------------------
      {'id': '0bc5ae4b', 'show': 1, 'in_city': 1, 'one_day': 1,
      'wrong_date_time': 1, 'event': 'Visita Guiada a La Casa Del Cine', 'slug':
      'visita-guiada-a-la-casa-del-cine', 'category': '__NOT_DEFINIED__',
      'id_venue': 'df8rMnjt', 'venue': 'Casa del Cine de Almería', 'std_venue':
      'Casa del Cine', 'start_date': '2026-04-24', 'start_time':
      '__NOT_FOUND__', 'end_date': '2026-04-24', 'end_time': '__NOT_FOUND__',
      'description': 'Si buscas planazo para el viernes… aquí lo tienes. A
      partir del 12 de diciembre, gran oportunidad para conocer la Casa del
      Cine, su legado y la historia cinematográfica de Almería.. Únete a
      nuestra visita guiada por la Finca Santa Isabel y descubre los secretos,
      anécdotas y rincones que guarda.. Asegura tu plaza llamando al 950 21 00
      30 (En horario de Casa del Cine). ¡Te esperamos!', 'others': {'category':
      'Todos los viernes', 'hour': '__NOT_FOUND__', 'startDate': '2026-4-24',
      'endDate': '2026-4-24', 'duration_days': 0, 'location': 'Camino Romero, 1,
      04009 Almería'}, 'source': 'AlmeriaTurismo', 'exec_time':
      '20260309T234819', 'session': '2026_03_09_23_45_Lunes', 'image':
      'https://www.turismodealmeria.org/wp-content/uploads/2025/12/visita-guiada
      .jpg', 'url':
      'https://www.turismodealmeria.org/evento/visita-guiada-a-la-casa-del-cine/
      var/ri-19.l-L1'}
      --------------------
      {'id': '7fa07f6f', 'show': 1, 'in_city': 1, 'one_day': 1,
      'wrong_date_time': 0, 'event': 'El Mentalista Canalla', 'slug':
      'el-mentalista-canalla', 'category': '__NOT_DEFINIED__', 'id_venue':
      '7qHRF9LM', 'venue': 'Sala EMMA', 'std_venue': 'Sala Escuela Municipal de
      Música & Artes', 'start_date': '2026-04-24', 'start_time': '20:00:00',
      'end_date': '2026-04-24', 'end_time': '22:00:00', 'description': 'No te
      pierdas el impactante show de Abraham Gallego, ‘El Mentalista
      Canalla’, un espectáculo de magia y mentalismo para toda la familia.
      Vive una experiencia divertida y desafiante, donde la magia y la mente se
      unen para sorprenderte en cada momento. ¡Ven a disfrutarlo el 24 de abril
      en la Sala EMMA de Almería!', 'others': {'category': 'Abraham Gallego
      presenta un espectáculo de magia y mentalismo', 'hour': '__NOT_FOUND__',
      'startDate': '2026-4-24T20:00+2:00', 'endDate': '2026-4-24T22:00+2:00',
      'duration_days': 0, 'location': 'C. Rbla. Obispo Orberá, 23, 04001
      Almería'}, 'source': 'AlmeriaTurismo', 'exec_time': '20260309T234819',
      'session': '2026_03_09_23_45_Lunes', 'image':
      'https://www.turismodealmeria.org/wp-content/uploads/2026/02/elmentalista.
      jpg', 'url':
      'https://www.turismodealmeria.org/evento/el-mentalista-canalla/'}
      --------------------
      {'id': '195e1566', 'show': 1, 'in_city': 1, 'one_day': 1,
      'wrong_date_time': 0, 'event': '¿Nos Damos Un Viaje?', 'slug':
      'nos-damos-un-viaje', 'category': '__NOT_DEFINIED__', 'id_venue':
      'DgpfFbPt', 'venue': 'Teatro Cervantes', 'std_venue': 'Teatro Cervantes',
      'start_date': '2026-04-24', 'start_time': '20:30:00', 'end_date':
      '2026-04-24', 'end_time': '22:30:00', 'description': 'Santi Rodríguez
      presenta su nuevo espectáculo ‘¿Nos damos un viaje?’ en el Teatro
      Cervantes de Almería el viernes 24 de abril del 2026. ¡No te lo
      pierdas!', 'others': {'category': 'Santi Rodríguez presenta', 'hour':
      '__NOT_FOUND__', 'startDate': '2026-4-24T20:30+2:00', 'endDate':
      '2026-4-24T22:30+2:00', 'duration_days': 0, 'location': 'Calle Poeta
      Villaespesa, 1, 04001 Almería'}, 'source': 'AlmeriaTurismo', 'exec_time':
      '20260309T234819', 'session': '2026_03_09_23_45_Lunes', 'image':
      'https://www.turismodealmeria.org/wp-content/uploads/2026/03/nos-damos-un-
      viaje.jpg', 'url':
      'https://www.turismodealmeria.org/evento/nos-damos-un-viaje/'}
      --------------------
      {'id': 'd630621b', 'show': 1, 'in_city': 1, 'one_day': 1,
      'wrong_date_time': 0, 'event': 'Profesor Poopsnuggle', 'slug':
      'profesor-poopsnuggle', 'category': '__NOT_DEFINIED__', 'id_venue':
      'NmPqTrh6', 'venue': 'Berlin Social Club', 'std_venue': 'Berlin Social
      Club', 'start_date': '2026-04-24', 'start_time': '21:30:00', 'end_date':
      '2026-04-24', 'end_time': '23:00:00', 'description': 'Profesor Popsnuggle
      llega a la Sala Berlin Social Club en Almería el 24 de abril de 2026 para
      ofrecer una noche de pop retrofuturista. Germán, José, Álvaro y
      Laureano forman este cuarteto que se inspira en el pop español de los
      años sesenta, la movida madrileña, los sintetizadores analógicos y la
      bossa nova. Desde su irrupción en 2004 con el álbum “El Turismo”, su
      música ha prestado una mirada divertida y crítica al pasado musical
      español. En 2008 reafirmaron su propuesta con el lanzamiento de “El Fin
      de las Colonias Africanas”. Una cita imperdible para los amantes del pop
      con sabor nostálgico y visionario.', 'others': {'category':
      '__NOT_FOUND__', 'hour': '__NOT_FOUND__', 'startDate':
      '2026-4-24T21:30+2:00', 'endDate': '2026-4-24T23:00+2:00',
      'duration_days': 0, 'location': 'Parque de Nicolás Salmerón, 9, Bajo 2,
      04001 Almería'}, 'source': 'AlmeriaTurismo', 'exec_time':
      '20260309T234819', 'session': '2026_03_09_23_45_Lunes', 'image':
      'https://www.turismodealmeria.org/wp-content/uploads/2026/02/profesorpopnu
      ggle.jpg', 'url':
      'https://www.turismodealmeria.org/evento/profesor-poopsnuggle/'}
      --------------------
      {'id': 'eb22997e', 'show': 1, 'in_city': 1, 'one_day': 1,
      'wrong_date_time': 0, 'event': 'Cuentacuentos: Te Quiero Tanto - Saeko
      Inui', 'slug': 'cuentacuentos-te-quiero-tanto-saeko-inui', 'category':
      '__NOT_DEFINIED__', 'id_venue': 'J8tbTLH7', 'venue': 'Librería Picasso',
      'std_venue': 'Librería Picasso', 'start_date': '2026-04-25',
      'start_time': '11:00:00', 'end_date': '2026-04-25', 'end_time':
      '13:00:00', 'description': 'Evento de cuentacuentos para niños a partir
      de 3 años basado en el libro ‘Te quiero tanto’ de Saeko Inui. Se
      realizará en Librerías Picasso, Almería.', 'others': {'category':
      'Lectura para niños', 'hour': '(Sábado) 11:00 am - 13:00 pm',
      'startDate': '2026-4-25T11:00+2:00', 'endDate': '2026-4-25T13:00+2:00',
      'duration_days': 0, 'location': 'Calle Reyes Católicos, 18, 04001
      Almería'}, 'source': 'AlmeriaTurismo', 'exec_time': '20260309T234819',
      'session': '2026_03_09_23_45_Lunes', 'image':
      'https://www.turismodealmeria.org/wp-content/uploads/2026/02/Cuentacuentos
      -Te-quiero-tanto-Saeko-Inui.jpg', 'url':
      'https://www.turismodealmeria.org/evento/cuentacuentos-te-quiero-tanto-sae
      ko-inui/'}
      --------------------
      {'id': '48e891e9', 'show': 1, 'in_city': 1, 'one_day': 1,
      'wrong_date_time': 0, 'event': 'XV METALMERIA FEST - 25 Abril', 'slug':
      'xv-metalmeria-fest-25-abril', 'category': '__NOT_DEFINIED__', 'id_venue':
      'NmPqTrh6', 'venue': 'Berlin Social Club', 'std_venue': 'Berlin Social
      Club', 'start_date': '2026-04-25', 'start_time': '16:00:00', 'end_date':
      '2026-04-25', 'end_time': '19:00:00', 'description': 'El 25 de abril de
      2026 se celebrará la decimoquinta edición del METALMERIA FEST en la Sala
      Berlin Social Club de Almería, con apertura de puertas a las 26:00h. El
      festival contará con una potente alineación internacional de bandas de
      metal como Kate’s Acid (Speed Metal – Bélgica), DeathStorm (Thrash
      Metal – Austria), Ecclesia (Heavy/Doom Metal – Francia), Speed Queen
      (Speed Metal – Bélgica) y Peace After Pain (Crossover/Thrash Metal –
      Barcelona). Las entradas anticipadas tienen un coste de 25 €, mientras
      que en taquilla costarán 30 €. Los socios pueden adquirir su entrada
      por 15 €, y los poseedores del carnet Interclub por 22 €. Las entradas
      compradas online serán canjeadas físicamente en taquilla.', 'others':
      {'category': '__NOT_FOUND__', 'hour': '__NOT_FOUND__', 'startDate':
      '2026-4-25T16:00+2:00', 'endDate': '2026-4-25T19:00+2:00',
      'duration_days': 0, 'location': 'Parque de Nicolás Salmerón, 9, Bajo 2,
      04001 Almería'}, 'source': 'AlmeriaTurismo', 'exec_time':
      '20260309T234819', 'session': '2026_03_09_23_45_Lunes', 'image':
      'https://www.turismodealmeria.org/wp-content/uploads/2026/02/xv-metalalmer
      ia.jpg', 'url':
      'https://www.turismodealmeria.org/evento/xv-metalmeria-fest-25-abril/'}
      --------------------
      {'id': '793d5910', 'show': 1, 'in_city': 1, 'one_day': 1,
      'wrong_date_time': 0, 'event': 'Campeones 2 en El Teatro', 'slug':
      'campeones-2-en-el-teatro', 'category': '__NOT_DEFINIED__', 'id_venue':
      None, 'venue': '__NOT_FOUND__', 'std_venue': None, 'start_date':
      '2026-04-25', 'start_time': '20:00:00', 'end_date': '2026-04-25',
      'end_time': '22:00:00', 'description': 'La exitosa y entrañable obra
      ‘Campeones 2 en el Teatro: Si Lorca levantara la cabeza’ llega a
      Almería. Con un elenco formado por Alberto Nieto, Emilio Gavira, Luis
      Mottola, Daniel Pico García, Claudia Fesser y Gloria Ramos, y dirigida
      por Juan Manuel Montilla El Langui, esta comedia teatral continúa la
      inspiración de la aclamada película. ¡Una experiencia divertida,
      emotiva y cargada de mensajes positivos sobre la superación y la
      inclusión! No te lo pierdas el sábado 25 de abril a las 20:00h en el
      Auditorio Maestro Padilla. Las entradas están disponibles desde 22€ en
      la taquilla del Teatro Apolo.', 'others': {'category': 'Auditorio Maestro
      Padilla', 'hour': '__NOT_FOUND__', 'startDate': '2026-4-25T20:00+2:00',
      'endDate': '2026-4-25T22:00+2:00', 'duration_days': 0, 'location':
      '__NOT_FOUND__'}, 'source': 'AlmeriaTurismo', 'exec_time':
      '20260309T234819', 'session': '2026_03_09_23_45_Lunes', 'image':
      'https://www.turismodealmeria.org/wp-content/uploads/2026/02/campeones2.jp
      g', 'url':
      'https://www.turismodealmeria.org/evento/campeones-2-en-el-teatro/'}
      --------------------
      {'id': '3b1c541c', 'show': 1, 'in_city': 1, 'one_day': 1,
      'wrong_date_time': 0, 'event': 'XIX Triatlón Ciudad De Almería. Jairo
      Ruiz', 'slug': 'xix-triatlon-ciudad-de-almeria-jairo-ruiz', 'category':
      '__NOT_DEFINIED__', 'id_venue': None, 'venue': 'Playa del Palmeral',
      'std_venue': None, 'start_date': '2026-04-26', 'start_time': '09:00:00',
      'end_date': '2026-04-26', 'end_time': '14:00:00', 'description': 'El XIX
      Triatlón Ciudad de Almería se llevará a cabo el 26 de abril de 2026 en
      la Playa de El Palmeral. Ven y participa en este emocionante evento
      deportivo.', 'others': {'category': 'Triatlón en Almería', 'hour':
      '__NOT_FOUND__', 'startDate': '2026-4-26T09:00+2:00', 'endDate':
      '2026-4-26T14:00+2:00', 'duration_days': 0, 'location': 'Playa Ciudad
      Luminosa, Almería, 04007'}, 'source': 'AlmeriaTurismo', 'exec_time':
      '20260309T234819', 'session': '2026_03_09_23_45_Lunes', 'image':
      'https://www.turismodealmeria.org/wp-content/uploads/2026/03/xix-triatlon.
      jpg', 'url':
      'https://www.turismodealmeria.org/evento/xix-triatlon-ciudad-de-almeria-ja
      iro-ruiz/'}
      --------------------
      {'id': '297114fb', 'show': 1, 'in_city': 1, 'one_day': 1,
      'wrong_date_time': 0, 'event': 'OCAL - Escuchar Crecer La Hierba', 'slug':
      'ocal-escuchar-crecer-la-hierba', 'category': '__NOT_DEFINIED__',
      'id_venue': None, 'venue': '__NOT_FOUND__', 'std_venue': None,
      'start_date': '2026-04-26', 'start_time': '12:30:00', 'end_date':
      '2026-04-26', 'end_time': '14:30:00', 'description': 'Concierto de la
      Orquesta Ciudad de Almería dirigido por Michael Thomas con la solista
      Susana Gómez Vázquez. El programa incluye la obra de M. Thomas
      ‘Concierto para piano y orquesta’ y la ‘Sinfonía n.2 en re mayor,
      Op.73’ de J. Brahms.', 'others': {'category': 'Orquesta Ciudad de
      Almería', 'hour': '__NOT_FOUND__', 'startDate': '2026-4-26T12:30+2:00',
      'endDate': '2026-4-26T14:30+2:00', 'duration_days': 0, 'location':
      '__NOT_FOUND__'}, 'source': 'AlmeriaTurismo', 'exec_time':
      '20260309T234819', 'session': '2026_03_09_23_45_Lunes', 'image':
      'https://www.turismodealmeria.org/wp-content/uploads/2026/03/Escuchar-Crec
      er-la-Hierba.jpg', 'url':
      'https://www.turismodealmeria.org/evento/ocal-escuchar-crecer-la-hierba/'}
      --------------------
      {'id': '59975347', 'show': 1, 'in_city': 1, 'one_day': 1,
      'wrong_date_time': 0, 'event': 'Leonardo Torres Quevedo: El Ingeniero
      Total', 'slug': 'leonardo-torres-quevedo-el-ingeniero-total', 'category':
      '__NOT_DEFINIED__', 'id_venue': '8g4nLPqF', 'venue': 'Aulario IV de la
      Universidad de Almería', 'std_venue': 'Paraninfo de la Universidad de
      Almería', 'start_date': '2026-04-27', 'start_time': '09:00:00',
      'end_date': '2026-04-27', 'end_time': '21:00:00', 'description':
      'Exposición sobre Leonardo Torres Quevedo, destacando su contribución a
      la ingeniería. Presentada por Francisco A. González Redondo, se llevará
      a cabo en el Hall Aulario IV de la Universidad de Almería.', 'others':
      {'category': 'Exposición Divulgación Científica', 'hour':
      '__NOT_FOUND__', 'startDate': '2026-4-27T09:00+2:00', 'endDate':
      '2026-4-27T21:00+2:00', 'duration_days': 0, 'location': '04120 La Cañada,
      Almería'}, 'source': 'AlmeriaTurismo', 'exec_time': '20260309T234819',
      'session': '2026_03_09_23_45_Lunes', 'image':
      'https://www.turismodealmeria.org/wp-content/uploads/2026/02/Leonardo-Torr
      es-Quevedo-El-ingeniero-total.jpg', 'url':
      'https://www.turismodealmeria.org/evento/leonardo-torres-quevedo-el-ingeni
      ero-total/var/ri-6.l-L1'}
      --------------------
      {'id': '954f3454', 'show': 1, 'in_city': 1, 'one_day': 1,
      'wrong_date_time': 0, 'event': 'Leonardo Torres Quevedo: El Ingeniero
      Total', 'slug': 'leonardo-torres-quevedo-el-ingeniero-total', 'category':
      '__NOT_DEFINIED__', 'id_venue': '8g4nLPqF', 'venue': 'Aulario IV de la
      Universidad de Almería', 'std_venue': 'Paraninfo de la Universidad de
      Almería', 'start_date': '2026-04-28', 'start_time': '09:00:00',
      'end_date': '2026-04-28', 'end_time': '21:00:00', 'description':
      'Exposición sobre Leonardo Torres Quevedo, destacando su contribución a
      la ingeniería. Presentada por Francisco A. González Redondo, se llevará
      a cabo en el Hall Aulario IV de la Universidad de Almería.', 'others':
      {'category': 'Exposición Divulgación Científica', 'hour':
      '__NOT_FOUND__', 'startDate': '2026-4-28T09:00+2:00', 'endDate':
      '2026-4-28T21:00+2:00', 'duration_days': 0, 'location': '04120 La Cañada,
      Almería'}, 'source': 'AlmeriaTurismo', 'exec_time': '20260309T234819',
      'session': '2026_03_09_23_45_Lunes', 'image':
      'https://www.turismodealmeria.org/wp-content/uploads/2026/02/Leonardo-Torr
      es-Quevedo-El-ingeniero-total.jpg', 'url':
      'https://www.turismodealmeria.org/evento/leonardo-torres-quevedo-el-ingeni
      ero-total/var/ri-7.l-L1'}
      --------------------
      {'id': 'ce076563', 'show': 1, 'in_city': 1, 'one_day': 1,
      'wrong_date_time': 0, 'event': 'Taller De Escritura Creativa "Emoción en
      El Escritor, Emoción en El Lector"', 'slug':
      'taller-de-escritura-creativa-emocion-en-el-escritor-emocion-en-el-lector'
      , 'category': '__NOT_DEFINIED__', 'id_venue': '8g4nLPqF', 'venue':
      'Universidad de Almería (UAL)', 'std_venue': 'Paraninfo de la Universidad
      de Almería', 'start_date': '2026-04-28', 'start_time': '16:00:00',
      'end_date': '2026-04-28', 'end_time': '18:00:00', 'description': 'Descubre
      los secretos para atrapar a tus lectores y asombrar a los editores. Bruno
      Nievas nos guiará en este emocionante taller donde aprenderemos a crear
      ideas poderosas, superar el reto del primer borrador, desarrollar
      personajes conmovedores, idear situaciones impactantes, incorporar el
      viaje del héroe, editar sin piedad, publicar y autopublicar, y vender con
      éxito: ¿comprarías tu propio libro?', 'others': {'category':
      '__NOT_FOUND__', 'hour': '__NOT_FOUND__', 'startDate':
      '2026-4-28T16:00+2:00', 'endDate': '2026-4-28T18:00+2:00',
      'duration_days': 0, 'location': 'Carr. Sacramento, s/n, 04120 La Cañada,
      Almería'}, 'source': 'AlmeriaTurismo', 'exec_time': '20260309T234819',
      'session': '2026_03_09_23_45_Lunes', 'image':
      'https://www.turismodealmeria.org/wp-content/uploads/2026/03/taller-escrit
      ura.jpg', 'url':
      'https://www.turismodealmeria.org/evento/taller-de-escritura-creativa-emoc
      ion-en-el-escritor-emocion-en-el-lector/'}
      --------------------
      {'id': '3f251850', 'show': 1, 'in_city': 1, 'one_day': 1,
      'wrong_date_time': 0, 'event': 'Leonardo Torres Quevedo: El Ingeniero
      Total', 'slug': 'leonardo-torres-quevedo-el-ingeniero-total', 'category':
      '__NOT_DEFINIED__', 'id_venue': '8g4nLPqF', 'venue': 'Aulario IV de la
      Universidad de Almería', 'std_venue': 'Paraninfo de la Universidad de
      Almería', 'start_date': '2026-04-29', 'start_time': '09:00:00',
      'end_date': '2026-04-29', 'end_time': '21:00:00', 'description':
      'Exposición sobre Leonardo Torres Quevedo, destacando su contribución a
      la ingeniería. Presentada por Francisco A. González Redondo, se llevará
      a cabo en el Hall Aulario IV de la Universidad de Almería.', 'others':
      {'category': 'Exposición Divulgación Científica', 'hour':
      '__NOT_FOUND__', 'startDate': '2026-4-29T09:00+2:00', 'endDate':
      '2026-4-29T21:00+2:00', 'duration_days': 0, 'location': '04120 La Cañada,
      Almería'}, 'source': 'AlmeriaTurismo', 'exec_time': '20260309T234819',
      'session': '2026_03_09_23_45_Lunes', 'image':
      'https://www.turismodealmeria.org/wp-content/uploads/2026/02/Leonardo-Torr
      es-Quevedo-El-ingeniero-total.jpg', 'url':
      'https://www.turismodealmeria.org/evento/leonardo-torres-quevedo-el-ingeni
      ero-total/var/ri-8.l-L1'}
      --------------------
      {'id': '63387afa', 'show': 1, 'in_city': 1, 'one_day': 1,
      'wrong_date_time': 0, 'event': 'Leonardo Torres Quevedo: El Ingeniero
      Total', 'slug': 'leonardo-torres-quevedo-el-ingeniero-total', 'category':
      '__NOT_DEFINIED__', 'id_venue': '8g4nLPqF', 'venue': 'Aulario IV de la
      Universidad de Almería', 'std_venue': 'Paraninfo de la Universidad de
      Almería', 'start_date': '2026-04-30', 'start_time': '09:00:00',
      'end_date': '2026-04-30', 'end_time': '21:00:00', 'description':
      'Exposición sobre Leonardo Torres Quevedo, destacando su contribución a
      la ingeniería. Presentada por Francisco A. González Redondo, se llevará
      a cabo en el Hall Aulario IV de la Universidad de Almería.', 'others':
      {'category': 'Exposición Divulgación Científica', 'hour':
      '__NOT_FOUND__', 'startDate': '2026-4-30T09:00+2:00', 'endDate':
      '2026-4-30T21:00+2:00', 'duration_days': 0, 'location': '04120 La Cañada,
      Almería'}, 'source': 'AlmeriaTurismo', 'exec_time': '20260309T234819',
      'session': '2026_03_09_23_45_Lunes', 'image':
      'https://www.turismodealmeria.org/wp-content/uploads/2026/02/Leonardo-Torr
      es-Quevedo-El-ingeniero-total.jpg', 'url':
      'https://www.turismodealmeria.org/evento/leonardo-torres-quevedo-el-ingeni
      ero-total/var/ri-9.l-L1'}
      --------------------
      {'id': 'b1bd572d', 'show': 1, 'in_city': 1, 'one_day': 1,
      'wrong_date_time': 0, 'event': 'El Fantástico Viaje De Jonás El
      Espermatozoide', 'slug': 'el-fantastico-viaje-de-jonas-el-espermatozoide',
      'category': '__NOT_DEFINIED__', 'id_venue': 'tQfq78jF', 'venue': 'Teatro
      Apolo', 'std_venue': 'Teatro Apolo', 'start_date': '2026-04-30',
      'start_time': '20:30:00', 'end_date': '2026-04-30', 'end_time':
      '22:00:00', 'description': 'Un espectáculo familiar, para niños y niñas
      a partir de 6 años. Disfruta de las aventuras de Jonás en su fantástico
      viaje.', 'others': {'category': '__NOT_FOUND__', 'hour': '__NOT_FOUND__',
      'startDate': '2026-4-30T20:30+2:00', 'endDate': '2026-4-30T22:00+2:00',
      'duration_days': 0, 'location': 'Rambla Obispo Orbera, 25,04001
      Almería'}, 'source': 'AlmeriaTurismo', 'exec_time': '20260309T234819',
      'session': '2026_03_09_23_45_Lunes', 'image':
      'https://www.turismodealmeria.org/wp-content/uploads/2026/02/Captura-de-pa
      ntalla-2026-02-24-135009.jpg', 'url':
      'https://www.turismodealmeria.org/evento/el-fantastico-viaje-de-jonas-el-e
      spermatozoide/'}
      Checking unique event url.
      New url events = 29
      ****************************
      Saving 29 new events
      Saving in
      /home/ubuntu/data_storage/Almeria/2026_03_09_23_45_Lunes/0_raw/20260309_23
      48_AlmeriaTurismo.json
      Saving 29 master url
      Appending to  /home/ubuntu/data_storage/Almeria/00_master/master_url.json

Result: Succeeded

Launching scraper: JuntaAndaluciaAgenda
Succeeded - 2026-03-09T23:48:53Z

dag: FisgonTaskSelenium (1m 4s)
│
└─tarea_1 (1m 4s) [succeeded]
  ├─bash -lc 'set -eo pipefail; export DOCKER_CONFIG=/tmp/.docker HOME=/tmp;
  │   SELENIUM_NAME="selenium_${DAG_RUN_ID:-$$}_$(date +%s)"; cleanup() {
  │   docker rm -f "$SELENIUM_NAME" >/dev/null 2>&1 || true; }; trap cleanup
  │   EXIT; docker run -d --rm --name "$SELENIUM_NAME" --shm-size=2g -e
  │   SE_NODE_MAX_SESSIONS=1 -e SE_NODE_OVERRIDE_MAX_SESSIONS=true
  │   selenium/standalone-chrome:latest >/dev/null; docker exec
  │   "$SELENIUM_NAME" bash -c "for i in \$(seq 1 60); do (echo >
  │   /dev/tcp/127.0.0.1/4444) >/dev/null 2>&1 && exit 0; sleep 1; done; exit
  │   1"; docker run --rm --network container:"$SELENIUM_NAME" -v
  │   /home/ubuntu/work/fisgon:/app -v
  │   /home/ubuntu/data_storage:/home/ubuntu/data_storage -v
  │   /home/ubuntu/work/event_flask_app/static/img:/home/ubuntu/work/event_fla
  │   sk_app/static/img -w /app -e OPERATION=0 -e DOCKER_CONFIG=/tmp/.docker
  │   -e HOME=/tmp -e TARGET_CITY -e TARGET_SCRAPER -e
  │   DAG_RUN_URL="${DAGU_BASE_URL:-}/dags/${DAG_NAME}?dagRunId=${DAG_RUN_ID}"
  │   -e
  │   DAG_RUN_LOG_URL="${DAGU_BASE_URL:-}/dags/${DAG_NAME}/log?remoteNode=loca
  │   l&step=tarea_1&dagRunId=${DAG_RUN_ID}" fisgon_scraper:1.0'
  │
  ├─stdout: ... (14 more lines)
  │   http://localhost:4444/wd/hub
  │   ******
  │   css selector
  │   .view-display-id-page_search_activities > ul:nth-child(3) >
  │   li:nth-child(1) > a:nth-child(1)
  │   clicking
  │   sleeping 3
  │   Scrolling...
  │   sleeping 1
  │   sleeping 7
  │   ******
  │   css selector
  │   .view-display-id-page_search_activities > ul:nth-child(3) >
  │   li:nth-child(1) > a:nth-child(1)
  │   clicking
  │   sleeping 3
  │   Scrolling...
  │   sleeping 1
  │   sleeping 7
  │   ******
  │   css selector
  │   .view-display-id-page_search_activities > ul:nth-child(3) >
  │   li:nth-child(1) > a:nth-child(1)
  │   clicking
  │   sleeping 3
  │   Scrolling...
  │   sleeping 1
  │   sleeping 7
  │   ******
  │   css selector
  │   .view-display-id-page_search_activities > ul:nth-child(3) >
  │   li:nth-child(1) > a:nth-child(1)
  │   clicking
  │   sleeping 3
  │   Scrolling...
  │   sleeping 1
  │   sleeping 7
  │   ******
  │   css selector
  │   .view-display-id-page_search_activities > ul:nth-child(3) >
  │   li:nth-child(1) > a:nth-child(1)
  │   .view-display-id-page_search_activities > ul:nth-child(3) >
  │   li:nth-child(1) > a:nth-child(1) Not found
  │   Getting content
  │   *** SCRAPED 64 URLS WITH EVENTS **
  │   New url events = 1
  │   0 / 1
  │   Getting
  │   https://www.juntadeandalucia.es/cultura/agendaculturaldeandalucia/evento
  │   /crece-con-la-villaespesa-taller-las-constelaciones-como-cuaderno-vital-
  │   con-aulasputnik
  │   Sleep 4
  │   --------------------
  │   {'id': 'e7610bb6', 'show': 1, 'in_city': 1, 'one_day': 1,
  │   'wrong_date_time': 0, 'event': 'Crece Con La Villaespesa. Taller "Las
  │   Constelaciones Como Cuaderno Vital", Con Aulasputnik', 'slug':
  │   'crece-con-la-villaespesa-taller-las-constelaciones-como-cuaderno-vital-
  │   con-aulas', 'category': '__NOT_DEFINIED__', 'id_venue': 'TjmFnJdD',
  │   'venue': 'Biblioteca Pública del Estado-Biblioteca Provincial de
  │   Almería Francisco Villaespesa', 'std_venue': 'Biblioteca Pública
  │   Francisco Villaespesa', 'start_date': '2026-03-13', 'start_time':
  │   '09:30:00', 'end_date': '2026-03-13', 'end_time': '__NOT_DEFINIED__',
  │   'description': 'Crece con la Villaespesa. Taller "Las constelaciones
  │   como cuaderno vital", con Aulasputnik El objetivo principal de esta
  │   actividad es entender que el cielo nocturno ha jugado y juega un papel
  │   clave en la vida humana, tanto para la comprensión del paso del tiempo,
  │   la organización de la actividad agrícola y la transmisión de
  │   conocimiento. Dependiendo del ciclo en el que se efectúe este taller se
  │   realizarán dos actividades principales o una. La primera sienta las
  │   bases y se centra en la comprensión del cielo nocturno como soporte de
  │   transmisión de conocimiento a través de un cuento especialmente
  │   preparado para el taller, además de la posterior redacción de una
  │   historia propia. La segunda actividad conlleva la identificación de las
  │   constelaciones trabajadas y la creación de la suya propia. De este
  │   modo, con la combinación de ambas actividades podemos adaptarnos a los
  │   requerimientos formativos de cada ciclo al que nos dirigimos. Viernes 13
  │   de marzo 9:30h. Sala de exposiciones. Actividad concertada con centros
  │   educativos.', 'others': {'location_url':
  │   '/cultura/agendaculturaldeandalucia/espacios/biblioteca-publica-del-esta
  │   do-biblioteca-provincial-de-almeria-francisco-villaespesa', 'location2':
  │   'Biblioteca Pública del Estado-Biblioteca Provincial de Almería
  │   Francisco Villaespesa', 'duration': '__NOT_FOUND__', 'datetime_details':
  │   '13 de Marzo del 2026, 9:30 h.', 'town': '__NOT_FOUND__', 'location':
  │   'Calle Hermanos Machado, s/n, Almería. Almería', 'duration_days':
  │   '__NOT_FOUND__'}, 'source': 'JuntaAndaluciaAgenda', 'exec_time':
  │   '20260309T234859', 'session': '2026_03_09_23_45_Lunes', 'image':
  │   'https://www.juntadeandalucia.es/cultura/agendaculturaldeandalucia/sites
  │   /default/files/styles/header_activity_ext_2xl/public/2026-03/CARTEL%204.
  │   jpg.webp?itok=Cv2w_Qo-', 'url':
  │   'https://www.juntadeandalucia.es/cultura/agendaculturaldeandalucia/event
  │   o/crece-con-la-villaespesa-taller-las-constelaciones-como-cuaderno-vital
  │   -con-aulasputnik'}
  │   ****************************
  │   Saving 1 new events
  │   Saving in
  │   /home/ubuntu/data_storage/Almeria/2026_03_09_23_45_Lunes/0_raw/20260309_
  │   2348_JuntaAndaluciaAgenda.json
  │   Saving 1 master url
  │   Appending to /home/ubuntu/data_storage/Almeria/00_master/master_url.json
  └─stderr:
      /usr/local/lib/python3.11/site-packages/urllib3/connectionpool.py:1097:
      InsecureRequestWarning: Unverified HTTPS request is being made to host
      'www.juntadeandalucia.es'. Adding certificate verification is strongly
      advised. See:
      https://urllib3.readthedocs.io/en/latest/advanced-usage.html#tls-warnings
      warnings.warn(

Result: Succeeded

Launching scraper: ClassicJazz
Succeeded - 2026-03-09T23:49:57Z

dag: FisgonTaskSelenium (56.0s)
│
└─tarea_1 (56.0s) [succeeded]
  ├─bash -lc 'set -eo pipefail; export DOCKER_CONFIG=/tmp/.docker HOME=/tmp;
  │   SELENIUM_NAME="selenium_${DAG_RUN_ID:-$$}_$(date +%s)"; cleanup() {
  │   docker rm -f "$SELENIUM_NAME" >/dev/null 2>&1 || true; }; trap cleanup
  │   EXIT; docker run -d --rm --name "$SELENIUM_NAME" --shm-size=2g -e
  │   SE_NODE_MAX_SESSIONS=1 -e SE_NODE_OVERRIDE_MAX_SESSIONS=true
  │   selenium/standalone-chrome:latest >/dev/null; docker exec
  │   "$SELENIUM_NAME" bash -c "for i in \$(seq 1 60); do (echo >
  │   /dev/tcp/127.0.0.1/4444) >/dev/null 2>&1 && exit 0; sleep 1; done; exit
  │   1"; docker run --rm --network container:"$SELENIUM_NAME" -v
  │   /home/ubuntu/work/fisgon:/app -v
  │   /home/ubuntu/data_storage:/home/ubuntu/data_storage -v
  │   /home/ubuntu/work/event_flask_app/static/img:/home/ubuntu/work/event_fla
  │   sk_app/static/img -w /app -e OPERATION=0 -e DOCKER_CONFIG=/tmp/.docker
  │   -e HOME=/tmp -e TARGET_CITY -e TARGET_SCRAPER -e
  │   DAG_RUN_URL="${DAGU_BASE_URL:-}/dags/${DAG_NAME}?dagRunId=${DAG_RUN_ID}"
  │   -e
  │   DAG_RUN_LOG_URL="${DAGU_BASE_URL:-}/dags/${DAG_NAME}/log?remoteNode=loca
  │   l&step=tarea_1&dagRunId=${DAG_RUN_ID}" fisgon_scraper:1.0'
  │
  ├─stdout:
  │   RUNNING VARS →
  │   CITY=Almeria,
  │   OPERATION=0,
  │   CREATE_SESSION=0,
  │   CLOSE_SESSION=0,
  │   SESSION=None,
  │   IMAGES=0,
  │   GET_SCRAPERS=
  │   SCRAPER=ClassicJazz
  │   DAG_RUN_URL=/dags/FisgonTaskSelenium/log?remoteNode=local&step=tarea_1&d
  │   agRunId=019cd501-e527-7d34-be8f-f152b4553a0c
  │   Running for Almeria: ClassicJazz
  │   ClassicJazz
  │   RUNNING SESSION =  2026_03_09_23_45_Lunes
  │   Starting WebDriver...
  │   http://localhost:4444/wd/hub
  │   *********************times =1
  │   sleeping 7
  │   Scrolling...
  │   sleeping 1
  │   Getting content
  │   clicking
  │   sleeping 3
  │   sleeping 7
  │   *********************times =2
  │   sleeping 7
  │   Scrolling...
  │   sleeping 1
  │   Getting content
  │   clicking
  │   sleeping 3
  │   sleeping 7
  │   *** SCRAPED 139 URLS WITH EVENTS **
  │   New url events = 2
  │   0 / 2
  │   Getting
  │   https://clasijazz.com/evento/concierto-alicia-tamariz-jose-carra-el-moli
  │   no-clasijazz-rural/
  │   Sleep 4
  │   2026-03-28T13:00:00 2026-03-28T14:30:00
  │   --------------------
  │   {'id': '5211849a', 'show': 1, 'in_city': 1, 'one_day': 1,
  │   'wrong_date_time': 0, 'event': 'Concierto Alicia Tamariz + José Carra
  │   – «El Molino» Clasijazz Rural', 'slug':
  │   'concierto-alicia-tamariz-jose-carra-el-molino-clasijazz-rural',
  │   'category': '__NOT_DEFINIED__', 'id_venue': 'Q6b6LRjT', 'venue': 'Sede
  │   Clasijazz', 'std_venue': 'Clasijazz', 'start_date': '2026-03-28',
  │   'start_time': '13:00:00', 'end_date': '2026-03-28', 'end_time':
  │   '14:30:00', 'description': '«El Molino» Clasijazz Rural
  │   ENTRADA/DONATIVO: 5 euros (no socias/os) 3 euros (socias/os y residentes
  │   Terque) Concierto Alicia Tamariz y José Carra', 'others': {'price':
  │   '__NOT_DEFINIED__', 'category': 'Programación', 'location_url':
  │   'https://clasijazz.com/local/sede-clasijazz/', 'location': 'Maestro
  │   Serrano 9, Almería'}, 'source': 'ClassicJazz', 'exec_time':
  │   '20260309T235001', 'session': '2026_03_09_23_45_Lunes', 'image':
  │   'https://clasijazz.com/wp-content/uploads/2026/03/Alicia-Tamariz-y-Jose-
  │   Carra-1.png', 'url':
  │   'https://clasijazz.com/evento/concierto-alicia-tamariz-jose-carra-el-mol
  │   ino-clasijazz-rural/'}
  │   1 / 2
  │   Getting
  │   https://clasijazz.com/evento/concierto-oscar-sanchez-la-caguamaconda-el-
  │   molino-de-terque_clasijazz-rural/
  │   Sleep 4
  │   2026-03-22T13:00:00 2026-03-22T14:30:00
  │   --------------------
  │   {'id': 'c15e155a', 'show': 1, 'in_city': 1, 'one_day': 1,
  │   'wrong_date_time': 0, 'event': 'Concierto Óscar Sánchez: «La
  │   Caguamaconda» – El Molino De Terque_Clasijazz Rural', 'slug':
  │   'concierto-oscar-sanchez-la-caguamaconda-el-molino-de-terque-clasijazz-r
  │   ural', 'category': '__NOT_DEFINIED__', 'id_venue': 'Q6b6LRjT', 'venue':
  │   'El Molino – Clasijazz rural', 'std_venue': 'Clasijazz', 'start_date':
  │   '2026-03-22', 'start_time': '13:00:00', 'end_date': '2026-03-22',
  │   'end_time': '14:30:00', 'description': 'El Molino de Terque_Clasijazz
  │   Rural 5 euros: no socias/os 3 euros: socias/os y residentes Terque OSCAR
  │   SÁNCHEZ (1986, Cuba). Figura destacada en el panorama de la canción de
  │   autor contemporánea cubana. Ejecuta la guitarra, el tres y la
  │   marímbula, e incursiona en diversos géneros de la música cubana (son,
  │   bolero, changüí, nengón), no solo en sus formas puras, sino también
  │   a través de su hibridación. Su más reciente disco, Acqua di Oscaretto
  │   (2023), producido de forma independiente y con el apoyo de Silvio
  │   Rodríguez, fue nominado al premio Cubadisco y ha recibido destacadas
  │   críticas en medios de prensa especializados. Fue seleccionado por la
  │   revista Magazine AMPM como uno de los diez mejores fonogramas cubanos de
  │   2023. Ha compuesto música para obras de teatro e integró la
  │   agrupación Habana Roots Ensemble, bajo la dirección de Andrés Levín.
  │   En septiembre de 2019 fue invitado por Silvio Rodríguez a participar en
  │   el concierto 104 de la Gira Interminable por los Barrios. De julio a
  │   noviembre de 2022, tras recibir una beca de movilidad de Ibermúsicas,
  │   realizó su primera gira internacional en México. Allí recibió la
  │   residencia artística Zyanya, que finalizó con «Caguamacondeo
  │   pictórico», su primera exposición personal. Tiene, además, tres
  │   fonogramas producidos de manera independiente –Unknown artist (2015),
  │   Ojos que te vieron Go, Never te verán Come Back (2017), en
  │   colaboración con Marbis Manzanet, y Crowdfunding criollo (2020).',
  │   'others': {'price': '__NOT_DEFINIED__', 'category': 'Programación',
  │   'location_url': 'https://clasijazz.com/local/el-molino/', 'location':
  │   'X9MW+8V, Terque'}, 'source': 'ClassicJazz', 'exec_time':
  │   '20260309T235001', 'session': '2026_03_09_23_45_Lunes', 'image':
  │   'https://clasijazz.com/wp-content/uploads/2026/03/Concierto-Oscar-Sanche
  │   z.png', 'url':
  │   'https://clasijazz.com/evento/concierto-oscar-sanchez-la-caguamaconda-el
  │   -molino-de-terque_clasijazz-rural/'}
  │   ****************************
  │   Saving 2 new events
  │   Saving in
  │   /home/ubuntu/data_storage/Almeria/2026_03_09_23_45_Lunes/0_raw/20260309_
  │   2350_ClassicJazz.json
  │   Saving 2 master url
  │   Appending to /home/ubuntu/data_storage/Almeria/00_master/master_url.json
  └─stderr:
      /usr/local/lib/python3.11/site-packages/urllib3/connectionpool.py:1097:
      InsecureRequestWarning: Unverified HTTPS request is being made to host
      'clasijazz.com'. Adding certificate verification is strongly advised. See:
      https://urllib3.readthedocs.io/en/latest/advanced-usage.html#tls-warnings
      warnings.warn(
      /usr/local/lib/python3.11/site-packages/urllib3/connectionpool.py:1097:
      InsecureRequestWarning: Unverified HTTPS request is being made to host
      'clasijazz.com'. Adding certificate verification is strongly advised. See:
      https://urllib3.readthedocs.io/en/latest/advanced-usage.html#tls-warnings
      warnings.warn(

Result: Succeeded

Launching scraper: Entradium
Succeeded - 2026-03-09T23:50:53Z

dag: FisgonTaskSelenium (40.0s)
│
└─tarea_1 (40.0s) [succeeded]
  ├─bash -lc 'set -eo pipefail; export DOCKER_CONFIG=/tmp/.docker HOME=/tmp;
  │   SELENIUM_NAME="selenium_${DAG_RUN_ID:-$$}_$(date +%s)"; cleanup() {
  │   docker rm -f "$SELENIUM_NAME" >/dev/null 2>&1 || true; }; trap cleanup
  │   EXIT; docker run -d --rm --name "$SELENIUM_NAME" --shm-size=2g -e
  │   SE_NODE_MAX_SESSIONS=1 -e SE_NODE_OVERRIDE_MAX_SESSIONS=true
  │   selenium/standalone-chrome:latest >/dev/null; docker exec
  │   "$SELENIUM_NAME" bash -c "for i in \$(seq 1 60); do (echo >
  │   /dev/tcp/127.0.0.1/4444) >/dev/null 2>&1 && exit 0; sleep 1; done; exit
  │   1"; docker run --rm --network container:"$SELENIUM_NAME" -v
  │   /home/ubuntu/work/fisgon:/app -v
  │   /home/ubuntu/data_storage:/home/ubuntu/data_storage -v
  │   /home/ubuntu/work/event_flask_app/static/img:/home/ubuntu/work/event_fla
  │   sk_app/static/img -w /app -e OPERATION=0 -e DOCKER_CONFIG=/tmp/.docker
  │   -e HOME=/tmp -e TARGET_CITY -e TARGET_SCRAPER -e
  │   DAG_RUN_URL="${DAGU_BASE_URL:-}/dags/${DAG_NAME}?dagRunId=${DAG_RUN_ID}"
  │   -e
  │   DAG_RUN_LOG_URL="${DAGU_BASE_URL:-}/dags/${DAG_NAME}/log?remoteNode=loca
  │   l&step=tarea_1&dagRunId=${DAG_RUN_ID}" fisgon_scraper:1.0'
  │
  ├─stdout:
  │   RUNNING VARS →
  │   CITY=Almeria,
  │   OPERATION=0,
  │   CREATE_SESSION=0,
  │   CLOSE_SESSION=0,
  │   SESSION=None,
  │   IMAGES=0,
  │   GET_SCRAPERS=
  │   SCRAPER=Entradium
  │   DAG_RUN_URL=/dags/FisgonTaskSelenium/log?remoteNode=local&step=tarea_1&d
  │   agRunId=019cd502-c0c0-70d3-baae-e53d914a2e5d
  │   Running for Almeria: Entradium
  │   Entradium
  │   RUNNING SESSION =  2026_03_09_23_45_Lunes
  │   Starting WebDriver...
  │   http://localhost:4444/wd/hub
  │   sleeping 5
  │   clicking
  │   sleeping 3
  │   sleeping 1.5
  │   sleeping 3
  │   ******
  │   xpath
  │   /html/body/header/div[2]/div[1]/div/div/form/div/div/button/span/i
  │   clicking
  │   sleeping 3
  │   sleeping 8
  │   Getting content
  │   *** SCRAPED 28 URLS WITH EVENTS **
  │   New url events = 1
  │   0 / 1
  │   Getting
  │   https://entradium.com/es/events/stand-up-comedy-artenvacio-manley-labord
  │   eta-almeria-sala-stand-up-artenvacio-almeria
  │   Sleep 4
  │   ['28.03.2026', '19:00']
  │   --------------------
  │   {'id': '83eba821', 'show': 1, 'in_city': 1, 'one_day': 1,
  │   'wrong_date_time': 0, 'event': 'Manley & Labordeta', 'slug':
  │   'manley-labordeta', 'category': '__NOT_DEFINIED__', 'id_venue':
  │   '9B7gDFP7', 'venue': 'Sala Stand Up Artenvacio', 'std_venue': 'Sala
  │   Artenvacio', 'start_date': '2026-03-28', 'start_time': '19:00:00',
  │   'end_date': '__NOT_DEFINIED__', 'end_time': '__NOT_DEFINIED__',
  │   'description': 'STAND UP COMEDY ARTENVACIO - MANLEY & LABORDETAMANLEY Y
  │   LABORDETA llevan años pisando los escenarios de la región y con una
  │   larga trayectoria en la comedia. Esta noche nos traen un espectáculo
  │   acido, lleno de gags y humor canalla. Una noche de comedia delirante! Un
  │   espectáculo que ofrece, sobre todo, un aluvión de risas. No te pierdas
  │   a estos dos cómicos en una noche increíble de risas y humor como
  │   siempre en la sala Artenvacio, que todos los sábados del año trae
  │   monólogos cómicos. PASE A LAS 19:00 H APERTURA DE PUERTAS A LAS 18:30
  │   H ENTRADAS A 12€', 'others': {}, 'source': 'Entradium', 'exec_time':
  │   '20260309T235058', 'session': '2026_03_09_23_45_Lunes', 'image':
  │   'https://d2il8hfach02z9.cloudfront.net/uploads/event/poster/93b4dd6b303e
  │   bc9def9a8ad9442d6b82f3f4b863/event_m_Captura_de_pantalla_2026-03-09_1130
  │   57.png?v=1773052369', 'url':
  │   'https://entradium.com/es/events/stand-up-comedy-artenvacio-manley-labor
  │   deta-almeria-sala-stand-up-artenvacio-almeria'}
  │   ****************************
  │   Saving 1 new events
  │   Saving in
  │   /home/ubuntu/data_storage/Almeria/2026_03_09_23_45_Lunes/0_raw/20260309_
  │   2350_Entradium.json
  │   Saving 1 master url
  │   Appending to /home/ubuntu/data_storage/Almeria/00_master/master_url.json
  └─stderr:
      /usr/local/lib/python3.11/site-packages/urllib3/connectionpool.py:1097:
      InsecureRequestWarning: Unverified HTTPS request is being made to host
      'entradium.com'. Adding certificate verification is strongly advised. See:
      https://urllib3.readthedocs.io/en/latest/advanced-usage.html#tls-warnings
      warnings.warn(

Result: Succeeded

Launching scraper: TodasLasEntradas
Succeeded - 2026-03-09T23:51:34Z

dag: FisgonTaskSelenium (9.0s)
│
└─tarea_1 (9.0s) [succeeded]
  ├─bash -lc 'set -eo pipefail; export DOCKER_CONFIG=/tmp/.docker HOME=/tmp;
  │   SELENIUM_NAME="selenium_${DAG_RUN_ID:-$$}_$(date +%s)"; cleanup() {
  │   docker rm -f "$SELENIUM_NAME" >/dev/null 2>&1 || true; }; trap cleanup
  │   EXIT; docker run -d --rm --name "$SELENIUM_NAME" --shm-size=2g -e
  │   SE_NODE_MAX_SESSIONS=1 -e SE_NODE_OVERRIDE_MAX_SESSIONS=true
  │   selenium/standalone-chrome:latest >/dev/null; docker exec
  │   "$SELENIUM_NAME" bash -c "for i in \$(seq 1 60); do (echo >
  │   /dev/tcp/127.0.0.1/4444) >/dev/null 2>&1 && exit 0; sleep 1; done; exit
  │   1"; docker run --rm --network container:"$SELENIUM_NAME" -v
  │   /home/ubuntu/work/fisgon:/app -v
  │   /home/ubuntu/data_storage:/home/ubuntu/data_storage -v
  │   /home/ubuntu/work/event_flask_app/static/img:/home/ubuntu/work/event_fla
  │   sk_app/static/img -w /app -e OPERATION=0 -e DOCKER_CONFIG=/tmp/.docker
  │   -e HOME=/tmp -e TARGET_CITY -e TARGET_SCRAPER -e
  │   DAG_RUN_URL="${DAGU_BASE_URL:-}/dags/${DAG_NAME}?dagRunId=${DAG_RUN_ID}"
  │   -e
  │   DAG_RUN_LOG_URL="${DAGU_BASE_URL:-}/dags/${DAG_NAME}/log?remoteNode=loca
  │   l&step=tarea_1&dagRunId=${DAG_RUN_ID}" fisgon_scraper:1.0'
  │
  └─stdout:
      RUNNING VARS →
      CITY=Almeria,
      OPERATION=0,
      CREATE_SESSION=0,
      CLOSE_SESSION=0,
      SESSION=None,
      IMAGES=0,
      GET_SCRAPERS=
      SCRAPER=TodasLasEntradas
      DAG_RUN_URL=/dags/FisgonTaskSelenium/log?remoteNode=local&step=tarea_1&dag
      RunId=019cd503-5f82-74e9-b35f-64e54449a84e
      Running for Almeria: TodasLasEntradas
      TodasLasEntradas
      RUNNING SESSION =  2026_03_09_23_45_Lunes
      Starting WebDriver...
      http://localhost:4444/wd/hub
      Getting content
      *** SCRAPED 16 URLS WITH EVENTS **
      New url events = 0
      #######################
      No new urls/events extracted. No new events to save
      #######################

Result: Succeeded

Launching scraper: RedBibliotecas
Succeeded - 2026-03-09T23:51:43Z

dag: FisgonTaskSelenium (8.0s)
│
└─tarea_1 (8.0s) [succeeded]
  ├─bash -lc 'set -eo pipefail; export DOCKER_CONFIG=/tmp/.docker HOME=/tmp;
  │   SELENIUM_NAME="selenium_${DAG_RUN_ID:-$$}_$(date +%s)"; cleanup() {
  │   docker rm -f "$SELENIUM_NAME" >/dev/null 2>&1 || true; }; trap cleanup
  │   EXIT; docker run -d --rm --name "$SELENIUM_NAME" --shm-size=2g -e
  │   SE_NODE_MAX_SESSIONS=1 -e SE_NODE_OVERRIDE_MAX_SESSIONS=true
  │   selenium/standalone-chrome:latest >/dev/null; docker exec
  │   "$SELENIUM_NAME" bash -c "for i in \$(seq 1 60); do (echo >
  │   /dev/tcp/127.0.0.1/4444) >/dev/null 2>&1 && exit 0; sleep 1; done; exit
  │   1"; docker run --rm --network container:"$SELENIUM_NAME" -v
  │   /home/ubuntu/work/fisgon:/app -v
  │   /home/ubuntu/data_storage:/home/ubuntu/data_storage -v
  │   /home/ubuntu/work/event_flask_app/static/img:/home/ubuntu/work/event_fla
  │   sk_app/static/img -w /app -e OPERATION=0 -e DOCKER_CONFIG=/tmp/.docker
  │   -e HOME=/tmp -e TARGET_CITY -e TARGET_SCRAPER -e
  │   DAG_RUN_URL="${DAGU_BASE_URL:-}/dags/${DAG_NAME}?dagRunId=${DAG_RUN_ID}"
  │   -e
  │   DAG_RUN_LOG_URL="${DAGU_BASE_URL:-}/dags/${DAG_NAME}/log?remoteNode=loca
  │   l&step=tarea_1&dagRunId=${DAG_RUN_ID}" fisgon_scraper:1.0'
  │
  └─stdout:
      RUNNING VARS →
      CITY=Almeria,
      OPERATION=0,
      CREATE_SESSION=0,
      CLOSE_SESSION=0,
      SESSION=None,
      IMAGES=0,
      GET_SCRAPERS=
      SCRAPER=RedBibliotecas
      DAG_RUN_URL=/dags/FisgonTaskSelenium/log?remoteNode=local&step=tarea_1&dag
      RunId=019cd503-854c-77f0-ba94-3783819380c1
      Running for Almeria: RedBibliotecas
      RedBibliotecas
      RUNNING SESSION =  2026_03_09_23_45_Lunes
      START
      Starting WebDriver...
      http://localhost:4444/wd/hub
      page=1
      Getting content
      ['https://www.bibliotecaspublicas.es/almeria/actividades/Agenda/ta-172-tej
      iendo.html',
      'https://www.bibliotecaspublicas.es/almeria/actividades/Agenda/cca-todas.h
      tml',
      'https://www.bibliotecaspublicas.es/almeria/actividades/Agenda/cci-143-tra
      ctor.html',
      'https://www.bibliotecaspublicas.es/almeria/actividades/Agenda/cci-172-tra
      ctor.html',
      'https://www.bibliotecaspublicas.es/almeria/actividades/Agenda/cl-172.html
      ',
      'https://www.bibliotecaspublicas.es/almeria/actividades/Agenda/cci-140-tra
      ctor.html',
      'https://www.bibliotecaspublicas.es/almeria/actividades/Agenda/cci-141-tra
      ctor.html',
      'https://www.bibliotecaspublicas.es/almeria/actividades/Agenda/cci-143-hoy
      0.html',
      'https://www.bibliotecaspublicas.es/almeria/actividades/Agenda/pl-172a.htm
      l',
      'https://www.bibliotecaspublicas.es/almeria/actividades/Agenda/cl-alquian1
      .html',
      'https://www.bibliotecaspublicas.es/almeria/actividades/Agenda/pl-arias.ht
      ml',
      'https://www.bibliotecaspublicas.es/almeria/actividades/Agenda/ti-172-gara
      batos.html',
      'https://www.bibliotecaspublicas.es/almeria/actividades/Agenda/ti-141-gara
      batos.html',
      'https://www.bibliotecaspublicas.es/almeria/actividades/Agenda/ti-143-gara
      batos.html',
      'https://www.bibliotecaspublicas.es/almeria/actividades/Agenda/ti-140-gara
      batos.html',
      'https://www.bibliotecaspublicas.es/almeria/actividades/Agenda/cl-cabo.htm
      l']
      page=2
      Getting content
      ['https://www.bibliotecaspublicas.es/almeria/actividades/Agenda/ta-172-tej
      iendo.html',
      'https://www.bibliotecaspublicas.es/almeria/actividades/Agenda/cca-todas.h
      tml',
      'https://www.bibliotecaspublicas.es/almeria/actividades/Agenda/cci-143-tra
      ctor.html',
      'https://www.bibliotecaspublicas.es/almeria/actividades/Agenda/cci-172-tra
      ctor.html',
      'https://www.bibliotecaspublicas.es/almeria/actividades/Agenda/cl-172.html
      ',
      'https://www.bibliotecaspublicas.es/almeria/actividades/Agenda/cci-140-tra
      ctor.html',
      'https://www.bibliotecaspublicas.es/almeria/actividades/Agenda/cci-141-tra
      ctor.html',
      'https://www.bibliotecaspublicas.es/almeria/actividades/Agenda/cci-143-hoy
      0.html',
      'https://www.bibliotecaspublicas.es/almeria/actividades/Agenda/pl-172a.htm
      l',
      'https://www.bibliotecaspublicas.es/almeria/actividades/Agenda/cl-alquian1
      .html',
      'https://www.bibliotecaspublicas.es/almeria/actividades/Agenda/pl-arias.ht
      ml',
      'https://www.bibliotecaspublicas.es/almeria/actividades/Agenda/ti-172-gara
      batos.html',
      'https://www.bibliotecaspublicas.es/almeria/actividades/Agenda/ti-141-gara
      batos.html',
      'https://www.bibliotecaspublicas.es/almeria/actividades/Agenda/ti-143-gara
      batos.html',
      'https://www.bibliotecaspublicas.es/almeria/actividades/Agenda/ti-140-gara
      batos.html',
      'https://www.bibliotecaspublicas.es/almeria/actividades/Agenda/cl-cabo.htm
      l',
      'https://www.bibliotecaspublicas.es/almeria/actividades/Agenda/ta-172-teji
      endo.html',
      'https://www.bibliotecaspublicas.es/almeria/actividades/Agenda/cca-todas.h
      tml',
      'https://www.bibliotecaspublicas.es/almeria/actividades/Agenda/cci-143-tra
      ctor.html',
      'https://www.bibliotecaspublicas.es/almeria/actividades/Agenda/cci-172-tra
      ctor.html',
      'https://www.bibliotecaspublicas.es/almeria/actividades/Agenda/cl-172.html
      ',
      'https://www.bibliotecaspublicas.es/almeria/actividades/Agenda/cci-140-tra
      ctor.html',
      'https://www.bibliotecaspublicas.es/almeria/actividades/Agenda/cci-141-tra
      ctor.html',
      'https://www.bibliotecaspublicas.es/almeria/actividades/Agenda/cci-143-hoy
      0.html',
      'https://www.bibliotecaspublicas.es/almeria/actividades/Agenda/pl-172a.htm
      l',
      'https://www.bibliotecaspublicas.es/almeria/actividades/Agenda/cl-alquian1
      .html',
      'https://www.bibliotecaspublicas.es/almeria/actividades/Agenda/pl-arias.ht
      ml',
      'https://www.bibliotecaspublicas.es/almeria/actividades/Agenda/ti-172-gara
      batos.html',
      'https://www.bibliotecaspublicas.es/almeria/actividades/Agenda/ti-141-gara
      batos.html',
      'https://www.bibliotecaspublicas.es/almeria/actividades/Agenda/ti-143-gara
      batos.html',
      'https://www.bibliotecaspublicas.es/almeria/actividades/Agenda/ti-140-gara
      batos.html',
      'https://www.bibliotecaspublicas.es/almeria/actividades/Agenda/cl-cabo.htm
      l']
      page=3
      Getting content
      ['https://www.bibliotecaspublicas.es/almeria/actividades/Agenda/ta-172-tej
      iendo.html',
      'https://www.bibliotecaspublicas.es/almeria/actividades/Agenda/cca-todas.h
      tml',
      'https://www.bibliotecaspublicas.es/almeria/actividades/Agenda/cci-143-tra
      ctor.html',
      'https://www.bibliotecaspublicas.es/almeria/actividades/Agenda/cci-172-tra
      ctor.html',
      'https://www.bibliotecaspublicas.es/almeria/actividades/Agenda/cl-172.html
      ',
      'https://www.bibliotecaspublicas.es/almeria/actividades/Agenda/cci-140-tra
      ctor.html',
      'https://www.bibliotecaspublicas.es/almeria/actividades/Agenda/cci-141-tra
      ctor.html',
      'https://www.bibliotecaspublicas.es/almeria/actividades/Agenda/cci-143-hoy
      0.html',
      'https://www.bibliotecaspublicas.es/almeria/actividades/Agenda/pl-172a.htm
      l',
      'https://www.bibliotecaspublicas.es/almeria/actividades/Agenda/cl-alquian1
      .html',
      'https://www.bibliotecaspublicas.es/almeria/actividades/Agenda/pl-arias.ht
      ml',
      'https://www.bibliotecaspublicas.es/almeria/actividades/Agenda/ti-172-gara
      batos.html',
      'https://www.bibliotecaspublicas.es/almeria/actividades/Agenda/ti-141-gara
      batos.html',
      'https://www.bibliotecaspublicas.es/almeria/actividades/Agenda/ti-143-gara
      batos.html',
      'https://www.bibliotecaspublicas.es/almeria/actividades/Agenda/ti-140-gara
      batos.html',
      'https://www.bibliotecaspublicas.es/almeria/actividades/Agenda/cl-cabo.htm
      l',
      'https://www.bibliotecaspublicas.es/almeria/actividades/Agenda/ta-172-teji
      endo.html',
      'https://www.bibliotecaspublicas.es/almeria/actividades/Agenda/cca-todas.h
      tml',
      'https://www.bibliotecaspublicas.es/almeria/actividades/Agenda/cci-143-tra
      ctor.html',
      'https://www.bibliotecaspublicas.es/almeria/actividades/Agenda/cci-172-tra
      ctor.html',
      'https://www.bibliotecaspublicas.es/almeria/actividades/Agenda/cl-172.html
      ',
      'https://www.bibliotecaspublicas.es/almeria/actividades/Agenda/cci-140-tra
      ctor.html',
      'https://www.bibliotecaspublicas.es/almeria/actividades/Agenda/cci-141-tra
      ctor.html',
      'https://www.bibliotecaspublicas.es/almeria/actividades/Agenda/cci-143-hoy
      0.html',
      'https://www.bibliotecaspublicas.es/almeria/actividades/Agenda/pl-172a.htm
      l',
      'https://www.bibliotecaspublicas.es/almeria/actividades/Agenda/cl-alquian1
      .html',
      'https://www.bibliotecaspublicas.es/almeria/actividades/Agenda/pl-arias.ht
      ml',
      'https://www.bibliotecaspublicas.es/almeria/actividades/Agenda/ti-172-gara
      batos.html',
      'https://www.bibliotecaspublicas.es/almeria/actividades/Agenda/ti-141-gara
      batos.html',
      'https://www.bibliotecaspublicas.es/almeria/actividades/Agenda/ti-143-gara
      batos.html',
      'https://www.bibliotecaspublicas.es/almeria/actividades/Agenda/ti-140-gara
      batos.html',
      'https://www.bibliotecaspublicas.es/almeria/actividades/Agenda/cl-cabo.htm
      l',
      'https://www.bibliotecaspublicas.es/almeria/actividades/Agenda/ta-172-teji
      endo.html',
      'https://www.bibliotecaspublicas.es/almeria/actividades/Agenda/cca-todas.h
      tml',
      'https://www.bibliotecaspublicas.es/almeria/actividades/Agenda/cci-143-tra
      ctor.html',
      'https://www.bibliotecaspublicas.es/almeria/actividades/Agenda/cci-172-tra
      ctor.html',
      'https://www.bibliotecaspublicas.es/almeria/actividades/Agenda/cl-172.html
      ',
      'https://www.bibliotecaspublicas.es/almeria/actividades/Agenda/cci-140-tra
      ctor.html',
      'https://www.bibliotecaspublicas.es/almeria/actividades/Agenda/cci-141-tra
      ctor.html',
      'https://www.bibliotecaspublicas.es/almeria/actividades/Agenda/cci-143-hoy
      0.html',
      'https://www.bibliotecaspublicas.es/almeria/actividades/Agenda/pl-172a.htm
      l',
      'https://www.bibliotecaspublicas.es/almeria/actividades/Agenda/cl-alquian1
      .html',
      'https://www.bibliotecaspublicas.es/almeria/actividades/Agenda/pl-arias.ht
      ml',
      'https://www.bibliotecaspublicas.es/almeria/actividades/Agenda/ti-172-gara
      batos.html',
      'https://www.bibliotecaspublicas.es/almeria/actividades/Agenda/ti-141-gara
      batos.html',
      'https://www.bibliotecaspublicas.es/almeria/actividades/Agenda/ti-143-gara
      batos.html',
      'https://www.bibliotecaspublicas.es/almeria/actividades/Agenda/ti-140-gara
      batos.html',
      'https://www.bibliotecaspublicas.es/almeria/actividades/Agenda/cl-cabo.htm
      l']
      *** SCRAPED 48 URLS WITH EVENTS **
      New url events = 0
      #######################
      No new urls/events extracted. No new events to save
      #######################

Result: Succeeded

Launching scraper: SalaEmma
Succeeded - 2026-03-09T23:51:51Z

dag: FisgonTaskSelenium (20.0s)
│
└─tarea_1 (20.0s) [succeeded]
  ├─bash -lc 'set -eo pipefail; export DOCKER_CONFIG=/tmp/.docker HOME=/tmp;
  │   SELENIUM_NAME="selenium_${DAG_RUN_ID:-$$}_$(date +%s)"; cleanup() {
  │   docker rm -f "$SELENIUM_NAME" >/dev/null 2>&1 || true; }; trap cleanup
  │   EXIT; docker run -d --rm --name "$SELENIUM_NAME" --shm-size=2g -e
  │   SE_NODE_MAX_SESSIONS=1 -e SE_NODE_OVERRIDE_MAX_SESSIONS=true
  │   selenium/standalone-chrome:latest >/dev/null; docker exec
  │   "$SELENIUM_NAME" bash -c "for i in \$(seq 1 60); do (echo >
  │   /dev/tcp/127.0.0.1/4444) >/dev/null 2>&1 && exit 0; sleep 1; done; exit
  │   1"; docker run --rm --network container:"$SELENIUM_NAME" -v
  │   /home/ubuntu/work/fisgon:/app -v
  │   /home/ubuntu/data_storage:/home/ubuntu/data_storage -v
  │   /home/ubuntu/work/event_flask_app/static/img:/home/ubuntu/work/event_fla
  │   sk_app/static/img -w /app -e OPERATION=0 -e DOCKER_CONFIG=/tmp/.docker
  │   -e HOME=/tmp -e TARGET_CITY -e TARGET_SCRAPER -e
  │   DAG_RUN_URL="${DAGU_BASE_URL:-}/dags/${DAG_NAME}?dagRunId=${DAG_RUN_ID}"
  │   -e
  │   DAG_RUN_LOG_URL="${DAGU_BASE_URL:-}/dags/${DAG_NAME}/log?remoteNode=loca
  │   l&step=tarea_1&dagRunId=${DAG_RUN_ID}" fisgon_scraper:1.0'
  │
  └─stdout: ... (21 more lines)
      --------------------
      {'id': '8ff1a9d3', 'show': 1, 'in_city': 1, 'one_day': 1,
      'wrong_date_time': 0, 'event': 'Una De Impro! Dela Mujer', 'slug':
      'una-de-impro-dela-mujer', 'category': '__NOT_DEFINIED__', 'id_venue':
      '7qHRF9LM', 'venue': 'Sala EMMA', 'std_venue': 'Sala Escuela Municipal de
      Música & Artes', 'start_date': '2026-03-26', 'start_time': '21:00:00',
      'end_date': '__NOT_FOUND__', 'end_time': '__NOT_FOUND__', 'description':
      'Jueves, 26 de Marzo, 2026 9:00 PM 10.00 € Anticipada: 8.00 € hasta el
      Miércoles, 25 de Marzo, 2026', 'others': {}, 'source': 'SalaEmma',
      'exec_time': '20260309T235155', 'session': '2026_03_09_23_45_Lunes',
      'image': '/home/ubuntu/work/event_flask_app/static/img/13b9045a.jpg',
      'url': 'https://entradasemma.azurewebsites.net/'}
      --------------------
      {'id': 'e09c7cb6', 'show': 1, 'in_city': 1, 'one_day': 1,
      'wrong_date_time': 0, 'event': 'Menos Es Más (Alumnos Emma)', 'slug':
      'menos-es-mas-alumnos-emma', 'category': '__NOT_DEFINIED__', 'id_venue':
      '7qHRF9LM', 'venue': 'Sala EMMA', 'std_venue': 'Sala Escuela Municipal de
      Música & Artes', 'start_date': '2026-05-22', 'start_time': '20:00:00',
      'end_date': '__NOT_FOUND__', 'end_time': '__NOT_FOUND__', 'description':
      'Viernes, 22 de Mayo, 2026 8:00 PM 8.00 €', 'others': {}, 'source':
      'SalaEmma', 'exec_time': '20260309T235155', 'session':
      '2026_03_09_23_45_Lunes', 'image':
      '/home/ubuntu/work/event_flask_app/static/img/de7bc606.jpg', 'url':
      'https://entradasemma.azurewebsites.net/'}
      --------------------
      {'id': 'f39ab686', 'show': 1, 'in_city': 1, 'one_day': 1,
      'wrong_date_time': 0, 'event': 'Taller Más Allá De La Voz', 'slug':
      'taller-mas-alla-de-la-voz', 'category': '__NOT_DEFINIED__', 'id_venue':
      '7qHRF9LM', 'venue': 'Sala EMMA', 'std_venue': 'Sala Escuela Municipal de
      Música & Artes', 'start_date': '2026-03-21', 'start_time': '09:00:00',
      'end_date': '__NOT_FOUND__', 'end_time': '__NOT_FOUND__', 'description':
      'Sábado, 21 de Marzo, 2026 9:00 AM Más allá de la voz es un taller
      intensivo dirigido a cantantes que desean profundizar en la
      interpretación emocional y la presencia escénica, transformando sus
      canciones en experiencias auténticas para el público.\nA lo largo del
      taller se trabaja la canción desde dentro: la letra, la intención y la
      emoción, integrando la técnica vocal con recursos expresivos y
      escénicos. El objetivo es que el cantante no solo cante correctamente,
      sino que comunique, emocione y conecte desde un lugar verdadero y
      consciente sobre el escenario. 45.00 €', 'others': {}, 'source':
      'SalaEmma', 'exec_time': '20260309T235155', 'session':
      '2026_03_09_23_45_Lunes', 'image':
      '/home/ubuntu/work/event_flask_app/static/img/39d8a807.jpg', 'url':
      'https://entradasemma.azurewebsites.net/'}
      --------------------
      {'id': '32435429', 'show': 1, 'in_city': 1, 'one_day': 1,
      'wrong_date_time': 0, 'event': 'Christian Garcia (10 Años Dando Guerra)',
      'slug': 'christian-garcia-10-anos-dando-guerra', 'category':
      '__NOT_DEFINIED__', 'id_venue': '7qHRF9LM', 'venue': 'Sala EMMA',
      'std_venue': 'Sala Escuela Municipal de Música & Artes', 'start_date':
      '2026-03-14', 'start_time': '20:00:00', 'end_date': '__NOT_FOUND__',
      'end_time': '__NOT_FOUND__', 'description': 'Sábado, 14 de Marzo, 2026
      8:00 PM 15.00 €', 'others': {}, 'source': 'SalaEmma', 'exec_time':
      '20260309T235155', 'session': '2026_03_09_23_45_Lunes', 'image':
      '/home/ubuntu/work/event_flask_app/static/img/81399aff.jpg', 'url':
      'https://entradasemma.azurewebsites.net/'}
      --------------------
      {'id': '0f209c92', 'show': 1, 'in_city': 1, 'one_day': 1,
      'wrong_date_time': 0, 'event': 'Kikín Fernández Y Fernando Labordeta',
      'slug': 'kikin-fernandez-y-fernando-labordeta', 'category':
      '__NOT_DEFINIED__', 'id_venue': '7qHRF9LM', 'venue': 'Sala EMMA',
      'std_venue': 'Sala Escuela Municipal de Música & Artes', 'start_date':
      '2026-05-16', 'start_time': '20:00:00', 'end_date': '__NOT_FOUND__',
      'end_time': '__NOT_FOUND__', 'description': 'Sábado, 16 de Mayo, 2026
      8:00 PM 12.00 €', 'others': {}, 'source': 'SalaEmma', 'exec_time':
      '20260309T235155', 'session': '2026_03_09_23_45_Lunes', 'image':
      '/home/ubuntu/work/event_flask_app/static/img/1bbc1c19.jpg', 'url':
      'https://entradasemma.azurewebsites.net/'}
      --------------------
      {'id': 'af384708', 'show': 1, 'in_city': 1, 'one_day': 1,
      'wrong_date_time': 0, 'event': 'Menos Es Más', 'slug': 'menos-es-mas',
      'category': '__NOT_DEFINIED__', 'id_venue': '7qHRF9LM', 'venue': 'Sala
      EMMA', 'std_venue': 'Sala Escuela Municipal de Música & Artes',
      'start_date': '2026-05-22', 'start_time': '20:00:00', 'end_date':
      '__NOT_FOUND__', 'end_time': '__NOT_FOUND__', 'description': 'Viernes, 22
      de Mayo, 2026 8:00 PM "Menos es Mas" es un formato diferente para amenizar
      tu evento. Este proyecto combina rock, jazz, pop...y su finalidad es
      transmitir emociones a través del instrumento. Juanmi Viñolo ha
      preparado una selección de temas de grandes clásicos de artistas como
      Frank Sinatra, Carlos\nSantana, Luis Salinas...\nSi te gusta la guitarra
      eléctrica, no te lo puedes perder 10.00 €', 'others': {}, 'source':
      'SalaEmma', 'exec_time': '20260309T235155', 'session':
      '2026_03_09_23_45_Lunes', 'image':
      '/home/ubuntu/work/event_flask_app/static/img/25718aa1.jpg', 'url':
      'https://entradasemma.azurewebsites.net/'}
      --------------------
      {'id': 'b9f4a0b0', 'show': 1, 'in_city': 1, 'one_day': 1,
      'wrong_date_time': 0, 'event': 'Rafa Tornado Punkústico', 'slug':
      'rafa-tornado-punkustico', 'category': '__NOT_DEFINIED__', 'id_venue':
      '7qHRF9LM', 'venue': 'Sala EMMA', 'std_venue': 'Sala Escuela Municipal de
      Música & Artes', 'start_date': '2026-03-15', 'start_time': '17:00:00',
      'end_date': '__NOT_FOUND__', 'end_time': '__NOT_FOUND__', 'description':
      'Domingo, 15 de Marzo, 2026 5:00 PM ENTRADA+CONSUMICIÓN 6.00 €',
      'others': {}, 'source': 'SalaEmma', 'exec_time': '20260309T235155',
      'session': '2026_03_09_23_45_Lunes', 'image':
      '/home/ubuntu/work/event_flask_app/static/img/e3023842.jpg', 'url':
      'https://entradasemma.azurewebsites.net/'}
      --------------------
      {'id': '66d11675', 'show': 1, 'in_city': 1, 'one_day': 1,
      'wrong_date_time': 0, 'event': 'Alvarito', 'slug': 'alvarito', 'category':
      '__NOT_DEFINIED__', 'id_venue': '7qHRF9LM', 'venue': 'Sala EMMA',
      'std_venue': 'Sala Escuela Municipal de Música & Artes', 'start_date':
      '2026-06-06', 'start_time': '20:00:00', 'end_date': '__NOT_FOUND__',
      'end_time': '__NOT_FOUND__', 'description': 'Sábado, 6 de Junio, 2026
      8:00 PM 12.00 €', 'others': {}, 'source': 'SalaEmma', 'exec_time':
      '20260309T235155', 'session': '2026_03_09_23_45_Lunes', 'image':
      '/home/ubuntu/work/event_flask_app/static/img/dc696567.jpg', 'url':
      'https://entradasemma.azurewebsites.net/'}
      --------------------
      {'id': '2ed4a856', 'show': 1, 'in_city': 1, 'one_day': 1,
      'wrong_date_time': 0, 'event': 'Manolo Lera', 'slug': 'manolo-lera',
      'category': '__NOT_DEFINIED__', 'id_venue': '7qHRF9LM', 'venue': 'Sala
      EMMA', 'std_venue': 'Sala Escuela Municipal de Música & Artes',
      'start_date': '2026-04-11', 'start_time': '20:00:00', 'end_date':
      '__NOT_FOUND__', 'end_time': '__NOT_FOUND__', 'description': 'Sábado, 11
      de Abril, 2026 8:00 PM 12.00 €', 'others': {}, 'source': 'SalaEmma',
      'exec_time': '20260309T235155', 'session': '2026_03_09_23_45_Lunes',
      'image': '/home/ubuntu/work/event_flask_app/static/img/942cb8d6.jpg',
      'url': 'https://entradasemma.azurewebsites.net/'}
      --------------------
      {'id': 'fa9ffb3b', 'show': 1, 'in_city': 1, 'one_day': 1,
      'wrong_date_time': 0, 'event': 'Victor Castigao Descontrolao', 'slug':
      'victor-castigao-descontrolao', 'category': '__NOT_DEFINIED__',
      'id_venue': '7qHRF9LM', 'venue': 'Sala EMMA', 'std_venue': 'Sala Escuela
      Municipal de Música & Artes', 'start_date': '2026-04-18', 'start_time':
      '20:00:00', 'end_date': '__NOT_FOUND__', 'end_time': '__NOT_FOUND__',
      'description': 'Sábado, 18 de Abril, 2026 8:00 PM 12.00 €', 'others':
      {}, 'source': 'SalaEmma', 'exec_time': '20260309T235155', 'session':
      '2026_03_09_23_45_Lunes', 'image':
      '/home/ubuntu/work/event_flask_app/static/img/80789fc1.jpg', 'url':
      'https://entradasemma.azurewebsites.net/'}
      --------------------
      {'id': 'ae65f713', 'show': 1, 'in_city': 1, 'one_day': 1,
      'wrong_date_time': 0, 'event': 'Melocotón en Almíbar', 'slug':
      'melocoton-en-almibar', 'category': '__NOT_DEFINIED__', 'id_venue':
      '7qHRF9LM', 'venue': 'Sala EMMA', 'std_venue': 'Sala Escuela Municipal de
      Música & Artes', 'start_date': '2026-05-09', 'start_time': '20:00:00',
      'end_date': '__NOT_FOUND__', 'end_time': '__NOT_FOUND__', 'description':
      'Sábado, 9 de Mayo, 2026 8:00 PM 12.00 €', 'others': {}, 'source':
      'SalaEmma', 'exec_time': '20260309T235155', 'session':
      '2026_03_09_23_45_Lunes', 'image':
      '/home/ubuntu/work/event_flask_app/static/img/77c2a92a.jpg', 'url':
      'https://entradasemma.azurewebsites.net/'}
      --------------------
      {'id': '61fb98fa', 'show': 1, 'in_city': 1, 'one_day': 1,
      'wrong_date_time': 0, 'event': 'El Mentalista Canalla', 'slug':
      'el-mentalista-canalla', 'category': '__NOT_DEFINIED__', 'id_venue':
      '7qHRF9LM', 'venue': 'Sala EMMA', 'std_venue': 'Sala Escuela Municipal de
      Música & Artes', 'start_date': '2026-04-24', 'start_time': '20:00:00',
      'end_date': '__NOT_FOUND__', 'end_time': '__NOT_FOUND__', 'description':
      'Viernes, 24 de Abril, 2026 8:00 PM 12.00 €', 'others': {}, 'source':
      'SalaEmma', 'exec_time': '20260309T235155', 'session':
      '2026_03_09_23_45_Lunes', 'image':
      '/home/ubuntu/work/event_flask_app/static/img/70b3182d.jpg', 'url':
      'https://entradasemma.azurewebsites.net/'}
      --------------------
      {'id': 'a5a3bb9c', 'show': 1, 'in_city': 1, 'one_day': 1,
      'wrong_date_time': 0, 'event': 'Pepe El Caja', 'slug': 'pepe-el-caja',
      'category': '__NOT_DEFINIED__', 'id_venue': '7qHRF9LM', 'venue': 'Sala
      EMMA', 'std_venue': 'Sala Escuela Municipal de Música & Artes',
      'start_date': '2026-05-23', 'start_time': '20:00:00', 'end_date':
      '__NOT_FOUND__', 'end_time': '__NOT_FOUND__', 'description': 'Sábado, 23
      de Mayo, 2026 8:00 PM 15.00 €', 'others': {}, 'source': 'SalaEmma',
      'exec_time': '20260309T235155', 'session': '2026_03_09_23_45_Lunes',
      'image': '/home/ubuntu/work/event_flask_app/static/img/c8c19776.jpg',
      'url': 'https://entradasemma.azurewebsites.net/'}
      Checking unique event dict.
      Reading /home/ubuntu/data_storage/Almeria/00_master/master_events.json...
      *******
      [('Rafa Tornado Punkústico', 'Sala EMMA', '2026-03-15', '17:00:00'),
      ('Una De Imrpo! Dela Mujer', 'Sala EMMA', '2026-03-26', '21:00:00'),
      ('¡corten! Una Comedia De Cine', 'Sala EMMA', '2026-04-25', '20:00:00'),
      ('Melocotón en Almíbar', 'Sala EMMA', '2026-05-09', '20:00:00'),
      ('Kikín Fernández Y Fernando Labordeta', 'Sala EMMA', '2026-05-16',
      '20:00:00'), ('Menos Es Más', 'Sala EMMA', '2026-05-22', '20:00:00'),
      ('Pepe El Caja', 'Sala EMMA', '2026-05-23', '20:00:00'), ('Alvarito',
      'Sala EMMA', '2026-06-06', '20:00:00'), ('Humor De Casados (Mariano Ypunto
      Y La Nena)', 'Sala EMMA', '2026-06-13', '20:00:00'), ('Victor Castigao
      Descontrolao', 'Sala EMMA', '2026-04-18', '20:00:00')]
      ('¡corten! Una Comedia De Cine', 'Sala EMMA', '2026-04-25', '20:00:00')
      ('Humor De Casados (Mariano Ypunto Y La Nena)', 'Sala EMMA', '2026-06-13',
      '20:00:00')
      ('Una De Impro! Dela Mujer', 'Sala EMMA', '2026-03-26', '21:00:00')
      ('Menos Es Más (Alumnos Emma)', 'Sala EMMA', '2026-05-22', '20:00:00')
      ('Taller Más Allá De La Voz', 'Sala EMMA', '2026-03-21', '09:00:00')
      ('Christian Garcia (10 Años Dando Guerra)', 'Sala EMMA', '2026-03-14',
      '20:00:00')
      ('Kikín Fernández Y Fernando Labordeta', 'Sala EMMA', '2026-05-16',
      '20:00:00')
      ('Menos Es Más', 'Sala EMMA', '2026-05-22', '20:00:00')
      ('Rafa Tornado Punkústico', 'Sala EMMA', '2026-03-15', '17:00:00')
      ('Alvarito', 'Sala EMMA', '2026-06-06', '20:00:00')
      ('Manolo Lera', 'Sala EMMA', '2026-04-11', '20:00:00')
      ('Victor Castigao Descontrolao', 'Sala EMMA', '2026-04-18', '20:00:00')
      ('Melocotón en Almíbar', 'Sala EMMA', '2026-05-09', '20:00:00')
      ('El Mentalista Canalla', 'Sala EMMA', '2026-04-24', '20:00:00')
      ('Pepe El Caja', 'Sala EMMA', '2026-05-23', '20:00:00')
      ****************************
      Saving 6 new events
      Saving in
      /home/ubuntu/data_storage/Almeria/2026_03_09_23_45_Lunes/0_raw/20260309_23
      51_SalaEmma.json
      Saving 6 master url
      Appending to  /home/ubuntu/data_storage/Almeria/00_master/master_url.json

Result: Succeeded

