time=2026-03-09T23:45:41.384Z level=INFO msg="Executing root dag-run" dag=FisgonTaskRequest run-id=019cd4fd-fe06-79d7-826c-a1b65a79db74 params=""
time=2026-03-09T23:45:41.397Z level=INFO msg="DAG run started" name=FisgonTaskRequest run-id=019cd4fd-fe06-79d7-826c-a1b65a79db74 attempt-id="" dag=FisgonTaskRequest run-id=019cd4fd-fe06-79d7-826c-a1b65a79db74 params="[TARGET_CITY=Almeria TARGET_SCRAPER=KuverProducciones 3=DAGU_BASE_URL=]"
time=2026-03-09T23:45:41.401Z level=INFO msg="Step started" name=FisgonTaskRequest run-id=019cd4fd-fe06-79d7-826c-a1b65a79db74 attempt-id="" dag=FisgonTaskRequest run-id=019cd4fd-fe06-79d7-826c-a1b65a79db74 step=tarea_1
time=2026-03-09T23:45:53.240Z level=INFO msg="DAG run finished" name=FisgonTaskRequest run-id=019cd4fd-fe06-79d7-826c-a1b65a79db74 attempt-id="" dag=FisgonTaskRequest run-id=019cd4fd-fe06-79d7-826c-a1b65a79db74 status=succeeded started-at=2026-03-09T23:45:41Z finished-at=2026-03-09T23:45:53Z
time=2026-03-09T23:45:53.276Z level=INFO msg="Executing root dag-run" dag=FisgonTaskRequest run-id=019cd4fe-2c7a-762d-8acc-c393e8bec688 params=""
time=2026-03-09T23:45:53.289Z level=INFO msg="DAG run started" name=FisgonTaskRequest run-id=019cd4fe-2c7a-762d-8acc-c393e8bec688 attempt-id="" dag=FisgonTaskRequest run-id=019cd4fe-2c7a-762d-8acc-c393e8bec688 params="[TARGET_CITY=Almeria TARGET_SCRAPER=SalaBerlin 3=DAGU_BASE_URL=]"
time=2026-03-09T23:45:53.292Z level=INFO msg="Step started" name=FisgonTaskRequest run-id=019cd4fe-2c7a-762d-8acc-c393e8bec688 attempt-id="" dag=FisgonTaskRequest run-id=019cd4fe-2c7a-762d-8acc-c393e8bec688 step=tarea_1
time=2026-03-09T23:45:58.061Z level=INFO msg="DAG run finished" name=FisgonTaskRequest run-id=019cd4fe-2c7a-762d-8acc-c393e8bec688 attempt-id="" dag=FisgonTaskRequest run-id=019cd4fe-2c7a-762d-8acc-c393e8bec688 status=succeeded started-at=2026-03-09T23:45:53Z finished-at=2026-03-09T23:45:58Z
time=2026-03-09T23:45:58.095Z level=INFO msg="Executing root dag-run" dag=FisgonTaskRequest run-id=019cd4fe-3f4e-748a-ae34-44c2b92d0b1a params=""
time=2026-03-09T23:45:58.108Z level=INFO msg="DAG run started" name=FisgonTaskRequest run-id=019cd4fe-3f4e-748a-ae34-44c2b92d0b1a attempt-id="" dag=FisgonTaskRequest run-id=019cd4fe-3f4e-748a-ae34-44c2b92d0b1a params="[TARGET_CITY=Almeria TARGET_SCRAPER=LaGuajira 3=DAGU_BASE_URL=]"
time=2026-03-09T23:45:58.111Z level=INFO msg="Step started" name=FisgonTaskRequest run-id=019cd4fe-3f4e-748a-ae34-44c2b92d0b1a attempt-id="" dag=FisgonTaskRequest run-id=019cd4fe-3f4e-748a-ae34-44c2b92d0b1a step=tarea_1
time=2026-03-09T23:46:56.889Z level=INFO msg="DAG run finished" name=FisgonTaskRequest run-id=019cd4fe-3f4e-748a-ae34-44c2b92d0b1a attempt-id="" dag=FisgonTaskRequest run-id=019cd4fe-3f4e-748a-ae34-44c2b92d0b1a status=succeeded started-at=2026-03-09T23:45:58Z finished-at=2026-03-09T23:46:56Z
time=2026-03-09T23:46:56.928Z level=INFO msg="Executing root dag-run" dag=FisgonTaskRequest run-id=019cd4ff-251d-7db7-aa86-41aa7dcb99f1 params=""
time=2026-03-09T23:46:56.940Z level=INFO msg="DAG run started" name=FisgonTaskRequest run-id=019cd4ff-251d-7db7-aa86-41aa7dcb99f1 attempt-id="" dag=FisgonTaskRequest run-id=019cd4ff-251d-7db7-aa86-41aa7dcb99f1 params="[TARGET_CITY=Almeria TARGET_SCRAPER=ConciertosClub 3=DAGU_BASE_URL=]"
time=2026-03-09T23:46:56.943Z level=INFO msg="Step started" name=FisgonTaskRequest run-id=019cd4ff-251d-7db7-aa86-41aa7dcb99f1 attempt-id="" dag=FisgonTaskRequest run-id=019cd4ff-251d-7db7-aa86-41aa7dcb99f1 step=tarea_1
time=2026-03-09T23:47:00.240Z level=INFO msg="DAG run finished" name=FisgonTaskRequest run-id=019cd4ff-251d-7db7-aa86-41aa7dcb99f1 attempt-id="" dag=FisgonTaskRequest run-id=019cd4ff-251d-7db7-aa86-41aa7dcb99f1 status=succeeded started-at=2026-03-09T23:46:56Z finished-at=2026-03-09T23:47:00Z
time=2026-03-09T23:47:00.276Z level=INFO msg="Executing root dag-run" dag=FisgonTaskRequest run-id=019cd4ff-3232-74c6-8767-0c8abbea7563 params=""
time=2026-03-09T23:47:00.288Z level=INFO msg="DAG run started" name=FisgonTaskRequest run-id=019cd4ff-3232-74c6-8767-0c8abbea7563 attempt-id="" dag=FisgonTaskRequest run-id=019cd4ff-3232-74c6-8767-0c8abbea7563 params="[TARGET_CITY=Almeria TARGET_SCRAPER=JacksonLive 3=DAGU_BASE_URL=]"
time=2026-03-09T23:47:00.292Z level=INFO msg="Step started" name=FisgonTaskRequest run-id=019cd4ff-3232-74c6-8767-0c8abbea7563 attempt-id="" dag=FisgonTaskRequest run-id=019cd4ff-3232-74c6-8767-0c8abbea7563 step=tarea_1
time=2026-03-09T23:47:02.604Z level=INFO msg="DAG run finished" name=FisgonTaskRequest run-id=019cd4ff-3232-74c6-8767-0c8abbea7563 attempt-id="" dag=FisgonTaskRequest run-id=019cd4ff-3232-74c6-8767-0c8abbea7563 status=succeeded started-at=2026-03-09T23:47:00Z finished-at=2026-03-09T23:47:02Z
time=2026-03-09T23:47:02.646Z level=INFO msg="Executing root dag-run" dag=FisgonTaskRequest run-id=019cd4ff-3b75-7593-9949-19a2b5e31949 params=""
time=2026-03-09T23:47:02.659Z level=INFO msg="DAG run started" name=FisgonTaskRequest run-id=019cd4ff-3b75-7593-9949-19a2b5e31949 attempt-id="" dag=FisgonTaskRequest run-id=019cd4ff-3b75-7593-9949-19a2b5e31949 params="[TARGET_CITY=Almeria TARGET_SCRAPER=BibliotecaAgenda 3=DAGU_BASE_URL=]"
time=2026-03-09T23:47:02.662Z level=INFO msg="Step started" name=FisgonTaskRequest run-id=019cd4ff-3b75-7593-9949-19a2b5e31949 attempt-id="" dag=FisgonTaskRequest run-id=019cd4ff-3b75-7593-9949-19a2b5e31949 step=tarea_1
time=2026-03-09T23:47:38.278Z level=INFO msg="DAG run finished" name=FisgonTaskRequest run-id=019cd4ff-3b75-7593-9949-19a2b5e31949 attempt-id="" dag=FisgonTaskRequest run-id=019cd4ff-3b75-7593-9949-19a2b5e31949 status=succeeded started-at=2026-03-09T23:47:02Z finished-at=2026-03-09T23:47:38Z
