time=2026-03-09T23:47:38.338Z level=INFO msg="Executing root dag-run" dag=FisgonTaskSelenium run-id=019cd4ff-c6e0-766f-958e-33fefa7d0e22 params=""
time=2026-03-09T23:47:38.351Z level=INFO msg="DAG run started" name=FisgonTaskSelenium run-id=019cd4ff-c6e0-766f-958e-33fefa7d0e22 attempt-id="" dag=FisgonTaskSelenium run-id=019cd4ff-c6e0-766f-958e-33fefa7d0e22 params="[TARGET_CITY=Almeria TARGET_SCRAPER=AlmeriaCiudad 3=DAGU_BASE_URL=]"
time=2026-03-09T23:47:38.354Z level=INFO msg="Step started" name=FisgonTaskSelenium run-id=019cd4ff-c6e0-766f-958e-33fefa7d0e22 attempt-id="" dag=FisgonTaskSelenium run-id=019cd4ff-c6e0-766f-958e-33fefa7d0e22 step=tarea_1
time=2026-03-09T23:48:14.267Z level=INFO msg="DAG run finished" name=FisgonTaskSelenium run-id=019cd4ff-c6e0-766f-958e-33fefa7d0e22 attempt-id="" dag=FisgonTaskSelenium run-id=019cd4ff-c6e0-766f-958e-33fefa7d0e22 status=succeeded started-at=2026-03-09T23:47:38Z finished-at=2026-03-09T23:48:14Z
time=2026-03-09T23:48:14.322Z level=INFO msg="Executing root dag-run" dag=FisgonTaskSelenium run-id=019cd500-536f-791c-b89a-5928e3de46d8 params=""
time=2026-03-09T23:48:14.340Z level=INFO msg="DAG run started" name=FisgonTaskSelenium run-id=019cd500-536f-791c-b89a-5928e3de46d8 attempt-id="" dag=FisgonTaskSelenium run-id=019cd500-536f-791c-b89a-5928e3de46d8 params="[TARGET_CITY=Almeria TARGET_SCRAPER=AlmeriaTurismo 3=DAGU_BASE_URL=]"
time=2026-03-09T23:48:14.343Z level=INFO msg="Step started" name=FisgonTaskSelenium run-id=019cd500-536f-791c-b89a-5928e3de46d8 attempt-id="" dag=FisgonTaskSelenium run-id=019cd500-536f-791c-b89a-5928e3de46d8 step=tarea_1
time=2026-03-09T23:48:53.782Z level=INFO msg="DAG run finished" name=FisgonTaskSelenium run-id=019cd500-536f-791c-b89a-5928e3de46d8 attempt-id="" dag=FisgonTaskSelenium run-id=019cd500-536f-791c-b89a-5928e3de46d8 status=succeeded started-at=2026-03-09T23:48:14Z finished-at=2026-03-09T23:48:53Z
time=2026-03-09T23:48:53.847Z level=INFO msg="Executing root dag-run" dag=FisgonTaskSelenium run-id=019cd500-edd5-7c0f-91e3-c1c77ffad2fb params=""
time=2026-03-09T23:48:53.855Z level=INFO msg="DAG run started" name=FisgonTaskSelenium run-id=019cd500-edd5-7c0f-91e3-c1c77ffad2fb attempt-id="" dag=FisgonTaskSelenium run-id=019cd500-edd5-7c0f-91e3-c1c77ffad2fb params="[TARGET_CITY=Almeria TARGET_SCRAPER=JuntaAndaluciaAgenda 3=DAGU_BASE_URL=]"
time=2026-03-09T23:48:53.856Z level=INFO msg="Step started" name=FisgonTaskSelenium run-id=019cd500-edd5-7c0f-91e3-c1c77ffad2fb attempt-id="" dag=FisgonTaskSelenium run-id=019cd500-edd5-7c0f-91e3-c1c77ffad2fb step=tarea_1
time=2026-03-09T23:49:57.118Z level=INFO msg="DAG run finished" name=FisgonTaskSelenium run-id=019cd500-edd5-7c0f-91e3-c1c77ffad2fb attempt-id="" dag=FisgonTaskSelenium run-id=019cd500-edd5-7c0f-91e3-c1c77ffad2fb status=succeeded started-at=2026-03-09T23:48:53Z finished-at=2026-03-09T23:49:57Z
time=2026-03-09T23:49:57.161Z level=INFO msg="Executing root dag-run" dag=FisgonTaskSelenium run-id=019cd501-e527-7d34-be8f-f152b4553a0c params=""
time=2026-03-09T23:49:57.174Z level=INFO msg="DAG run started" name=FisgonTaskSelenium run-id=019cd501-e527-7d34-be8f-f152b4553a0c attempt-id="" dag=FisgonTaskSelenium run-id=019cd501-e527-7d34-be8f-f152b4553a0c params="[TARGET_CITY=Almeria TARGET_SCRAPER=ClassicJazz 3=DAGU_BASE_URL=]"
time=2026-03-09T23:49:57.177Z level=INFO msg="Step started" name=FisgonTaskSelenium run-id=019cd501-e527-7d34-be8f-f152b4553a0c attempt-id="" dag=FisgonTaskSelenium run-id=019cd501-e527-7d34-be8f-f152b4553a0c step=tarea_1
time=2026-03-09T23:50:53.327Z level=INFO msg="DAG run finished" name=FisgonTaskSelenium run-id=019cd501-e527-7d34-be8f-f152b4553a0c attempt-id="" dag=FisgonTaskSelenium run-id=019cd501-e527-7d34-be8f-f152b4553a0c status=succeeded started-at=2026-03-09T23:49:57Z finished-at=2026-03-09T23:50:53Z
time=2026-03-09T23:50:53.377Z level=INFO msg="Executing root dag-run" dag=FisgonTaskSelenium run-id=019cd502-c0c0-70d3-baae-e53d914a2e5d params=""
time=2026-03-09T23:50:53.390Z level=INFO msg="DAG run started" name=FisgonTaskSelenium run-id=019cd502-c0c0-70d3-baae-e53d914a2e5d attempt-id="" dag=FisgonTaskSelenium run-id=019cd502-c0c0-70d3-baae-e53d914a2e5d params="[TARGET_CITY=Almeria TARGET_SCRAPER=Entradium 3=DAGU_BASE_URL=]"
time=2026-03-09T23:50:53.394Z level=INFO msg="Step started" name=FisgonTaskSelenium run-id=019cd502-c0c0-70d3-baae-e53d914a2e5d attempt-id="" dag=FisgonTaskSelenium run-id=019cd502-c0c0-70d3-baae-e53d914a2e5d step=tarea_1
time=2026-03-09T23:51:33.978Z level=INFO msg="DAG run finished" name=FisgonTaskSelenium run-id=019cd502-c0c0-70d3-baae-e53d914a2e5d attempt-id="" dag=FisgonTaskSelenium run-id=019cd502-c0c0-70d3-baae-e53d914a2e5d status=succeeded started-at=2026-03-09T23:50:53Z finished-at=2026-03-09T23:51:33Z
time=2026-03-09T23:51:34.020Z level=INFO msg="Executing root dag-run" dag=FisgonTaskSelenium run-id=019cd503-5f82-74e9-b35f-64e54449a84e params=""
time=2026-03-09T23:51:34.033Z level=INFO msg="DAG run started" name=FisgonTaskSelenium run-id=019cd503-5f82-74e9-b35f-64e54449a84e attempt-id="" dag=FisgonTaskSelenium run-id=019cd503-5f82-74e9-b35f-64e54449a84e params="[TARGET_CITY=Almeria TARGET_SCRAPER=TodasLasEntradas 3=DAGU_BASE_URL=]"
time=2026-03-09T23:51:34.036Z level=INFO msg="Step started" name=FisgonTaskSelenium run-id=019cd503-5f82-74e9-b35f-64e54449a84e attempt-id="" dag=FisgonTaskSelenium run-id=019cd503-5f82-74e9-b35f-64e54449a84e step=tarea_1
time=2026-03-09T23:51:43.657Z level=INFO msg="DAG run finished" name=FisgonTaskSelenium run-id=019cd503-5f82-74e9-b35f-64e54449a84e attempt-id="" dag=FisgonTaskSelenium run-id=019cd503-5f82-74e9-b35f-64e54449a84e status=succeeded started-at=2026-03-09T23:51:34Z finished-at=2026-03-09T23:51:43Z
time=2026-03-09T23:51:43.694Z level=INFO msg="Executing root dag-run" dag=FisgonTaskSelenium run-id=019cd503-854c-77f0-ba94-3783819380c1 params=""
time=2026-03-09T23:51:43.707Z level=INFO msg="DAG run started" name=FisgonTaskSelenium run-id=019cd503-854c-77f0-ba94-3783819380c1 attempt-id="" dag=FisgonTaskSelenium run-id=019cd503-854c-77f0-ba94-3783819380c1 params="[TARGET_CITY=Almeria TARGET_SCRAPER=RedBibliotecas 3=DAGU_BASE_URL=]"
time=2026-03-09T23:51:43.710Z level=INFO msg="Step started" name=FisgonTaskSelenium run-id=019cd503-854c-77f0-ba94-3783819380c1 attempt-id="" dag=FisgonTaskSelenium run-id=019cd503-854c-77f0-ba94-3783819380c1 step=tarea_1
time=2026-03-09T23:51:51.648Z level=INFO msg="DAG run finished" name=FisgonTaskSelenium run-id=019cd503-854c-77f0-ba94-3783819380c1 attempt-id="" dag=FisgonTaskSelenium run-id=019cd503-854c-77f0-ba94-3783819380c1 status=succeeded started-at=2026-03-09T23:51:43Z finished-at=2026-03-09T23:51:51Z
time=2026-03-09T23:51:51.692Z level=INFO msg="Executing root dag-run" dag=FisgonTaskSelenium run-id=019cd503-a489-7f30-9461-576559cff0b8 params=""
time=2026-03-09T23:51:51.705Z level=INFO msg="DAG run started" name=FisgonTaskSelenium run-id=019cd503-a489-7f30-9461-576559cff0b8 attempt-id="" dag=FisgonTaskSelenium run-id=019cd503-a489-7f30-9461-576559cff0b8 params="[TARGET_CITY=Almeria TARGET_SCRAPER=SalaEmma 3=DAGU_BASE_URL=]"
time=2026-03-09T23:51:51.708Z level=INFO msg="Step started" name=FisgonTaskSelenium run-id=019cd503-a489-7f30-9461-576559cff0b8 attempt-id="" dag=FisgonTaskSelenium run-id=019cd503-a489-7f30-9461-576559cff0b8 step=tarea_1
time=2026-03-09T23:52:11.029Z level=INFO msg="DAG run finished" name=FisgonTaskSelenium run-id=019cd503-a489-7f30-9461-576559cff0b8 attempt-id="" dag=FisgonTaskSelenium run-id=019cd503-a489-7f30-9461-576559cff0b8 status=succeeded started-at=2026-03-09T23:51:51Z finished-at=2026-03-09T23:52:11Z
