
RUNNING VARS → 
        CITY=Almeria, 

        OPERATION=0,
            CREATE_SESSION=0,
            CLOSE_SESSION=0,
            SESSION=None,
            IMAGES=0,
            GET_SCRAPERS=

        SCRAPER=ClassicJazz
        DAG_RUN_URL=/dags/FisgonTaskSelenium/log?remoteNode=local&step=tarea_1&dagRunId=019cf110-a1d8-7b77-8a98-3387167fc138

Running for Almeria: ClassicJazz
ClassicJazz
RUNNING SESSION =  2026_03_15_10_27_Domingo
Starting WebDriver...
http://localhost:4444/wd/hub
*********************times =1
sleeping 7
Scrolling...
sleeping 1
Getting content
clicking
sleeping 3
sleeping 7
*********************times =2
sleeping 7
Scrolling...
sleeping 1
Getting content
clicking
sleeping 3
sleeping 7
*** SCRAPED 155 URLS WITH EVENTS **
New url events = 8
0 / 8
Getting https://clasijazz.com/evento/st-patrick-day-port-of-spain/
Sleep 4
2026-03-20T18:00:00 2026-03-20T20:30:00
--------------------
{'id': '0fc89900', 'show': 1, 'in_city': 1, 'one_day': 1, 'wrong_date_time': 0, 'event': 'St. Patrick Day', 'slug': 'st-patrick-day', 'category': '__NOT_DEFINIED__', 'id_venue': 'ddgm4gQP', 'venue': 'Port Of Spain', 'std_venue': 'Port Of Spain', 'start_date': '2026-03-20', 'start_time': '18:00:00', 'end_date': '2026-03-20', 'end_time': '20:30:00', 'description': 'Port of Spain | Entrada Libre St. Patrick’s Day en Port of Spain Ven a disfrutar de un rato de buena música, ambiente festivo y espíritu irlandés en Port of Spain. Celebra con nosotros el St. Patrick’s Day con ritmo, energía y buen rollo. Una noche perfecta para reunirse con amigos, brindar y dejarse llevar por la música.', 'others': {'price': '__NOT_DEFINIED__', 'category': 'Programación', 'location_url': 'https://clasijazz.com/local/port-of-spain/', 'location': 'Parque Nicolás Salmeron 20, Almería'}, 'source': 'ClassicJazz', 'exec_time': '20260315T103530', 'session': '2026_03_15_10_27_Domingo', 'image': 'https://clasijazz.com/wp-content/uploads/2026/03/festa-di-san-patrizio.jpg', 'url': 'https://clasijazz.com/evento/st-patrick-day-port-of-spain/'}
1 / 8
Getting https://clasijazz.com/evento/festival-de-primavera/
Sleep 4
2026-03-26T19:00:00 2026-03-26T21:00:00
--------------------
{'id': 'cfc2f8bb', 'show': 1, 'in_city': 1, 'one_day': 1, 'wrong_date_time': 0, 'event': 'Festival De Primavera', 'slug': 'festival-de-primavera', 'category': '__NOT_DEFINIED__', 'id_venue': 'Q6b6LRjT', 'venue': 'Sede Clasijazz', 'std_venue': 'Clasijazz', 'start_date': '2026-03-26', 'start_time': '19:00:00', 'end_date': '2026-03-26', 'end_time': '21:00:00', 'description': 'Sala Principal | Entrada Libre', 'others': {'price': '__NOT_DEFINIED__', 'category': 'Programación', 'location_url': 'https://clasijazz.com/local/sede-clasijazz/', 'location': 'Maestro Serrano 9, Almería'}, 'source': 'ClassicJazz', 'exec_time': '20260315T103530', 'session': '2026_03_15_10_27_Domingo', 'image': 'https://clasijazz.com/wp-content/uploads/2026/03/4.jpg', 'url': 'https://clasijazz.com/evento/festival-de-primavera/'}
2 / 8
Getting https://clasijazz.com/evento/magia-de-cerca-muy-de-cerca-port-of-spain-2/
Sleep 4
2026-03-14T18:00:00 2026-03-14T20:00:00
--------------------
{'id': 'a8c2efbc', 'show': 1, 'in_city': 1, 'one_day': 1, 'wrong_date_time': 0, 'event': 'Magia De Cerca, Muy De Cerca', 'slug': 'magia-de-cerca-muy-de-cerca', 'category': '__NOT_DEFINIED__', 'id_venue': 'ddgm4gQP', 'venue': 'Port Of Spain', 'std_venue': 'Port Of Spain', 'start_date': '2026-03-14', 'start_time': '18:00:00', 'end_date': '2026-03-14', 'end_time': '20:00:00', 'description': 'Port of Spain | 7€ NS / 3€ S ENtradas', 'others': {'price': '__NOT_DEFINIED__', 'category': 'Programación', 'location_url': 'https://clasijazz.com/local/port-of-spain/', 'location': 'Parque Nicolás Salmeron 20, Almería'}, 'source': 'ClassicJazz', 'exec_time': '20260315T103530', 'session': '2026_03_15_10_27_Domingo', 'image': 'https://clasijazz.com/wp-content/uploads/2026/03/WhatsApp-Image-2026-03-10-at-14.26.50.jpeg', 'url': 'https://clasijazz.com/evento/magia-de-cerca-muy-de-cerca-port-of-spain-2/'}
3 / 8
Getting https://clasijazz.com/evento/ii-show-literario-entre-libros-y-risas/
Sleep 4
2026-04-22T20:00:00 2026-04-22T21:30:00
--------------------
{'id': '695f2482', 'show': 1, 'in_city': 1, 'one_day': 1, 'wrong_date_time': 0, 'event': 'II Show Literario – Entre Libros Y Risas', 'slug': 'ii-show-literario-entre-libros-y-risas', 'category': '__NOT_DEFINIED__', 'id_venue': 'Q6b6LRjT', 'venue': 'Sede Clasijazz', 'std_venue': 'Clasijazz', 'start_date': '2026-04-22', 'start_time': '20:00:00', 'end_date': '2026-04-22', 'end_time': '21:30:00', 'description': 'Sala Principal | Entrada Libre ¡Vuelve la magia de las letras a Almería! ✍️✨ Te invitamos al II Show Literario: Entre libros y risas, una noche donde la literatura se quita la corbata para disfrutar de un ambiente único. Tendremos de todo: •\u2060 \u2060 Entrega de premios del segundo certamen literario. •\u2060 \u2060 Encuentro con escritores almerienses de ayer y hoy. •\u2060 \u2060 Stand de nuestra librería colaboradora. ¿Dónde? En Clasijazz (@clasijazz). ¿Cuándo? 22 de abril. Hora: 20:00 h. Organizado por USTEA Enseñanza Almería. ¡No dejes que te lo cuenten, ven a vivirlo! #CulturaAlmeria #Literatura #Clasijazz #USTEA #ShowLiterario #AlmeriaEventos', 'others': {'price': '__NOT_DEFINIED__', 'category': 'Programación', 'location_url': 'https://clasijazz.com/local/sede-clasijazz/', 'location': 'Maestro Serrano 9, Almería'}, 'source': 'ClassicJazz', 'exec_time': '20260315T103530', 'session': '2026_03_15_10_27_Domingo', 'image': 'https://clasijazz.com/wp-content/uploads/2026/03/IMG-20260311-WA0006.jpg', 'url': 'https://clasijazz.com/evento/ii-show-literario-entre-libros-y-risas/'}
4 / 8
Getting https://clasijazz.com/evento/pepe-cespedes-y-alvarito-2/
Sleep 4
2026-04-17T20:00:00 2026-04-17T21:30:00
--------------------
{'id': '3b98cc57', 'show': 1, 'in_city': 1, 'one_day': 1, 'wrong_date_time': 0, 'event': 'Pepe Céspedes Y Alvarito', 'slug': 'pepe-cespedes-y-alvarito', 'category': '__NOT_DEFINIED__', 'id_venue': 'Q6b6LRjT', 'venue': 'Sede Clasijazz', 'std_venue': 'Clasijazz', 'start_date': '2026-04-17', 'start_time': '20:00:00', 'end_date': '2026-04-17', 'end_time': '21:30:00', 'description': '12 € NS / 5 € S Sala Principal Pepe Céspedes y Alvarito regresan al Clasijazz para volver a llenar la sala de carcajadas con sus hilarantes sketches y monólogos. Si la última vez te lo perdiste… Esta es tu ocasión!', 'others': {'price': '5,00€ – 12,00€', 'category': 'Programación', 'location_url': 'https://clasijazz.com/local/sede-clasijazz/', 'location': 'Maestro Serrano 9, Almería'}, 'source': 'ClassicJazz', 'exec_time': '20260315T103530', 'session': '2026_03_15_10_27_Domingo', 'image': 'https://clasijazz.com/wp-content/uploads/2026/03/e2ca425d-fd83-40f5-8e81-60a51507faf8.jpg', 'url': 'https://clasijazz.com/evento/pepe-cespedes-y-alvarito-2/'}
5 / 8
Getting https://clasijazz.com/evento/anaut/
Sleep 4
2026-05-01T22:00:00 2026-05-01T23:30:00
--------------------
{'id': '454016fe', 'show': 1, 'in_city': 1, 'one_day': 1, 'wrong_date_time': 0, 'event': 'Anaut', 'slug': 'anaut', 'category': '__NOT_DEFINIED__', 'id_venue': 'Q6b6LRjT', 'venue': 'Sede Clasijazz', 'std_venue': 'Clasijazz', 'start_date': '2026-05-01', 'start_time': '22:00:00', 'end_date': '2026-05-01', 'end_time': '23:30:00', 'description': 'Sala Principal | 15€ NS / 7€ S Biografía ANAUT nace en 2013 en Ámsterdam durante los estudios de Alberto Anaut en el Conservatorium van Amsterdam. Ese mismo año publica su primer disco, “140”, que logra financiarse mediante micro-mecenazgo. El título hace referencia al número de personas que hicieron posible el proyecto. Acompañado por otros siete músicos procedentes de Ámsterdam, Palermo, Pamplona, Barcelona y Toledo, la banda presenta el disco en la Sala Caracol, agotando todas las entradas. Posteriormente realizan una gira por España durante los dos años siguientes. Antes de lanzar su segundo disco, publican un single en vinilo de siete pulgadas que incluye su tema más popular, “When Your Days Grow Long”, que acumula más de 1,6 millones de reproducciones en Spotify. En la cara B se incluye una versión del tema Black Is Black, interpretado originalmente por Los Bravos. Su segundo LP, “Time Goes On” (2016), se presenta en la Sala Joy Eslava, agotando también todas las localidades para esa noche. “Time Goes On” obtiene varios reconocimientos: Premio Pop Eye al Mejor Artista de Música Negra. Premios MIN al Mejor Disco de Músicas del Mundo. Premio Franklin de la revista Enlace Funk al mejor cantante masculino para Alberto Anaut. La banda participa además en el programa Girando Por Salas, realizando una extensa gira durante los dos años siguientes. En este LP colaboran artistas como el armonicista Antonio Serrano y el cantante y multiinstrumentista residente en Nueva Orleans, Jon Cleary. El tercer LP, titulado “Hello There”, llega en 2018. Se presenta en el Teatro Barceló y la gira por España se prolonga durante los tres años siguientes. La banda es además seleccionada para el programa Artistas en Ruta AIE. En estos álbumes —“140”, “Time Goes On” y “Hello There”— ANAUT explora la conexión entre la música soul, la americana y el pop, desarrollando un sonido propio influenciado por la tradición de la música negra y el rock de raíz. https://www.rtve.es/play/videos/los-conciertos-de-radio-3-en-la-2/anaut/16642421/', 'others': {'price': '7,00€ – 15,00€', 'category': 'Programación', 'location_url': 'https://clasijazz.com/local/sede-clasijazz/', 'location': 'Maestro Serrano 9, Almería'}, 'source': 'ClassicJazz', 'exec_time': '20260315T103530', 'session': '2026_03_15_10_27_Domingo', 'image': 'https://clasijazz.com/wp-content/uploads/2026/03/Foto-de-Jaime-Lahoz-Horizontal.jpg-scaled.jpeg', 'url': 'https://clasijazz.com/evento/anaut/'}
6 / 8
Getting https://clasijazz.com/evento/st-patrick-los-catopuma-port-of-spain/
Sleep 4
2026-03-20T18:00:00 2026-03-20T22:00:00
--------------------
{'id': '8d014a58', 'show': 1, 'in_city': 1, 'one_day': 1, 'wrong_date_time': 0, 'event': 'Los Catopuma', 'slug': 'los-catopuma', 'category': '__NOT_DEFINIED__', 'id_venue': 'ddgm4gQP', 'venue': 'Port Of Spain', 'std_venue': 'Port Of Spain', 'start_date': '2026-03-20', 'start_time': '18:00:00', 'end_date': '2026-03-20', 'end_time': '22:00:00', 'description': '10€ NS / 3€ S | Port of Spain Entradas Celebra St Patrick, con música irlandesa y actuación de Los Catopuma. Los Catopuma. Desde 2013, está banda almeriense recorre algunos de los mejores clásicos de la música anglosajona desde Johnny Cash, Elvis, Dylan, The Band o Rolling Stones; en su mayoría canciones de gente muerta. Al mismo tiempo incorporan un porcentaje variable de temas propios muy en la línea de los anteriores. Los Catopuma serán: Abelardo, guitarra y voz; Ignacio Carasa, bajo; Miguel Ángel Fernández, teclados; José Luis Gayo, batería.', 'others': {'price': '__NOT_DEFINIED__', 'category': 'Programación', 'location_url': 'https://clasijazz.com/local/port-of-spain/', 'location': 'Parque Nicolás Salmeron 20, Almería'}, 'source': 'ClassicJazz', 'exec_time': '20260315T103530', 'session': '2026_03_15_10_27_Domingo', 'image': 'https://clasijazz.com/wp-content/uploads/2026/03/WhatsApp-Image-2026-03-10-at-17.20.58.jpeg', 'url': 'https://clasijazz.com/evento/st-patrick-los-catopuma-port-of-spain/'}
7 / 8
Getting https://clasijazz.com/evento/combo-park-jazztabien-port-of-spain/
Sleep 4
2026-03-27T21:30:00 2026-03-27T23:00:00
--------------------
{'id': '6f5570c3', 'show': 1, 'in_city': 1, 'one_day': 1, 'wrong_date_time': 0, 'event': 'Combo Park+ Jazztabien!', 'slug': 'combo-park-jazztabien', 'category': '__NOT_DEFINIED__', 'id_venue': 'ddgm4gQP', 'venue': 'Port Of Spain', 'std_venue': 'Port Of Spain', 'start_date': '2026-03-27', 'start_time': '21:30:00', 'end_date': '2026-03-27', 'end_time': '23:00:00', 'description': 'Port of Spain | Entrada Libre', 'others': {'price': '__NOT_DEFINIED__', 'category': 'Programación', 'location_url': 'https://clasijazz.com/local/port-of-spain/', 'location': 'Parque Nicolás Salmeron 20, Almería'}, 'source': 'ClassicJazz', 'exec_time': '20260315T103530', 'session': '2026_03_15_10_27_Domingo', 'image': 'https://clasijazz.com/wp-content/uploads/2026/03/5c499731-278a-45bd-a61f-766c40a54ac8.jpg', 'url': 'https://clasijazz.com/evento/combo-park-jazztabien-port-of-spain/'}
****************************
Saving 8 new events
Saving in  /home/ubuntu/data_storage/Almeria/2026_03_15_10_27_Domingo/0_raw/20260315_1035_ClassicJazz.json
Saving 8 master url
Appending to  /home/ubuntu/data_storage/Almeria/00_master/master_url.json
