
RUNNING VARS → 
        CITY=Almeria, 

        OPERATION=0,
            CREATE_SESSION=0,
            CLOSE_SESSION=0,
            SESSION=None,
            IMAGES=0,
            GET_SCRAPERS=

        SCRAPER=TodasLasEntradas
        DAG_RUN_URL=/dags/FisgonTaskSelenium/log?remoteNode=local&step=tarea_1&dagRunId=019cb305-1634-7255-a5d6-f3c806685cf6

Running for Almeria: TodasLasEntradas
TodasLasEntradas
RUNNING SESSION =  2026_03_03_09_15_Martes
Starting WebDriver...
http://localhost:4444/wd/hub
Getting content
*** SCRAPED 18 URLS WITH EVENTS **
New url events = 0
#######################
No new urls/events extracted. No new events to save
#######################
