
RUNNING VARS → 
        CITY=Almeria, 

        OPERATION=0,
            CREATE_SESSION=0,
            CLOSE_SESSION=0,
            SESSION=None,
            IMAGES=0,
            GET_SCRAPERS=

        SCRAPER=KuverProducciones
        DAG_RUN_URL=/dags/FisgonTaskRequest/log?remoteNode=local&step=tarea_1&dagRunId=019d3184-15b3-7724-be88-3119cca3bae8

Running for Almeria: KuverProducciones
KuverProducciones
Creating rawfolder...
RUNNING SESSION =  2026_03_27_22_57_Viernes
Getting https://kuverproducciones.com/proximos-eventos/
Sleep 1
*** SCRAPED 57 URLS WITH EVENTS **
New url events = 2
0 / 2
Getting https://kuverproducciones.com/evento/hipnosis-en-vivo-divertida-show-aryel-altamar/
Sleep 4
--------------------
{'id': 'c8e29b04', 'show': 1, 'in_city': 1, 'one_day': 1, 'wrong_date_time': 0, 'event': 'Hipnotista', 'slug': 'hipnotista', 'category': '__NOT_DEFINIED__', 'id_venue': 'DgpfFbPt', 'venue': 'Teatro Cervantes de Almería', 'std_venue': 'Teatro Cervantes', 'start_date': '2026-05-16', 'start_time': '19:00:00', 'end_date': '__NOT_DEFINIED__', 'end_time': '__NOT_DEFINIED__', 'description': 'El Hipnotista es un show donde la risa y el poder de la mente se encuentran en el mismo escenario. Vivir la Hipnosis nunca fue tan divertido. Los voluntarios del público que lo deseen se convertirán en las auténticas estrellas del espectáculo, protagonizando las situaciones más disparatadas. Y todo dentro de un ambiente lleno de buen rollo y, sobre todo, de respeto. Podrás ser hipnotizado o disfrutar desde tu butaca del asombroso poder de la mente humana. Aryel Altamar no es un mentalista más. Es el artista que está redefiniendo el Mentalismo y la Hipnosis con espectáculos únicos, aclamados por el público y la crítica. Con millones de seguidores y un talento descomunal, ha convertido cada función en una experiencia inolvidable. Su participación en El Circo del Sol con su show The Illusionist 2.0, le ha valido el reconocimiento internacional y le ha catapultado hacia una gira fulgurante visitando los recintos más exclusivos del mundo.', 'others': '__NOT_DEFINIED__', 'source': 'KuverProducciones', 'exec_time': '20260327T225714', 'session': '2026_03_27_22_57_Viernes', 'image': '__NOT_FOUND__', 'url': 'https://kuverproducciones.com/evento/hipnosis-en-vivo-divertida-show-aryel-altamar/'}
1 / 2
Getting https://kuverproducciones.com/evento/el-fantasma-de-mi-mujer-almeria-maria-ripoll/
Sleep 4
--------------------
{'id': '340628f9', 'show': 1, 'in_city': 1, 'one_day': 1, 'wrong_date_time': 0, 'event': 'Encuentro Con Directores – El Fantasma De Mi Mujer', 'slug': 'encuentro-con-directores-el-fantasma-de-mi-mujer', 'category': '__NOT_DEFINIED__', 'id_venue': 'DgpfFbPt', 'venue': 'Teatro Cervantes de Almería', 'std_venue': 'Teatro Cervantes', 'start_date': '2026-04-13', 'start_time': '20:00:00', 'end_date': '__NOT_DEFINIED__', 'end_time': '__NOT_DEFINIED__', 'description': 'Fundación Unicaja celebra una nueva sesión de su ciclo ‘Encuentros con Directores de Cine’ que recibe el próximo lunes 13 de Abril a la directora María Ripoll y su película ‘El Fantasma de mi Mujer’. La proyección y posterior coloquio con el público tendrá lugar a las 20:00 horas en el Teatro Cervantes de Almería con entrada libre hasta completar aforo. La película española «El fantasma de mi mujer», estrenada el 20 de febrero de 2026. Se trata de una comedia negra de enredo con elementos criminales y una puesta en escena que busca la atemporalidad, recordando a las comedias clásicas de Hollywood.', 'others': '__NOT_DEFINIED__', 'source': 'KuverProducciones', 'exec_time': '20260327T225714', 'session': '2026_03_27_22_57_Viernes', 'image': '__NOT_FOUND__', 'url': 'https://kuverproducciones.com/evento/el-fantasma-de-mi-mujer-almeria-maria-ripoll/'}
****************************
Saving 2 new events
Saving in  /home/ubuntu/data_storage/Almeria/2026_03_27_22_57_Viernes/0_raw/20260327_2257_KuverProducciones.json
Saving 2 master url
Appending to  /home/ubuntu/data_storage/Almeria/00_master/master_url.json
