
RUNNING VARS → 
        CITY=Almeria, 

        OPERATION=0,
            CREATE_SESSION=0,
            CLOSE_SESSION=0,
            SESSION=None,
            IMAGES=0,
            GET_SCRAPERS=

        SCRAPER=TodasLasEntradas
        DAG_RUN_URL=/dags/FisgonTaskSelenium/log?remoteNode=local&step=tarea_1&dagRunId=019d1be4-8238-7a49-bd83-6f57a6429418

Running for Almeria: TodasLasEntradas
TodasLasEntradas
RUNNING SESSION =  2026_03_23_18_03_Lunes
Starting WebDriver...
http://localhost:4444/wd/hub
Getting content
*** SCRAPED 11 URLS WITH EVENTS **
New url events = 0
#######################
No new urls/events extracted. No new events to save
#######################
