
RUNNING VARS → 
        CITY=Jaen, 

        OPERATION=0,
            CREATE_SESSION=0,
            CLOSE_SESSION=0,
            SESSION=None,
            IMAGES=0,
            GET_SCRAPERS=

        SCRAPER=JuntaAndaluciaAgenda
        DAG_RUN_URL=/dags/FisgonTaskSelenium/log?remoteNode=local&step=tarea_1&dagRunId=019c27e8-192f-7d18-87a3-5bfc0ca584ad

Running for Jaen: JuntaAndaluciaAgenda
JuntaAndaluciaAgenda
RUNNING SESSION =  2026_02_04_09_04_Miercoles
Starting WebDriver...
http://localhost:4444/wd/hub
******
css selector
.view-display-id-page_search_activities > ul:nth-child(3) > li:nth-child(1) > a:nth-child(1)
clicking
sleeping 3
Scrolling...
sleeping 1
sleeping 7
******
css selector
.view-display-id-page_search_activities > ul:nth-child(3) > li:nth-child(1) > a:nth-child(1)
clicking
sleeping 3
Scrolling...
sleeping 1
sleeping 7
******
css selector
.view-display-id-page_search_activities > ul:nth-child(3) > li:nth-child(1) > a:nth-child(1)
clicking
sleeping 3
Scrolling...
sleeping 1
sleeping 7
******
css selector
.view-display-id-page_search_activities > ul:nth-child(3) > li:nth-child(1) > a:nth-child(1)
.view-display-id-page_search_activities > ul:nth-child(3) > li:nth-child(1) > a:nth-child(1) Not found
Getting content
*** SCRAPED 45 URLS WITH EVENTS **
New url events = 45
0 / 45
Getting https://www.juntadeandalucia.es/cultura/agendaculturaldeandalucia/evento/madre-caballo-de-antonio-onetti-2
Sleep 4
--------------------
{'id': '7e626ba6', 'show': 1, 'in_city': 1, 'one_day': 1, 'wrong_date_time': 1, 'event': '"Madre Caballo", de Antonio Onetti', 'id_venue': '410590a8', 'venue': 'Museo Arqueológico de Úbeda', 'std_venue': 'Museo Arqueológico', 'start_date': '2026-02-26', 'start_time': '__NOT_FOUND__', 'end_date': '2026-02-26', 'end_time': '__NOT_DEFINIED__', 'description': '#clublecturatextosdarmaticos en el Museo Arqueológico de Úbeda (Jaén) , y de la mano de Nati Villar , autora y directora. En colaboración con la Escuela Municipal de Teatro " Ricardo Iniesta " de Úbeda . Este mes se comentará la obra Madre Caballo , de Antonio Onetti , guionista de cine y televisión, dramaturgo, director de escena y profesor de dramaturgia. Desde el 30 de abril de 2020 está al frente de la Sociedad General de Autores y Editores (SGAE). Un fiel reflejo del problema de la droga y del sacrificio de una madre por sacar a su hijo de ese mundo. Esta obra fue llevada a escena por el Centro Andaluz de Teatro en 1997. Actividad #leeteatro en el marco de la programación cultural del CIRAE, #elcentroAescena.', 'others': {'location_url': '/cultura/agendaculturaldeandalucia/espacios/museo-arqueologico-de-ubeda', 'location2': 'Museo Arqueológico de Úbeda', 'duration': '__NOT_FOUND__', 'datetime_details': '26 de Febrero del 2026, De 18:00 a 19:30h\n', 'town': '__NOT_FOUND__', 'location': 'Casa Mudéjar. Calle Cervantes , 6, Úbeda. Jaén', 'duration_days': '__NOT_FOUND__'}, 'source': 'JuntaAndaluciaAgenda', 'exec_time': '20260204T090728', 'session': '2026_02_04_09_04_Miercoles', 'image': '/cultura/agendaculturaldeandalucia/sites/default/files/styles/header_activity_ext_2xl/public/external_images/Madre%2520Caballo%2520%25C3%259Abedarrss.jpg.webp?itok=xnXEgTuJ', 'url': 'https://www.juntadeandalucia.es/cultura/agendaculturaldeandalucia/evento/madre-caballo-de-antonio-onetti-2'}
1 / 45
Getting https://www.juntadeandalucia.es/cultura/agendaculturaldeandalucia/evento/andalucia-sinfonica-la-orquesta-ciudad-de-granada-en-ubeda
Sleep 4
--------------------
{'id': '45bc8bb4', 'show': 1, 'in_city': 0, 'one_day': 1, 'wrong_date_time': 0, 'event': 'Andalucía Sinfónica: la Orquesta Ciudad de Granada en Úbeda', 'id_venue': None, 'venue': 'Auditorio del centro Cultural Hospital de Santiago', 'std_venue': None, 'start_date': '2026-05-28', 'start_time': '21:30:00', 'end_date': '2026-05-28', 'end_time': '__NOT_DEFINIED__', 'description': "El programa 'Andalucía Sinfónica' se llevará desde septiembre de 2025 y hasta junio de 2026 y consiste en una gira de conciertos por la comunidad andaluza de las siguientes orquestas institucionales: Orquesta de Córdoba Orquesta Ciudad de Granada Orquesta Filarmónica de Málaga Real Orquesta Sinfónica de Sevilla Almería, Cádiz, Huelva, Jaén, Roquetas de Mar, El Ejido, Linares, Úbeda, Baeza y Jerez de la Frontera serán escenarios de esta gira cuyo fin es dar visibilidad y difusión a la música sinfónica andaluza entre la mayor población posible. Jueves 28 de mayo de 2026 Auditorio del Hospital de Santiago, 21.30h- ÚBEDA (Jaén) FESTIVAL INTERNACIONALDE MÚSICA Y DANZA DE ÚBEDA Programa: DEL NUEVO MUNDO Samuel BARBER Concierto para violín, op. 14 Antonín DVOŘÁK Sinfonía núm. 9 en Mi menor, op. 95, B 178, “Del nuevo mundo” FRANCESCA DEGO violín Director: LUCAS MACÍAS", 'others': {'location_url': '/cultura/agendaculturaldeandalucia/espacios/auditorio-del-centro-cultural-hospital-de-santiago', 'location2': 'Orquesta de Córdoba Orquesta Ciudad de Granada Orquesta Filarmónica de Málaga Real Orquesta Sinfónica de Sevilla Auditorio del centro Cultural Hospital de Santiago', 'duration': '__NOT_FOUND__', 'datetime_details': '28 de Mayo del 2026, 21:30 horas', 'town': '__NOT_FOUND__', 'location': 'Obispo Cobos, 28, Úbeda. Jaén', 'duration_days': '__NOT_FOUND__'}, 'source': 'JuntaAndaluciaAgenda', 'exec_time': '20260204T090728', 'session': '2026_02_04_09_04_Miercoles', 'image': '/cultura/agendaculturaldeandalucia/sites/default/files/styles/header_activity_ext_2xl/public/2025-09/AS_posts_general_16_9.jpg.webp?itok=anC0h2_s', 'url': 'https://www.juntadeandalucia.es/cultura/agendaculturaldeandalucia/evento/andalucia-sinfonica-la-orquesta-ciudad-de-granada-en-ubeda'}
2 / 45
Getting https://www.juntadeandalucia.es/cultura/agendaculturaldeandalucia/evento/jaen-encuentro-en-el-museo-ibero-con-marga-sanchez-romero
Sleep 4
--------------------
{'id': '760bea5f', 'show': 1, 'in_city': 1, 'one_day': 1, 'wrong_date_time': 0, 'event': 'Jaén. Encuentro en el Museo Íbero con Marga Sánchez Romero', 'id_venue': 'adb81775', 'venue': 'Museo Ibero de Jaén', 'std_venue': 'Museo Ibero de Jaén', 'start_date': '2026-02-10', 'start_time': '19:00:00', 'end_date': '2026-02-10', 'end_time': '__NOT_DEFINIED__', 'description': 'El Centro Andaluz de las Letras organiza una nueva actividad del ciclo Encuentros en el Museo Íbero de Jaén . En esta ocasión, la catedrática de Prehistoria, investigadora y divulgadora cultural Marga Sánchez Romero disertará sobre "Cuerpos en piedra. Historia de carne .... y huesos". Tomando como referencia una pieza de la colección del Museo catalogada como Danza Bastetana o Relieve con una familia ibérica (S. I-II s- C) , procedente del santuario de las Atalayuelas del municipio de Fuerte del Rey, la autora nos trasladará su visión literaria y personal de uno de los elementos más relevantes de este yacimiento. Marga Sánchez Romero es catedrática de Prehistoria, divulgadora y vicerrectora de Extensión Universitaria, Patrimonio y Relaciones Institucionales en la Universidad de Granada. Ha centrado su interés investigador en reivindicar la importancia del papel de las mujeres y la infancia en las sociedades prehistóricas. La actividad, que tiene entrada gratuita hasta completar el aforo, será el martes 10 de febrero , en el Museo Íbero de Jaén (paseo de la Estación, 1), a partir de las 19.00 horas. Foto de Miguel Ángel Molina', 'others': {'location_url': '/cultura/agendaculturaldeandalucia/espacios/museo-ibero-de-jaen-0', 'location2': 'Museo Ibero de Jaén', 'duration': '__NOT_FOUND__', 'datetime_details': '10 de Febrero del 2026, 19:00\n', 'town': '__NOT_FOUND__', 'location': 'Paseo de la Estación 41, Jaén. Jaén', 'duration_days': '__NOT_FOUND__'}, 'source': 'JuntaAndaluciaAgenda', 'exec_time': '20260204T090728', 'session': '2026_02_04_09_04_Miercoles', 'image': '/cultura/agendaculturaldeandalucia/sites/default/files/styles/header_activity_ext_2xl/public/external_images/margasanchezromeromiguelngelmolina.jpg.webp?itok=XeyoQWmG', 'url': 'https://www.juntadeandalucia.es/cultura/agendaculturaldeandalucia/evento/jaen-encuentro-en-el-museo-ibero-con-marga-sanchez-romero'}
3 / 45
Getting https://www.juntadeandalucia.es/cultura/agendaculturaldeandalucia/evento/jose-luis-calero-humorista-de-guardia-en-cazorla
Sleep 4
--------------------
{'id': 'ca9b5318', 'show': 1, 'in_city': 0, 'one_day': 1, 'wrong_date_time': 0, 'event': 'José Luis Calero. Humorista de guardia, en Cazorla', 'id_venue': None, 'venue': 'Teatro de la Merced de Cazorla', 'std_venue': None, 'start_date': '2026-09-12', 'start_time': '21:00:00', 'end_date': '2026-09-12', 'end_time': '__NOT_DEFINIED__', 'description': 'Tras el gran éxito cosechado en sus anteriores giras nacionales con Mi gran noche de humor y Vivir Así es Morir de Humor , José Luis Calero vuelve de nuevo a los escenarios con su nuevo espectáculo HUMORISTA DE GUARDIA Con más de 1 millón y medio de seguidores y vídeos que han llegado a alcanzar los 12 millones de visualizaciones, además de ser un rostro habitual en programas de Telecinco o Canal Sur Radio, el humorista andaluz llega a los teatros para contarle al público su alocada y surrealista vida repleta de anécdotas y disparates. Una vida llena de comedia y de situaciones cotidianas que te hará sentir fielmente reflejado y que te obligará a decir frases como: "Y es verdad..." "esa es mi madre" o "eso me ha pasado a mi"... HUMORISTA DE GUARDIA. En nuestros días, los problemas son protagonistas en nuestras vidas. Problemas de trabajo, problemas familiares, problemas económicos y, lo que es peor, problemas de salud. Por todo esto, el joven humorista andaluz piensa que hoy más que nunca, el público necesita un humorista de guardia.', 'others': {'location_url': '/cultura/agendaculturaldeandalucia/espacios/teatro-de-la-merced-de-cazorla', 'location2': 'Más información de José Luis Calero en Facebook Más información de José Luis Calero en Instagram Más información de José Luis Calero en TikTok Más información de José Luis Calero en Twitter Teatro de la Merced de Cazorla', 'duration': '__NOT_FOUND__', 'datetime_details': '12 de Septiembre del 2026, 21:00 horas', 'town': '__NOT_FOUND__', 'location': 'C/ Francisco Martínez, 1, Cazorla. Jaén', 'duration_days': '__NOT_FOUND__'}, 'source': 'JuntaAndaluciaAgenda', 'exec_time': '20260204T090728', 'session': '2026_02_04_09_04_Miercoles', 'image': '/cultura/agendaculturaldeandalucia/sites/default/files/styles/header_activity_ext_2xl/public/2025-01/calero_general.png.webp?itok=9o-UFOXN', 'url': 'https://www.juntadeandalucia.es/cultura/agendaculturaldeandalucia/evento/jose-luis-calero-humorista-de-guardia-en-cazorla'}
4 / 45
Getting https://www.juntadeandalucia.es/cultura/agendaculturaldeandalucia/evento/stereo-linares-underground-2026
Sleep 4
--------------------
{'id': '33041979', 'show': 1, 'in_city': 0, 'one_day': 0, 'wrong_date_time': 1, 'event': 'Stereo Linares Underground 2026', 'id_venue': None, 'venue': 'Varios lugares en el municipio, Linares, Jaén', 'std_venue': None, 'start_date': '2026-01-31', 'start_time': '__NOT_FOUND__', 'end_date': '2026-07-18', 'end_time': '__NOT_DEFINIED__', 'description': '¡Llega Stereo 2026 a Linares! Música en directo de enero a julio. Stereo 2026: Linares Underground se presenta como una cita imprescindible que impulsará la escena cultural de Linares (Jaén) durante medio año. El ciclo dará comienzo el 31 de enero y se prolongará hasta el 18 de julio. El festival propone dos líneas de programación —Días en Acústico y Días en Eléctrico— para abarcar una gran variedad de sonoridades y estilos. Días en Acústico La modalidad acústica reúne a artistas de primer nivel, entre ellos: José Ignacio Lapido La Bien Querida Los Planetas Mawlid (con Antonio Arias) Franz Bauer (con Paco Román, de Neuman) Apartamentos Acapulco Juana Lennon Teresa Mood Días en Eléctrico Para quienes prefieren propuestas más intensas, la parte eléctrica contará con: D’órdago Baptisterio DJS Ángel Stanich Shidow Roswell Srta. Trueno Negro Enrique Octavo Carlitos Hojas Santana Motor María Calaveras DJ', 'others': {'location_url': '/cultura/agendaculturaldeandalucia/espacios/varios-lugares-en-el-municipio-linares-jaen', 'location2': 'Varios lugares en el municipio, Linares, Jaén', 'duration': '__NOT_FOUND__', 'datetime_details': '31 de Enero del 2026 - 18 de Julio del 2026', 'town': '__NOT_FOUND__', 'location': ', Linares. Jaén', 'duration_days': '__NOT_FOUND__'}, 'source': 'JuntaAndaluciaAgenda', 'exec_time': '20260204T090728', 'session': '2026_02_04_09_04_Miercoles', 'image': '/cultura/agendaculturaldeandalucia/sites/default/files/styles/header_activity_ext_2xl/public/2025-11/stereo.png.webp?itok=IaAr1yZt', 'url': 'https://www.juntadeandalucia.es/cultura/agendaculturaldeandalucia/evento/stereo-linares-underground-2026'}
5 / 45
Getting https://www.juntadeandalucia.es/cultura/agendaculturaldeandalucia/evento/dona-rosita-la-soltera-de-federico-garcia-lorca-0
Sleep 4
--------------------
{'id': '8f7fa091', 'show': 1, 'in_city': 1, 'one_day': 1, 'wrong_date_time': 1, 'event': '"Doña Rosita la soltera", de Federico García Lorca', 'id_venue': 'b2bab125', 'venue': 'Biblioteca Pública Provincial de Jaén', 'std_venue': 'Biblioteca Pública Provincial', 'start_date': '2026-02-18', 'start_time': '__NOT_FOUND__', 'end_date': '2026-02-18', 'end_time': '__NOT_DEFINIED__', 'description': '#clublecturatextosdramaticos en colaboración con la Biblioteca Pública Provincial de Jaén y coordinado por la directora y autora dramática Lola Vico . El texto escogido para este mes es Doña Rosita la soltera , de Federico García Lorca . Es su última obra estrenada en vida, el 13 de diciembre de 1935, y narra los pesares de una chica provinciana, doña Rosita, que se ve abocada por las circunstancias laborales de su novio a separarse de él. Ella mantiene su amor intacto gracias a las cartas de amor que le llegan periódicamente de su amado. Poco a poco esas cartas van distanciándose en el tiempo, hasta el día en que recibe una con la ruptura definitiva de su relación, ya que su novio se ha casado con otra. Como comentaba el propio Lorca: “Doña Rosita es la vida mansa por fuera y requemada por dentro de una doncella granadina, que poco a poco se va convirtiendo en esa cosa grotesca y conmovedora que es una soltera en España”. Actividad #leeteatro en el marco de la programación cultural mensual del CIRAE #elcentroAescena.', 'others': {'location_url': '/cultura/agendaculturaldeandalucia/espacios/biblioteca-publica-provincial-de-jaen', 'location2': 'Biblioteca Pública Provincial de Jaén', 'duration': '__NOT_FOUND__', 'datetime_details': '18 de Febrero del 2026, De 18:30 a 20:00h\n', 'town': '__NOT_FOUND__', 'location': 'C/ Santo Reino, 1, Jaén. Jaén', 'duration_days': '__NOT_FOUND__'}, 'source': 'JuntaAndaluciaAgenda', 'exec_time': '20260204T090728', 'session': '2026_02_04_09_04_Miercoles', 'image': '/cultura/agendaculturaldeandalucia/sites/default/files/styles/header_activity_ext_2xl/public/external_images/dO%25C3%2591A%2520ROSITA%2520Cl%2520Ja%25C3%25A9n.jpg.webp?itok=5Eh9ndvV', 'url': 'https://www.juntadeandalucia.es/cultura/agendaculturaldeandalucia/evento/dona-rosita-la-soltera-de-federico-garcia-lorca-0'}
6 / 45
Getting https://www.juntadeandalucia.es/cultura/agendaculturaldeandalucia/evento/comandante-lara-cia-en-martos
Sleep 4
--------------------
{'id': '3eac53fa', 'show': 1, 'in_city': 0, 'one_day': 1, 'wrong_date_time': 1, 'event': 'Comandante Lara & CÍA en Martos', 'id_venue': None, 'venue': 'Teatro Municipal Maestro Álvarez Alonso', 'std_venue': None, 'start_date': '2026-03-28', 'start_time': '__NOT_FOUND__', 'end_date': '2026-03-28', 'end_time': '__NOT_DEFINIED__', 'description': 'Viaje con nosotros con el Comandante Lara & Cía , un viaje lleno de chascarrilos y risas con Vicente Ruidos y Jesús Tapia como personal de cabina. Siéntate en tu asiento y recibirás las instrucciones de seguridad para poder emprender el viaje hacia el país de la carcajada de un modo divertido y fácil. El mejor vuelo de tu vida.', 'others': {'location_url': '/cultura/agendaculturaldeandalucia/espacios/teatro-municipal-maestro-alvarez-alonso', 'location2': 'Teatro Municipal Maestro Álvarez Alonso', 'duration': '__NOT_FOUND__', 'datetime_details': '28 de Marzo del 2026, A las 18:00 y a las 21:00 horas', 'town': '__NOT_FOUND__', 'location': 'Parque Manuel Carrasco, s/n, Martos. Jaén', 'duration_days': '__NOT_FOUND__'}, 'source': 'JuntaAndaluciaAgenda', 'exec_time': '20260204T090728', 'session': '2026_02_04_09_04_Miercoles', 'image': '/cultura/agendaculturaldeandalucia/sites/default/files/styles/header_activity_ext_2xl/public/2026-01/comandante_lara.jpg.webp?itok=dRRcpJmv', 'url': 'https://www.juntadeandalucia.es/cultura/agendaculturaldeandalucia/evento/comandante-lara-cia-en-martos'}
7 / 45
Getting https://www.juntadeandalucia.es/cultura/agendaculturaldeandalucia/evento/credo-linares-cantores-de-hispalis-en-linares
Sleep 4
--------------------
{'id': 'e72aa832', 'show': 1, 'in_city': 0, 'one_day': 1, 'wrong_date_time': 0, 'event': 'Credo Linares - Cantores de Híspalis en Linares', 'id_venue': None, 'venue': 'Plaza de Toros de Linares', 'std_venue': None, 'start_date': '2026-03-21', 'start_time': '20:00:00', 'end_date': '2026-03-21', 'end_time': '__NOT_DEFINIED__', 'description': 'El espectáculo está interpretado por los inconfundibles Cantores de Híspalis, referentes de la música cofrade contemporánea y pioneros en llevar las raíces andaluzas a los grandes escenarios. Su repertorio, profundamente vinculado a la religiosidad popular, se enriquece en esta ocasión con colaboraciones excepcionales que elevan la propuesta artística a un nuevo nivel. Credo , que se completa con un cuidado montaje audiovisual, es una declaración de fe escénica, que emociona tanto al creyente como al amante de la cultura, y que reivindica la vigencia artística de nuestras tradiciones más profundas. Su objetivo no es solo conmover, sino también dignificar la herencia. En este evento participarán la Agrupación Musical La Pasión de Linares, el saetero Manuel Cuevas, M. Ángeles Cruzado, y el pregonero Enrique Casellas.', 'others': {'location_url': '/cultura/agendaculturaldeandalucia/espacios/plaza-de-toros-de-linares', 'location2': 'Sigue las noticias de Cantores de Híspalis en Facebook Sigue las noticias de Cantores de Híspalis en Twitter Sigue las noticias de Cantores de Híspalis en Instagram Plaza de Toros de Linares', 'duration': '__NOT_FOUND__', 'datetime_details': '21 de Marzo del 2026, 20:00 horas', 'town': '__NOT_FOUND__', 'location': ' C. Argüelles, s/n, Linares. Jaén', 'duration_days': '__NOT_FOUND__'}, 'source': 'JuntaAndaluciaAgenda', 'exec_time': '20260204T090728', 'session': '2026_02_04_09_04_Miercoles', 'image': '/cultura/agendaculturaldeandalucia/sites/default/files/styles/header_activity_ext_2xl/public/2025-11/credo_linares.jpg.webp?itok=VurBMWlh', 'url': 'https://www.juntadeandalucia.es/cultura/agendaculturaldeandalucia/evento/credo-linares-cantores-de-hispalis-en-linares'}
8 / 45
Getting https://www.juntadeandalucia.es/cultura/agendaculturaldeandalucia/evento/maestros-de-la-magia-0
Sleep 4
--------------------
{'id': '7359ae6f', 'show': 1, 'in_city': 1, 'one_day': 1, 'wrong_date_time': 0, 'event': 'Maestros de la magia', 'id_venue': '1bb137d9', 'venue': 'Teatro Infanta Leonor', 'std_venue': 'Teatro Infanta Leonor', 'start_date': '2026-03-07', 'start_time': '20:00:00', 'end_date': '2026-03-07', 'end_time': '__NOT_DEFINIED__', 'description': 'Edad recomendada: a partir de 4 años.', 'others': {'location_url': '/cultura/agendaculturaldeandalucia/evento/teatro-infanta-leonor-de-jaen', 'location2': 'Teatro Infanta Leonor', 'duration': '__NOT_FOUND__', 'datetime_details': '07 de Marzo del 2026, 20:00 horas', 'town': '__NOT_FOUND__', 'location': 'C/ Molino de Condesa, s/n, Jaén. Jaén', 'duration_days': '__NOT_FOUND__'}, 'source': 'JuntaAndaluciaAgenda', 'exec_time': '20260204T090728', 'session': '2026_02_04_09_04_Miercoles', 'image': '/cultura/agendaculturaldeandalucia/sites/default/files/styles/header_activity_ext_2xl/public/2026-01/Maestros%20de%20la%20Magia%20-%20Teatro%20Infanta%20Leonor.jpg.webp?itok=jL71WnJ6', 'url': 'https://www.juntadeandalucia.es/cultura/agendaculturaldeandalucia/evento/maestros-de-la-magia-0'}
9 / 45
Getting https://www.juntadeandalucia.es/cultura/agendaculturaldeandalucia/evento/museo-de-jaen-0
Sleep 4
--------------------
{'id': '20105f63', 'show': 1, 'in_city': 0, 'one_day': 1, 'wrong_date_time': 1, 'event': 'Museo de Jaén', 'id_venue': None, 'venue': '__NOT_FOUND__', 'std_venue': None, 'start_date': '__NOT_FOUND__', 'start_time': '__NOT_FOUND__', 'end_date': '__NOT_FOUND__', 'end_time': '__NOT_DEFINIED__', 'description': 'Del 16 de junio al 15 de septiembre Martes a domingo y festivos de 09:00 a 15:00. Lunes cerrado, excepto los lunes víspera de festivo, que abre con horario de festivo. Abierto los siguientes festivos :15 de agosto. Del 16 de septiembre al 15 de junio Martes a sábado de 09:00 a 21:00; domingos y festivos de 09:00 a 15:00. Lunes cerrado, excepto los lunes víspera de festivo, que abre con horario de festivo. Cerrado 1 y 6 de enero, 1 de mayo y 24, 25 y 31 de diciembre Abierto los siguientes festivos : 28 de febrero, 28 y 29 de marzo, 12 de octubre, 1 de noviembre, 6 y 8 de diciembre y el lunes 9 de diciembre, así como los siguientes festivos locales: 11 de junio y 18 de octubre.', 'others': {'location_url': '__NOT_FOUND__', 'location2': 'Paseo de la Estación, 27 Descárguese aquí el folleto informativo de la colección en castellano (1,31 MB, en nueva ventana) Descárguese aquí el folleto informativo de la colección en inglés (1,31 MB, en nueva ventana) Descárguese aquí el folleto informativo de la colección en francés (1,31 MB, en nueva ventana) Descárguese aquí el folleto informativo de la colección en alemán (1,31 MB, en nueva ventana) Descárguese aquí el folleto informativo de la colección en árabe (3,85 MB, en n Descárguese aquí el folleto informativo de la colección en japonés (461 Kb, en n 953 10 13 66 - 600 14 34 52 museojaen.ccul@juntadeandalucia.es Visitar la pagina web', 'duration': '__NOT_FOUND__', 'datetime_details': '__NOT_FOUND__', 'town': '__NOT_FOUND__', 'location': 'Paseo de la Estación, 27, Jaén, Jaén', 'duration_days': '__NOT_FOUND__'}, 'source': 'JuntaAndaluciaAgenda', 'exec_time': '20260204T090728', 'session': '2026_02_04_09_04_Miercoles', 'image': '/cultura/agendaculturaldeandalucia/sites/default/files/styles/header_activity_2xl/public/2024-04/museo_jaen.jpg.webp?itok=f-bZGot6', 'url': 'https://www.juntadeandalucia.es/cultura/agendaculturaldeandalucia/evento/museo-de-jaen-0'}
10 / 45
Getting https://www.juntadeandalucia.es/cultura/agendaculturaldeandalucia/evento/el-brujo-con-comico
Sleep 4
--------------------
{'id': '819d6860', 'show': 1, 'in_city': 0, 'one_day': 1, 'wrong_date_time': 0, 'event': "El Brujo, con 'Cómico'", 'id_venue': None, 'venue': 'Auditorio Municipal de Mengíbar', 'std_venue': None, 'start_date': '2026-03-15', 'start_time': '19:00:00', 'end_date': '2026-03-15', 'end_time': '__NOT_DEFINIED__', 'description': 'Es una propuesta escénica brillante en la que el ingenio, el humor y la palabra se entrelazan de la mano de un maestro absoluto. Un teatro en estado puro, sin artificios, donde El Brujo reflexiona y comparte su particular mirada sobre la vida y el oficio, guiando al público por su larga trayectoria sobre los escenarios y mostrando, como él mismo afirma, “el andamiaje” que sostiene el teatro. Una velada excepcional e irrepetible, pensada para disfrutar, pensar y abandonarse al talento de uno de los grandes nombres del teatro español.', 'others': {'location_url': '/cultura/agendaculturaldeandalucia/espacios/auditorio-municipal-de-mengibar', 'location2': 'Auditorio Municipal de Mengíbar', 'duration': '__NOT_FOUND__', 'datetime_details': '15 de Marzo del 2026, 19:00 horas', 'town': '__NOT_FOUND__', 'location': 'Avenida Francisco Pretel de Gámez, 4 , Mengíbar. Jaén', 'duration_days': '__NOT_FOUND__'}, 'source': 'JuntaAndaluciaAgenda', 'exec_time': '20260204T090728', 'session': '2026_02_04_09_04_Miercoles', 'image': '/cultura/agendaculturaldeandalucia/sites/default/files/styles/header_activity_ext_2xl/public/2026-01/brujo.png.webp?itok=gQaX0sIa', 'url': 'https://www.juntadeandalucia.es/cultura/agendaculturaldeandalucia/evento/el-brujo-con-comico'}
11 / 45
Getting https://www.juntadeandalucia.es/cultura/agendaculturaldeandalucia/evento/flamencos-y-mestizos-ciudad-de-ubeda-0
Sleep 4
--------------------
{'id': 'c6677fe9', 'show': 1, 'in_city': 0, 'one_day': 0, 'wrong_date_time': 1, 'event': 'Flamencos y Mestizos, Ciudad de Úbeda', 'id_venue': None, 'venue': 'Centro Cultural del Hospital de Santiago', 'std_venue': None, 'start_date': '2026-04-24', 'start_time': '__NOT_FOUND__', 'end_date': '2026-05-10', 'end_time': '__NOT_DEFINIED__', 'description': "Programación: DORANTES: 'SCARLATTIANAS' Jornada inaugural: 24 de abril - 21h - Hospital de Santiago LAS MIGAS 25 de abril - 21h - La Central RANCAPINO CHICO // MORENITO DE ILLORA 30 de Abril - 21h - Iglesia de San Lorenzo LUCÍA 'LA PIÑONA' 1 de mayo - 21h - Hospital de Santiago MARÍA TERREMOTO 'MANIFIESTO' 2 de mayo - 21h - Hospital de Santiago NURÍA BARRIOS - Conferencia: SAN JUAN DE LA CRUZ EN EL FLAMENCO con la colab. Especial de José Romero “Torro” a la guitarra y Belén Vega al cante 7 de mayo - 21h - Museo San Juan de La Cruz ANDRÉS BARRIOS Con las colaboraciones especiales de: CARMEN YOUNG (bailaora) y EL YIYO (Bailaor) 8 de mayo - 21h - Hospital de Santiago \u2063JOSÉ MERCÉ 9 de mayo - 21h - Hospital de Santiago DALIA SÁNCHEZ 10 de mayo - 12h - Museo Andalusí Flamencos y mestizos Ciudad de Úbeda, dirigido por Paco Ortega. \u2063", 'others': {'location_url': '__NOT_FOUND__', 'location2': 'Centro Cultural del Hospital de Santiago Iglesia de San Lorenzo. Ubéda ', 'duration': '__NOT_FOUND__', 'datetime_details': '24 de Abril del 2026 - 10 de Mayo del 2026, 21:00 horas', 'town': '__NOT_FOUND__', 'location': 'Múltiples espacios', 'duration_days': '__NOT_FOUND__'}, 'source': 'JuntaAndaluciaAgenda', 'exec_time': '20260204T090728', 'session': '2026_02_04_09_04_Miercoles', 'image': '/cultura/agendaculturaldeandalucia/sites/default/files/styles/header_activity_ext_2xl/public/2026-02/623259350_1416551613676130_5713685782396653868_n.jpg.webp?itok=0ebluwxt', 'url': 'https://www.juntadeandalucia.es/cultura/agendaculturaldeandalucia/evento/flamencos-y-mestizos-ciudad-de-ubeda-0'}
12 / 45
Getting https://www.juntadeandalucia.es/cultura/agendaculturaldeandalucia/evento/3-de-40
Sleep 4
--------------------
{'id': '02e215b5', 'show': 1, 'in_city': 1, 'one_day': 1, 'wrong_date_time': 0, 'event': '3 de 40', 'id_venue': '5023dbce', 'venue': 'SALALApaca', 'std_venue': 'SalalaPaca', 'start_date': '2026-03-27', 'start_time': '21:00:00', 'end_date': '2026-03-27', 'end_time': '__NOT_DEFINIED__', 'description': 'Tras la muerte de la matriarca, las tres hijas de ésta se reúnen en la casa del pueblo después del entierro de su entierro. Pepa, la hija menor que vivió y cuidó a su madre hasta sus últimos días, se encuentra ilusionada ante este reencuentro; su intención es recuperar el amor entre las hermanas perdido con los años. Al mismo tiempo, Pepa quiere conservar y seguir viviendo en la casa del pueblo y que las hermanas vengan a ésta siempre que quieran, como punto de unión entre ellas. Pero Reme y Lola tienen otros planes, vender la casa, repartirse el dinero y vivir cada una su vida. Los planes de cada una de ellas se verán alterados cuando, reunidas tras el entierro de su madre, secretos, verdades y mentiras salen a la luz en lo que se considera una noche de catarsis familiar. Como si de un aquelarre se tratara, las hermanas nos llevarán por unos laberintos de emociones, dramas, comedias y situaciones grotescas que se funden con el costumbrismo más español, las galletas de marihuana, los fantasmas que habitan en la casa, el orujo de pueblo y la búsqueda de una ruptura hacia una modernidad donde las mujeres quieren destruir lo establecido, liberarse y empoderarse. Una obra de mujeres, para mujeres y necesaria para los hombres. Duración: 95 minutos.', 'others': {'location_url': '/cultura/agendaculturaldeandalucia/espacios/salalapaca', 'location2': 'SALALApaca', 'duration': '95', 'datetime_details': '27 de Marzo del 2026, 21:00 horas', 'town': '__NOT_FOUND__', 'location': 'C/ Manuel Caballero Venzalá, 22, Jaén. Jaén', 'duration_days': '__NOT_FOUND__'}, 'source': 'JuntaAndaluciaAgenda', 'exec_time': '20260204T090728', 'session': '2026_02_04_09_04_Miercoles', 'image': '/cultura/agendaculturaldeandalucia/sites/default/files/styles/header_activity_ext_2xl/public/2026-01/3-de-40%20%281%29.jpg.webp?itok=ZA4wxeFG', 'url': 'https://www.juntadeandalucia.es/cultura/agendaculturaldeandalucia/evento/3-de-40'}
13 / 45
Getting https://www.juntadeandalucia.es/cultura/agendaculturaldeandalucia/evento/exposicion-de-arte-urbano-andaluz
Sleep 4
--------------------
{'id': 'd0322ee2', 'show': 1, 'in_city': 1, 'one_day': 0, 'wrong_date_time': 1, 'event': 'Exposición de Arte Urbano Andaluz', 'id_venue': '410590a8', 'venue': 'Museo de Jaén', 'std_venue': 'Museo Arqueológico', 'start_date': '2025-12-10', 'start_time': '__NOT_FOUND__', 'end_date': '2026-06-07', 'end_time': '__NOT_DEFINIED__', 'description': 'Esta exposición se enmarca dentro de la serie "Contextos de la colección del Museo de Jaén",. En esta ocasión, en torno a la obra de Belin "Papajuan", retrato de su abuelo, y que sirve de inspiración a los diferentes artistas para la realización de sus obras. El contexto se marcará por la temática, ligada al cuadro procedente de las colecciones del museo, pero también por la técnica, el arte urbano, que mostrará una panorámica de esta disciplina en la comunidad andaluza. Como particularidad, estas obras se han ido componiendo en un proceso creativo realizado en directo, en presencia de público, en sucesivas intervenciones de diferentes artistas que han pasado por los espacios exteriores del Museo de Jaén. Los artistas participantes son Belin (Jaén), Manomatic (Huelva), Diana Súnico (Málaga), Kato (Sevilla), Moxaico (Almería), K- Lina (Huelva) y Kaos (Huelva).', 'others': {'location_url': '/cultura/agendaculturaldeandalucia/evento/museo-de-jaen-0', 'location2': 'Museo de Jaén', 'duration': '__NOT_FOUND__', 'datetime_details': '10 de Diciembre del 2025 - 07 de Junio del 2026, En horario de apertura del museo', 'town': '__NOT_FOUND__', 'location': 'Paseo de la Estación, 27, Jaén. Jaén', 'duration_days': '__NOT_FOUND__'}, 'source': 'JuntaAndaluciaAgenda', 'exec_time': '20260204T090728', 'session': '2026_02_04_09_04_Miercoles', 'image': '/cultura/agendaculturaldeandalucia/sites/default/files/styles/header_activity_ext_2xl/public/2026-02/article.jpg.webp?itok=CLTlfcfh', 'url': 'https://www.juntadeandalucia.es/cultura/agendaculturaldeandalucia/evento/exposicion-de-arte-urbano-andaluz'}
14 / 45
Getting https://www.juntadeandalucia.es/cultura/agendaculturaldeandalucia/evento/eva-y-que-en-bailen-me-teneis-frita
Sleep 4
--------------------
{'id': '9b5f272e', 'show': 1, 'in_city': 0, 'one_day': 1, 'wrong_date_time': 0, 'event': 'Eva y qué en Bailén: Me tenéis Frita', 'id_venue': None, 'venue': 'Casa de la Cultura de Bailén', 'std_venue': None, 'start_date': '2026-04-11', 'start_time': '19:00:00', 'end_date': '2026-04-11', 'end_time': '__NOT_DEFINIED__', 'description': '"Me tenéis Frita" es el espectáculo de monólogos de la humorista jiennense Eva y Qué , donde con humor directo y cercano se ríe de la vida moderna, el amor maduro y los temas cotidianos, invitando al público a desconectar y olvidarse de las preocupaciones, siendo un show lleno de "puro, intenso y con mucho cuerpo" como el buen aceite de oliva, con fechas de gira por España.', 'others': {'location_url': '/cultura/agendaculturaldeandalucia/espacios/casa-de-la-cultura-de-bailen', 'location2': 'Casa de la Cultura de Bailén', 'duration': '__NOT_FOUND__', 'datetime_details': '11 de Abril del 2026, 19:00 horas', 'town': '__NOT_FOUND__', 'location': 'C. Héroes de Bailén, 18, Bailén. Jaén', 'duration_days': '__NOT_FOUND__'}, 'source': 'JuntaAndaluciaAgenda', 'exec_time': '20260204T090728', 'session': '2026_02_04_09_04_Miercoles', 'image': '/cultura/agendaculturaldeandalucia/sites/default/files/styles/header_activity_ext_2xl/public/2026-01/frita_bailen.jpg.webp?itok=nhn-7bgi', 'url': 'https://www.juntadeandalucia.es/cultura/agendaculturaldeandalucia/evento/eva-y-que-en-bailen-me-teneis-frita'}
15 / 45
Getting https://www.juntadeandalucia.es/cultura/agendaculturaldeandalucia/evento/las-guerreras-k-pop-en-concierto
Sleep 4
--------------------
{'id': 'bf3efdcd', 'show': 1, 'in_city': 0, 'one_day': 1, 'wrong_date_time': 0, 'event': 'Las guerreras K-pop en concierto', 'id_venue': None, 'venue': 'Plaza de Toros de Úbeda', 'std_venue': None, 'start_date': '2026-07-26', 'start_time': '21:30:00', 'end_date': '2026-07-26', 'end_time': '__NOT_DEFINIED__', 'description': 'LAS GUERRERAS K-POP EN CONCIERTO - ÚBEDA', 'others': {'location_url': '/cultura/agendaculturaldeandalucia/espacios/plaza-de-toros-de-ubeda', 'location2': 'Plaza de Toros de Úbeda', 'duration': '__NOT_FOUND__', 'datetime_details': '26 de Julio del 2026, 21:30 horas', 'town': '__NOT_FOUND__', 'location': 'Calle Sagasta, s/n, Úbeda. Jaén', 'duration_days': '__NOT_FOUND__'}, 'source': 'JuntaAndaluciaAgenda', 'exec_time': '20260204T090728', 'session': '2026_02_04_09_04_Miercoles', 'image': '/cultura/agendaculturaldeandalucia/sites/default/files/styles/header_activity_ext_2xl/public/2026-01/guerreras_ubeda.jpg.webp?itok=UfG01xvj', 'url': 'https://www.juntadeandalucia.es/cultura/agendaculturaldeandalucia/evento/las-guerreras-k-pop-en-concierto'}
16 / 45
Getting https://www.juntadeandalucia.es/cultura/agendaculturaldeandalucia/evento/nuevo-dia-0
Sleep 4
--------------------
{'id': '32655ee6', 'show': 1, 'in_city': 0, 'one_day': 1, 'wrong_date_time': 0, 'event': 'Nuevo día', 'id_venue': None, 'venue': 'Piscina de Amurjo', 'std_venue': None, 'start_date': '2026-07-03', 'start_time': '22:00:00', 'end_date': '2026-07-03', 'end_time': '__NOT_DEFINIED__', 'description': 'COMPAÑÍA: Alba Molina DURACIÓN: 75m Alba Molina presenta “Nuevo día”, un nuevo proyecto donde nos ofrece una visión del repertorio de Lole y Manuel y de otros grandes clásicos como nunca se había escuchado hasta ahora. La aterciopelada voz de Alba Molina junto al piano del maestro Álvaro Gandul nos acompañarán en un concierto donde podremos disfrutar de temas tan únicos como “La mariposa”, “Un nuevo día” y otros muchos, en una versión elegante, con algunos toques jazzy, pero sin perder su sabor original. 1- Dime 2- Balcón 3- Almutamid 4- Todo es de color 5- Nuevo día 6- La mariposa 7- Que nadie vaya a llorar 8- Loca me llaman 9- Volver al lugar querido 10- Dicen', 'others': {'location_url': '/cultura/agendaculturaldeandalucia/espacios/piscina-de-amurjo', 'location2': 'Piscina de Amurjo', 'duration': '75m', 'datetime_details': '03 de Julio del 2026, 22:00\n', 'town': '__NOT_FOUND__', 'location': 'Paraje de Amurjo, Orcera. Jaén', 'duration_days': '__NOT_FOUND__'}, 'source': 'JuntaAndaluciaAgenda', 'exec_time': '20260204T090728', 'session': '2026_02_04_09_04_Miercoles', 'image': '/cultura/agendaculturaldeandalucia/sites/default/files/styles/header_activity_ext_2xl/public/external_images/nofoto.jpg.webp?itok=mRRQb91u', 'url': 'https://www.juntadeandalucia.es/cultura/agendaculturaldeandalucia/evento/nuevo-dia-0'}
17 / 45
Getting https://www.juntadeandalucia.es/cultura/agendaculturaldeandalucia/evento/christian-garcia-10-anos-dando-guerra-en-jaen
Sleep 4
--------------------
{'id': '7a658b72', 'show': 1, 'in_city': 1, 'one_day': 1, 'wrong_date_time': 0, 'event': 'Christian García - 10 años dando guerra, en Jaén', 'id_venue': '5023dbce', 'venue': 'SALALApaca', 'std_venue': 'SalalaPaca', 'start_date': '2026-02-07', 'start_time': '20:00:00', 'end_date': '2026-02-07', 'end_time': '__NOT_DEFINIED__', 'description': 'Christian García Cómico llega a tu ciudad con nuevo espectáculo "10 años dando guerra", celebrando sus diez años en los escenarios.', 'others': {'location_url': '/cultura/agendaculturaldeandalucia/espacios/salalapaca', 'location2': 'SALALApaca', 'duration': '__NOT_FOUND__', 'datetime_details': '07 de Febrero del 2026, 20:00 horas', 'town': '__NOT_FOUND__', 'location': 'C/ Manuel Caballero Venzalá, 22, Jaén. Jaén', 'duration_days': '__NOT_FOUND__'}, 'source': 'JuntaAndaluciaAgenda', 'exec_time': '20260204T090728', 'session': '2026_02_04_09_04_Miercoles', 'image': '/cultura/agendaculturaldeandalucia/sites/default/files/styles/header_activity_ext_2xl/public/2025-11/10_a%C3%B1os_dando_guerra.jpg.webp?itok=a3h-y-l2', 'url': 'https://www.juntadeandalucia.es/cultura/agendaculturaldeandalucia/evento/christian-garcia-10-anos-dando-guerra-en-jaen'}
18 / 45
Getting https://www.juntadeandalucia.es/cultura/agendaculturaldeandalucia/evento/turismointerior-teatrointerior-9
