
> build:css
> tailwindcss -i ./src/tailwind.css -o ./static/css/tailwind.css --minify

Images: need download 24 (skipped=360)
Images: 1/24 (downloaded=0 failed=0)
Images: 24/24 (downloaded=0 failed=23)
Images: {'events_total': 384, 'events_with_remote': 24, 'skipped_already_present': 360, 'to_download': 24, 'downloaded': 0, 'failed_download': 24, 'failed_decode': 0, 'written': 0} -> /app/dist/almeria/static/img/events
HTML: rendering 414 pages
HTML: 1/414
HTML: 25/414
HTML: 50/414
HTML: 75/414
HTML: 100/414
HTML: 125/414
HTML: 150/414
HTML: 175/414
HTML: 200/414
HTML: 225/414
HTML: 250/414
HTML: 275/414
HTML: 300/414
HTML: 325/414
HTML: 350/414
HTML: 375/414
HTML: 400/414
HTML: 414/414
Built 1 month pages + 413 other pages into /app/dist/almeria
Wrote /app/dist/almeria/sitemap.xml
Wrote /app/dist/almeria/robots.txt
Wrote /app/dist/almeria/version.json
