Succeeded - 2026-03-23T18:11:34Z

dag: FisgonSession (1.0s)
│
└─session (1.0s) [succeeded]
  ├─bash -lc 'docker run --rm --network host -v
  │   /home/ubuntu/work/fisgon:/app -v
  │   /home/ubuntu/data_storage:/home/ubuntu/data_storage -w /app -e
  │   OPERATION=1 -e DOCKER_CONFIG=/tmp/.docker -e HOME=/tmp -e TARGET_CITY -e
  │   CREATE_SESSION -e CLOSE_SESSION -e
  │   DAG_RUN_URL="${DAGU_BASE_URL}/dags/${DAG_NAME}?dagRunId=${DAG_RUN_ID}"
  │   -e
  │   DAG_RUN_LOG_URL="${DAGU_BASE_URL}/dags/${DAG_NAME}/log?remoteNode=local&
  │   step=session&dagRunId=${DAG_RUN_ID}" fisgon_scraper:1.0; rc=$?; exit
  │   $rc'
  │
  └─stdout:
      RUNNING VARS →
      CITY=Almeria,
      OPERATION=1,
      CREATE_SESSION=0,
      CLOSE_SESSION=1,
      SESSION=None,
      IMAGES=0,
      GET_SCRAPERS=
      SCRAPER=
      DAG_RUN_URL=/dags/FisgonSession/log?remoteNode=local&step=session&dagRunId
      =019d1be5-2363-7b42-8cfa-6ff1d649ca02
      Executing final task with session: 2026_03_23_18_03_Lunes
      Reading
      /home/ubuntu/data_storage/Almeria/2026_03_23_18_03_Lunes/0_raw/20260323_18
      04_LaGuajira.json...
      Reading
      /home/ubuntu/data_storage/Almeria/2026_03_23_18_03_Lunes/0_raw/20260323_18
      07_AlmeriaTurismo.json...
      Reading
      /home/ubuntu/data_storage/Almeria/2026_03_23_18_03_Lunes/0_raw/20260323_18
      11_SalaEmma.json...
      Reading
      /home/ubuntu/data_storage/Almeria/2026_03_23_18_03_Lunes/0_raw/20260323_18
      10_Entradium.json...
      Reading
      /home/ubuntu/data_storage/Almeria/2026_03_23_18_03_Lunes/0_raw/20260323_18
      08_JuntaAndaluciaAgenda.json...
      Reading
      /home/ubuntu/data_storage/Almeria/2026_03_23_18_03_Lunes/0_raw/20260323_18
      09_ClassicJazz.json...
      Saving 18 new events
      Saving in
      /home/ubuntu/data_storage/Almeria/2026_03_23_18_03_Lunes/0_raw/Merged.json

Result: Succeeded

