time=2026-03-23T18:06:41.434Z level=INFO msg="Executing root dag-run" dag=FisgonTaskSelenium run-id=019d1be0-a917-7e30-9c0d-93def96d94d2 params=""
time=2026-03-23T18:06:41.448Z level=INFO msg="DAG run started" name=FisgonTaskSelenium run-id=019d1be0-a917-7e30-9c0d-93def96d94d2 attempt-id="" dag=FisgonTaskSelenium run-id=019d1be0-a917-7e30-9c0d-93def96d94d2 params="[TARGET_CITY=Almeria TARGET_SCRAPER=AlmeriaCiudad 3=DAGU_BASE_URL=]"
time=2026-03-23T18:06:41.451Z level=INFO msg="Step started" name=FisgonTaskSelenium run-id=019d1be0-a917-7e30-9c0d-93def96d94d2 attempt-id="" dag=FisgonTaskSelenium run-id=019d1be0-a917-7e30-9c0d-93def96d94d2 step=tarea_1
time=2026-03-23T18:07:21.947Z level=INFO msg="DAG run finished" name=FisgonTaskSelenium run-id=019d1be0-a917-7e30-9c0d-93def96d94d2 attempt-id="" dag=FisgonTaskSelenium run-id=019d1be0-a917-7e30-9c0d-93def96d94d2 status=succeeded started-at=2026-03-23T18:06:41Z finished-at=2026-03-23T18:07:21Z
time=2026-03-23T18:07:22.288Z level=INFO msg="Executing root dag-run" dag=FisgonTaskSelenium run-id=019d1be1-4899-7c5d-a54f-e18aa67c5211 params=""
time=2026-03-23T18:07:22.307Z level=INFO msg="DAG run started" name=FisgonTaskSelenium run-id=019d1be1-4899-7c5d-a54f-e18aa67c5211 attempt-id="" dag=FisgonTaskSelenium run-id=019d1be1-4899-7c5d-a54f-e18aa67c5211 params="[TARGET_CITY=Almeria TARGET_SCRAPER=AlmeriaTurismo 3=DAGU_BASE_URL=]"
time=2026-03-23T18:07:22.311Z level=INFO msg="Step started" name=FisgonTaskSelenium run-id=019d1be1-4899-7c5d-a54f-e18aa67c5211 attempt-id="" dag=FisgonTaskSelenium run-id=019d1be1-4899-7c5d-a54f-e18aa67c5211 step=tarea_1
time=2026-03-23T18:08:00.952Z level=INFO msg="DAG run finished" name=FisgonTaskSelenium run-id=019d1be1-4899-7c5d-a54f-e18aa67c5211 attempt-id="" dag=FisgonTaskSelenium run-id=019d1be1-4899-7c5d-a54f-e18aa67c5211 status=succeeded started-at=2026-03-23T18:07:22Z finished-at=2026-03-23T18:08:00Z
time=2026-03-23T18:08:01.006Z level=INFO msg="Executing root dag-run" dag=FisgonTaskSelenium run-id=019d1be1-dfec-78b4-8575-020b20e9e1b3 params=""
time=2026-03-23T18:08:01.021Z level=INFO msg="DAG run started" name=FisgonTaskSelenium run-id=019d1be1-dfec-78b4-8575-020b20e9e1b3 attempt-id="" dag=FisgonTaskSelenium run-id=019d1be1-dfec-78b4-8575-020b20e9e1b3 params="[TARGET_CITY=Almeria TARGET_SCRAPER=JuntaAndaluciaAgenda 3=DAGU_BASE_URL=]"
time=2026-03-23T18:08:01.025Z level=INFO msg="Step started" name=FisgonTaskSelenium run-id=019d1be1-dfec-78b4-8575-020b20e9e1b3 attempt-id="" dag=FisgonTaskSelenium run-id=019d1be1-dfec-78b4-8575-020b20e9e1b3 step=tarea_1
time=2026-03-23T18:09:15.974Z level=INFO msg="DAG run finished" name=FisgonTaskSelenium run-id=019d1be1-dfec-78b4-8575-020b20e9e1b3 attempt-id="" dag=FisgonTaskSelenium run-id=019d1be1-dfec-78b4-8575-020b20e9e1b3 status=succeeded started-at=2026-03-23T18:08:01Z finished-at=2026-03-23T18:09:15Z
time=2026-03-23T18:09:16.020Z level=INFO msg="Executing root dag-run" dag=FisgonTaskSelenium run-id=019d1be3-04f2-705b-9dac-486a2dd9eb87 params=""
time=2026-03-23T18:09:16.035Z level=INFO msg="DAG run started" name=FisgonTaskSelenium run-id=019d1be3-04f2-705b-9dac-486a2dd9eb87 attempt-id="" dag=FisgonTaskSelenium run-id=019d1be3-04f2-705b-9dac-486a2dd9eb87 params="[TARGET_CITY=Almeria TARGET_SCRAPER=ClassicJazz 3=DAGU_BASE_URL=]"
time=2026-03-23T18:09:16.040Z level=INFO msg="Step started" name=FisgonTaskSelenium run-id=019d1be3-04f2-705b-9dac-486a2dd9eb87 attempt-id="" dag=FisgonTaskSelenium run-id=019d1be3-04f2-705b-9dac-486a2dd9eb87 step=tarea_1
time=2026-03-23T18:10:12.496Z level=INFO msg="DAG run finished" name=FisgonTaskSelenium run-id=019d1be3-04f2-705b-9dac-486a2dd9eb87 attempt-id="" dag=FisgonTaskSelenium run-id=019d1be3-04f2-705b-9dac-486a2dd9eb87 status=succeeded started-at=2026-03-23T18:09:16Z finished-at=2026-03-23T18:10:12Z
time=2026-03-23T18:10:12.540Z level=INFO msg="Executing root dag-run" dag=FisgonTaskSelenium run-id=019d1be3-e1ba-7106-8cb3-ee8650291f75 params=""
time=2026-03-23T18:10:12.554Z level=INFO msg="DAG run started" name=FisgonTaskSelenium run-id=019d1be3-e1ba-7106-8cb3-ee8650291f75 attempt-id="" dag=FisgonTaskSelenium run-id=019d1be3-e1ba-7106-8cb3-ee8650291f75 params="[TARGET_CITY=Almeria TARGET_SCRAPER=Entradium 3=DAGU_BASE_URL=]"
time=2026-03-23T18:10:12.558Z level=INFO msg="Step started" name=FisgonTaskSelenium run-id=019d1be3-e1ba-7106-8cb3-ee8650291f75 attempt-id="" dag=FisgonTaskSelenium run-id=019d1be3-e1ba-7106-8cb3-ee8650291f75 step=tarea_1
time=2026-03-23T18:10:53.589Z level=INFO msg="DAG run finished" name=FisgonTaskSelenium run-id=019d1be3-e1ba-7106-8cb3-ee8650291f75 attempt-id="" dag=FisgonTaskSelenium run-id=019d1be3-e1ba-7106-8cb3-ee8650291f75 status=succeeded started-at=2026-03-23T18:10:12Z finished-at=2026-03-23T18:10:53Z
time=2026-03-23T18:10:53.627Z level=INFO msg="Executing root dag-run" dag=FisgonTaskSelenium run-id=019d1be4-8238-7a49-bd83-6f57a6429418 params=""
time=2026-03-23T18:10:53.636Z level=INFO msg="DAG run started" name=FisgonTaskSelenium run-id=019d1be4-8238-7a49-bd83-6f57a6429418 attempt-id="" dag=FisgonTaskSelenium run-id=019d1be4-8238-7a49-bd83-6f57a6429418 params="[TARGET_CITY=Almeria TARGET_SCRAPER=TodasLasEntradas 3=DAGU_BASE_URL=]"
time=2026-03-23T18:10:53.638Z level=INFO msg="Step started" name=FisgonTaskSelenium run-id=019d1be4-8238-7a49-bd83-6f57a6429418 attempt-id="" dag=FisgonTaskSelenium run-id=019d1be4-8238-7a49-bd83-6f57a6429418 step=tarea_1
time=2026-03-23T18:11:04.818Z level=INFO msg="DAG run finished" name=FisgonTaskSelenium run-id=019d1be4-8238-7a49-bd83-6f57a6429418 attempt-id="" dag=FisgonTaskSelenium run-id=019d1be4-8238-7a49-bd83-6f57a6429418 status=succeeded started-at=2026-03-23T18:10:53Z finished-at=2026-03-23T18:11:04Z
time=2026-03-23T18:11:04.856Z level=INFO msg="Executing root dag-run" dag=FisgonTaskSelenium run-id=019d1be4-ae16-7495-913f-512217f66a1d params=""
time=2026-03-23T18:11:04.869Z level=INFO msg="DAG run started" name=FisgonTaskSelenium run-id=019d1be4-ae16-7495-913f-512217f66a1d attempt-id="" dag=FisgonTaskSelenium run-id=019d1be4-ae16-7495-913f-512217f66a1d params="[TARGET_CITY=Almeria TARGET_SCRAPER=RedBibliotecas 3=DAGU_BASE_URL=]"
time=2026-03-23T18:11:04.872Z level=INFO msg="Step started" name=FisgonTaskSelenium run-id=019d1be4-ae16-7495-913f-512217f66a1d attempt-id="" dag=FisgonTaskSelenium run-id=019d1be4-ae16-7495-913f-512217f66a1d step=tarea_1
time=2026-03-23T18:11:14.367Z level=INFO msg="DAG run finished" name=FisgonTaskSelenium run-id=019d1be4-ae16-7495-913f-512217f66a1d attempt-id="" dag=FisgonTaskSelenium run-id=019d1be4-ae16-7495-913f-512217f66a1d status=succeeded started-at=2026-03-23T18:11:04Z finished-at=2026-03-23T18:11:14Z
time=2026-03-23T18:11:14.474Z level=INFO msg="Executing root dag-run" dag=FisgonTaskSelenium run-id=019d1be4-d3a6-71d1-bff8-aa88b86c8aa6 params=""
time=2026-03-23T18:11:14.490Z level=INFO msg="DAG run started" name=FisgonTaskSelenium run-id=019d1be4-d3a6-71d1-bff8-aa88b86c8aa6 attempt-id="" dag=FisgonTaskSelenium run-id=019d1be4-d3a6-71d1-bff8-aa88b86c8aa6 params="[TARGET_CITY=Almeria TARGET_SCRAPER=SalaEmma 3=DAGU_BASE_URL=]"
time=2026-03-23T18:11:14.493Z level=INFO msg="Step started" name=FisgonTaskSelenium run-id=019d1be4-d3a6-71d1-bff8-aa88b86c8aa6 attempt-id="" dag=FisgonTaskSelenium run-id=019d1be4-d3a6-71d1-bff8-aa88b86c8aa6 step=tarea_1
time=2026-03-23T18:11:34.806Z level=INFO msg="DAG run finished" name=FisgonTaskSelenium run-id=019d1be4-d3a6-71d1-bff8-aa88b86c8aa6 attempt-id="" dag=FisgonTaskSelenium run-id=019d1be4-d3a6-71d1-bff8-aa88b86c8aa6 status=succeeded started-at=2026-03-23T18:11:14Z finished-at=2026-03-23T18:11:34Z
