
RUNNING VARS → 
        CITY=Almeria, 

        OPERATION=0,
            CREATE_SESSION=0,
            CLOSE_SESSION=0,
            SESSION=None,
            IMAGES=0,
            GET_SCRAPERS=

        SCRAPER=ClassicJazz
        DAG_RUN_URL=/dags/FisgonTaskSelenium/log?remoteNode=local&step=tarea_1&dagRunId=019c2442-b3c3-7263-8e21-951d234adabf

Running for Almeria: ClassicJazz
ClassicJazz
RUNNING SESSION =  2026_02_03_15_59_Martes
Starting WebDriver...
http://localhost:4444/wd/hub
*********************times =1
sleeping 7
Scrolling...
sleeping 1
Scrolling...
sleeping 1
Getting content
clicking
sleeping 3
sleeping 7
*********************times =2
sleeping 7
Scrolling...
sleeping 1
Getting content
clicking
sleeping 3
sleeping 7
*** SCRAPED 121 URLS WITH EVENTS **
New url events = 3
0 / 3
Getting https://clasijazz.com/evento/disconcierto-gumbo-yaya-mardi-gras/
Sleep 4
2026-02-14T18:00:00 2026-02-14T22:00:00
--------------------
{'id': 'd3b31115', 'show': 1, 'in_city': 1, 'one_day': 1, 'wrong_date_time': 0, 'event': 'Disconcierto Gumbo Yaya (Mardi Gras)', 'id_venue': 'Q6b6LRjT', 'venue': 'Sede Clasijazz', 'std_venue': 'Clasijazz', 'start_date': '2026-02-14', 'start_time': '18:00:00', 'end_date': '2026-02-14', 'end_time': '22:00:00', 'description': 'Sala Industrial | Entrada Libre', 'others': {'price': '__NOT_DEFINIED__', 'category': 'Programación', 'location_url': 'https://clasijazz.com/local/sede-clasijazz/', 'location': 'Maestro Serrano 9, Almería'}, 'source': 'ClassicJazz', 'exec_time': '20260203T160758', 'session': '2026_02_03_15_59_Martes', 'image': '__NOT_FOUND__', 'url': 'https://clasijazz.com/evento/disconcierto-gumbo-yaya-mardi-gras/'}
1 / 3
Getting https://clasijazz.com/evento/impro-la-gata-purpura/
Sleep 4
2026-02-14T20:00:00 2026-02-14T21:30:00
--------------------
{'id': '414f2a3f', 'show': 1, 'in_city': 1, 'one_day': 1, 'wrong_date_time': 0, 'event': 'Impro – La Gata Purpura', 'id_venue': 'Q6b6LRjT', 'venue': 'Sede Clasijazz', 'std_venue': 'Clasijazz', 'start_date': '2026-02-14', 'start_time': '20:00:00', 'end_date': '2026-02-14', 'end_time': '21:30:00', 'description': '12€ NS / 5€ S | Sala Swing', 'others': {'price': '5,00€ – 12,00€', 'category': 'Programación', 'location_url': 'https://clasijazz.com/local/sede-clasijazz/', 'location': 'Maestro Serrano 9, Almería'}, 'source': 'ClassicJazz', 'exec_time': '20260203T160758', 'session': '2026_02_03_15_59_Martes', 'image': '__NOT_FOUND__', 'url': 'https://clasijazz.com/evento/impro-la-gata-purpura/'}
2 / 3
Getting https://clasijazz.com/evento/carnaval-karaoke-port-of-spain/
Sleep 4
2026-02-20T22:00:00 2026-02-20T23:30:00
--------------------
{'id': 'f1f9bbb1', 'show': 1, 'in_city': 1, 'one_day': 1, 'wrong_date_time': 0, 'event': 'Carnaval Karaoke', 'id_venue': 'ddgm4gQP', 'venue': 'Port Of Spain', 'std_venue': 'Port Of Spain', 'start_date': '2026-02-20', 'start_time': '22:00:00', 'end_date': '2026-02-20', 'end_time': '23:30:00', 'description': 'Port of Spain | Entrada Libre CARNAVAL KARAOKE – JAM WITH US ✨ After Casting Party Viernes 20 de febrero Desde las 22:00 h Port Of Spain · Almería Tras el casting oficial… ¡seguimos la fiesta! Llega una noche única de Karaoke Internacional + Open Mic + Jam Session, en un ambiente multitemático y carnavalero, inspirado en el Carnaval de Venecia. Ven con máscara, colores, brillo o disfraz Canta, improvisa, comparte escenario Idiomas, estilos y culturas mezcladas ✨ Diversión, música y buen rollo asegurados Jam With Us Micrófono abierto Karaoke para todos Vive la experiencia Más info: @AllStarsTalentFestival 633 120 150 · 686 273 681 ¡El talento no tiene límites! Déjate sorprender', 'others': {'price': '__NOT_DEFINIED__', 'category': 'Programación', 'location_url': 'https://clasijazz.com/local/port-of-spain/', 'location': 'Parque Nicolás Salmeron 20, Almería'}, 'source': 'ClassicJazz', 'exec_time': '20260203T160758', 'session': '2026_02_03_15_59_Martes', 'image': '__NOT_FOUND__', 'url': 'https://clasijazz.com/evento/carnaval-karaoke-port-of-spain/'}
****************************
Saving 3 new events
Saving in  /home/ubuntu/data_storage/Almeria/2026_02_03_15_59_Martes/0_raw/20260203_1607_ClassicJazz.json
Saving 3 master url
Appending to  /home/ubuntu/data_storage/Almeria/00_master/master_url.json
***===*** SCRAPER DONE, RESTARTING SELENIUM ***===***
selenium
