
RUNNING VARS → 
        CITY=Almeria, 

        OPERATION=0,
            CREATE_SESSION=0,
            CLOSE_SESSION=0,
            SESSION=None,
            IMAGES=0,
            GET_SCRAPERS=

        SCRAPER=SalaBerlin
        DAG_RUN_URL=/dags/FisgonTaskRequest/log?remoteNode=local&step=tarea_1&dagRunId=019c90eb-8973-7c96-ba33-3bde9264b889

Running for Almeria: SalaBerlin
SalaBerlin
RUNNING SESSION =  2026_02_24_18_31_Martes
Getting https://berlinalmeria.com/eventos/
Sleep 1
*** SCRAPED 12 URLS WITH EVENTS **
New url events = 12
0 / 12
Getting https://berlinalmeria.com/producto/16-marzo-quique-gonzalez/
Sleep 4
--------------------
{'id': 'b0420a1d', 'show': 1, 'in_city': 1, 'one_day': 1, 'wrong_date_time': 0, 'event': 'Quique González', 'slug': 'quique-gonzalez', 'category': '__NOT_DEFINIED__', 'id_venue': 'NmPqTrh6', 'venue': 'Sala Berlin', 'std_venue': 'Berlin Social Club', 'start_date': '2026-03-16', 'start_time': '21:00:00', 'end_date': '__NOT_DEFINIED__', 'end_time': '__NOT_DEFINIED__', 'description': 'Nacido en 1973, Quique González es un compositor, cantante y músico madrileño que lleva desde su juventud dedicándose a su gran pasión, hacer canciones. No fue hasta que terminó sus estudios cuando decidió probar suerte con lo que de verdad quería hacer, y fue en esta etapa cuando conocería a nombres como Carlos Raya (quién después se ha convertido en su productor más habitual) o al músico Enrique Urquijo, junto a quién compondría temas como “Aunque tú no lo sepas” .', 'others': {'price': '32,00\xa0€', 'ticket': 'https://entradas.crashmusic.es/event/concierto-de-quique-gonzalez-almeria-berlin-social-club-viernes-20-de-febrero'}, 'source': 'SalaBerlin', 'exec_time': '20260224T183121', 'session': '2026_02_24_18_31_Martes', 'image': 'https://berlinalmeria.com/wp-content/uploads/2025/09/02.20-Almeria-A3-RRSS.jpg', 'url': 'https://berlinalmeria.com/producto/16-marzo-quique-gonzalez/'}
1 / 12
Getting https://berlinalmeria.com/producto/27-febrero-la-paloma-2/
Sleep 4
--------------------
{'id': '9db51d73', 'show': 1, 'in_city': 1, 'one_day': 1, 'wrong_date_time': 0, 'event': 'La Paloma', 'slug': 'la-paloma', 'category': '__NOT_DEFINIED__', 'id_venue': 'NmPqTrh6', 'venue': 'Sala Berlin', 'std_venue': 'Berlin Social Club', 'start_date': '2026-02-27', 'start_time': '22:00:00', 'end_date': '__NOT_DEFINIED__', 'end_time': '__NOT_DEFINIED__', 'description': 'La Paloma se ha convertido por derecho propio en estandarte del rock en castellano —sin más necesidad de etiquetas— gracias al arsenal de canciones monumentales que han atesorado desde que debutaran en 2021 con el ya mítico EP ‘Una idea, pero es triste’. Su disco debut posterior, ‘Todavía no’, confirmó ese estatus, dando inicio a una larga lista de conciertos saldados con llenazo y presencia en los principales festivales del país. La expectación ante su nuevo disco, ‘Un golpe de suerte’ es máxima y en breve lo disfrutaremos tanto en casa como en sala.', 'others': {'price': '19,80\xa0€', 'ticket': 'https://entradas.crashmusic.es/event/concierto-la-paloma-almeria-sala-berlin-social-club-viernes-27-de-febrero'}, 'source': 'SalaBerlin', 'exec_time': '20260224T183121', 'session': '2026_02_24_18_31_Martes', 'image': 'https://berlinalmeria.com/wp-content/uploads/2025/12/La-Paloma-Almeria-Telonero-Feed.jpg', 'url': 'https://berlinalmeria.com/producto/27-febrero-la-paloma-2/'}
2 / 12
Getting https://berlinalmeria.com/producto/28-febrero-winter-totefest-2026/
Sleep 4
--------------------
{'id': '055e8103', 'show': 1, 'in_city': 1, 'one_day': 1, 'wrong_date_time': 0, 'event': 'Winter Totefest 2026', 'slug': 'winter-totefest-2026', 'category': '__NOT_DEFINIED__', 'id_venue': 'NmPqTrh6', 'venue': 'Sala Berlin', 'std_venue': 'Berlin Social Club', 'start_date': '2026-02-28', 'start_time': '18:00:00', 'end_date': '__NOT_DEFINIED__', 'end_time': '__NOT_DEFINIED__', 'description': 'WINTER TOTE FEST', 'others': {'price': '20,00\xa0€', 'ticket': 'https://entradium.com/events/winter-tote-fest-2026-berlin-social-club'}, 'source': 'SalaBerlin', 'exec_time': '20260224T183121', 'session': '2026_02_24_18_31_Martes', 'image': 'https://berlinalmeria.com/wp-content/uploads/2025/12/tour.jpg', 'url': 'https://berlinalmeria.com/producto/28-febrero-winter-totefest-2026/'}
3 / 12
Getting https://berlinalmeria.com/producto/10-abril-andres-suarez-acustico/
Sleep 4
--------------------
{'id': 'f8e4191b', 'show': 1, 'in_city': 1, 'one_day': 1, 'wrong_date_time': 0, 'event': 'Andrés Suárez Acustico', 'slug': 'andres-suarez-acustico', 'category': '__NOT_DEFINIED__', 'id_venue': 'NmPqTrh6', 'venue': 'Sala Berlin', 'std_venue': 'Berlin Social Club', 'start_date': '2026-04-10', 'start_time': '20:30:00', 'end_date': '__NOT_DEFINIED__', 'end_time': '__NOT_DEFINIED__', 'description': 'El artista y compositor gallego, considerado como uno de los máximos exponentes de la nueva canción en español, llega con Lúa, su décimo álbum de estudio considerado como uno de los más personales e íntimos hasta el momento. Lúa supone uno de los trabajos más significativos y trascendentales de su carrera discográfica. Andrés Suárez llega acompañado de su banda de siempre para traer a su público la esencia que siempre le ha acompañado. La autenticidad, carisma y personalidad arrolladora del artista hace de su directo una experiencia inolvidable en la que recorrerá las canciones de su nuevo trabajo y los hits más importantes que le han acompañado a lo largo de toda su carrera.', 'others': {'price': '30,00\xa0€', 'ticket': 'https://entradas.crashmusic.es/event/concierto-andres-suarez-en-acustico-almeria-sala-berlin-social-club-viernes-10-de-abril'}, 'source': 'SalaBerlin', 'exec_time': '20260224T183121', 'session': '2026_02_24_18_31_Martes', 'image': 'https://berlinalmeria.com/wp-content/uploads/2026/02/nAW9zXI6DVIz.jpg', 'url': 'https://berlinalmeria.com/producto/10-abril-andres-suarez-acustico/'}
4 / 12
Getting https://berlinalmeria.com/producto/7-marzo-l-a/
Sleep 4
--------------------
{'id': 'e2ea8bb8', 'show': 1, 'in_city': 1, 'one_day': 1, 'wrong_date_time': 0, 'event': 'L.A', 'slug': 'l-a', 'category': '__NOT_DEFINIED__', 'id_venue': 'NmPqTrh6', 'venue': 'Sala Berlin', 'std_venue': 'Berlin Social Club', 'start_date': '2026-03-07', 'start_time': '21:00:00', 'end_date': '__NOT_DEFINIED__', 'end_time': '__NOT_DEFINIED__', 'description': 'Lo de Luis Albert Segura va de pasión por la música. Y después de fundar su proyecto musical, L.A., en 2004, no ha hecho más que demostrarlo. En tan solo ocho años, el artista mallorquín pasó de tocar en el encantador bar Bluesville de la capital de la isla balear, a girar por todo el continente americano, Canadá y gran parte del territorio europeo. Y no merece menos.', 'others': {'price': '19,80\xa0€', 'ticket': 'https://entradas.crashmusic.es/event/concierto-la-almeria-sala-berlin-social-club-sabado-7-de-marzo'}, 'source': 'SalaBerlin', 'exec_time': '20260224T183121', 'session': '2026_02_24_18_31_Martes', 'image': 'https://berlinalmeria.com/wp-content/uploads/2026/02/lafin.jpg', 'url': 'https://berlinalmeria.com/producto/7-marzo-l-a/'}
5 / 12
Getting https://berlinalmeria.com/producto/14-de-marzo-saurom/
Sleep 4
--------------------
{'id': 'c90bb57b', 'show': 1, 'in_city': 1, 'one_day': 1, 'wrong_date_time': 0, 'event': 'Saurom', 'slug': 'saurom', 'category': '__NOT_DEFINIED__', 'id_venue': 'NmPqTrh6', 'venue': 'Sala Berlin', 'std_venue': 'Berlin Social Club', 'start_date': '2026-03-14', 'start_time': '20:00:00', 'end_date': '__NOT_DEFINIED__', 'end_time': '__NOT_DEFINIED__', 'description': 'Saurom se reserva el derecho de suspensión del evento por fuerza mayor. En caso de devolución de entrada por suspensión del evento, esta será de 15 días hábiles a partir del siguiente día de dicha suspensión.', 'others': {'price': '27,00\xa0€', 'ticket': 'https://entradas.crashmusic.es/event/concierto-saurom-almeria-sala-berlin-social-club-sabado-14-de-marzo'}, 'source': 'SalaBerlin', 'exec_time': '20260224T183121', 'session': '2026_02_24_18_31_Martes', 'image': 'https://berlinalmeria.com/wp-content/uploads/2026/01/saurom1x1.jpg', 'url': 'https://berlinalmeria.com/producto/14-de-marzo-saurom/'}
6 / 12
Getting https://berlinalmeria.com/producto/27-de-marzo-vera-fauna/
Sleep 4
--------------------
{'id': 'cfa32d19', 'show': 1, 'in_city': 1, 'one_day': 1, 'wrong_date_time': 0, 'event': 'Vera Fauna', 'slug': 'vera-fauna', 'category': '__NOT_DEFINIED__', 'id_venue': 'NmPqTrh6', 'venue': 'Sala Berlin', 'std_venue': 'Berlin Social Club', 'start_date': '2026-03-27', 'start_time': '22:00:00', 'end_date': '__NOT_DEFINIED__', 'end_time': '__NOT_DEFINIED__', 'description': '__NOT_FOUND__', 'others': {'price': '22,00\xa0€', 'ticket': 'https://entradas.crashmusic.es/event/concierto-vera-fauna-almeria-sala-berlin-social-club-viernes-27-de-marzo'}, 'source': 'SalaBerlin', 'exec_time': '20260224T183121', 'session': '2026_02_24_18_31_Martes', 'image': 'https://berlinalmeria.com/wp-content/uploads/2026/01/VF-ALMERIA-NEW-LOGOS-1x1-1.jpg', 'url': 'https://berlinalmeria.com/producto/27-de-marzo-vera-fauna/'}
7 / 12
Getting https://berlinalmeria.com/producto/6-marzo-pedra-tributo-a-extremoduro/
Sleep 4
--------------------
{'id': 'ab844dc7', 'show': 1, 'in_city': 1, 'one_day': 1, 'wrong_date_time': 0, 'event': 'Pedrá (Tributo a Extremoduro)', 'slug': 'pedra-tributo-a-extremoduro', 'category': '__NOT_DEFINIED__', 'id_venue': 'NmPqTrh6', 'venue': 'Sala Berlin', 'std_venue': 'Berlin Social Club', 'start_date': '2026-03-06', 'start_time': '20:00:00', 'end_date': '__NOT_DEFINIED__', 'end_time': '__NOT_DEFINIED__', 'description': 'Pedrá (Tributo a Extremoduro) en Almería – Berlín Social Club', 'others': {'price': '16,50\xa0€', 'ticket': 'https://entradas.crashmusic.es/event/concierto-pedra-tributo-a-extremoduro-almeria-sala-berlin-social-club-viernes-6-de-marzo'}, 'source': 'SalaBerlin', 'exec_time': '20260224T183121', 'session': '2026_02_24_18_31_Martes', 'image': 'https://berlinalmeria.com/wp-content/uploads/2025/12/pedra.jpg', 'url': 'https://berlinalmeria.com/producto/6-marzo-pedra-tributo-a-extremoduro/'}
8 / 12
Getting https://berlinalmeria.com/producto/28-marzo-marta-soto/
Sleep 4
--------------------
{'id': 'b52399f4', 'show': 1, 'in_city': 1, 'one_day': 1, 'wrong_date_time': 1, 'event': 'Marta Soto', 'slug': 'marta-soto', 'category': '__NOT_DEFINIED__', 'id_venue': 'NmPqTrh6', 'venue': 'Sala Berlin', 'std_venue': 'Berlin Social Club', 'start_date': '__NOT_FOUND__', 'start_time': '__NOT_FOUND__', 'end_date': '__NOT_DEFINIED__', 'end_time': '__NOT_DEFINIED__', 'description': 'Precio del evento', 'others': {'price': '20,00\xa0€', 'ticket': 'https://entradas.crashmusic.es/event/concierto-de-marta-soto-almeria-sala-berlin-social-club-sabado-28-de-marzo'}, 'source': 'SalaBerlin', 'exec_time': '20260224T183121', 'session': '2026_02_24_18_31_Martes', 'image': 'https://berlinalmeria.com/wp-content/uploads/2025/09/Marta-soto.jpg', 'url': 'https://berlinalmeria.com/producto/28-marzo-marta-soto/'}
9 / 12
Getting https://berlinalmeria.com/producto/26-febrero-pignoise/
Sleep 4
--------------------
{'id': '09584c09', 'show': 1, 'in_city': 1, 'one_day': 1, 'wrong_date_time': 1, 'event': 'Pignoise', 'slug': 'pignoise', 'category': '__NOT_DEFINIED__', 'id_venue': 'NmPqTrh6', 'venue': 'Sala Berlin', 'std_venue': 'Berlin Social Club', 'start_date': '__NOT_FOUND__', 'start_time': '__NOT_FOUND__', 'end_date': '__NOT_DEFINIED__', 'end_time': '__NOT_DEFINIED__', 'description': 'Pignoise regresa a los escenarios en 2026 con su nueva gira “Las Ganas de Veros”, un tour que recorre el país y que nace del deseo de volver a encontrarse de cerca con su público. El show combina las canciones de su nuevo disco con los grandes éxitos que han marcado su trayectoria. Un directo potente, cercano y lleno de emoción.', 'others': {'price': '27,50\xa0€', 'ticket': 'https://entradas.crashmusic.es/event/concierto-pignoise-almeria-sala-berlin-social-club-jueves-26-de-febrero'}, 'source': 'SalaBerlin', 'exec_time': '20260224T183121', 'session': '2026_02_24_18_31_Martes', 'image': 'https://berlinalmeria.com/wp-content/uploads/2025/12/Pignoise1.jpg', 'url': 'https://berlinalmeria.com/producto/26-febrero-pignoise/'}
10 / 12
Getting https://berlinalmeria.com/producto/20-de-marzo-veintiuno/
Sleep 4
--------------------
{'id': '86a94bad', 'show': 1, 'in_city': 1, 'one_day': 1, 'wrong_date_time': 0, 'event': 'Veintiuno', 'slug': 'veintiuno', 'category': '__NOT_DEFINIED__', 'id_venue': 'NmPqTrh6', 'venue': 'Sala Berlin', 'std_venue': 'Berlin Social Club', 'start_date': '2026-03-20', 'start_time': '22:00:00', 'end_date': '__NOT_DEFINIED__', 'end_time': '__NOT_DEFINIED__', 'description': 'Tras editar último álbum de estudio, La Balada de Delirio y Equilibrio, que se posicionó en el top 3 entre los álbumes más vendidos del país, Veintiuno es ya una de las bandas de moda indiscutibles del panorama nacional.', 'others': {'price': '22,00\xa0€', 'ticket': 'https://entradas.crashmusic.es/event/concierto-veintiuno-almeria-sala-berlin-social-club-viernes-20-de-marzo'}, 'source': 'SalaBerlin', 'exec_time': '20260224T183121', 'session': '2026_02_24_18_31_Martes', 'image': 'https://berlinalmeria.com/wp-content/uploads/2025/10/21.jpg', 'url': 'https://berlinalmeria.com/producto/20-de-marzo-veintiuno/'}
11 / 12
Getting https://berlinalmeria.com/producto/21-marzo-paco-calavera-y-pepe-cespedes/
Sleep 4
--------------------
{'id': '89e6a81f', 'show': 1, 'in_city': 1, 'one_day': 1, 'wrong_date_time': 1, 'event': 'Paco Calavera Y Pepe Cespedes', 'slug': 'paco-calavera-y-pepe-cespedes', 'category': '__NOT_DEFINIED__', 'id_venue': 'NmPqTrh6', 'venue': 'Sala Berlin', 'std_venue': 'Berlin Social Club', 'start_date': '__NOT_FOUND__', 'start_time': '__NOT_FOUND__', 'end_date': '__NOT_DEFINIED__', 'end_time': '__NOT_DEFINIED__', 'description': 'Damos la bienvenida a la primavera con una nueva edicion del espectaculo de sketchs y monologos mas surrealista de la provincia de Almeria', 'others': {'price': '15,00\xa0€', 'ticket': 'https://entradium.com/events/paco-calavera-y-pepe-cespedes-berlin-social-club-marzo-2026'}, 'source': 'SalaBerlin', 'exec_time': '20260224T183121', 'session': '2026_02_24_18_31_Martes', 'image': 'https://berlinalmeria.com/wp-content/uploads/2026/02/Paco.-y-pepe.jpg', 'url': 'https://berlinalmeria.com/producto/21-marzo-paco-calavera-y-pepe-cespedes/'}
****************************
Saving 12 new events
Saving in  /home/ubuntu/data_storage/Almeria/2026_02_24_18_31_Martes/0_raw/20260224_1831_SalaBerlin.json
Saving 12 master url
Appending to  /home/ubuntu/data_storage/Almeria/00_master/master_url.json
