
RUNNING VARS → 
        CITY=Almeria, 

        OPERATION=1,
            CREATE_SESSION=0,
            CLOSE_SESSION=1,
            SESSION=None,
            IMAGES=0,
            GET_SCRAPERS=

        SCRAPER=
        DAG_RUN_URL=/dags/FisgonSession/log?remoteNode=local&step=session&dagRunId=019d1532-62fe-73ba-befe-92c7a662ec0b

Executing final task with session: 2026_03_22_10_51_Domingo
Reading /home/ubuntu/data_storage/Almeria/2026_03_22_10_51_Domingo/0_raw/20260322_1058_SalaEmma.json...
Reading /home/ubuntu/data_storage/Almeria/2026_03_22_10_51_Domingo/0_raw/20260322_1054_JuntaAndaluciaAgenda.json...
Reading /home/ubuntu/data_storage/Almeria/2026_03_22_10_51_Domingo/0_raw/20260322_1051_LaGuajira.json...
Reading /home/ubuntu/data_storage/Almeria/2026_03_22_10_51_Domingo/0_raw/20260322_1057_Entradium.json...
Reading /home/ubuntu/data_storage/Almeria/2026_03_22_10_51_Domingo/0_raw/20260322_1051_SalaBerlin.json...
Reading /home/ubuntu/data_storage/Almeria/2026_03_22_10_51_Domingo/0_raw/20260322_1056_ClassicJazz.json...
Reading /home/ubuntu/data_storage/Almeria/2026_03_22_10_51_Domingo/0_raw/20260322_1052_ConciertosClub.json...
Saving 22 new events
Saving in  /home/ubuntu/data_storage/Almeria/2026_03_22_10_51_Domingo/0_raw/Merged.json
