
RUNNING VARS → 
        CITY=Almeria, 

        OPERATION=0,
            CREATE_SESSION=0,
            CLOSE_SESSION=0,
            SESSION=None,
            IMAGES=0,
            GET_SCRAPERS=

        SCRAPER=AlmeriaCiudad
        DAG_RUN_URL=/dags/FisgonTaskSelenium/log?remoteNode=local&step=tarea_1&dagRunId=019c90ee-5f00-79c1-ba12-e51b3a443394

Running for Almeria: AlmeriaCiudad
AlmeriaCiudad
RUNNING SESSION =  2026_02_24_18_31_Martes
Starting WebDriver...
http://localhost:4444/wd/hub
sleeping 5
Getting content
page = 0 -----------https://almeriaciudad.es/cultura/agenda?page=0--------------- len 12
sleeping 5
Getting content
page = 1 -----------https://almeriaciudad.es/cultura/agenda?page=1--------------- len 12
sleeping 5
Getting content
page = 2 -----------https://almeriaciudad.es/cultura/agenda?page=2--------------- len 11
sleeping 5
Getting content
page = 3 -----------https://almeriaciudad.es/cultura/agenda?page=3--------------- len 0
*** SCRAPED 35 URLS WITH EVENTS **
New url events = 35
0 / 35
Getting https://almeriaciudad.es//cultura/evento/campeones-2-en-el-teatro
Sleep 4
--------------------
{'id': '6cdb7f56', 'show': 1, 'in_city': 1, 'one_day': 1, 'wrong_date_time': 0, 'event': 'Campeones 2 en El Teatro', 'slug': 'campeones-2-en-el-teatro', 'category': '__NOT_DEFINIED__', 'id_venue': '27qNP7DH', 'venue': 'Auditorio Municipal Maestro Padilla', 'std_venue': 'Auditorio Municipal Maestro Padilla', 'start_date': '2026-04-25', 'start_time': '20:00:00', 'end_date': '2026-04-25', 'end_time': '21:30:00', 'description': 'Claudia se reencuentra con Gloria después de diez años de ausencia y sus miedos se diluyen al instante. Gloria la recibe con los brazos abiertos. Gloria hace teatro en el grupo del centro de ocio de su barrio con sus compañeros de piso, Alberto y Emilio, que sueñan con que alguien descubra el talento que ellos creen tener y los saque de sus rutinarias vidas. El grupo lo dirige Juan que también tiene una discapacidad y sabe muy bien lo que es la fama y sus consecuencias: en su momento pudo ser una estrella. Pero un día, Juan lo dejó todo sin dar explicaciones y volvió a su barrio. Desde entonces y para los demás Juan no es el mismo. Juan recela de Claudia. Él intuye por qué ha vuelto y no quiere que Gloria sufra.', 'others': {'organizer': 'Auditorio Municipal Maestro Padilla', 'price': 'NIVEL A: 25 EUROS | NIVEL B: 24 EUROS', 'category': 'Cómico|Humor', 'audience_age': '__NOT_FOUND__'}, 'source': 'AlmeriaCiudad', 'exec_time': '20260224T183435', 'session': '2026_02_24_18_31_Martes', 'image': 'https://almeriaciudad.es/uploads/styles/large/public/media/image/campeones2_fecha-a3--1-_0.jpg?itok=7xjSW-dN', 'url': 'https://almeriaciudad.es//cultura/evento/campeones-2-en-el-teatro'}
1 / 35
Getting https://almeriaciudad.es//cultura/evento/aletheia
Sleep 4
--------------------
{'id': '70427c5a', 'show': 1, 'in_city': 1, 'one_day': 1, 'wrong_date_time': 0, 'event': 'Aletheia', 'slug': 'aletheia', 'category': '__NOT_DEFINIED__', 'id_venue': 'tQfq78jF', 'venue': 'Teatro Apolo', 'std_venue': 'Teatro Apolo', 'start_date': '2026-02-26', 'start_time': '20:30:00', 'end_date': '2026-02-26', 'end_time': '22:00:00', 'description': 'DELICATESSEN INVIERNO 2026. ALETHEIA. es un. varieté contemporáneo. que abarca diferentes lenguajes y disciplinas artísticas: Teatro, Flamenco, Música, Humor y Circo. Una. explosiva mezcla de formatos. hilados desde la raíz y la esencia, a la experimentación fresca y desenfadada. Las Poderío tienen la convicción de desvelar a través del arte la verdad de su. existencia como mujeres, hijas, nietas y madres. . Plantando semillas de transformación. honrando la historia y la memoria. Premios de la compañía: -Nominada IX Premios Lorca. -Premio Fetén. -Premio de la Cultura en Marbella. PULSE AQUÍ PARA ACCEDER A LA COMPRA DEL ABONO DELICATESSEN INVIERNO 2026', 'others': {'organizer': 'Teatro Apolo', 'price': 'GENERAL: 14 EUROS | ABONO: 33 EUROS', 'category': 'Delicatessen', 'audience_age': 'Todas las edades'}, 'source': 'AlmeriaCiudad', 'exec_time': '20260224T183435', 'session': '2026_02_24_18_31_Martes', 'image': 'https://almeriaciudad.es/uploads/styles/large/public/media/image/aletheia-cartel.png?itok=R-tEiNwx', 'url': 'https://almeriaciudad.es//cultura/evento/aletheia'}
2 / 35
Getting https://almeriaciudad.es//cultura/evento/morricone-rock-experience
Sleep 4
--------------------
{'id': 'a334da48', 'show': 1, 'in_city': 1, 'one_day': 1, 'wrong_date_time': 0, 'event': 'Morricone Rock Experience', 'slug': 'morricone-rock-experience', 'category': '__NOT_DEFINIED__', 'id_venue': '27qNP7DH', 'venue': 'Auditorio Municipal Maestro Padilla', 'std_venue': 'Auditorio Municipal Maestro Padilla', 'start_date': '2026-03-27', 'start_time': '20:30:00', 'end_date': '2026-03-27', 'end_time': '22:00:00', 'description': 'De producción española, llega este espectáculo creado en Italia para rendir homenaje al gran Ennio Morricone. El cine no habría sido igual sin su música. Morricone Rock Experience. reune a músicos y voces que experimentan con instrumentos eléctricos nuevas tecnologías para presentar un viaje al mundo del cine, a través de las bandas sonoras más exitosas del gran Ennio Morricone. Y se estrena en la provincia de Almería, lugar de inspiración del gran maestro de las bandas sonoras para muchas de las películas que llevaron su sello musical.', 'others': {'organizer': '__NOT_FOUND__', 'price': 'PRECIO\xa0DE LAS ENTRADAS:\xa028 EUROS', 'category': 'Música', 'audience_age': '__NOT_FOUND__'}, 'source': 'AlmeriaCiudad', 'exec_time': '20260224T183435', 'session': '2026_02_24_18_31_Martes', 'image': 'https://almeriaciudad.es/uploads/styles/large/public/media/image/img-20251228-wa0006.jpg?itok=20WdnhsT', 'url': 'https://almeriaciudad.es//cultura/evento/morricone-rock-experience'}
3 / 35
Getting https://almeriaciudad.es//cultura/evento/realorquesta-sinfonica-de-sevilla
Sleep 4
--------------------
{'id': 'c081cc68', 'show': 1, 'in_city': 1, 'one_day': 1, 'wrong_date_time': 0, 'event': 'Realorquesta Sinfónica De Sevilla', 'slug': 'realorquesta-sinfonica-de-sevilla', 'category': '__NOT_DEFINIED__', 'id_venue': '27qNP7DH', 'venue': 'Auditorio Municipal Maestro Padilla', 'std_venue': 'Auditorio Municipal Maestro Padilla', 'start_date': '2026-05-23', 'start_time': '20:30:00', 'end_date': '2026-05-23', 'end_time': '22:00:00', 'description': 'TRAGEDIA Y ENIGMA. Gustav MAHLER. - Sinfonía no 6, en La menor, “Trágica”. I. Allegro energico, ma non troppo. II. Andante moderado. III. Scherzo. IV. Finale. GYÖRGY GYÖRIVÁNYI RÁTH, director', 'others': {'organizer': 'Auditorio Municipal Maestro Padilla', 'price': 'NIVEL A: 15 EUROS | NIVEL B: 12 EUROS', 'category': 'Concierto|Música|Orquesta', 'audience_age': 'Todas las edades'}, 'source': 'AlmeriaCiudad', 'exec_time': '20260224T183435', 'session': '2026_02_24_18_31_Martes', 'image': 'https://almeriaciudad.es/uploads/styles/large/public/media/image/captura-de-pantalla-2026-02-17-114149.png?itok=401VF1Pq', 'url': 'https://almeriaciudad.es//cultura/evento/realorquesta-sinfonica-de-sevilla'}
4 / 35
Getting https://almeriaciudad.es//cultura/evento/luz-casal-me-voy-permitir
Sleep 4
--------------------
{'id': 'c27d15fd', 'show': 1, 'in_city': 1, 'one_day': 1, 'wrong_date_time': 0, 'event': 'Luz Casal - "Me Voy a Permitir"', 'slug': 'luz-casal-me-voy-a-permitir', 'category': '__NOT_DEFINIED__', 'id_venue': '27qNP7DH', 'venue': 'Auditorio Municipal Maestro Padilla', 'std_venue': 'Auditorio Municipal Maestro Padilla', 'start_date': '2026-03-07', 'start_time': '21:00:00', 'end_date': '2026-03-07', 'end_time': '22:30:00', 'description': 'Luz Casal presenta en gira su nuevo disco ‘Me voy a permitir’, el trabajo más ecléctico e inclasificable de su carrera, se concede el antojo de mostrar diez caras, tantas como canciones: diez actitudes, diez miradas, diez formas de entender el mundo. Se mueve con la libertad de quien ya no tiene que demostrar nada. Enseña sus cartas como dama de la chanson francesa y voz contemporánea del cancionero latinoamericano. Como cronista de lo cotidiano y rockera que jamás colgó los pantalones de cuero. Ya lo advirtió Pablo Guerrero: Luz puede acariciar como la seda o desgarrar como los colmillos de un animal herido. Capaz de cantar desde el despecho o la esperanza, canalla o luminosa, libérrima siempre. Este nuevo espectáculo es un puente entre pasado y futuro, certifica su doble condición de compositora intuitiva y talentosa e intérprete excepcional, capaz no solo de cantar sino de habitar las canciones, sean suyas o ajenas. Ajena a la pirotecnia y los artificios, se permite no seguir más señales que las de su propio instinto, una libertad que le ha brindado la admiración del público, el respeto de la crítica y la complicidad de sus colegas, un triple reconocimiento que se produce en contadas ocasiones.', 'others': {'organizer': 'Auditorio Municipal Maestro Padilla', 'price': 'NIVEL A: 60 EUROS | NIVEL B: 55 EUROS', 'category': 'Concierto', 'audience_age': 'Todas las edades'}, 'source': 'AlmeriaCiudad', 'exec_time': '20260224T183435', 'session': '2026_02_24_18_31_Martes', 'image': 'https://almeriaciudad.es/uploads/styles/large/public/media/image/postalmeria.jpg?itok=R2I7BG7c', 'url': 'https://almeriaciudad.es//cultura/evento/luz-casal-me-voy-permitir'}
5 / 35
Getting https://almeriaciudad.es//cultura/evento/sentimental-value-premios-lux-2026
Sleep 4
--------------------
{'id': '613c67b6', 'show': 1, 'in_city': 1, 'one_day': 1, 'wrong_date_time': 0, 'event': 'Sentimental Value - Premios Lux 2026', 'slug': 'sentimental-value-premios-lux-2026', 'category': '__NOT_DEFINIED__', 'id_venue': 'tQfq78jF', 'venue': 'Teatro Apolo', 'std_venue': 'Teatro Apolo', 'start_date': '2026-04-22', 'start_time': '20:00:00', 'end_date': '2026-04-22', 'end_time': '23:00:00', 'description': 'Las hermanas Nora y Agnes se reencuentran con su distanciado padre, el carismático Gustav, un antiguo director de renombre que le ofrece a su hija Nora, actriz de teatro, un papel en su próxima película. Nora lo rechaza y pronto descubre que le ha dado su papel a una joven y entusiasta estrella de Hollywood. De repente, las dos hermanas deben sortear su complicada relación con su padre y lidiar con una estrella estadounidense que se encuentra en medio de su compleja dinámica familiar. Duración: 2 horas 15 mins', 'others': {'organizer': 'Teatro Apolo', 'price': 'GRATUITO MEDIANTE INVITACIÓN', 'category': 'Cine', 'audience_age': '__NOT_FOUND__'}, 'source': 'AlmeriaCiudad', 'exec_time': '20260224T183435', 'session': '2026_02_24_18_31_Martes', 'image': 'https://almeriaciudad.es/uploads/styles/large/public/media/image/valor-sentimental.jpg?itok=4b2T9CGG', 'url': 'https://almeriaciudad.es//cultura/evento/sentimental-value-premios-lux-2026'}
6 / 35
Getting https://almeriaciudad.es//cultura/evento/lorcasindomita
Sleep 4
--------------------
{'id': '6ea9ef62', 'show': 1, 'in_city': 1, 'one_day': 1, 'wrong_date_time': 0, 'event': 'Lorcas´indómita', 'slug': 'lorcas-indomita', 'category': '__NOT_DEFINIED__', 'id_venue': 'tQfq78jF', 'venue': 'Teatro Apolo', 'std_venue': 'Teatro Apolo', 'start_date': '2026-03-26', 'start_time': '20:30:00', 'end_date': '2026-03-26', 'end_time': '22:00:00', 'description': 'DELICATESSEN INVIERNO 2026. “Cállate”. primera palabra de La zapatera prodigiosa; Bodas de sangre: el Padre de la Novia. elogia a su hija que no habla nunca. ; a Yerma su marido le aconseja que cuando le den conversación, cierre la boca, pues. la palabra pertenece a los hombres. ; y, por supuesto, en La casa de Bernarda Alba. la palabra que más se repite es “silencio”. que resultaría ser una premonición de lo que sucedería en España poco después. A ese silencio se oponen las mujeres indómitas de García Lorca, mujeres lorquianas que. no fueron creadas para permanecer mudas. , ni para resignarse. Premios de la compañía: -Premio Nacional de Teatro 2008. -Premio Lorca de Honor. -97 galardones internacionales. PULSE AQUÍ PARA ACCEDER A LA COMPRA DEL ABONO DELICATESSEN INVIERNO 2026', 'others': {'organizer': 'Teatro Apolo', 'price': 'GENERAL: 14 EUROS | ABONO: 33 EUROS', 'category': 'Delicatessen', 'audience_age': 'Todas las edades'}, 'source': 'AlmeriaCiudad', 'exec_time': '20260224T183435', 'session': '2026_02_24_18_31_Martes', 'image': 'https://almeriaciudad.es/uploads/styles/large/public/media/image/lorca.atalaya.-cartel.jpeg?itok=bXJQZMsY', 'url': 'https://almeriaciudad.es//cultura/evento/lorcasindomita'}
7 / 35
Getting https://almeriaciudad.es//cultura/evento/concierto-conmemorativo-dia-de-andalucia
Sleep 4
--------------------
{'id': '6424e790', 'show': 1, 'in_city': 1, 'one_day': 1, 'wrong_date_time': 0, 'event': 'Concierto Conmemorativo\xa0día De Andalucía', 'slug': 'concierto-conmemorativo-dia-de-andalucia', 'category': '__NOT_DEFINIED__', 'id_venue': '27qNP7DH', 'venue': 'Auditorio Municipal Maestro Padilla', 'std_venue': 'Auditorio Municipal Maestro Padilla', 'start_date': '2026-02-26', 'start_time': '20:30:00', 'end_date': '2026-02-26', 'end_time': '22:00:00', 'description': 'CONCIERTO CONMEMORATIVO DÍA DE ANDALUCÍA. Banda Municipal de Almería. Alumnos y Profesores del Real Conservatorio Profesional de Música de Almería. Cantante lírica: Blanca Isabel Romera Luzón. Cante flamenco: Ana Jiménez. Directores: Javier Tapias Jiménez. José Solá Palmerres', 'others': {'organizer': 'EXCMO. AYUNTAMIENTO DE ALMERÍA', 'price': 'ENTRADA CON INVITACIÓN', 'category': 'BMA|Concierto', 'audience_age': 'Todas las edades'}, 'source': 'AlmeriaCiudad', 'exec_time': '20260224T183435', 'session': '2026_02_24_18_31_Martes', 'image': 'https://almeriaciudad.es/uploads/styles/large/public/media/image/26-de-febrero-rrss.jpg?itok=7iLHUCRx', 'url': 'https://almeriaciudad.es//cultura/evento/concierto-conmemorativo-dia-de-andalucia'}
8 / 35
Getting https://almeriaciudad.es//cultura/evento/una-perla-en-auschwitz
Sleep 4
--------------------
{'id': '94252a93', 'show': 1, 'in_city': 1, 'one_day': 1, 'wrong_date_time': 0, 'event': 'Una Perla en Auschwitz', 'slug': 'una-perla-en-auschwitz', 'category': '__NOT_DEFINIED__', 'id_venue': 'tQfq78jF', 'venue': 'Teatro Apolo', 'std_venue': 'Teatro Apolo', 'start_date': '2026-06-10', 'start_time': '20:30:00', 'end_date': '2026-06-10', 'end_time': '22:00:00', 'description': 'En la enfermería del campo de concentración de Auschwitz, Perla una ginecóloga judía es obligada a trabajar bajo las ordenes del doctor Josef Mengele, con el fin de controlar y revisar los embarazos de las prisioneras del campo. Allí pronto Perla descubre que cada mujer embarazada que ella supervisa está condenada a la muerte y así mismo las criaturas que llevan en su vientre, víctimas de los crueles experimentos de Mengele. Perla, tendrá que tomar una difícil decisión para salvar a las pobres mujeres del destino que las espera.', 'others': {'organizer': 'Teatro Apolo', 'price': 'GENERAL: 10 EUROS', 'category': 'Teatro', 'audience_age': 'Todas las edades'}, 'source': 'AlmeriaCiudad', 'exec_time': '20260224T183435', 'session': '2026_02_24_18_31_Martes', 'image': 'https://almeriaciudad.es/uploads/styles/large/public/media/image/junio-2026.-cartel-las-maribellas.jpeg?itok=4CG0WvI4', 'url': 'https://almeriaciudad.es//cultura/evento/una-perla-en-auschwitz'}
9 / 35
Getting https://almeriaciudad.es//cultura/evento/gran-concierto-de-musica-de-camara-trio-konus
Sleep 4
--------------------
{'id': 'f542868b', 'show': 1, 'in_city': 1, 'one_day': 1, 'wrong_date_time': 0, 'event': 'Gran Concierto De Música De Cámara Trío Konus', 'slug': 'gran-concierto-de-musica-de-camara-trio-konus', 'category': '__NOT_DEFINIED__', 'id_venue': '27qNP7DH', 'venue': 'Auditorio Municipal Maestro Padilla', 'std_venue': 'Auditorio Municipal Maestro Padilla', 'start_date': '2026-03-05', 'start_time': '19:30:00', 'end_date': '2026-03-05', 'end_time': '21:00:00', 'description': 'SERAN LIM, VIOLÍN. PAVEL TSELIAPNIOV, FALUTA. DEBORAH RAWLINGS, PIANO', 'others': {'organizer': '__NOT_FOUND__', 'price': 'ENTRADA CON INVITACIÓN', 'category': 'Música', 'audience_age': '__NOT_FOUND__'}, 'source': 'AlmeriaCiudad', 'exec_time': '20260224T183435', 'session': '2026_02_24_18_31_Martes', 'image': 'https://almeriaciudad.es/uploads/styles/large/public/media/image/diesis---trio-kronus.jpeg?itok=W49t_zFV', 'url': 'https://almeriaciudad.es//cultura/evento/gran-concierto-de-musica-de-camara-trio-konus'}
10 / 35
Getting https://almeriaciudad.es//cultura/evento/un-patetico-amor-desconocido
Sleep 4
--------------------
{'id': 'f393bebb', 'show': 1, 'in_city': 1, 'one_day': 1, 'wrong_date_time': 0, 'event': 'Un Patético Amor Desconocido', 'slug': 'un-patetico-amor-desconocido', 'category': '__NOT_DEFINIED__', 'id_venue': 'tQfq78jF', 'venue': 'Teatro Apolo', 'std_venue': 'Teatro Apolo', 'start_date': '2026-06-12', 'start_time': '20:30:00', 'end_date': '2026-06-12', 'end_time': '22:00:00', 'description': 'En un escenario vibrante donde convergen danza contemporánea, teatro, acrobacias y danza española, tres personajes exploran un amor lleno de contradicciones y situaciones ridiculas, pero también conmovedoras. A través de una trama que combina la música en directo con toques de dramatismo y comedia, la obra invita al público a reflexionar sobre la naturaleza del amor y la identidad.', 'others': {'organizer': 'Teatro Apolo', 'price': 'ANTICIPADA: 12 EUROS | GENERAL: 15 EUROS | ABONO: 50 EUROS', 'category': 'Danza', 'audience_age': 'Todas las edades'}, 'source': 'AlmeriaCiudad', 'exec_time': '20260224T183435', 'session': '2026_02_24_18_31_Martes', 'image': 'https://almeriaciudad.es/uploads/styles/large/public/media/image/ridicula_tld_a4_26.jpg?itok=_ZWSlBhw', 'url': 'https://almeriaciudad.es//cultura/evento/un-patetico-amor-desconocido'}
11 / 35
Getting https://almeriaciudad.es//cultura/evento/el-fantastico-viaje-de-jonas-el-espermatozoide
Sleep 4
--------------------
{'id': 'a3fdffcd', 'show': 1, 'in_city': 1, 'one_day': 1, 'wrong_date_time': 0, 'event': 'El Fantástico Viaje De Jonás El Espermatozoide', 'slug': 'el-fantastico-viaje-de-jonas-el-espermatozoide', 'category': '__NOT_DEFINIED__', 'id_venue': 'tQfq78jF', 'venue': 'Teatro Apolo', 'std_venue': 'Teatro Apolo', 'start_date': '2026-04-30', 'start_time': '20:30:00', 'end_date': '2026-04-30', 'end_time': '22:00:00', 'description': 'DELICATESSEN PRIMAVERA 2026. Quince años después de su estreno. en 2010, la compañía. El Espejo Negro reestrena ‘El fantástico viaje de Jonás el espermatozoide’. . Una. joya del teatro de marionetas. y un espectáculo indispensable para las programaciones, festivales y campañas teatrales. Un espectáculo de humor y maestría. con títeres sobre el escenario: Jonás comienza nuevamente su gran carrera. ... Una carrera por la fecundación y el maravilloso milagro de la vida. Esa. vida que a todos y todas nos sorprende por igual. . Premios de la compañía: -Nacional Assitej. -Premio Lorca. -Premio Ateneo. -Premio Talía. PULSE AQUÍ PARA ACCEDER A LA COMPRA DEL ABONO. "DELICATESSEN PRIMAVERA 2026"', 'others': {'organizer': 'Teatro Apolo', 'price': 'GENERAL: 14 EUROS| ABONO: 22 EUROS', 'category': 'Delicatessen', 'audience_age': '__NOT_FOUND__'}, 'source': 'AlmeriaCiudad', 'exec_time': '20260224T183435', 'session': '2026_02_24_18_31_Martes', 'image': 'https://almeriaciudad.es/uploads/styles/large/public/media/image/cartel_jonas-2025.jpg?itok=49KY9VYV', 'url': 'https://almeriaciudad.es//cultura/evento/el-fantastico-viaje-de-jonas-el-espermatozoide'}
12 / 35
Getting https://almeriaciudad.es//cultura/evento/it-was-just-accident-premios-lux-2026
Sleep 4
--------------------
{'id': '21e0c284', 'show': 1, 'in_city': 1, 'one_day': 1, 'wrong_date_time': 0, 'event': 'It Was Just an Accident - Premios Lux 2026', 'slug': 'it-was-just-an-accident-premios-lux-2026', 'category': '__NOT_DEFINIED__', 'id_venue': 'tQfq78jF', 'venue': 'Teatro Apolo', 'std_venue': 'Teatro Apolo', 'start_date': '2026-03-18', 'start_time': '20:00:00', 'end_date': '2026-03-18', 'end_time': '22:00:00', 'description': 'Vahid, un modesto mecánico iraní, se ve repentinamente forzado a rememorar su tiempo entre rejas a raíz de un encuentro casual con Eghbal, quien le recuerda a su sádico carcelero. Alarmado, Vahid reúne a sus antiguos compañeros de prisión para verificar la identidad de Eghbal. Pero.. ¿Qué harán si resulta ser él?. Duración: 1 hora 45 mins', 'others': {'organizer': 'Teatro Apolo', 'price': 'GRATUITO MEDIANTE INVITACIÓN', 'category': 'Cine', 'audience_age': '__NOT_FOUND__'}, 'source': 'AlmeriaCiudad', 'exec_time': '20260224T183435', 'session': '2026_02_24_18_31_Martes', 'image': 'https://almeriaciudad.es/uploads/styles/large/public/media/image/it-was-just-an-accident.jpg?itok=JGnQ_sw7', 'url': 'https://almeriaciudad.es//cultura/evento/it-was-just-accident-premios-lux-2026'}
13 / 35
Getting https://almeriaciudad.es//cultura/evento/parejas-imperfectas
Sleep 4
--------------------
{'id': '057a2eb1', 'show': 1, 'in_city': 1, 'one_day': 1, 'wrong_date_time': 0, 'event': 'Parejas Imperfectas', 'slug': 'parejas-imperfectas', 'category': '__NOT_DEFINIED__', 'id_venue': '27qNP7DH', 'venue': 'Auditorio Municipal Maestro Padilla', 'std_venue': 'Auditorio Municipal Maestro Padilla', 'start_date': '2026-03-21', 'start_time': '20:30:00', 'end_date': '2026-03-21', 'end_time': '22:00:00', 'description': 'Edu, un camionero en paro y Ana, su exmujer, se reencuentran inesperadamente después de que un terrible accidente la deje tetrapléjica. Juan, un brillante estudiante de doctorado con parálisis cerebral contrata como ayudante a Yanis, hija de inmigrantes que acaba de licenciarse en la universidad pero que está pasando por dificultades económicas. Ambas parejas pondrán hábilmente en entredicho la percepción que todos tenemos de las personas con discapacidad física y profundiza en la forma en que la clase, la raza, la nacionalidad o la riqueza pueden crear abismos entre las personas, a pesar de que éstas anhelen conexión.', 'others': {'organizer': 'Auditorio Municipal Maestro Padilla', 'price': 'NIVEL A: 18 EUROS | NIVEL B: 15 EUROS', 'category': 'Teatro', 'audience_age': '__NOT_FOUND__'}, 'source': 'AlmeriaCiudad', 'exec_time': '20260224T183435', 'session': '2026_02_24_18_31_Martes', 'image': 'https://almeriaciudad.es/uploads/styles/large/public/media/image/cartel_0.png?itok=sVuXke_t', 'url': 'https://almeriaciudad.es//cultura/evento/parejas-imperfectas'}
14 / 35
Getting https://almeriaciudad.es//cultura/evento/orquesta-filarmonica-de-malaga-0
Sleep 4
--------------------
{'id': '17793cf7', 'show': 1, 'in_city': 1, 'one_day': 1, 'wrong_date_time': 0, 'event': 'Orquesta Filarmónica De Málaga', 'slug': 'orquesta-filarmonica-de-malaga', 'category': '__NOT_DEFINIED__', 'id_venue': '27qNP7DH', 'venue': 'Auditorio Municipal Maestro Padilla', 'std_venue': 'Auditorio Municipal Maestro Padilla', 'start_date': '2026-03-14', 'start_time': '20:30:00', 'end_date': '2026-03-14', 'end_time': '22:00:00', 'description': 'ORQUESTA FILARMÓNICA DE MÁLAGA. #ALLEGRO. ALLEGRO. es una propuesta diferente y divertida dentro del formato de los conciertos familiares y pedagógicos, el objetivo, acercar la música clásica a todo tipo de público a través de un repertorio popular, la risa y el juego escénico como guión del concierto. ALLEGRO, como su propia etimología musical indica, pretende contagiar al público con un repertorio positivo de alto ritmo escénico y presentado por un excéntrico maestro de ceremonias que nos provocará  la risa con su torpe pretensión, rompiendo cariñosamente los protocolos del concierto e involucrando a la orquesta y público en situaciones cómicas e imprevisibles.. Repertorio: Obertura Guillermo Tell - G. Rossini. The Entertainer - S. Joplin. Marcha Funebre - Chopin. La primavera - A. Vivaldi. West Side History - L. Bernstein. Danubio Azul - J. Strauss. The Empire Strikes Back - J. Williams. Can Can - J. Offenbach\u200b', 'others': {'organizer': '__NOT_FOUND__', 'price': 'NIVEL A: 15 EUROS | NIVEL B: 12 EUROS', 'category': 'Orquesta', 'audience_age': '__NOT_FOUND__'}, 'source': 'AlmeriaCiudad', 'exec_time': '20260224T183435', 'session': '2026_02_24_18_31_Martes', 'image': 'https://almeriaciudad.es/uploads/styles/large/public/media/image/andalucia-sinfonica_2026-03-14.jpg?itok=Jx043W4i', 'url': 'https://almeriaciudad.es//cultura/evento/orquesta-filarmonica-de-malaga-0'}
15 / 35
Getting https://almeriaciudad.es//cultura/evento/cafe-quijano-2
Sleep 4
--------------------
{'id': 'd3b2a9b1', 'show': 1, 'in_city': 1, 'one_day': 1, 'wrong_date_time': 0, 'event': 'Café Quijano', 'slug': 'cafe-quijano', 'category': '__NOT_DEFINIED__', 'id_venue': '27qNP7DH', 'venue': 'Auditorio Municipal Maestro Padilla', 'std_venue': 'Auditorio Municipal Maestro Padilla', 'start_date': '2026-04-10', 'start_time': '21:00:00', 'end_date': '2026-04-10', 'end_time': '22:30:00', 'description': '“. MIAMI 1990” - TOUR 2026. “Miami 1990” es sorprendente! es un paseo por recuerdos que señalaron el punto de partida del viaje más increíble de tres hermanos, la aventura de Café Quijano. Canciones que siguen la estela, en forma y sonoridad, a las que marcaron una época con “La Taberna del buda” (2001) y, posteriormente, a la colección de historias contadas y cantadas en su último álbum “Manhattan” (2021). Este último trabajo, “Miami 1990”, es una fresca continuación del sonido Quijano más auténtico no sin ciertos retazos sonoros noventeros. Nuevos cortometrajes convertidos en canciones que siguen sembrando la duda sobre si ellos son los protagonistas de semejantes historias. Como quiera que sea, disfrutemos de esta nueva colección de temas que llevados al directo prometen hacer aún más espectacular su extraordinario show.', 'others': {'organizer': '__NOT_FOUND__', 'price': 'NIVEL A: 42 EUROS | NIVEL B: 38 EUROS', 'category': 'Concierto', 'audience_age': 'Todas las edades'}, 'source': 'AlmeriaCiudad', 'exec_time': '20260224T183435', 'session': '2026_02_24_18_31_Martes', 'image': 'https://almeriaciudad.es/uploads/styles/large/public/media/image/post-cafe-quijano.jpg?itok=q0h6PSuw', 'url': 'https://almeriaciudad.es//cultura/evento/cafe-quijano-2'}
16 / 35
Getting https://almeriaciudad.es//cultura/evento/casandra
Sleep 4
--------------------
{'id': '6f7565e1', 'show': 1, 'in_city': 1, 'one_day': 1, 'wrong_date_time': 0, 'event': 'Casandra', 'slug': 'casandra', 'category': '__NOT_DEFINIED__', 'id_venue': 'tQfq78jF', 'venue': 'Teatro Apolo', 'std_venue': 'Teatro Apolo', 'start_date': '2026-07-15', 'start_time': '20:30:00', 'end_date': '2026-07-15', 'end_time': '22:00:00', 'description': 'En un escenario imaginado que varía según la narración, se suceden las acciones y reacciones que provoca la presencia de un feriante y una adivina. El autor desnuda emocionalmente al espectador haciéndole descubrir la frivolidad de la aristocracia y la sinrazón del poder o las motivaciones de un comerciante sin escrúpulos, pero también descubre la obstinación, la honestidad, la maldad banal y bondad adaptativa de los humanos a través de los distintos personajes.', 'others': {'organizer': 'Teatro Apolo', 'price': 'GENERAL: 10 EUROS', 'category': 'Teatro', 'audience_age': 'Todas las edades'}, 'source': 'AlmeriaCiudad', 'exec_time': '20260224T183435', 'session': '2026_02_24_18_31_Martes', 'image': 'https://almeriaciudad.es/uploads/styles/large/public/media/image/julio-2026.-cartel-jairan.jpg?itok=kETaXmZF', 'url': 'https://almeriaciudad.es//cultura/evento/casandra'}
17 / 35
Getting https://almeriaciudad.es//cultura/evento/laura-gallego-0
Sleep 4
--------------------
{'id': '80379508', 'show': 1, 'in_city': 1, 'one_day': 1, 'wrong_date_time': 0, 'event': 'Laura Gallego', 'slug': 'laura-gallego', 'category': '__NOT_DEFINIED__', 'id_venue': '27qNP7DH', 'venue': 'Auditorio Municipal Maestro Padilla', 'std_venue': 'Auditorio Municipal Maestro Padilla', 'start_date': '2026-04-18', 'start_time': '20:30:00', 'end_date': '2026-04-18', 'end_time': '22:00:00', 'description': '“La Última Folclórica” es un viaje por la historia de la copla y su evolución, desde sus raíces más puras hasta su adaptación a los nuevos tiempos. Laura Gallego, con su carisma y autenticidad, logra conectar con el público de todas las edades, haciendo vibrar a quienes añoran las voces de artistas como Rocío Jurado, Marifé de Triana o Concha Piquer, a la vez que capta la atención de una nueva generación. Este espectáculo destaca no solo por su calidad vocal e interpretativa, sino también por su capacidad para reavivar un género que parecía olvidado.', 'others': {'organizer': '__NOT_FOUND__', 'price': 'NIVEL A: 45 EUROS | NIVEL B: 42 EUROS', 'category': 'Flamenco', 'audience_age': '__NOT_FOUND__'}, 'source': 'AlmeriaCiudad', 'exec_time': '20260224T183435', 'session': '2026_02_24_18_31_Martes', 'image': 'https://almeriaciudad.es/uploads/styles/large/public/media/image/cartel-la-ultima-folclorica-almeria.jpg?itok=nRdlZ9lf', 'url': 'https://almeriaciudad.es//cultura/evento/laura-gallego-0'}
18 / 35
Getting https://almeriaciudad.es//cultura/evento/ocal-stabat-mater
Sleep 4
--------------------
{'id': '5d985356', 'show': 1, 'in_city': 1, 'one_day': 1, 'wrong_date_time': 0, 'event': 'Ocal - Stabat Mater', 'slug': 'ocal-stabat-mater', 'category': '__NOT_DEFINIED__', 'id_venue': 'F23L646j', 'venue': 'Catedral de Almería', 'std_venue': 'Catedral de Almería', 'start_date': '2026-03-22', 'start_time': '12:30:00', 'end_date': '2026-03-22', 'end_time': '14:00:00', 'description': '', 'others': {'organizer': 'Catedral de Almería', 'price': 'ENTRADA LIBRE HASTA COMPLETAR AFORO', 'category': 'Concierto|Música|Orquesta', 'audience_age': 'Todas las edades'}, 'source': 'AlmeriaCiudad', 'exec_time': '20260224T183435', 'session': '2026_02_24_18_31_Martes', 'image': 'https://almeriaciudad.es/uploads/styles/large/public/media/image/cartel_ocal_concierto-22marzo_web-01.jpg?itok=IKlLmtTO', 'url': 'https://almeriaciudad.es//cultura/evento/ocal-stabat-mater'}
19 / 35
Getting https://almeriaciudad.es//cultura/evento/love-me-tender-premios-lux-2026
Sleep 4
--------------------
{'id': '3b11ad2f', 'show': 1, 'in_city': 1, 'one_day': 1, 'wrong_date_time': 0, 'event': 'Love Me Tender - Premios Lux 2026', 'slug': 'love-me-tender-premios-lux-2026', 'category': '__NOT_DEFINIED__', 'id_venue': 'tQfq78jF', 'venue': 'Teatro Apolo', 'std_venue': 'Teatro Apolo', 'start_date': '2026-04-08', 'start_time': '20:00:00', 'end_date': '2026-04-08', 'end_time': '23:00:00', 'description': 'Un final de verano, Clémence le cuenta a su ex marido que mantiene relaciones amorosas con mujeres. Su vida da un vuelco cuando él se queda con la custodia del hijo que tienen en común. Clémence deberá luchar para seguir siendo madre, mujer y mujer libre. Duración: 2 horas 14 mins', 'others': {'organizer': 'Teatro Apolo', 'price': 'GRATUITO MEDIANTE INVITACIÓN', 'category': 'Cine', 'audience_age': '__NOT_FOUND__'}, 'source': 'AlmeriaCiudad', 'exec_time': '20260224T183435', 'session': '2026_02_24_18_31_Martes', 'image': 'https://almeriaciudad.es/uploads/styles/large/public/media/image/love-me-tender.jpg?itok=tXN8zZ6l', 'url': 'https://almeriaciudad.es//cultura/evento/love-me-tender-premios-lux-2026'}
20 / 35
Getting https://almeriaciudad.es//cultura/evento/diana-navarro
Sleep 4
--------------------
{'id': 'e3c9982e', 'show': 1, 'in_city': 1, 'one_day': 1, 'wrong_date_time': 0, 'event': 'Diana Navarro', 'slug': 'diana-navarro', 'category': '__NOT_DEFINIED__', 'id_venue': '27qNP7DH', 'venue': 'Auditorio Municipal Maestro Padilla', 'std_venue': 'Auditorio Municipal Maestro Padilla', 'start_date': '2026-05-16', 'start_time': '20:30:00', 'end_date': '2026-05-16', 'end_time': '22:00:00', 'description': 'GIRA 20 ANIVERSARIO. YA NO ESTOY SOLA\u200b. Es un recorrido musical completo, en el que encontraremos Copla, Neocopla, Zarzuela y Flamenco, los estilos que han definido su trayectoria; interpretando temas icónicos como Sola, El perdón, 24 rosas y su nueva canción Ya no estoy sola.". La gira Ya no estoy sola no es sólo una serie de conciertos, es una celebración artística integral que rinde homenaje a 20 años de éxitos. "Hace 20 años, Diana Navarro irrumpió en el panorama musical español con una propuesta que revolucionó la escena musical, fusionando tradición y modernidad. Su emblemático tema Sola marcó el inicio de una carrera brillante, consolidándose como una de las voces más icónicas de la música española.', 'others': {'organizer': '__NOT_FOUND__', 'price': 'NIVEL A: 45 EUROS | NIVEL B: 38 EUROS', 'category': 'Concierto', 'audience_age': 'Todas las edades'}, 'source': 'AlmeriaCiudad', 'exec_time': '20260224T183435', 'session': '2026_02_24_18_31_Martes', 'image': 'https://almeriaciudad.es/uploads/styles/large/public/media/image/1200x1200-evento-web-diananavarro.jpg?itok=xy1oQhMi', 'url': 'https://almeriaciudad.es//cultura/evento/diana-navarro'}
21 / 35
Getting https://almeriaciudad.es//cultura/evento/baile-de-bestias
Sleep 4
--------------------
{'id': '198dd0e8', 'show': 1, 'in_city': 1, 'one_day': 1, 'wrong_date_time': 0, 'event': 'Baile De Bestias', 'slug': 'baile-de-bestias', 'category': '__NOT_DEFINIED__', 'id_venue': 'tQfq78jF', 'venue': 'Teatro Apolo', 'std_venue': 'Teatro Apolo', 'start_date': '2026-03-13', 'start_time': '20:30:00', 'end_date': '2026-03-13', 'end_time': '22:00:00', 'description': 'Baile de Bestias, es la nueva propuesta de Jesús Carmona. Un espectáculo que nace de la necesidad de dar un paso más hacia la verdad más absoluta del artista. La vuelta hacía el movimiento primario y su aceptación, para después alejarse de él y mirarlo con perspectiva tras la complejidad adquirida con la experiencia de los años. Para este trabajo camina junto al multi-instrumentista Manu Masaedo, quien creará espacios sonoros y lugares musicales con los que viajar a un mundo onírico. Un bosque de sentimientos donde dos individuos dialogan y desafían a sus bestias interiores para terminar convirtiéndolas en movimiento, emoción y belleza.', 'others': {'organizer': 'Teatro Apolo', 'price': 'ANTICIPADA: 12 EUROS | GENERAL: 15 EUROS | ABONO: 50 EUROS', 'category': '__NOT_FOUND__', 'audience_age': 'Todas las edades'}, 'source': 'AlmeriaCiudad', 'exec_time': '20260224T183435', 'session': '2026_02_24_18_31_Martes', 'image': 'https://almeriaciudad.es/uploads/styles/large/public/media/image/jesus_tld_a4_26.jpg?itok=EYFDX_c0', 'url': 'https://almeriaciudad.es//cultura/evento/baile-de-bestias'}
22 / 35
Getting https://almeriaciudad.es//cultura/evento/pleita
Sleep 4
--------------------
{'id': '65420923', 'show': 1, 'in_city': 1, 'one_day': 1, 'wrong_date_time': 0, 'event': 'Pleita', 'slug': 'pleita', 'category': '__NOT_DEFINIED__', 'id_venue': 'tQfq78jF', 'venue': 'Teatro Apolo', 'std_venue': 'Teatro Apolo', 'start_date': '2026-05-22', 'start_time': '20:30:00', 'end_date': '2026-05-22', 'end_time': '22:00:00', 'description': 'Pleita, es un viaje escénico que une la fuerza del flamenco con la memoria viva del  folklore, la tradición artesana con la expresión contemporánea. El esparto, como símbolo y testigo de una cultura tejida a mano, paso a paso, con  sudor, canto y resistencia, es el vinculo con la tierra, y se convierte aquí en  metáfora de las relaciones humanas y de la memoria compartida de un pueblo para rendir homenaje a la memoria de Níjar. Es un canto a la tierra seca que florece en esfuerzo, al arte que nace de un pueblo, a la materia que se convierte en identidad.', 'others': {'organizer': 'Teatro Apolo', 'price': 'ANTICIPADA: 12 EUROS | GENERAL: 15 EUROS | ABONO: 50 EUROS', 'category': 'Danza', 'audience_age': 'Todas las edades'}, 'source': 'AlmeriaCiudad', 'exec_time': '20260224T183435', 'session': '2026_02_24_18_31_Martes', 'image': 'https://almeriaciudad.es/uploads/styles/large/public/media/image/pleita_tld_a4_26.jpg?itok=wfgkP3_P', 'url': 'https://almeriaciudad.es//cultura/evento/pleita'}
23 / 35
Getting https://almeriaciudad.es//cultura/evento/500-noches-tributo-sabina
Sleep 4
--------------------
{'id': 'e445137c', 'show': 1, 'in_city': 1, 'one_day': 1, 'wrong_date_time': 0, 'event': '500 Noches - Tributo a Sabina', 'slug': '500-noches-tributo-a-sabina', 'category': '__NOT_DEFINIED__', 'id_venue': '27qNP7DH', 'venue': 'Auditorio Municipal Maestro Padilla', 'std_venue': 'Auditorio Municipal Maestro Padilla', 'start_date': '2026-03-20', 'start_time': '20:30:00', 'end_date': '2026-03-20', 'end_time': '22:00:00', 'description': '500 NOCHES lleva tiempo demostrando los motivos por los que es considerado EL MEJOR ESPECTÁCULO HOMENAJE AL MAESTRO SABINA. Su espectáculo "Sabina en las Venas" supone un recorrido muy cuidado por la trayectoria del genio de Úbeda y un homenaje a su música, que sumado a la calidad y profesionalidad indiscutible de los músicos que componen 500 NOCHES les permite ofrecer un espectáculo de primer nivel a la altura de un homenaje al gran Joaquín Sabina y que les ha valido el reconocimiento de crítica y público. 500 NOCHES nos sería posible sin la pasión, admiración y profundo conocimiento de las canciones del maestro Sabina que atesora Darío Luís, voz principal y líder de este ambicioso proyecto. El espectáculo fue presentado por primera vez en la primavera de 2016 en el Teatro Arlequín de la Gran Vía de Madrid donde realizaron 5 fechas consecutivas. Debido a su excelente acogida, desde entonces no han parado de recorrer la geografía española siendo referentes en la programación de las más importantes fiestas nacionales y obteniendo llenos en los principales espacios escénicos y teatros del país tales como la Plaza de Toros de Úbeda, Escenario Madrid Rio, el Teatro Cervantes de Almería, Auditorio Adolfo Marsillach de San Sebastián de los Reyes, el Teatro Buaro Vallejo de Alcorcón, Auditorio Lago de Coslada, Auditorio Juan Carlos I de Pinto, Auditorio Charco de Sán Ginés en Lanzarote, Lienzo Norte de Ávila, o el Auditorio Mar de Vigo entre otros.', 'others': {'organizer': '__NOT_FOUND__', 'price': 'PRECIO\xa0DE LAS ENTRADAS:\xa0 ANTICIPADA NIVEL A: 25 EUROS ANTICIPADA NIVEL B: 20 EUROS GENERAL DÍA DEL EVENTO (NIVEL A Y B): 30 EUROS', 'category': 'Música', 'audience_age': '__NOT_FOUND__'}, 'source': 'AlmeriaCiudad', 'exec_time': '20260224T183435', 'session': '2026_02_24_18_31_Martes', 'image': 'https://almeriaciudad.es/uploads/styles/large/public/media/image/img-20251228-wa0010.jpg?itok=ZVJwTU_s', 'url': 'https://almeriaciudad.es//cultura/evento/500-noches-tributo-sabina'}
24 / 35
Getting https://almeriaciudad.es//cultura/evento/unity-gospel-choir-con-clasijazz-big-band
Sleep 4
--------------------
{'id': '4ba0c377', 'show': 1, 'in_city': 1, 'one_day': 1, 'wrong_date_time': 0, 'event': 'Unity Gospel Choir Con Clasijazz Big Band', 'slug': 'unity-gospel-choir-con-clasijazz-big-band', 'category': '__NOT_DEFINIED__', 'id_venue': '27qNP7DH', 'venue': 'Auditorio Municipal Maestro Padilla', 'std_venue': 'Auditorio Municipal Maestro Padilla', 'start_date': '2026-03-01', 'start_time': '12:30:00', 'end_date': '2026-03-01', 'end_time': '14:00:00', 'description': 'Unity Gospel Choir con Clasijazz Big Band, Unity Mass Choir (Coro de los matriculados) + Bazil Meade y Cinque Culla Didier Likeng & Ramon Escalé + Invitados Internacionales. Lo más potente que se ha hecho jamás en Almería en cuanto al Gospel se refiere. La presentación del Coro Europeo más artistas de Chicago, Dinamarca, África. Una auténtica pasada que pondrá a Almería en el foco Internacional del Gospel . Además de los cientos de alumnos venidos de toda España para presentar un espectáculo único con solistas internacionales. Unity Mass Choir (Coro de los matriculados) + Bazil Meade y Cinque Cullar, Gospel meets Africa. Unity Gospel Choir & Clasijazz Big Band & Didier Likeng & N’Fali Kouyaté, dirigido por Ramon Escalé, New Jungle Orchestra. Como seña de identidad, Unity quiere hacer del Gospel una música transversal en constante evolución y relacionándose de manera natural con otras músicas, en este caso, la africana. Presentación en público por primera vez del Unity Choir, formado por cantantes seleccionados de 12 países europeos. El concierto es parte del Unity Clasijazz Gospel Festival. Se realiza como una primera edición y está dedicada a África.', 'others': {'organizer': '__NOT_FOUND__', 'price': 'NIVEL A: 25 EUROS | NIVEL B: 20 EUROS', 'category': 'Concierto|Música', 'audience_age': '__NOT_FOUND__'}, 'source': 'AlmeriaCiudad', 'exec_time': '20260224T183435', 'session': '2026_02_24_18_31_Martes', 'image': 'https://almeriaciudad.es/uploads/styles/large/public/media/image/unity_gospel_choir.jpg?itok=Fp6-tJ1r', 'url': 'https://almeriaciudad.es//cultura/evento/unity-gospel-choir-con-clasijazz-big-band'}
25 / 35
Getting https://almeriaciudad.es//cultura/evento/next-my-skin
Sleep 4
--------------------
{'id': 'eb6937f0', 'show': 1, 'in_city': 1, 'one_day': 1, 'wrong_date_time': 0, 'event': 'Next to My Skin', 'slug': 'next-to-my-skin', 'category': '__NOT_DEFINIED__', 'id_venue': 'tQfq78jF', 'venue': 'Teatro Apolo', 'std_venue': 'Teatro Apolo', 'start_date': '2026-04-17', 'start_time': '20:30:00', 'end_date': '2026-04-17', 'end_time': '22:00:00', 'description': 'Bajo los latidos de nuestros cuerpos, nuestras pieles se fusionan para convertirse  en una sola. Cada abrazo, cada gesto, transforma, muda, rasga y regenera la corteza del otro dejándose caer, hasta que las cicatrices más profundas acarician nuestro  contacto.', 'others': {'organizer': 'Teatro Apolo', 'price': 'ANTICIPADA: 12 EUROS | GENERAL: 15 EUROS | ABONO: 50 EUROS', 'category': 'Danza', 'audience_age': 'Todas las edades'}, 'source': 'AlmeriaCiudad', 'exec_time': '20260224T183435', 'session': '2026_02_24_18_31_Martes', 'image': 'https://almeriaciudad.es/uploads/styles/large/public/media/image/lamonto_tld_a4_26.jpg?itok=fhn64Yz8', 'url': 'https://almeriaciudad.es//cultura/evento/next-my-skin'}
26 / 35
Getting https://almeriaciudad.es//cultura/evento/antonio-gimenez-y-su-acompanamiento
Sleep 4
--------------------
{'id': '7648ba8e', 'show': 1, 'in_city': 1, 'one_day': 1, 'wrong_date_time': 0, 'event': 'Antonio Giménez Y Su Acompañamiento', 'slug': 'antonio-gimenez-y-su-acompanamiento', 'category': '__NOT_DEFINIED__', 'id_venue': 'tQfq78jF', 'venue': 'Teatro Apolo', 'std_venue': 'Teatro Apolo', 'start_date': '2026-04-15', 'start_time': '20:30:00', 'end_date': '2026-04-15', 'end_time': '22:00:00', 'description': 'Una Obra que trata sobre los sueños no realizados y que demuestra que nunca es tarde para realizarlos. Nuestros personaje, Paco intentara después de muchos años hacer realidad su sueño de juventud.', 'others': {'organizer': 'Teatro Apolo', 'price': 'GENERAL: 10 EUROS', 'category': 'Teatro', 'audience_age': 'Todas las edades'}, 'source': 'AlmeriaCiudad', 'exec_time': '20260224T183435', 'session': '2026_02_24_18_31_Martes', 'image': 'https://almeriaciudad.es/uploads/styles/large/public/media/image/abril-2026.-cartel-alhabia.jpg?itok=6lZ-jW0v', 'url': 'https://almeriaciudad.es//cultura/evento/antonio-gimenez-y-su-acompanamiento'}
27 / 35
Getting https://almeriaciudad.es//cultura/evento/revolver-0
Sleep 4
--------------------
{'id': '3a5adfc3', 'show': 1, 'in_city': 1, 'one_day': 1, 'wrong_date_time': 0, 'event': 'Revolver', 'slug': 'revolver', 'category': '__NOT_DEFINIED__', 'id_venue': '27qNP7DH', 'venue': 'Auditorio Municipal Maestro Padilla', 'std_venue': 'Auditorio Municipal Maestro Padilla', 'start_date': '2026-10-17', 'start_time': '20:30:00', 'end_date': '2026-10-17', 'end_time': '22:00:00', 'description': 'REVOLVER regresa a la carretera con LA 03010, un proyecto que representa mucho más que un nuevo álbum de estudio: es una coordenada emocional, un regreso al origen y una de las obras más complejas y personales en la trayectoria de Carlos Goñi, que continúa explorando nuevos territorios creativos. Bajo este enigmático código —el código postal del barrio alicantino de Los Ángeles donde vivió de niño— nace un repertorio que viaja a las historias que marcaron sus inicios. Según el propio Goñi: “Este álbum, junto con Argán, es de lo más complejo que he escrito en toda mi vida”. Este nuevo capítulo llega tras el éxito histórico de la gira aniversario de Eldorado, donde Revolver colgó el cartel de "Sold Out" en cada ciudad. En esta nueva cita, el artista no solo presentará sus nuevas composiciones, sino que el repertorio incluirá también esos éxitos de siempre que tantas alegrías nos han dado, logrando el equilibrio perfecto entre su presente creativo y el legado que le ha acompañado durante décadas.', 'others': {'organizer': '__NOT_FOUND__', 'price': 'NIVEL A: 42 EUROS | NIVEL B: 38 EUROS', 'category': 'Concierto', 'audience_age': 'Todas las edades'}, 'source': 'AlmeriaCiudad', 'exec_time': '20260224T183435', 'session': '2026_02_24_18_31_Martes', 'image': 'https://almeriaciudad.es/uploads/styles/large/public/media/image/portada-album-la03010.jpg?itok=tfYtXU-1', 'url': 'https://almeriaciudad.es//cultura/evento/revolver-0'}
28 / 35
Getting https://almeriaciudad.es//cultura/evento/dinero-negro
Sleep 4
--------------------
{'id': '6aa8f2ac', 'show': 1, 'in_city': 1, 'one_day': 1, 'wrong_date_time': 0, 'event': 'Dinero Negro', 'slug': 'dinero-negro', 'category': '__NOT_DEFINIED__', 'id_venue': 'tQfq78jF', 'venue': 'Teatro Apolo', 'std_venue': 'Teatro Apolo', 'start_date': '2026-03-11', 'start_time': '20:30:00', 'end_date': '2026-03-11', 'end_time': '22:00:00', 'description': 'La trama gira en torno a Carlos, que inesperadamente se encuentra con un maletín lleno de 10 millones de euros pertenecientes a la mafia rusa. Carlos, inicialmente un empleado de banco sin mayores sobresaltos, ve esta situación como una oportunidad para cambiar su vida y decide escapar con su esposa. Sin embargo, su intento de fuga se complica por la aparición de vecinos, un inspector de policía, y la amenaza de los dueños originales del dinero. La obra, por lo tanto, se desarrolla en medio de situaciones cómicas y enredos provocados por la inesperada.', 'others': {'organizer': 'Teatro Apolo', 'price': 'GENERAL: 10 EUROS', 'category': 'Teatro', 'audience_age': '__NOT_FOUND__'}, 'source': 'AlmeriaCiudad', 'exec_time': '20260224T183435', 'session': '2026_02_24_18_31_Martes', 'image': 'https://almeriaciudad.es/uploads/styles/large/public/media/image/cartel-marzo.-las-pachuecas.-peta-xx.jpeg?itok=2cEymeji', 'url': 'https://almeriaciudad.es//cultura/evento/dinero-negro'}
29 / 35
Getting https://almeriaciudad.es//cultura/evento/sorda-premios-lux-2026
Sleep 4
--------------------
{'id': '7150c5ad', 'show': 1, 'in_city': 1, 'one_day': 1, 'wrong_date_time': 0, 'event': 'Sorda - Premios Lux 2026', 'slug': 'sorda-premios-lux-2026', 'category': '__NOT_DEFINIED__', 'id_venue': None, 'venue': '__NOT_FOUND__', 'std_venue': None, 'start_date': '2026-03-04', 'start_time': '20:00:00', 'end_date': '2026-03-04', 'end_time': '22:00:00', 'description': 'Ángela, una mujer sorda, va a tener un bebé con Héctor, su pareja oyente. El embarazo hace aflorar sus miedos frente la maternidad y sobre cómo podrá comunicarse con su hija. La llegada de la niña genera una crisis en la pareja y lleva a Ángela a afrontar la crianza de su hija en un mundo que no está hecho para ella. Largometraje basado en el corto de 2021 del mismo nombre. Duración: 1hora 39 minutos', 'others': {'organizer': '__NOT_FOUND__', 'price': 'GRATUITO MEDIANTE INVITACIÓN', 'category': 'Cine', 'audience_age': '__NOT_FOUND__'}, 'source': 'AlmeriaCiudad', 'exec_time': '20260224T183435', 'session': '2026_02_24_18_31_Martes', 'image': 'https://almeriaciudad.es/uploads/styles/large/public/media/image/sorda.jpg?itok=7sgz6A45', 'url': 'https://almeriaciudad.es//cultura/evento/sorda-premios-lux-2026'}
30 / 35
Getting https://almeriaciudad.es//cultura/evento/zambrano
Sleep 4
--------------------
{'id': 'e3fb088e', 'show': 1, 'in_city': 1, 'one_day': 1, 'wrong_date_time': 0, 'event': 'Zambrano', 'slug': 'zambrano', 'category': '__NOT_DEFINIED__', 'id_venue': 'tQfq78jF', 'venue': 'Teatro Apolo', 'std_venue': 'Teatro Apolo', 'start_date': '2026-05-20', 'start_time': '20:30:00', 'end_date': '2026-05-20', 'end_time': '22:00:00', 'description': 'Un momento en la vida de María Zambrano, la noche previa de recibir el premio Cervantes, María escribe el discurso, en este intento recordara como llega hasta ese momento y por lo que ha pasado en su vida.', 'others': {'organizer': 'Teatro Apolo', 'price': 'GENERAL: 10 EUROS', 'category': 'Teatro', 'audience_age': 'Todas las edades'}, 'source': 'AlmeriaCiudad', 'exec_time': '20260224T183435', 'session': '2026_02_24_18_31_Martes', 'image': 'https://almeriaciudad.es/uploads/styles/large/public/media/image/mayo-2026.-cartel-zambrano.jpg?itok=QB7yOLgz', 'url': 'https://almeriaciudad.es//cultura/evento/zambrano'}
31 / 35
Getting https://almeriaciudad.es//cultura/evento/ulises
Sleep 4
--------------------
{'id': 'efe89c89', 'show': 1, 'in_city': 1, 'one_day': 1, 'wrong_date_time': 0, 'event': 'Ulises', 'slug': 'ulises', 'category': '__NOT_DEFINIED__', 'id_venue': 'tQfq78jF', 'venue': 'Teatro Apolo', 'std_venue': 'Teatro Apolo', 'start_date': '2026-05-21', 'start_time': '20:30:00', 'end_date': '2026-05-21', 'end_time': '22:00:00', 'description': 'DELICATESSEN PRIMAVERA 2026. El montaje refleja cómo. un actor se identifica plenamente con Ulises. , pues en su propio viaje a ninguna parte dentro del mundo del teatro ha. atravesado muchas tormentas y paraísos. , siempre en busca de su Ítaca, que en este contexto teatral se simboliza con el aplauso final. Ulises, una obra que. se integra en el estilo del “actor solista”. técnica teatral desde los tiempos de Plauto pasando por el medievo hasta llegar prestigioso premio nobel Darío Fo o Rafael Álvarez “El brujo”. Premios de la compañía: -Max Premios Interpretación del Rojas. -Premio Feria de Castilla-La Mancha. PULSE AQUÍ PARA ACCEDER A LA COMPRA DEL ABONO. "DELICATESSEN PRIMAVERA 2026"', 'others': {'organizer': 'Teatro Apolo', 'price': 'GENERAL: 14 EUROS| ABONO: 22 EUROS', 'category': 'Delicatessen', 'audience_age': '__NOT_FOUND__'}, 'source': 'AlmeriaCiudad', 'exec_time': '20260224T183435', 'session': '2026_02_24_18_31_Martes', 'image': 'https://almeriaciudad.es/uploads/styles/large/public/media/image/ulises-cartel.JPG?itok=Y37UvSzB', 'url': 'https://almeriaciudad.es//cultura/evento/ulises'}
32 / 35
Getting https://almeriaciudad.es//cultura/evento/vicente-amigo
Sleep 4
--------------------
{'id': 'd1669411', 'show': 1, 'in_city': 1, 'one_day': 1, 'wrong_date_time': 0, 'event': 'Vicente Amigo', 'slug': 'vicente-amigo', 'category': '__NOT_DEFINIED__', 'id_venue': '27qNP7DH', 'venue': 'Auditorio Municipal Maestro Padilla', 'std_venue': 'Auditorio Municipal Maestro Padilla', 'start_date': '2026-02-27', 'start_time': '20:30:00', 'end_date': '2026-02-27', 'end_time': '22:00:00', 'description': 'Vicente Amigo presenta su gira Andenes del tiempo. Un sexteto de lujo nos interpretará y nos hará disfrutar de la música y personales composiciones que han hecho de su dilatada y exitosa carrera artística una referencia indiscutible en el mundo de la música y del flamenco. Creador de un estilo propio e inconfundible. Sus composiciones, transmisión y sentido estético provocan una interpretación con la guitarra que sobresalen de manera sublime en cada concierto como pocos lo pueden lograr. En este nuevo espectáculo se incluirán tanto temas de discos anteriores, como de su nuevo y último lanzamiento discográfico “Andenesdel Tiempo“. Álbum que vio la luz en 2024; obteniendo una nueva nominación en los pasados Latin Grammy del 2024.', 'others': {'organizer': '__NOT_FOUND__', 'price': 'NIVEL A: 35 EUROS | NIVEL B: 25 EUROS', 'category': 'Concierto', 'audience_age': '__NOT_FOUND__'}, 'source': 'AlmeriaCiudad', 'exec_time': '20260224T183435', 'session': '2026_02_24_18_31_Martes', 'image': 'https://almeriaciudad.es/uploads/styles/large/public/media/image/captura-de-pantalla-2026-01-12-112818.png?itok=AtNv6R4F', 'url': 'https://almeriaciudad.es//cultura/evento/vicente-amigo'}
33 / 35
Getting https://almeriaciudad.es//cultura/evento/paco-candela
Sleep 4
--------------------
{'id': '173dd725', 'show': 1, 'in_city': 1, 'one_day': 1, 'wrong_date_time': 0, 'event': 'Paco Candela', 'slug': 'paco-candela', 'category': '__NOT_DEFINIED__', 'id_venue': '27qNP7DH', 'venue': 'Auditorio Municipal Maestro Padilla', 'std_venue': 'Auditorio Municipal Maestro Padilla', 'start_date': '2026-03-28', 'start_time': '21:00:00', 'end_date': '2026-03-28', 'end_time': '22:30:00', 'description': 'Paco Candela celebra por todo lo alto. 30 años de carrera con una nueva gira que será la más importante y emocionante para el artista. , una serie de conciertos únicos rodeado por un gran elenco de músicos que hacen de cada noche una nueva fiesta interpretando sus mejores temas como sólo en directo se puede hacer. “30” es un nuevo proyecto muy especial para Paco Candela y sus “candelistas” con una serie de grandes acontecimientos que se irán anunciando, entre ellos y además de esta gran gira un. nuevo disco del mismo nombre “30”. , un viaje desde las raíces y comienzos del artista hasta su faceta más actual. Entre sus nuevos temas podremos esperar sevillanas o fandangos que buscan transportarnos a sus inicios como el primer single. “Pa que yo te perdonara”. grabado en la “Gruta de las Maravillas”, en Aracena (Huelva), únicamente acompañado de la guitarra de Domi Serralbo, un lugar espectacular entre varios de los elegidos para la grabación de “30”. Además, en el disco inmortalizará sus populares “popurrís”, exclusivos de los directos donde reinterpreta sus mejores canciones de una manera única y muy especial y que ahora graba para el disfrute de todos sus fans; hasta temas inéditos como baladas, tangos o rumbas, que experimentan nuevos ritmos y nos sorprenderán con el Paco más actual que se reinventa año tras año. Una nueva etapa y una nueva gira llena de sorpresas, un viaje por la música flamenca, sevillanas con mensajes comprometidos y canciones con estilos variados que harán emocionarnos. Pura emoción y puro sentimiento, es Paco Candela. Después de 16 discos de estudio, nominado a los Latin Grammy y Premios Odeón, premiado como Andaluz del Año o Referente para la Juventud en el Parlamento de Andalucía, Paco Candela ha logrado ser. una de las voces referentes a nivel nacional e internacional de música flamenca y popular. . Considerado por muchos. “el cantaor del pueblo”. presenta esta gira donde se celebra 30 años de carrera con sus “candelistas”, como así se autodenominan sus fans, una multitud que crece cada día, en buena medida tras acudir a sus conciertos y descubrir su carisma, cercanía y como no su gran voz. Acompañado de un excelente elenco de músicos y técnicos que hacen de cada actuación una noche que el público no puede olvidar, pura emoción y puro sentimiento, es Paco Candela.', 'others': {'organizer': '__NOT_FOUND__', 'price': 'NIVEL A: 38 EUROS | NIVEL B: 35 EUROS', 'category': 'Flamenco', 'audience_age': '__NOT_FOUND__'}, 'source': 'AlmeriaCiudad', 'exec_time': '20260224T183435', 'session': '2026_02_24_18_31_Martes', 'image': 'https://almeriaciudad.es/uploads/styles/large/public/media/image/post_pacocandela.png?itok=eNbnDtCP', 'url': 'https://almeriaciudad.es//cultura/evento/paco-candela'}
34 / 35
Getting https://almeriaciudad.es//cultura/evento/marwan
Sleep 4
--------------------
{'id': '79a9c874', 'show': 1, 'in_city': 1, 'one_day': 1, 'wrong_date_time': 0, 'event': 'Marwán', 'slug': 'marwan', 'category': '__NOT_DEFINIED__', 'id_venue': 'tQfq78jF', 'venue': 'Teatro Apolo', 'std_venue': 'Teatro Apolo', 'start_date': '2026-03-15', 'start_time': '20:00:00', 'end_date': '2026-03-15', 'end_time': '21:30:00', 'description': '"Un encuentro más allá de las canciones". En febrero y marzo de 2026, Marwán se embarca en una gira muy especial y puntual, pensada como una experiencia de cercanía y conexión real con su público. Serán conciertos de aforo muy reducido en los que el artista irá más allá del formato habitual: cantará, recitará y conversará con el público, compartiendo historias, curiosidades y dinámicas que transforman cada cita en un encuentro irrepetible. Cada ciudad contará con momentos y acciones creadas expresamente para su contexto y su gente, haciendo que ningún concierto sea igual a otro. Un formato íntimo, a solas, cara a cara con el público y con un set exclusivo. Esto ocurre mientras Marwán compone y graba su próximo disco de estudio. Una oportunidad única para descubrir al artista en estado puro antes del lanzamiento del nuevo álbum, previsto para finales de 2026, y del arranque de su próxima gran gira por salas y festivales.', 'others': {'organizer': 'Teatro Apolo', 'price': 'GENERAL: 35 EUROS', 'category': 'Concierto', 'audience_age': 'Todas las edades'}, 'source': 'AlmeriaCiudad', 'exec_time': '20260224T183435', 'session': '2026_02_24_18_31_Martes', 'image': 'https://almeriaciudad.es/uploads/styles/large/public/media/image/almeria-2026-scaled.jpg?itok=zBTaGiu7', 'url': 'https://almeriaciudad.es//cultura/evento/marwan'}
****************************
Saving 35 new events
Saving in  /home/ubuntu/data_storage/Almeria/2026_02_24_18_31_Martes/0_raw/20260224_1834_AlmeriaCiudad.json
Saving 35 master url
Appending to  /home/ubuntu/data_storage/Almeria/00_master/master_url.json
