time=2026-03-01T11:33:14.118Z level=INFO msg="Executing root dag-run" dag=FisgonTaskRequest run-id=019ca92c-8904-7823-9374-11848e0be0de params=""
time=2026-03-01T11:33:14.131Z level=INFO msg="DAG run started" name=FisgonTaskRequest run-id=019ca92c-8904-7823-9374-11848e0be0de attempt-id="" dag=FisgonTaskRequest run-id=019ca92c-8904-7823-9374-11848e0be0de params="[TARGET_CITY=Almeria TARGET_SCRAPER=KuverProducciones 3=DAGU_BASE_URL=]"
time=2026-03-01T11:33:14.136Z level=INFO msg="Step started" name=FisgonTaskRequest run-id=019ca92c-8904-7823-9374-11848e0be0de attempt-id="" dag=FisgonTaskRequest run-id=019ca92c-8904-7823-9374-11848e0be0de step=tarea_1
time=2026-03-01T11:33:28.399Z level=INFO msg="DAG run finished" name=FisgonTaskRequest run-id=019ca92c-8904-7823-9374-11848e0be0de attempt-id="" dag=FisgonTaskRequest run-id=019ca92c-8904-7823-9374-11848e0be0de status=succeeded started-at=2026-03-01T11:33:14Z finished-at=2026-03-01T11:33:28Z
time=2026-03-01T11:33:28.437Z level=INFO msg="Executing root dag-run" dag=FisgonTaskRequest run-id=019ca92c-c0f3-7b1d-998e-f04b44958938 params=""
time=2026-03-01T11:33:28.450Z level=INFO msg="DAG run started" name=FisgonTaskRequest run-id=019ca92c-c0f3-7b1d-998e-f04b44958938 attempt-id="" dag=FisgonTaskRequest run-id=019ca92c-c0f3-7b1d-998e-f04b44958938 params="[TARGET_CITY=Almeria TARGET_SCRAPER=SalaBerlin 3=DAGU_BASE_URL=]"
time=2026-03-01T11:33:28.454Z level=INFO msg="Step started" name=FisgonTaskRequest run-id=019ca92c-c0f3-7b1d-998e-f04b44958938 attempt-id="" dag=FisgonTaskRequest run-id=019ca92c-c0f3-7b1d-998e-f04b44958938 step=tarea_1
time=2026-03-01T11:33:53.766Z level=INFO msg="DAG run finished" name=FisgonTaskRequest run-id=019ca92c-c0f3-7b1d-998e-f04b44958938 attempt-id="" dag=FisgonTaskRequest run-id=019ca92c-c0f3-7b1d-998e-f04b44958938 status=succeeded started-at=2026-03-01T11:33:28Z finished-at=2026-03-01T11:33:53Z
time=2026-03-01T11:33:53.804Z level=INFO msg="Executing root dag-run" dag=FisgonTaskRequest run-id=019ca92d-240b-728e-9e53-858be656510a params=""
time=2026-03-01T11:33:53.816Z level=INFO msg="DAG run started" name=FisgonTaskRequest run-id=019ca92d-240b-728e-9e53-858be656510a attempt-id="" dag=FisgonTaskRequest run-id=019ca92d-240b-728e-9e53-858be656510a params="[TARGET_CITY=Almeria TARGET_SCRAPER=LaGuajira 3=DAGU_BASE_URL=]"
time=2026-03-01T11:33:53.820Z level=INFO msg="Step started" name=FisgonTaskRequest run-id=019ca92d-240b-728e-9e53-858be656510a attempt-id="" dag=FisgonTaskRequest run-id=019ca92d-240b-728e-9e53-858be656510a step=tarea_1
time=2026-03-01T11:34:52.772Z level=INFO msg="DAG run finished" name=FisgonTaskRequest run-id=019ca92d-240b-728e-9e53-858be656510a attempt-id="" dag=FisgonTaskRequest run-id=019ca92d-240b-728e-9e53-858be656510a status=succeeded started-at=2026-03-01T11:33:53Z finished-at=2026-03-01T11:34:52Z
time=2026-03-01T11:34:52.811Z level=INFO msg="Executing root dag-run" dag=FisgonTaskRequest run-id=019ca92e-0a8a-7a03-808a-169bcc86082d params=""
time=2026-03-01T11:34:52.824Z level=INFO msg="DAG run started" name=FisgonTaskRequest run-id=019ca92e-0a8a-7a03-808a-169bcc86082d attempt-id="" dag=FisgonTaskRequest run-id=019ca92e-0a8a-7a03-808a-169bcc86082d params="[TARGET_CITY=Almeria TARGET_SCRAPER=ConciertosClub 3=DAGU_BASE_URL=]"
time=2026-03-01T11:34:52.828Z level=INFO msg="Step started" name=FisgonTaskRequest run-id=019ca92e-0a8a-7a03-808a-169bcc86082d attempt-id="" dag=FisgonTaskRequest run-id=019ca92e-0a8a-7a03-808a-169bcc86082d step=tarea_1
time=2026-03-01T11:35:12.280Z level=INFO msg="DAG run finished" name=FisgonTaskRequest run-id=019ca92e-0a8a-7a03-808a-169bcc86082d attempt-id="" dag=FisgonTaskRequest run-id=019ca92e-0a8a-7a03-808a-169bcc86082d status=succeeded started-at=2026-03-01T11:34:52Z finished-at=2026-03-01T11:35:12Z
time=2026-03-01T11:35:12.319Z level=INFO msg="Executing root dag-run" dag=FisgonTaskRequest run-id=019ca92e-56be-72f0-b8e1-1956c0dd25a3 params=""
time=2026-03-01T11:35:12.331Z level=INFO msg="DAG run started" name=FisgonTaskRequest run-id=019ca92e-56be-72f0-b8e1-1956c0dd25a3 attempt-id="" dag=FisgonTaskRequest run-id=019ca92e-56be-72f0-b8e1-1956c0dd25a3 params="[TARGET_CITY=Almeria TARGET_SCRAPER=LaPlaza 3=DAGU_BASE_URL=]"
time=2026-03-01T11:35:12.335Z level=INFO msg="Step started" name=FisgonTaskRequest run-id=019ca92e-56be-72f0-b8e1-1956c0dd25a3 attempt-id="" dag=FisgonTaskRequest run-id=019ca92e-56be-72f0-b8e1-1956c0dd25a3 step=tarea_1
time=2026-03-01T11:35:13.110Z level=INFO msg="DAG run finished" name=FisgonTaskRequest run-id=019ca92e-56be-72f0-b8e1-1956c0dd25a3 attempt-id="" dag=FisgonTaskRequest run-id=019ca92e-56be-72f0-b8e1-1956c0dd25a3 status=failed started-at=2026-03-01T11:35:12Z finished-at=2026-03-01T11:35:13Z
time=2026-03-01T11:35:13.123Z level=ERROR msg="Failed to execute dag-run" dag=FisgonTaskRequest run-id=019ca92e-56be-72f0-b8e1-1956c0dd25a3 err="failed to execute step \"tarea_1\": exit status 1\nrecent stderr (tail):\nTraceback (most recent call last):\n  File \"/app/run.py\", line 124, in <module>\n    raise ValueError(\nValueError: Scraper 'LaPlaza' not found. Available: ['AlmeriaCiudad', 'AlmeriaTurismo', 'JuntaAndaluciaAgenda', 'KuverProducciones', 'SalaBerlin', 'LaGuajira', 'ClassicJazz', 'ConciertosClub', 'FlowteTaquillaCultural', 'Entradium', 'TodasLasEntradas', 'RedBibliotecas', 'SalaEmma', 'JacksonLive', 'BibliotecaAgenda']\n"
Error: failed to execute the dag-run FisgonTaskRequest (dag-run ID: 019ca92e-56be-72f0-b8e1-1956c0dd25a3): failed to execute step "tarea_1": exit status 1
recent stderr (tail):
Traceback (most recent call last):
  File "/app/run.py", line 124, in <module>
    raise ValueError(
ValueError: Scraper 'LaPlaza' not found. Available: ['AlmeriaCiudad', 'AlmeriaTurismo', 'JuntaAndaluciaAgenda', 'KuverProducciones', 'SalaBerlin', 'LaGuajira', 'ClassicJazz', 'ConciertosClub', 'FlowteTaquillaCultural', 'Entradium', 'TodasLasEntradas', 'RedBibliotecas', 'SalaEmma', 'JacksonLive', 'BibliotecaAgenda']

time=2026-03-01T11:35:13.152Z level=INFO msg="Executing root dag-run" dag=FisgonTaskRequest run-id=019ca92e-59fe-7938-8d52-b7fcde313c52 params=""
time=2026-03-01T11:35:13.165Z level=INFO msg="DAG run started" name=FisgonTaskRequest run-id=019ca92e-59fe-7938-8d52-b7fcde313c52 attempt-id="" dag=FisgonTaskRequest run-id=019ca92e-59fe-7938-8d52-b7fcde313c52 params="[TARGET_CITY=Almeria TARGET_SCRAPER=JacksonLive 3=DAGU_BASE_URL=]"
time=2026-03-01T11:35:13.168Z level=INFO msg="Step started" name=FisgonTaskRequest run-id=019ca92e-59fe-7938-8d52-b7fcde313c52 attempt-id="" dag=FisgonTaskRequest run-id=019ca92e-59fe-7938-8d52-b7fcde313c52 step=tarea_1
time=2026-03-01T11:35:15.725Z level=INFO msg="DAG run finished" name=FisgonTaskRequest run-id=019ca92e-59fe-7938-8d52-b7fcde313c52 attempt-id="" dag=FisgonTaskRequest run-id=019ca92e-59fe-7938-8d52-b7fcde313c52 status=succeeded started-at=2026-03-01T11:35:13Z finished-at=2026-03-01T11:35:15Z
time=2026-03-01T11:35:15.769Z level=INFO msg="Executing root dag-run" dag=FisgonTaskRequest run-id=019ca92e-6438-72ca-ad24-a183e21d63ae params=""
time=2026-03-01T11:35:15.782Z level=INFO msg="DAG run started" name=FisgonTaskRequest run-id=019ca92e-6438-72ca-ad24-a183e21d63ae attempt-id="" dag=FisgonTaskRequest run-id=019ca92e-6438-72ca-ad24-a183e21d63ae params="[TARGET_CITY=Almeria TARGET_SCRAPER=BibliotecaAgenda 3=DAGU_BASE_URL=]"
time=2026-03-01T11:35:15.786Z level=INFO msg="Step started" name=FisgonTaskRequest run-id=019ca92e-6438-72ca-ad24-a183e21d63ae attempt-id="" dag=FisgonTaskRequest run-id=019ca92e-6438-72ca-ad24-a183e21d63ae step=tarea_1
time=2026-03-01T11:36:06.444Z level=INFO msg="DAG run finished" name=FisgonTaskRequest run-id=019ca92e-6438-72ca-ad24-a183e21d63ae attempt-id="" dag=FisgonTaskRequest run-id=019ca92e-6438-72ca-ad24-a183e21d63ae status=succeeded started-at=2026-03-01T11:35:15Z finished-at=2026-03-01T11:36:06Z
