
RUNNING VARS → 
        CITY=Almeria, 

        OPERATION=0,
            CREATE_SESSION=0,
            CLOSE_SESSION=0,
            SESSION=None,
            IMAGES=0,
            GET_SCRAPERS=

        SCRAPER=AlmeriaCiudad
        DAG_RUN_URL=/dags/FisgonTaskSelenium/log?remoteNode=local&step=tarea_1&dagRunId=019d2707-393e-7d13-869a-5474f557308e

Running for Almeria: AlmeriaCiudad
AlmeriaCiudad
RUNNING SESSION =  2026_03_25_22_02_Miercoles
Starting WebDriver...
http://localhost:4444/wd/hub
sleeping 5
Getting content
page = 0 -----------https://almeriaciudad.es/cultura/agenda?page=0--------------- len 12
sleeping 5
Getting content
page = 1 -----------https://almeriaciudad.es/cultura/agenda?page=1--------------- len 12
sleeping 5
