
RUNNING VARS → 
        CITY=Almeria, 

        OPERATION=0,
            CREATE_SESSION=0,
            CLOSE_SESSION=0,
            SESSION=None,
            IMAGES=0,
            GET_SCRAPERS=

        SCRAPER=ClassicJazz
        DAG_RUN_URL=/dags/FisgonTaskSelenium/log?remoteNode=local&step=tarea_1&dagRunId=019d6455-94c6-7bed-bd37-bc6663d009d7

Running for Almeria: ClassicJazz
ClassicJazz
RUNNING SESSION =  2026_04_06_19_42_Lunes
Starting WebDriver...
http://localhost:4444/wd/hub
*********************times =1
sleeping 7
Scrolling...
sleeping 1
Getting content
clicking
sleeping 3
sleeping 7
*********************times =2
sleeping 7
Scrolling...
sleeping 1
Getting content
clicking
sleeping 3
sleeping 7
*** SCRAPED 114 URLS WITH EVENTS **
New url events = 1
0 / 1
Getting https://clasijazz.com/evento/jam-session-4/2026-05-27/
Sleep 4
2026-05-27T22:00:00 2026-05-27T23:30:00
--------------------
{'id': '9c09d585', 'show': 1, 'in_city': 1, 'one_day': 1, 'wrong_date_time': 0, 'event': 'Jam Session', 'slug': 'jam-session', 'category': '__NOT_DEFINIED__', 'id_venue': 'Q6b6LRjT', 'venue': 'Sede Clasijazz', 'std_venue': 'Clasijazz', 'start_date': '2026-05-27', 'start_time': '22:00:00', 'end_date': '2026-05-27', 'end_time': '23:30:00', 'description': '3 € No Soci@ / gratuito Soci@ Sala Principal Cada miércoles puedes disfrutar de una Jam Session. Uno de los eventos más seguidos en Almería y por el que han pasado muchísimos músicos y público. ¡Disfruta de esta maravilla de Jam Session!', 'others': {'price': '__NOT_DEFINIED__', 'category': 'Programación', 'location_url': 'https://clasijazz.com/local/sede-clasijazz/', 'location': 'Maestro Serrano 9, Almería'}, 'source': 'ClassicJazz', 'exec_time': '20260406T194707', 'session': '2026_04_06_19_42_Lunes', 'image': 'https://clasijazz.com/wp-content/uploads/2025/09/PANA5800-scaled.jpg', 'url': 'https://clasijazz.com/evento/jam-session-4/2026-05-27/'}
****************************
Saving 1 new events
Saving in  /home/ubuntu/data_storage/Almeria/2026_04_06_19_42_Lunes/0_raw/20260406_1947_ClassicJazz.json
Saving 1 master url
Appending to  /home/ubuntu/data_storage/Almeria/00_master/master_url.json
