
RUNNING VARS → 
        CITY=Almeria, 

        OPERATION=0,
            CREATE_SESSION=0,
            SESSION=None,
            IMAGES=0,

        SCRAPER=ClassicJazz, 

Running for Almeria: ClassicJazz
ClassicJazz
RUNNING SESSION =  2026_02_02_15_32_Lunes
Starting WebDriver...
http://localhost:4444/wd/hub
*********************times =1
sleeping 7
Scrolling...
sleeping 1
Scrolling...
sleeping 1
Getting content
clicking
sleeping 3
sleeping 7
*********************times =2
sleeping 7
Scrolling...
sleeping 1
Getting content
clicking
sleeping 3
sleeping 7
*** SCRAPED 118 URLS WITH EVENTS **
New url events = 38
0 / 38
Getting https://clasijazz.com/evento/jam-session-especial-mardi-gras/
Sleep 4
2026-02-18T22:00:00 2026-02-18T00:30:00
--------------------
{'id': '8639b876', 'show': 1, 'in_city': 1, 'one_day': 1, 'wrong_date_time': 0, 'event': 'Jam Session – Especial Mardi Gras', 'id_venue': 'Q6b6LRjT', 'venue': 'Sede Clasijazz', 'std_venue': 'Clasijazz', 'start_date': '2026-02-18', 'start_time': '22:00:00', 'end_date': '2026-02-18', 'end_time': '00:30:00', 'description': '3 € No Soci@ / gratuito Soci@ Sala Principal Cada miércoles puedes disfrutar de una Jam Session. Uno de los eventos más seguidos en Almería y por el que han pasado muchísimos músicos y público. ¡Disfruta de esta maravilla de Jam Session!', 'others': {'price': '__NOT_DEFINIED__', 'category': 'Programación', 'location_url': 'https://clasijazz.com/local/sede-clasijazz/', 'location': 'Maestro Serrano 9, Almería'}, 'source': 'ClassicJazz', 'exec_time': '20260202T160026', 'session': '2026_02_02_15_32_Lunes', 'image': '__NOT_FOUND__', 'url': 'https://clasijazz.com/evento/jam-session-especial-mardi-gras/'}
1 / 38
Getting https://clasijazz.com/evento/jam-session-4/2026-02-04/
Sleep 4
2026-02-04T22:00:00 2026-02-04T23:30:00
--------------------
{'id': '75e3dd51', 'show': 1, 'in_city': 1, 'one_day': 1, 'wrong_date_time': 0, 'event': 'Jam Session', 'id_venue': 'Q6b6LRjT', 'venue': 'Sede Clasijazz', 'std_venue': 'Clasijazz', 'start_date': '2026-02-04', 'start_time': '22:00:00', 'end_date': '2026-02-04', 'end_time': '23:30:00', 'description': '3 € No Soci@ / gratuito Soci@ Sala Principal Cada miércoles puedes disfrutar de una Jam Session. Uno de los eventos más seguidos en Almería y por el que han pasado muchísimos músicos y público. ¡Disfruta de esta maravilla de Jam Session!', 'others': {'price': '__NOT_DEFINIED__', 'category': 'Programación', 'location_url': 'https://clasijazz.com/local/sede-clasijazz/', 'location': 'Maestro Serrano 9, Almería'}, 'source': 'ClassicJazz', 'exec_time': '20260202T160026', 'session': '2026_02_02_15_32_Lunes', 'image': '__NOT_FOUND__', 'url': 'https://clasijazz.com/evento/jam-session-4/2026-02-04/'}
2 / 38
Getting https://clasijazz.com/evento/casting-all-star-talent-festival/
Sleep 4
2026-02-20T20:00:00 2026-02-20T22:00:00
--------------------
{'id': '8d0e0dda', 'show': 1, 'in_city': 1, 'one_day': 1, 'wrong_date_time': 0, 'event': 'Casting – All Star Talent Festival', 'id_venue': 'ddgm4gQP', 'venue': 'Port Of Spain', 'std_venue': 'Port Of Spain', 'start_date': '2026-02-20', 'start_time': '20:00:00', 'end_date': '2026-02-20', 'end_time': '22:00:00', 'description': 'Port of Spain – Entrada Libre CASTING · ALL STARS TALENT FESTIVAL 20 de Febrero 20:00 h Port Of Spain – Almería ¿Eres cantante, monologuista, mago, ilusionista o artista escénico? Esta es tu oportunidad de formar parte del All Stars Talent Festival. ⚠️ IMPORTANTE Antes del casting presencial es OBLIGATORIO realizar un pre-casting online. ¿Cómo participar? 1️⃣ Contacta por WhatsApp 633 120 150 / 686 273 681 ó Registro online: www.allstarstalentfestival.com www.caststars.tv 2️⃣ Envía tus datos, fotos y vídeo 3️⃣ Si eres preseleccionado/a, recibirás cita previa para el casting presencial. Casting delante de cámara y público Entrada libre ✨ Vive una experiencia artística única', 'others': {'price': '__NOT_DEFINIED__', 'category': 'Programación', 'location_url': 'https://clasijazz.com/local/port-of-spain/', 'location': 'Parque Nicolás Salmeron 20, Almería'}, 'source': 'ClassicJazz', 'exec_time': '20260202T160026', 'session': '2026_02_02_15_32_Lunes', 'image': '__NOT_FOUND__', 'url': 'https://clasijazz.com/evento/casting-all-star-talent-festival/'}
3 / 38
Getting https://clasijazz.com/evento/jam-session-4/2026-03-11/
Sleep 4
2026-03-11T22:00:00 2026-03-11T23:30:00
--------------------
{'id': 'be09f1e7', 'show': 1, 'in_city': 1, 'one_day': 1, 'wrong_date_time': 0, 'event': 'Jam Session', 'id_venue': 'Q6b6LRjT', 'venue': 'Sede Clasijazz', 'std_venue': 'Clasijazz', 'start_date': '2026-03-11', 'start_time': '22:00:00', 'end_date': '2026-03-11', 'end_time': '23:30:00', 'description': '3 € No Soci@ / gratuito Soci@ Sala Principal Cada miércoles puedes disfrutar de una Jam Session. Uno de los eventos más seguidos en Almería y por el que han pasado muchísimos músicos y público. ¡Disfruta de esta maravilla de Jam Session!', 'others': {'price': '__NOT_DEFINIED__', 'category': 'Programación', 'location_url': 'https://clasijazz.com/local/sede-clasijazz/', 'location': 'Maestro Serrano 9, Almería'}, 'source': 'ClassicJazz', 'exec_time': '20260202T160026', 'session': '2026_02_02_15_32_Lunes', 'image': '__NOT_FOUND__', 'url': 'https://clasijazz.com/evento/jam-session-4/2026-03-11/'}
4 / 38
Getting https://clasijazz.com/evento/from-beatles-to-you-2/
Sleep 4
2026-03-13T22:00:00 2026-03-13T23:30:00
--------------------
{'id': '49b629fc', 'show': 1, 'in_city': 1, 'one_day': 1, 'wrong_date_time': 0, 'event': 'From Beatles To You', 'id_venue': 'ddgm4gQP', 'venue': 'Port Of Spain', 'std_venue': 'Port Of Spain', 'start_date': '2026-03-13', 'start_time': '22:00:00', 'end_date': '2026-03-13', 'end_time': '23:30:00', 'description': '10 € NS / 3 € S Port of Spain FROM BEATLES TO YOU es una banda tributo a los 4 de Liverpool .un recorrido musical por toda la beatlemania y los últimos años de la banda .Desde Love me do, She Loves you pasando por yesterday hasta llegar a come together . Entradas: From Beatles To You', 'others': {'price': '__NOT_DEFINIED__', 'category': 'Programación', 'location_url': 'https://clasijazz.com/local/port-of-spain/', 'location': 'Parque Nicolás Salmeron 20, Almería'}, 'source': 'ClassicJazz', 'exec_time': '20260202T160026', 'session': '2026_02_02_15_32_Lunes', 'image': '__NOT_FOUND__', 'url': 'https://clasijazz.com/evento/from-beatles-to-you-2/'}
5 / 38
Getting https://clasijazz.com/evento/mini-jam/2026-02-20/
Sleep 4
2026-02-20T18:00:00 2026-02-20T19:00:00
--------------------
{'id': '3c42ad94', 'show': 1, 'in_city': 1, 'one_day': 1, 'wrong_date_time': 0, 'event': 'Mini Jam', 'id_venue': 'Q6b6LRjT', 'venue': 'Sede Clasijazz', 'std_venue': 'Clasijazz', 'start_date': '2026-02-20', 'start_time': '18:00:00', 'end_date': '2026-02-20', 'end_time': '19:00:00', 'description': 'Entrada Libre | Sala Industrial Que importantes son las Mini Jams en Clasijazz. Generaciones se han criado con música y cantando desde chicos . Aquí tenéis todas las de este curso . Son gratuitas pero si quieres hacerte socio nos ayudarás a seguir con la ilusión por predicar la música para todas las edades.', 'others': {'price': '__NOT_DEFINIED__', 'category': 'Programación', 'location_url': 'https://clasijazz.com/local/sede-clasijazz/', 'location': 'Maestro Serrano 9, Almería'}, 'source': 'ClassicJazz', 'exec_time': '20260202T160026', 'session': '2026_02_02_15_32_Lunes', 'image': '__NOT_FOUND__', 'url': 'https://clasijazz.com/evento/mini-jam/2026-02-20/'}
6 / 38
Getting https://clasijazz.com/evento/jam-session-4/2026-03-25/
Sleep 4
2026-03-25T22:00:00 2026-03-25T23:30:00
--------------------
{'id': 'f85d810d', 'show': 1, 'in_city': 1, 'one_day': 1, 'wrong_date_time': 0, 'event': 'Jam Session', 'id_venue': 'Q6b6LRjT', 'venue': 'Sede Clasijazz', 'std_venue': 'Clasijazz', 'start_date': '2026-03-25', 'start_time': '22:00:00', 'end_date': '2026-03-25', 'end_time': '23:30:00', 'description': '3 € No Soci@ / gratuito Soci@ Sala Principal Cada miércoles puedes disfrutar de una Jam Session. Uno de los eventos más seguidos en Almería y por el que han pasado muchísimos músicos y público. ¡Disfruta de esta maravilla de Jam Session!', 'others': {'price': '__NOT_DEFINIED__', 'category': 'Programación', 'location_url': 'https://clasijazz.com/local/sede-clasijazz/', 'location': 'Maestro Serrano 9, Almería'}, 'source': 'ClassicJazz', 'exec_time': '20260202T160026', 'session': '2026_02_02_15_32_Lunes', 'image': '__NOT_FOUND__', 'url': 'https://clasijazz.com/evento/jam-session-4/2026-03-25/'}
7 / 38
Getting https://clasijazz.com/evento/lxxxviii-velorio-poetico/
Sleep 4
2026-02-05T20:00:00 2026-02-05T21:30:00
--------------------
{'id': '5c774077', 'show': 1, 'in_city': 1, 'one_day': 1, 'wrong_date_time': 0, 'event': 'LXXXVIII Velorio Poético', 'id_venue': 'Q6b6LRjT', 'venue': 'Sede Clasijazz', 'std_venue': 'Clasijazz', 'start_date': '2026-02-05', 'start_time': '20:00:00', 'end_date': '2026-02-05', 'end_time': '21:30:00', 'description': 'Entrada Libre | Sala Principal', 'others': {'price': '__NOT_DEFINIED__', 'category': 'Programación', 'location_url': 'https://clasijazz.com/local/sede-clasijazz/', 'location': 'Maestro Serrano 9, Almería'}, 'source': 'ClassicJazz', 'exec_time': '20260202T160026', 'session': '2026_02_02_15_32_Lunes', 'image': '__NOT_FOUND__', 'url': 'https://clasijazz.com/evento/lxxxviii-velorio-poetico/'}
8 / 38
Getting https://clasijazz.com/evento/orquesta-fima-sinfonias-25-29-y-concierto-para-trompa-y-orquesta-no-2-integral-de-mozart/
Sleep 4
2026-02-22T12:00:00 2026-02-22T13:15:00
--------------------
{'id': 'ed8d2d37', 'show': 1, 'in_city': 1, 'one_day': 1, 'wrong_date_time': 0, 'event': 'Orquesta FIMA – Sinfonías 25, 29 y Concierto para Trompa y Orquesta Nº 2 – Integral de Mozart', 'id_venue': 'Q6b6LRjT', 'venue': 'Sede Clasijazz', 'std_venue': 'Clasijazz', 'start_date': '2026-02-22', 'start_time': '12:00:00', 'end_date': '2026-02-22', 'end_time': '13:15:00', 'description': '12 € NS / 5 € S Sala Principal Otra vez a la carga con la Integral de Mozart !! Este segundo concierto del año va a ser increíble con un programa precioso de dos sinfonías únicas y también con la interpretación del Concierto de Trompa Nº 2 pero con la excepcionalidad de ser Trompa Natural, un instrumento muy difícil de ver y de una dificultad impresionante que interpretará Miguel Ángel Curiel . El concierto estará dirigido por el gran y reconocido director y concertino Abelardo Martín . El Concierto para trompa n.º 2 en mi bemol mayor, K. 417, fue completado el 27 de mayo de 1783. El destinatario de este concierto es Joseph Leutgeb, trompista austríaco que mantuvo una gran amistad con la familia Mozart. En una crónica del Mercure de France de 1770 se dice de él que “tiene tal maestría para tocar su instrumento que podía cantar los adagios con tanta perfección como sólo las más suaves, interesantes y precisas voces eran capaces de hacerlo”. Así mismo, Mozart le dedicó los conciertos K412, K447 y K495 y el quinteto para trompa y cuerdas K407. En esta ocasión el concierto será interpretado con trompa natural, sin válvulas ni mecanismos, como la que se utilizaba en la época de Mozart. La obra consta de tres movimientos: I. Allegro maestoso. II. Andante. III. Rondó Più allegro. La Sinfonía n.º 25 en sol menor, K. 183/173dB, también conocida como “Pequeña sinfonía en sol menor”, fue compuesta por Wolfgang Amadeus Mozart en octubre de 1773, cuando el compositor tenía diecisiete años. El sobrenombre «Pequeña sinfonía en sol menor» se emplea para distinguirla de la «Gran sinfonía en sol menor», que es la Sinfonía n.º 40 compuesta en la misma tonalidad. Estas dos son las únicas sinfonías que compuso Mozart en modo menor, quizás con la única excepción de una temprana sinfonía en la menor, de autenticidad discutida y conocida como la Sinfonía Odense. La Sinfonía n.º 29 en la mayor, K. 201/186a fue compuesta por Wolfgang Amadeus Mozart y fechada el 6 de abril de 1774, cuando el compositor tenía dieciocho años. Esta es una etapa de la vida del compositor carente de detalles documentales. Hasta diciembre, fecha en la que viajó a Múnich para supervisar el inminente estreno de su ópera bufa La finta giardiniera, pasó todo el año en Salzburgo y por tanto no existen cartas a familiares de estas fechas. Finalmente fue contratado como concertino (junto a Michael Haydn, hermano del más célebre Joseph Haydn) de la corte de Salzburgo. La plantilla de músicos de la Orquesta FIMA será: Violines Aberlardo Martín – director concertino Paula Martín Nerea Prieto Lidia Fernández Álvaro Mérida Elia Berdala Lucía Lorente María Victoria Ubago Silvia Guillén Violas Soraya Lúa Ana Isabel Blanco Berta Rodríguez Cellos Blanca Martín Juan Tripiana Carmen Ballesteros Contrabajo Andrea Alonso Oboes: Sheila Alcalá Cervera Emilio Curiel Ubago Trompas: Miguel Ángel Curiel Palomares Joaquín Góngora Blanes Mónica Garrido Ibáñez David Pérez Briceño Fagot: Miguel Ángel Curiel Palomares David Ferre', 'others': {'price': '5,00€ – 12,00€', 'category': 'Programación', 'location_url': 'https://clasijazz.com/local/sede-clasijazz/', 'location': 'Maestro Serrano 9, Almería'}, 'source': 'ClassicJazz', 'exec_time': '20260202T160026', 'session': '2026_02_02_15_32_Lunes', 'image': '__NOT_FOUND__', 'url': 'https://clasijazz.com/evento/orquesta-fima-sinfonias-25-29-y-concierto-para-trompa-y-orquesta-no-2-integral-de-mozart/'}
9 / 38
Getting https://clasijazz.com/evento/mini-jam/2026-03-20/
Sleep 4
2026-03-20T18:00:00 2026-03-20T19:00:00
--------------------
{'id': '8d2afcaf', 'show': 1, 'in_city': 1, 'one_day': 1, 'wrong_date_time': 0, 'event': 'Mini Jam', 'id_venue': 'Q6b6LRjT', 'venue': 'Sede Clasijazz', 'std_venue': 'Clasijazz', 'start_date': '2026-03-20', 'start_time': '18:00:00', 'end_date': '2026-03-20', 'end_time': '19:00:00', 'description': 'Entrada Libre | Sala Industrial Que importantes son las Mini Jams en Clasijazz. Generaciones se han criado con música y cantando desde chicos . Aquí tenéis todas las de este curso . Son gratuitas pero si quieres hacerte socio nos ayudarás a seguir con la ilusión por predicar la música para todas las edades.', 'others': {'price': '__NOT_DEFINIED__', 'category': 'Programación', 'location_url': 'https://clasijazz.com/local/sede-clasijazz/', 'location': 'Maestro Serrano 9, Almería'}, 'source': 'ClassicJazz', 'exec_time': '20260202T160026', 'session': '2026_02_02_15_32_Lunes', 'image': '__NOT_FOUND__', 'url': 'https://clasijazz.com/evento/mini-jam/2026-03-20/'}
10 / 38
Getting https://clasijazz.com/evento/mini-jam/2026-02-06/
Sleep 4
2026-02-06T18:00:00 2026-02-06T19:00:00
--------------------
{'id': '88a712f5', 'show': 1, 'in_city': 1, 'one_day': 1, 'wrong_date_time': 0, 'event': 'Mini Jam', 'id_venue': 'Q6b6LRjT', 'venue': 'Sede Clasijazz', 'std_venue': 'Clasijazz', 'start_date': '2026-02-06', 'start_time': '18:00:00', 'end_date': '2026-02-06', 'end_time': '19:00:00', 'description': 'Entrada Libre | Sala Industrial Que importantes son las Mini Jams en Clasijazz. Generaciones se han criado con música y cantando desde chicos . Aquí tenéis todas las de este curso . Son gratuitas pero si quieres hacerte socio nos ayudarás a seguir con la ilusión por predicar la música para todas las edades.', 'others': {'price': '__NOT_DEFINIED__', 'category': 'Programación', 'location_url': 'https://clasijazz.com/local/sede-clasijazz/', 'location': 'Maestro Serrano 9, Almería'}, 'source': 'ClassicJazz', 'exec_time': '20260202T160026', 'session': '2026_02_02_15_32_Lunes', 'image': '__NOT_FOUND__', 'url': 'https://clasijazz.com/evento/mini-jam/2026-02-06/'}
11 / 38
Getting https://clasijazz.com/evento/club-de-lectura-port-of-spain/
Sleep 4
2026-02-26T19:30:00 2026-02-26T21:00:00
--------------------
{'id': '677af3c3', 'show': 1, 'in_city': 1, 'one_day': 1, 'wrong_date_time': 0, 'event': 'Club de Lectura', 'id_venue': 'ddgm4gQP', 'venue': 'Port Of Spain', 'std_venue': 'Port Of Spain', 'start_date': '2026-02-26', 'start_time': '19:30:00', 'end_date': '2026-02-26', 'end_time': '21:00:00', 'description': 'Port of Spain Entrada libre En este mes de febrero nos lanzamos con esta lectura a caballo entre la memoria personal y el ensayo, el testimonio y la denuncia, este libro de Nadeesha Uyangoda es como un fogonazo de luz sobre la verdadera oscuridad de la Europa del siglo XXI. La autora no sólo pone en tela de juicio las convicciones de los blancos y revela el racismo sistemático como algo que se experimenta de manera individual pero a la vez colectiva, sino que problematiza sus propias actitudes como una mujer «negra» criada en Italia: «Yo era ?soy? el anuncio publicitario perfecto para un programa de asimilación cultural», cuenta sobre su proceso de «integración» antes de empezar a cuestionarlo todo y dejar de «huir de la raza».', 'others': {'price': '__NOT_DEFINIED__', 'category': 'Programación', 'location_url': 'https://clasijazz.com/local/port-of-spain/', 'location': 'Parque Nicolás Salmeron 20, Almería'}, 'source': 'ClassicJazz', 'exec_time': '20260202T160026', 'session': '2026_02_02_15_32_Lunes', 'image': '__NOT_FOUND__', 'url': 'https://clasijazz.com/evento/club-de-lectura-port-of-spain/'}
12 / 38
Getting https://clasijazz.com/evento/salsa-latin-jam-port-of-spain-4/2026-03-12/
Sleep 4
2026-03-12T22:00:00 2026-03-12T23:30:00
--------------------
{'id': '5e924404', 'show': 1, 'in_city': 1, 'one_day': 1, 'wrong_date_time': 0, 'event': 'Salsa & Latín Jam', 'id_venue': 'ddgm4gQP', 'venue': 'Port Of Spain', 'std_venue': 'Port Of Spain', 'start_date': '2026-03-12', 'start_time': '22:00:00', 'end_date': '2026-03-12', 'end_time': '23:30:00', 'description': 'Port of Spain Entrada Libre ¿Te gusta la salsa y la música caribeña? ¡JAM WITH US! Esta temporada Seguimos con las Salsa Jam y con el 29 Aniversario de la llegada de la Salsa Almeria. Si eres cantante o de los que cantan en la ducha, si eres músico profesional o de los que dan la nota, si sabes bailar o simplemente te apetece menear el esqueleto, ven a compartir con buena energía junto a los integrantes de Chévere Music Group. A partir de las 22:00. Te esperamos en Port of Spain. ¡Entrada Libre! ¡No nos faltes! Queremos ver lo mejor de ti MÁS INFO Y CONFIRMACIONES AL: 633 120 150 @marcelarnalot @cheveremusicgroup www.cheveremusicgroup.com', 'others': {'price': '__NOT_DEFINIED__', 'category': 'Programación', 'location_url': 'https://clasijazz.com/local/port-of-spain/', 'location': 'Parque Nicolás Salmeron 20, Almería'}, 'source': 'ClassicJazz', 'exec_time': '20260202T160026', 'session': '2026_02_02_15_32_Lunes', 'image': '__NOT_FOUND__', 'url': 'https://clasijazz.com/evento/salsa-latin-jam-port-of-spain-4/2026-03-12/'}
13 / 38
Getting https://clasijazz.com/evento/la-juan-roman-cumbia/
Sleep 4
2026-03-07T22:30:00 2026-03-07T23:55:00
--------------------
{'id': '56fdfe6c', 'show': 1, 'in_city': 1, 'one_day': 1, 'wrong_date_time': 0, 'event': 'La Juan Román Cumbia', 'id_venue': 'Q6b6LRjT', 'venue': 'Sede Clasijazz', 'std_venue': 'Clasijazz', 'start_date': '2026-03-07', 'start_time': '22:30:00', 'end_date': '2026-03-07', 'end_time': '23:55:00', 'description': '15 € NS / 7 € S Sala Principal La Juan Román Cumbia, la banda del momento llega por primera vez a Almería para uno de los conciertos más esperados. Ven a pasar una noche de Cumbia, Cuarteto y Rock’n’Roll en el Clasijazz. La cita será el próximo 7 de marzo a las 22:30. No te lo pierdas!', 'others': {'price': '7,00€ – 15,00€', 'category': 'Programación', 'location_url': 'https://clasijazz.com/local/sede-clasijazz/', 'location': 'Maestro Serrano 9, Almería'}, 'source': 'ClassicJazz', 'exec_time': '20260202T160026', 'session': '2026_02_02_15_32_Lunes', 'image': '__NOT_FOUND__', 'url': 'https://clasijazz.com/evento/la-juan-roman-cumbia/'}
14 / 38
Getting https://clasijazz.com/evento/soy-otra-persona-tal-vez-mas-feliz-que-yo-cuentistas-vivas-y-muertas/2026-03-19/
Sleep 4
2026-03-19T21:00:00 2026-03-19T22:30:00
--------------------
{'id': '3539082f', 'show': 1, 'in_city': 1, 'one_day': 1, 'wrong_date_time': 0, 'event': 'Soy otra persona, tal vez más feliz que yo: cuentistas vivas y muertas', 'id_venue': 'Q6b6LRjT', 'venue': 'Sede Clasijazz', 'std_venue': 'Clasijazz', 'start_date': '2026-03-19', 'start_time': '21:00:00', 'end_date': '2026-03-19', 'end_time': '22:30:00', 'description': 'Sala Principal Entrada Libre En el nuevo ciclo de Clásicos en clasijazz he elegido a una serie de autoras americanas cuyas obras recorren el siglo XX y los años transcurridos del XXI. Desde Silvina Ocampo hasta Samanta Schweblin escucharemos las voces poderosas de estas escritoras a través de uno de los géneros más emblemáticos de América: el cuento. Así pues, y sin olvidar la música tan esencial en cada una de nuestras sesiones, viajaremos, a través de sus relatos oníricos, misteriosos, únicos siempre, a México, Ecuador, Brasil, Uruguay y Argentina. Octubre, 30 : Silvina Ocampo, 1903-1993. Argentina Noviembre, 27: Elena Garro, 1916-1998, México Diciembre, 18: Clarice Lispector, 1920-1977, Brasil Enero, 22: Rosario Castellanos, 1925-1974, México Febrero, 26: Cristina Peri Rossi, 1941, Uruguay Marzo, 19: Mariana Enriquez, 1973, Argentina Abril, 16: María Fernanda Ampuero, 1976, Ecuador Mayo, 14: Fernanda Trías, 1976, Uruguay Junio, 11: Samanta Schweblin, 1978, Argentina', 'others': {'price': '__NOT_DEFINIED__', 'category': 'Programación', 'location_url': 'https://clasijazz.com/local/sede-clasijazz/', 'location': 'Maestro Serrano 9, Almería'}, 'source': 'ClassicJazz', 'exec_time': '20260202T160026', 'session': '2026_02_02_15_32_Lunes', 'image': '__NOT_FOUND__', 'url': 'https://clasijazz.com/evento/soy-otra-persona-tal-vez-mas-feliz-que-yo-cuentistas-vivas-y-muertas/2026-03-19/'}
15 / 38
Getting https://clasijazz.com/evento/club-de-lectura-port-of-spain-2/
Sleep 4
2026-03-26T19:30:00 2026-03-26T21:00:00
--------------------
{'id': 'd4e98287', 'show': 1, 'in_city': 1, 'one_day': 1, 'wrong_date_time': 0, 'event': 'Club de Lectura', 'id_venue': 'ddgm4gQP', 'venue': 'Port Of Spain', 'std_venue': 'Port Of Spain', 'start_date': '2026-03-26', 'start_time': '19:30:00', 'end_date': '2026-03-26', 'end_time': '21:00:00', 'description': 'Port of Spain Entrada Libre Esta mes proponemos esta desgarradora historia de un soldado senegalés en las trincheras de la Primera Guerra Mundial. Alfa Ndiaye es senegalés y ha acabado combatiendo con el ejército francés en las trincheras de la Primera Guerra Mundial. En el mismo regimiento también lucha su amigo Mademba Diop, que es herido de gravedad en el frente. Cuando Mademba le pide que lo mate para evitar sufrimientos inútiles, Alfa se siente incapaz de cumplir su deseo.Escrita con una prosa hipnótica, esta desgarradora novela retrata el descenso a los infiernos de un joven soldado colonial en la Europa en guerra. Plasma el horror cotidiano de las trincheras, pero también evoca el mundo y los seres queridos que ha dejado atrás, e indaga en su identidad dividida. Una narración deslumbrante, sobrecogedora, inolvidable.', 'others': {'price': '__NOT_DEFINIED__', 'category': 'Programación', 'location_url': 'https://clasijazz.com/local/port-of-spain/', 'location': 'Parque Nicolás Salmeron 20, Almería'}, 'source': 'ClassicJazz', 'exec_time': '20260202T160026', 'session': '2026_02_02_15_32_Lunes', 'image': '__NOT_FOUND__', 'url': 'https://clasijazz.com/evento/club-de-lectura-port-of-spain-2/'}
16 / 38
Getting https://clasijazz.com/evento/jam-session-cuarteto-tu/
Sleep 4
2026-02-11T22:00:00 2026-02-11T23:30:00
--------------------
{'id': '541982a7', 'show': 1, 'in_city': 1, 'one_day': 1, 'wrong_date_time': 0, 'event': 'Jam Session – Cuarteto tú', 'id_venue': 'Q6b6LRjT', 'venue': 'Sede Clasijazz', 'std_venue': 'Clasijazz', 'start_date': '2026-02-11', 'start_time': '22:00:00', 'end_date': '2026-02-11', 'end_time': '23:30:00', 'description': '3 € No Soci@ / gratuito Soci@ Sala Principal Cada miércoles puedes disfrutar de una Jam Session. Uno de los eventos más seguidos en Almería y por el que han pasado muchísimos músicos y público. ¡Disfruta de esta maravilla de Jam Session!', 'others': {'price': '__NOT_DEFINIED__', 'category': 'Programación', 'location_url': 'https://clasijazz.com/local/sede-clasijazz/', 'location': 'Maestro Serrano 9, Almería'}, 'source': 'ClassicJazz', 'exec_time': '20260202T160026', 'session': '2026_02_02_15_32_Lunes', 'image': '__NOT_FOUND__', 'url': 'https://clasijazz.com/evento/jam-session-cuarteto-tu/'}
17 / 38
Getting https://clasijazz.com/evento/tarde-de-radio-port-of-spain/
Sleep 4
2026-02-07T20:00:00 2026-02-07T21:30:00
--------------------
{'id': 'cfd05b0d', 'show': 1, 'in_city': 1, 'one_day': 1, 'wrong_date_time': 0, 'event': 'Tarde de Radio', 'id_venue': 'ddgm4gQP', 'venue': 'Port Of Spain', 'std_venue': 'Port Of Spain', 'start_date': '2026-02-07', 'start_time': '20:00:00', 'end_date': '2026-02-07', 'end_time': '21:30:00', 'description': '12€ NS / 5€ S Asiste como público a una tarde vibrante en la radio con Jacinto Dial: cultura, deportes y actualidad social. No quedará tema sin tratar ni títere con cabeza. ¡Qué tiemblen las ondas! Entradas_: Tarde de Radio', 'others': {'price': '__NOT_DEFINIED__', 'category': 'Programación', 'location_url': 'https://clasijazz.com/local/port-of-spain/', 'location': 'Parque Nicolás Salmeron 20, Almería'}, 'source': 'ClassicJazz', 'exec_time': '20260202T160026', 'session': '2026_02_02_15_32_Lunes', 'image': '__NOT_FOUND__', 'url': 'https://clasijazz.com/evento/tarde-de-radio-port-of-spain/'}
18 / 38
Getting https://clasijazz.com/evento/mini-jam/2026-03-06/
Sleep 4
2026-03-06T18:00:00 2026-03-06T19:00:00
--------------------
{'id': '0b434712', 'show': 1, 'in_city': 1, 'one_day': 1, 'wrong_date_time': 0, 'event': 'Mini Jam', 'id_venue': 'Q6b6LRjT', 'venue': 'Sede Clasijazz', 'std_venue': 'Clasijazz', 'start_date': '2026-03-06', 'start_time': '18:00:00', 'end_date': '2026-03-06', 'end_time': '19:00:00', 'description': 'Entrada Libre | Sala Industrial Que importantes son las Mini Jams en Clasijazz. Generaciones se han criado con música y cantando desde chicos . Aquí tenéis todas las de este curso . Son gratuitas pero si quieres hacerte socio nos ayudarás a seguir con la ilusión por predicar la música para todas las edades.', 'others': {'price': '__NOT_DEFINIED__', 'category': 'Programación', 'location_url': 'https://clasijazz.com/local/sede-clasijazz/', 'location': 'Maestro Serrano 9, Almería'}, 'source': 'ClassicJazz', 'exec_time': '20260202T160026', 'session': '2026_02_02_15_32_Lunes', 'image': '__NOT_FOUND__', 'url': 'https://clasijazz.com/evento/mini-jam/2026-03-06/'}
19 / 38
Getting https://clasijazz.com/evento/al-tran-tran/
Sleep 4
2026-03-14T20:30:00 2026-03-14T21:30:00
--------------------
{'id': '942df9fa', 'show': 1, 'in_city': 1, 'one_day': 1, 'wrong_date_time': 0, 'event': 'Al Tran Tran', 'id_venue': 'Q6b6LRjT', 'venue': 'Sede Clasijazz', 'std_venue': 'Clasijazz', 'start_date': '2026-03-14', 'start_time': '20:30:00', 'end_date': '2026-03-14', 'end_time': '21:30:00', 'description': '12 € NS / 5 € Sala Principal SINOPSIS AL TRAN TRAN Al más puro estilo de los juglares del Siglo de Oro pero en versión contemporánea, AL TRAN TRAN realizará entremeses cómicos basados en la creación de canciones improvisadas y retos musicales a partir de las sugerencias del público asistente. Un espectáculo interactivo donde no pararás de reír y del que saldrás queriendo cantar toda la noche… AL TRAN TRAN es sin duda un referente clave en España cuando hablamos de Improvisación, música y comedia. CIA: AL TRAN TRAN INTERPRETES: ÁNGEL CANTIZANI DANIEL SOTA', 'others': {'price': '5,00€ – 12,00€', 'category': 'Programación', 'location_url': 'https://clasijazz.com/local/sede-clasijazz/', 'location': 'Maestro Serrano 9, Almería'}, 'source': 'ClassicJazz', 'exec_time': '20260202T160026', 'session': '2026_02_02_15_32_Lunes', 'image': '__NOT_FOUND__', 'url': 'https://clasijazz.com/evento/al-tran-tran/'}
20 / 38
Getting https://clasijazz.com/evento/sheila-blanco-federico-lechner-tango-jazz-trio-los-mareados/
Sleep 4
2026-03-15T19:00:00 2026-03-15T20:30:00
--------------------
{'id': 'ce7e2f46', 'show': 1, 'in_city': 1, 'one_day': 1, 'wrong_date_time': 0, 'event': 'Sheila Blanco & Federico Lechner Tango Jazz Trío “LOS MAREADOS”', 'id_venue': 'Q6b6LRjT', 'venue': 'Sede Clasijazz', 'std_venue': 'Clasijazz', 'start_date': '2026-03-15', 'start_time': '19:00:00', 'end_date': '2026-03-15', 'end_time': '20:30:00', 'description': '25 € NS / 15 € S Sala Principal Por fin nuestra admirada Sheila Blanco y nuestro querido Federico Lechner visitan Clasijazz. Un bello momento que no puedes perderte. Va a estar increible. Sheila Blanco voz Federico Lechner piano Tomás Merlo contrabajo José San Martín batería La cantante Sheila Blanco y el pianista Federico Lechner vuelven a unirse para un nuevo proyecto, tras su “PURO GERSHWIN”, en esta ocasión en español y con el tango-jazz como vehículo. Federico Lechner lleva funcionando con su Tango&Jazz Trío más de 15 años, con 4 discos en su haber: dos como trío, “Estela” y “Beboponga” y dos a cuarteto con el armonícista argentino Franco Luciani, “Falsos Límites” y “Gardelería”, este último galardonado con el Premio Gardel (premio más importante de la música en Argentina) al mejor álbum de tango alternativo en la edición 2015. Es un proyecto que ha tocado por muy diversas partes del mundo, desde New York a Bruselas, y varias giras por España y Argentina, y del que han formado parte músicos como Pipi Piazzolla, Naima Acuña, Pablo Aslan, Pablo Martín Caminero, Borja Barrueta, Andrés Litwin, o Toño Miguel, y solistas como Franco Luciani, Antonio Serrano, Silvio Zalambani o Mark Mommas. Sheila Blanco es la vocalista perfecta para este proyecto, al aportar no solo sus grandes aptitudes vocales, sino su musicalidad llena de valentía, energía y humor que engrana tan bien con el espíritu del trío. Hay versiones de tangos clásicos, como “El día que me quieras”, “Los Mareados” o “María”, en las que el grupo hace unas lecturas totalmente nuevas, usando siempre la improvisación que hace que cada interpretación sea única e irrepetible, y llevando estos clásicos a lugares nuevos, a veces totalmente transgresores, y no visitados antes. Por otro lado, también se utilizan grandes clásicos del jazz como “Summertime” o “Donna Lee” para darles una nueva vida en forma y color tangueros, que seguramente no dejarán de sorprender a nadie, y que en Sheila y el trío presentan en una matrimonio feliz. Y por último, hay también temas originales concebidos ya desde el espíritu de la fusión entre el tango y el jazz, como el tango blues “Esbaesbaba…” de Lechner, el tango “canalla” “La ladrona” de Sheila, el“Tango para Gabriela” que Federico Lechner dedicó a su hija mayor, o el bolero-tango “Otoño eterno” que ambos grabaron a la distancia en lo más duro del confinamiento del 2020 y estrenaron en sus redes (pero que ahora pueden felizmente hacer en vivo y directo). En abril de 2025 presentan su disco “LOS MAREADOS” y comenzarán los conciertos de presentación del mismo. La suma de todo esto es un programa trabajado con mimo y con cuidado pero sin perder la frescura, lleno de sorpresas pero a la vez facilmente digerible por todos los públicos, con la emoción del tango y la energía del jazz.', 'others': {'price': '15,00€ – 25,00€', 'category': 'Programación', 'location_url': 'https://clasijazz.com/local/sede-clasijazz/', 'location': 'Maestro Serrano 9, Almería'}, 'source': 'ClassicJazz', 'exec_time': '20260202T160026', 'session': '2026_02_02_15_32_Lunes', 'image': '__NOT_FOUND__', 'url': 'https://clasijazz.com/evento/sheila-blanco-federico-lechner-tango-jazz-trio-los-mareados/'}
21 / 38
Getting https://clasijazz.com/evento/taller-de-frame-facilitate-flow/
Sleep 4
2026-01-30T18:00:00 2026-01-30T19:00:00
--------------------
{'id': '87731df1', 'show': 1, 'in_city': 1, 'one_day': 1, 'wrong_date_time': 0, 'event': 'Taller de Frame, Facilitate, Flow', 'id_venue': 'Q6b6LRjT', 'venue': 'Sede Clasijazz', 'std_venue': 'Clasijazz', 'start_date': '2026-01-30', 'start_time': '18:00:00', 'end_date': '2026-01-30', 'end_time': '19:00:00', 'description': 'Entrada Libre | Sala Swing ¿Te gustaría conocer a nuevas personas y pasar un rato divertido? ¿Te gustaría conocer los proyectos Erasmus+ y saber nuestra experiencia de nuestro equipo en Holanda? ¡Ven el día 30 de enero a las 18:00 en la sala swing de clasijazz! *Este evento es parte del proyecto Frame, Facilitate, Flow.Frame, Facilitate, Flow es un programa de movilidad Erasmus+ diseñado para capacitar a trabajadores y trabajadoras juveniles con habilidades de facilitación, basadas en el Teatro Aplicado, con el fin de liderar encuentros educativos inclusivos y de impacto en las comunidades locales.El curso de formación se centró en el Teatro Aplicado como herramienta de transormación social y la participación. Siguió una estructura de teoría y práctica que llevó a los trabajadores juveniles a explorar varios métodos, como el process drama, el teatro de respuesta, el teatro de improvisación, el teatro comunitario y más… Y luego, mediante la actitud práctica, la empatía y la adaptabilidad, crear y facilitar sesiones.', 'others': {'price': '__NOT_DEFINIED__', 'category': 'Programación', 'location_url': 'https://clasijazz.com/local/sede-clasijazz/', 'location': 'Maestro Serrano 9, Almería'}, 'source': 'ClassicJazz', 'exec_time': '20260202T160026', 'session': '2026_02_02_15_32_Lunes', 'image': '__NOT_FOUND__', 'url': 'https://clasijazz.com/evento/taller-de-frame-facilitate-flow/'}
22 / 38
Getting https://clasijazz.com/evento/variaciones-2/
Sleep 4
2026-02-22T18:00:00 2026-02-22T19:30:00
--------------------
{'id': 'ee030974', 'show': 1, 'in_city': 1, 'one_day': 1, 'wrong_date_time': 0, 'event': 'Variaciones', 'id_venue': 'Q6b6LRjT', 'venue': 'Sede Clasijazz', 'std_venue': 'Clasijazz', 'start_date': '2026-02-22', 'start_time': '18:00:00', 'end_date': '2026-02-22', 'end_time': '19:30:00', 'description': 'Entrada Libre Sala Principal El grupo musical VARIACIONES celebrará un concierto especial con entrada gratuita en la sala principal de CLASIJAZZ en Almería el día domingo 22 de febrero de 2026 a las 18.00 horas. VARIACIONES tocará versiones de los grupos más míticos de los años 60 y 70, así como algunos temas de décadas posteriores. El grupo VARIACIONES está compuesto actualmente por las siguientes personas. Antonio López Berenguer, al bajo. Paco Góngora, a la guitarra y voz. Rafa Díaz, a los teclados. Justo Porras, a la voz y guitarras Francisco Tortosa, a la batería', 'others': {'price': '__NOT_DEFINIED__', 'category': 'Programación', 'location_url': 'https://clasijazz.com/local/sede-clasijazz/', 'location': 'Maestro Serrano 9, Almería'}, 'source': 'ClassicJazz', 'exec_time': '20260202T160026', 'session': '2026_02_02_15_32_Lunes', 'image': '__NOT_FOUND__', 'url': 'https://clasijazz.com/evento/variaciones-2/'}
23 / 38
Getting https://clasijazz.com/evento/trip-caraperro/
Sleep 4
2026-03-21T22:00:00 2026-03-21T23:59:00
--------------------
{'id': '504e2a89', 'show': 1, 'in_city': 1, 'one_day': 1, 'wrong_date_time': 0, 'event': 'Trip & Caraperro', 'id_venue': 'Q6b6LRjT', 'venue': 'Sede Clasijazz', 'std_venue': 'Clasijazz', 'start_date': '2026-03-21', 'start_time': '22:00:00', 'end_date': '2026-03-21', 'end_time': '23:59:00', 'description': 'Sala Principal | 20€ NS / 10€ S TRIP Es una banda de rock de Barcelona, cuyo amplio recorrido en conciertos y festivales en la década de los 80 construyó un sólido directo. Su repertorio de música original oscila entre el rock americano melódico y la contundencia europea. Están históricamente muy unidos a Almería, ya que uno de sus miembros vive en nuestra ciudad, siendo muy especial este concierto para ellos. CARAPERRO Grupo granadino, cuya energía para visitar los clásicos de pop y rock es muy destacable, tiene una pretensión en su ideario: poner la música al servicio de causas sociales. Suelen rodar por los escenarios de Granada y provincia, siendo la primera vez en pisar suelo almeriense. También están sentimentalmente unidos a Almería, por lo que el disfrute estará garantizado.', 'others': {'price': '10,00€ – 20,00€', 'category': 'Programación', 'location_url': 'https://clasijazz.com/local/sede-clasijazz/', 'location': 'Maestro Serrano 9, Almería'}, 'source': 'ClassicJazz', 'exec_time': '20260202T160026', 'session': '2026_02_02_15_32_Lunes', 'image': '__NOT_FOUND__', 'url': 'https://clasijazz.com/evento/trip-caraperro/'}
24 / 38
Getting https://clasijazz.com/evento/cienciajazz-nuevas-tecnologias-aplicadas-a-la-salud-cardiovascular/
Sleep 4
2026-02-19T20:00:00 2026-02-19T21:30:00
--------------------
{'id': 'ba2909c7', 'show': 1, 'in_city': 1, 'one_day': 1, 'wrong_date_time': 0, 'event': 'Cienciajazz – Nuevas tecnologías aplicadas a la Salud Cardiovascular', 'id_venue': 'Q6b6LRjT', 'venue': 'Sede Clasijazz', 'std_venue': 'Clasijazz', 'start_date': '2026-02-19', 'start_time': '20:00:00', 'end_date': '2026-02-19', 'end_time': '21:30:00', 'description': 'Sala Principal | Entrada Libre Carlos Gómez Navarro. Área de Cardiología del Hospital Universitario Torrecárdenas. En esta charla abordaremos la problemática actual de la salud cardiovascular, y la perspectiva de las soluciones futuras. Comenzaremos con un resumen de los avances en la cardiología de los últimos años, como la hemodinámica y el tratamiento percutáneo invasivo de la cardiopatía isquémica y los nuevos tratamientos para el recambio valvular sin cirugía abierta; el tratamiento de la hipercolesterolemia con inyectables basados en anticuerpos monoclonales y en terapias de ARN mensajero, y el uso de las técnicas de imagen, como la Resonancia Magnética cardíaca, que permite discriminar la «calidad» del tejido miocárdico. Pero nos centraremos sobre todo en dos aspectos fundamentales: El diagnóstico y tratamiento de las arritmias. El desarrollo de tecnología diagnóstica (smartwatches, wereables, tecnología inalámbrica), de tratamiento (navegación magnética cardíaca para ablación de las arritmias, dispositivos vasculares intracardíacos, …) La genética de las enfermedades cardiovasculares. Los descubrimientos en el origen de algunas enfermedades monogénicas productoras de enfermedad cardíaca y muerte súbita (tratamientos a medida, edición genética, …).', 'others': {'price': '__NOT_DEFINIED__', 'category': 'Programación', 'location_url': 'https://clasijazz.com/local/sede-clasijazz/', 'location': 'Maestro Serrano 9, Almería'}, 'source': 'ClassicJazz', 'exec_time': '20260202T160026', 'session': '2026_02_02_15_32_Lunes', 'image': '__NOT_FOUND__', 'url': 'https://clasijazz.com/evento/cienciajazz-nuevas-tecnologias-aplicadas-a-la-salud-cardiovascular/'}
25 / 38
Getting https://clasijazz.com/evento/match-de-impro-2/
Sleep 4
2026-03-06T20:00:00 2026-03-06T21:15:00
--------------------
{'id': '6d4c106c', 'show': 1, 'in_city': 1, 'one_day': 1, 'wrong_date_time': 0, 'event': 'Match de Impro', 'id_venue': 'Q6b6LRjT', 'venue': 'Sala Industrial Clasijazz', 'std_venue': 'Clasijazz', 'start_date': '2026-03-06', 'start_time': '20:00:00', 'end_date': '2026-03-06', 'end_time': '21:15:00', 'description': '3 € NS / GS Sala Industrial MATCH DE IMPRO Esta temporada, los alumnos de improvisación de la escuela Las Cruces Teatro / Clasijazz se enfrentarán una vez al mes en dos equipos por el favor del público creando historias delirantes improvisadas en el acto. No te las pierdas, la participación del público es clave en este show.', 'others': {'price': 'Free – 3,00€', 'category': 'Programación', 'location_url': 'https://clasijazz.com/local/sala-industrial-clasijazz/', 'location': 'Maestro Serrano 9, Almería'}, 'source': 'ClassicJazz', 'exec_time': '20260202T160026', 'session': '2026_02_02_15_32_Lunes', 'image': '__NOT_FOUND__', 'url': 'https://clasijazz.com/evento/match-de-impro-2/'}
26 / 38
Getting https://clasijazz.com/evento/triplanetas-3/
Sleep 4
2026-02-04T20:00:00 2026-02-04T21:15:00
--------------------
{'id': '1eea0d31', 'show': 1, 'in_city': 1, 'one_day': 1, 'wrong_date_time': 0, 'event': 'Triplanetas', 'id_venue': 'Q6b6LRjT', 'venue': 'Sede Clasijazz', 'std_venue': 'Clasijazz', 'start_date': '2026-02-04', 'start_time': '20:00:00', 'end_date': '2026-02-04', 'end_time': '21:15:00', 'description': '20 € NS / 10 € S Sala Principal Por fin organizamos un Seminario de grandísima importancia para Andalucia . Es la primera vez que se organiza un Seminario del European Jazz Network en Andalucia y en dos ocasiones solo en España. EJN es la organización más importante que alberga las organizaciones más importantes de Jazz de Europa y los programadores y demás. Con lo que Almería va a ser el foco del Jazz Europeo del 4 al 6 de Febrero de 2026. No os perdias a uno de los grupos más increíbles del panorama nacional y ganadores de numerosos premios, y la alegría de que surgiera en Almería. TRIPLANETAS El mar del Alborán y el desierto de Almería han cautivado y reunido a este maravilloso trío de jazz formado por Daahoud Salim al piano, Bori Albero al contrabajo, y Julián Sánchez a la trompeta. TRIPLANETAS es el nombre de esta unión singular, como si de una alineación de tres planeta se tratara, musicalmente extraordinaria.Cada uno de ellos posee una dilatada experiencia dentro de la escena del mejor jazz nacional e internacional a día de hoy. El trío presenta temas propios en su mayoría a través de los cuales, sus presentaciones están llenas de máxima energía y emoción.', 'others': {'price': '10,00€ – 20,00€', 'category': 'Programación', 'location_url': 'https://clasijazz.com/local/sede-clasijazz/', 'location': 'Maestro Serrano 9, Almería'}, 'source': 'ClassicJazz', 'exec_time': '20260202T160026', 'session': '2026_02_02_15_32_Lunes', 'image': '__NOT_FOUND__', 'url': 'https://clasijazz.com/evento/triplanetas-3/'}
27 / 38
Getting https://clasijazz.com/evento/compania-danza-mobile-compania-alvaro-silvag-ciclo-de-danza/
Sleep 4
2026-02-21T19:00:00 2026-02-21T20:00:00
--------------------
{'id': 'aa22fd2a', 'show': 1, 'in_city': 1, 'one_day': 1, 'wrong_date_time': 0, 'event': 'Compañía danza mobile/Compañía Álvaro Silvag – Ciclo de Danza', 'id_venue': 'Q6b6LRjT', 'venue': 'Sede Clasijazz', 'std_venue': 'Clasijazz', 'start_date': '2026-02-21', 'start_time': '19:00:00', 'end_date': '2026-02-21', 'end_time': '20:00:00', 'description': '12 € NS / 5 € S Sala Principal LA COMPAÑÍA La Compañía Danza Mobile comenzó su andadura profesional en el año 2001 siendo actualmente referente en el panorama profesional con una destacada proyección nacional e internacional. Desde la primera puesta en escena, se han producido 25 espectáculos con los que se han realizado más de 500 representaciones. En la consecución de este objetivo ha sido funda- mental la unión de una serie de profesionales del mundo de las artes escénicas. Alrededor de 60 profesionales han colaborado con Danza Mobile en todo este tiempo. Asimismo, los montajes desarrollados por la Compañía han girado en circuitos nacionales, autonómicos, así como locales. También ha participado en festivales y programa- ciones como Mes de Danza, Forum de Barcelona, la Bienal de Flamenco de Sevilla, Festival de Música y Danza de Granada, Festival Eclèctic de Tarragona o el Festival 10Sentidos de Valencia, entre otros. Y ha estado presente en diferentes muestras y programaciones del Reino Unido, Alemania, Jordania, Italia, Suiza, Francia, Holanda, Turquía, Rusia, Gales, Bélgica y Marruecos. De igual forma, Danza Mobile ha obtenido numerosos premios en sus 15 años de bagaje, por el trabajo específico de muchas de sus producciones escénicas y también porque ha marcado hitos en cuanto a inserción laboral y social se refiere. Como el Premio Dionisos a proyectos teatrales con repercusión social, otorgado por UNESCO-Comunidad de Madrid (2012), el Premio Andaluz a las Buenas Prácticas en la Atención a las personas con discapacidad de la Consejería para la Igualdad y el Bienestar Social de la Junta de Andalucía (2010), el Premio ‘Solidaridad’ de la Unión de Actores e Intérpretes de Andalucía (2010), el Premio Mayte de Teatro a la Normalización de la discapacidad en el Teatro (2007), entre otros. Danza Mobile es actualmente un referente en el ámbito de la danza contemporánea inclusiva internacional. Sobre la Pieza La belleza en la conversación de las sobre la pieza manos es un intercambio de ritmos, pasos y la pasión por bailar con otras personas. La hermosa conversación de las manos toma la historia del baile tradicional en pareja, compañero/a de baile, y redefine algo que podría ser más apropiado para la era moderna, siguiendo la influencia de la danza contemporánea, la improvisación, el intercambio de géneros y centrándose en derechos más amplios para todos. Liderar o ser liderado puede ser tomado por ambos y compartido. Los roles no están divididos por géneros preferentes. La verticalidad y “cordialidad” están afuera, así que también los intérpretes pueden estar en diferentes niveles y moverse sobre el suelo con diferentes partes del cuerpo. Pero el baile de pareja mantuvo la estructura de que en todo momento se mantiene un contacto con las manos. Pero ellas pueden intercambiarse según las necesidades y direcciones de los intérpretes. ¿La mantendremos nosotros? Titular de todos los derechos', 'others': {'price': '5,00€ – 12,00€', 'category': 'Programación', 'location_url': 'https://clasijazz.com/local/sede-clasijazz/', 'location': 'Maestro Serrano 9, Almería'}, 'source': 'ClassicJazz', 'exec_time': '20260202T160026', 'session': '2026_02_02_15_32_Lunes', 'image': '__NOT_FOUND__', 'url': 'https://clasijazz.com/evento/compania-danza-mobile-compania-alvaro-silvag-ciclo-de-danza/'}
28 / 38
Getting https://clasijazz.com/evento/big-band-del-conservatorio-de-almeria-julian-arcas/
Sleep 4
2026-01-26T20:00:00 2026-01-26T21:30:00
--------------------
{'id': '4767fb17', 'show': 1, 'in_city': 1, 'one_day': 1, 'wrong_date_time': 0, 'event': 'Big Band del Conservatorio de Almería “Julián Arcas”', 'id_venue': 'Q6b6LRjT', 'venue': 'Sede Clasijazz', 'std_venue': 'Clasijazz', 'start_date': '2026-01-26', 'start_time': '20:00:00', 'end_date': '2026-01-26', 'end_time': '21:30:00', 'description': 'Entrada Libre | Sala Principal', 'others': {'price': '__NOT_DEFINIED__', 'category': 'Programación', 'location_url': 'https://clasijazz.com/local/sede-clasijazz/', 'location': 'Maestro Serrano 9, Almería'}, 'source': 'ClassicJazz', 'exec_time': '20260202T160026', 'session': '2026_02_02_15_32_Lunes', 'image': '__NOT_FOUND__', 'url': 'https://clasijazz.com/evento/big-band-del-conservatorio-de-almeria-julian-arcas/'}
29 / 38
Getting https://clasijazz.com/evento/match-de-impro-6/
Sleep 4
2026-02-06T20:00:00 2026-02-06T21:00:00
--------------------
{'id': '78c4a874', 'show': 1, 'in_city': 1, 'one_day': 1, 'wrong_date_time': 0, 'event': 'Match de Impro', 'id_venue': 'Q6b6LRjT', 'venue': 'Sala Industrial Clasijazz', 'std_venue': 'Clasijazz', 'start_date': '2026-02-06', 'start_time': '20:00:00', 'end_date': '2026-02-06', 'end_time': '21:00:00', 'description': '3 € NS / GS Sala Industrial MATCH DE IMPRO Esta temporada, los alumnos de improvisación de la escuela Las Cruces Teatro / Clasijazz se enfrentarán una vez al mes en dos equipos por el favor del público creando historias delirantes improvisadas en el acto. No te las pierdas, la participación del público es clave en este show.', 'others': {'price': '__NOT_DEFINIED__', 'category': 'Programación', 'location_url': 'https://clasijazz.com/local/sala-industrial-clasijazz/', 'location': 'Maestro Serrano 9, Almería'}, 'source': 'ClassicJazz', 'exec_time': '20260202T160026', 'session': '2026_02_02_15_32_Lunes', 'image': '__NOT_FOUND__', 'url': 'https://clasijazz.com/evento/match-de-impro-6/'}
30 / 38
Getting https://clasijazz.com/evento/medalla-falsas-nubes/
Sleep 4
2026-03-20T22:00:00 2026-03-20T23:30:00
--------------------
{'id': '43213eb6', 'show': 1, 'in_city': 1, 'one_day': 1, 'wrong_date_time': 0, 'event': 'Medalla + Falsas Nubes', 'id_venue': 'Q6b6LRjT', 'venue': 'Sede Clasijazz', 'std_venue': 'Clasijazz', 'start_date': '2026-03-20', 'start_time': '22:00:00', 'end_date': '2026-03-20', 'end_time': '23:30:00', 'description': 'Sala Principal | \u206012 € No Socio / 5 € Socio Medalla presentarán su quinto álbum ‘MÚSICA MÁQUINA’ el próximo 20 de marzo de 2026 en Clasijazz. Después de la triste cancelación del pasado 2 de mayo de 2025, vienen para redimirse en el mejor lugar posible. Formados en 2017, no han parado de sumar lanzamientos a su discografía y de girar de forma ininterrumpida, incluyendo actuaciones en festivales como Canela Party, Primavera Sound, Vida Festival, Tsunami Xixón o Monkey Week. Ya van 5 discos a sus espaldas y nada parece que les vaya a detener. El engranaje formado por Eric Sueiro (voz, guitarra, sintetizadores), Marc López (batería, percusiones), Joan Morera (guitarra) y Josep Peris (bajo, trompeta) encuentra en el cruce de géneros musicales su principal fortaleza. Una amalgama que abarca desde el rock progresivo al metal, pasando por la psicodelia, el post-punk y el pop. Con cada nuevo disco la banda afronta un proceso de reinvención absoluto, sin dejar nunca de lado sus señas de identidad: canciones donde la distorsión, la melodía y la épica se sitúan en primer plano. La crítica y la desazón se abrazan en un universo repleto de referencias al medievo. Unos himnos de puño alzado que son hijos de su tiempo: Letras que cargan contra el poder, la precariedad o la cultura del esfuerzo. La ironía como estrategia de supervivencia. Sus incendiarios directos y sus 5 álbumes dan fe de su buen hacer. «Emblema y Poder» (2017), «Medalla» (2019), «Arista Rota» (2021– 5º Mejor Álbum Nacional de 2021 para Mondo Sonoro), «DUELO» (2023 – 2º Mejor Álbum Nacional de 2023 para Binaural, 5º para Rockzone, 8º para Mondo Sonoro) y «Música Máquina» (2025) son una invitación a su universo sonoro y lírico. 8 años de incesante actividad donde, lejos de hacer un alto en el camino, siguen apostando por mantener el fuego encendido. Además, y como no podía ser de otra forma, contarán con Falsas Nubes, ya conocidos en nuestra escena local y eso que no han hecho nada más que empezar.', 'others': {'price': '5,00€ – 12,00€', 'category': 'Programación', 'location_url': 'https://clasijazz.com/local/sede-clasijazz/', 'location': 'Maestro Serrano 9, Almería'}, 'source': 'ClassicJazz', 'exec_time': '20260202T160026', 'session': '2026_02_02_15_32_Lunes', 'image': '__NOT_FOUND__', 'url': 'https://clasijazz.com/evento/medalla-falsas-nubes/'}
31 / 38
Getting https://clasijazz.com/evento/noche-flamenca-port-of-spain/2026-03-26/
Sleep 4
2026-03-26T22:00:00 2026-03-26T23:30:00
--------------------
{'id': '2943c7a5', 'show': 1, 'in_city': 1, 'one_day': 1, 'wrong_date_time': 0, 'event': 'Jueves Flamencos', 'id_venue': 'ddgm4gQP', 'venue': 'Port Of Spain', 'std_venue': 'Port Of Spain', 'start_date': '2026-03-26', 'start_time': '22:00:00', 'end_date': '2026-03-26', 'end_time': '23:30:00', 'description': 'Entrada Libre Port of Spain', 'others': {'price': '__NOT_DEFINIED__', 'category': 'Programación', 'location_url': 'https://clasijazz.com/local/port-of-spain/', 'location': 'Parque Nicolás Salmeron 20, Almería'}, 'source': 'ClassicJazz', 'exec_time': '20260202T160026', 'session': '2026_02_02_15_32_Lunes', 'image': '__NOT_FOUND__', 'url': 'https://clasijazz.com/evento/noche-flamenca-port-of-spain/2026-03-26/'}
32 / 38
Getting https://clasijazz.com/evento/club-de-lecturas-del-mundo/
Sleep 4
2026-01-29T19:30:00 2026-01-29T21:00:00
--------------------
{'id': '07e0f6c2', 'show': 1, 'in_city': 1, 'one_day': 1, 'wrong_date_time': 0, 'event': 'Club de Lecturas del Mundo', 'id_venue': 'ddgm4gQP', 'venue': 'Port Of Spain', 'std_venue': 'Port Of Spain', 'start_date': '2026-01-29', 'start_time': '19:30:00', 'end_date': '2026-01-29', 'end_time': '21:00:00', 'description': 'Iniciamos el año en el club de lecturas del mundo con “Soy la daga y soy la herida” de la escritora colombiana Laura Restrepo. ¿Quién mata al verdugo? Esa es la pregunta vertiginosa. Abismo es un dios cruel, de cuyo capricho dependen la vida o la muerte, y Misericordia Dagger, verdugo metódico e inflexible, trabaja incondicionalmente bajo sus órdenes. Pero su obediencia se ve puesta a prueba cuando se enamora de la nieta de su próxima víctima. Esta novela es una extraordinaria parodia de los fieros tiempos actuales, marcados por el delirio de gobernantes autoritarios, irracionales y criminales. Tragicomedia universal, teatraliza cíclicas épocas de terror que anuncian el caos definitivo, o tal vez presagian un mundo nuevo. El protagonista, cortacabezas con visos deliciosamente humanos, cuenta sus propias vicisitudes, utilizando un ágil tono de novela gráfica e inaugurando un género literario radical, el brutal noir, entre lo histórico y lo mitológico, lo real y lo alucinado. Entrada Libre', 'others': {'price': '__NOT_DEFINIED__', 'category': 'Programación', 'location_url': 'https://clasijazz.com/local/port-of-spain/', 'location': 'Parque Nicolás Salmeron 20, Almería'}, 'source': 'ClassicJazz', 'exec_time': '20260202T160026', 'session': '2026_02_02_15_32_Lunes', 'image': '__NOT_FOUND__', 'url': 'https://clasijazz.com/evento/club-de-lecturas-del-mundo/'}
33 / 38
Getting https://clasijazz.com/evento/jam-session-4/2026-03-18/
Sleep 4
2026-03-18T22:00:00 2026-03-18T23:30:00
--------------------
{'id': 'e51b67d6', 'show': 1, 'in_city': 1, 'one_day': 1, 'wrong_date_time': 0, 'event': 'Jam Session', 'id_venue': 'Q6b6LRjT', 'venue': 'Sede Clasijazz', 'std_venue': 'Clasijazz', 'start_date': '2026-03-18', 'start_time': '22:00:00', 'end_date': '2026-03-18', 'end_time': '23:30:00', 'description': '3 € No Soci@ / gratuito Soci@ Sala Principal Cada miércoles puedes disfrutar de una Jam Session. Uno de los eventos más seguidos en Almería y por el que han pasado muchísimos músicos y público. ¡Disfruta de esta maravilla de Jam Session!', 'others': {'price': '__NOT_DEFINIED__', 'category': 'Programación', 'location_url': 'https://clasijazz.com/local/sede-clasijazz/', 'location': 'Maestro Serrano 9, Almería'}, 'source': 'ClassicJazz', 'exec_time': '20260202T160026', 'session': '2026_02_02_15_32_Lunes', 'image': '__NOT_FOUND__', 'url': 'https://clasijazz.com/evento/jam-session-4/2026-03-18/'}
34 / 38
Getting https://clasijazz.com/evento/dj-eli-david-rockin-port-of-spain-8/2026-02-21/
Sleep 4
2026-02-21T18:00:00 2026-02-21T22:00:00
--------------------
{'id': 'fec22184', 'show': 1, 'in_city': 1, 'one_day': 1, 'wrong_date_time': 0, 'event': 'Dj Eli & David Rockin', 'id_venue': 'ddgm4gQP', 'venue': 'Port Of Spain', 'std_venue': 'Port Of Spain', 'start_date': '2026-02-21', 'start_time': '18:00:00', 'end_date': '2026-02-21', 'end_time': '22:00:00', 'description': 'Port of Spain Entrada Libre Dj Eli & David Rockin Eli y David se baten en un duelo de vinilos al más puro estilo rock’n’roll, rithm & blues, soul, ska… No te lo puedes perder', 'others': {'price': '__NOT_DEFINIED__', 'category': 'Programación', 'location_url': 'https://clasijazz.com/local/port-of-spain/', 'location': 'Parque Nicolás Salmeron 20, Almería'}, 'source': 'ClassicJazz', 'exec_time': '20260202T160026', 'session': '2026_02_02_15_32_Lunes', 'image': '__NOT_FOUND__', 'url': 'https://clasijazz.com/evento/dj-eli-david-rockin-port-of-spain-8/2026-02-21/'}
35 / 38
Getting https://clasijazz.com/evento/andrea-motis-guitar-trio-con-josep-traver-y-jurandir-da-silva-guitarras/
Sleep 4
2026-03-08T20:00:00 2026-03-08T21:30:00
--------------------
{'id': '832070a0', 'show': 1, 'in_city': 1, 'one_day': 1, 'wrong_date_time': 0, 'event': 'ANDREA MOTIS GUITAR TRIO con Josep Traver y Jurandir da Silva (guitarras)', 'id_venue': 'Q6b6LRjT', 'venue': 'Sede Clasijazz', 'std_venue': 'Clasijazz', 'start_date': '2026-03-08', 'start_time': '20:00:00', 'end_date': '2026-03-08', 'end_time': '21:30:00', 'description': '40 € NS / 30 € S Sala Principal Impresionante que vengan a Clasijazz !!! La gran Andrea Motis presentando el nuevo disco en Clasijazz con dos genios de la Guitarra. No os perdáis esta pasada de proyecto. Y qué mejor día para celebrar el día de la Mujer Trabajadora con este concierto extraordinario de una de las artistas españolas más reconocidas en el mundo. La cantante y trompetista Andrea Motis presenta su nuevo disco, Intimate, publicado en febrero del 2026 por Elemental Records. Intimate es exactamente lo que su título sugiere: una conversación musical tranquila y cercana, marcada por la sutileza, la calidez y la honestidad emocional. En este álbum, Motis revela su lado más delicado y refinado, priorizando su voz mientras entrelaza líneas de trompeta discretas en un ambiente acústico íntimo acompañada por los guitarristas Jurandir dã Silva y Josep Traver. Grabado entre Barcelona, \u200b\u200bRío de Janeiro y Montoliu de Segarra, y masterizado por Alex Wharton en los estudios Abbey Road de Londres, el álbum camina a través de elegantes diálogos entre voz y guitarra, con el violonchelo lírico de Jaques Morelenbaum en un par de piezas. El repertorio se mueve con fluidez entre idiomas y tradiciones, incluyendo estándares de jazz, canciones populares, bossa nova y chanson francesa. El Andrea Motis Guitar Trio ofrece reinterpretaciones profundamente personales de obras de Amy Winehouse, Chico Buarque, Bill Withers, Georges Brassens y Djavan, junto con composiciones originales coescritas con Dã Silva. El resultado es una experiencia auditiva íntima y atemporal que resalta los matices, la sobriedad y la profundidad emocional del repertorio.', 'others': {'price': '30,00€ – 40,00€', 'category': 'Programación', 'location_url': 'https://clasijazz.com/local/sede-clasijazz/', 'location': 'Maestro Serrano 9, Almería'}, 'source': 'ClassicJazz', 'exec_time': '20260202T160026', 'session': '2026_02_02_15_32_Lunes', 'image': '__NOT_FOUND__', 'url': 'https://clasijazz.com/evento/andrea-motis-guitar-trio-con-josep-traver-y-jurandir-da-silva-guitarras/'}
36 / 38
Getting https://clasijazz.com/evento/clasijazz-big-band-bigbandarax-jose-luis-jaen/
Sleep 4
2026-02-06T22:00:00 2026-02-06T23:30:00
--------------------
{'id': '6eed5a12', 'show': 1, 'in_city': 1, 'one_day': 1, 'wrong_date_time': 0, 'event': 'Clasijazz big band – BigBandarax & José Luis Jaén', 'id_venue': 'Q6b6LRjT', 'venue': 'Sede Clasijazz', 'std_venue': 'Clasijazz', 'start_date': '2026-02-06', 'start_time': '22:00:00', 'end_date': '2026-02-06', 'end_time': '23:30:00', 'description': 'Sala Principal |10€ NS / GS', 'others': {'price': 'Free – 10,00€', 'category': 'Programación', 'location_url': 'https://clasijazz.com/local/sede-clasijazz/', 'location': 'Maestro Serrano 9, Almería'}, 'source': 'ClassicJazz', 'exec_time': '20260202T160026', 'session': '2026_02_02_15_32_Lunes', 'image': '__NOT_FOUND__', 'url': 'https://clasijazz.com/evento/clasijazz-big-band-bigbandarax-jose-luis-jaen/'}
37 / 38
Getting https://clasijazz.com/evento/pepe-cespedes-y-alvarito/
Sleep 4
2026-03-06T20:00:00 2026-03-06T21:30:00
--------------------
{'id': '08aefb7c', 'show': 1, 'in_city': 1, 'one_day': 1, 'wrong_date_time': 0, 'event': 'Pepe Céspedes y Alvarito', 'id_venue': 'Q6b6LRjT', 'venue': 'Sede Clasijazz', 'std_venue': 'Clasijazz', 'start_date': '2026-03-06', 'start_time': '20:00:00', 'end_date': '2026-03-06', 'end_time': '21:30:00', 'description': '12 € NS / 5 €. S Sala Principal Gran tarde-noche de humor en Clasijazz con dos grandes de la comedia', 'others': {'price': '5,00€ – 12,00€', 'category': 'Programación', 'location_url': 'https://clasijazz.com/local/sede-clasijazz/', 'location': 'Maestro Serrano 9, Almería'}, 'source': 'ClassicJazz', 'exec_time': '20260202T160026', 'session': '2026_02_02_15_32_Lunes', 'image': '__NOT_FOUND__', 'url': 'https://clasijazz.com/evento/pepe-cespedes-y-alvarito/'}
****************************
Saving 38 new events
Saving in  /home/ubuntu/data_storage/Almeria/2026_02_02_15_32_Lunes/0_raw/20260202_1600_ClassicJazz.json
Saving 38 master url
Appending to  /home/ubuntu/data_storage/Almeria/00_master/master_url.json
