time=2026-03-28T21:15:40.666Z level=INFO msg="Executing root dag-run" dag=FisgonTaskRequest run-id=019d364d-7af8-7c68-97a2-2b68f818261b params=""
time=2026-03-28T21:15:40.680Z level=INFO msg="DAG run started" name=FisgonTaskRequest run-id=019d364d-7af8-7c68-97a2-2b68f818261b attempt-id="" dag=FisgonTaskRequest run-id=019d364d-7af8-7c68-97a2-2b68f818261b params="[TARGET_CITY=Almeria TARGET_SCRAPER=KuverProducciones 3=DAGU_BASE_URL=]"
time=2026-03-28T21:15:40.683Z level=INFO msg="Step started" name=FisgonTaskRequest run-id=019d364d-7af8-7c68-97a2-2b68f818261b attempt-id="" dag=FisgonTaskRequest run-id=019d364d-7af8-7c68-97a2-2b68f818261b step=tarea_1
time=2026-03-28T21:15:46.813Z level=INFO msg="DAG run finished" name=FisgonTaskRequest run-id=019d364d-7af8-7c68-97a2-2b68f818261b attempt-id="" dag=FisgonTaskRequest run-id=019d364d-7af8-7c68-97a2-2b68f818261b status=succeeded started-at=2026-03-28T21:15:40Z finished-at=2026-03-28T21:15:46Z
time=2026-03-28T21:15:46.850Z level=INFO msg="Executing root dag-run" dag=FisgonTaskRequest run-id=019d364d-931f-7eba-8e8f-bcb1bfed1243 params=""
time=2026-03-28T21:15:46.863Z level=INFO msg="DAG run started" name=FisgonTaskRequest run-id=019d364d-931f-7eba-8e8f-bcb1bfed1243 attempt-id="" dag=FisgonTaskRequest run-id=019d364d-931f-7eba-8e8f-bcb1bfed1243 params="[TARGET_CITY=Almeria TARGET_SCRAPER=SalaBerlin 3=DAGU_BASE_URL=]"
time=2026-03-28T21:15:46.866Z level=INFO msg="Step started" name=FisgonTaskRequest run-id=019d364d-931f-7eba-8e8f-bcb1bfed1243 attempt-id="" dag=FisgonTaskRequest run-id=019d364d-931f-7eba-8e8f-bcb1bfed1243 step=tarea_1
time=2026-03-28T21:15:51.364Z level=INFO msg="DAG run finished" name=FisgonTaskRequest run-id=019d364d-931f-7eba-8e8f-bcb1bfed1243 attempt-id="" dag=FisgonTaskRequest run-id=019d364d-931f-7eba-8e8f-bcb1bfed1243 status=succeeded started-at=2026-03-28T21:15:46Z finished-at=2026-03-28T21:15:51Z
time=2026-03-28T21:15:51.400Z level=INFO msg="Executing root dag-run" dag=FisgonTaskRequest run-id=019d364d-a4e5-764e-ad3b-532884217554 params=""
time=2026-03-28T21:15:51.413Z level=INFO msg="DAG run started" name=FisgonTaskRequest run-id=019d364d-a4e5-764e-ad3b-532884217554 attempt-id="" dag=FisgonTaskRequest run-id=019d364d-a4e5-764e-ad3b-532884217554 params="[TARGET_CITY=Almeria TARGET_SCRAPER=LaGuajira 3=DAGU_BASE_URL=]"
time=2026-03-28T21:15:51.416Z level=INFO msg="Step started" name=FisgonTaskRequest run-id=019d364d-a4e5-764e-ad3b-532884217554 attempt-id="" dag=FisgonTaskRequest run-id=019d364d-a4e5-764e-ad3b-532884217554 step=tarea_1
time=2026-03-28T21:16:51.333Z level=INFO msg="DAG run finished" name=FisgonTaskRequest run-id=019d364d-a4e5-764e-ad3b-532884217554 attempt-id="" dag=FisgonTaskRequest run-id=019d364d-a4e5-764e-ad3b-532884217554 status=succeeded started-at=2026-03-28T21:15:51Z finished-at=2026-03-28T21:16:51Z
time=2026-03-28T21:16:51.373Z level=INFO msg="Executing root dag-run" dag=FisgonTaskRequest run-id=019d364e-8f2b-7619-8811-f8dcc4ef71a7 params=""
time=2026-03-28T21:16:51.386Z level=INFO msg="DAG run started" name=FisgonTaskRequest run-id=019d364e-8f2b-7619-8811-f8dcc4ef71a7 attempt-id="" dag=FisgonTaskRequest run-id=019d364e-8f2b-7619-8811-f8dcc4ef71a7 params="[TARGET_CITY=Almeria TARGET_SCRAPER=ConciertosClub 3=DAGU_BASE_URL=]"
time=2026-03-28T21:16:51.390Z level=INFO msg="Step started" name=FisgonTaskRequest run-id=019d364e-8f2b-7619-8811-f8dcc4ef71a7 attempt-id="" dag=FisgonTaskRequest run-id=019d364e-8f2b-7619-8811-f8dcc4ef71a7 step=tarea_1
time=2026-03-28T21:16:53.537Z level=INFO msg="DAG run finished" name=FisgonTaskRequest run-id=019d364e-8f2b-7619-8811-f8dcc4ef71a7 attempt-id="" dag=FisgonTaskRequest run-id=019d364e-8f2b-7619-8811-f8dcc4ef71a7 status=succeeded started-at=2026-03-28T21:16:51Z finished-at=2026-03-28T21:16:53Z
time=2026-03-28T21:16:53.575Z level=INFO msg="Executing root dag-run" dag=FisgonTaskRequest run-id=019d364e-97c5-76e2-96d1-5993ac6973d2 params=""
time=2026-03-28T21:16:53.588Z level=INFO msg="DAG run started" name=FisgonTaskRequest run-id=019d364e-97c5-76e2-96d1-5993ac6973d2 attempt-id="" dag=FisgonTaskRequest run-id=019d364e-97c5-76e2-96d1-5993ac6973d2 params="[TARGET_CITY=Almeria TARGET_SCRAPER=JacksonLive 3=DAGU_BASE_URL=]"
time=2026-03-28T21:16:53.591Z level=INFO msg="Step started" name=FisgonTaskRequest run-id=019d364e-97c5-76e2-96d1-5993ac6973d2 attempt-id="" dag=FisgonTaskRequest run-id=019d364e-97c5-76e2-96d1-5993ac6973d2 step=tarea_1
time=2026-03-28T21:16:56.192Z level=INFO msg="DAG run finished" name=FisgonTaskRequest run-id=019d364e-97c5-76e2-96d1-5993ac6973d2 attempt-id="" dag=FisgonTaskRequest run-id=019d364e-97c5-76e2-96d1-5993ac6973d2 status=failed started-at=2026-03-28T21:16:53Z finished-at=2026-03-28T21:16:56Z
time=2026-03-28T21:16:56.205Z level=ERROR msg="Failed to execute dag-run" dag=FisgonTaskRequest run-id=019d364e-97c5-76e2-96d1-5993ac6973d2 err="failed to execute step \"tarea_1\": exit status 1\nrecent stderr (tail):\nactors, TARGET_SCRAPER, session_manager, TARGET_CITY)\n  File \"/app/run.py\", line 18, in run_one\n    ev.run()\n  File \"/app/scraper/extractors/main_pages/abc_main_pages_extractor.py\", line 17, in run\n    result = self.iterate_pages_clean_events()\n             ^^^^^^^^^^^^^^^^^^^^^^^^^^^^^^^^^\n  File \"/app/scraper/extractors/main_pages/jackson_live.py\", line 19, in iterate_pages_clean_events\n    events_cleaned = self.clean_main_page(main_page_soup)\n                     ^^^^^^^^^^^^^^^^^^^^^^^^^^^^^^^^^^^^\n  File \"/app/scraper/extractors/main_pages/abc_main_pages_extractor.py\", line 60, in clean_main_page\n    info_list = self.get_info_list(main_page_soup, tuple_url)\n                ^^^^^^^^^^^^^^^^^^^^^^^^^^^^^^^^^^^^^^^^^^^^^\n  File \"/app/scraper/extractors/main_pages/jackson_live.py\", line 24, in get_info_list\n    data_page = main_page_soup.find('div', {'data-page': True})['data-page']\n                ~~~~~~~~~~~~~~~~~~~~~~~~~~~~~~~~~~~~~~~~~~~~~~~^^^^^^^^^^^^^\nTypeError: 'NoneType' object is not subscriptable\n"
Error: failed to execute the dag-run FisgonTaskRequest (dag-run ID: 019d364e-97c5-76e2-96d1-5993ac6973d2): failed to execute step "tarea_1": exit status 1
recent stderr (tail):
actors, TARGET_SCRAPER, session_manager, TARGET_CITY)
  File "/app/run.py", line 18, in run_one
    ev.run()
  File "/app/scraper/extractors/main_pages/abc_main_pages_extractor.py", line 17, in run
    result = self.iterate_pages_clean_events()
             ^^^^^^^^^^^^^^^^^^^^^^^^^^^^^^^^^
  File "/app/scraper/extractors/main_pages/jackson_live.py", line 19, in iterate_pages_clean_events
    events_cleaned = self.clean_main_page(main_page_soup)
                     ^^^^^^^^^^^^^^^^^^^^^^^^^^^^^^^^^^^^
  File "/app/scraper/extractors/main_pages/abc_main_pages_extractor.py", line 60, in clean_main_page
    info_list = self.get_info_list(main_page_soup, tuple_url)
                ^^^^^^^^^^^^^^^^^^^^^^^^^^^^^^^^^^^^^^^^^^^^^
  File "/app/scraper/extractors/main_pages/jackson_live.py", line 24, in get_info_list
    data_page = main_page_soup.find('div', {'data-page': True})['data-page']
                ~~~~~~~~~~~~~~~~~~~~~~~~~~~~~~~~~~~~~~~~~~~~~~~^^^^^^^^^^^^^
TypeError: 'NoneType' object is not subscriptable

time=2026-03-28T21:16:56.232Z level=INFO msg="Executing root dag-run" dag=FisgonTaskRequest run-id=019d364e-a226-78f6-832a-171aa23f5505 params=""
time=2026-03-28T21:16:56.245Z level=INFO msg="DAG run started" name=FisgonTaskRequest run-id=019d364e-a226-78f6-832a-171aa23f5505 attempt-id="" dag=FisgonTaskRequest run-id=019d364e-a226-78f6-832a-171aa23f5505 params="[TARGET_CITY=Almeria TARGET_SCRAPER=BibliotecaAgenda 3=DAGU_BASE_URL=]"
time=2026-03-28T21:16:56.248Z level=INFO msg="Step started" name=FisgonTaskRequest run-id=019d364e-a226-78f6-832a-171aa23f5505 attempt-id="" dag=FisgonTaskRequest run-id=019d364e-a226-78f6-832a-171aa23f5505 step=tarea_1
time=2026-03-28T21:17:21.040Z level=INFO msg="DAG run finished" name=FisgonTaskRequest run-id=019d364e-a226-78f6-832a-171aa23f5505 attempt-id="" dag=FisgonTaskRequest run-id=019d364e-a226-78f6-832a-171aa23f5505 status=succeeded started-at=2026-03-28T21:16:56Z finished-at=2026-03-28T21:17:21Z
