
RUNNING VARS → 
        CITY=Almeria, 

        OPERATION=0,
            CREATE_SESSION=0,
            CLOSE_SESSION=0,
            SESSION=None,
            IMAGES=0,
            GET_SCRAPERS=

        SCRAPER=TodasLasEntradas
        DAG_RUN_URL=/dags/FisgonTaskSelenium/log?remoteNode=local&step=tarea_1&dagRunId=019d5985-b6bf-7270-8f75-17a8d155b3fb

Running for Almeria: TodasLasEntradas
TodasLasEntradas
RUNNING SESSION =  2026_04_04_17_17_Sabado
Starting WebDriver...
http://localhost:4444/wd/hub
Getting content
*** SCRAPED 10 URLS WITH EVENTS **
New url events = 0
#######################
No new urls/events extracted. No new events to save
#######################
