time=2026-02-06T15:37:09.241Z level=INFO msg="Executing root dag-run" dag=FisgonTaskRequest run-id=019c3399-9577-7ed0-8fda-3a604a10d20f params=""
time=2026-02-06T15:37:09.253Z level=INFO msg="DAG run started" name=FisgonTaskRequest run-id=019c3399-9577-7ed0-8fda-3a604a10d20f attempt-id="" dag=FisgonTaskRequest run-id=019c3399-9577-7ed0-8fda-3a604a10d20f params="[TARGET_CITY=Jaen TARGET_SCRAPER=ConciertosClub 3=DAGU_BASE_URL=]"
time=2026-02-06T15:37:09.256Z level=INFO msg="Step started" name=FisgonTaskRequest run-id=019c3399-9577-7ed0-8fda-3a604a10d20f attempt-id="" dag=FisgonTaskRequest run-id=019c3399-9577-7ed0-8fda-3a604a10d20f step=tarea_1
time=2026-02-06T15:37:10.435Z level=INFO msg="DAG run finished" name=FisgonTaskRequest run-id=019c3399-9577-7ed0-8fda-3a604a10d20f attempt-id="" dag=FisgonTaskRequest run-id=019c3399-9577-7ed0-8fda-3a604a10d20f status=failed started-at=2026-02-06T15:37:09Z finished-at=2026-02-06T15:37:10Z
time=2026-02-06T15:37:10.451Z level=ERROR msg="Failed to execute dag-run" dag=FisgonTaskRequest run-id=019c3399-9577-7ed0-8fda-3a604a10d20f err="failed to execute step \"tarea_1\": exit status 1\nrecent stderr (tail):\nTraceback (most recent call last):\n  File \"/app/run.py\", line 120, in <module>\n    from orchestration.jaen import events_extractors\n  File \"/app/orchestration/jaen.py\", line 6, in <module>\n    from scraper.extractors.url_iterator.salalapaca import SalaLaPaca \n    ^^^^^^^^^^^^^^^^^^^^^^^^^^^^^^^^^^^^^^^^^^^^^^^^^^^^^^^^^^^^^^^^^\nModuleNotFoundError: No module named 'scraper.extractors.url_iterator.salalapaca'\n"
Error: failed to execute the dag-run FisgonTaskRequest (dag-run ID: 019c3399-9577-7ed0-8fda-3a604a10d20f): failed to execute step "tarea_1": exit status 1
recent stderr (tail):
Traceback (most recent call last):
  File "/app/run.py", line 120, in <module>
    from orchestration.jaen import events_extractors
  File "/app/orchestration/jaen.py", line 6, in <module>
    from scraper.extractors.url_iterator.salalapaca import SalaLaPaca 
    ^^^^^^^^^^^^^^^^^^^^^^^^^^^^^^^^^^^^^^^^^^^^^^^^^^^^^^^^^^^^^^^^^
ModuleNotFoundError: No module named 'scraper.extractors.url_iterator.salalapaca'

time=2026-02-06T15:37:10.479Z level=INFO msg="Executing root dag-run" dag=FisgonTaskRequest run-id=019c3399-9a4d-7ae7-be29-814ec7b5568c params=""
time=2026-02-06T15:37:10.491Z level=INFO msg="DAG run started" name=FisgonTaskRequest run-id=019c3399-9a4d-7ae7-be29-814ec7b5568c attempt-id="" dag=FisgonTaskRequest run-id=019c3399-9a4d-7ae7-be29-814ec7b5568c params="[TARGET_CITY=Jaen TARGET_SCRAPER=JacksonLive 3=DAGU_BASE_URL=]"
time=2026-02-06T15:37:10.494Z level=INFO msg="Step started" name=FisgonTaskRequest run-id=019c3399-9a4d-7ae7-be29-814ec7b5568c attempt-id="" dag=FisgonTaskRequest run-id=019c3399-9a4d-7ae7-be29-814ec7b5568c step=tarea_1
time=2026-02-06T15:37:11.295Z level=INFO msg="DAG run finished" name=FisgonTaskRequest run-id=019c3399-9a4d-7ae7-be29-814ec7b5568c attempt-id="" dag=FisgonTaskRequest run-id=019c3399-9a4d-7ae7-be29-814ec7b5568c status=failed started-at=2026-02-06T15:37:10Z finished-at=2026-02-06T15:37:11Z
time=2026-02-06T15:37:11.310Z level=ERROR msg="Failed to execute dag-run" dag=FisgonTaskRequest run-id=019c3399-9a4d-7ae7-be29-814ec7b5568c err="failed to execute step \"tarea_1\": exit status 1\nrecent stderr (tail):\nTraceback (most recent call last):\n  File \"/app/run.py\", line 120, in <module>\n    from orchestration.jaen import events_extractors\n  File \"/app/orchestration/jaen.py\", line 6, in <module>\n    from scraper.extractors.url_iterator.salalapaca import SalaLaPaca \n    ^^^^^^^^^^^^^^^^^^^^^^^^^^^^^^^^^^^^^^^^^^^^^^^^^^^^^^^^^^^^^^^^^\nModuleNotFoundError: No module named 'scraper.extractors.url_iterator.salalapaca'\n"
Error: failed to execute the dag-run FisgonTaskRequest (dag-run ID: 019c3399-9a4d-7ae7-be29-814ec7b5568c): failed to execute step "tarea_1": exit status 1
recent stderr (tail):
Traceback (most recent call last):
  File "/app/run.py", line 120, in <module>
    from orchestration.jaen import events_extractors
  File "/app/orchestration/jaen.py", line 6, in <module>
    from scraper.extractors.url_iterator.salalapaca import SalaLaPaca 
    ^^^^^^^^^^^^^^^^^^^^^^^^^^^^^^^^^^^^^^^^^^^^^^^^^^^^^^^^^^^^^^^^^
ModuleNotFoundError: No module named 'scraper.extractors.url_iterator.salalapaca'

time=2026-02-06T15:37:11.339Z level=INFO msg="Executing root dag-run" dag=FisgonTaskRequest run-id=019c3399-9daa-7ae2-af32-4c2d38b7f96f params=""
time=2026-02-06T15:37:11.353Z level=INFO msg="DAG run started" name=FisgonTaskRequest run-id=019c3399-9daa-7ae2-af32-4c2d38b7f96f attempt-id="" dag=FisgonTaskRequest run-id=019c3399-9daa-7ae2-af32-4c2d38b7f96f params="[TARGET_CITY=Jaen TARGET_SCRAPER=Eventick 3=DAGU_BASE_URL=]"
time=2026-02-06T15:37:11.356Z level=INFO msg="Step started" name=FisgonTaskRequest run-id=019c3399-9daa-7ae2-af32-4c2d38b7f96f attempt-id="" dag=FisgonTaskRequest run-id=019c3399-9daa-7ae2-af32-4c2d38b7f96f step=tarea_1
time=2026-02-06T15:37:12.156Z level=INFO msg="DAG run finished" name=FisgonTaskRequest run-id=019c3399-9daa-7ae2-af32-4c2d38b7f96f attempt-id="" dag=FisgonTaskRequest run-id=019c3399-9daa-7ae2-af32-4c2d38b7f96f status=failed started-at=2026-02-06T15:37:11Z finished-at=2026-02-06T15:37:12Z
time=2026-02-06T15:37:12.170Z level=ERROR msg="Failed to execute dag-run" dag=FisgonTaskRequest run-id=019c3399-9daa-7ae2-af32-4c2d38b7f96f err="failed to execute step \"tarea_1\": exit status 1\nrecent stderr (tail):\nTraceback (most recent call last):\n  File \"/app/run.py\", line 120, in <module>\n    from orchestration.jaen import events_extractors\n  File \"/app/orchestration/jaen.py\", line 6, in <module>\n    from scraper.extractors.url_iterator.salalapaca import SalaLaPaca \n    ^^^^^^^^^^^^^^^^^^^^^^^^^^^^^^^^^^^^^^^^^^^^^^^^^^^^^^^^^^^^^^^^^\nModuleNotFoundError: No module named 'scraper.extractors.url_iterator.salalapaca'\n"
Error: failed to execute the dag-run FisgonTaskRequest (dag-run ID: 019c3399-9daa-7ae2-af32-4c2d38b7f96f): failed to execute step "tarea_1": exit status 1
recent stderr (tail):
Traceback (most recent call last):
  File "/app/run.py", line 120, in <module>
    from orchestration.jaen import events_extractors
  File "/app/orchestration/jaen.py", line 6, in <module>
    from scraper.extractors.url_iterator.salalapaca import SalaLaPaca 
    ^^^^^^^^^^^^^^^^^^^^^^^^^^^^^^^^^^^^^^^^^^^^^^^^^^^^^^^^^^^^^^^^^
ModuleNotFoundError: No module named 'scraper.extractors.url_iterator.salalapaca'

