Launching scraper: ConciertosClub
Failed - 2026-02-06T15:37:09Z

dag: FisgonTaskRequest (1.0s)
│
└─tarea_1 (1.0s) [failed]
  ├─bash -lc 'docker run --rm --network host -v
  │   /home/ubuntu/work/fisgon:/app -v
  │   /home/ubuntu/data_storage:/home/ubuntu/data_storage -v
  │   /home/ubuntu/work/event_flask_app/static/img:/home/ubuntu/work/event_fla
  │   sk_app/static/img -w /app -e OPERATION=0 -e DOCKER_CONFIG=/tmp/.docker
  │   -e HOME=/tmp -e TARGET_CITY -e TARGET_SCRAPER -e
  │   DAG_RUN_URL="${DAGU_BASE_URL}/dags/${DAG_NAME}?dagRunId=${DAG_RUN_ID}"
  │   -e
  │   DAG_RUN_LOG_URL="${DAGU_BASE_URL}/dags/${DAG_NAME}/log?remoteNode=local&
  │   step=tarea_1&dagRunId=${DAG_RUN_ID}" fisgon_scraper:1.0; rc=$?; exit
  │   $rc'
  │
  ├─stdout:
  │   RUNNING VARS →
  │   CITY=Jaen,
  │   OPERATION=0,
  │   CREATE_SESSION=0,
  │   CLOSE_SESSION=0,
  │   SESSION=None,
  │   IMAGES=0,
  │   GET_SCRAPERS=
  │   SCRAPER=ConciertosClub
  │   DAG_RUN_URL=/dags/FisgonTaskRequest/log?remoteNode=local&step=tarea_1&da
  │   gRunId=019c3399-9577-7ed0-8fda-3a604a10d20f
  ├─stderr:
  │   Traceback (most recent call last):
  │   File "/app/run.py", line 120, in <module>
  │   from orchestration.jaen import events_extractors
  │   File "/app/orchestration/jaen.py", line 6, in <module>
  │   from scraper.extractors.url_iterator.salalapaca import SalaLaPaca
  │   ^^^^^^^^^^^^^^^^^^^^^^^^^^^^^^^^^^^^^^^^^^^^^^^^^^^^^^^^^^^^^^^^^
  │   ModuleNotFoundError: No module named
  │   'scraper.extractors.url_iterator.salalapaca'
  │
  └─error: failed to execute step "tarea_1": exit status 1

Result: Failed

Launching scraper: JacksonLive
Failed - 2026-02-06T15:37:10Z

dag: FisgonTaskRequest (1.0s)
│
└─tarea_1 (1.0s) [failed]
  ├─bash -lc 'docker run --rm --network host -v
  │   /home/ubuntu/work/fisgon:/app -v
  │   /home/ubuntu/data_storage:/home/ubuntu/data_storage -v
  │   /home/ubuntu/work/event_flask_app/static/img:/home/ubuntu/work/event_fla
  │   sk_app/static/img -w /app -e OPERATION=0 -e DOCKER_CONFIG=/tmp/.docker
  │   -e HOME=/tmp -e TARGET_CITY -e TARGET_SCRAPER -e
  │   DAG_RUN_URL="${DAGU_BASE_URL}/dags/${DAG_NAME}?dagRunId=${DAG_RUN_ID}"
  │   -e
  │   DAG_RUN_LOG_URL="${DAGU_BASE_URL}/dags/${DAG_NAME}/log?remoteNode=local&
  │   step=tarea_1&dagRunId=${DAG_RUN_ID}" fisgon_scraper:1.0; rc=$?; exit
  │   $rc'
  │
  ├─stdout:
  │   RUNNING VARS →
  │   CITY=Jaen,
  │   OPERATION=0,
  │   CREATE_SESSION=0,
  │   CLOSE_SESSION=0,
  │   SESSION=None,
  │   IMAGES=0,
  │   GET_SCRAPERS=
  │   SCRAPER=JacksonLive
  │   DAG_RUN_URL=/dags/FisgonTaskRequest/log?remoteNode=local&step=tarea_1&da
  │   gRunId=019c3399-9a4d-7ae7-be29-814ec7b5568c
  ├─stderr:
  │   Traceback (most recent call last):
  │   File "/app/run.py", line 120, in <module>
  │   from orchestration.jaen import events_extractors
  │   File "/app/orchestration/jaen.py", line 6, in <module>
  │   from scraper.extractors.url_iterator.salalapaca import SalaLaPaca
  │   ^^^^^^^^^^^^^^^^^^^^^^^^^^^^^^^^^^^^^^^^^^^^^^^^^^^^^^^^^^^^^^^^^
  │   ModuleNotFoundError: No module named
  │   'scraper.extractors.url_iterator.salalapaca'
  │
  └─error: failed to execute step "tarea_1": exit status 1

Result: Failed

Launching scraper: Eventick
Failed - 2026-02-06T15:37:11Z

dag: FisgonTaskRequest (1.0s)
│
└─tarea_1 (1.0s) [failed]
  ├─bash -lc 'docker run --rm --network host -v
  │   /home/ubuntu/work/fisgon:/app -v
  │   /home/ubuntu/data_storage:/home/ubuntu/data_storage -v
  │   /home/ubuntu/work/event_flask_app/static/img:/home/ubuntu/work/event_fla
  │   sk_app/static/img -w /app -e OPERATION=0 -e DOCKER_CONFIG=/tmp/.docker
  │   -e HOME=/tmp -e TARGET_CITY -e TARGET_SCRAPER -e
  │   DAG_RUN_URL="${DAGU_BASE_URL}/dags/${DAG_NAME}?dagRunId=${DAG_RUN_ID}"
  │   -e
  │   DAG_RUN_LOG_URL="${DAGU_BASE_URL}/dags/${DAG_NAME}/log?remoteNode=local&
  │   step=tarea_1&dagRunId=${DAG_RUN_ID}" fisgon_scraper:1.0; rc=$?; exit
  │   $rc'
  │
  ├─stdout:
  │   RUNNING VARS →
  │   CITY=Jaen,
  │   OPERATION=0,
  │   CREATE_SESSION=0,
  │   CLOSE_SESSION=0,
  │   SESSION=None,
  │   IMAGES=0,
  │   GET_SCRAPERS=
  │   SCRAPER=Eventick
  │   DAG_RUN_URL=/dags/FisgonTaskRequest/log?remoteNode=local&step=tarea_1&da
  │   gRunId=019c3399-9daa-7ae2-af32-4c2d38b7f96f
  ├─stderr:
  │   Traceback (most recent call last):
  │   File "/app/run.py", line 120, in <module>
  │   from orchestration.jaen import events_extractors
  │   File "/app/orchestration/jaen.py", line 6, in <module>
  │   from scraper.extractors.url_iterator.salalapaca import SalaLaPaca
  │   ^^^^^^^^^^^^^^^^^^^^^^^^^^^^^^^^^^^^^^^^^^^^^^^^^^^^^^^^^^^^^^^^^
  │   ModuleNotFoundError: No module named
  │   'scraper.extractors.url_iterator.salalapaca'
  │
  └─error: failed to execute step "tarea_1": exit status 1

Result: Failed

