
RUNNING VARS → 
        CITY=Almeria, 

        OPERATION=1,
            CREATE_SESSION=0,
            CLOSE_SESSION=1,
            SESSION=None,
            IMAGES=0,
            GET_SCRAPERS=

        SCRAPER=
        DAG_RUN_URL=/dags/FisgonSession/log?remoteNode=local&step=session&dagRunId=019ca939-2520-7679-a68b-87dafe041e7d

Executing final task with session: 2026_03_01_11_33_Domingo
Reading /home/ubuntu/data_storage/Almeria/2026_03_01_11_33_Domingo/0_raw/20260301_1137_JuntaAndaluciaAgenda.json...
Reading /home/ubuntu/data_storage/Almeria/2026_03_01_11_33_Domingo/0_raw/20260301_1141_FlowteTaquillaCultural.json...
Reading /home/ubuntu/data_storage/Almeria/2026_03_01_11_33_Domingo/0_raw/20260301_1136_AlmeriaCiudad.json...
Reading /home/ubuntu/data_storage/Almeria/2026_03_01_11_33_Domingo/0_raw/20260301_1135_BibliotecaAgenda.json...
Reading /home/ubuntu/data_storage/Almeria/2026_03_01_11_33_Domingo/0_raw/20260301_1146_RedBibliotecas.json...
Reading /home/ubuntu/data_storage/Almeria/2026_03_01_11_33_Domingo/0_raw/20260301_1146_SalaEmma.json...
Reading /home/ubuntu/data_storage/Almeria/2026_03_01_11_33_Domingo/0_raw/20260301_1139_ClassicJazz.json...
Reading /home/ubuntu/data_storage/Almeria/2026_03_01_11_33_Domingo/0_raw/20260301_1135_JacksonLive.json...
Reading /home/ubuntu/data_storage/Almeria/2026_03_01_11_33_Domingo/0_raw/20260301_1133_KuverProducciones.json...
Reading /home/ubuntu/data_storage/Almeria/2026_03_01_11_33_Domingo/0_raw/20260301_1133_LaGuajira.json...
Reading /home/ubuntu/data_storage/Almeria/2026_03_01_11_33_Domingo/0_raw/20260301_1134_ConciertosClub.json...
Reading /home/ubuntu/data_storage/Almeria/2026_03_01_11_33_Domingo/0_raw/20260301_1133_SalaBerlin.json...
Reading /home/ubuntu/data_storage/Almeria/2026_03_01_11_33_Domingo/0_raw/20260301_1145_Entradium.json...
Saving 118 new events
Saving in  /home/ubuntu/data_storage/Almeria/2026_03_01_11_33_Domingo/0_raw/Merged.json
