Succeeded - 2026-02-03T10:18:26Z

dag: FisgonSession (1.0s)
│
└─session (1.0s) [succeeded]
  ├─bash -lc 'docker run --rm --network host -v
  │   /home/ubuntu/work/fisgon:/app -v
  │   /home/ubuntu/data_storage:/home/ubuntu/data_storage -w /app -e
  │   OPERATION=1 -e DOCKER_CONFIG=/tmp/.docker -e HOME=/tmp -e TARGET_CITY -e
  │   CREATE_SESSION -e CLOSE_SESSION -e
  │   DAG_RUN_URL="${DAGU_BASE_URL}/dags/${DAG_NAME}?dagRunId=${DAG_RUN_ID}"
  │   -e
  │   DAG_RUN_LOG_URL="${DAGU_BASE_URL}/dags/${DAG_NAME}/log?remoteNode=local&
  │   step=session&dagRunId=${DAG_RUN_ID}" fisgon_scraper:1.0; rc=$?; exit
  │   $rc'
  │
  └─stdout:
      RUNNING VARS →
      CITY=Almeria,
      OPERATION=1,
      CREATE_SESSION=0,
      CLOSE_SESSION=1,
      SESSION=None,
      IMAGES=0,
      SCRAPER=
      DAG_RUN_URL=/dags/FisgonSession?dagRunId=019c2302-b8f6-77f9-baa7-f23d504b8
      dff
      Executing final task with session: 2026_02_03_10_15_Martes
      Reading
      /home/ubuntu/data_storage/Almeria/2026_02_03_10_15_Martes/0_raw/20260203_1
      016_SalaEmma.json...
      Saving 13 new events
      Saving in
      /home/ubuntu/data_storage/Almeria/2026_02_03_10_15_Martes/0_raw/Merged.jso
      n

Result: Succeeded

