
RUNNING VARS → 
        CITY=Almeria, 

        OPERATION=1,
            CREATE_SESSION=0,
            CLOSE_SESSION=1,
            SESSION=None,
            IMAGES=0,

        SCRAPER=
        DAG_RUN_URL=/dags/FisgonSession?dagRunId=019c22f7-9b16-7b7c-902c-1d55e74fc711

Executing final task with session: 2026_02_02_15_32_Lunes
Reading /home/ubuntu/data_storage/Almeria/2026_02_02_15_32_Lunes/0_raw/20260203_0941_AlmeriaTurismo.json...
Reading /home/ubuntu/data_storage/Almeria/2026_02_02_15_32_Lunes/0_raw/20260203_0924_SalaEmma.json...
Reading /home/ubuntu/data_storage/Almeria/2026_02_02_15_32_Lunes/0_raw/20260203_0928_LaGuajira.json...
Reading /home/ubuntu/data_storage/Almeria/2026_02_02_15_32_Lunes/0_raw/20260202_1549_LaGuajira.json...
Reading /home/ubuntu/data_storage/Almeria/2026_02_02_15_32_Lunes/0_raw/20260203_0930_AlmeriaCiudad.json...
Reading /home/ubuntu/data_storage/Almeria/2026_02_02_15_32_Lunes/0_raw/20260202_1600_ClassicJazz.json...
Reading /home/ubuntu/data_storage/Almeria/2026_02_02_15_32_Lunes/0_raw/20260203_0924_SalaBerlin.json...
Reading /home/ubuntu/data_storage/Almeria/2026_02_02_15_32_Lunes/0_raw/20260203_0928_ConciertosClub.json...
Saving 231 new events
Saving in  /home/ubuntu/data_storage/Almeria/2026_02_02_15_32_Lunes/0_raw/Merged.json
