
RUNNING VARS → 
        CITY=Almeria, 

        OPERATION=0,
            CREATE_SESSION=0,
            CLOSE_SESSION=0,
            SESSION=None,
            IMAGES=0,
            GET_SCRAPERS=

        SCRAPER=Entradium
        DAG_RUN_URL=/dags/FisgonTaskSelenium/log?remoteNode=local&step=tarea_1&dagRunId=019d3ef3-94d3-7733-8971-131c0702a54c

Running for Almeria: Entradium
Entradium
RUNNING SESSION =  2026_03_30_13_28_Lunes
Starting WebDriver...
http://localhost:4444/wd/hub
sleeping 5
clicking
sleeping 3
sleeping 1.5
sleeping 3
******
xpath
/html/body/header/div[2]/div[1]/div/div/form/div/div/button/span/i
clicking
sleeping 3
sleeping 8
Getting content
*** SCRAPED 22 URLS WITH EVENTS **
New url events = 1
0 / 1
Getting https://entradium.com/es/events/piano-musica-para-los-sentidos
Sleep 4
['18.04.2026', '21:30']
--------------------
{'id': '54663dc9', 'show': 1, 'in_city': 1, 'one_day': 1, 'wrong_date_time': 0, 'event': 'Piano&Música Para Los Sentidos', 'slug': 'piano-musica-para-los-sentidos', 'category': '__NOT_DEFINIED__', 'id_venue': 'trpmPB62', 'venue': 'Sala El Zaguán (Cervecería Internacional)', 'std_venue': 'Zaguán', 'start_date': '2026-04-18', 'start_time': '21:30:00', 'end_date': '__NOT_DEFINIED__', 'end_time': '__NOT_DEFINIED__', 'description': 'Ani Espinosa, pianista almeriense, con raíces latinas, tocará para todos los públicos "música para los sentidos". Mezclando piano clásico, neoclásico, minimalista.....y cómo no, con alguna sorpresa. Qué mejor que experimentarlo en directo, con piano acústico y con la sencillez que la acompaña. Apto para todos los públicos y edades.', 'others': {}, 'source': 'Entradium', 'exec_time': '20260330T133409', 'session': '2026_03_30_13_28_Lunes', 'image': 'https://d2il8hfach02z9.cloudfront.net/uploads/event/poster/6abcd0705d08e06ced1752b44d335f9901a3f177/event_m_1000189229.jpg?v=1774865934', 'url': 'https://entradium.com/es/events/piano-musica-para-los-sentidos'}
****************************
Saving 1 new events
Saving in  /home/ubuntu/data_storage/Almeria/2026_03_30_13_28_Lunes/0_raw/20260330_1334_Entradium.json
Saving 1 master url
Appending to  /home/ubuntu/data_storage/Almeria/00_master/master_url.json
