
RUNNING VARS → 
        CITY=Almeria, 

        OPERATION=0,
            CREATE_SESSION=0,
            CLOSE_SESSION=0,
            SESSION=None,
            IMAGES=0,
            GET_SCRAPERS=

        SCRAPER=SalaBerlin
        DAG_RUN_URL=/dags/FisgonTaskRequest/log?remoteNode=local&step=tarea_1&dagRunId=019cf10a-012b-7e19-b61b-f331fe736089

Running for Almeria: SalaBerlin
SalaBerlin
RUNNING SESSION =  2026_03_15_10_27_Domingo
Getting https://berlinalmeria.com/eventos/
Sleep 1
*** SCRAPED 12 URLS WITH EVENTS **
New url events = 1
0 / 1
Getting https://berlinalmeria.com/producto/22-mayo-concierto-mescalina/
Sleep 4
--------------------
{'id': 'f19f7738', 'show': 1, 'in_city': 1, 'one_day': 1, 'wrong_date_time': 1, 'event': 'Concierto Mescalina', 'slug': 'concierto-mescalina', 'category': '__NOT_DEFINIED__', 'id_venue': 'NmPqTrh6', 'venue': 'Sala Berlin', 'std_venue': 'Berlin Social Club', 'start_date': '__NOT_FOUND__', 'start_time': '__NOT_FOUND__', 'end_date': '__NOT_DEFINIED__', 'end_time': '__NOT_DEFINIED__', 'description': 'Homenaje a: RADIO FUTURA, EL ÚLTIMO DE LA FILA y HÉROES DEL SILENCIO. La banda sonora perfecta para trasladar a los asistentes a una añorada época con una calidad compositiva difícilmente igualable.', 'others': {'price': '15,00\xa0€', 'ticket': 'https://entradas.crashmusic.es/event/concierto-mescalina-tributo-ultimo-de-la-fila-radio-futura-y-heroes-del-silencio-almeria-sala-berlin-viernes-22-de-mayo'}, 'source': 'SalaBerlin', 'exec_time': '20260315T102811', 'session': '2026_03_15_10_27_Domingo', 'image': 'https://berlinalmeria.com/wp-content/uploads/2026/02/041b2fe2d00a851bf07f58e3d4f78aae.jpg', 'url': 'https://berlinalmeria.com/producto/22-mayo-concierto-mescalina/'}
****************************
Saving 1 new events
Saving in  /home/ubuntu/data_storage/Almeria/2026_03_15_10_27_Domingo/0_raw/20260315_1028_SalaBerlin.json
Saving 1 master url
Appending to  /home/ubuntu/data_storage/Almeria/00_master/master_url.json
