Launching scraper: AlmeriaCiudad
Succeeded - 2026-03-18T20:15:07Z

dag: FisgonTaskSelenium (38.0s)
│
└─tarea_1 (38.0s) [succeeded]
  ├─bash -lc 'set -eo pipefail; export DOCKER_CONFIG=/tmp/.docker HOME=/tmp;
  │   SELENIUM_NAME="selenium_${DAG_RUN_ID:-$$}_$(date +%s)"; cleanup() {
  │   docker rm -f "$SELENIUM_NAME" >/dev/null 2>&1 || true; }; trap cleanup
  │   EXIT; docker run -d --rm --name "$SELENIUM_NAME" --shm-size=2g -e
  │   SE_NODE_MAX_SESSIONS=1 -e SE_NODE_OVERRIDE_MAX_SESSIONS=true
  │   selenium/standalone-chrome:latest >/dev/null; docker exec
  │   "$SELENIUM_NAME" bash -c "for i in \$(seq 1 60); do (echo >
  │   /dev/tcp/127.0.0.1/4444) >/dev/null 2>&1 && exit 0; sleep 1; done; exit
  │   1"; docker run --rm --network container:"$SELENIUM_NAME" -v
  │   /home/ubuntu/work/fisgon:/app -v
  │   /home/ubuntu/data_storage:/home/ubuntu/data_storage -v
  │   /home/ubuntu/work/event_flask_app/static/img:/home/ubuntu/work/event_fla
  │   sk_app/static/img -w /app -e OPERATION=0 -e DOCKER_CONFIG=/tmp/.docker
  │   -e HOME=/tmp -e TARGET_CITY -e TARGET_SCRAPER -e
  │   DAG_RUN_URL="${DAGU_BASE_URL:-}/dags/${DAG_NAME}?dagRunId=${DAG_RUN_ID}"
  │   -e
  │   DAG_RUN_LOG_URL="${DAGU_BASE_URL:-}/dags/${DAG_NAME}/log?remoteNode=loca
  │   l&step=tarea_1&dagRunId=${DAG_RUN_ID}" fisgon_scraper:1.0'
  │
  └─stdout:
      RUNNING VARS →
      CITY=Almeria,
      OPERATION=0,
      CREATE_SESSION=0,
      CLOSE_SESSION=0,
      SESSION=None,
      IMAGES=0,
      GET_SCRAPERS=
      SCRAPER=AlmeriaCiudad
      DAG_RUN_URL=/dags/FisgonTaskSelenium/log?remoteNode=local&step=tarea_1&dag
      RunId=019d0296-7370-7359-9c83-7f15af5e4005
      Running for Almeria: AlmeriaCiudad
      AlmeriaCiudad
      RUNNING SESSION =  2026_03_18_20_12_Miercoles
      Starting WebDriver...
      http://localhost:4444/wd/hub
      sleeping 5
      Getting content
      page = 0
      -----------https://almeriaciudad.es/cultura/agenda?page=0---------------
      len 12
      sleeping 5
      Getting content
      page = 1
      -----------https://almeriaciudad.es/cultura/agenda?page=1---------------
      len 12
      sleeping 5
      Getting content
      page = 2
      -----------https://almeriaciudad.es/cultura/agenda?page=2---------------
      len 11
      sleeping 5
      Getting content
      page = 3
      -----------https://almeriaciudad.es/cultura/agenda?page=3---------------
      len 0
      *** SCRAPED 35 URLS WITH EVENTS **
      New url events = 0
      #######################
      No new urls/events extracted. No new events to save
      #######################

Result: Succeeded

Launching scraper: AlmeriaTurismo
Succeeded - 2026-03-18T20:15:45Z

dag: FisgonTaskSelenium (39.0s)
│
└─tarea_1 (39.0s) [succeeded]
  ├─bash -lc 'set -eo pipefail; export DOCKER_CONFIG=/tmp/.docker HOME=/tmp;
  │   SELENIUM_NAME="selenium_${DAG_RUN_ID:-$$}_$(date +%s)"; cleanup() {
  │   docker rm -f "$SELENIUM_NAME" >/dev/null 2>&1 || true; }; trap cleanup
  │   EXIT; docker run -d --rm --name "$SELENIUM_NAME" --shm-size=2g -e
  │   SE_NODE_MAX_SESSIONS=1 -e SE_NODE_OVERRIDE_MAX_SESSIONS=true
  │   selenium/standalone-chrome:latest >/dev/null; docker exec
  │   "$SELENIUM_NAME" bash -c "for i in \$(seq 1 60); do (echo >
  │   /dev/tcp/127.0.0.1/4444) >/dev/null 2>&1 && exit 0; sleep 1; done; exit
  │   1"; docker run --rm --network container:"$SELENIUM_NAME" -v
  │   /home/ubuntu/work/fisgon:/app -v
  │   /home/ubuntu/data_storage:/home/ubuntu/data_storage -v
  │   /home/ubuntu/work/event_flask_app/static/img:/home/ubuntu/work/event_fla
  │   sk_app/static/img -w /app -e OPERATION=0 -e DOCKER_CONFIG=/tmp/.docker
  │   -e HOME=/tmp -e TARGET_CITY -e TARGET_SCRAPER -e
  │   DAG_RUN_URL="${DAGU_BASE_URL:-}/dags/${DAG_NAME}?dagRunId=${DAG_RUN_ID}"
  │   -e
  │   DAG_RUN_LOG_URL="${DAGU_BASE_URL:-}/dags/${DAG_NAME}/log?remoteNode=loca
  │   l&step=tarea_1&dagRunId=${DAG_RUN_ID}" fisgon_scraper:1.0'
  │
  └─stdout: ... (477 more lines)
      {'id': '07332b4c', 'show': 1, 'in_city': 1, 'one_day': 1,
      'wrong_date_time': 0, 'event': 'Laura Gallego: La Última Folclórica',
      'slug': 'laura-gallego-la-ultima-folclorica', 'category':
      '__NOT_DEFINIED__', 'id_venue': None, 'venue': '__NOT_FOUND__',
      'std_venue': None, 'start_date': '2026-04-18', 'start_time': '20:30:00',
      'end_date': '2026-04-18', 'end_time': '21:30:00', 'description':
      'Concierto de Laura Gallego, la última folclórica, en el Auditorio
      Municipal Maestro Padilla de Almería.', 'others': {'category': 'Concierto
      en Almería', 'hour': '(Sábado) 20:30 pm - 21:30 pm', 'startDate':
      '2026-4-18T20:30+2:00', 'endDate': '2026-4-18T21:30+2:00',
      'duration_days': 0, 'location': '__NOT_FOUND__'}, 'source':
      'AlmeriaTurismo', 'exec_time': '20260318T201551', 'session':
      '2026_03_18_20_12_Miercoles', 'image':
      'https://www.turismodealmeria.org/wp-content/uploads/2026/02/Laura-Gallego
      -La-ultima-folclorica.jpg', 'url':
      'https://www.turismodealmeria.org/evento/laura-gallego-la-ultima-folcloric
      a/'}
      --------------------
      {'id': '61bb9c6b', 'show': 1, 'in_city': 1, 'one_day': 1,
      'wrong_date_time': 0, 'event': 'BARRY B - Infancia Mal Calibrada', 'slug':
      'barry-b-infancia-mal-calibrada', 'category': '__NOT_DEFINIED__',
      'id_venue': 'NmPqTrh6', 'venue': 'Berlin Social Club', 'std_venue':
      'Berlin Social Club', 'start_date': '2026-04-18', 'start_time':
      '20:30:00', 'end_date': '2026-04-18', 'end_time': '22:30:00',
      'description': 'Barry B presenta su gira “Infancia Mal Calibrada”, con
      la que recorrerá más de 20 ciudades del país y pondrá rumbo por
      primera vez a México. El tour viene impulsado por su nuevo EP, disponible
      desde el 26 de septiembre, que abre una nueva etapa en la carrera del
      artista, después de haber conquistado los principales escenarios y haber
      crecido exponencialmente durante los últimos meses. Tras el éxito de su
      primer disco Chato, que lo consolidó como una de las voces
      imprescindibles del panorama, Barry B regresa con canciones cargadas de
      guitarras, estribillos demoledores y la crudeza que caracteriza sus letras
      y que ya son marca de la casa.', 'others': {'category': 'Berlin Social
      Club, Almería', 'hour': '__NOT_FOUND__', 'startDate':
      '2026-4-18T20:30+2:00', 'endDate': '2026-4-18T22:30+2:00',
      'duration_days': 0, 'location': 'Parque de Nicolás Salmerón, 9, Bajo 2,
      04001 Almería'}, 'source': 'AlmeriaTurismo', 'exec_time':
      '20260318T201551', 'session': '2026_03_18_20_12_Miercoles', 'image':
      'https://www.turismodealmeria.org/wp-content/uploads/2026/02/bbb.jpg',
      'url':
      'https://www.turismodealmeria.org/evento/barry-b-infancia-mal-calibrada/'}
      --------------------
      {'id': '14d9d2ba', 'show': 1, 'in_city': 1, 'one_day': 1,
      'wrong_date_time': 0, 'event': "El Selu Presenta 'Universo Cádi'",
      'slug': 'el-selu-presenta-universo-cadi', 'category': '__NOT_DEFINIED__',
      'id_venue': 'DgpfFbPt', 'venue': 'Teatro Cervantes', 'std_venue': 'Teatro
      Cervantes', 'start_date': '2026-04-18', 'start_time': '21:30:00',
      'end_date': '2026-04-18', 'end_time': '23:30:00', 'description': 'El Selu
      presenta ‘Universo Cádi’, un espectáculo de la reconocida chirigota
      de El Selu. Un viaje cómico y musical al particular universo gaditano,
      lleno de sátira, humor y talento carnavalesco. Una cita imprescindible
      para los amantes del carnaval y del buen humor, que tendrá lugar el 18 de
      abril a las 21:30h en el Teatro Cervantes de Almería.', 'others':
      {'category': 'Teatro Cervantes - 18 de abril a las 21:30h', 'hour':
      '__NOT_FOUND__', 'startDate': '2026-4-18T21:30+2:00', 'endDate':
      '2026-4-18T23:30+2:00', 'duration_days': 0, 'location': 'Calle Poeta
      Villaespesa, 1, 04001 Almería'}, 'source': 'AlmeriaTurismo', 'exec_time':
      '20260318T201551', 'session': '2026_03_18_20_12_Miercoles', 'image':
      'https://www.turismodealmeria.org/wp-content/uploads/2026/02/Universo-Cadi
      z-Chirigota-de-El-Selu.jpg', 'url':
      'https://www.turismodealmeria.org/evento/el-selu-presenta-universo-cadi/'}
      --------------------
      {'id': '72ad2e58', 'show': 1, 'in_city': 1, 'one_day': 1,
      'wrong_date_time': 1, 'event': 'UD Almería vs Málaga CF', 'slug':
      'ud-almeria-vs-malaga-cf', 'category': '__NOT_DEFINIED__', 'id_venue':
      '34nM8jpg', 'venue': 'UD Almería Stadium', 'std_venue': 'Estadio de los
      Juegos Mediterráneos', 'start_date': '2026-04-19', 'start_time':
      '__NOT_FOUND__', 'end_date': '2026-04-19', 'end_time': '__NOT_FOUND__',
      'description': 'Partido de fútbol entre UD Almería y Málaga CF.',
      'others': {'category': 'Domingo, 19 de abril', 'hour': '__NOT_FOUND__',
      'startDate': '2026-4-19', 'endDate': '2026-4-19', 'duration_days': 0,
      'location': 'C. Alcalde Santiago Martínez Cabrejas, 5, 04007 Almería'},
      'source': 'AlmeriaTurismo', 'exec_time': '20260318T201551', 'session':
      '2026_03_18_20_12_Miercoles', 'image':
      'https://www.turismodealmeria.org/wp-content/uploads/2026/02/UD-Almeria-vs
      -Malaga-CF.jpg', 'url':
      'https://www.turismodealmeria.org/evento/ud-almeria-vs-malaga-cf/'}
      --------------------
      {'id': '1c54df33', 'show': 1, 'in_city': 1, 'one_day': 1,
      'wrong_date_time': 0, 'event': 'Yo Sobreviví a La EGB - Jordi Merca',
      'slug': 'yo-sobrevivi-a-la-egb-jordi-merca', 'category':
      '__NOT_DEFINIED__', 'id_venue': 'DgpfFbPt', 'venue': 'Teatro Cervantes',
      'std_venue': 'Teatro Cervantes', 'start_date': '2026-04-19', 'start_time':
      '19:00:00', 'end_date': '2026-04-19', 'end_time': '21:00:00',
      'description': 'Disfruta del espectáculo de humor ‘Yo sobreviví a la
      EGB’ con Jordi Merca en el Teatro Cervantes. Un viaje nostálgico lleno
      de risas que revive la época escolar con música en directo. La cita es
      el domingo 19 de abril de 2026 a las 19:00 h. Las entradas están
      disponibles en la taquilla del teatro de lunes a viernes de 10:00 a 13:00
      h y de 17:00 a 19:00 h, y los sábados de 11:00 a 13:00 h, además de una
      hora antes del espectáculo. Precio: 15€.', 'others': {'category':
      'Teatro Cervantes, 19 de abril de 2026 - 19:00 h', 'hour':
      '__NOT_FOUND__', 'startDate': '2026-4-19T19:00+2:00', 'endDate':
      '2026-4-19T21:00+2:00', 'duration_days': 0, 'location': 'Calle Poeta
      Villaespesa, 1, 04001 Almería'}, 'source': 'AlmeriaTurismo', 'exec_time':
      '20260318T201551', 'session': '2026_03_18_20_12_Miercoles', 'image':
      'https://www.turismodealmeria.org/wp-content/uploads/2026/02/sobreviviegb.
      jpg', 'url':
      'https://www.turismodealmeria.org/evento/yo-sobrevivi-a-la-egb-jordi-merca
      /'}
      --------------------
      {'id': '5cff661a', 'show': 1, 'in_city': 1, 'one_day': 1,
      'wrong_date_time': 0, 'event': 'Paisajes Musicales De América Latina',
      'slug': 'paisajes-musicales-de-america-latina', 'category':
      '__NOT_DEFINIED__', 'id_venue': None, 'venue': '__NOT_FOUND__',
      'std_venue': None, 'start_date': '2026-04-19', 'start_time': '19:00:00',
      'end_date': '2026-04-19', 'end_time': '21:00:00', 'description':
      'Concierto de UAL Music Youth dirigido por el invitado Juan Irianni en el
      Paraninfo de la Universidad de Almería.', 'others': {'category':
      'Concierto de UAL Music Youth', 'hour': '__NOT_FOUND__', 'startDate':
      '2026-4-19T19:00+2:00', 'endDate': '2026-4-19T21:00+2:00',
      'duration_days': 0, 'location': '__NOT_FOUND__'}, 'source':
      'AlmeriaTurismo', 'exec_time': '20260318T201551', 'session':
      '2026_03_18_20_12_Miercoles', 'image':
      'https://www.turismodealmeria.org/wp-content/uploads/2026/02/Paisajes-musi
      cales-de-America-Latina.jpg', 'url':
      'https://www.turismodealmeria.org/evento/paisajes-musicales-de-america-lat
      ina/'}
      --------------------
      {'id': '71d2fa07', 'show': 1, 'in_city': 1, 'one_day': 1,
      'wrong_date_time': 0, 'event': 'Presentación De El Último Paraíso',
      'slug': 'presentacion-de-el-ultimo-paraiso', 'category':
      '__NOT_DEFINIED__', 'id_venue': 'J8tbTLH7', 'venue': 'Librería Picasso',
      'std_venue': 'Librería Picasso', 'start_date': '2026-04-21',
      'start_time': '19:00:00', 'end_date': '2026-04-21', 'end_time':
      '20:00:00', 'description': 'Acompañado por José Luis Martínez Vidal,
      Catedrático de la Ual. Fecha: Martes 21 de abril, 19:00 h. Lugar:
      Librerías Picasso, c/Reyes Católicos, 18, Almería.', 'others':
      {'category': 'José Jaime Capel Molina', 'hour': '__NOT_FOUND__',
      'startDate': '2026-4-21T19:00+2:00', 'endDate': '2026-4-21T20:00+2:00',
      'duration_days': 0, 'location': 'Calle Reyes Católicos, 18, 04001
      Almería'}, 'source': 'AlmeriaTurismo', 'exec_time': '20260318T201551',
      'session': '2026_03_18_20_12_Miercoles', 'image':
      'https://www.turismodealmeria.org/wp-content/uploads/2026/03/Presentacion-
      de-El-Ultimo-Paraiso.jpg', 'url':
      'https://www.turismodealmeria.org/evento/presentacion-de-el-ultimo-paraiso
      /'}
      --------------------
      {'id': 'fe1379e4', 'show': 1, 'in_city': 1, 'one_day': 1,
      'wrong_date_time': 0, 'event': 'II Show Literario: Entre Libros Y Risas',
      'slug': 'ii-show-literario-entre-libros-y-risas', 'category':
      '__NOT_DEFINIED__', 'id_venue': 'Q6b6LRjT', 'venue': 'Clasijazz',
      'std_venue': 'Clasijazz', 'start_date': '2026-04-22', 'start_time':
      '20:00:00', 'end_date': '2026-04-22', 'end_time': '21:00:00',
      'description': 'Únete al II Show Literario ‘Entre Libros y Risas’
      donde se realizará la entrega de premios del segundo certamen literario.
      Nos acompañarán escritores almerienses de ayer y hoy. Habrá un stand de
      librería colaborador.', 'others': {'category': 'Entrega de premios y
      escritores almerienses', 'hour': '__NOT_FOUND__', 'startDate':
      '2026-4-22T20:00+2:00', 'endDate': '2026-4-22T21:00+2:00',
      'duration_days': 0, 'location': 'C. Maestro Serrano, 9, 04004 Almería'},
      'source': 'AlmeriaTurismo', 'exec_time': '20260318T201551', 'session':
      '2026_03_18_20_12_Miercoles', 'image':
      'https://www.turismodealmeria.org/wp-content/uploads/2026/03/II-Show-Liter
      ario-Entre-Libros-y-Risas.jpg', 'url':
      'https://www.turismodealmeria.org/evento/ii-show-literario-entre-libros-y-
      risas/'}
      --------------------
      {'id': '85ff5830', 'show': 1, 'in_city': 1, 'one_day': 1,
      'wrong_date_time': 0, 'event': 'Sentimental Value', 'slug':
      'sentimental-value', 'category': '__NOT_DEFINIED__', 'id_venue':
      'tQfq78jF', 'venue': 'Teatro Apolo', 'std_venue': 'Teatro Apolo',
      'start_date': '2026-04-22', 'start_time': '20:00:00', 'end_date':
      '2026-04-22', 'end_time': '22:00:00', 'description': 'Las hermanas Nora y
      Agnes se reencuentran con su distanciado padre, el carismático Gustav, un
      antiguo director de renombre que le ofrece a su hija Nora, actriz de
      teatro, un papel en su próxima película. Nora lo rechaza y pronto
      descubre que le ha dado su papel a una joven y entusiasta estrella de
      Hollywood. De repente, las dos hermanas deben sortear su complicada
      relación con su padre y lidiar con una estrella estadounidense que se
      encuentra en medio de su compleja dinámica familiar.. Duración:. 2 horas
      15 mins', 'others': {'category': 'Teatro Apolo Almería', 'hour':
      '__NOT_FOUND__', 'startDate': '2026-4-22T20:00+2:00', 'endDate':
      '2026-4-22T22:00+2:00', 'duration_days': 0, 'location': 'Rambla Obispo
      Orbera, 25,04001 Almería'}, 'source': 'AlmeriaTurismo', 'exec_time':
      '20260318T201551', 'session': '2026_03_18_20_12_Miercoles', 'image':
      'https://www.turismodealmeria.org/wp-content/uploads/2026/02/Captura-de-pa
      ntalla-2026-02-24-134540.jpg', 'url':
      'https://www.turismodealmeria.org/evento/sentimental-value/'}
      --------------------
      {'id': '9a96415e', 'show': 1, 'in_city': 1, 'one_day': 1,
      'wrong_date_time': 0, 'event': 'Actualidad Astronómica Con Jorge
      Iglesias', 'slug': 'actualidad-astronomica-con-jorge-iglesias',
      'category': '__NOT_DEFINIED__', 'id_venue': '8g4nLPqF', 'venue':
      'Universidad de Almería (UAL)', 'std_venue': 'Paraninfo de la Universidad
      de Almería', 'start_date': '2026-04-23', 'start_time': '12:00:00',
      'end_date': '2026-04-23', 'end_time': '13:30:00', 'description': 'El ciclo
      de tertulias sobre astronomía vuelve este año con Jorge Iglesias, quien
      presentará y debatirá sobre las novedades más importantes en el ámbito
      astronómico. Las sesiones se llevarán a cabo en el Edificio de
      Psicología, Sala de Grados, a las 12:00h. Fechas: 19 de febrero, 19 de
      marzo, 23 de abril y 21 de mayo.', 'others': {'category': 'Edificio de
      Psicología, Sala de Grados, Universidad de Almería', 'hour':
      '__NOT_FOUND__', 'startDate': '2026-4-23T12:00+2:00', 'endDate':
      '2026-4-23T13:30+2:00', 'duration_days': 0, 'location': 'Carr. Sacramento,
      s/n, 04120 La Cañada, Almería'}, 'source': 'AlmeriaTurismo',
      'exec_time': '20260318T201551', 'session': '2026_03_18_20_12_Miercoles',
      'image':
      'https://www.turismodealmeria.org/wp-content/uploads/2026/02/Actualidad-as
      tronomica-con-Jorge-Iglesias.jpg', 'url':
      'https://www.turismodealmeria.org/evento/actualidad-astronomica-con-jorge-
      iglesias/var/ri-2.l-L1'}
      --------------------
      {'id': 'd29a8e43', 'show': 1, 'in_city': 1, 'one_day': 1,
      'wrong_date_time': 0, 'event': 'Cuentacuentos: Un Amigo Como Tú', 'slug':
      'cuentacuentos-un-amigo-como-tu', 'category': '__NOT_DEFINIED__',
      'id_venue': 'J8tbTLH7', 'venue': 'Librería Picasso', 'std_venue':
      'Librería Picasso', 'start_date': '2026-04-23', 'start_time': '18:00:00',
      'end_date': '2026-04-23', 'end_time': '19:00:00', 'description':
      'Participa en el cuentacuentos para niños a partir de 3 años basado en
      el libro ‘Un Amigo Como Tú’ de Andrea Schomburg y Barbara Röttgen.
      Te esperamos en Librerías Picasso, Almería.', 'others': {'category': 'Un
      Amigo Como Tú', 'hour': '__NOT_FOUND__', 'startDate':
      '2026-4-23T18:00+2:00', 'endDate': '2026-4-23T19:00+2:00',
      'duration_days': 0, 'location': 'Calle Reyes Católicos, 18, 04001
      Almería'}, 'source': 'AlmeriaTurismo', 'exec_time': '20260318T201551',
      'session': '2026_03_18_20_12_Miercoles', 'image':
      'https://www.turismodealmeria.org/wp-content/uploads/2026/02/Cuentacuentos
      -Un-Amigo-Como-Tu.jpg', 'url':
      'https://www.turismodealmeria.org/evento/cuentacuentos-un-amigo-como-tu/'}
      --------------------
      {'id': 'a863c262', 'show': 1, 'in_city': 1, 'one_day': 1,
      'wrong_date_time': 0, 'event': 'Visita Las Casas Consistoriales', 'slug':
      'visita-las-casas-consistoriales', 'category': '__NOT_DEFINIED__',
      'id_venue': '7RhD7QqG', 'venue': 'Plaza Vieja', 'std_venue': 'Plaza de la
      Constitución', 'start_date': '2026-04-24', 'start_time': '10:00:00',
      'end_date': '2026-04-24', 'end_time': '12:00:00', 'description': 'El
      Ayuntamiento de Almería organiza visitas guiadas a las Casas
      Consistoriales, con personal municipal experto en la Historia y Patrimonio
      de Almería, quienes explicarán la reciente restauración del edificio..
      Las visitas están dirigidas al público general y se realizan los viernes
      a las 10:00h y 12:00h, con un máximo de 30 personas por pase.. El punto
      de encuentro es la Plaza Vieja. La inscripción es gratuita a través de
      la web. https://reservas.turismodealmeria.org/visitas-casa-consistorial.
      .. Recorrido:. Inicio de la visita:. entrada por las Casas Consistoriales.
      Visita a la primitiva biblioteca. Subida por las escaleras de mármol con
      barandas de balaustradas. Hall de entrada al Salón Noble para contemplar
      los altorrelieves del Sagrado Corazón de Jesús, Virgen del Mar y San
      Indalecio. Salón Noble. Visita al muro primitivo del siglo XVII
      descubierto durante la restauración. Visita del lienzo de la Casa Pratas.
      Arcos apuntados y escalera con baranda de forja recuperados de la Casa
      Lledó. Salida de las Casas Consistoriales. y visita final a la Oficina
      Municipal de Turismo. Más información en la Oficina de Turismo ubicada
      en la calle Juez, 6 o a través del teléfono 950 210 035 y el correo
      oficinaturismo@aytoalmeria.es.', 'others': {'category': 'Visita guiada por
      el patrimonio histórico de las Casas Consistoriales', 'hour':
      '__NOT_FOUND__', 'startDate': '2026-4-24T10:00+2:00', 'endDate':
      '2026-4-24T12:00+2:00', 'duration_days': 0, 'location': 'Convento de Santa
      Clara, Plaza de la Constitución, 04071 Almería, España'}, 'source':
      'AlmeriaTurismo', 'exec_time': '20260318T201551', 'session':
      '2026_03_18_20_12_Miercoles', 'image':
      'https://www.turismodealmeria.org/wp-content/uploads/2026/01/1200x1500-Vis
      itas-Consistorio-Almeria-Ciudad-01-2.jpg', 'url':
      'https://www.turismodealmeria.org/evento/visita-las-casas-consistoriales/v
      ar/ri-12.l-L1'}
      --------------------
      {'id': 'cfa1cc08', 'show': 1, 'in_city': 1, 'one_day': 1,
      'wrong_date_time': 0, 'event': 'El Mentalista Canalla', 'slug':
      'el-mentalista-canalla', 'category': '__NOT_DEFINIED__', 'id_venue':
      '7qHRF9LM', 'venue': 'Sala EMMA', 'std_venue': 'Sala Escuela Municipal de
      Música & Artes', 'start_date': '2026-04-24', 'start_time': '20:00:00',
      'end_date': '2026-04-24', 'end_time': '22:00:00', 'description': 'No te
      pierdas el impactante show de Abraham Gallego, ‘El Mentalista
      Canalla’, un espectáculo de magia y mentalismo para toda la familia.
      Vive una experiencia divertida y desafiante, donde la magia y la mente se
      unen para sorprenderte en cada momento. ¡Ven a disfrutarlo el 24 de abril
      en la Sala EMMA de Almería!', 'others': {'category': 'Abraham Gallego
      presenta un espectáculo de magia y mentalismo', 'hour': '__NOT_FOUND__',
      'startDate': '2026-4-24T20:00+2:00', 'endDate': '2026-4-24T22:00+2:00',
      'duration_days': 0, 'location': 'C. Rbla. Obispo Orberá, 23, 04001
      Almería'}, 'source': 'AlmeriaTurismo', 'exec_time': '20260318T201551',
      'session': '2026_03_18_20_12_Miercoles', 'image':
      'https://www.turismodealmeria.org/wp-content/uploads/2026/02/elmentalista.
      jpg', 'url':
      'https://www.turismodealmeria.org/evento/el-mentalista-canalla/'}
      --------------------
      {'id': '0c6fb674', 'show': 1, 'in_city': 1, 'one_day': 1,
      'wrong_date_time': 0, 'event': '¿Nos Damos Un Viaje?', 'slug':
      'nos-damos-un-viaje', 'category': '__NOT_DEFINIED__', 'id_venue':
      'DgpfFbPt', 'venue': 'Teatro Cervantes', 'std_venue': 'Teatro Cervantes',
      'start_date': '2026-04-24', 'start_time': '20:30:00', 'end_date':
      '2026-04-24', 'end_time': '22:30:00', 'description': 'Santi Rodríguez
      presenta su nuevo espectáculo ‘¿Nos damos un viaje?’ en el Teatro
      Cervantes de Almería el viernes 24 de abril del 2026. ¡No te lo
      pierdas!', 'others': {'category': 'Santi Rodríguez presenta', 'hour':
      '__NOT_FOUND__', 'startDate': '2026-4-24T20:30+2:00', 'endDate':
      '2026-4-24T22:30+2:00', 'duration_days': 0, 'location': 'Calle Poeta
      Villaespesa, 1, 04001 Almería'}, 'source': 'AlmeriaTurismo', 'exec_time':
      '20260318T201551', 'session': '2026_03_18_20_12_Miercoles', 'image':
      'https://www.turismodealmeria.org/wp-content/uploads/2026/03/nos-damos-un-
      viaje.jpg', 'url':
      'https://www.turismodealmeria.org/evento/nos-damos-un-viaje/'}
      --------------------
      {'id': '8898a98b', 'show': 1, 'in_city': 1, 'one_day': 1,
      'wrong_date_time': 0, 'event': 'Profesor Poopsnuggle', 'slug':
      'profesor-poopsnuggle', 'category': '__NOT_DEFINIED__', 'id_venue':
      'NmPqTrh6', 'venue': 'Berlin Social Club', 'std_venue': 'Berlin Social
      Club', 'start_date': '2026-04-24', 'start_time': '21:30:00', 'end_date':
      '2026-04-24', 'end_time': '23:00:00', 'description': 'Profesor Popsnuggle
      llega a la Sala Berlin Social Club en Almería el 24 de abril de 2026 para
      ofrecer una noche de pop retrofuturista. Germán, José, Álvaro y
      Laureano forman este cuarteto que se inspira en el pop español de los
      años sesenta, la movida madrileña, los sintetizadores analógicos y la
      bossa nova. Desde su irrupción en 2004 con el álbum “El Turismo”, su
      música ha prestado una mirada divertida y crítica al pasado musical
      español. En 2008 reafirmaron su propuesta con el lanzamiento de “El Fin
      de las Colonias Africanas”. Una cita imperdible para los amantes del pop
      con sabor nostálgico y visionario.', 'others': {'category':
      '__NOT_FOUND__', 'hour': '__NOT_FOUND__', 'startDate':
      '2026-4-24T21:30+2:00', 'endDate': '2026-4-24T23:00+2:00',
      'duration_days': 0, 'location': 'Parque de Nicolás Salmerón, 9, Bajo 2,
      04001 Almería'}, 'source': 'AlmeriaTurismo', 'exec_time':
      '20260318T201551', 'session': '2026_03_18_20_12_Miercoles', 'image':
      'https://www.turismodealmeria.org/wp-content/uploads/2026/02/profesorpopnu
      ggle.jpg', 'url':
      'https://www.turismodealmeria.org/evento/profesor-poopsnuggle/'}
      --------------------
      {'id': '7a48b25e', 'show': 1, 'in_city': 1, 'one_day': 1,
      'wrong_date_time': 0, 'event': 'Cuentacuentos: Te Quiero Tanto - Saeko
      Inui', 'slug': 'cuentacuentos-te-quiero-tanto-saeko-inui', 'category':
      '__NOT_DEFINIED__', 'id_venue': 'J8tbTLH7', 'venue': 'Librería Picasso',
      'std_venue': 'Librería Picasso', 'start_date': '2026-04-25',
      'start_time': '11:00:00', 'end_date': '2026-04-25', 'end_time':
      '13:00:00', 'description': 'Evento de cuentacuentos para niños a partir
      de 3 años basado en el libro ‘Te quiero tanto’ de Saeko Inui. Se
      realizará en Librerías Picasso, Almería.', 'others': {'category':
      'Lectura para niños', 'hour': '(Sábado) 11:00 am - 13:00 pm',
      'startDate': '2026-4-25T11:00+2:00', 'endDate': '2026-4-25T13:00+2:00',
      'duration_days': 0, 'location': 'Calle Reyes Católicos, 18, 04001
      Almería'}, 'source': 'AlmeriaTurismo', 'exec_time': '20260318T201551',
      'session': '2026_03_18_20_12_Miercoles', 'image':
      'https://www.turismodealmeria.org/wp-content/uploads/2026/02/Cuentacuentos
      -Te-quiero-tanto-Saeko-Inui.jpg', 'url':
      'https://www.turismodealmeria.org/evento/cuentacuentos-te-quiero-tanto-sae
      ko-inui/'}
      --------------------
      {'id': '589ec8c2', 'show': 1, 'in_city': 1, 'one_day': 1,
      'wrong_date_time': 0, 'event': 'XV METALMERIA FEST - 25 Abril', 'slug':
      'xv-metalmeria-fest-25-abril', 'category': '__NOT_DEFINIED__', 'id_venue':
      'NmPqTrh6', 'venue': 'Berlin Social Club', 'std_venue': 'Berlin Social
      Club', 'start_date': '2026-04-25', 'start_time': '16:00:00', 'end_date':
      '2026-04-25', 'end_time': '19:00:00', 'description': 'El 25 de abril de
      2026 se celebrará la decimoquinta edición del METALMERIA FEST en la Sala
      Berlin Social Club de Almería, con apertura de puertas a las 26:00h. El
      festival contará con una potente alineación internacional de bandas de
      metal como Kate’s Acid (Speed Metal – Bélgica), DeathStorm (Thrash
      Metal – Austria), Ecclesia (Heavy/Doom Metal – Francia), Speed Queen
      (Speed Metal – Bélgica) y Peace After Pain (Crossover/Thrash Metal –
      Barcelona). Las entradas anticipadas tienen un coste de 25 €, mientras
      que en taquilla costarán 30 €. Los socios pueden adquirir su entrada
      por 15 €, y los poseedores del carnet Interclub por 22 €. Las entradas
      compradas online serán canjeadas físicamente en taquilla.', 'others':
      {'category': '__NOT_FOUND__', 'hour': '__NOT_FOUND__', 'startDate':
      '2026-4-25T16:00+2:00', 'endDate': '2026-4-25T19:00+2:00',
      'duration_days': 0, 'location': 'Parque de Nicolás Salmerón, 9, Bajo 2,
      04001 Almería'}, 'source': 'AlmeriaTurismo', 'exec_time':
      '20260318T201551', 'session': '2026_03_18_20_12_Miercoles', 'image':
      'https://www.turismodealmeria.org/wp-content/uploads/2026/02/xv-metalalmer
      ia.jpg', 'url':
      'https://www.turismodealmeria.org/evento/xv-metalmeria-fest-25-abril/'}
      --------------------
      {'id': 'bb887403', 'show': 1, 'in_city': 1, 'one_day': 1,
      'wrong_date_time': 0, 'event': 'Campeones 2 en El Teatro', 'slug':
      'campeones-2-en-el-teatro', 'category': '__NOT_DEFINIED__', 'id_venue':
      None, 'venue': '__NOT_FOUND__', 'std_venue': None, 'start_date':
      '2026-04-25', 'start_time': '20:00:00', 'end_date': '2026-04-25',
      'end_time': '22:00:00', 'description': 'La exitosa y entrañable obra
      ‘Campeones 2 en el Teatro: Si Lorca levantara la cabeza’ llega a
      Almería. Con un elenco formado por Alberto Nieto, Emilio Gavira, Luis
      Mottola, Daniel Pico García, Claudia Fesser y Gloria Ramos, y dirigida
      por Juan Manuel Montilla El Langui, esta comedia teatral continúa la
      inspiración de la aclamada película. ¡Una experiencia divertida,
      emotiva y cargada de mensajes positivos sobre la superación y la
      inclusión! No te lo pierdas el sábado 25 de abril a las 20:00h en el
      Auditorio Maestro Padilla. Las entradas están disponibles desde 22€ en
      la taquilla del Teatro Apolo.', 'others': {'category': 'Auditorio Maestro
      Padilla', 'hour': '__NOT_FOUND__', 'startDate': '2026-4-25T20:00+2:00',
      'endDate': '2026-4-25T22:00+2:00', 'duration_days': 0, 'location':
      '__NOT_FOUND__'}, 'source': 'AlmeriaTurismo', 'exec_time':
      '20260318T201551', 'session': '2026_03_18_20_12_Miercoles', 'image':
      'https://www.turismodealmeria.org/wp-content/uploads/2026/02/campeones2.jp
      g', 'url':
      'https://www.turismodealmeria.org/evento/campeones-2-en-el-teatro/'}
      --------------------
      {'id': '7488530a', 'show': 1, 'in_city': 1, 'one_day': 1,
      'wrong_date_time': 0, 'event': 'XIX Triatlón Ciudad De Almería. Jairo
      Ruiz', 'slug': 'xix-triatlon-ciudad-de-almeria-jairo-ruiz', 'category':
      '__NOT_DEFINIED__', 'id_venue': None, 'venue': 'Playa del Palmeral',
      'std_venue': None, 'start_date': '2026-04-26', 'start_time': '09:00:00',
      'end_date': '2026-04-26', 'end_time': '14:00:00', 'description': 'El XIX
      Triatlón Ciudad de Almería se llevará a cabo el 26 de abril de 2026 en
      la Playa de El Palmeral. Ven y participa en este emocionante evento
      deportivo.', 'others': {'category': 'Triatlón en Almería', 'hour':
      '__NOT_FOUND__', 'startDate': '2026-4-26T09:00+2:00', 'endDate':
      '2026-4-26T14:00+2:00', 'duration_days': 0, 'location': 'Playa Ciudad
      Luminosa, Almería, 04007'}, 'source': 'AlmeriaTurismo', 'exec_time':
      '20260318T201551', 'session': '2026_03_18_20_12_Miercoles', 'image':
      'https://www.turismodealmeria.org/wp-content/uploads/2026/03/xix-triatlon.
      jpg', 'url':
      'https://www.turismodealmeria.org/evento/xix-triatlon-ciudad-de-almeria-ja
      iro-ruiz/'}
      --------------------
      {'id': '8106e01f', 'show': 1, 'in_city': 1, 'one_day': 1,
      'wrong_date_time': 0, 'event': 'OCAL - Escuchar Crecer La Hierba', 'slug':
      'ocal-escuchar-crecer-la-hierba', 'category': '__NOT_DEFINIED__',
      'id_venue': None, 'venue': '__NOT_FOUND__', 'std_venue': None,
      'start_date': '2026-04-26', 'start_time': '12:30:00', 'end_date':
      '2026-04-26', 'end_time': '14:30:00', 'description': 'Concierto de la
      Orquesta Ciudad de Almería dirigido por Michael Thomas con la solista
      Susana Gómez Vázquez. El programa incluye la obra de M. Thomas
      ‘Concierto para piano y orquesta’ y la ‘Sinfonía n.2 en re mayor,
      Op.73’ de J. Brahms.', 'others': {'category': 'Orquesta Ciudad de
      Almería', 'hour': '__NOT_FOUND__', 'startDate': '2026-4-26T12:30+2:00',
      'endDate': '2026-4-26T14:30+2:00', 'duration_days': 0, 'location':
      '__NOT_FOUND__'}, 'source': 'AlmeriaTurismo', 'exec_time':
      '20260318T201551', 'session': '2026_03_18_20_12_Miercoles', 'image':
      'https://www.turismodealmeria.org/wp-content/uploads/2026/03/Escuchar-Crec
      er-la-Hierba.jpg', 'url':
      'https://www.turismodealmeria.org/evento/ocal-escuchar-crecer-la-hierba/'}
      --------------------
      {'id': '5987e6ab', 'show': 1, 'in_city': 1, 'one_day': 1,
      'wrong_date_time': 0, 'event': 'Taller De Escritura Creativa "Emoción en
      El Escritor, Emoción en El Lector"', 'slug':
      'taller-de-escritura-creativa-emocion-en-el-escritor-emocion-en-el-lector'
      , 'category': '__NOT_DEFINIED__', 'id_venue': '8g4nLPqF', 'venue':
      'Universidad de Almería (UAL)', 'std_venue': 'Paraninfo de la Universidad
      de Almería', 'start_date': '2026-04-28', 'start_time': '16:00:00',
      'end_date': '2026-04-28', 'end_time': '18:00:00', 'description': 'Descubre
      los secretos para atrapar a tus lectores y asombrar a los editores. Bruno
      Nievas nos guiará en este emocionante taller donde aprenderemos a crear
      ideas poderosas, superar el reto del primer borrador, desarrollar
      personajes conmovedores, idear situaciones impactantes, incorporar el
      viaje del héroe, editar sin piedad, publicar y autopublicar, y vender con
      éxito: ¿comprarías tu propio libro?', 'others': {'category':
      '__NOT_FOUND__', 'hour': '__NOT_FOUND__', 'startDate':
      '2026-4-28T16:00+2:00', 'endDate': '2026-4-28T18:00+2:00',
      'duration_days': 0, 'location': 'Carr. Sacramento, s/n, 04120 La Cañada,
      Almería'}, 'source': 'AlmeriaTurismo', 'exec_time': '20260318T201551',
      'session': '2026_03_18_20_12_Miercoles', 'image':
      'https://www.turismodealmeria.org/wp-content/uploads/2026/03/taller-escrit
      ura.jpg', 'url':
      'https://www.turismodealmeria.org/evento/taller-de-escritura-creativa-emoc
      ion-en-el-escritor-emocion-en-el-lector/'}
      --------------------
      {'id': 'ac451108', 'show': 1, 'in_city': 1, 'one_day': 1,
      'wrong_date_time': 0, 'event': 'El Fantástico Viaje De Jonás El
      Espermatozoide', 'slug': 'el-fantastico-viaje-de-jonas-el-espermatozoide',
      'category': '__NOT_DEFINIED__', 'id_venue': 'tQfq78jF', 'venue': 'Teatro
      Apolo', 'std_venue': 'Teatro Apolo', 'start_date': '2026-04-30',
      'start_time': '20:30:00', 'end_date': '2026-04-30', 'end_time':
      '22:00:00', 'description': 'Un espectáculo familiar, para niños y niñas
      a partir de 6 años. Disfruta de las aventuras de Jonás en su fantástico
      viaje.', 'others': {'category': '__NOT_FOUND__', 'hour': '__NOT_FOUND__',
      'startDate': '2026-4-30T20:30+2:00', 'endDate': '2026-4-30T22:00+2:00',
      'duration_days': 0, 'location': 'Rambla Obispo Orbera, 25,04001
      Almería'}, 'source': 'AlmeriaTurismo', 'exec_time': '20260318T201551',
      'session': '2026_03_18_20_12_Miercoles', 'image':
      'https://www.turismodealmeria.org/wp-content/uploads/2026/02/Captura-de-pa
      ntalla-2026-02-24-135009.jpg', 'url':
      'https://www.turismodealmeria.org/evento/el-fantastico-viaje-de-jonas-el-e
      spermatozoide/'}
      Checking unique event url.
      New url events = 1
      ****************************
      Saving 1 new events
      Saving in
      /home/ubuntu/data_storage/Almeria/2026_03_18_20_12_Miercoles/0_raw/2026031
      8_2015_AlmeriaTurismo.json
      Saving 1 master url
      Appending to  /home/ubuntu/data_storage/Almeria/00_master/master_url.json

Result: Succeeded

Launching scraper: JuntaAndaluciaAgenda
Succeeded - 2026-03-18T20:16:25Z

dag: FisgonTaskSelenium (1m 39s)
│
└─tarea_1 (1m 39s) [succeeded]
  ├─bash -lc 'set -eo pipefail; export DOCKER_CONFIG=/tmp/.docker HOME=/tmp;
  │   SELENIUM_NAME="selenium_${DAG_RUN_ID:-$$}_$(date +%s)"; cleanup() {
  │   docker rm -f "$SELENIUM_NAME" >/dev/null 2>&1 || true; }; trap cleanup
  │   EXIT; docker run -d --rm --name "$SELENIUM_NAME" --shm-size=2g -e
  │   SE_NODE_MAX_SESSIONS=1 -e SE_NODE_OVERRIDE_MAX_SESSIONS=true
  │   selenium/standalone-chrome:latest >/dev/null; docker exec
  │   "$SELENIUM_NAME" bash -c "for i in \$(seq 1 60); do (echo >
  │   /dev/tcp/127.0.0.1/4444) >/dev/null 2>&1 && exit 0; sleep 1; done; exit
  │   1"; docker run --rm --network container:"$SELENIUM_NAME" -v
  │   /home/ubuntu/work/fisgon:/app -v
  │   /home/ubuntu/data_storage:/home/ubuntu/data_storage -v
  │   /home/ubuntu/work/event_flask_app/static/img:/home/ubuntu/work/event_fla
  │   sk_app/static/img -w /app -e OPERATION=0 -e DOCKER_CONFIG=/tmp/.docker
  │   -e HOME=/tmp -e TARGET_CITY -e TARGET_SCRAPER -e
  │   DAG_RUN_URL="${DAGU_BASE_URL:-}/dags/${DAG_NAME}?dagRunId=${DAG_RUN_ID}"
  │   -e
  │   DAG_RUN_LOG_URL="${DAGU_BASE_URL:-}/dags/${DAG_NAME}/log?remoteNode=loca
  │   l&step=tarea_1&dagRunId=${DAG_RUN_ID}" fisgon_scraper:1.0'
  │
  ├─stdout: ... (40 more lines)
  │   css selector
  │   .view-display-id-page_search_activities > ul:nth-child(3) >
  │   li:nth-child(1) > a:nth-child(1)
  │   clicking
  │   sleeping 3
  │   Scrolling...
  │   sleeping 1
  │   sleeping 7
  │   ******
  │   css selector
  │   .view-display-id-page_search_activities > ul:nth-child(3) >
  │   li:nth-child(1) > a:nth-child(1)
  │   clicking
  │   sleeping 3
  │   Scrolling...
  │   sleeping 1
  │   sleeping 7
  │   ******
  │   css selector
  │   .view-display-id-page_search_activities > ul:nth-child(3) >
  │   li:nth-child(1) > a:nth-child(1)
  │   clicking
  │   sleeping 3
  │   Scrolling...
  │   sleeping 1
  │   sleeping 7
  │   ******
  │   css selector
  │   .view-display-id-page_search_activities > ul:nth-child(3) >
  │   li:nth-child(1) > a:nth-child(1)
  │   .view-display-id-page_search_activities > ul:nth-child(3) >
  │   li:nth-child(1) > a:nth-child(1) Not found
  │   Getting content
  │   *** SCRAPED 80 URLS WITH EVENTS **
  │   New url events = 3
  │   0 / 3
  │   Getting
  │   https://www.juntadeandalucia.es/cultura/agendaculturaldeandalucia/evento
  │   /en-la-villaespesa-hablamos-de-ia-presentacion-del-libro-inteligencia-ar
  │   tificial-mas-listos-o
  │   Sleep 4
  │   --------------------
  │   {'id': '49c7a8eb', 'show': 1, 'in_city': 1, 'one_day': 1,
  │   'wrong_date_time': 0, 'event': 'En La Villaespesa Hablamos De IA.
  │   Presentación Del Libro: "Inteligencia Artificial: ¿Más Listos O Más
  │   Tontos?" De Ramón González Sánchez', 'slug':
  │   'en-la-villaespesa-hablamos-de-ia-presentacion-del-libro-inteligencia-ar
  │   tificial', 'category': '__NOT_DEFINIED__', 'id_venue': 'TjmFnJdD',
  │   'venue': 'Biblioteca Pública del Estado-Biblioteca Provincial de
  │   Almería Francisco Villaespesa', 'std_venue': 'Biblioteca Pública
  │   Francisco Villaespesa', 'start_date': '2026-03-20', 'start_time':
  │   '17:30:00', 'end_date': '2026-03-20', 'end_time': '__NOT_DEFINIED__',
  │   'description': 'En la Villaespesa hablamos de IA. Presentación del
  │   libro: "Inteligencia Artificial: ¿Más Listos o Más Tontos?" de Ramón
  │   González Sánchez. Ramón González Sánchez presenta su nuevo libro:
  │   "Inteligencia Artificial: ¿Más Listos o Más Tontos?" de la editorial
  │   Díaz de Santos. Ingeniero Informático y Doctorado en Robótica por la
  │   Universidad de Almería, Ramón González Sánchez ha compatibilizado su
  │   tarea docente en la Universidad de Almería y en la Universidad de
  │   Zaragoza con su faceta investigadora en el Instituto Tecnológico de
  │   Massachusetts (MIT) y en proyectos de I+D para agencias como la NASA o
  │   la OTAN. Actualmente es el fundador y CEO de Robonity, empresa que nace
  │   en 2019 para revolucionar la digitalización de la agricultura. Ramón
  │   también es fundador y Director de Tecnología, Producto y Compliance de
  │   Mentomy, empresa de inteligencia artificial nacida en 2026 y responsable
  │   de una plataforma de IA privada y soberana. Viernes 20 de marzo 17:30h.
  │   Salón de actos. Entrada libre hasta completar aforo.', 'others':
  │   {'location_url':
  │   '/cultura/agendaculturaldeandalucia/espacios/biblioteca-publica-del-esta
  │   do-biblioteca-provincial-de-almeria-francisco-villaespesa', 'location2':
  │   'Biblioteca Pública del Estado-Biblioteca Provincial de Almería
  │   Francisco Villaespesa', 'duration': '__NOT_FOUND__', 'datetime_details':
  │   '20 de Marzo del 2026, 17:30 h.', 'town': '__NOT_FOUND__', 'location':
  │   'Calle Hermanos Machado, s/n, Almería. Almería', 'duration_days':
  │   '__NOT_FOUND__'}, 'source': 'JuntaAndaluciaAgenda', 'exec_time':
  │   '20260318T201631', 'session': '2026_03_18_20_12_Miercoles', 'image':
  │   'https://www.juntadeandalucia.es/cultura/agendaculturaldeandalucia/sites
  │   /default/files/styles/header_activity_ext_2xl/public/2026-03/CARTEL%20%2
  │   82%29.png.webp?itok=FcBN1SML', 'url':
  │   'https://www.juntadeandalucia.es/cultura/agendaculturaldeandalucia/event
  │   o/en-la-villaespesa-hablamos-de-ia-presentacion-del-libro-inteligencia-a
  │   rtificial-mas-listos-o'}
  │   1 / 3
  │   Getting
  │   https://www.juntadeandalucia.es/cultura/agendaculturaldeandalucia/evento
  │   /luis-paltre-la-realidad-de-lo-tangible
  │   Sleep 4
  │   --------------------
  │   {'id': '16eeaf03', 'show': 1, 'in_city': 1, 'one_day': 0,
  │   'wrong_date_time': 1, 'event': 'Luis Paltré. La Realidad De Lo
  │   Tangible', 'slug': 'luis-paltre-la-realidad-de-lo-tangible', 'category':
  │   '__NOT_DEFINIED__', 'id_venue': 'DBn3h93p', 'venue': 'Museo del Realismo
  │   Español Contemporáneo (MUREC) ', 'std_venue': 'MUREC - Museo del
  │   Realismo Español Contemporáneo', 'start_date': '2026-01-31',
  │   'start_time': '__NOT_FOUND__', 'end_date': '2026-04-05', 'end_time':
  │   '__NOT_DEFINIED__', 'description': 'Luis Paltré nació en Cabra
  │   (Córdoba) en 1958 y desde joven mostró un fuerte interés por la
  │   pintura, inclinándose hacia las artes plásticas. Estudió en la
  │   Facultad de Bellas Artes de Sevilla, donde adquirió una base sólida en
  │   dibujo, color, composición y técnica pictórica clásica aspectos que
  │   se han mantenido presentes a lo largo de su carrera. Las obras
  │   seleccionadas son ejercicios de pintura llevados a cabo durante los
  │   últimos seis años, poniendo de manifiesto la sutil objetividad con la
  │   que parece enfrentarse el pintor al oficio, reconduciendo la mirada del
  │   espectador sin proponerle, a priori, consideración emocional alguna
  │   más allá de la propia observación, veraz y honesta, de la realidad
  │   recreada.', 'others': {'location_url':
  │   '/cultura/agendaculturaldeandalucia/espacios/museo-del-realismo-espanol-
  │   contemporaneo-murec', 'location2': 'Museo del Realismo Español
  │   Contemporáneo (MUREC) ', 'duration': '__NOT_FOUND__',
  │   'datetime_details': '31 de Enero del 2026 - 05 de Abril del 2026, De
  │   martes a sábado De 10.00 a 14.00 h. y de 16.30 a 20.30 h.Domingos: de
  │   10.00 a 15.00 h.', 'town': '__NOT_FOUND__', 'location': 'Paseo de San
  │   Luis s/n, Almería. Almería', 'duration_days': '__NOT_FOUND__'},
  │   'source': 'JuntaAndaluciaAgenda', 'exec_time': '20260318T201631',
  │   'session': '2026_03_18_20_12_Miercoles', 'image':
  │   'https://www.juntadeandalucia.es/cultura/agendaculturaldeandalucia/sites
  │   /default/files/styles/header_activity_ext_2xl/public/2026-03/Luis-Paltre
  │   .-Violetas-2020.-Oleo-sobre-lienzo-1-scaled.jpg.webp?itok=PQLZvHLI',
  │   'url':
  │   'https://www.juntadeandalucia.es/cultura/agendaculturaldeandalucia/event
  │   o/luis-paltre-la-realidad-de-lo-tangible'}
  │   2 / 3
  │   Getting
  │   https://www.juntadeandalucia.es/cultura/agendaculturaldeandalucia/evento
  │   /luis-alvarez-duarte-escultor-e-imaginero
  │   Sleep 4
  │   --------------------
  │   {'id': '79b856e0', 'show': 1, 'in_city': 1, 'one_day': 0,
  │   'wrong_date_time': 1, 'event': 'Luis Álvarez Duarte, Escultor E
  │   Imaginero', 'slug': 'luis-alvarez-duarte-escultor-e-imaginero',
  │   'category': '__NOT_DEFINIED__', 'id_venue': 'DBn3h93p', 'venue': 'Museo
  │   del Realismo Español Contemporáneo (MUREC) ', 'std_venue': 'MUREC -
  │   Museo del Realismo Español Contemporáneo', 'start_date': '2026-02-28',
  │   'start_time': '__NOT_FOUND__', 'end_date': '2026-05-17', 'end_time':
  │   '__NOT_DEFINIED__', 'description': 'Esta exposición dedicada al
  │   escultor e imaginero andaluz Luis Álvarez Duarte, a través de la
  │   selección realizada por los comisarios de la muestra se llevará a cabo
  │   un recorrido por su obra sacra y profana partiendo del “Legado
  │   Álvarez Duarte”, conservado y gestionado por la Fundación de Arte
  │   Ibáñez Cosentino.', 'others': {'location_url':
  │   '/cultura/agendaculturaldeandalucia/espacios/museo-del-realismo-espanol-
  │   contemporaneo-murec', 'location2': 'Museo del Realismo Español
  │   Contemporáneo (MUREC) ', 'duration': '__NOT_FOUND__',
  │   'datetime_details': '28 de Febrero del 2026 - 17 de Mayo del 2026, De
  │   martes a sábado De 10.00 a 14.00 h. y de 16.30 a 20.30 h.Domingos: de
  │   10.00 a 15.00 h.', 'town': '__NOT_FOUND__', 'location': 'Paseo de San
  │   Luis s/n, Almería. Almería', 'duration_days': '__NOT_FOUND__'},
  │   'source': 'JuntaAndaluciaAgenda', 'exec_time': '20260318T201631',
  │   'session': '2026_03_18_20_12_Miercoles', 'image':
  │   'https://www.juntadeandalucia.es/cultura/agendaculturaldeandalucia/sites
  │   /default/files/styles/header_activity_ext_2xl/public/2026-03/3-2.jpg.web
  │   p?itok=mNBN12W2', 'url':
  │   'https://www.juntadeandalucia.es/cultura/agendaculturaldeandalucia/event
  │   o/luis-alvarez-duarte-escultor-e-imaginero'}
  │   ****************************
  │   Saving 3 new events
  │   Saving in
  │   /home/ubuntu/data_storage/Almeria/2026_03_18_20_12_Miercoles/0_raw/20260
  │   318_2016_JuntaAndaluciaAgenda.json
  │   Saving 3 master url
  │   Appending to /home/ubuntu/data_storage/Almeria/00_master/master_url.json
  └─stderr:
      /usr/local/lib/python3.11/site-packages/urllib3/connectionpool.py:1097:
      InsecureRequestWarning: Unverified HTTPS request is being made to host
      'www.juntadeandalucia.es'. Adding certificate verification is strongly
      advised. See:
      https://urllib3.readthedocs.io/en/latest/advanced-usage.html#tls-warnings
      warnings.warn(
      /usr/local/lib/python3.11/site-packages/urllib3/connectionpool.py:1097:
      InsecureRequestWarning: Unverified HTTPS request is being made to host
      'www.juntadeandalucia.es'. Adding certificate verification is strongly
      advised. See:
      https://urllib3.readthedocs.io/en/latest/advanced-usage.html#tls-warnings
      warnings.warn(
      /usr/local/lib/python3.11/site-packages/urllib3/connectionpool.py:1097:
      InsecureRequestWarning: Unverified HTTPS request is being made to host
      'www.juntadeandalucia.es'. Adding certificate verification is strongly
      advised. See:
      https://urllib3.readthedocs.io/en/latest/advanced-usage.html#tls-warnings
      warnings.warn(

Result: Succeeded

Launching scraper: ClassicJazz
Succeeded - 2026-03-18T20:18:04Z

dag: FisgonTaskSelenium (57.0s)
│
└─tarea_1 (57.0s) [succeeded]
  ├─bash -lc 'set -eo pipefail; export DOCKER_CONFIG=/tmp/.docker HOME=/tmp;
  │   SELENIUM_NAME="selenium_${DAG_RUN_ID:-$$}_$(date +%s)"; cleanup() {
  │   docker rm -f "$SELENIUM_NAME" >/dev/null 2>&1 || true; }; trap cleanup
  │   EXIT; docker run -d --rm --name "$SELENIUM_NAME" --shm-size=2g -e
  │   SE_NODE_MAX_SESSIONS=1 -e SE_NODE_OVERRIDE_MAX_SESSIONS=true
  │   selenium/standalone-chrome:latest >/dev/null; docker exec
  │   "$SELENIUM_NAME" bash -c "for i in \$(seq 1 60); do (echo >
  │   /dev/tcp/127.0.0.1/4444) >/dev/null 2>&1 && exit 0; sleep 1; done; exit
  │   1"; docker run --rm --network container:"$SELENIUM_NAME" -v
  │   /home/ubuntu/work/fisgon:/app -v
  │   /home/ubuntu/data_storage:/home/ubuntu/data_storage -v
  │   /home/ubuntu/work/event_flask_app/static/img:/home/ubuntu/work/event_fla
  │   sk_app/static/img -w /app -e OPERATION=0 -e DOCKER_CONFIG=/tmp/.docker
  │   -e HOME=/tmp -e TARGET_CITY -e TARGET_SCRAPER -e
  │   DAG_RUN_URL="${DAGU_BASE_URL:-}/dags/${DAG_NAME}?dagRunId=${DAG_RUN_ID}"
  │   -e
  │   DAG_RUN_LOG_URL="${DAGU_BASE_URL:-}/dags/${DAG_NAME}/log?remoteNode=loca
  │   l&step=tarea_1&dagRunId=${DAG_RUN_ID}" fisgon_scraper:1.0'
  │
  ├─stdout:
  │   RUNNING VARS →
  │   CITY=Almeria,
  │   OPERATION=0,
  │   CREATE_SESSION=0,
  │   CLOSE_SESSION=0,
  │   SESSION=None,
  │   IMAGES=0,
  │   GET_SCRAPERS=
  │   SCRAPER=ClassicJazz
  │   DAG_RUN_URL=/dags/FisgonTaskSelenium/log?remoteNode=local&step=tarea_1&d
  │   agRunId=019d0299-27ca-731e-a71c-abedfa1dba9e
  │   Running for Almeria: ClassicJazz
  │   ClassicJazz
  │   RUNNING SESSION =  2026_03_18_20_12_Miercoles
  │   Starting WebDriver...
  │   http://localhost:4444/wd/hub
  │   *********************times =1
  │   sleeping 7
  │   Scrolling...
  │   sleeping 1
  │   Getting content
  │   clicking
  │   sleeping 3
  │   sleeping 7
  │   *********************times =2
  │   sleeping 7
  │   Scrolling...
  │   sleeping 1
  │   Getting content
  │   clicking
  │   sleeping 3
  │   sleeping 7
  │   *** SCRAPED 156 URLS WITH EVENTS **
  │   New url events = 2
  │   0 / 2
  │   Getting
  │   https://clasijazz.com/evento/jam-funk-port-of-spain-5/2026-04-16/
  │   Sleep 4
  │   2026-04-16T22:00:00 2026-04-16T23:55:00
  │   --------------------
  │   {'id': '900f0f53', 'show': 1, 'in_city': 1, 'one_day': 1,
  │   'wrong_date_time': 0, 'event': 'Jam Funk', 'slug': 'jam-funk',
  │   'category': '__NOT_DEFINIED__', 'id_venue': 'ddgm4gQP', 'venue': 'Port
  │   Of Spain', 'std_venue': 'Port Of Spain', 'start_date': '2026-04-16',
  │   'start_time': '22:00:00', 'end_date': '2026-04-16', 'end_time':
  │   '23:55:00', 'description': 'Entrada Libre Port of Spain Una Jam Session
  │   increíble en ese entorno tan bonito del Port of Spain. Llena de Funk
  │   !', 'others': {'price': '__NOT_DEFINIED__', 'category': 'Programación',
  │   'location_url': 'https://clasijazz.com/local/port-of-spain/',
  │   'location': 'Parque Nicolás Salmeron 20, Almería'}, 'source':
  │   'ClassicJazz', 'exec_time': '20260318T201810', 'session':
  │   '2026_03_18_20_12_Miercoles', 'image':
  │   'https://clasijazz.com/wp-content/uploads/2025/08/jam_funky-2-3-3.jpg',
  │   'url':
  │   'https://clasijazz.com/evento/jam-funk-port-of-spain-5/2026-04-16/'}
  │   1 / 2
  │   Getting https://clasijazz.com/evento/ecstatic-dance-dj-ed-ualias/
  │   Sleep 4
  │   2026-03-21T18:00:00 2026-03-21T20:00:00
  │   --------------------
  │   {'id': '0a86c7ea', 'show': 1, 'in_city': 1, 'one_day': 1,
  │   'wrong_date_time': 0, 'event': 'Ecstatic Dance – DJ Ed Ualías',
  │   'slug': 'ecstatic-dance-dj-ed-ualias', 'category': '__NOT_DEFINIED__',
  │   'id_venue': 'Q6b6LRjT', 'venue': 'Sede Clasijazz', 'std_venue':
  │   'Clasijazz', 'start_date': '2026-03-21', 'start_time': '18:00:00',
  │   'end_date': '2026-03-21', 'end_time': '20:00:00', 'description': '18€
  │   NS / 15€ S | Sala Industrial', 'others': {'price': '15,00€ –
  │   18,00€', 'category': 'Programación', 'location_url':
  │   'https://clasijazz.com/local/sede-clasijazz/', 'location': 'Maestro
  │   Serrano 9, Almería'}, 'source': 'ClassicJazz', 'exec_time':
  │   '20260318T201810', 'session': '2026_03_18_20_12_Miercoles', 'image':
  │   'https://clasijazz.com/wp-content/uploads/2026/03/f5cadb32-940c-4712-911
  │   4-b80262fa790d.jpg', 'url':
  │   'https://clasijazz.com/evento/ecstatic-dance-dj-ed-ualias/'}
  │   ****************************
  │   Saving 2 new events
  │   Saving in
  │   /home/ubuntu/data_storage/Almeria/2026_03_18_20_12_Miercoles/0_raw/20260
  │   318_2018_ClassicJazz.json
  │   Saving 2 master url
  │   Appending to /home/ubuntu/data_storage/Almeria/00_master/master_url.json
  └─stderr:
      /usr/local/lib/python3.11/site-packages/urllib3/connectionpool.py:1097:
      InsecureRequestWarning: Unverified HTTPS request is being made to host
      'clasijazz.com'. Adding certificate verification is strongly advised. See:
      https://urllib3.readthedocs.io/en/latest/advanced-usage.html#tls-warnings
      warnings.warn(
      /usr/local/lib/python3.11/site-packages/urllib3/connectionpool.py:1097:
      InsecureRequestWarning: Unverified HTTPS request is being made to host
      'clasijazz.com'. Adding certificate verification is strongly advised. See:
      https://urllib3.readthedocs.io/en/latest/advanced-usage.html#tls-warnings
      warnings.warn(

Result: Succeeded

Launching scraper: Entradium
Succeeded - 2026-03-18T20:19:01Z

dag: FisgonTaskSelenium (41.0s)
│
└─tarea_1 (41.0s) [succeeded]
  ├─bash -lc 'set -eo pipefail; export DOCKER_CONFIG=/tmp/.docker HOME=/tmp;
  │   SELENIUM_NAME="selenium_${DAG_RUN_ID:-$$}_$(date +%s)"; cleanup() {
  │   docker rm -f "$SELENIUM_NAME" >/dev/null 2>&1 || true; }; trap cleanup
  │   EXIT; docker run -d --rm --name "$SELENIUM_NAME" --shm-size=2g -e
  │   SE_NODE_MAX_SESSIONS=1 -e SE_NODE_OVERRIDE_MAX_SESSIONS=true
  │   selenium/standalone-chrome:latest >/dev/null; docker exec
  │   "$SELENIUM_NAME" bash -c "for i in \$(seq 1 60); do (echo >
  │   /dev/tcp/127.0.0.1/4444) >/dev/null 2>&1 && exit 0; sleep 1; done; exit
  │   1"; docker run --rm --network container:"$SELENIUM_NAME" -v
  │   /home/ubuntu/work/fisgon:/app -v
  │   /home/ubuntu/data_storage:/home/ubuntu/data_storage -v
  │   /home/ubuntu/work/event_flask_app/static/img:/home/ubuntu/work/event_fla
  │   sk_app/static/img -w /app -e OPERATION=0 -e DOCKER_CONFIG=/tmp/.docker
  │   -e HOME=/tmp -e TARGET_CITY -e TARGET_SCRAPER -e
  │   DAG_RUN_URL="${DAGU_BASE_URL:-}/dags/${DAG_NAME}?dagRunId=${DAG_RUN_ID}"
  │   -e
  │   DAG_RUN_LOG_URL="${DAGU_BASE_URL:-}/dags/${DAG_NAME}/log?remoteNode=loca
  │   l&step=tarea_1&dagRunId=${DAG_RUN_ID}" fisgon_scraper:1.0'
  │
  ├─stdout:
  │   RUNNING VARS →
  │   CITY=Almeria,
  │   OPERATION=0,
  │   CREATE_SESSION=0,
  │   CLOSE_SESSION=0,
  │   SESSION=None,
  │   IMAGES=0,
  │   GET_SCRAPERS=
  │   SCRAPER=Entradium
  │   DAG_RUN_URL=/dags/FisgonTaskSelenium/log?remoteNode=local&step=tarea_1&d
  │   agRunId=019d029a-0510-747c-879a-54bd15ef07b5
  │   Running for Almeria: Entradium
  │   Entradium
  │   RUNNING SESSION =  2026_03_18_20_12_Miercoles
  │   Starting WebDriver...
  │   http://localhost:4444/wd/hub
  │   sleeping 5
  │   clicking
  │   sleeping 3
  │   sleeping 1.5
  │   sleeping 3
  │   ******
  │   xpath
  │   /html/body/header/div[2]/div[1]/div/div/form/div/div/button/span/i
  │   clicking
  │   sleeping 3
  │   sleeping 8
  │   Getting content
  │   *** SCRAPED 26 URLS WITH EVENTS **
  │   New url events = 1
  │   0 / 1
  │   Getting https://entradium.com/es/events/lu-cia-en-concierto-almeria
  │   Sleep 4
  │   ['4.04.2026', '21:30']
  │   --------------------
  │   {'id': '3b7b5383', 'show': 1, 'in_city': 1, 'one_day': 1,
  │   'wrong_date_time': 0, 'event': 'Lu&Cía en Concierto', 'slug':
  │   'lu-cia-en-concierto', 'category': '__NOT_DEFINIED__', 'id_venue':
  │   'trpmPB62', 'venue': 'El Zaguán (Sala ZH2ON)', 'std_venue': 'Zaguán',
  │   'start_date': '2026-04-04', 'start_time': '21:30:00', 'end_date':
  │   '__NOT_DEFINIED__', 'end_time': '__NOT_DEFINIED__', 'description':
  │   'Concierto LU&CÍA el sábado 4 de abril a las 21:30 h. en la sala El
  │   Zaguán de Almería.', 'others': {}, 'source': 'Entradium', 'exec_time':
  │   '20260318T201907', 'session': '2026_03_18_20_12_Miercoles', 'image':
  │   'https://d2il8hfach02z9.cloudfront.net/uploads/event/poster/8d6dcb3bff0f
  │   0efce3f744e4249ab8436d3c179f/event_m_cartel_luycia_zaguan04042026c2.jpg?
  │   v=1773852136', 'url':
  │   'https://entradium.com/es/events/lu-cia-en-concierto-almeria'}
  │   ****************************
  │   Saving 1 new events
  │   Saving in
  │   /home/ubuntu/data_storage/Almeria/2026_03_18_20_12_Miercoles/0_raw/20260
  │   318_2019_Entradium.json
  │   Saving 1 master url
  │   Appending to /home/ubuntu/data_storage/Almeria/00_master/master_url.json
  └─stderr:
      /usr/local/lib/python3.11/site-packages/urllib3/connectionpool.py:1097:
      InsecureRequestWarning: Unverified HTTPS request is being made to host
      'entradium.com'. Adding certificate verification is strongly advised. See:
      https://urllib3.readthedocs.io/en/latest/advanced-usage.html#tls-warnings
      warnings.warn(

Result: Succeeded

Launching scraper: TodasLasEntradas
Succeeded - 2026-03-18T20:19:42Z

dag: FisgonTaskSelenium (9.0s)
│
└─tarea_1 (9.0s) [succeeded]
  ├─bash -lc 'set -eo pipefail; export DOCKER_CONFIG=/tmp/.docker HOME=/tmp;
  │   SELENIUM_NAME="selenium_${DAG_RUN_ID:-$$}_$(date +%s)"; cleanup() {
  │   docker rm -f "$SELENIUM_NAME" >/dev/null 2>&1 || true; }; trap cleanup
  │   EXIT; docker run -d --rm --name "$SELENIUM_NAME" --shm-size=2g -e
  │   SE_NODE_MAX_SESSIONS=1 -e SE_NODE_OVERRIDE_MAX_SESSIONS=true
  │   selenium/standalone-chrome:latest >/dev/null; docker exec
  │   "$SELENIUM_NAME" bash -c "for i in \$(seq 1 60); do (echo >
  │   /dev/tcp/127.0.0.1/4444) >/dev/null 2>&1 && exit 0; sleep 1; done; exit
  │   1"; docker run --rm --network container:"$SELENIUM_NAME" -v
  │   /home/ubuntu/work/fisgon:/app -v
  │   /home/ubuntu/data_storage:/home/ubuntu/data_storage -v
  │   /home/ubuntu/work/event_flask_app/static/img:/home/ubuntu/work/event_fla
  │   sk_app/static/img -w /app -e OPERATION=0 -e DOCKER_CONFIG=/tmp/.docker
  │   -e HOME=/tmp -e TARGET_CITY -e TARGET_SCRAPER -e
  │   DAG_RUN_URL="${DAGU_BASE_URL:-}/dags/${DAG_NAME}?dagRunId=${DAG_RUN_ID}"
  │   -e
  │   DAG_RUN_LOG_URL="${DAGU_BASE_URL:-}/dags/${DAG_NAME}/log?remoteNode=loca
  │   l&step=tarea_1&dagRunId=${DAG_RUN_ID}" fisgon_scraper:1.0'
  │
  └─stdout:
      RUNNING VARS →
      CITY=Almeria,
      OPERATION=0,
      CREATE_SESSION=0,
      CLOSE_SESSION=0,
      SESSION=None,
      IMAGES=0,
      GET_SCRAPERS=
      SCRAPER=TodasLasEntradas
      DAG_RUN_URL=/dags/FisgonTaskSelenium/log?remoteNode=local&step=tarea_1&dag
      RunId=019d029a-a3f5-7532-985f-ab5955e3d13d
      Running for Almeria: TodasLasEntradas
      TodasLasEntradas
      RUNNING SESSION =  2026_03_18_20_12_Miercoles
      Starting WebDriver...
      http://localhost:4444/wd/hub
      Getting content
      *** SCRAPED 14 URLS WITH EVENTS **
      New url events = 0
      #######################
      No new urls/events extracted. No new events to save
      #######################

Result: Succeeded

Launching scraper: RedBibliotecas
Succeeded - 2026-03-18T20:19:51Z

dag: FisgonTaskSelenium (10.0s)
│
└─tarea_1 (10.0s) [succeeded]
  ├─bash -lc 'set -eo pipefail; export DOCKER_CONFIG=/tmp/.docker HOME=/tmp;
  │   SELENIUM_NAME="selenium_${DAG_RUN_ID:-$$}_$(date +%s)"; cleanup() {
  │   docker rm -f "$SELENIUM_NAME" >/dev/null 2>&1 || true; }; trap cleanup
  │   EXIT; docker run -d --rm --name "$SELENIUM_NAME" --shm-size=2g -e
  │   SE_NODE_MAX_SESSIONS=1 -e SE_NODE_OVERRIDE_MAX_SESSIONS=true
  │   selenium/standalone-chrome:latest >/dev/null; docker exec
  │   "$SELENIUM_NAME" bash -c "for i in \$(seq 1 60); do (echo >
  │   /dev/tcp/127.0.0.1/4444) >/dev/null 2>&1 && exit 0; sleep 1; done; exit
  │   1"; docker run --rm --network container:"$SELENIUM_NAME" -v
  │   /home/ubuntu/work/fisgon:/app -v
  │   /home/ubuntu/data_storage:/home/ubuntu/data_storage -v
  │   /home/ubuntu/work/event_flask_app/static/img:/home/ubuntu/work/event_fla
  │   sk_app/static/img -w /app -e OPERATION=0 -e DOCKER_CONFIG=/tmp/.docker
  │   -e HOME=/tmp -e TARGET_CITY -e TARGET_SCRAPER -e
  │   DAG_RUN_URL="${DAGU_BASE_URL:-}/dags/${DAG_NAME}?dagRunId=${DAG_RUN_ID}"
  │   -e
  │   DAG_RUN_LOG_URL="${DAGU_BASE_URL:-}/dags/${DAG_NAME}/log?remoteNode=loca
  │   l&step=tarea_1&dagRunId=${DAG_RUN_ID}" fisgon_scraper:1.0'
  │
  └─stdout:
      RUNNING VARS →
      CITY=Almeria,
      OPERATION=0,
      CREATE_SESSION=0,
      CLOSE_SESSION=0,
      SESSION=None,
      IMAGES=0,
      GET_SCRAPERS=
      SCRAPER=RedBibliotecas
      DAG_RUN_URL=/dags/FisgonTaskSelenium/log?remoteNode=local&step=tarea_1&dag
      RunId=019d029a-c6ac-7199-aa5a-5189e4b08f23
      Running for Almeria: RedBibliotecas
      RedBibliotecas
      RUNNING SESSION =  2026_03_18_20_12_Miercoles
      START
      Starting WebDriver...
      http://localhost:4444/wd/hub
      page=1
      Getting content
      ['https://www.bibliotecaspublicas.es/almeria/actividades/Agenda/ta-172-tej
      iendo.html',
      'https://www.bibliotecaspublicas.es/almeria/actividades/Agenda/ta-172-gimn
      asia.html',
      'https://www.bibliotecaspublicas.es/almeria/actividades/Agenda/cci-143-hoy
      0.html',
      'https://www.bibliotecaspublicas.es/almeria/actividades/Agenda/pl-172a.htm
      l',
      'https://www.bibliotecaspublicas.es/almeria/actividades/Agenda/cl-alquian1
      .html',
      'https://www.bibliotecaspublicas.es/almeria/actividades/Agenda/ti-172-gara
      batos.html',
      'https://www.bibliotecaspublicas.es/almeria/actividades/Agenda/ti-141-gara
      batos.html',
      'https://www.bibliotecaspublicas.es/almeria/actividades/Agenda/ti-143-gara
      batos.html',
      'https://www.bibliotecaspublicas.es/almeria/actividades/Agenda/ti-140-gara
      batos.html',
      'https://www.bibliotecaspublicas.es/almeria/actividades/Agenda/cl-cabo.htm
      l',
      'https://www.bibliotecaspublicas.es/almeria/actividades/Agenda/pl-arias.ht
      ml']
      page=2
      Getting content
      ['https://www.bibliotecaspublicas.es/almeria/actividades/Agenda/ta-172-tej
      iendo.html',
      'https://www.bibliotecaspublicas.es/almeria/actividades/Agenda/ta-172-gimn
      asia.html',
      'https://www.bibliotecaspublicas.es/almeria/actividades/Agenda/cci-143-hoy
      0.html',
      'https://www.bibliotecaspublicas.es/almeria/actividades/Agenda/pl-172a.htm
      l',
      'https://www.bibliotecaspublicas.es/almeria/actividades/Agenda/cl-alquian1
      .html',
      'https://www.bibliotecaspublicas.es/almeria/actividades/Agenda/ti-172-gara
      batos.html',
      'https://www.bibliotecaspublicas.es/almeria/actividades/Agenda/ti-141-gara
      batos.html',
      'https://www.bibliotecaspublicas.es/almeria/actividades/Agenda/ti-143-gara
      batos.html',
      'https://www.bibliotecaspublicas.es/almeria/actividades/Agenda/ti-140-gara
      batos.html',
      'https://www.bibliotecaspublicas.es/almeria/actividades/Agenda/cl-cabo.htm
      l',
      'https://www.bibliotecaspublicas.es/almeria/actividades/Agenda/pl-arias.ht
      ml',
      'https://www.bibliotecaspublicas.es/almeria/actividades/Agenda/ta-172-teji
      endo.html',
      'https://www.bibliotecaspublicas.es/almeria/actividades/Agenda/ta-172-gimn
      asia.html',
      'https://www.bibliotecaspublicas.es/almeria/actividades/Agenda/cci-143-hoy
      0.html',
      'https://www.bibliotecaspublicas.es/almeria/actividades/Agenda/pl-172a.htm
      l',
      'https://www.bibliotecaspublicas.es/almeria/actividades/Agenda/cl-alquian1
      .html',
      'https://www.bibliotecaspublicas.es/almeria/actividades/Agenda/ti-172-gara
      batos.html',
      'https://www.bibliotecaspublicas.es/almeria/actividades/Agenda/ti-141-gara
      batos.html',
      'https://www.bibliotecaspublicas.es/almeria/actividades/Agenda/ti-143-gara
      batos.html',
      'https://www.bibliotecaspublicas.es/almeria/actividades/Agenda/ti-140-gara
      batos.html',
      'https://www.bibliotecaspublicas.es/almeria/actividades/Agenda/cl-cabo.htm
      l',
      'https://www.bibliotecaspublicas.es/almeria/actividades/Agenda/pl-arias.ht
      ml']
      page=3
      Getting content
      ['https://www.bibliotecaspublicas.es/almeria/actividades/Agenda/ta-172-tej
      iendo.html',
      'https://www.bibliotecaspublicas.es/almeria/actividades/Agenda/ta-172-gimn
      asia.html',
      'https://www.bibliotecaspublicas.es/almeria/actividades/Agenda/cci-143-hoy
      0.html',
      'https://www.bibliotecaspublicas.es/almeria/actividades/Agenda/pl-172a.htm
      l',
      'https://www.bibliotecaspublicas.es/almeria/actividades/Agenda/cl-alquian1
      .html',
      'https://www.bibliotecaspublicas.es/almeria/actividades/Agenda/ti-172-gara
      batos.html',
      'https://www.bibliotecaspublicas.es/almeria/actividades/Agenda/ti-141-gara
      batos.html',
      'https://www.bibliotecaspublicas.es/almeria/actividades/Agenda/ti-143-gara
      batos.html',
      'https://www.bibliotecaspublicas.es/almeria/actividades/Agenda/ti-140-gara
      batos.html',
      'https://www.bibliotecaspublicas.es/almeria/actividades/Agenda/cl-cabo.htm
      l',
      'https://www.bibliotecaspublicas.es/almeria/actividades/Agenda/pl-arias.ht
      ml',
      'https://www.bibliotecaspublicas.es/almeria/actividades/Agenda/ta-172-teji
      endo.html',
      'https://www.bibliotecaspublicas.es/almeria/actividades/Agenda/ta-172-gimn
      asia.html',
      'https://www.bibliotecaspublicas.es/almeria/actividades/Agenda/cci-143-hoy
      0.html',
      'https://www.bibliotecaspublicas.es/almeria/actividades/Agenda/pl-172a.htm
      l',
      'https://www.bibliotecaspublicas.es/almeria/actividades/Agenda/cl-alquian1
      .html',
      'https://www.bibliotecaspublicas.es/almeria/actividades/Agenda/ti-172-gara
      batos.html',
      'https://www.bibliotecaspublicas.es/almeria/actividades/Agenda/ti-141-gara
      batos.html',
      'https://www.bibliotecaspublicas.es/almeria/actividades/Agenda/ti-143-gara
      batos.html',
      'https://www.bibliotecaspublicas.es/almeria/actividades/Agenda/ti-140-gara
      batos.html',
      'https://www.bibliotecaspublicas.es/almeria/actividades/Agenda/cl-cabo.htm
      l',
      'https://www.bibliotecaspublicas.es/almeria/actividades/Agenda/pl-arias.ht
      ml',
      'https://www.bibliotecaspublicas.es/almeria/actividades/Agenda/ta-172-teji
      endo.html',
      'https://www.bibliotecaspublicas.es/almeria/actividades/Agenda/ta-172-gimn
      asia.html',
      'https://www.bibliotecaspublicas.es/almeria/actividades/Agenda/cci-143-hoy
      0.html',
      'https://www.bibliotecaspublicas.es/almeria/actividades/Agenda/pl-172a.htm
      l',
      'https://www.bibliotecaspublicas.es/almeria/actividades/Agenda/cl-alquian1
      .html',
      'https://www.bibliotecaspublicas.es/almeria/actividades/Agenda/ti-172-gara
      batos.html',
      'https://www.bibliotecaspublicas.es/almeria/actividades/Agenda/ti-141-gara
      batos.html',
      'https://www.bibliotecaspublicas.es/almeria/actividades/Agenda/ti-143-gara
      batos.html',
      'https://www.bibliotecaspublicas.es/almeria/actividades/Agenda/ti-140-gara
      batos.html',
      'https://www.bibliotecaspublicas.es/almeria/actividades/Agenda/cl-cabo.htm
      l',
      'https://www.bibliotecaspublicas.es/almeria/actividades/Agenda/pl-arias.ht
      ml']
      *** SCRAPED 33 URLS WITH EVENTS **
      New url events = 0
      #######################
      No new urls/events extracted. No new events to save
      #######################

Result: Succeeded

Launching scraper: SalaEmma
Succeeded - 2026-03-18T20:20:01Z

dag: FisgonTaskSelenium (21.0s)
│
└─tarea_1 (21.0s) [succeeded]
  ├─bash -lc 'set -eo pipefail; export DOCKER_CONFIG=/tmp/.docker HOME=/tmp;
  │   SELENIUM_NAME="selenium_${DAG_RUN_ID:-$$}_$(date +%s)"; cleanup() {
  │   docker rm -f "$SELENIUM_NAME" >/dev/null 2>&1 || true; }; trap cleanup
  │   EXIT; docker run -d --rm --name "$SELENIUM_NAME" --shm-size=2g -e
  │   SE_NODE_MAX_SESSIONS=1 -e SE_NODE_OVERRIDE_MAX_SESSIONS=true
  │   selenium/standalone-chrome:latest >/dev/null; docker exec
  │   "$SELENIUM_NAME" bash -c "for i in \$(seq 1 60); do (echo >
  │   /dev/tcp/127.0.0.1/4444) >/dev/null 2>&1 && exit 0; sleep 1; done; exit
  │   1"; docker run --rm --network container:"$SELENIUM_NAME" -v
  │   /home/ubuntu/work/fisgon:/app -v
  │   /home/ubuntu/data_storage:/home/ubuntu/data_storage -v
  │   /home/ubuntu/work/event_flask_app/static/img:/home/ubuntu/work/event_fla
  │   sk_app/static/img -w /app -e OPERATION=0 -e DOCKER_CONFIG=/tmp/.docker
  │   -e HOME=/tmp -e TARGET_CITY -e TARGET_SCRAPER -e
  │   DAG_RUN_URL="${DAGU_BASE_URL:-}/dags/${DAG_NAME}?dagRunId=${DAG_RUN_ID}"
  │   -e
  │   DAG_RUN_LOG_URL="${DAGU_BASE_URL:-}/dags/${DAG_NAME}/log?remoteNode=loca
  │   l&step=tarea_1&dagRunId=${DAG_RUN_ID}" fisgon_scraper:1.0'
  │
  └─stdout: ... (15 more lines)
      sleeping 10
      Getting content
      --------------------
      {'id': 'aec3af97', 'show': 1, 'in_city': 1, 'one_day': 1,
      'wrong_date_time': 0, 'event': 'El Mentalista Canalla', 'slug':
      'el-mentalista-canalla', 'category': '__NOT_DEFINIED__', 'id_venue':
      '7qHRF9LM', 'venue': 'Sala EMMA', 'std_venue': 'Sala Escuela Municipal de
      Música & Artes', 'start_date': '2026-04-24', 'start_time': '20:00:00',
      'end_date': '__NOT_FOUND__', 'end_time': '__NOT_FOUND__', 'description':
      'Viernes, 24 de Abril, 2026 8:00 PM 12.00 €', 'others': {}, 'source':
      'SalaEmma', 'exec_time': '20260318T202007', 'session':
      '2026_03_18_20_12_Miercoles', 'image':
      '/home/ubuntu/work/event_flask_app/static/img/718ba581.jpg', 'url':
      'https://entradasemma.azurewebsites.net/'}
      --------------------
      {'id': '8beea28d', 'show': 1, 'in_city': 1, 'one_day': 1,
      'wrong_date_time': 0, 'event': 'Melocotón en Almíbar', 'slug':
      'melocoton-en-almibar', 'category': '__NOT_DEFINIED__', 'id_venue':
      '7qHRF9LM', 'venue': 'Sala EMMA', 'std_venue': 'Sala Escuela Municipal de
      Música & Artes', 'start_date': '2026-05-09', 'start_time': '20:00:00',
      'end_date': '__NOT_FOUND__', 'end_time': '__NOT_FOUND__', 'description':
      'Sábado, 9 de Mayo, 2026 8:00 PM 12.00 €', 'others': {}, 'source':
      'SalaEmma', 'exec_time': '20260318T202007', 'session':
      '2026_03_18_20_12_Miercoles', 'image':
      '/home/ubuntu/work/event_flask_app/static/img/4eda4a48.jpg', 'url':
      'https://entradasemma.azurewebsites.net/'}
      --------------------
      {'id': '74a80095', 'show': 1, 'in_city': 1, 'one_day': 1,
      'wrong_date_time': 0, 'event': 'Pepe El Caja', 'slug': 'pepe-el-caja',
      'category': '__NOT_DEFINIED__', 'id_venue': '7qHRF9LM', 'venue': 'Sala
      EMMA', 'std_venue': 'Sala Escuela Municipal de Música & Artes',
      'start_date': '2026-05-23', 'start_time': '20:00:00', 'end_date':
      '__NOT_FOUND__', 'end_time': '__NOT_FOUND__', 'description': 'Sábado, 23
      de Mayo, 2026 8:00 PM 15.00 €', 'others': {}, 'source': 'SalaEmma',
      'exec_time': '20260318T202007', 'session': '2026_03_18_20_12_Miercoles',
      'image': '/home/ubuntu/work/event_flask_app/static/img/80b86aaf.jpg',
      'url': 'https://entradasemma.azurewebsites.net/'}
      --------------------
      {'id': 'a6ce9adc', 'show': 1, 'in_city': 1, 'one_day': 1,
      'wrong_date_time': 0, 'event': 'Humor De Casados (Mariano Ypunto Y La
      Nena)', 'slug': 'humor-de-casados-mariano-ypunto-y-la-nena', 'category':
      '__NOT_DEFINIED__', 'id_venue': '7qHRF9LM', 'venue': 'Sala EMMA',
      'std_venue': 'Sala Escuela Municipal de Música & Artes', 'start_date':
      '2026-06-13', 'start_time': '20:00:00', 'end_date': '__NOT_FOUND__',
      'end_time': '__NOT_FOUND__', 'description': 'Sábado, 13 de Junio, 2026
      8:00 PM 15.00 €', 'others': {}, 'source': 'SalaEmma', 'exec_time':
      '20260318T202007', 'session': '2026_03_18_20_12_Miercoles', 'image':
      '/home/ubuntu/work/event_flask_app/static/img/49c86278.jpg', 'url':
      'https://entradasemma.azurewebsites.net/'}
      --------------------
      {'id': 'dec9ac92', 'show': 1, 'in_city': 1, 'one_day': 1,
      'wrong_date_time': 0, 'event': 'Manolo Lera', 'slug': 'manolo-lera',
      'category': '__NOT_DEFINIED__', 'id_venue': '7qHRF9LM', 'venue': 'Sala
      EMMA', 'std_venue': 'Sala Escuela Municipal de Música & Artes',
      'start_date': '2026-04-11', 'start_time': '20:00:00', 'end_date':
      '__NOT_FOUND__', 'end_time': '__NOT_FOUND__', 'description': 'Sábado, 11
      de Abril, 2026 8:00 PM 12.00 €', 'others': {}, 'source': 'SalaEmma',
      'exec_time': '20260318T202007', 'session': '2026_03_18_20_12_Miercoles',
      'image': '/home/ubuntu/work/event_flask_app/static/img/4787d74c.jpg',
      'url': 'https://entradasemma.azurewebsites.net/'}
      --------------------
      {'id': '00a2cc73', 'show': 1, 'in_city': 1, 'one_day': 1,
      'wrong_date_time': 0, 'event': 'Alvarito', 'slug': 'alvarito', 'category':
      '__NOT_DEFINIED__', 'id_venue': '7qHRF9LM', 'venue': 'Sala EMMA',
      'std_venue': 'Sala Escuela Municipal de Música & Artes', 'start_date':
      '2026-06-06', 'start_time': '20:00:00', 'end_date': '__NOT_FOUND__',
      'end_time': '__NOT_FOUND__', 'description': 'Sábado, 6 de Junio, 2026
      8:00 PM 12.00 €', 'others': {}, 'source': 'SalaEmma', 'exec_time':
      '20260318T202007', 'session': '2026_03_18_20_12_Miercoles', 'image':
      '/home/ubuntu/work/event_flask_app/static/img/a8b5aea5.jpg', 'url':
      'https://entradasemma.azurewebsites.net/'}
      --------------------
      {'id': '0d1d9340', 'show': 1, 'in_city': 1, 'one_day': 1,
      'wrong_date_time': 0, 'event': 'Menos Es Más (Alumnos Emma)', 'slug':
      'menos-es-mas-alumnos-emma', 'category': '__NOT_DEFINIED__', 'id_venue':
      '7qHRF9LM', 'venue': 'Sala EMMA', 'std_venue': 'Sala Escuela Municipal de
      Música & Artes', 'start_date': '2026-05-22', 'start_time': '20:00:00',
      'end_date': '__NOT_FOUND__', 'end_time': '__NOT_FOUND__', 'description':
      'Viernes, 22 de Mayo, 2026 8:00 PM 8.00 €', 'others': {}, 'source':
      'SalaEmma', 'exec_time': '20260318T202007', 'session':
      '2026_03_18_20_12_Miercoles', 'image':
      '/home/ubuntu/work/event_flask_app/static/img/f4d0488e.jpg', 'url':
      'https://entradasemma.azurewebsites.net/'}
      --------------------
      {'id': 'b54a81a6', 'show': 1, 'in_city': 1, 'one_day': 1,
      'wrong_date_time': 0, 'event': 'Menos Es Más', 'slug': 'menos-es-mas',
      'category': '__NOT_DEFINIED__', 'id_venue': '7qHRF9LM', 'venue': 'Sala
      EMMA', 'std_venue': 'Sala Escuela Municipal de Música & Artes',
      'start_date': '2026-05-22', 'start_time': '20:00:00', 'end_date':
      '__NOT_FOUND__', 'end_time': '__NOT_FOUND__', 'description': 'Viernes, 22
      de Mayo, 2026 8:00 PM "Menos es Mas" es un formato diferente para amenizar
      tu evento. Este proyecto combina rock, jazz, pop...y su finalidad es
      transmitir emociones a través del instrumento. Juanmi Viñolo ha
      preparado una selección de temas de grandes clásicos de artistas como
      Frank Sinatra, Carlos\nSantana, Luis Salinas...\nSi te gusta la guitarra
      eléctrica, no te lo puedes perder 10.00 €', 'others': {}, 'source':
      'SalaEmma', 'exec_time': '20260318T202007', 'session':
      '2026_03_18_20_12_Miercoles', 'image':
      '/home/ubuntu/work/event_flask_app/static/img/fc70f859.jpg', 'url':
      'https://entradasemma.azurewebsites.net/'}
      --------------------
      {'id': '773c9474', 'show': 1, 'in_city': 1, 'one_day': 1,
      'wrong_date_time': 0, 'event': 'Kikín Fernández Y Fernando Labordeta',
      'slug': 'kikin-fernandez-y-fernando-labordeta', 'category':
      '__NOT_DEFINIED__', 'id_venue': '7qHRF9LM', 'venue': 'Sala EMMA',
      'std_venue': 'Sala Escuela Municipal de Música & Artes', 'start_date':
      '2026-05-16', 'start_time': '20:00:00', 'end_date': '__NOT_FOUND__',
      'end_time': '__NOT_FOUND__', 'description': 'Sábado, 16 de Mayo, 2026
      8:00 PM 12.00 €', 'others': {}, 'source': 'SalaEmma', 'exec_time':
      '20260318T202007', 'session': '2026_03_18_20_12_Miercoles', 'image':
      '/home/ubuntu/work/event_flask_app/static/img/067a784e.jpg', 'url':
      'https://entradasemma.azurewebsites.net/'}
      --------------------
      {'id': '1cf840a3', 'show': 1, 'in_city': 1, 'one_day': 1,
      'wrong_date_time': 0, 'event': '¡corten! Una Comedia De Cine', 'slug':
      'corten-una-comedia-de-cine', 'category': '__NOT_DEFINIED__', 'id_venue':
      '7qHRF9LM', 'venue': 'Sala EMMA', 'std_venue': 'Sala Escuela Municipal de
      Música & Artes', 'start_date': '2026-04-25', 'start_time': '20:00:00',
      'end_date': '__NOT_FOUND__', 'end_time': '__NOT_FOUND__', 'description':
      'Sábado, 25 de Abril, 2026 8:00 PM 12.00 €', 'others': {}, 'source':
      'SalaEmma', 'exec_time': '20260318T202007', 'session':
      '2026_03_18_20_12_Miercoles', 'image':
      '/home/ubuntu/work/event_flask_app/static/img/38f711eb.jpg', 'url':
      'https://entradasemma.azurewebsites.net/'}
      --------------------
      {'id': 'f9375a5f', 'show': 1, 'in_city': 1, 'one_day': 1,
      'wrong_date_time': 0, 'event': 'Taller Más Allá De La Voz', 'slug':
      'taller-mas-alla-de-la-voz', 'category': '__NOT_DEFINIED__', 'id_venue':
      '7qHRF9LM', 'venue': 'Sala EMMA', 'std_venue': 'Sala Escuela Municipal de
      Música & Artes', 'start_date': '2026-03-21', 'start_time': '09:00:00',
      'end_date': '__NOT_FOUND__', 'end_time': '__NOT_FOUND__', 'description':
      'Sábado, 21 de Marzo, 2026 9:00 AM Más allá de la voz es un taller
      intensivo dirigido a cantantes que desean profundizar en la
      interpretación emocional y la presencia escénica, transformando sus
      canciones en experiencias auténticas para el público.\nA lo largo del
      taller se trabaja la canción desde dentro: la letra, la intención y la
      emoción, integrando la técnica vocal con recursos expresivos y
      escénicos. El objetivo es que el cantante no solo cante correctamente,
      sino que comunique, emocione y conecte desde un lugar verdadero y
      consciente sobre el escenario. 45.00 €', 'others': {}, 'source':
      'SalaEmma', 'exec_time': '20260318T202007', 'session':
      '2026_03_18_20_12_Miercoles', 'image':
      '/home/ubuntu/work/event_flask_app/static/img/ad01fead.jpg', 'url':
      'https://entradasemma.azurewebsites.net/'}
      --------------------
      {'id': 'df96f562', 'show': 1, 'in_city': 1, 'one_day': 1,
      'wrong_date_time': 0, 'event': 'Victor Castigao Descontrolao', 'slug':
      'victor-castigao-descontrolao', 'category': '__NOT_DEFINIED__',
      'id_venue': '7qHRF9LM', 'venue': 'Sala EMMA', 'std_venue': 'Sala Escuela
      Municipal de Música & Artes', 'start_date': '2026-04-18', 'start_time':
      '20:00:00', 'end_date': '__NOT_FOUND__', 'end_time': '__NOT_FOUND__',
      'description': 'Sábado, 18 de Abril, 2026 8:00 PM 12.00 €', 'others':
      {}, 'source': 'SalaEmma', 'exec_time': '20260318T202007', 'session':
      '2026_03_18_20_12_Miercoles', 'image':
      '/home/ubuntu/work/event_flask_app/static/img/4485f894.jpg', 'url':
      'https://entradasemma.azurewebsites.net/'}
      --------------------
      {'id': '3bd5c777', 'show': 1, 'in_city': 1, 'one_day': 1,
      'wrong_date_time': 0, 'event': 'Una De Impro! Dela Mujer', 'slug':
      'una-de-impro-dela-mujer', 'category': '__NOT_DEFINIED__', 'id_venue':
      '7qHRF9LM', 'venue': 'Sala EMMA', 'std_venue': 'Sala Escuela Municipal de
      Música & Artes', 'start_date': '2026-03-26', 'start_time': '21:00:00',
      'end_date': '__NOT_FOUND__', 'end_time': '__NOT_FOUND__', 'description':
      'Jueves, 26 de Marzo, 2026 9:00 PM 10.00 € Anticipada: 8.00 € hasta el
      Miércoles, 25 de Marzo, 2026', 'others': {}, 'source': 'SalaEmma',
      'exec_time': '20260318T202007', 'session': '2026_03_18_20_12_Miercoles',
      'image': '/home/ubuntu/work/event_flask_app/static/img/ae42355a.jpg',
      'url': 'https://entradasemma.azurewebsites.net/'}
      Checking unique event dict.
      Reading /home/ubuntu/data_storage/Almeria/00_master/master_events.json...
      *******
      [('Rafa Tornado Punkústico', 'Sala EMMA', '2026-03-15', '17:00:00'),
      ('Una De Imrpo! Dela Mujer', 'Sala EMMA', '2026-03-26', '21:00:00'),
      ('¡corten! Una Comedia De Cine', 'Sala EMMA', '2026-04-25', '20:00:00'),
      ('Melocotón en Almíbar', 'Sala EMMA', '2026-05-09', '20:00:00'),
      ('Kikín Fernández Y Fernando Labordeta', 'Sala EMMA', '2026-05-16',
      '20:00:00'), ('Menos Es Más', 'Sala EMMA', '2026-05-22', '20:00:00'),
      ('Pepe El Caja', 'Sala EMMA', '2026-05-23', '20:00:00'), ('Alvarito',
      'Sala EMMA', '2026-06-06', '20:00:00'), ('Humor De Casados (Mariano Ypunto
      Y La Nena)', 'Sala EMMA', '2026-06-13', '20:00:00')]
      ('El Mentalista Canalla', 'Sala EMMA', '2026-04-24', '20:00:00')
      ('Melocotón en Almíbar', 'Sala EMMA', '2026-05-09', '20:00:00')
      ('Pepe El Caja', 'Sala EMMA', '2026-05-23', '20:00:00')
      ('Humor De Casados (Mariano Ypunto Y La Nena)', 'Sala EMMA', '2026-06-13',
      '20:00:00')
      ('Manolo Lera', 'Sala EMMA', '2026-04-11', '20:00:00')
      ('Alvarito', 'Sala EMMA', '2026-06-06', '20:00:00')
      ('Menos Es Más (Alumnos Emma)', 'Sala EMMA', '2026-05-22', '20:00:00')
      ('Menos Es Más', 'Sala EMMA', '2026-05-22', '20:00:00')
      ('Kikín Fernández Y Fernando Labordeta', 'Sala EMMA', '2026-05-16',
      '20:00:00')
      ('¡corten! Una Comedia De Cine', 'Sala EMMA', '2026-04-25', '20:00:00')
      ('Taller Más Allá De La Voz', 'Sala EMMA', '2026-03-21', '09:00:00')
      ('Victor Castigao Descontrolao', 'Sala EMMA', '2026-04-18', '20:00:00')
      ('Una De Impro! Dela Mujer', 'Sala EMMA', '2026-03-26', '21:00:00')
      ****************************
      Saving 6 new events
      Saving in
      /home/ubuntu/data_storage/Almeria/2026_03_18_20_12_Miercoles/0_raw/2026031
      8_2020_SalaEmma.json
      Saving 6 master url
      Appending to  /home/ubuntu/data_storage/Almeria/00_master/master_url.json

Result: Succeeded

