time=2026-03-18T20:12:36.807Z level=INFO msg="Executing root dag-run" dag=FisgonTaskRequest run-id=019d0294-2645-7bb0-97b5-385e7bd1ae68 params=""
time=2026-03-18T20:12:36.820Z level=INFO msg="DAG run started" name=FisgonTaskRequest run-id=019d0294-2645-7bb0-97b5-385e7bd1ae68 attempt-id="" dag=FisgonTaskRequest run-id=019d0294-2645-7bb0-97b5-385e7bd1ae68 params="[TARGET_CITY=Almeria TARGET_SCRAPER=KuverProducciones 3=DAGU_BASE_URL=]"
time=2026-03-18T20:12:36.824Z level=INFO msg="Step started" name=FisgonTaskRequest run-id=019d0294-2645-7bb0-97b5-385e7bd1ae68 attempt-id="" dag=FisgonTaskRequest run-id=019d0294-2645-7bb0-97b5-385e7bd1ae68 step=tarea_1
time=2026-03-18T20:12:43.456Z level=INFO msg="DAG run finished" name=FisgonTaskRequest run-id=019d0294-2645-7bb0-97b5-385e7bd1ae68 attempt-id="" dag=FisgonTaskRequest run-id=019d0294-2645-7bb0-97b5-385e7bd1ae68 status=succeeded started-at=2026-03-18T20:12:36Z finished-at=2026-03-18T20:12:43Z
time=2026-03-18T20:12:43.495Z level=INFO msg="Executing root dag-run" dag=FisgonTaskRequest run-id=019d0294-4065-771c-973e-d22578fc8738 params=""
time=2026-03-18T20:12:43.507Z level=INFO msg="DAG run started" name=FisgonTaskRequest run-id=019d0294-4065-771c-973e-d22578fc8738 attempt-id="" dag=FisgonTaskRequest run-id=019d0294-4065-771c-973e-d22578fc8738 params="[TARGET_CITY=Almeria TARGET_SCRAPER=SalaBerlin 3=DAGU_BASE_URL=]"
time=2026-03-18T20:12:43.512Z level=INFO msg="Step started" name=FisgonTaskRequest run-id=019d0294-4065-771c-973e-d22578fc8738 attempt-id="" dag=FisgonTaskRequest run-id=019d0294-4065-771c-973e-d22578fc8738 step=tarea_1
time=2026-03-18T20:12:48.152Z level=INFO msg="DAG run finished" name=FisgonTaskRequest run-id=019d0294-4065-771c-973e-d22578fc8738 attempt-id="" dag=FisgonTaskRequest run-id=019d0294-4065-771c-973e-d22578fc8738 status=succeeded started-at=2026-03-18T20:12:43Z finished-at=2026-03-18T20:12:48Z
time=2026-03-18T20:12:48.191Z level=INFO msg="Executing root dag-run" dag=FisgonTaskRequest run-id=019d0294-52bb-7c0c-93cb-1a787a530571 params=""
time=2026-03-18T20:12:48.204Z level=INFO msg="DAG run started" name=FisgonTaskRequest run-id=019d0294-52bb-7c0c-93cb-1a787a530571 attempt-id="" dag=FisgonTaskRequest run-id=019d0294-52bb-7c0c-93cb-1a787a530571 params="[TARGET_CITY=Almeria TARGET_SCRAPER=LaGuajira 3=DAGU_BASE_URL=]"
time=2026-03-18T20:12:48.207Z level=INFO msg="Step started" name=FisgonTaskRequest run-id=019d0294-52bb-7c0c-93cb-1a787a530571 attempt-id="" dag=FisgonTaskRequest run-id=019d0294-52bb-7c0c-93cb-1a787a530571 step=tarea_1
time=2026-03-18T20:13:49.570Z level=INFO msg="DAG run finished" name=FisgonTaskRequest run-id=019d0294-52bb-7c0c-93cb-1a787a530571 attempt-id="" dag=FisgonTaskRequest run-id=019d0294-52bb-7c0c-93cb-1a787a530571 status=succeeded started-at=2026-03-18T20:12:48Z finished-at=2026-03-18T20:13:49Z
time=2026-03-18T20:13:49.612Z level=INFO msg="Executing root dag-run" dag=FisgonTaskRequest run-id=019d0295-42aa-7534-a881-a5fd6fea7ab0 params=""
time=2026-03-18T20:13:49.625Z level=INFO msg="DAG run started" name=FisgonTaskRequest run-id=019d0295-42aa-7534-a881-a5fd6fea7ab0 attempt-id="" dag=FisgonTaskRequest run-id=019d0295-42aa-7534-a881-a5fd6fea7ab0 params="[TARGET_CITY=Almeria TARGET_SCRAPER=ConciertosClub 3=DAGU_BASE_URL=]"
time=2026-03-18T20:13:49.628Z level=INFO msg="Step started" name=FisgonTaskRequest run-id=019d0295-42aa-7534-a881-a5fd6fea7ab0 attempt-id="" dag=FisgonTaskRequest run-id=019d0295-42aa-7534-a881-a5fd6fea7ab0 step=tarea_1
time=2026-03-18T20:13:56.817Z level=INFO msg="DAG run finished" name=FisgonTaskRequest run-id=019d0295-42aa-7534-a881-a5fd6fea7ab0 attempt-id="" dag=FisgonTaskRequest run-id=019d0295-42aa-7534-a881-a5fd6fea7ab0 status=succeeded started-at=2026-03-18T20:13:49Z finished-at=2026-03-18T20:13:56Z
time=2026-03-18T20:13:56.853Z level=INFO msg="Executing root dag-run" dag=FisgonTaskRequest run-id=019d0295-5ef3-7cff-891b-f038c8b894c8 params=""
time=2026-03-18T20:13:56.866Z level=INFO msg="DAG run started" name=FisgonTaskRequest run-id=019d0295-5ef3-7cff-891b-f038c8b894c8 attempt-id="" dag=FisgonTaskRequest run-id=019d0295-5ef3-7cff-891b-f038c8b894c8 params="[TARGET_CITY=Almeria TARGET_SCRAPER=JacksonLive 3=DAGU_BASE_URL=]"
time=2026-03-18T20:13:56.870Z level=INFO msg="Step started" name=FisgonTaskRequest run-id=019d0295-5ef3-7cff-891b-f038c8b894c8 attempt-id="" dag=FisgonTaskRequest run-id=019d0295-5ef3-7cff-891b-f038c8b894c8 step=tarea_1
time=2026-03-18T20:13:59.252Z level=INFO msg="DAG run finished" name=FisgonTaskRequest run-id=019d0295-5ef3-7cff-891b-f038c8b894c8 attempt-id="" dag=FisgonTaskRequest run-id=019d0295-5ef3-7cff-891b-f038c8b894c8 status=succeeded started-at=2026-03-18T20:13:56Z finished-at=2026-03-18T20:13:59Z
time=2026-03-18T20:13:59.296Z level=INFO msg="Executing root dag-run" dag=FisgonTaskRequest run-id=019d0295-687e-75ab-bfe4-0c16d87f3b44 params=""
time=2026-03-18T20:13:59.309Z level=INFO msg="DAG run started" name=FisgonTaskRequest run-id=019d0295-687e-75ab-bfe4-0c16d87f3b44 attempt-id="" dag=FisgonTaskRequest run-id=019d0295-687e-75ab-bfe4-0c16d87f3b44 params="[TARGET_CITY=Almeria TARGET_SCRAPER=BibliotecaAgenda 3=DAGU_BASE_URL=]"
time=2026-03-18T20:13:59.312Z level=INFO msg="Step started" name=FisgonTaskRequest run-id=019d0295-687e-75ab-bfe4-0c16d87f3b44 attempt-id="" dag=FisgonTaskRequest run-id=019d0295-687e-75ab-bfe4-0c16d87f3b44 step=tarea_1
time=2026-03-18T20:15:07.569Z level=INFO msg="DAG run finished" name=FisgonTaskRequest run-id=019d0295-687e-75ab-bfe4-0c16d87f3b44 attempt-id="" dag=FisgonTaskRequest run-id=019d0295-687e-75ab-bfe4-0c16d87f3b44 status=succeeded started-at=2026-03-18T20:13:59Z finished-at=2026-03-18T20:15:07Z
