time=2026-03-18T20:15:07.634Z level=INFO msg="Executing root dag-run" dag=FisgonTaskSelenium run-id=019d0296-7370-7359-9c83-7f15af5e4005 params=""
time=2026-03-18T20:15:07.647Z level=INFO msg="DAG run started" name=FisgonTaskSelenium run-id=019d0296-7370-7359-9c83-7f15af5e4005 attempt-id="" dag=FisgonTaskSelenium run-id=019d0296-7370-7359-9c83-7f15af5e4005 params="[TARGET_CITY=Almeria TARGET_SCRAPER=AlmeriaCiudad 3=DAGU_BASE_URL=]"
time=2026-03-18T20:15:07.650Z level=INFO msg="Step started" name=FisgonTaskSelenium run-id=019d0296-7370-7359-9c83-7f15af5e4005 attempt-id="" dag=FisgonTaskSelenium run-id=019d0296-7370-7359-9c83-7f15af5e4005 step=tarea_1
time=2026-03-18T20:15:45.695Z level=INFO msg="DAG run finished" name=FisgonTaskSelenium run-id=019d0296-7370-7359-9c83-7f15af5e4005 attempt-id="" dag=FisgonTaskSelenium run-id=019d0296-7370-7359-9c83-7f15af5e4005 status=succeeded started-at=2026-03-18T20:15:07Z finished-at=2026-03-18T20:15:45Z
time=2026-03-18T20:15:45.792Z level=INFO msg="Executing root dag-run" dag=FisgonTaskSelenium run-id=019d0297-0874-7d91-8025-c7d3e8f3cfea params=""
time=2026-03-18T20:15:45.808Z level=INFO msg="DAG run started" name=FisgonTaskSelenium run-id=019d0297-0874-7d91-8025-c7d3e8f3cfea attempt-id="" dag=FisgonTaskSelenium run-id=019d0297-0874-7d91-8025-c7d3e8f3cfea params="[TARGET_CITY=Almeria TARGET_SCRAPER=AlmeriaTurismo 3=DAGU_BASE_URL=]"
time=2026-03-18T20:15:45.811Z level=INFO msg="Step started" name=FisgonTaskSelenium run-id=019d0297-0874-7d91-8025-c7d3e8f3cfea attempt-id="" dag=FisgonTaskSelenium run-id=019d0297-0874-7d91-8025-c7d3e8f3cfea step=tarea_1
time=2026-03-18T20:16:24.934Z level=INFO msg="DAG run finished" name=FisgonTaskSelenium run-id=019d0297-0874-7d91-8025-c7d3e8f3cfea attempt-id="" dag=FisgonTaskSelenium run-id=019d0297-0874-7d91-8025-c7d3e8f3cfea status=succeeded started-at=2026-03-18T20:15:45Z finished-at=2026-03-18T20:16:24Z
time=2026-03-18T20:16:25.060Z level=INFO msg="Executing root dag-run" dag=FisgonTaskSelenium run-id=019d0297-a1dd-7d6c-b9b1-f039c6eda9ab params=""
time=2026-03-18T20:16:25.077Z level=INFO msg="DAG run started" name=FisgonTaskSelenium run-id=019d0297-a1dd-7d6c-b9b1-f039c6eda9ab attempt-id="" dag=FisgonTaskSelenium run-id=019d0297-a1dd-7d6c-b9b1-f039c6eda9ab params="[TARGET_CITY=Almeria TARGET_SCRAPER=JuntaAndaluciaAgenda 3=DAGU_BASE_URL=]"
time=2026-03-18T20:16:25.080Z level=INFO msg="Step started" name=FisgonTaskSelenium run-id=019d0297-a1dd-7d6c-b9b1-f039c6eda9ab attempt-id="" dag=FisgonTaskSelenium run-id=019d0297-a1dd-7d6c-b9b1-f039c6eda9ab step=tarea_1
time=2026-03-18T20:18:04.810Z level=INFO msg="DAG run finished" name=FisgonTaskSelenium run-id=019d0297-a1dd-7d6c-b9b1-f039c6eda9ab attempt-id="" dag=FisgonTaskSelenium run-id=019d0297-a1dd-7d6c-b9b1-f039c6eda9ab status=succeeded started-at=2026-03-18T20:16:25Z finished-at=2026-03-18T20:18:04Z
time=2026-03-18T20:18:04.876Z level=INFO msg="Executing root dag-run" dag=FisgonTaskSelenium run-id=019d0299-27ca-731e-a71c-abedfa1dba9e params=""
time=2026-03-18T20:18:04.887Z level=INFO msg="DAG run started" name=FisgonTaskSelenium run-id=019d0299-27ca-731e-a71c-abedfa1dba9e attempt-id="" dag=FisgonTaskSelenium run-id=019d0299-27ca-731e-a71c-abedfa1dba9e params="[TARGET_CITY=Almeria TARGET_SCRAPER=ClassicJazz 3=DAGU_BASE_URL=]"
time=2026-03-18T20:18:04.889Z level=INFO msg="Step started" name=FisgonTaskSelenium run-id=019d0299-27ca-731e-a71c-abedfa1dba9e attempt-id="" dag=FisgonTaskSelenium run-id=019d0299-27ca-731e-a71c-abedfa1dba9e step=tarea_1
time=2026-03-18T20:19:01.372Z level=INFO msg="DAG run finished" name=FisgonTaskSelenium run-id=019d0299-27ca-731e-a71c-abedfa1dba9e attempt-id="" dag=FisgonTaskSelenium run-id=019d0299-27ca-731e-a71c-abedfa1dba9e status=succeeded started-at=2026-03-18T20:18:04Z finished-at=2026-03-18T20:19:01Z
time=2026-03-18T20:19:01.539Z level=INFO msg="Executing root dag-run" dag=FisgonTaskSelenium run-id=019d029a-0510-747c-879a-54bd15ef07b5 params=""
time=2026-03-18T20:19:01.581Z level=INFO msg="DAG run started" name=FisgonTaskSelenium run-id=019d029a-0510-747c-879a-54bd15ef07b5 attempt-id="" dag=FisgonTaskSelenium run-id=019d029a-0510-747c-879a-54bd15ef07b5 params="[TARGET_CITY=Almeria TARGET_SCRAPER=Entradium 3=DAGU_BASE_URL=]"
time=2026-03-18T20:19:01.587Z level=INFO msg="Step started" name=FisgonTaskSelenium run-id=019d029a-0510-747c-879a-54bd15ef07b5 attempt-id="" dag=FisgonTaskSelenium run-id=019d029a-0510-747c-879a-54bd15ef07b5 step=tarea_1
time=2026-03-18T20:19:42.159Z level=INFO msg="DAG run finished" name=FisgonTaskSelenium run-id=019d029a-0510-747c-879a-54bd15ef07b5 attempt-id="" dag=FisgonTaskSelenium run-id=019d029a-0510-747c-879a-54bd15ef07b5 status=succeeded started-at=2026-03-18T20:19:01Z finished-at=2026-03-18T20:19:42Z
time=2026-03-18T20:19:42.199Z level=INFO msg="Executing root dag-run" dag=FisgonTaskSelenium run-id=019d029a-a3f5-7532-985f-ab5955e3d13d params=""
time=2026-03-18T20:19:42.213Z level=INFO msg="DAG run started" name=FisgonTaskSelenium run-id=019d029a-a3f5-7532-985f-ab5955e3d13d attempt-id="" dag=FisgonTaskSelenium run-id=019d029a-a3f5-7532-985f-ab5955e3d13d params="[TARGET_CITY=Almeria TARGET_SCRAPER=TodasLasEntradas 3=DAGU_BASE_URL=]"
time=2026-03-18T20:19:42.216Z level=INFO msg="Step started" name=FisgonTaskSelenium run-id=019d029a-a3f5-7532-985f-ab5955e3d13d attempt-id="" dag=FisgonTaskSelenium run-id=019d029a-a3f5-7532-985f-ab5955e3d13d step=tarea_1
time=2026-03-18T20:19:51.045Z level=INFO msg="DAG run finished" name=FisgonTaskSelenium run-id=019d029a-a3f5-7532-985f-ab5955e3d13d attempt-id="" dag=FisgonTaskSelenium run-id=019d029a-a3f5-7532-985f-ab5955e3d13d status=succeeded started-at=2026-03-18T20:19:42Z finished-at=2026-03-18T20:19:51Z
time=2026-03-18T20:19:51.086Z level=INFO msg="Executing root dag-run" dag=FisgonTaskSelenium run-id=019d029a-c6ac-7199-aa5a-5189e4b08f23 params=""
time=2026-03-18T20:19:51.099Z level=INFO msg="DAG run started" name=FisgonTaskSelenium run-id=019d029a-c6ac-7199-aa5a-5189e4b08f23 attempt-id="" dag=FisgonTaskSelenium run-id=019d029a-c6ac-7199-aa5a-5189e4b08f23 params="[TARGET_CITY=Almeria TARGET_SCRAPER=RedBibliotecas 3=DAGU_BASE_URL=]"
time=2026-03-18T20:19:51.103Z level=INFO msg="Step started" name=FisgonTaskSelenium run-id=019d029a-c6ac-7199-aa5a-5189e4b08f23 attempt-id="" dag=FisgonTaskSelenium run-id=019d029a-c6ac-7199-aa5a-5189e4b08f23 step=tarea_1
time=2026-03-18T20:20:01.253Z level=INFO msg="DAG run finished" name=FisgonTaskSelenium run-id=019d029a-c6ac-7199-aa5a-5189e4b08f23 attempt-id="" dag=FisgonTaskSelenium run-id=019d029a-c6ac-7199-aa5a-5189e4b08f23 status=succeeded started-at=2026-03-18T20:19:51Z finished-at=2026-03-18T20:20:01Z
time=2026-03-18T20:20:01.334Z level=INFO msg="Executing root dag-run" dag=FisgonTaskSelenium run-id=019d029a-eeb4-747b-aa13-6dd7bce1d155 params=""
time=2026-03-18T20:20:01.359Z level=INFO msg="DAG run started" name=FisgonTaskSelenium run-id=019d029a-eeb4-747b-aa13-6dd7bce1d155 attempt-id="" dag=FisgonTaskSelenium run-id=019d029a-eeb4-747b-aa13-6dd7bce1d155 params="[TARGET_CITY=Almeria TARGET_SCRAPER=SalaEmma 3=DAGU_BASE_URL=]"
time=2026-03-18T20:20:01.364Z level=INFO msg="Step started" name=FisgonTaskSelenium run-id=019d029a-eeb4-747b-aa13-6dd7bce1d155 attempt-id="" dag=FisgonTaskSelenium run-id=019d029a-eeb4-747b-aa13-6dd7bce1d155 step=tarea_1
time=2026-03-18T20:20:22.836Z level=INFO msg="DAG run finished" name=FisgonTaskSelenium run-id=019d029a-eeb4-747b-aa13-6dd7bce1d155 attempt-id="" dag=FisgonTaskSelenium run-id=019d029a-eeb4-747b-aa13-6dd7bce1d155 status=succeeded started-at=2026-03-18T20:20:01Z finished-at=2026-03-18T20:20:22Z
