
RUNNING VARS → 
        CITY=Almeria, 

        OPERATION=0,
            CREATE_SESSION=0,
            CLOSE_SESSION=0,
            SESSION=None,
            IMAGES=0,
            GET_SCRAPERS=

        SCRAPER=RedBibliotecas
        DAG_RUN_URL=/dags/FisgonTaskSelenium/log?remoteNode=local&step=tarea_1&dagRunId=019c9108-52af-7e7a-96a7-7adae13c168f

Running for Almeria: RedBibliotecas
RedBibliotecas
RUNNING SESSION =  2026_02_24_18_31_Martes
START
Starting WebDriver...
http://localhost:4444/wd/hub
page=1
Getting content
['https://www.bibliotecaspublicas.es/almeria/actividades/Agenda/ta-172-tejiendo.html', 'https://www.bibliotecaspublicas.es/almeria/actividades/Agenda/ti-140-volumen.html', 'https://www.bibliotecaspublicas.es/almeria/actividades/Agenda/cci-141-dragona.html', 'https://www.bibliotecaspublicas.es/almeria/actividades/Agenda/ti-143-volumen.html', 'https://www.bibliotecaspublicas.es/almeria/actividades/Agenda/cl-cabo.html', 'https://www.bibliotecaspublicas.es/almeria/actividades/Agenda/tf-172-familiar.html', 'https://www.bibliotecaspublicas.es/almeria/actividades/Agenda/pl-172-1.html', 'https://www.bibliotecaspublicas.es/almeria/actividades/Agenda/bbc-bc-triangulo.html', 'https://www.bibliotecaspublicas.es/almeria/actividades/Agenda/ti-141-inicial.html', 'https://www.bibliotecaspublicas.es/almeria/actividades/Agenda/cl-172.html', 'https://www.bibliotecaspublicas.es/almeria/actividades/Agenda/pl-172-valeria.html', 'https://www.bibliotecaspublicas.es/almeria/actividades/Agenda/cl-alquian.html', 'https://www.bibliotecaspublicas.es/almeria/actividades/Agenda/ti-140-garabatos.html']
page=2
Getting content
['https://www.bibliotecaspublicas.es/almeria/actividades/Agenda/ta-172-tejiendo.html', 'https://www.bibliotecaspublicas.es/almeria/actividades/Agenda/ti-140-volumen.html', 'https://www.bibliotecaspublicas.es/almeria/actividades/Agenda/cci-141-dragona.html', 'https://www.bibliotecaspublicas.es/almeria/actividades/Agenda/ti-143-volumen.html', 'https://www.bibliotecaspublicas.es/almeria/actividades/Agenda/cl-cabo.html', 'https://www.bibliotecaspublicas.es/almeria/actividades/Agenda/tf-172-familiar.html', 'https://www.bibliotecaspublicas.es/almeria/actividades/Agenda/pl-172-1.html', 'https://www.bibliotecaspublicas.es/almeria/actividades/Agenda/bbc-bc-triangulo.html', 'https://www.bibliotecaspublicas.es/almeria/actividades/Agenda/ti-141-inicial.html', 'https://www.bibliotecaspublicas.es/almeria/actividades/Agenda/cl-172.html', 'https://www.bibliotecaspublicas.es/almeria/actividades/Agenda/pl-172-valeria.html', 'https://www.bibliotecaspublicas.es/almeria/actividades/Agenda/cl-alquian.html', 'https://www.bibliotecaspublicas.es/almeria/actividades/Agenda/ti-140-garabatos.html', 'https://www.bibliotecaspublicas.es/almeria/actividades/Agenda/ta-172-tejiendo.html', 'https://www.bibliotecaspublicas.es/almeria/actividades/Agenda/ti-140-volumen.html', 'https://www.bibliotecaspublicas.es/almeria/actividades/Agenda/cci-141-dragona.html', 'https://www.bibliotecaspublicas.es/almeria/actividades/Agenda/ti-143-volumen.html', 'https://www.bibliotecaspublicas.es/almeria/actividades/Agenda/cl-cabo.html', 'https://www.bibliotecaspublicas.es/almeria/actividades/Agenda/tf-172-familiar.html', 'https://www.bibliotecaspublicas.es/almeria/actividades/Agenda/pl-172-1.html', 'https://www.bibliotecaspublicas.es/almeria/actividades/Agenda/bbc-bc-triangulo.html', 'https://www.bibliotecaspublicas.es/almeria/actividades/Agenda/ti-141-inicial.html', 'https://www.bibliotecaspublicas.es/almeria/actividades/Agenda/cl-172.html', 'https://www.bibliotecaspublicas.es/almeria/actividades/Agenda/pl-172-valeria.html', 'https://www.bibliotecaspublicas.es/almeria/actividades/Agenda/cl-alquian.html', 'https://www.bibliotecaspublicas.es/almeria/actividades/Agenda/ti-140-garabatos.html']
page=3
Getting content
['https://www.bibliotecaspublicas.es/almeria/actividades/Agenda/ta-172-tejiendo.html', 'https://www.bibliotecaspublicas.es/almeria/actividades/Agenda/ti-140-volumen.html', 'https://www.bibliotecaspublicas.es/almeria/actividades/Agenda/cci-141-dragona.html', 'https://www.bibliotecaspublicas.es/almeria/actividades/Agenda/ti-143-volumen.html', 'https://www.bibliotecaspublicas.es/almeria/actividades/Agenda/cl-cabo.html', 'https://www.bibliotecaspublicas.es/almeria/actividades/Agenda/tf-172-familiar.html', 'https://www.bibliotecaspublicas.es/almeria/actividades/Agenda/pl-172-1.html', 'https://www.bibliotecaspublicas.es/almeria/actividades/Agenda/bbc-bc-triangulo.html', 'https://www.bibliotecaspublicas.es/almeria/actividades/Agenda/ti-141-inicial.html', 'https://www.bibliotecaspublicas.es/almeria/actividades/Agenda/cl-172.html', 'https://www.bibliotecaspublicas.es/almeria/actividades/Agenda/pl-172-valeria.html', 'https://www.bibliotecaspublicas.es/almeria/actividades/Agenda/cl-alquian.html', 'https://www.bibliotecaspublicas.es/almeria/actividades/Agenda/ti-140-garabatos.html', 'https://www.bibliotecaspublicas.es/almeria/actividades/Agenda/ta-172-tejiendo.html', 'https://www.bibliotecaspublicas.es/almeria/actividades/Agenda/ti-140-volumen.html', 'https://www.bibliotecaspublicas.es/almeria/actividades/Agenda/cci-141-dragona.html', 'https://www.bibliotecaspublicas.es/almeria/actividades/Agenda/ti-143-volumen.html', 'https://www.bibliotecaspublicas.es/almeria/actividades/Agenda/cl-cabo.html', 'https://www.bibliotecaspublicas.es/almeria/actividades/Agenda/tf-172-familiar.html', 'https://www.bibliotecaspublicas.es/almeria/actividades/Agenda/pl-172-1.html', 'https://www.bibliotecaspublicas.es/almeria/actividades/Agenda/bbc-bc-triangulo.html', 'https://www.bibliotecaspublicas.es/almeria/actividades/Agenda/ti-141-inicial.html', 'https://www.bibliotecaspublicas.es/almeria/actividades/Agenda/cl-172.html', 'https://www.bibliotecaspublicas.es/almeria/actividades/Agenda/pl-172-valeria.html', 'https://www.bibliotecaspublicas.es/almeria/actividades/Agenda/cl-alquian.html', 'https://www.bibliotecaspublicas.es/almeria/actividades/Agenda/ti-140-garabatos.html', 'https://www.bibliotecaspublicas.es/almeria/actividades/Agenda/ta-172-tejiendo.html', 'https://www.bibliotecaspublicas.es/almeria/actividades/Agenda/ti-140-volumen.html', 'https://www.bibliotecaspublicas.es/almeria/actividades/Agenda/cci-141-dragona.html', 'https://www.bibliotecaspublicas.es/almeria/actividades/Agenda/ti-143-volumen.html', 'https://www.bibliotecaspublicas.es/almeria/actividades/Agenda/cl-cabo.html', 'https://www.bibliotecaspublicas.es/almeria/actividades/Agenda/tf-172-familiar.html', 'https://www.bibliotecaspublicas.es/almeria/actividades/Agenda/pl-172-1.html', 'https://www.bibliotecaspublicas.es/almeria/actividades/Agenda/bbc-bc-triangulo.html', 'https://www.bibliotecaspublicas.es/almeria/actividades/Agenda/ti-141-inicial.html', 'https://www.bibliotecaspublicas.es/almeria/actividades/Agenda/cl-172.html', 'https://www.bibliotecaspublicas.es/almeria/actividades/Agenda/pl-172-valeria.html', 'https://www.bibliotecaspublicas.es/almeria/actividades/Agenda/cl-alquian.html', 'https://www.bibliotecaspublicas.es/almeria/actividades/Agenda/ti-140-garabatos.html']
*** SCRAPED 39 URLS WITH EVENTS **
New url events = 13
0 / 13
Getting content
--------------------
{'id': '65301ca0', 'show': 1, 'in_city': 1, 'one_day': 1, 'wrong_date_time': 0, 'event': 'Club De Lectura "La Central"', 'slug': 'club-de-lectura-la-central', 'category': '__NOT_DEFINIED__', 'id_venue': '3mrLgtRB', 'venue': 'Biblioteca Central José María Artero', 'std_venue': 'Biblioteca Central José María Artero', 'start_date': '2026-03-04', 'start_time': '11:00:00', 'end_date': '__NOT_DEFINIED__', 'end_time': '12:30:00', 'description': 'Este mes de enero el club de lectura abordará la lectura de "Ese lugar llamado casa" de Marta Orriols. Si quieres participar y aún no estás inscrito, hazlo ahora. Si tienes más dudas sobre el club puedes escribirnos a bibliotecasmunicipales@aytoalmeria.es con el asunto: "Club de Lectura"', 'others': '__NOT_DEFINIED__', 'source': 'RedBibliotecas', 'exec_time': '20260224T190253', 'session': '2026_02_24_18_31_Martes', 'image': 'https://www.bibliotecaspublicas.es/.imaging/mte/site-bibliotecas-theme/240/dam/almeria/ACTIVIDADES/CLUBES/LOGO-CL-CENTRAL.png/jcr%3Acontent/LOGO%2520CL%2520CENTRAL.png', 'url': 'https://www.bibliotecaspublicas.es/almeria/actividades/Agenda/cl-172.html'}
1 / 13
Getting content
