Succeeded - 2026-03-25T22:10:06Z

dag: FisgonSession (1.0s)
│
└─session (1.0s) [succeeded]
  ├─bash -lc 'docker run --rm --network host -v
  │   /home/ubuntu/work/fisgon:/app -v
  │   /home/ubuntu/data_storage:/home/ubuntu/data_storage -w /app -e
  │   OPERATION=1 -e DOCKER_CONFIG=/tmp/.docker -e HOME=/tmp -e TARGET_CITY -e
  │   CREATE_SESSION -e CLOSE_SESSION -e
  │   DAG_RUN_URL="${DAGU_BASE_URL}/dags/${DAG_NAME}?dagRunId=${DAG_RUN_ID}"
  │   -e
  │   DAG_RUN_LOG_URL="${DAGU_BASE_URL}/dags/${DAG_NAME}/log?remoteNode=local&
  │   step=session&dagRunId=${DAG_RUN_ID}" fisgon_scraper:1.0; rc=$?; exit
  │   $rc'
  │
  └─stdout:
      RUNNING VARS →
      CITY=Almeria,
      OPERATION=1,
      CREATE_SESSION=0,
      CLOSE_SESSION=1,
      SESSION=None,
      IMAGES=0,
      GET_SCRAPERS=
      SCRAPER=
      DAG_RUN_URL=/dags/FisgonSession/log?remoteNode=local&step=session&dagRunId
      =019d270c-3c90-7937-a318-ac9a189f272d
      Executing final task with session: 2026_03_25_22_02_Miercoles
      Reading
      /home/ubuntu/data_storage/Almeria/2026_03_25_22_02_Miercoles/0_raw/2026032
      5_2203_LaGuajira.json...
      Reading
      /home/ubuntu/data_storage/Almeria/2026_03_25_22_02_Miercoles/0_raw/2026032
      5_2206_JuntaAndaluciaAgenda.json...
      Reading
      /home/ubuntu/data_storage/Almeria/2026_03_25_22_02_Miercoles/0_raw/2026032
      5_2209_SalaEmma.json...
      Reading
      /home/ubuntu/data_storage/Almeria/2026_03_25_22_02_Miercoles/0_raw/2026032
      5_2204_AlmeriaCiudad.json...
      Reading
      /home/ubuntu/data_storage/Almeria/2026_03_25_22_02_Miercoles/0_raw/2026032
      5_2209_RedBibliotecas.json...
      Saving 22 new events
      Saving in
      /home/ubuntu/data_storage/Almeria/2026_03_25_22_02_Miercoles/0_raw/Merged.
      json

Result: Succeeded

