time=2026-03-25T22:02:53.539Z level=INFO msg="Executing root dag-run" dag=FisgonTaskRequest run-id=019d2705-a0e0-78ab-b020-3b35488ec58d params=""
time=2026-03-25T22:02:53.553Z level=INFO msg="DAG run started" name=FisgonTaskRequest run-id=019d2705-a0e0-78ab-b020-3b35488ec58d attempt-id="" dag=FisgonTaskRequest run-id=019d2705-a0e0-78ab-b020-3b35488ec58d params="[TARGET_CITY=Almeria TARGET_SCRAPER=KuverProducciones 3=DAGU_BASE_URL=]"
time=2026-03-25T22:02:53.557Z level=INFO msg="Step started" name=FisgonTaskRequest run-id=019d2705-a0e0-78ab-b020-3b35488ec58d attempt-id="" dag=FisgonTaskRequest run-id=019d2705-a0e0-78ab-b020-3b35488ec58d step=tarea_1
time=2026-03-25T22:03:00.183Z level=INFO msg="DAG run finished" name=FisgonTaskRequest run-id=019d2705-a0e0-78ab-b020-3b35488ec58d attempt-id="" dag=FisgonTaskRequest run-id=019d2705-a0e0-78ab-b020-3b35488ec58d status=succeeded started-at=2026-03-25T22:02:53Z finished-at=2026-03-25T22:03:00Z
time=2026-03-25T22:03:00.243Z level=INFO msg="Executing root dag-run" dag=FisgonTaskRequest run-id=019d2705-bb0d-7dd9-b0aa-c07c2dd0a4a6 params=""
time=2026-03-25T22:03:00.257Z level=INFO msg="DAG run started" name=FisgonTaskRequest run-id=019d2705-bb0d-7dd9-b0aa-c07c2dd0a4a6 attempt-id="" dag=FisgonTaskRequest run-id=019d2705-bb0d-7dd9-b0aa-c07c2dd0a4a6 params="[TARGET_CITY=Almeria TARGET_SCRAPER=SalaBerlin 3=DAGU_BASE_URL=]"
time=2026-03-25T22:03:00.260Z level=INFO msg="Step started" name=FisgonTaskRequest run-id=019d2705-bb0d-7dd9-b0aa-c07c2dd0a4a6 attempt-id="" dag=FisgonTaskRequest run-id=019d2705-bb0d-7dd9-b0aa-c07c2dd0a4a6 step=tarea_1
time=2026-03-25T22:03:05.396Z level=INFO msg="DAG run finished" name=FisgonTaskRequest run-id=019d2705-bb0d-7dd9-b0aa-c07c2dd0a4a6 attempt-id="" dag=FisgonTaskRequest run-id=019d2705-bb0d-7dd9-b0aa-c07c2dd0a4a6 status=succeeded started-at=2026-03-25T22:03:00Z finished-at=2026-03-25T22:03:05Z
time=2026-03-25T22:03:05.435Z level=INFO msg="Executing root dag-run" dag=FisgonTaskRequest run-id=019d2705-cf59-759a-b518-9282cb962775 params=""
time=2026-03-25T22:03:05.448Z level=INFO msg="DAG run started" name=FisgonTaskRequest run-id=019d2705-cf59-759a-b518-9282cb962775 attempt-id="" dag=FisgonTaskRequest run-id=019d2705-cf59-759a-b518-9282cb962775 params="[TARGET_CITY=Almeria TARGET_SCRAPER=LaGuajira 3=DAGU_BASE_URL=]"
time=2026-03-25T22:03:05.452Z level=INFO msg="Step started" name=FisgonTaskRequest run-id=019d2705-cf59-759a-b518-9282cb962775 attempt-id="" dag=FisgonTaskRequest run-id=019d2705-cf59-759a-b518-9282cb962775 step=tarea_1
time=2026-03-25T22:04:02.774Z level=INFO msg="DAG run finished" name=FisgonTaskRequest run-id=019d2705-cf59-759a-b518-9282cb962775 attempt-id="" dag=FisgonTaskRequest run-id=019d2705-cf59-759a-b518-9282cb962775 status=succeeded started-at=2026-03-25T22:03:05Z finished-at=2026-03-25T22:04:02Z
time=2026-03-25T22:04:02.817Z level=INFO msg="Executing root dag-run" dag=FisgonTaskRequest run-id=019d2706-af7f-7ad4-a7fd-776446749e60 params=""
time=2026-03-25T22:04:02.832Z level=INFO msg="DAG run started" name=FisgonTaskRequest run-id=019d2706-af7f-7ad4-a7fd-776446749e60 attempt-id="" dag=FisgonTaskRequest run-id=019d2706-af7f-7ad4-a7fd-776446749e60 params="[TARGET_CITY=Almeria TARGET_SCRAPER=ConciertosClub 3=DAGU_BASE_URL=]"
time=2026-03-25T22:04:02.836Z level=INFO msg="Step started" name=FisgonTaskRequest run-id=019d2706-af7f-7ad4-a7fd-776446749e60 attempt-id="" dag=FisgonTaskRequest run-id=019d2706-af7f-7ad4-a7fd-776446749e60 step=tarea_1
time=2026-03-25T22:04:05.570Z level=INFO msg="DAG run finished" name=FisgonTaskRequest run-id=019d2706-af7f-7ad4-a7fd-776446749e60 attempt-id="" dag=FisgonTaskRequest run-id=019d2706-af7f-7ad4-a7fd-776446749e60 status=succeeded started-at=2026-03-25T22:04:02Z finished-at=2026-03-25T22:04:05Z
time=2026-03-25T22:04:05.606Z level=INFO msg="Executing root dag-run" dag=FisgonTaskRequest run-id=019d2706-ba63-79e4-9d85-9703db8cc191 params=""
time=2026-03-25T22:04:05.619Z level=INFO msg="DAG run started" name=FisgonTaskRequest run-id=019d2706-ba63-79e4-9d85-9703db8cc191 attempt-id="" dag=FisgonTaskRequest run-id=019d2706-ba63-79e4-9d85-9703db8cc191 params="[TARGET_CITY=Almeria TARGET_SCRAPER=JacksonLive 3=DAGU_BASE_URL=]"
time=2026-03-25T22:04:05.622Z level=INFO msg="Step started" name=FisgonTaskRequest run-id=019d2706-ba63-79e4-9d85-9703db8cc191 attempt-id="" dag=FisgonTaskRequest run-id=019d2706-ba63-79e4-9d85-9703db8cc191 step=tarea_1
time=2026-03-25T22:04:08.037Z level=INFO msg="DAG run finished" name=FisgonTaskRequest run-id=019d2706-ba63-79e4-9d85-9703db8cc191 attempt-id="" dag=FisgonTaskRequest run-id=019d2706-ba63-79e4-9d85-9703db8cc191 status=succeeded started-at=2026-03-25T22:04:05Z finished-at=2026-03-25T22:04:08Z
time=2026-03-25T22:04:08.078Z level=INFO msg="Executing root dag-run" dag=FisgonTaskRequest run-id=019d2706-c40b-7f36-866c-13610e967024 params=""
time=2026-03-25T22:04:08.091Z level=INFO msg="DAG run started" name=FisgonTaskRequest run-id=019d2706-c40b-7f36-866c-13610e967024 attempt-id="" dag=FisgonTaskRequest run-id=019d2706-c40b-7f36-866c-13610e967024 params="[TARGET_CITY=Almeria TARGET_SCRAPER=BibliotecaAgenda 3=DAGU_BASE_URL=]"
time=2026-03-25T22:04:08.094Z level=INFO msg="Step started" name=FisgonTaskRequest run-id=019d2706-c40b-7f36-866c-13610e967024 attempt-id="" dag=FisgonTaskRequest run-id=019d2706-c40b-7f36-866c-13610e967024 step=tarea_1
time=2026-03-25T22:04:38.021Z level=INFO msg="DAG run finished" name=FisgonTaskRequest run-id=019d2706-c40b-7f36-866c-13610e967024 attempt-id="" dag=FisgonTaskRequest run-id=019d2706-c40b-7f36-866c-13610e967024 status=succeeded started-at=2026-03-25T22:04:08Z finished-at=2026-03-25T22:04:38Z
