time=2026-03-25T22:04:38.081Z level=INFO msg="Executing root dag-run" dag=FisgonTaskSelenium run-id=019d2707-393e-7d13-869a-5474f557308e params=""
time=2026-03-25T22:04:38.094Z level=INFO msg="DAG run started" name=FisgonTaskSelenium run-id=019d2707-393e-7d13-869a-5474f557308e attempt-id="" dag=FisgonTaskSelenium run-id=019d2707-393e-7d13-869a-5474f557308e params="[TARGET_CITY=Almeria TARGET_SCRAPER=AlmeriaCiudad 3=DAGU_BASE_URL=]"
time=2026-03-25T22:04:38.098Z level=INFO msg="Step started" name=FisgonTaskSelenium run-id=019d2707-393e-7d13-869a-5474f557308e attempt-id="" dag=FisgonTaskSelenium run-id=019d2707-393e-7d13-869a-5474f557308e step=tarea_1
time=2026-03-25T22:05:20.726Z level=INFO msg="DAG run finished" name=FisgonTaskSelenium run-id=019d2707-393e-7d13-869a-5474f557308e attempt-id="" dag=FisgonTaskSelenium run-id=019d2707-393e-7d13-869a-5474f557308e status=succeeded started-at=2026-03-25T22:04:38Z finished-at=2026-03-25T22:05:20Z
time=2026-03-25T22:05:20.807Z level=INFO msg="Executing root dag-run" dag=FisgonTaskSelenium run-id=019d2707-e021-7c1d-8b3a-be5a85b7d9a1 params=""
time=2026-03-25T22:05:20.824Z level=INFO msg="DAG run started" name=FisgonTaskSelenium run-id=019d2707-e021-7c1d-8b3a-be5a85b7d9a1 attempt-id="" dag=FisgonTaskSelenium run-id=019d2707-e021-7c1d-8b3a-be5a85b7d9a1 params="[TARGET_CITY=Almeria TARGET_SCRAPER=AlmeriaTurismo 3=DAGU_BASE_URL=]"
time=2026-03-25T22:05:20.828Z level=INFO msg="Step started" name=FisgonTaskSelenium run-id=019d2707-e021-7c1d-8b3a-be5a85b7d9a1 attempt-id="" dag=FisgonTaskSelenium run-id=019d2707-e021-7c1d-8b3a-be5a85b7d9a1 step=tarea_1
time=2026-03-25T22:05:59.934Z level=INFO msg="DAG run finished" name=FisgonTaskSelenium run-id=019d2707-e021-7c1d-8b3a-be5a85b7d9a1 attempt-id="" dag=FisgonTaskSelenium run-id=019d2707-e021-7c1d-8b3a-be5a85b7d9a1 status=succeeded started-at=2026-03-25T22:05:20Z finished-at=2026-03-25T22:05:59Z
time=2026-03-25T22:05:59.986Z level=INFO msg="Executing root dag-run" dag=FisgonTaskSelenium run-id=019d2708-7930-7728-a8d1-a44f06ea9b84 params=""
time=2026-03-25T22:06:00.030Z level=INFO msg="DAG run started" name=FisgonTaskSelenium run-id=019d2708-7930-7728-a8d1-a44f06ea9b84 attempt-id="" dag=FisgonTaskSelenium run-id=019d2708-7930-7728-a8d1-a44f06ea9b84 params="[TARGET_CITY=Almeria TARGET_SCRAPER=JuntaAndaluciaAgenda 3=DAGU_BASE_URL=]"
time=2026-03-25T22:06:00.045Z level=INFO msg="Step started" name=FisgonTaskSelenium run-id=019d2708-7930-7728-a8d1-a44f06ea9b84 attempt-id="" dag=FisgonTaskSelenium run-id=019d2708-7930-7728-a8d1-a44f06ea9b84 step=tarea_1
time=2026-03-25T22:08:03.646Z level=INFO msg="DAG run finished" name=FisgonTaskSelenium run-id=019d2708-7930-7728-a8d1-a44f06ea9b84 attempt-id="" dag=FisgonTaskSelenium run-id=019d2708-7930-7728-a8d1-a44f06ea9b84 status=succeeded started-at=2026-03-25T22:05:59Z finished-at=2026-03-25T22:08:03Z
time=2026-03-25T22:08:03.692Z level=INFO msg="Executing root dag-run" dag=FisgonTaskSelenium run-id=019d270a-5c69-7e9d-af84-498f570dac36 params=""
time=2026-03-25T22:08:03.707Z level=INFO msg="DAG run started" name=FisgonTaskSelenium run-id=019d270a-5c69-7e9d-af84-498f570dac36 attempt-id="" dag=FisgonTaskSelenium run-id=019d270a-5c69-7e9d-af84-498f570dac36 params="[TARGET_CITY=Almeria TARGET_SCRAPER=ClassicJazz 3=DAGU_BASE_URL=]"
time=2026-03-25T22:08:03.713Z level=INFO msg="Step started" name=FisgonTaskSelenium run-id=019d270a-5c69-7e9d-af84-498f570dac36 attempt-id="" dag=FisgonTaskSelenium run-id=019d270a-5c69-7e9d-af84-498f570dac36 step=tarea_1
time=2026-03-25T22:08:51.035Z level=INFO msg="DAG run finished" name=FisgonTaskSelenium run-id=019d270a-5c69-7e9d-af84-498f570dac36 attempt-id="" dag=FisgonTaskSelenium run-id=019d270a-5c69-7e9d-af84-498f570dac36 status=succeeded started-at=2026-03-25T22:08:03Z finished-at=2026-03-25T22:08:51Z
time=2026-03-25T22:08:51.082Z level=INFO msg="Executing root dag-run" dag=FisgonTaskSelenium run-id=019d270b-1587-7849-89c9-e31333d4ea06 params=""
time=2026-03-25T22:08:51.096Z level=INFO msg="DAG run started" name=FisgonTaskSelenium run-id=019d270b-1587-7849-89c9-e31333d4ea06 attempt-id="" dag=FisgonTaskSelenium run-id=019d270b-1587-7849-89c9-e31333d4ea06 params="[TARGET_CITY=Almeria TARGET_SCRAPER=Entradium 3=DAGU_BASE_URL=]"
time=2026-03-25T22:08:51.101Z level=INFO msg="Step started" name=FisgonTaskSelenium run-id=019d270b-1587-7849-89c9-e31333d4ea06 attempt-id="" dag=FisgonTaskSelenium run-id=019d270b-1587-7849-89c9-e31333d4ea06 step=tarea_1
time=2026-03-25T22:09:27.093Z level=INFO msg="DAG run finished" name=FisgonTaskSelenium run-id=019d270b-1587-7849-89c9-e31333d4ea06 attempt-id="" dag=FisgonTaskSelenium run-id=019d270b-1587-7849-89c9-e31333d4ea06 status=succeeded started-at=2026-03-25T22:08:51Z finished-at=2026-03-25T22:09:27Z
time=2026-03-25T22:09:27.138Z level=INFO msg="Executing root dag-run" dag=FisgonTaskSelenium run-id=019d270b-a25e-7970-a6f1-67024e07221c params=""
time=2026-03-25T22:09:27.151Z level=INFO msg="DAG run started" name=FisgonTaskSelenium run-id=019d270b-a25e-7970-a6f1-67024e07221c attempt-id="" dag=FisgonTaskSelenium run-id=019d270b-a25e-7970-a6f1-67024e07221c params="[TARGET_CITY=Almeria TARGET_SCRAPER=TodasLasEntradas 3=DAGU_BASE_URL=]"
time=2026-03-25T22:09:27.155Z level=INFO msg="Step started" name=FisgonTaskSelenium run-id=019d270b-a25e-7970-a6f1-67024e07221c attempt-id="" dag=FisgonTaskSelenium run-id=019d270b-a25e-7970-a6f1-67024e07221c step=tarea_1
time=2026-03-25T22:09:36.777Z level=INFO msg="DAG run finished" name=FisgonTaskSelenium run-id=019d270b-a25e-7970-a6f1-67024e07221c attempt-id="" dag=FisgonTaskSelenium run-id=019d270b-a25e-7970-a6f1-67024e07221c status=succeeded started-at=2026-03-25T22:09:27Z finished-at=2026-03-25T22:09:36Z
time=2026-03-25T22:09:36.817Z level=INFO msg="Executing root dag-run" dag=FisgonTaskSelenium run-id=019d270b-c82f-75b2-a422-379abbcd0d8b params=""
time=2026-03-25T22:09:36.832Z level=INFO msg="DAG run started" name=FisgonTaskSelenium run-id=019d270b-c82f-75b2-a422-379abbcd0d8b attempt-id="" dag=FisgonTaskSelenium run-id=019d270b-c82f-75b2-a422-379abbcd0d8b params="[TARGET_CITY=Almeria TARGET_SCRAPER=RedBibliotecas 3=DAGU_BASE_URL=]"
time=2026-03-25T22:09:36.835Z level=INFO msg="Step started" name=FisgonTaskSelenium run-id=019d270b-c82f-75b2-a422-379abbcd0d8b attempt-id="" dag=FisgonTaskSelenium run-id=019d270b-c82f-75b2-a422-379abbcd0d8b step=tarea_1
time=2026-03-25T22:09:46.727Z level=INFO msg="DAG run finished" name=FisgonTaskSelenium run-id=019d270b-c82f-75b2-a422-379abbcd0d8b attempt-id="" dag=FisgonTaskSelenium run-id=019d270b-c82f-75b2-a422-379abbcd0d8b status=succeeded started-at=2026-03-25T22:09:36Z finished-at=2026-03-25T22:09:46Z
time=2026-03-25T22:09:46.779Z level=INFO msg="Executing root dag-run" dag=FisgonTaskSelenium run-id=019d270b-ef17-792b-8785-790b7c6c36fb params=""
time=2026-03-25T22:09:46.797Z level=INFO msg="DAG run started" name=FisgonTaskSelenium run-id=019d270b-ef17-792b-8785-790b7c6c36fb attempt-id="" dag=FisgonTaskSelenium run-id=019d270b-ef17-792b-8785-790b7c6c36fb params="[TARGET_CITY=Almeria TARGET_SCRAPER=SalaEmma 3=DAGU_BASE_URL=]"
time=2026-03-25T22:09:46.801Z level=INFO msg="Step started" name=FisgonTaskSelenium run-id=019d270b-ef17-792b-8785-790b7c6c36fb attempt-id="" dag=FisgonTaskSelenium run-id=019d270b-ef17-792b-8785-790b7c6c36fb step=tarea_1
time=2026-03-25T22:10:06.528Z level=INFO msg="DAG run finished" name=FisgonTaskSelenium run-id=019d270b-ef17-792b-8785-790b7c6c36fb attempt-id="" dag=FisgonTaskSelenium run-id=019d270b-ef17-792b-8785-790b7c6c36fb status=succeeded started-at=2026-03-25T22:09:46Z finished-at=2026-03-25T22:10:06Z
